[2026-07-22 19:19:39,731] {taskinstance.py:1037} INFO - Dependencies all met for <TaskInstance: refresh_metadata.fetch_leagues scheduled__2026-07-12T00:00:00+00:00 [queued]>
[2026-07-22 19:19:39,757] {taskinstance.py:1037} INFO - Dependencies all met for <TaskInstance: refresh_metadata.fetch_leagues scheduled__2026-07-12T00:00:00+00:00 [queued]>
[2026-07-22 19:19:39,759] {taskinstance.py:1243} INFO - 
--------------------------------------------------------------------------------
[2026-07-22 19:19:39,761] {taskinstance.py:1244} INFO - Starting attempt 1 of 6
[2026-07-22 19:19:39,763] {taskinstance.py:1245} INFO - 
--------------------------------------------------------------------------------
[2026-07-22 19:19:39,787] {taskinstance.py:1264} INFO - Executing <Task(PythonOperator): fetch_leagues> on 2026-07-12 00:00:00+00:00
[2026-07-22 19:19:39,807] {standard_task_runner.py:52} INFO - Started process 414 to run task
[2026-07-22 19:19:39,815] {standard_task_runner.py:76} INFO - Running: ['***', 'tasks', 'run', 'refresh_metadata', 'fetch_leagues', 'scheduled__2026-07-12T00:00:00+00:00', '--job-id', '18', '--raw', '--subdir', 'DAGS_FOLDER/dag_refresh_metadata.py', '--cfg-path', '/tmp/tmprect7z03', '--error-file', '/tmp/tmpkdhlhqbw']
[2026-07-22 19:19:39,817] {standard_task_runner.py:77} INFO - Job 18: Subtask fetch_leagues
[2026-07-22 19:19:39,973] {logging_mixin.py:109} INFO - Running <TaskInstance: refresh_metadata.fetch_leagues scheduled__2026-07-12T00:00:00+00:00 [running]> on host 7d22ada1f6f7
[2026-07-22 19:19:40,089] {taskinstance.py:1431} INFO - Exporting the following env vars:
AIRFLOW_CTX_DAG_OWNER=***
AIRFLOW_CTX_DAG_ID=refresh_metadata
AIRFLOW_CTX_TASK_ID=fetch_leagues
AIRFLOW_CTX_EXECUTION_DATE=2026-07-12T00:00:00+00:00
AIRFLOW_CTX_DAG_RUN_ID=scheduled__2026-07-12T00:00:00+00:00
[2026-07-22 19:19:59,445] {python.py:175} INFO - Done. Returned value was: None
[2026-07-22 19:19:59,480] {taskinstance.py:1282} INFO - Marking task as SUCCESS. dag_id=refresh_metadata, task_id=fetch_leagues, execution_date=20260712T000000, start_date=20260722T191939, end_date=20260722T191959
[2026-07-22 19:19:59,581] {local_task_job.py:154} INFO - Task exited with return code 0
[2026-07-22 19:19:59,656] {local_task_job.py:264} INFO - 1 downstream tasks scheduled from follow-on schedule check
