[2026-08-04T07:56:19.443+0000] {local_task_job_runner.py:120} INFO - ::group::Pre task execution logs
[2026-08-04T07:56:19.734+0000] {taskinstance.py:2076} INFO - Dependencies all met for dep_context=non-requeueable deps ti=<TaskInstance: refresh_matadata.produce_scoreboards manual__2026-08-03T20:46:24.469922+00:00 [queued]>
[2026-08-04T07:56:19.840+0000] {taskinstance.py:2076} INFO - Dependencies all met for dep_context=requeueable deps ti=<TaskInstance: refresh_matadata.produce_scoreboards manual__2026-08-03T20:46:24.469922+00:00 [queued]>
[2026-08-04T07:56:19.853+0000] {taskinstance.py:2306} INFO - Starting attempt 3 of 4
[2026-08-04T07:56:19.984+0000] {taskinstance.py:2330} INFO - Executing <Task(PythonOperator): produce_scoreboards> on 2026-08-03 20:46:24.469922+00:00
[2026-08-04T07:56:20.193+0000] {standard_task_runner.py:90} INFO - Running: ['***', 'tasks', 'run', 'refresh_matadata', 'produce_scoreboards', 'manual__2026-08-03T20:46:24.469922+00:00', '--job-id', '84', '--raw', '--subdir', 'DAGS_FOLDER/dag_refresh_metadata.py', '--cfg-path', '/tmp/tmpa54xfc9w']
[2026-08-04T07:56:20.199+0000] {warnings.py:112} WARNING - /home/***/.local/lib/python3.12/site-packages/***/task/task_runner/standard_task_runner.py:62: DeprecationWarning: This process (pid=191) is multi-threaded, use of fork() may lead to deadlocks in the child.
  pid = os.fork()

[2026-08-04T07:56:20.291+0000] {standard_task_runner.py:64} INFO - Started process 199 to run task
[2026-08-04T07:56:20.232+0000] {standard_task_runner.py:91} INFO - Job 84: Subtask produce_scoreboards
[2026-08-04T07:56:20.883+0000] {task_command.py:426} INFO - Running <TaskInstance: refresh_matadata.produce_scoreboards manual__2026-08-03T20:46:24.469922+00:00 [running]> on host ab41198cb485
[2026-08-04T07:56:21.698+0000] {taskinstance.py:2648} INFO - Exporting env vars: AIRFLOW_CTX_DAG_OWNER='***' AIRFLOW_CTX_DAG_ID='refresh_matadata' AIRFLOW_CTX_TASK_ID='produce_scoreboards' AIRFLOW_CTX_EXECUTION_DATE='2026-08-03T20:46:24.469922+00:00' AIRFLOW_CTX_TRY_NUMBER='3' AIRFLOW_CTX_DAG_RUN_ID='manual__2026-08-03T20:46:24.469922+00:00'
[2026-08-04T07:56:21.721+0000] {taskinstance.py:430} INFO - ::endgroup::
[2026-08-04T07:56:39.332+0000] {taskinstance.py:441} INFO - ::group::Post task execution logs
[2026-08-04T07:56:39.337+0000] {taskinstance.py:2905} ERROR - Task failed with exception
Traceback (most recent call last):
  File "/home/airflow/.local/lib/python3.12/site-packages/airflow/models/taskinstance.py", line 465, in _execute_task
    result = _execute_callable(context=context, **execute_callable_kwargs)
             ^^^^^^^^^^^^^^^^^^^^^^^^^^^^^^^^^^^^^^^^^^^^^^^^^^^^^^^^^^^^^
  File "/home/airflow/.local/lib/python3.12/site-packages/airflow/models/taskinstance.py", line 432, in _execute_callable
    return execute_callable(context=context, **execute_callable_kwargs)
           ^^^^^^^^^^^^^^^^^^^^^^^^^^^^^^^^^^^^^^^^^^^^^^^^^^^^^^^^^^^^
  File "/home/airflow/.local/lib/python3.12/site-packages/airflow/models/baseoperator.py", line 401, in wrapper
    return func(self, *args, **kwargs)
           ^^^^^^^^^^^^^^^^^^^^^^^^^^^
  File "/home/airflow/.local/lib/python3.12/site-packages/airflow/operators/python.py", line 235, in execute
    return_value = self.execute_callable()
                   ^^^^^^^^^^^^^^^^^^^^^^^
  File "/home/airflow/.local/lib/python3.12/site-packages/airflow/operators/python.py", line 252, in execute_callable
    return self.python_callable(*self.op_args, **self.op_kwargs)
           ^^^^^^^^^^^^^^^^^^^^^^^^^^^^^^^^^^^^^^^^^^^^^^^^^^^^^
  File "/opt/airflow/src/producers.py", line 36, in produce_scoreboards
    producer.produce(
cimpl.KafkaException: KafkaError{code=MSG_SIZE_TOO_LARGE,val=10,str="Unable to produce message: Broker: Message size too large"}
[2026-08-04T07:56:39.401+0000] {taskinstance.py:1206} INFO - Marking task as UP_FOR_RETRY. dag_id=refresh_matadata, task_id=produce_scoreboards, run_id=manual__2026-08-03T20:46:24.469922+00:00, execution_date=20260803T204624, start_date=20260804T075619, end_date=20260804T075639
[2026-08-04T07:56:39.644+0000] {standard_task_runner.py:110} ERROR - Failed to execute job 84 for task produce_scoreboards (KafkaError{code=MSG_SIZE_TOO_LARGE,val=10,str="Unable to produce message: Broker: Message size too large"}; 199)
[2026-08-04T07:56:39.802+0000] {local_task_job_runner.py:243} INFO - Task exited with return code 1
[2026-08-04T07:56:39.913+0000] {taskinstance.py:3503} INFO - 0 downstream tasks scheduled from follow-on schedule check
[2026-08-04T07:56:39.945+0000] {local_task_job_runner.py:222} INFO - ::endgroup::
