[2026-07-23 12:01:34,446] {taskinstance.py:1037} INFO - Dependencies all met for <TaskInstance: refresh_metadata.fetch_teams scheduled__2026-07-12T00:00:00+00:00 [queued]>
[2026-07-23 12:01:34,462] {taskinstance.py:1037} INFO - Dependencies all met for <TaskInstance: refresh_metadata.fetch_teams scheduled__2026-07-12T00:00:00+00:00 [queued]>
[2026-07-23 12:01:34,463] {taskinstance.py:1243} INFO - 
--------------------------------------------------------------------------------
[2026-07-23 12:01:34,465] {taskinstance.py:1244} INFO - Starting attempt 6 of 6
[2026-07-23 12:01:34,466] {taskinstance.py:1245} INFO - 
--------------------------------------------------------------------------------
[2026-07-23 12:01:34,481] {taskinstance.py:1264} INFO - Executing <Task(PythonOperator): fetch_teams> on 2026-07-12 00:00:00+00:00
[2026-07-23 12:01:34,493] {standard_task_runner.py:52} INFO - Started process 657 to run task
[2026-07-23 12:01:34,497] {standard_task_runner.py:76} INFO - Running: ['***', 'tasks', 'run', 'refresh_metadata', 'fetch_teams', 'scheduled__2026-07-12T00:00:00+00:00', '--job-id', '36', '--raw', '--subdir', 'DAGS_FOLDER/dag_refresh_metadata.py', '--cfg-path', '/tmp/tmpav7eqz1s', '--error-file', '/tmp/tmp2p5y4q_m']
[2026-07-23 12:01:34,499] {standard_task_runner.py:77} INFO - Job 36: Subtask fetch_teams
[2026-07-23 12:01:34,574] {logging_mixin.py:109} INFO - Running <TaskInstance: refresh_metadata.fetch_teams scheduled__2026-07-12T00:00:00+00:00 [running]> on host 06597b923496
[2026-07-23 12:01:34,633] {taskinstance.py:1431} INFO - Exporting the following env vars:
AIRFLOW_CTX_DAG_OWNER=***
AIRFLOW_CTX_DAG_ID=refresh_metadata
AIRFLOW_CTX_TASK_ID=fetch_teams
AIRFLOW_CTX_EXECUTION_DATE=2026-07-12T00:00:00+00:00
AIRFLOW_CTX_DAG_RUN_ID=scheduled__2026-07-12T00:00:00+00:00
[2026-07-23 12:01:34,636] {taskinstance.py:1718} ERROR - Task failed with exception
Traceback (most recent call last):
  File "/home/airflow/.local/lib/python3.6/site-packages/airflow/models/taskinstance.py", line 1334, in _run_raw_task
    self._execute_task_with_callbacks(context)
  File "/home/airflow/.local/lib/python3.6/site-packages/airflow/models/taskinstance.py", line 1460, in _execute_task_with_callbacks
    result = self._execute_task(context, self.task)
  File "/home/airflow/.local/lib/python3.6/site-packages/airflow/models/taskinstance.py", line 1516, in _execute_task
    result = execute_callable(context=context)
  File "/home/airflow/.local/lib/python3.6/site-packages/airflow/operators/python.py", line 174, in execute
    return_value = self.execute_callable()
  File "/home/airflow/.local/lib/python3.6/site-packages/airflow/operators/python.py", line 188, in execute_callable
    return self.python_callable(*self.op_args, **self.op_kwargs)
  File "/opt/airflow/src/parsing.py", line 225, in fetch_teams
    conn = get_connection()
  File "/opt/airflow/src/database.py", line 14, in get_connection
    password='postgres')
  File "/home/airflow/.local/lib/python3.6/site-packages/psycopg2/__init__.py", line 122, in connect
    conn = _connect(dsn, connection_factory=connection_factory, **kwasync)
psycopg2.OperationalError: connection to server at "localhost" (::1), port 5432 failed: Connection refused
	Is the server running on that host and accepting TCP/IP connections?
connection to server at "localhost" (127.0.0.1), port 5432 failed: Connection refused
	Is the server running on that host and accepting TCP/IP connections?

[2026-07-23 12:01:34,659] {taskinstance.py:1282} INFO - Marking task as FAILED. dag_id=refresh_metadata, task_id=fetch_teams, execution_date=20260712T000000, start_date=20260723T120134, end_date=20260723T120134
[2026-07-23 12:01:34,674] {standard_task_runner.py:92} ERROR - Failed to execute job 36 for task fetch_teams
Traceback (most recent call last):
  File "/home/airflow/.local/lib/python3.6/site-packages/airflow/task/task_runner/standard_task_runner.py", line 85, in _start_by_fork
    args.func(args, dag=self.dag)
  File "/home/airflow/.local/lib/python3.6/site-packages/airflow/cli/cli_parser.py", line 48, in command
    return func(*args, **kwargs)
  File "/home/airflow/.local/lib/python3.6/site-packages/airflow/utils/cli.py", line 92, in wrapper
    return f(*args, **kwargs)
  File "/home/airflow/.local/lib/python3.6/site-packages/airflow/cli/commands/task_command.py", line 298, in task_run
    _run_task_by_selected_method(args, dag, ti)
  File "/home/airflow/.local/lib/python3.6/site-packages/airflow/cli/commands/task_command.py", line 107, in _run_task_by_selected_method
    _run_raw_task(args, ti)
  File "/home/airflow/.local/lib/python3.6/site-packages/airflow/cli/commands/task_command.py", line 184, in _run_raw_task
    error_file=args.error_file,
  File "/home/airflow/.local/lib/python3.6/site-packages/airflow/utils/session.py", line 70, in wrapper
    return func(*args, session=session, **kwargs)
  File "/home/airflow/.local/lib/python3.6/site-packages/airflow/models/taskinstance.py", line 1334, in _run_raw_task
    self._execute_task_with_callbacks(context)
  File "/home/airflow/.local/lib/python3.6/site-packages/airflow/models/taskinstance.py", line 1460, in _execute_task_with_callbacks
    result = self._execute_task(context, self.task)
  File "/home/airflow/.local/lib/python3.6/site-packages/airflow/models/taskinstance.py", line 1516, in _execute_task
    result = execute_callable(context=context)
  File "/home/airflow/.local/lib/python3.6/site-packages/airflow/operators/python.py", line 174, in execute
    return_value = self.execute_callable()
  File "/home/airflow/.local/lib/python3.6/site-packages/airflow/operators/python.py", line 188, in execute_callable
    return self.python_callable(*self.op_args, **self.op_kwargs)
  File "/opt/airflow/src/parsing.py", line 225, in fetch_teams
    conn = get_connection()
  File "/opt/airflow/src/database.py", line 14, in get_connection
    password='postgres')
  File "/home/airflow/.local/lib/python3.6/site-packages/psycopg2/__init__.py", line 122, in connect
    conn = _connect(dsn, connection_factory=connection_factory, **kwasync)
psycopg2.OperationalError: connection to server at "localhost" (::1), port 5432 failed: Connection refused
	Is the server running on that host and accepting TCP/IP connections?
connection to server at "localhost" (127.0.0.1), port 5432 failed: Connection refused
	Is the server running on that host and accepting TCP/IP connections?

[2026-07-23 12:01:34,714] {local_task_job.py:154} INFO - Task exited with return code 1
[2026-07-23 12:01:34,759] {local_task_job.py:264} INFO - 0 downstream tasks scheduled from follow-on schedule check
