[2026-07-23 13:03:02,757] {taskinstance.py:1037} INFO - Dependencies all met for <TaskInstance: refresh_metadata.fetch_teams manual__2026-07-23T12:55:33.073342+00:00 [queued]>
[2026-07-23 13:03:02,772] {taskinstance.py:1037} INFO - Dependencies all met for <TaskInstance: refresh_metadata.fetch_teams manual__2026-07-23T12:55:33.073342+00:00 [queued]>
[2026-07-23 13:03:02,773] {taskinstance.py:1243} INFO - 
--------------------------------------------------------------------------------
[2026-07-23 13:03:02,774] {taskinstance.py:1244} INFO - Starting attempt 1 of 6
[2026-07-23 13:03:02,776] {taskinstance.py:1245} INFO - 
--------------------------------------------------------------------------------
[2026-07-23 13:03:02,792] {taskinstance.py:1264} INFO - Executing <Task(PythonOperator): fetch_teams> on 2026-07-23 12:55:33.073342+00:00
[2026-07-23 13:03:02,808] {standard_task_runner.py:52} INFO - Started process 686 to run task
[2026-07-23 13:03:02,813] {standard_task_runner.py:76} INFO - Running: ['***', 'tasks', 'run', 'refresh_metadata', 'fetch_teams', 'manual__2026-07-23T12:55:33.073342+00:00', '--job-id', '57', '--raw', '--subdir', 'DAGS_FOLDER/dag_refresh_metadata.py', '--cfg-path', '/tmp/tmpvq20flq3', '--error-file', '/tmp/tmpwo4och6q']
[2026-07-23 13:03:02,815] {standard_task_runner.py:77} INFO - Job 57: Subtask fetch_teams
[2026-07-23 13:03:02,932] {logging_mixin.py:109} INFO - Running <TaskInstance: refresh_metadata.fetch_teams manual__2026-07-23T12:55:33.073342+00:00 [running]> on host 31a76f83581f
[2026-07-23 13:03:03,040] {taskinstance.py:1431} INFO - Exporting the following env vars:
AIRFLOW_CTX_DAG_OWNER=***
AIRFLOW_CTX_DAG_ID=refresh_metadata
AIRFLOW_CTX_TASK_ID=fetch_teams
AIRFLOW_CTX_EXECUTION_DATE=2026-07-23T12:55:33.073342+00:00
AIRFLOW_CTX_DAG_RUN_ID=manual__2026-07-23T12:55:33.073342+00:00
[2026-07-23 14:24:02,223] {python.py:175} INFO - Done. Returned value was: None
[2026-07-23 14:24:02,303] {taskinstance.py:1282} INFO - Marking task as SUCCESS. dag_id=refresh_metadata, task_id=fetch_teams, execution_date=20260723T125533, start_date=20260723T130302, end_date=20260723T142402
[2026-07-23 14:24:02,398] {local_task_job.py:154} INFO - Task exited with return code 0
[2026-07-23 14:24:02,469] {local_task_job.py:264} INFO - 1 downstream tasks scheduled from follow-on schedule check
