[2026-07-23 12:56:03,822] {taskinstance.py:1037} INFO - Dependencies all met for <TaskInstance: refresh_metadata.fetch_leagues manual__2026-07-23T12:55:33.073342+00:00 [queued]>
[2026-07-23 12:56:03,838] {taskinstance.py:1037} INFO - Dependencies all met for <TaskInstance: refresh_metadata.fetch_leagues manual__2026-07-23T12:55:33.073342+00:00 [queued]>
[2026-07-23 12:56:03,840] {taskinstance.py:1243} INFO - 
--------------------------------------------------------------------------------
[2026-07-23 12:56:03,841] {taskinstance.py:1244} INFO - Starting attempt 1 of 6
[2026-07-23 12:56:03,842] {taskinstance.py:1245} INFO - 
--------------------------------------------------------------------------------
[2026-07-23 12:56:03,859] {taskinstance.py:1264} INFO - Executing <Task(PythonOperator): fetch_leagues> on 2026-07-23 12:55:33.073342+00:00
[2026-07-23 12:56:03,871] {standard_task_runner.py:52} INFO - Started process 383 to run task
[2026-07-23 12:56:03,876] {standard_task_runner.py:76} INFO - Running: ['***', 'tasks', 'run', 'refresh_metadata', 'fetch_leagues', 'manual__2026-07-23T12:55:33.073342+00:00', '--job-id', '55', '--raw', '--subdir', 'DAGS_FOLDER/dag_refresh_metadata.py', '--cfg-path', '/tmp/tmpuddfd7jw', '--error-file', '/tmp/tmpnk08izu2']
[2026-07-23 12:56:03,878] {standard_task_runner.py:77} INFO - Job 55: Subtask fetch_leagues
[2026-07-23 12:56:03,964] {logging_mixin.py:109} INFO - Running <TaskInstance: refresh_metadata.fetch_leagues manual__2026-07-23T12:55:33.073342+00:00 [running]> on host 0111e9c564c8
[2026-07-23 12:56:04,025] {taskinstance.py:1431} INFO - Exporting the following env vars:
AIRFLOW_CTX_DAG_OWNER=***
AIRFLOW_CTX_DAG_ID=refresh_metadata
AIRFLOW_CTX_TASK_ID=fetch_leagues
AIRFLOW_CTX_EXECUTION_DATE=2026-07-23T12:55:33.073342+00:00
AIRFLOW_CTX_DAG_RUN_ID=manual__2026-07-23T12:55:33.073342+00:00
[2026-07-23 12:56:19,579] {python.py:175} INFO - Done. Returned value was: None
[2026-07-23 12:56:19,597] {taskinstance.py:1282} INFO - Marking task as SUCCESS. dag_id=refresh_metadata, task_id=fetch_leagues, execution_date=20260723T125533, start_date=20260723T125603, end_date=20260723T125619
[2026-07-23 12:56:19,641] {local_task_job.py:154} INFO - Task exited with return code 0
[2026-07-23 12:56:19,698] {local_task_job.py:264} INFO - 0 downstream tasks scheduled from follow-on schedule check
