[2026-08-03T20:37:48.582+0000] {processor.py:161} INFO - Started process (PID=79) to work on /opt/airflow/dags/dag_update_matches.py
[2026-08-03T20:37:48.595+0000] {processor.py:830} INFO - Processing file /opt/airflow/dags/dag_update_matches.py for tasks to queue
[2026-08-03T20:37:48.645+0000] {logging_mixin.py:188} INFO - [2026-08-03T20:37:48.634+0000] {dagbag.py:545} INFO - Filling up the DagBag from /opt/airflow/dags/dag_update_matches.py
[2026-08-03T20:38:08.583+0000] {processor.py:840} INFO - DAG(s) 'update_matches' retrieved from /opt/airflow/dags/dag_update_matches.py
[2026-08-03T20:38:09.042+0000] {logging_mixin.py:188} INFO - [2026-08-03T20:38:09.041+0000] {dag.py:3089} INFO - Sync 1 DAGs
[2026-08-03T20:38:09.137+0000] {logging_mixin.py:188} INFO - [2026-08-03T20:38:09.136+0000] {dag.py:3947} INFO - Setting next_dagrun for update_matches to 2026-08-02 00:00:00+00:00, run_after=2026-08-03 00:00:00+00:00
[2026-08-03T20:38:09.251+0000] {processor.py:183} INFO - Processing /opt/airflow/dags/dag_update_matches.py took 20.839 seconds
[2026-08-03T20:39:19.660+0000] {processor.py:161} INFO - Started process (PID=171) to work on /opt/airflow/dags/dag_update_matches.py
[2026-08-03T20:39:19.680+0000] {processor.py:830} INFO - Processing file /opt/airflow/dags/dag_update_matches.py for tasks to queue
[2026-08-03T20:39:19.718+0000] {logging_mixin.py:188} INFO - [2026-08-03T20:39:19.716+0000] {dagbag.py:545} INFO - Filling up the DagBag from /opt/airflow/dags/dag_update_matches.py
[2026-08-03T20:39:33.444+0000] {processor.py:840} INFO - DAG(s) 'update_matches' retrieved from /opt/airflow/dags/dag_update_matches.py
[2026-08-03T20:39:33.558+0000] {logging_mixin.py:188} INFO - [2026-08-03T20:39:33.556+0000] {dag.py:3089} INFO - Sync 1 DAGs
[2026-08-03T20:39:33.652+0000] {logging_mixin.py:188} INFO - [2026-08-03T20:39:33.652+0000] {dag.py:3947} INFO - Setting next_dagrun for update_matches to 2026-08-03 00:00:00+00:00, run_after=2026-08-04 00:00:00+00:00
[2026-08-03T20:39:33.751+0000] {processor.py:183} INFO - Processing /opt/airflow/dags/dag_update_matches.py took 14.356 seconds
[2026-08-03T20:40:09.309+0000] {processor.py:161} INFO - Started process (PID=242) to work on /opt/airflow/dags/dag_update_matches.py
[2026-08-03T20:40:09.331+0000] {processor.py:830} INFO - Processing file /opt/airflow/dags/dag_update_matches.py for tasks to queue
[2026-08-03T20:40:09.346+0000] {logging_mixin.py:188} INFO - [2026-08-03T20:40:09.345+0000] {dagbag.py:545} INFO - Filling up the DagBag from /opt/airflow/dags/dag_update_matches.py
[2026-08-03T20:40:16.743+0000] {processor.py:840} INFO - DAG(s) 'update_matches' retrieved from /opt/airflow/dags/dag_update_matches.py
[2026-08-03T20:40:16.793+0000] {logging_mixin.py:188} INFO - [2026-08-03T20:40:16.791+0000] {dag.py:3089} INFO - Sync 1 DAGs
[2026-08-03T20:40:16.857+0000] {logging_mixin.py:188} INFO - [2026-08-03T20:40:16.856+0000] {dag.py:3947} INFO - Setting next_dagrun for update_matches to 2026-08-03 00:00:00+00:00, run_after=2026-08-04 00:00:00+00:00
[2026-08-03T20:40:16.916+0000] {processor.py:183} INFO - Processing /opt/airflow/dags/dag_update_matches.py took 7.656 seconds
[2026-08-03T20:40:47.627+0000] {processor.py:161} INFO - Started process (PID=319) to work on /opt/airflow/dags/dag_update_matches.py
[2026-08-03T20:40:47.638+0000] {processor.py:830} INFO - Processing file /opt/airflow/dags/dag_update_matches.py for tasks to queue
[2026-08-03T20:40:47.648+0000] {logging_mixin.py:188} INFO - [2026-08-03T20:40:47.646+0000] {dagbag.py:545} INFO - Filling up the DagBag from /opt/airflow/dags/dag_update_matches.py
[2026-08-03T20:40:50.125+0000] {processor.py:840} INFO - DAG(s) 'update_matches' retrieved from /opt/airflow/dags/dag_update_matches.py
[2026-08-03T20:40:50.163+0000] {logging_mixin.py:188} INFO - [2026-08-03T20:40:50.162+0000] {dag.py:3089} INFO - Sync 1 DAGs
[2026-08-03T20:40:50.219+0000] {logging_mixin.py:188} INFO - [2026-08-03T20:40:50.219+0000] {dag.py:3947} INFO - Setting next_dagrun for update_matches to 2026-08-03 00:00:00+00:00, run_after=2026-08-04 00:00:00+00:00
[2026-08-03T20:40:50.308+0000] {processor.py:183} INFO - Processing /opt/airflow/dags/dag_update_matches.py took 2.751 seconds
[2026-08-03T20:41:20.915+0000] {processor.py:161} INFO - Started process (PID=391) to work on /opt/airflow/dags/dag_update_matches.py
[2026-08-03T20:41:20.929+0000] {processor.py:830} INFO - Processing file /opt/airflow/dags/dag_update_matches.py for tasks to queue
[2026-08-03T20:41:20.941+0000] {logging_mixin.py:188} INFO - [2026-08-03T20:41:20.940+0000] {dagbag.py:545} INFO - Filling up the DagBag from /opt/airflow/dags/dag_update_matches.py
[2026-08-03T20:41:25.951+0000] {processor.py:840} INFO - DAG(s) 'update_matches' retrieved from /opt/airflow/dags/dag_update_matches.py
[2026-08-03T20:41:26.209+0000] {logging_mixin.py:188} INFO - [2026-08-03T20:41:26.208+0000] {dag.py:3089} INFO - Sync 1 DAGs
[2026-08-03T20:41:26.292+0000] {logging_mixin.py:188} INFO - [2026-08-03T20:41:26.292+0000] {dag.py:3947} INFO - Setting next_dagrun for update_matches to 2026-08-03 00:00:00+00:00, run_after=2026-08-04 00:00:00+00:00
[2026-08-03T20:41:26.531+0000] {processor.py:183} INFO - Processing /opt/airflow/dags/dag_update_matches.py took 5.699 seconds
[2026-08-03T20:41:59.553+0000] {processor.py:161} INFO - Started process (PID=466) to work on /opt/airflow/dags/dag_update_matches.py
[2026-08-03T20:41:59.562+0000] {processor.py:830} INFO - Processing file /opt/airflow/dags/dag_update_matches.py for tasks to queue
[2026-08-03T20:41:59.634+0000] {logging_mixin.py:188} INFO - [2026-08-03T20:41:59.633+0000] {dagbag.py:545} INFO - Filling up the DagBag from /opt/airflow/dags/dag_update_matches.py
[2026-08-03T20:42:08.956+0000] {processor.py:840} INFO - DAG(s) 'update_matches' retrieved from /opt/airflow/dags/dag_update_matches.py
[2026-08-03T20:42:09.380+0000] {logging_mixin.py:188} INFO - [2026-08-03T20:42:09.379+0000] {dag.py:3089} INFO - Sync 1 DAGs
[2026-08-03T20:42:09.618+0000] {logging_mixin.py:188} INFO - [2026-08-03T20:42:09.609+0000] {dag.py:3947} INFO - Setting next_dagrun for update_matches to 2026-08-03 00:00:00+00:00, run_after=2026-08-04 00:00:00+00:00
[2026-08-03T20:42:09.742+0000] {processor.py:183} INFO - Processing /opt/airflow/dags/dag_update_matches.py took 10.288 seconds
[2026-08-03T20:42:59.433+0000] {processor.py:161} INFO - Started process (PID=533) to work on /opt/airflow/dags/dag_update_matches.py
[2026-08-03T20:42:59.442+0000] {processor.py:830} INFO - Processing file /opt/airflow/dags/dag_update_matches.py for tasks to queue
[2026-08-03T20:42:59.447+0000] {logging_mixin.py:188} INFO - [2026-08-03T20:42:59.446+0000] {dagbag.py:545} INFO - Filling up the DagBag from /opt/airflow/dags/dag_update_matches.py
[2026-08-03T20:43:07.539+0000] {processor.py:840} INFO - DAG(s) 'update_matches' retrieved from /opt/airflow/dags/dag_update_matches.py
[2026-08-03T20:43:07.660+0000] {logging_mixin.py:188} INFO - [2026-08-03T20:43:07.659+0000] {dag.py:3089} INFO - Sync 1 DAGs
[2026-08-03T20:43:07.740+0000] {logging_mixin.py:188} INFO - [2026-08-03T20:43:07.740+0000] {dag.py:3947} INFO - Setting next_dagrun for update_matches to 2026-08-03 00:00:00+00:00, run_after=2026-08-04 00:00:00+00:00
[2026-08-03T20:43:07.854+0000] {processor.py:183} INFO - Processing /opt/airflow/dags/dag_update_matches.py took 8.523 seconds
[2026-08-03T20:43:38.291+0000] {processor.py:161} INFO - Started process (PID=605) to work on /opt/airflow/dags/dag_update_matches.py
[2026-08-03T20:43:38.298+0000] {processor.py:830} INFO - Processing file /opt/airflow/dags/dag_update_matches.py for tasks to queue
[2026-08-03T20:43:38.305+0000] {logging_mixin.py:188} INFO - [2026-08-03T20:43:38.304+0000] {dagbag.py:545} INFO - Filling up the DagBag from /opt/airflow/dags/dag_update_matches.py
[2026-08-03T20:43:43.702+0000] {processor.py:840} INFO - DAG(s) 'update_matches' retrieved from /opt/airflow/dags/dag_update_matches.py
[2026-08-03T20:43:44.113+0000] {logging_mixin.py:188} INFO - [2026-08-03T20:43:44.111+0000] {dag.py:3089} INFO - Sync 1 DAGs
[2026-08-03T20:43:44.364+0000] {logging_mixin.py:188} INFO - [2026-08-03T20:43:44.364+0000] {dag.py:3947} INFO - Setting next_dagrun for update_matches to 2026-08-03 00:00:00+00:00, run_after=2026-08-04 00:00:00+00:00
[2026-08-03T20:43:44.524+0000] {processor.py:183} INFO - Processing /opt/airflow/dags/dag_update_matches.py took 6.263 seconds
[2026-08-03T20:44:29.386+0000] {processor.py:161} INFO - Started process (PID=677) to work on /opt/airflow/dags/dag_update_matches.py
[2026-08-03T20:44:29.395+0000] {processor.py:830} INFO - Processing file /opt/airflow/dags/dag_update_matches.py for tasks to queue
[2026-08-03T20:44:29.402+0000] {logging_mixin.py:188} INFO - [2026-08-03T20:44:29.401+0000] {dagbag.py:545} INFO - Filling up the DagBag from /opt/airflow/dags/dag_update_matches.py
[2026-08-03T20:44:35.359+0000] {processor.py:840} INFO - DAG(s) 'update_matches' retrieved from /opt/airflow/dags/dag_update_matches.py
[2026-08-03T20:44:35.529+0000] {logging_mixin.py:188} INFO - [2026-08-03T20:44:35.528+0000] {dag.py:3089} INFO - Sync 1 DAGs
[2026-08-03T20:44:35.712+0000] {logging_mixin.py:188} INFO - [2026-08-03T20:44:35.711+0000] {dag.py:3947} INFO - Setting next_dagrun for update_matches to 2026-08-03 00:00:00+00:00, run_after=2026-08-04 00:00:00+00:00
[2026-08-03T20:44:35.853+0000] {processor.py:183} INFO - Processing /opt/airflow/dags/dag_update_matches.py took 6.591 seconds
[2026-08-03T20:45:13.867+0000] {processor.py:161} INFO - Started process (PID=749) to work on /opt/airflow/dags/dag_update_matches.py
[2026-08-03T20:45:13.876+0000] {processor.py:830} INFO - Processing file /opt/airflow/dags/dag_update_matches.py for tasks to queue
[2026-08-03T20:45:13.895+0000] {logging_mixin.py:188} INFO - [2026-08-03T20:45:13.888+0000] {dagbag.py:545} INFO - Filling up the DagBag from /opt/airflow/dags/dag_update_matches.py
[2026-08-03T20:45:20.285+0000] {processor.py:840} INFO - DAG(s) 'update_matches' retrieved from /opt/airflow/dags/dag_update_matches.py
[2026-08-03T20:45:20.388+0000] {logging_mixin.py:188} INFO - [2026-08-03T20:45:20.385+0000] {dag.py:3089} INFO - Sync 1 DAGs
[2026-08-03T20:45:20.565+0000] {logging_mixin.py:188} INFO - [2026-08-03T20:45:20.563+0000] {dag.py:3947} INFO - Setting next_dagrun for update_matches to 2026-08-03 00:00:00+00:00, run_after=2026-08-04 00:00:00+00:00
[2026-08-03T20:45:20.667+0000] {processor.py:183} INFO - Processing /opt/airflow/dags/dag_update_matches.py took 6.916 seconds
[2026-08-03T20:45:56.428+0000] {processor.py:161} INFO - Started process (PID=824) to work on /opt/airflow/dags/dag_update_matches.py
[2026-08-03T20:45:56.433+0000] {processor.py:830} INFO - Processing file /opt/airflow/dags/dag_update_matches.py for tasks to queue
[2026-08-03T20:45:56.444+0000] {logging_mixin.py:188} INFO - [2026-08-03T20:45:56.436+0000] {dagbag.py:545} INFO - Filling up the DagBag from /opt/airflow/dags/dag_update_matches.py
[2026-08-03T20:46:02.243+0000] {processor.py:840} INFO - DAG(s) 'update_matches' retrieved from /opt/airflow/dags/dag_update_matches.py
[2026-08-03T20:46:02.424+0000] {logging_mixin.py:188} INFO - [2026-08-03T20:46:02.405+0000] {dag.py:3089} INFO - Sync 1 DAGs
[2026-08-03T20:46:02.905+0000] {logging_mixin.py:188} INFO - [2026-08-03T20:46:02.881+0000] {dag.py:3947} INFO - Setting next_dagrun for update_matches to 2026-08-03 00:00:00+00:00, run_after=2026-08-04 00:00:00+00:00
[2026-08-03T20:46:03.160+0000] {processor.py:183} INFO - Processing /opt/airflow/dags/dag_update_matches.py took 6.799 seconds
[2026-08-03T20:46:33.938+0000] {processor.py:161} INFO - Started process (PID=886) to work on /opt/airflow/dags/dag_update_matches.py
[2026-08-03T20:46:33.995+0000] {processor.py:830} INFO - Processing file /opt/airflow/dags/dag_update_matches.py for tasks to queue
[2026-08-03T20:46:34.070+0000] {logging_mixin.py:188} INFO - [2026-08-03T20:46:34.069+0000] {dagbag.py:545} INFO - Filling up the DagBag from /opt/airflow/dags/dag_update_matches.py
[2026-08-03T20:46:38.197+0000] {processor.py:840} INFO - DAG(s) 'update_matches' retrieved from /opt/airflow/dags/dag_update_matches.py
[2026-08-03T20:46:38.260+0000] {logging_mixin.py:188} INFO - [2026-08-03T20:46:38.258+0000] {dag.py:3089} INFO - Sync 1 DAGs
[2026-08-03T20:46:38.401+0000] {logging_mixin.py:188} INFO - [2026-08-03T20:46:38.400+0000] {dag.py:3947} INFO - Setting next_dagrun for update_matches to 2026-08-03 00:00:00+00:00, run_after=2026-08-04 00:00:00+00:00
[2026-08-03T20:46:38.527+0000] {processor.py:183} INFO - Processing /opt/airflow/dags/dag_update_matches.py took 4.740 seconds
[2026-08-03T20:47:10.261+0000] {processor.py:161} INFO - Started process (PID=961) to work on /opt/airflow/dags/dag_update_matches.py
[2026-08-03T20:47:10.269+0000] {processor.py:830} INFO - Processing file /opt/airflow/dags/dag_update_matches.py for tasks to queue
[2026-08-03T20:47:10.273+0000] {logging_mixin.py:188} INFO - [2026-08-03T20:47:10.272+0000] {dagbag.py:545} INFO - Filling up the DagBag from /opt/airflow/dags/dag_update_matches.py
[2026-08-03T20:47:15.998+0000] {processor.py:840} INFO - DAG(s) 'update_matches' retrieved from /opt/airflow/dags/dag_update_matches.py
[2026-08-03T20:47:16.068+0000] {logging_mixin.py:188} INFO - [2026-08-03T20:47:16.066+0000] {dag.py:3089} INFO - Sync 1 DAGs
[2026-08-03T20:47:16.227+0000] {logging_mixin.py:188} INFO - [2026-08-03T20:47:16.227+0000] {dag.py:3947} INFO - Setting next_dagrun for update_matches to 2026-08-03 00:00:00+00:00, run_after=2026-08-04 00:00:00+00:00
[2026-08-03T20:47:16.368+0000] {processor.py:183} INFO - Processing /opt/airflow/dags/dag_update_matches.py took 6.133 seconds
