[2026-08-03T20:37:46.871+0000] {processor.py:161} INFO - Started process (PID=77) to work on /opt/airflow/dags/dag_refresh_metadata.py
[2026-08-03T20:37:46.897+0000] {processor.py:830} INFO - Processing file /opt/airflow/dags/dag_refresh_metadata.py for tasks to queue
[2026-08-03T20:37:46.927+0000] {logging_mixin.py:188} INFO - [2026-08-03T20:37:46.924+0000] {dagbag.py:545} INFO - Filling up the DagBag from /opt/airflow/dags/dag_refresh_metadata.py
[2026-08-03T20:37:47.267+0000] {logging_mixin.py:188} INFO - [2026-08-03T20:37:47.238+0000] {dagbag.py:355} ERROR - Failed to import: /opt/airflow/dags/dag_refresh_metadata.py
Traceback (most recent call last):
  File "/home/airflow/.local/lib/python3.12/site-packages/airflow/models/dagbag.py", line 351, in parse
    loader.exec_module(new_module)
  File "<frozen importlib._bootstrap_external>", line 995, in exec_module
  File "<frozen importlib._bootstrap>", line 488, in _call_with_frames_removed
  File "/opt/airflow/dags/dag_refresh_metadata.py", line 5, in <module>
    from src.producers import produce_scoreboards, produce_past_seasons
  File "/opt/airflow/src/producers.py", line 1, in <module>
    from connections import get_producer, get_consumer, get_connection
ModuleNotFoundError: No module named 'connections'
[2026-08-03T20:37:47.290+0000] {processor.py:842} WARNING - No viable dags retrieved from /opt/airflow/dags/dag_refresh_metadata.py
[2026-08-03T20:37:47.663+0000] {processor.py:183} INFO - Processing /opt/airflow/dags/dag_refresh_metadata.py took 0.920 seconds
[2026-08-03T20:39:14.764+0000] {processor.py:161} INFO - Started process (PID=168) to work on /opt/airflow/dags/dag_refresh_metadata.py
[2026-08-03T20:39:14.773+0000] {processor.py:830} INFO - Processing file /opt/airflow/dags/dag_refresh_metadata.py for tasks to queue
[2026-08-03T20:39:14.784+0000] {logging_mixin.py:188} INFO - [2026-08-03T20:39:14.782+0000] {dagbag.py:545} INFO - Filling up the DagBag from /opt/airflow/dags/dag_refresh_metadata.py
[2026-08-03T20:39:15.038+0000] {logging_mixin.py:188} INFO - [2026-08-03T20:39:14.974+0000] {dagbag.py:355} ERROR - Failed to import: /opt/airflow/dags/dag_refresh_metadata.py
Traceback (most recent call last):
  File "/home/airflow/.local/lib/python3.12/site-packages/airflow/models/dagbag.py", line 351, in parse
    loader.exec_module(new_module)
  File "<frozen importlib._bootstrap_external>", line 995, in exec_module
  File "<frozen importlib._bootstrap>", line 488, in _call_with_frames_removed
  File "/opt/airflow/dags/dag_refresh_metadata.py", line 5, in <module>
    from src.producers import produce_scoreboards, produce_past_seasons
  File "/opt/airflow/src/producers.py", line 1, in <module>
    from connections import get_producer, get_consumer, get_connection
ModuleNotFoundError: No module named 'connections'
[2026-08-03T20:39:15.062+0000] {processor.py:842} WARNING - No viable dags retrieved from /opt/airflow/dags/dag_refresh_metadata.py
[2026-08-03T20:39:15.293+0000] {processor.py:183} INFO - Processing /opt/airflow/dags/dag_refresh_metadata.py took 0.630 seconds
[2026-08-03T20:39:54.277+0000] {processor.py:161} INFO - Started process (PID=217) to work on /opt/airflow/dags/dag_refresh_metadata.py
[2026-08-03T20:39:54.281+0000] {processor.py:830} INFO - Processing file /opt/airflow/dags/dag_refresh_metadata.py for tasks to queue
[2026-08-03T20:39:54.285+0000] {logging_mixin.py:188} INFO - [2026-08-03T20:39:54.284+0000] {dagbag.py:545} INFO - Filling up the DagBag from /opt/airflow/dags/dag_refresh_metadata.py
[2026-08-03T20:39:54.446+0000] {logging_mixin.py:188} INFO - [2026-08-03T20:39:54.412+0000] {dagbag.py:355} ERROR - Failed to import: /opt/airflow/dags/dag_refresh_metadata.py
Traceback (most recent call last):
  File "/home/airflow/.local/lib/python3.12/site-packages/airflow/models/dagbag.py", line 351, in parse
    loader.exec_module(new_module)
  File "<frozen importlib._bootstrap_external>", line 995, in exec_module
  File "<frozen importlib._bootstrap>", line 488, in _call_with_frames_removed
  File "/opt/airflow/dags/dag_refresh_metadata.py", line 5, in <module>
    from src.producers import produce_scoreboards, produce_past_seasons
  File "/opt/airflow/src/producers.py", line 1, in <module>
    from connections import get_producer, get_consumer, get_connection
ModuleNotFoundError: No module named 'connections'
[2026-08-03T20:39:54.460+0000] {processor.py:842} WARNING - No viable dags retrieved from /opt/airflow/dags/dag_refresh_metadata.py
[2026-08-03T20:39:54.544+0000] {processor.py:183} INFO - Processing /opt/airflow/dags/dag_refresh_metadata.py took 0.279 seconds
[2026-08-03T20:40:29.758+0000] {processor.py:161} INFO - Started process (PID=276) to work on /opt/airflow/dags/dag_refresh_metadata.py
[2026-08-03T20:40:29.773+0000] {processor.py:830} INFO - Processing file /opt/airflow/dags/dag_refresh_metadata.py for tasks to queue
[2026-08-03T20:40:29.801+0000] {logging_mixin.py:188} INFO - [2026-08-03T20:40:29.800+0000] {dagbag.py:545} INFO - Filling up the DagBag from /opt/airflow/dags/dag_refresh_metadata.py
[2026-08-03T20:40:30.008+0000] {logging_mixin.py:188} INFO - [2026-08-03T20:40:29.975+0000] {dagbag.py:355} ERROR - Failed to import: /opt/airflow/dags/dag_refresh_metadata.py
Traceback (most recent call last):
  File "/home/airflow/.local/lib/python3.12/site-packages/airflow/models/dagbag.py", line 351, in parse
    loader.exec_module(new_module)
  File "<frozen importlib._bootstrap_external>", line 995, in exec_module
  File "<frozen importlib._bootstrap>", line 488, in _call_with_frames_removed
  File "/opt/airflow/dags/dag_refresh_metadata.py", line 5, in <module>
    from src.producers import produce_scoreboards, produce_past_seasons
  File "/opt/airflow/src/producers.py", line 1, in <module>
    from connections import get_producer, get_consumer, get_connection
ModuleNotFoundError: No module named 'connections'
[2026-08-03T20:40:30.022+0000] {processor.py:842} WARNING - No viable dags retrieved from /opt/airflow/dags/dag_refresh_metadata.py
[2026-08-03T20:40:30.094+0000] {processor.py:183} INFO - Processing /opt/airflow/dags/dag_refresh_metadata.py took 0.386 seconds
[2026-08-03T20:41:01.500+0000] {processor.py:161} INFO - Started process (PID=344) to work on /opt/airflow/dags/dag_refresh_metadata.py
[2026-08-03T20:41:01.520+0000] {processor.py:830} INFO - Processing file /opt/airflow/dags/dag_refresh_metadata.py for tasks to queue
[2026-08-03T20:41:01.537+0000] {logging_mixin.py:188} INFO - [2026-08-03T20:41:01.532+0000] {dagbag.py:545} INFO - Filling up the DagBag from /opt/airflow/dags/dag_refresh_metadata.py
[2026-08-03T20:41:01.717+0000] {logging_mixin.py:188} INFO - [2026-08-03T20:41:01.668+0000] {dagbag.py:355} ERROR - Failed to import: /opt/airflow/dags/dag_refresh_metadata.py
Traceback (most recent call last):
  File "/home/airflow/.local/lib/python3.12/site-packages/airflow/models/dagbag.py", line 351, in parse
    loader.exec_module(new_module)
  File "<frozen importlib._bootstrap_external>", line 995, in exec_module
  File "<frozen importlib._bootstrap>", line 488, in _call_with_frames_removed
  File "/opt/airflow/dags/dag_refresh_metadata.py", line 5, in <module>
    from src.producers import produce_scoreboards, produce_past_seasons
  File "/opt/airflow/src/producers.py", line 1, in <module>
    from connections import get_producer, get_consumer, get_connection
ModuleNotFoundError: No module named 'connections'
[2026-08-03T20:41:01.726+0000] {processor.py:842} WARNING - No viable dags retrieved from /opt/airflow/dags/dag_refresh_metadata.py
[2026-08-03T20:41:01.929+0000] {processor.py:183} INFO - Processing /opt/airflow/dags/dag_refresh_metadata.py took 0.495 seconds
[2026-08-03T20:41:32.709+0000] {processor.py:161} INFO - Started process (PID=408) to work on /opt/airflow/dags/dag_refresh_metadata.py
[2026-08-03T20:41:32.714+0000] {processor.py:830} INFO - Processing file /opt/airflow/dags/dag_refresh_metadata.py for tasks to queue
[2026-08-03T20:41:32.718+0000] {logging_mixin.py:188} INFO - [2026-08-03T20:41:32.717+0000] {dagbag.py:545} INFO - Filling up the DagBag from /opt/airflow/dags/dag_refresh_metadata.py
[2026-08-03T20:41:32.858+0000] {logging_mixin.py:188} INFO - [2026-08-03T20:41:32.818+0000] {dagbag.py:355} ERROR - Failed to import: /opt/airflow/dags/dag_refresh_metadata.py
Traceback (most recent call last):
  File "/home/airflow/.local/lib/python3.12/site-packages/airflow/models/dagbag.py", line 351, in parse
    loader.exec_module(new_module)
  File "<frozen importlib._bootstrap_external>", line 995, in exec_module
  File "<frozen importlib._bootstrap>", line 488, in _call_with_frames_removed
  File "/opt/airflow/dags/dag_refresh_metadata.py", line 5, in <module>
    from src.producers import produce_scoreboards, produce_past_seasons
  File "/opt/airflow/src/producers.py", line 1, in <module>
    from connections import get_producer, get_consumer, get_connection
ModuleNotFoundError: No module named 'connections'
[2026-08-03T20:41:32.873+0000] {processor.py:842} WARNING - No viable dags retrieved from /opt/airflow/dags/dag_refresh_metadata.py
[2026-08-03T20:41:32.939+0000] {processor.py:183} INFO - Processing /opt/airflow/dags/dag_refresh_metadata.py took 0.248 seconds
[2026-08-03T20:42:22.166+0000] {processor.py:161} INFO - Started process (PID=488) to work on /opt/airflow/dags/dag_refresh_metadata.py
[2026-08-03T20:42:22.324+0000] {processor.py:830} INFO - Processing file /opt/airflow/dags/dag_refresh_metadata.py for tasks to queue
[2026-08-03T20:42:22.345+0000] {logging_mixin.py:188} INFO - [2026-08-03T20:42:22.344+0000] {dagbag.py:545} INFO - Filling up the DagBag from /opt/airflow/dags/dag_refresh_metadata.py
[2026-08-03T20:42:23.105+0000] {logging_mixin.py:188} INFO - [2026-08-03T20:42:22.953+0000] {dagbag.py:355} ERROR - Failed to import: /opt/airflow/dags/dag_refresh_metadata.py
Traceback (most recent call last):
  File "/home/airflow/.local/lib/python3.12/site-packages/airflow/models/dagbag.py", line 351, in parse
    loader.exec_module(new_module)
  File "<frozen importlib._bootstrap_external>", line 995, in exec_module
  File "<frozen importlib._bootstrap>", line 488, in _call_with_frames_removed
  File "/opt/airflow/dags/dag_refresh_metadata.py", line 5, in <module>
    from src.producers import produce_scoreboards, produce_past_seasons
  File "/opt/airflow/src/producers.py", line 1, in <module>
    from connections import get_producer, get_consumer, get_connection
ModuleNotFoundError: No module named 'connections'
[2026-08-03T20:42:23.125+0000] {processor.py:842} WARNING - No viable dags retrieved from /opt/airflow/dags/dag_refresh_metadata.py
[2026-08-03T20:42:23.499+0000] {processor.py:183} INFO - Processing /opt/airflow/dags/dag_refresh_metadata.py took 1.656 seconds
[2026-08-03T20:42:58.763+0000] {processor.py:161} INFO - Started process (PID=532) to work on /opt/airflow/dags/dag_refresh_metadata.py
[2026-08-03T20:42:58.782+0000] {processor.py:830} INFO - Processing file /opt/airflow/dags/dag_refresh_metadata.py for tasks to queue
[2026-08-03T20:42:58.799+0000] {logging_mixin.py:188} INFO - [2026-08-03T20:42:58.798+0000] {dagbag.py:545} INFO - Filling up the DagBag from /opt/airflow/dags/dag_refresh_metadata.py
[2026-08-03T20:42:59.469+0000] {logging_mixin.py:188} INFO - [2026-08-03T20:42:59.292+0000] {dagbag.py:355} ERROR - Failed to import: /opt/airflow/dags/dag_refresh_metadata.py
Traceback (most recent call last):
  File "/home/airflow/.local/lib/python3.12/site-packages/airflow/models/dagbag.py", line 351, in parse
    loader.exec_module(new_module)
  File "<frozen importlib._bootstrap_external>", line 995, in exec_module
  File "<frozen importlib._bootstrap>", line 488, in _call_with_frames_removed
  File "/opt/airflow/dags/dag_refresh_metadata.py", line 5, in <module>
    from src.producers import produce_scoreboards, produce_past_seasons
  File "/opt/airflow/src/producers.py", line 1, in <module>
    from connections import get_producer, get_consumer, get_connection
ModuleNotFoundError: No module named 'connections'
[2026-08-03T20:42:59.488+0000] {processor.py:842} WARNING - No viable dags retrieved from /opt/airflow/dags/dag_refresh_metadata.py
[2026-08-03T20:42:59.774+0000] {processor.py:183} INFO - Processing /opt/airflow/dags/dag_refresh_metadata.py took 1.121 seconds
[2026-08-03T20:43:33.207+0000] {processor.py:161} INFO - Started process (PID=590) to work on /opt/airflow/dags/dag_refresh_metadata.py
[2026-08-03T20:43:33.211+0000] {processor.py:830} INFO - Processing file /opt/airflow/dags/dag_refresh_metadata.py for tasks to queue
[2026-08-03T20:43:33.217+0000] {logging_mixin.py:188} INFO - [2026-08-03T20:43:33.216+0000] {dagbag.py:545} INFO - Filling up the DagBag from /opt/airflow/dags/dag_refresh_metadata.py
[2026-08-03T20:43:33.424+0000] {logging_mixin.py:188} INFO - [2026-08-03T20:43:33.354+0000] {dagbag.py:355} ERROR - Failed to import: /opt/airflow/dags/dag_refresh_metadata.py
Traceback (most recent call last):
  File "/home/airflow/.local/lib/python3.12/site-packages/airflow/models/dagbag.py", line 351, in parse
    loader.exec_module(new_module)
  File "<frozen importlib._bootstrap_external>", line 995, in exec_module
  File "<frozen importlib._bootstrap>", line 488, in _call_with_frames_removed
  File "/opt/airflow/dags/dag_refresh_metadata.py", line 5, in <module>
    from src.producers import produce_scoreboards, produce_past_seasons
  File "/opt/airflow/src/producers.py", line 1, in <module>
    from connections import get_producer, get_consumer, get_connection
ModuleNotFoundError: No module named 'connections'
[2026-08-03T20:43:33.438+0000] {processor.py:842} WARNING - No viable dags retrieved from /opt/airflow/dags/dag_refresh_metadata.py
[2026-08-03T20:43:33.540+0000] {processor.py:183} INFO - Processing /opt/airflow/dags/dag_refresh_metadata.py took 0.364 seconds
[2026-08-03T20:44:09.234+0000] {processor.py:161} INFO - Started process (PID=653) to work on /opt/airflow/dags/dag_refresh_metadata.py
[2026-08-03T20:44:09.241+0000] {processor.py:830} INFO - Processing file /opt/airflow/dags/dag_refresh_metadata.py for tasks to queue
[2026-08-03T20:44:09.262+0000] {logging_mixin.py:188} INFO - [2026-08-03T20:44:09.261+0000] {dagbag.py:545} INFO - Filling up the DagBag from /opt/airflow/dags/dag_refresh_metadata.py
[2026-08-03T20:44:09.736+0000] {logging_mixin.py:188} INFO - [2026-08-03T20:44:09.652+0000] {dagbag.py:355} ERROR - Failed to import: /opt/airflow/dags/dag_refresh_metadata.py
Traceback (most recent call last):
  File "/home/airflow/.local/lib/python3.12/site-packages/airflow/models/dagbag.py", line 351, in parse
    loader.exec_module(new_module)
  File "<frozen importlib._bootstrap_external>", line 995, in exec_module
  File "<frozen importlib._bootstrap>", line 488, in _call_with_frames_removed
  File "/opt/airflow/dags/dag_refresh_metadata.py", line 5, in <module>
    from src.producers import produce_scoreboards, produce_past_seasons
  File "/opt/airflow/src/producers.py", line 1, in <module>
    from connections import get_producer, get_consumer, get_connection
ModuleNotFoundError: No module named 'connections'
[2026-08-03T20:44:09.872+0000] {processor.py:842} WARNING - No viable dags retrieved from /opt/airflow/dags/dag_refresh_metadata.py
[2026-08-03T20:44:10.037+0000] {processor.py:183} INFO - Processing /opt/airflow/dags/dag_refresh_metadata.py took 0.901 seconds
[2026-08-03T20:44:50.044+0000] {processor.py:161} INFO - Started process (PID=709) to work on /opt/airflow/dags/dag_refresh_metadata.py
[2026-08-03T20:44:50.048+0000] {processor.py:830} INFO - Processing file /opt/airflow/dags/dag_refresh_metadata.py for tasks to queue
[2026-08-03T20:44:50.057+0000] {logging_mixin.py:188} INFO - [2026-08-03T20:44:50.055+0000] {dagbag.py:545} INFO - Filling up the DagBag from /opt/airflow/dags/dag_refresh_metadata.py
[2026-08-03T20:44:50.505+0000] {logging_mixin.py:188} INFO - [2026-08-03T20:44:50.435+0000] {dagbag.py:355} ERROR - Failed to import: /opt/airflow/dags/dag_refresh_metadata.py
Traceback (most recent call last):
  File "/home/airflow/.local/lib/python3.12/site-packages/airflow/models/dagbag.py", line 351, in parse
    loader.exec_module(new_module)
  File "<frozen importlib._bootstrap_external>", line 995, in exec_module
  File "<frozen importlib._bootstrap>", line 488, in _call_with_frames_removed
  File "/opt/airflow/dags/dag_refresh_metadata.py", line 5, in <module>
    from src.producers import produce_scoreboards, produce_past_seasons, produce_standings
  File "/opt/airflow/src/producers.py", line 1, in <module>
    from connections import get_producer, get_consumer, get_connection
ModuleNotFoundError: No module named 'connections'
[2026-08-03T20:44:50.554+0000] {processor.py:842} WARNING - No viable dags retrieved from /opt/airflow/dags/dag_refresh_metadata.py
[2026-08-03T20:44:50.904+0000] {processor.py:183} INFO - Processing /opt/airflow/dags/dag_refresh_metadata.py took 0.897 seconds
[2026-08-03T20:45:28.840+0000] {processor.py:161} INFO - Started process (PID=772) to work on /opt/airflow/dags/dag_refresh_metadata.py
[2026-08-03T20:45:28.856+0000] {processor.py:830} INFO - Processing file /opt/airflow/dags/dag_refresh_metadata.py for tasks to queue
[2026-08-03T20:45:28.864+0000] {logging_mixin.py:188} INFO - [2026-08-03T20:45:28.863+0000] {dagbag.py:545} INFO - Filling up the DagBag from /opt/airflow/dags/dag_refresh_metadata.py
[2026-08-03T20:45:33.413+0000] {processor.py:840} INFO - DAG(s) 'refresh_matadata' retrieved from /opt/airflow/dags/dag_refresh_metadata.py
[2026-08-03T20:45:33.992+0000] {logging_mixin.py:188} INFO - [2026-08-03T20:45:33.990+0000] {override.py:1858} INFO - Created Permission View: can delete on DAG:refresh_matadata
[2026-08-03T20:45:34.062+0000] {logging_mixin.py:188} INFO - [2026-08-03T20:45:34.061+0000] {override.py:1858} INFO - Created Permission View: can read on DAG:refresh_matadata
[2026-08-03T20:45:34.123+0000] {logging_mixin.py:188} INFO - [2026-08-03T20:45:34.123+0000] {override.py:1858} INFO - Created Permission View: can edit on DAG:refresh_matadata
[2026-08-03T20:45:34.138+0000] {logging_mixin.py:188} INFO - [2026-08-03T20:45:34.133+0000] {dag.py:3089} INFO - Sync 1 DAGs
[2026-08-03T20:45:34.244+0000] {logging_mixin.py:188} INFO - [2026-08-03T20:45:34.243+0000] {dag.py:3111} INFO - Creating ORM DAG for refresh_matadata
[2026-08-03T20:45:34.315+0000] {logging_mixin.py:188} INFO - [2026-08-03T20:45:34.314+0000] {dag.py:3947} INFO - Setting next_dagrun for refresh_matadata to 2026-07-26 00:00:00+00:00, run_after=2026-08-02 00:00:00+00:00
[2026-08-03T20:45:34.469+0000] {processor.py:183} INFO - Processing /opt/airflow/dags/dag_refresh_metadata.py took 5.711 seconds
[2026-08-03T20:46:10.203+0000] {processor.py:161} INFO - Started process (PID=842) to work on /opt/airflow/dags/dag_refresh_metadata.py
[2026-08-03T20:46:10.217+0000] {processor.py:830} INFO - Processing file /opt/airflow/dags/dag_refresh_metadata.py for tasks to queue
[2026-08-03T20:46:10.231+0000] {logging_mixin.py:188} INFO - [2026-08-03T20:46:10.230+0000] {dagbag.py:545} INFO - Filling up the DagBag from /opt/airflow/dags/dag_refresh_metadata.py
[2026-08-03T20:46:15.791+0000] {processor.py:840} INFO - DAG(s) 'refresh_matadata' retrieved from /opt/airflow/dags/dag_refresh_metadata.py
[2026-08-03T20:46:16.144+0000] {logging_mixin.py:188} INFO - [2026-08-03T20:46:16.143+0000] {dag.py:3089} INFO - Sync 1 DAGs
[2026-08-03T20:46:16.257+0000] {logging_mixin.py:188} INFO - [2026-08-03T20:46:16.256+0000] {dag.py:3947} INFO - Setting next_dagrun for refresh_matadata to 2026-07-26 00:00:00+00:00, run_after=2026-08-02 00:00:00+00:00
[2026-08-03T20:46:16.559+0000] {processor.py:183} INFO - Processing /opt/airflow/dags/dag_refresh_metadata.py took 6.413 seconds
[2026-08-03T20:46:51.229+0000] {processor.py:161} INFO - Started process (PID=920) to work on /opt/airflow/dags/dag_refresh_metadata.py
[2026-08-03T20:46:51.239+0000] {processor.py:830} INFO - Processing file /opt/airflow/dags/dag_refresh_metadata.py for tasks to queue
[2026-08-03T20:46:51.256+0000] {logging_mixin.py:188} INFO - [2026-08-03T20:46:51.253+0000] {dagbag.py:545} INFO - Filling up the DagBag from /opt/airflow/dags/dag_refresh_metadata.py
[2026-08-03T20:46:55.170+0000] {processor.py:840} INFO - DAG(s) 'refresh_matadata' retrieved from /opt/airflow/dags/dag_refresh_metadata.py
[2026-08-03T20:46:55.213+0000] {logging_mixin.py:188} INFO - [2026-08-03T20:46:55.212+0000] {dag.py:3089} INFO - Sync 1 DAGs
[2026-08-03T20:46:55.274+0000] {logging_mixin.py:188} INFO - [2026-08-03T20:46:55.274+0000] {dag.py:3947} INFO - Setting next_dagrun for refresh_matadata to 2026-08-02 00:00:00+00:00, run_after=2026-08-09 00:00:00+00:00
[2026-08-03T20:46:55.354+0000] {processor.py:183} INFO - Processing /opt/airflow/dags/dag_refresh_metadata.py took 4.154 seconds
[2026-08-03T20:47:26.635+0000] {processor.py:161} INFO - Started process (PID=990) to work on /opt/airflow/dags/dag_refresh_metadata.py
[2026-08-03T20:47:26.650+0000] {processor.py:830} INFO - Processing file /opt/airflow/dags/dag_refresh_metadata.py for tasks to queue
[2026-08-03T20:47:26.662+0000] {logging_mixin.py:188} INFO - [2026-08-03T20:47:26.661+0000] {dagbag.py:545} INFO - Filling up the DagBag from /opt/airflow/dags/dag_refresh_metadata.py
[2026-08-03T20:47:32.200+0000] {processor.py:840} INFO - DAG(s) 'refresh_matadata' retrieved from /opt/airflow/dags/dag_refresh_metadata.py
[2026-08-03T20:47:32.305+0000] {logging_mixin.py:188} INFO - [2026-08-03T20:47:32.304+0000] {dag.py:3089} INFO - Sync 1 DAGs
[2026-08-03T20:47:32.525+0000] {logging_mixin.py:188} INFO - [2026-08-03T20:47:32.524+0000] {dag.py:3947} INFO - Setting next_dagrun for refresh_matadata to 2026-08-02 00:00:00+00:00, run_after=2026-08-09 00:00:00+00:00
[2026-08-03T20:47:32.571+0000] {processor.py:183} INFO - Processing /opt/airflow/dags/dag_refresh_metadata.py took 6.062 seconds
