[2026-07-22 13:15:23,277] {taskinstance.py:1037} INFO - Dependencies all met for <TaskInstance: initialize_database.initialize_database manual__2026-07-22T13:13:16.446635+00:00 [queued]>
[2026-07-22 13:15:23,292] {taskinstance.py:1037} INFO - Dependencies all met for <TaskInstance: initialize_database.initialize_database manual__2026-07-22T13:13:16.446635+00:00 [queued]>
[2026-07-22 13:15:23,293] {taskinstance.py:1243} INFO - 
--------------------------------------------------------------------------------
[2026-07-22 13:15:23,296] {taskinstance.py:1244} INFO - Starting attempt 3 of 4
[2026-07-22 13:15:23,298] {taskinstance.py:1245} INFO - 
--------------------------------------------------------------------------------
[2026-07-22 13:15:23,317] {taskinstance.py:1264} INFO - Executing <Task(PythonOperator): initialize_database> on 2026-07-22 13:13:16.446635+00:00
[2026-07-22 13:15:23,329] {standard_task_runner.py:52} INFO - Started process 350 to run task
[2026-07-22 13:15:23,334] {standard_task_runner.py:76} INFO - Running: ['***', 'tasks', 'run', 'initialize_database', 'initialize_database', 'manual__2026-07-22T13:13:16.446635+00:00', '--job-id', '5', '--raw', '--subdir', 'DAGS_FOLDER/dag_initialize_database.py', '--cfg-path', '/tmp/tmpjd6_h7zo', '--error-file', '/tmp/tmpdct2jifm']
[2026-07-22 13:15:23,336] {standard_task_runner.py:77} INFO - Job 5: Subtask initialize_database
[2026-07-22 13:15:23,432] {logging_mixin.py:109} INFO - Running <TaskInstance: initialize_database.initialize_database manual__2026-07-22T13:13:16.446635+00:00 [running]> on host 0750e7565987
[2026-07-22 13:15:23,493] {taskinstance.py:1431} INFO - Exporting the following env vars:
AIRFLOW_CTX_DAG_OWNER=***
AIRFLOW_CTX_DAG_ID=initialize_database
AIRFLOW_CTX_TASK_ID=initialize_database
AIRFLOW_CTX_EXECUTION_DATE=2026-07-22T13:13:16.446635+00:00
AIRFLOW_CTX_DAG_RUN_ID=manual__2026-07-22T13:13:16.446635+00:00
[2026-07-22 13:15:23,496] {taskinstance.py:1718} ERROR - Task failed with exception
Traceback (most recent call last):
  File "/home/airflow/.local/lib/python3.6/site-packages/airflow/models/taskinstance.py", line 1334, in _run_raw_task
    self._execute_task_with_callbacks(context)
  File "/home/airflow/.local/lib/python3.6/site-packages/airflow/models/taskinstance.py", line 1460, in _execute_task_with_callbacks
    result = self._execute_task(context, self.task)
  File "/home/airflow/.local/lib/python3.6/site-packages/airflow/models/taskinstance.py", line 1516, in _execute_task
    result = execute_callable(context=context)
  File "/home/airflow/.local/lib/python3.6/site-packages/airflow/operators/python.py", line 174, in execute
    return_value = self.execute_callable()
  File "/home/airflow/.local/lib/python3.6/site-packages/airflow/operators/python.py", line 188, in execute_callable
    return self.python_callable(*self.op_args, **self.op_kwargs)
  File "/opt/airflow/src/parsing_func.py", line 98, in initialize_database
    conn = get_connection('postgres')
  File "/opt/airflow/src/parsing_func.py", line 87, in get_connection
    password='postgres')
  File "/home/airflow/.local/lib/python3.6/site-packages/psycopg2/__init__.py", line 122, in connect
    conn = _connect(dsn, connection_factory=connection_factory, **kwasync)
psycopg2.OperationalError: connection to server at "localhost" (::1), port 5432 failed: Connection refused
	Is the server running on that host and accepting TCP/IP connections?
connection to server at "localhost" (127.0.0.1), port 5432 failed: Connection refused
	Is the server running on that host and accepting TCP/IP connections?

[2026-07-22 13:15:23,516] {taskinstance.py:1282} INFO - Marking task as UP_FOR_RETRY. dag_id=initialize_database, task_id=initialize_database, execution_date=20260722T131316, start_date=20260722T131523, end_date=20260722T131523
[2026-07-22 13:15:23,533] {standard_task_runner.py:92} ERROR - Failed to execute job 5 for task initialize_database
Traceback (most recent call last):
  File "/home/airflow/.local/lib/python3.6/site-packages/airflow/task/task_runner/standard_task_runner.py", line 85, in _start_by_fork
    args.func(args, dag=self.dag)
  File "/home/airflow/.local/lib/python3.6/site-packages/airflow/cli/cli_parser.py", line 48, in command
    return func(*args, **kwargs)
  File "/home/airflow/.local/lib/python3.6/site-packages/airflow/utils/cli.py", line 92, in wrapper
    return f(*args, **kwargs)
  File "/home/airflow/.local/lib/python3.6/site-packages/airflow/cli/commands/task_command.py", line 298, in task_run
    _run_task_by_selected_method(args, dag, ti)
  File "/home/airflow/.local/lib/python3.6/site-packages/airflow/cli/commands/task_command.py", line 107, in _run_task_by_selected_method
    _run_raw_task(args, ti)
  File "/home/airflow/.local/lib/python3.6/site-packages/airflow/cli/commands/task_command.py", line 184, in _run_raw_task
    error_file=args.error_file,
  File "/home/airflow/.local/lib/python3.6/site-packages/airflow/utils/session.py", line 70, in wrapper
    return func(*args, session=session, **kwargs)
  File "/home/airflow/.local/lib/python3.6/site-packages/airflow/models/taskinstance.py", line 1334, in _run_raw_task
    self._execute_task_with_callbacks(context)
  File "/home/airflow/.local/lib/python3.6/site-packages/airflow/models/taskinstance.py", line 1460, in _execute_task_with_callbacks
    result = self._execute_task(context, self.task)
  File "/home/airflow/.local/lib/python3.6/site-packages/airflow/models/taskinstance.py", line 1516, in _execute_task
    result = execute_callable(context=context)
  File "/home/airflow/.local/lib/python3.6/site-packages/airflow/operators/python.py", line 174, in execute
    return_value = self.execute_callable()
  File "/home/airflow/.local/lib/python3.6/site-packages/airflow/operators/python.py", line 188, in execute_callable
    return self.python_callable(*self.op_args, **self.op_kwargs)
  File "/opt/airflow/src/parsing_func.py", line 98, in initialize_database
    conn = get_connection('postgres')
  File "/opt/airflow/src/parsing_func.py", line 87, in get_connection
    password='postgres')
  File "/home/airflow/.local/lib/python3.6/site-packages/psycopg2/__init__.py", line 122, in connect
    conn = _connect(dsn, connection_factory=connection_factory, **kwasync)
psycopg2.OperationalError: connection to server at "localhost" (::1), port 5432 failed: Connection refused
	Is the server running on that host and accepting TCP/IP connections?
connection to server at "localhost" (127.0.0.1), port 5432 failed: Connection refused
	Is the server running on that host and accepting TCP/IP connections?

[2026-07-22 13:15:23,589] {local_task_job.py:154} INFO - Task exited with return code 1
[2026-07-22 13:15:23,629] {local_task_job.py:264} INFO - 0 downstream tasks scheduled from follow-on schedule check
