[2026-07-23 12:49:32,195] {taskinstance.py:1037} INFO - Dependencies all met for <TaskInstance: initialize_database.initialize_database manual__2026-07-23T12:49:30.992896+00:00 [queued]>
[2026-07-23 12:49:32,217] {taskinstance.py:1037} INFO - Dependencies all met for <TaskInstance: initialize_database.initialize_database manual__2026-07-23T12:49:30.992896+00:00 [queued]>
[2026-07-23 12:49:32,219] {taskinstance.py:1243} INFO - 
--------------------------------------------------------------------------------
[2026-07-23 12:49:32,220] {taskinstance.py:1244} INFO - Starting attempt 1 of 4
[2026-07-23 12:49:32,223] {taskinstance.py:1245} INFO - 
--------------------------------------------------------------------------------
[2026-07-23 12:49:32,245] {taskinstance.py:1264} INFO - Executing <Task(PythonOperator): initialize_database> on 2026-07-23 12:49:30.992896+00:00
[2026-07-23 12:49:32,270] {standard_task_runner.py:76} INFO - Running: ['***', 'tasks', 'run', 'initialize_database', 'initialize_database', 'manual__2026-07-23T12:49:30.992896+00:00', '--job-id', '53', '--raw', '--subdir', 'DAGS_FOLDER/dag_initialize_database.py', '--cfg-path', '/tmp/tmpof1ky0bg', '--error-file', '/tmp/tmphh1ksxnh']
[2026-07-23 12:49:32,277] {standard_task_runner.py:77} INFO - Job 53: Subtask initialize_database
[2026-07-23 12:49:32,264] {standard_task_runner.py:52} INFO - Started process 121 to run task
[2026-07-23 12:49:32,509] {logging_mixin.py:109} INFO - Running <TaskInstance: initialize_database.initialize_database manual__2026-07-23T12:49:30.992896+00:00 [running]> on host 31a76f83581f
[2026-07-23 12:49:32,668] {taskinstance.py:1431} INFO - Exporting the following env vars:
AIRFLOW_CTX_DAG_OWNER=***
AIRFLOW_CTX_DAG_ID=initialize_database
AIRFLOW_CTX_TASK_ID=initialize_database
AIRFLOW_CTX_EXECUTION_DATE=2026-07-23T12:49:30.992896+00:00
AIRFLOW_CTX_DAG_RUN_ID=manual__2026-07-23T12:49:30.992896+00:00
[2026-07-23 12:49:32,883] {python.py:175} INFO - Done. Returned value was: None
[2026-07-23 12:49:32,909] {taskinstance.py:1282} INFO - Marking task as SUCCESS. dag_id=initialize_database, task_id=initialize_database, execution_date=20260723T124930, start_date=20260723T124932, end_date=20260723T124932
[2026-07-23 12:49:32,953] {local_task_job.py:154} INFO - Task exited with return code 0
[2026-07-23 12:49:32,989] {local_task_job.py:264} INFO - 0 downstream tasks scheduled from follow-on schedule check
