[2026-07-23 12:12:15,391] {taskinstance.py:1037} INFO - Dependencies all met for <TaskInstance: refresh_metadata.fetch_regions manual__2026-07-23T12:05:24.909629+00:00 [queued]>
[2026-07-23 12:12:15,406] {taskinstance.py:1037} INFO - Dependencies all met for <TaskInstance: refresh_metadata.fetch_regions manual__2026-07-23T12:05:24.909629+00:00 [queued]>
[2026-07-23 12:12:15,407] {taskinstance.py:1243} INFO - 
--------------------------------------------------------------------------------
[2026-07-23 12:12:15,408] {taskinstance.py:1244} INFO - Starting attempt 6 of 6
[2026-07-23 12:12:15,410] {taskinstance.py:1245} INFO - 
--------------------------------------------------------------------------------
[2026-07-23 12:12:15,428] {taskinstance.py:1264} INFO - Executing <Task(PythonOperator): fetch_regions> on 2026-07-23 12:05:24.909629+00:00
[2026-07-23 12:12:15,438] {standard_task_runner.py:52} INFO - Started process 1109 to run task
[2026-07-23 12:12:15,442] {standard_task_runner.py:76} INFO - Running: ['***', 'tasks', 'run', 'refresh_metadata', 'fetch_regions', 'manual__2026-07-23T12:05:24.909629+00:00', '--job-id', '44', '--raw', '--subdir', 'DAGS_FOLDER/dag_refresh_metadata.py', '--cfg-path', '/tmp/tmp4exdrise', '--error-file', '/tmp/tmpb0wd_ww4']
[2026-07-23 12:12:15,443] {standard_task_runner.py:77} INFO - Job 44: Subtask fetch_regions
[2026-07-23 12:12:15,527] {logging_mixin.py:109} INFO - Running <TaskInstance: refresh_metadata.fetch_regions manual__2026-07-23T12:05:24.909629+00:00 [running]> on host 06597b923496
[2026-07-23 12:12:15,591] {taskinstance.py:1431} INFO - Exporting the following env vars:
AIRFLOW_CTX_DAG_OWNER=***
AIRFLOW_CTX_DAG_ID=refresh_metadata
AIRFLOW_CTX_TASK_ID=fetch_regions
AIRFLOW_CTX_EXECUTION_DATE=2026-07-23T12:05:24.909629+00:00
AIRFLOW_CTX_DAG_RUN_ID=manual__2026-07-23T12:05:24.909629+00:00
[2026-07-23 12:12:39,107] {taskinstance.py:1718} ERROR - Task failed with exception
Traceback (most recent call last):
  File "/home/airflow/.local/lib/python3.6/site-packages/airflow/models/taskinstance.py", line 1334, in _run_raw_task
    self._execute_task_with_callbacks(context)
  File "/home/airflow/.local/lib/python3.6/site-packages/airflow/models/taskinstance.py", line 1460, in _execute_task_with_callbacks
    result = self._execute_task(context, self.task)
  File "/home/airflow/.local/lib/python3.6/site-packages/airflow/models/taskinstance.py", line 1516, in _execute_task
    result = execute_callable(context=context)
  File "/home/airflow/.local/lib/python3.6/site-packages/airflow/operators/python.py", line 174, in execute
    return_value = self.execute_callable()
  File "/home/airflow/.local/lib/python3.6/site-packages/airflow/operators/python.py", line 188, in execute_callable
    return self.python_callable(*self.op_args, **self.op_kwargs)
  File "/opt/airflow/src/parsing.py", line 55, in fetch_regions
    with get_connection() as conn:
  File "/opt/airflow/src/database.py", line 14, in get_connection
    password='postgres')
  File "/home/airflow/.local/lib/python3.6/site-packages/psycopg2/__init__.py", line 122, in connect
    conn = _connect(dsn, connection_factory=connection_factory, **kwasync)
psycopg2.OperationalError: connection to server at "localhost" (::1), port 5432 failed: Connection refused
	Is the server running on that host and accepting TCP/IP connections?
connection to server at "localhost" (127.0.0.1), port 5432 failed: Connection refused
	Is the server running on that host and accepting TCP/IP connections?

[2026-07-23 12:12:39,145] {taskinstance.py:1282} INFO - Marking task as FAILED. dag_id=refresh_metadata, task_id=fetch_regions, execution_date=20260723T120524, start_date=20260723T121215, end_date=20260723T121239
[2026-07-23 12:12:39,169] {standard_task_runner.py:92} ERROR - Failed to execute job 44 for task fetch_regions
Traceback (most recent call last):
  File "/home/airflow/.local/lib/python3.6/site-packages/airflow/task/task_runner/standard_task_runner.py", line 85, in _start_by_fork
    args.func(args, dag=self.dag)
  File "/home/airflow/.local/lib/python3.6/site-packages/airflow/cli/cli_parser.py", line 48, in command
    return func(*args, **kwargs)
  File "/home/airflow/.local/lib/python3.6/site-packages/airflow/utils/cli.py", line 92, in wrapper
    return f(*args, **kwargs)
  File "/home/airflow/.local/lib/python3.6/site-packages/airflow/cli/commands/task_command.py", line 298, in task_run
    _run_task_by_selected_method(args, dag, ti)
  File "/home/airflow/.local/lib/python3.6/site-packages/airflow/cli/commands/task_command.py", line 107, in _run_task_by_selected_method
    _run_raw_task(args, ti)
  File "/home/airflow/.local/lib/python3.6/site-packages/airflow/cli/commands/task_command.py", line 184, in _run_raw_task
    error_file=args.error_file,
  File "/home/airflow/.local/lib/python3.6/site-packages/airflow/utils/session.py", line 70, in wrapper
    return func(*args, session=session, **kwargs)
  File "/home/airflow/.local/lib/python3.6/site-packages/airflow/models/taskinstance.py", line 1334, in _run_raw_task
    self._execute_task_with_callbacks(context)
  File "/home/airflow/.local/lib/python3.6/site-packages/airflow/models/taskinstance.py", line 1460, in _execute_task_with_callbacks
    result = self._execute_task(context, self.task)
  File "/home/airflow/.local/lib/python3.6/site-packages/airflow/models/taskinstance.py", line 1516, in _execute_task
    result = execute_callable(context=context)
  File "/home/airflow/.local/lib/python3.6/site-packages/airflow/operators/python.py", line 174, in execute
    return_value = self.execute_callable()
  File "/home/airflow/.local/lib/python3.6/site-packages/airflow/operators/python.py", line 188, in execute_callable
    return self.python_callable(*self.op_args, **self.op_kwargs)
  File "/opt/airflow/src/parsing.py", line 55, in fetch_regions
    with get_connection() as conn:
  File "/opt/airflow/src/database.py", line 14, in get_connection
    password='postgres')
  File "/home/airflow/.local/lib/python3.6/site-packages/psycopg2/__init__.py", line 122, in connect
    conn = _connect(dsn, connection_factory=connection_factory, **kwasync)
psycopg2.OperationalError: connection to server at "localhost" (::1), port 5432 failed: Connection refused
	Is the server running on that host and accepting TCP/IP connections?
connection to server at "localhost" (127.0.0.1), port 5432 failed: Connection refused
	Is the server running on that host and accepting TCP/IP connections?

[2026-07-23 12:12:39,227] {local_task_job.py:154} INFO - Task exited with return code 1
[2026-07-23 12:12:39,286] {local_task_job.py:264} INFO - 0 downstream tasks scheduled from follow-on schedule check
