[2026-07-23 16:54:54,747] {taskinstance.py:1037} INFO - Dependencies all met for <TaskInstance: refresh_metadata.fetch_regions manual__2026-07-23T16:54:52.246787+00:00 [queued]>
[2026-07-23 16:54:54,765] {taskinstance.py:1037} INFO - Dependencies all met for <TaskInstance: refresh_metadata.fetch_regions manual__2026-07-23T16:54:52.246787+00:00 [queued]>
[2026-07-23 16:54:54,766] {taskinstance.py:1243} INFO - 
--------------------------------------------------------------------------------
[2026-07-23 16:54:54,768] {taskinstance.py:1244} INFO - Starting attempt 1 of 6
[2026-07-23 16:54:54,769] {taskinstance.py:1245} INFO - 
--------------------------------------------------------------------------------
[2026-07-23 16:54:54,784] {taskinstance.py:1264} INFO - Executing <Task(PythonOperator): fetch_regions> on 2026-07-23 16:54:52.246787+00:00
[2026-07-23 16:54:54,796] {standard_task_runner.py:52} INFO - Started process 112 to run task
[2026-07-23 16:54:54,801] {standard_task_runner.py:76} INFO - Running: ['***', 'tasks', 'run', 'refresh_metadata', 'fetch_regions', 'manual__2026-07-23T16:54:52.246787+00:00', '--job-id', '63', '--raw', '--subdir', 'DAGS_FOLDER/dag_refresh_metadata.py', '--cfg-path', '/tmp/tmpdqty3kce', '--error-file', '/tmp/tmp4nl3957f']
[2026-07-23 16:54:54,803] {standard_task_runner.py:77} INFO - Job 63: Subtask fetch_regions
[2026-07-23 16:54:54,896] {logging_mixin.py:109} INFO - Running <TaskInstance: refresh_metadata.fetch_regions manual__2026-07-23T16:54:52.246787+00:00 [running]> on host b616638d82b6
[2026-07-23 16:54:54,971] {taskinstance.py:1431} INFO - Exporting the following env vars:
AIRFLOW_CTX_DAG_OWNER=***
AIRFLOW_CTX_DAG_ID=refresh_metadata
AIRFLOW_CTX_TASK_ID=fetch_regions
AIRFLOW_CTX_EXECUTION_DATE=2026-07-23T16:54:52.246787+00:00
AIRFLOW_CTX_DAG_RUN_ID=manual__2026-07-23T16:54:52.246787+00:00
[2026-07-23 16:55:15,979] {python.py:175} INFO - Done. Returned value was: None
[2026-07-23 16:55:16,007] {taskinstance.py:1282} INFO - Marking task as SUCCESS. dag_id=refresh_metadata, task_id=fetch_regions, execution_date=20260723T165452, start_date=20260723T165454, end_date=20260723T165516
[2026-07-23 16:55:16,059] {local_task_job.py:154} INFO - Task exited with return code 0
[2026-07-23 16:55:16,123] {local_task_job.py:264} INFO - 1 downstream tasks scheduled from follow-on schedule check
