[2026-07-23 18:26:02,687] {taskinstance.py:1037} INFO - Dependencies all met for <TaskInstance: refresh_metadata.build_relations manual__2026-07-23T16:54:52.246787+00:00 [queued]>
[2026-07-23 18:26:02,713] {taskinstance.py:1037} INFO - Dependencies all met for <TaskInstance: refresh_metadata.build_relations manual__2026-07-23T16:54:52.246787+00:00 [queued]>
[2026-07-23 18:26:02,716] {taskinstance.py:1243} INFO - 
--------------------------------------------------------------------------------
[2026-07-23 18:26:02,718] {taskinstance.py:1244} INFO - Starting attempt 1 of 6
[2026-07-23 18:26:02,719] {taskinstance.py:1245} INFO - 
--------------------------------------------------------------------------------
[2026-07-23 18:26:02,743] {taskinstance.py:1264} INFO - Executing <Task(PythonOperator): build_relations> on 2026-07-23 16:54:52.246787+00:00
[2026-07-23 18:26:02,762] {standard_task_runner.py:52} INFO - Started process 3778 to run task
[2026-07-23 18:26:02,770] {standard_task_runner.py:76} INFO - Running: ['***', 'tasks', 'run', 'refresh_metadata', 'build_relations', 'manual__2026-07-23T16:54:52.246787+00:00', '--job-id', '67', '--raw', '--subdir', 'DAGS_FOLDER/dag_refresh_metadata.py', '--cfg-path', '/tmp/tmpexfagwcd', '--error-file', '/tmp/tmpy6rtenem']
[2026-07-23 18:26:02,772] {standard_task_runner.py:77} INFO - Job 67: Subtask build_relations
[2026-07-23 18:26:02,901] {logging_mixin.py:109} INFO - Running <TaskInstance: refresh_metadata.build_relations manual__2026-07-23T16:54:52.246787+00:00 [running]> on host 3ef60a4e8228
[2026-07-23 18:26:03,023] {taskinstance.py:1431} INFO - Exporting the following env vars:
AIRFLOW_CTX_DAG_OWNER=***
AIRFLOW_CTX_DAG_ID=refresh_metadata
AIRFLOW_CTX_TASK_ID=build_relations
AIRFLOW_CTX_EXECUTION_DATE=2026-07-23T16:54:52.246787+00:00
AIRFLOW_CTX_DAG_RUN_ID=manual__2026-07-23T16:54:52.246787+00:00
[2026-07-23 19:51:25,918] {python.py:175} INFO - Done. Returned value was: None
[2026-07-23 19:51:26,003] {taskinstance.py:1282} INFO - Marking task as SUCCESS. dag_id=refresh_metadata, task_id=build_relations, execution_date=20260723T165452, start_date=20260723T182602, end_date=20260723T195126
[2026-07-23 19:51:26,103] {local_task_job.py:154} INFO - Task exited with return code 0
[2026-07-23 19:51:26,173] {local_task_job.py:264} INFO - 0 downstream tasks scheduled from follow-on schedule check
