[2026-08-13T13:26:17.945+0000] {local_task_job_runner.py:120} INFO - ::group::Pre task execution logs
[2026-08-13T13:26:18.020+0000] {taskinstance.py:2076} INFO - Dependencies all met for dep_context=non-requeueable deps ti=<TaskInstance: refresh_matadata.produce_standings manual__2026-08-08T18:50:50.167918+00:00 [queued]>
[2026-08-13T13:26:18.041+0000] {taskinstance.py:2076} INFO - Dependencies all met for dep_context=requeueable deps ti=<TaskInstance: refresh_matadata.produce_standings manual__2026-08-08T18:50:50.167918+00:00 [queued]>
[2026-08-13T13:26:18.044+0000] {taskinstance.py:2306} INFO - Starting attempt 2 of 4
[2026-08-13T13:26:18.075+0000] {taskinstance.py:2330} INFO - Executing <Task(PythonOperator): produce_standings> on 2026-08-08 18:50:50.167918+00:00
[2026-08-13T13:26:18.100+0000] {warnings.py:112} WARNING - /home/***/.local/lib/python3.12/site-packages/***/task/task_runner/standard_task_runner.py:62: DeprecationWarning: This process (pid=130) is multi-threaded, use of fork() may lead to deadlocks in the child.
  pid = os.fork()

[2026-08-13T13:26:18.104+0000] {standard_task_runner.py:90} INFO - Running: ['***', 'tasks', 'run', 'refresh_matadata', 'produce_standings', 'manual__2026-08-08T18:50:50.167918+00:00', '--job-id', '132', '--raw', '--subdir', 'DAGS_FOLDER/dag_refresh_metadata.py', '--cfg-path', '/tmp/tmpkkioeg9l']
[2026-08-13T13:26:18.105+0000] {standard_task_runner.py:64} INFO - Started process 132 to run task
[2026-08-13T13:26:18.107+0000] {standard_task_runner.py:91} INFO - Job 132: Subtask produce_standings
[2026-08-13T13:26:18.205+0000] {task_command.py:426} INFO - Running <TaskInstance: refresh_matadata.produce_standings manual__2026-08-08T18:50:50.167918+00:00 [running]> on host c0118776f49e
[2026-08-13T13:26:18.377+0000] {taskinstance.py:2648} INFO - Exporting env vars: AIRFLOW_CTX_DAG_OWNER='***' AIRFLOW_CTX_DAG_ID='refresh_matadata' AIRFLOW_CTX_TASK_ID='produce_standings' AIRFLOW_CTX_EXECUTION_DATE='2026-08-08T18:50:50.167918+00:00' AIRFLOW_CTX_TRY_NUMBER='2' AIRFLOW_CTX_DAG_RUN_ID='manual__2026-08-08T18:50:50.167918+00:00'
[2026-08-13T13:26:18.381+0000] {taskinstance.py:430} INFO - ::endgroup::
[2026-08-13T13:26:22.394+0000] {taskinstance.py:441} INFO - ::group::Post task execution logs
[2026-08-13T13:26:22.409+0000] {taskinstance.py:2905} ERROR - Task failed with exception
Traceback (most recent call last):
  File "/home/airflow/.local/lib/python3.12/site-packages/airflow/models/taskinstance.py", line 465, in _execute_task
    result = _execute_callable(context=context, **execute_callable_kwargs)
             ^^^^^^^^^^^^^^^^^^^^^^^^^^^^^^^^^^^^^^^^^^^^^^^^^^^^^^^^^^^^^
  File "/home/airflow/.local/lib/python3.12/site-packages/airflow/models/taskinstance.py", line 432, in _execute_callable
    return execute_callable(context=context, **execute_callable_kwargs)
           ^^^^^^^^^^^^^^^^^^^^^^^^^^^^^^^^^^^^^^^^^^^^^^^^^^^^^^^^^^^^
  File "/home/airflow/.local/lib/python3.12/site-packages/airflow/models/baseoperator.py", line 401, in wrapper
    return func(self, *args, **kwargs)
           ^^^^^^^^^^^^^^^^^^^^^^^^^^^
  File "/home/airflow/.local/lib/python3.12/site-packages/airflow/operators/python.py", line 235, in execute
    return_value = self.execute_callable()
                   ^^^^^^^^^^^^^^^^^^^^^^^
  File "/home/airflow/.local/lib/python3.12/site-packages/airflow/operators/python.py", line 252, in execute_callable
    return self.python_callable(*self.op_args, **self.op_kwargs)
           ^^^^^^^^^^^^^^^^^^^^^^^^^^^^^^^^^^^^^^^^^^^^^^^^^^^^^
  File "/opt/airflow/src/producers.py", line 128, in produce_standings
    conn = get_connection()
           ^^^^^^^^^^^^^^^^
  File "/opt/airflow/src/connections.py", line 15, in get_connection
    return psycopg2.connect(
           ^^^^^^^^^^^^^^^^^
  File "/home/airflow/.local/lib/python3.12/site-packages/psycopg2/__init__.py", line 122, in connect
    conn = _connect(dsn, connection_factory=connection_factory, **kwasync)
           ^^^^^^^^^^^^^^^^^^^^^^^^^^^^^^^^^^^^^^^^^^^^^^^^^^^^^^^^^^^^^^^
psycopg2.OperationalError: could not translate host name "warehous-postgres" to address: No address associated with hostname

[2026-08-13T13:26:22.520+0000] {taskinstance.py:1206} INFO - Marking task as UP_FOR_RETRY. dag_id=refresh_matadata, task_id=produce_standings, run_id=manual__2026-08-08T18:50:50.167918+00:00, execution_date=20260808T185050, start_date=20260813T132618, end_date=20260813T132622
[2026-08-13T13:26:22.719+0000] {standard_task_runner.py:110} ERROR - Failed to execute job 132 for task produce_standings (could not translate host name "warehous-postgres" to address: No address associated with hostname
; 132)
[2026-08-13T13:26:22.785+0000] {local_task_job_runner.py:243} INFO - Task exited with return code 1
[2026-08-13T13:26:22.853+0000] {taskinstance.py:3503} INFO - 0 downstream tasks scheduled from follow-on schedule check
[2026-08-13T13:26:22.870+0000] {local_task_job_runner.py:222} INFO - ::endgroup::
