[2026-08-08T18:51:39.495+0000] {local_task_job_runner.py:120} INFO - ::group::Pre task execution logs
[2026-08-08T18:51:39.665+0000] {taskinstance.py:2076} INFO - Dependencies all met for dep_context=non-requeueable deps ti=<TaskInstance: refresh_matadata.produce_standings manual__2026-08-08T18:50:50.167918+00:00 [queued]>
[2026-08-08T18:51:39.712+0000] {taskinstance.py:2076} INFO - Dependencies all met for dep_context=requeueable deps ti=<TaskInstance: refresh_matadata.produce_standings manual__2026-08-08T18:50:50.167918+00:00 [queued]>
[2026-08-08T18:51:39.719+0000] {taskinstance.py:2306} INFO - Starting attempt 1 of 4
[2026-08-08T18:51:39.787+0000] {taskinstance.py:2330} INFO - Executing <Task(PythonOperator): produce_standings> on 2026-08-08 18:50:50.167918+00:00
[2026-08-08T18:51:39.825+0000] {warnings.py:112} WARNING - /home/***/.local/lib/python3.12/site-packages/***/task/task_runner/standard_task_runner.py:62: DeprecationWarning: This process (pid=950) is multi-threaded, use of fork() may lead to deadlocks in the child.
  pid = os.fork()

[2026-08-08T18:51:39.835+0000] {standard_task_runner.py:64} INFO - Started process 952 to run task
[2026-08-08T18:51:39.829+0000] {standard_task_runner.py:90} INFO - Running: ['***', 'tasks', 'run', 'refresh_matadata', 'produce_standings', 'manual__2026-08-08T18:50:50.167918+00:00', '--job-id', '125', '--raw', '--subdir', 'DAGS_FOLDER/dag_refresh_metadata.py', '--cfg-path', '/tmp/tmp735j9mzn']
[2026-08-08T18:51:39.843+0000] {standard_task_runner.py:91} INFO - Job 125: Subtask produce_standings
[2026-08-08T18:51:40.062+0000] {task_command.py:426} INFO - Running <TaskInstance: refresh_matadata.produce_standings manual__2026-08-08T18:50:50.167918+00:00 [running]> on host ba551977d0ec
[2026-08-08T18:51:40.338+0000] {taskinstance.py:2648} INFO - Exporting env vars: AIRFLOW_CTX_DAG_OWNER='***' AIRFLOW_CTX_DAG_ID='refresh_matadata' AIRFLOW_CTX_TASK_ID='produce_standings' AIRFLOW_CTX_EXECUTION_DATE='2026-08-08T18:50:50.167918+00:00' AIRFLOW_CTX_TRY_NUMBER='1' AIRFLOW_CTX_DAG_RUN_ID='manual__2026-08-08T18:50:50.167918+00:00'
[2026-08-08T18:51:40.343+0000] {taskinstance.py:430} INFO - ::endgroup::
[2026-08-08T20:00:08.273+0000] {logging_mixin.py:188} INFO - что-то не так, проверьте подключение или впн
[2026-08-08T20:00:12.764+0000] {logging_mixin.py:188} INFO - что-то не так, проверьте подключение или впн
[2026-08-08T20:00:23.201+0000] {logging_mixin.py:188} INFO - что-то не так, проверьте подключение или впн
[2026-08-08T20:00:32.261+0000] {logging_mixin.py:188} INFO - что-то не так, проверьте подключение или впн
[2026-08-08T20:00:40.293+0000] {logging_mixin.py:188} INFO - что-то не так, проверьте подключение или впн
[2026-08-08T20:00:48.306+0000] {logging_mixin.py:188} INFO - что-то не так, проверьте подключение или впн
[2026-08-08T20:00:57.322+0000] {logging_mixin.py:188} INFO - что-то не так, проверьте подключение или впн
[2026-08-08T20:01:06.329+0000] {logging_mixin.py:188} INFO - что-то не так, проверьте подключение или впн
[2026-08-08T20:01:15.340+0000] {logging_mixin.py:188} INFO - что-то не так, проверьте подключение или впн
[2026-08-08T20:01:24.390+0000] {logging_mixin.py:188} INFO - что-то не так, проверьте подключение или впн
[2026-08-08T20:01:32.459+0000] {logging_mixin.py:188} INFO - что-то не так, проверьте подключение или впн
[2026-08-08T20:01:40.480+0000] {logging_mixin.py:188} INFO - что-то не так, проверьте подключение или впн
[2026-08-08T20:01:49.487+0000] {logging_mixin.py:188} INFO - что-то не так, проверьте подключение или впн
[2026-08-08T20:01:57.496+0000] {logging_mixin.py:188} INFO - что-то не так, проверьте подключение или впн
[2026-08-08T20:02:05.503+0000] {logging_mixin.py:188} INFO - что-то не так, проверьте подключение или впн
[2026-08-08T20:02:14.525+0000] {logging_mixin.py:188} INFO - что-то не так, проверьте подключение или впн
[2026-08-08T20:02:22.536+0000] {logging_mixin.py:188} INFO - что-то не так, проверьте подключение или впн
[2026-08-08T20:02:30.677+0000] {logging_mixin.py:188} INFO - что-то не так, проверьте подключение или впн
[2026-08-08T20:02:39.121+0000] {logging_mixin.py:188} INFO - что-то не так, проверьте подключение или впн
[2026-08-08T20:02:48.280+0000] {logging_mixin.py:188} INFO - что-то не так, проверьте подключение или впн
[2026-08-08T20:02:55.175+0000] {logging_mixin.py:188} INFO - что-то не так, проверьте подключение или впн
[2026-08-08T20:03:03.294+0000] {logging_mixin.py:188} INFO - что-то не так, проверьте подключение или впн
[2026-08-08T20:03:11.335+0000] {logging_mixin.py:188} INFO - что-то не так, проверьте подключение или впн
[2026-08-08T20:03:19.007+0000] {logging_mixin.py:188} INFO - что-то не так, проверьте подключение или впн
[2026-08-08T20:03:28.321+0000] {logging_mixin.py:188} INFO - что-то не так, проверьте подключение или впн
[2026-08-08T20:03:37.350+0000] {logging_mixin.py:188} INFO - что-то не так, проверьте подключение или впн
[2026-08-08T20:03:45.432+0000] {logging_mixin.py:188} INFO - что-то не так, проверьте подключение или впн
[2026-08-08T20:03:52.889+0000] {logging_mixin.py:188} INFO - что-то не так, проверьте подключение или впн
[2026-08-08T20:04:00.966+0000] {logging_mixin.py:188} INFO - что-то не так, проверьте подключение или впн
[2026-08-08T20:04:11.035+0000] {logging_mixin.py:188} INFO - что-то не так, проверьте подключение или впн
[2026-08-08T20:04:22.790+0000] {logging_mixin.py:188} INFO - что-то не так, проверьте подключение или впн
[2026-08-08T20:04:34.867+0000] {logging_mixin.py:188} INFO - что-то не так, проверьте подключение или впн
[2026-08-08T20:04:36.620+0000] {job.py:218} ERROR - Job heartbeat got an exception
Traceback (most recent call last):
  File "/home/airflow/.local/lib/python3.12/site-packages/sqlalchemy/engine/base.py", line 3371, in _wrap_pool_connect
    return fn()
           ^^^^
  File "/home/airflow/.local/lib/python3.12/site-packages/sqlalchemy/pool/base.py", line 327, in connect
    return _ConnectionFairy._checkout(self)
           ^^^^^^^^^^^^^^^^^^^^^^^^^^^^^^^^
  File "/home/airflow/.local/lib/python3.12/site-packages/sqlalchemy/pool/base.py", line 894, in _checkout
    fairy = _ConnectionRecord.checkout(pool)
            ^^^^^^^^^^^^^^^^^^^^^^^^^^^^^^^^
  File "/home/airflow/.local/lib/python3.12/site-packages/sqlalchemy/pool/base.py", line 493, in checkout
    rec = pool._do_get()
          ^^^^^^^^^^^^^^
  File "/home/airflow/.local/lib/python3.12/site-packages/sqlalchemy/pool/impl.py", line 256, in _do_get
    return self._create_connection()
           ^^^^^^^^^^^^^^^^^^^^^^^^^
  File "/home/airflow/.local/lib/python3.12/site-packages/sqlalchemy/pool/base.py", line 273, in _create_connection
    return _ConnectionRecord(self)
           ^^^^^^^^^^^^^^^^^^^^^^^
  File "/home/airflow/.local/lib/python3.12/site-packages/sqlalchemy/pool/base.py", line 388, in __init__
    self.__connect()
  File "/home/airflow/.local/lib/python3.12/site-packages/sqlalchemy/pool/base.py", line 690, in __connect
    with util.safe_reraise():
  File "/home/airflow/.local/lib/python3.12/site-packages/sqlalchemy/util/langhelpers.py", line 70, in __exit__
    compat.raise_(
  File "/home/airflow/.local/lib/python3.12/site-packages/sqlalchemy/util/compat.py", line 211, in raise_
    raise exception
  File "/home/airflow/.local/lib/python3.12/site-packages/sqlalchemy/pool/base.py", line 686, in __connect
    self.dbapi_connection = connection = pool._invoke_creator(self)
                                         ^^^^^^^^^^^^^^^^^^^^^^^^^^
  File "/home/airflow/.local/lib/python3.12/site-packages/sqlalchemy/engine/create.py", line 574, in connect
    return dialect.connect(*cargs, **cparams)
           ^^^^^^^^^^^^^^^^^^^^^^^^^^^^^^^^^^
  File "/home/airflow/.local/lib/python3.12/site-packages/sqlalchemy/engine/default.py", line 598, in connect
    return self.dbapi.connect(*cargs, **cparams)
           ^^^^^^^^^^^^^^^^^^^^^^^^^^^^^^^^^^^^^
  File "/home/airflow/.local/lib/python3.12/site-packages/psycopg2/__init__.py", line 122, in connect
    conn = _connect(dsn, connection_factory=connection_factory, **kwasync)
           ^^^^^^^^^^^^^^^^^^^^^^^^^^^^^^^^^^^^^^^^^^^^^^^^^^^^^^^^^^^^^^^
psycopg2.OperationalError: could not translate host name "***-postgres" to address: Temporary failure in name resolution


The above exception was the direct cause of the following exception:

Traceback (most recent call last):
  File "/home/airflow/.local/lib/python3.12/site-packages/airflow/jobs/job.py", line 192, in heartbeat
    self._merge_from(Job._fetch_from_db(self, session))
                     ^^^^^^^^^^^^^^^^^^^^^^^^^^^^^^^^^
  File "/home/airflow/.local/lib/python3.12/site-packages/airflow/api_internal/internal_api_call.py", line 115, in wrapper
    return func(*args, **kwargs)
           ^^^^^^^^^^^^^^^^^^^^^
  File "/home/airflow/.local/lib/python3.12/site-packages/airflow/utils/session.py", line 76, in wrapper
    return func(*args, **kwargs)
           ^^^^^^^^^^^^^^^^^^^^^
  File "/home/airflow/.local/lib/python3.12/site-packages/airflow/utils/retries.py", line 89, in wrapped_function
    for attempt in run_with_db_retries(max_retries=retries, logger=logger, **retry_kwargs):
  File "/home/airflow/.local/lib/python3.12/site-packages/tenacity/__init__.py", line 443, in __iter__
    do = self.iter(retry_state=retry_state)
         ^^^^^^^^^^^^^^^^^^^^^^^^^^^^^^^^^^
  File "/home/airflow/.local/lib/python3.12/site-packages/tenacity/__init__.py", line 376, in iter
    result = action(retry_state)
             ^^^^^^^^^^^^^^^^^^^
  File "/home/airflow/.local/lib/python3.12/site-packages/tenacity/__init__.py", line 418, in exc_check
    raise retry_exc.reraise()
          ^^^^^^^^^^^^^^^^^^^
  File "/home/airflow/.local/lib/python3.12/site-packages/tenacity/__init__.py", line 185, in reraise
    raise self.last_attempt.result()
          ^^^^^^^^^^^^^^^^^^^^^^^^^^
  File "/usr/local/lib/python3.12/concurrent/futures/_base.py", line 449, in result
    return self.__get_result()
           ^^^^^^^^^^^^^^^^^^^
  File "/usr/local/lib/python3.12/concurrent/futures/_base.py", line 401, in __get_result
    raise self._exception
  File "/home/airflow/.local/lib/python3.12/site-packages/airflow/utils/retries.py", line 98, in wrapped_function
    return func(*args, **kwargs)
           ^^^^^^^^^^^^^^^^^^^^^
  File "/home/airflow/.local/lib/python3.12/site-packages/airflow/jobs/job.py", line 316, in _fetch_from_db
    session.merge(job)
  File "/home/airflow/.local/lib/python3.12/site-packages/sqlalchemy/orm/session.py", line 3056, in merge
    return self._merge(
           ^^^^^^^^^^^^
  File "/home/airflow/.local/lib/python3.12/site-packages/sqlalchemy/orm/session.py", line 3136, in _merge
    merged = self.get(
             ^^^^^^^^^
  File "/home/airflow/.local/lib/python3.12/site-packages/sqlalchemy/orm/session.py", line 2853, in get
    return self._get_impl(
           ^^^^^^^^^^^^^^^
  File "/home/airflow/.local/lib/python3.12/site-packages/sqlalchemy/orm/session.py", line 2975, in _get_impl
    return db_load_fn(
           ^^^^^^^^^^^
  File "/home/airflow/.local/lib/python3.12/site-packages/sqlalchemy/orm/loading.py", line 530, in load_on_pk_identity
    session.execute(
  File "/home/airflow/.local/lib/python3.12/site-packages/sqlalchemy/orm/session.py", line 1716, in execute
    conn = self._connection_for_bind(bind)
           ^^^^^^^^^^^^^^^^^^^^^^^^^^^^^^^
  File "/home/airflow/.local/lib/python3.12/site-packages/sqlalchemy/orm/session.py", line 1555, in _connection_for_bind
    return self._transaction._connection_for_bind(
           ^^^^^^^^^^^^^^^^^^^^^^^^^^^^^^^^^^^^^^^
  File "/home/airflow/.local/lib/python3.12/site-packages/sqlalchemy/orm/session.py", line 750, in _connection_for_bind
    conn = bind.connect()
           ^^^^^^^^^^^^^^
  File "/home/airflow/.local/lib/python3.12/site-packages/sqlalchemy/future/engine.py", line 412, in connect
    return super(Engine, self).connect()
           ^^^^^^^^^^^^^^^^^^^^^^^^^^^^^
  File "/home/airflow/.local/lib/python3.12/site-packages/sqlalchemy/engine/base.py", line 3325, in connect
    return self._connection_cls(self, close_with_result=close_with_result)
           ^^^^^^^^^^^^^^^^^^^^^^^^^^^^^^^^^^^^^^^^^^^^^^^^^^^^^^^^^^^^^^^
  File "/home/airflow/.local/lib/python3.12/site-packages/sqlalchemy/engine/base.py", line 96, in __init__
    else engine.raw_connection()
         ^^^^^^^^^^^^^^^^^^^^^^^
  File "/home/airflow/.local/lib/python3.12/site-packages/sqlalchemy/engine/base.py", line 3404, in raw_connection
    return self._wrap_pool_connect(self.pool.connect, _connection)
           ^^^^^^^^^^^^^^^^^^^^^^^^^^^^^^^^^^^^^^^^^^^^^^^^^^^^^^^
  File "/home/airflow/.local/lib/python3.12/site-packages/sqlalchemy/engine/base.py", line 3374, in _wrap_pool_connect
    Connection._handle_dbapi_exception_noconnection(
  File "/home/airflow/.local/lib/python3.12/site-packages/sqlalchemy/engine/base.py", line 2208, in _handle_dbapi_exception_noconnection
    util.raise_(
  File "/home/airflow/.local/lib/python3.12/site-packages/sqlalchemy/util/compat.py", line 211, in raise_
    raise exception
  File "/home/airflow/.local/lib/python3.12/site-packages/sqlalchemy/engine/base.py", line 3371, in _wrap_pool_connect
    return fn()
           ^^^^
  File "/home/airflow/.local/lib/python3.12/site-packages/sqlalchemy/pool/base.py", line 327, in connect
    return _ConnectionFairy._checkout(self)
           ^^^^^^^^^^^^^^^^^^^^^^^^^^^^^^^^
  File "/home/airflow/.local/lib/python3.12/site-packages/sqlalchemy/pool/base.py", line 894, in _checkout
    fairy = _ConnectionRecord.checkout(pool)
            ^^^^^^^^^^^^^^^^^^^^^^^^^^^^^^^^
  File "/home/airflow/.local/lib/python3.12/site-packages/sqlalchemy/pool/base.py", line 493, in checkout
    rec = pool._do_get()
          ^^^^^^^^^^^^^^
  File "/home/airflow/.local/lib/python3.12/site-packages/sqlalchemy/pool/impl.py", line 256, in _do_get
    return self._create_connection()
           ^^^^^^^^^^^^^^^^^^^^^^^^^
  File "/home/airflow/.local/lib/python3.12/site-packages/sqlalchemy/pool/base.py", line 273, in _create_connection
    return _ConnectionRecord(self)
           ^^^^^^^^^^^^^^^^^^^^^^^
  File "/home/airflow/.local/lib/python3.12/site-packages/sqlalchemy/pool/base.py", line 388, in __init__
    self.__connect()
  File "/home/airflow/.local/lib/python3.12/site-packages/sqlalchemy/pool/base.py", line 690, in __connect
    with util.safe_reraise():
  File "/home/airflow/.local/lib/python3.12/site-packages/sqlalchemy/util/langhelpers.py", line 70, in __exit__
    compat.raise_(
  File "/home/airflow/.local/lib/python3.12/site-packages/sqlalchemy/util/compat.py", line 211, in raise_
    raise exception
  File "/home/airflow/.local/lib/python3.12/site-packages/sqlalchemy/pool/base.py", line 686, in __connect
    self.dbapi_connection = connection = pool._invoke_creator(self)
                                         ^^^^^^^^^^^^^^^^^^^^^^^^^^
  File "/home/airflow/.local/lib/python3.12/site-packages/sqlalchemy/engine/create.py", line 574, in connect
    return dialect.connect(*cargs, **cparams)
           ^^^^^^^^^^^^^^^^^^^^^^^^^^^^^^^^^^
  File "/home/airflow/.local/lib/python3.12/site-packages/sqlalchemy/engine/default.py", line 598, in connect
    return self.dbapi.connect(*cargs, **cparams)
           ^^^^^^^^^^^^^^^^^^^^^^^^^^^^^^^^^^^^^
  File "/home/airflow/.local/lib/python3.12/site-packages/psycopg2/__init__.py", line 122, in connect
    conn = _connect(dsn, connection_factory=connection_factory, **kwasync)
           ^^^^^^^^^^^^^^^^^^^^^^^^^^^^^^^^^^^^^^^^^^^^^^^^^^^^^^^^^^^^^^^
sqlalchemy.exc.OperationalError: (psycopg2.OperationalError) could not translate host name "***-postgres" to address: Temporary failure in name resolution

(Background on this error at: https://sqlalche.me/e/14/e3q8)
[2026-08-08T20:04:38.876+0000] {job.py:226} ERROR - Job heartbeat failed with error. Scheduler is in unhealthy state
[2026-08-08T20:04:44.608+0000] {logging_mixin.py:188} INFO - что-то не так, проверьте подключение или впн
[2026-08-08T20:04:53.689+0000] {logging_mixin.py:188} INFO - что-то не так, проверьте подключение или впн
[2026-08-08T20:05:01.704+0000] {logging_mixin.py:188} INFO - что-то не так, проверьте подключение или впн
[2026-08-08T20:05:09.714+0000] {logging_mixin.py:188} INFO - что-то не так, проверьте подключение или впн
[2026-08-08T20:05:18.729+0000] {logging_mixin.py:188} INFO - что-то не так, проверьте подключение или впн
[2026-08-08T20:05:26.762+0000] {logging_mixin.py:188} INFO - что-то не так, проверьте подключение или впн
[2026-08-08T20:05:34.782+0000] {logging_mixin.py:188} INFO - что-то не так, проверьте подключение или впн
[2026-08-08T20:05:42.916+0000] {logging_mixin.py:188} INFO - что-то не так, проверьте подключение или впн
