[2026-08-13T13:30:40.758+0000] {local_task_job_runner.py:120} INFO - ::group::Pre task execution logs
[2026-08-13T13:30:40.834+0000] {taskinstance.py:2076} INFO - Dependencies all met for dep_context=non-requeueable deps ti=<TaskInstance: refresh_matadata.produce_standings manual__2026-08-08T18:50:50.167918+00:00 [queued]>
[2026-08-13T13:30:40.868+0000] {taskinstance.py:2076} INFO - Dependencies all met for dep_context=requeueable deps ti=<TaskInstance: refresh_matadata.produce_standings manual__2026-08-08T18:50:50.167918+00:00 [queued]>
[2026-08-13T13:30:40.875+0000] {taskinstance.py:2306} INFO - Starting attempt 4 of 4
[2026-08-13T13:30:40.917+0000] {taskinstance.py:2330} INFO - Executing <Task(PythonOperator): produce_standings> on 2026-08-08 18:50:50.167918+00:00
[2026-08-13T13:30:40.959+0000] {standard_task_runner.py:90} INFO - Running: ['***', 'tasks', 'run', 'refresh_matadata', 'produce_standings', 'manual__2026-08-08T18:50:50.167918+00:00', '--job-id', '134', '--raw', '--subdir', 'DAGS_FOLDER/dag_refresh_metadata.py', '--cfg-path', '/tmp/tmpjgoo_30h']
[2026-08-13T13:30:40.964+0000] {standard_task_runner.py:91} INFO - Job 134: Subtask produce_standings
[2026-08-13T13:30:40.959+0000] {warnings.py:112} WARNING - /home/***/.local/lib/python3.12/site-packages/***/task/task_runner/standard_task_runner.py:62: DeprecationWarning: This process (pid=244) is multi-threaded, use of fork() may lead to deadlocks in the child.
  pid = os.fork()

[2026-08-13T13:30:40.971+0000] {standard_task_runner.py:64} INFO - Started process 246 to run task
[2026-08-13T13:30:41.127+0000] {task_command.py:426} INFO - Running <TaskInstance: refresh_matadata.produce_standings manual__2026-08-08T18:50:50.167918+00:00 [running]> on host 202f540b7203
[2026-08-13T13:30:41.381+0000] {taskinstance.py:2648} INFO - Exporting env vars: AIRFLOW_CTX_DAG_OWNER='***' AIRFLOW_CTX_DAG_ID='refresh_matadata' AIRFLOW_CTX_TASK_ID='produce_standings' AIRFLOW_CTX_EXECUTION_DATE='2026-08-08T18:50:50.167918+00:00' AIRFLOW_CTX_TRY_NUMBER='4' AIRFLOW_CTX_DAG_RUN_ID='manual__2026-08-08T18:50:50.167918+00:00'
[2026-08-13T13:30:41.388+0000] {taskinstance.py:430} INFO - ::endgroup::
[2026-08-13T13:30:45.406+0000] {taskinstance.py:441} INFO - ::group::Post task execution logs
[2026-08-13T13:30:45.409+0000] {taskinstance.py:2905} ERROR - Task failed with exception
Traceback (most recent call last):
  File "/home/airflow/.local/lib/python3.12/site-packages/airflow/models/taskinstance.py", line 465, in _execute_task
    result = _execute_callable(context=context, **execute_callable_kwargs)
             ^^^^^^^^^^^^^^^^^^^^^^^^^^^^^^^^^^^^^^^^^^^^^^^^^^^^^^^^^^^^^
  File "/home/airflow/.local/lib/python3.12/site-packages/airflow/models/taskinstance.py", line 432, in _execute_callable
    return execute_callable(context=context, **execute_callable_kwargs)
           ^^^^^^^^^^^^^^^^^^^^^^^^^^^^^^^^^^^^^^^^^^^^^^^^^^^^^^^^^^^^
  File "/home/airflow/.local/lib/python3.12/site-packages/airflow/models/baseoperator.py", line 401, in wrapper
    return func(self, *args, **kwargs)
           ^^^^^^^^^^^^^^^^^^^^^^^^^^^
  File "/home/airflow/.local/lib/python3.12/site-packages/airflow/operators/python.py", line 235, in execute
    return_value = self.execute_callable()
                   ^^^^^^^^^^^^^^^^^^^^^^^
  File "/home/airflow/.local/lib/python3.12/site-packages/airflow/operators/python.py", line 252, in execute_callable
    return self.python_callable(*self.op_args, **self.op_kwargs)
           ^^^^^^^^^^^^^^^^^^^^^^^^^^^^^^^^^^^^^^^^^^^^^^^^^^^^^
  File "/opt/airflow/src/producers.py", line 128, in produce_standings
    conn = get_connection()
           ^^^^^^^^^^^^^^^^
  File "/opt/airflow/src/connections.py", line 15, in get_connection
    return psycopg2.connect(
           ^^^^^^^^^^^^^^^^^
  File "/home/airflow/.local/lib/python3.12/site-packages/psycopg2/__init__.py", line 122, in connect
    conn = _connect(dsn, connection_factory=connection_factory, **kwasync)
           ^^^^^^^^^^^^^^^^^^^^^^^^^^^^^^^^^^^^^^^^^^^^^^^^^^^^^^^^^^^^^^^
psycopg2.OperationalError: could not translate host name "warehous-postgres" to address: No address associated with hostname

[2026-08-13T13:30:45.446+0000] {taskinstance.py:1206} INFO - Marking task as FAILED. dag_id=refresh_matadata, task_id=produce_standings, run_id=manual__2026-08-08T18:50:50.167918+00:00, execution_date=20260808T185050, start_date=20260813T133040, end_date=20260813T133045
[2026-08-13T13:30:45.476+0000] {standard_task_runner.py:110} ERROR - Failed to execute job 134 for task produce_standings (could not translate host name "warehous-postgres" to address: No address associated with hostname
; 246)
[2026-08-13T13:30:45.515+0000] {local_task_job_runner.py:243} INFO - Task exited with return code 1
[2026-08-13T13:30:45.537+0000] {taskinstance.py:3503} INFO - 0 downstream tasks scheduled from follow-on schedule check
[2026-08-13T13:30:45.541+0000] {local_task_job_runner.py:222} INFO - ::endgroup::
