[2026-07-23 16:55:35,738] {taskinstance.py:1037} INFO - Dependencies all met for <TaskInstance: refresh_metadata.fetch_seasons manual__2026-07-23T16:54:52.246787+00:00 [queued]>
[2026-07-23 16:55:35,758] {taskinstance.py:1037} INFO - Dependencies all met for <TaskInstance: refresh_metadata.fetch_seasons manual__2026-07-23T16:54:52.246787+00:00 [queued]>
[2026-07-23 16:55:35,760] {taskinstance.py:1243} INFO - 
--------------------------------------------------------------------------------
[2026-07-23 16:55:35,762] {taskinstance.py:1244} INFO - Starting attempt 1 of 6
[2026-07-23 16:55:35,763] {taskinstance.py:1245} INFO - 
--------------------------------------------------------------------------------
[2026-07-23 16:55:35,781] {taskinstance.py:1264} INFO - Executing <Task(PythonOperator): fetch_seasons> on 2026-07-23 16:54:52.246787+00:00
[2026-07-23 16:55:35,795] {standard_task_runner.py:52} INFO - Started process 146 to run task
[2026-07-23 16:55:35,800] {standard_task_runner.py:76} INFO - Running: ['***', 'tasks', 'run', 'refresh_metadata', 'fetch_seasons', 'manual__2026-07-23T16:54:52.246787+00:00', '--job-id', '65', '--raw', '--subdir', 'DAGS_FOLDER/dag_refresh_metadata.py', '--cfg-path', '/tmp/tmp1x8rkkz9', '--error-file', '/tmp/tmp87ihgmj3']
[2026-07-23 16:55:35,802] {standard_task_runner.py:77} INFO - Job 65: Subtask fetch_seasons
[2026-07-23 16:55:35,919] {logging_mixin.py:109} INFO - Running <TaskInstance: refresh_metadata.fetch_seasons manual__2026-07-23T16:54:52.246787+00:00 [running]> on host b616638d82b6
[2026-07-23 16:55:36,005] {taskinstance.py:1431} INFO - Exporting the following env vars:
AIRFLOW_CTX_DAG_OWNER=***
AIRFLOW_CTX_DAG_ID=refresh_metadata
AIRFLOW_CTX_TASK_ID=fetch_seasons
AIRFLOW_CTX_EXECUTION_DATE=2026-07-23T16:54:52.246787+00:00
AIRFLOW_CTX_DAG_RUN_ID=manual__2026-07-23T16:54:52.246787+00:00
[2026-07-23 17:01:17,939] {python.py:175} INFO - Done. Returned value was: None
[2026-07-23 17:01:17,954] {taskinstance.py:1282} INFO - Marking task as SUCCESS. dag_id=refresh_metadata, task_id=fetch_seasons, execution_date=20260723T165452, start_date=20260723T165535, end_date=20260723T170117
[2026-07-23 17:01:18,016] {local_task_job.py:154} INFO - Task exited with return code 0
[2026-07-23 17:01:18,055] {local_task_job.py:264} INFO - 1 downstream tasks scheduled from follow-on schedule check
