[2026-08-04T08:07:51.692+0000] {local_task_job_runner.py:120} INFO - ::group::Pre task execution logs
[2026-08-04T08:07:51.854+0000] {taskinstance.py:2076} INFO - Dependencies all met for dep_context=non-requeueable deps ti=<TaskInstance: update_matches.update_matches scheduled__2026-08-03T00:00:00+00:00 [queued]>
[2026-08-04T08:07:51.931+0000] {taskinstance.py:2076} INFO - Dependencies all met for dep_context=requeueable deps ti=<TaskInstance: update_matches.update_matches scheduled__2026-08-03T00:00:00+00:00 [queued]>
[2026-08-04T08:07:51.940+0000] {taskinstance.py:2306} INFO - Starting attempt 4 of 6
[2026-08-04T08:07:52.064+0000] {taskinstance.py:2330} INFO - Executing <Task(PythonOperator): update_matches> on 2026-08-03 00:00:00+00:00
[2026-08-04T08:07:52.189+0000] {warnings.py:112} WARNING - /home/***/.local/lib/python3.12/site-packages/***/task/task_runner/standard_task_runner.py:62: DeprecationWarning: This process (pid=411) is multi-threaded, use of fork() may lead to deadlocks in the child.
  pid = os.fork()

[2026-08-04T08:07:52.214+0000] {standard_task_runner.py:64} INFO - Started process 420 to run task
[2026-08-04T08:07:52.185+0000] {standard_task_runner.py:90} INFO - Running: ['***', 'tasks', 'run', 'update_matches', 'update_matches', 'scheduled__2026-08-03T00:00:00+00:00', '--job-id', '91', '--raw', '--subdir', 'DAGS_FOLDER/dag_update_matches.py', '--cfg-path', '/tmp/tmp1assttx8']
[2026-08-04T08:07:52.231+0000] {standard_task_runner.py:91} INFO - Job 91: Subtask update_matches
[2026-08-04T08:07:52.569+0000] {task_command.py:426} INFO - Running <TaskInstance: update_matches.update_matches scheduled__2026-08-03T00:00:00+00:00 [running]> on host f6392dfd9a5c
[2026-08-04T08:07:52.892+0000] {taskinstance.py:2648} INFO - Exporting env vars: AIRFLOW_CTX_DAG_OWNER='***' AIRFLOW_CTX_DAG_ID='update_matches' AIRFLOW_CTX_TASK_ID='update_matches' AIRFLOW_CTX_EXECUTION_DATE='2026-08-03T00:00:00+00:00' AIRFLOW_CTX_TRY_NUMBER='4' AIRFLOW_CTX_DAG_RUN_ID='scheduled__2026-08-03T00:00:00+00:00'
[2026-08-04T08:07:52.898+0000] {taskinstance.py:430} INFO - ::endgroup::
[2026-08-04T08:07:52.920+0000] {taskinstance.py:441} INFO - ::group::Post task execution logs
[2026-08-04T08:07:52.929+0000] {taskinstance.py:2905} ERROR - Task failed with exception
Traceback (most recent call last):
  File "/home/airflow/.local/lib/python3.12/site-packages/airflow/models/taskinstance.py", line 465, in _execute_task
    result = _execute_callable(context=context, **execute_callable_kwargs)
             ^^^^^^^^^^^^^^^^^^^^^^^^^^^^^^^^^^^^^^^^^^^^^^^^^^^^^^^^^^^^^
  File "/home/airflow/.local/lib/python3.12/site-packages/airflow/models/taskinstance.py", line 432, in _execute_callable
    return execute_callable(context=context, **execute_callable_kwargs)
           ^^^^^^^^^^^^^^^^^^^^^^^^^^^^^^^^^^^^^^^^^^^^^^^^^^^^^^^^^^^^
  File "/home/airflow/.local/lib/python3.12/site-packages/airflow/models/baseoperator.py", line 401, in wrapper
    return func(self, *args, **kwargs)
           ^^^^^^^^^^^^^^^^^^^^^^^^^^^
  File "/home/airflow/.local/lib/python3.12/site-packages/airflow/operators/python.py", line 235, in execute
    return_value = self.execute_callable()
                   ^^^^^^^^^^^^^^^^^^^^^^^
  File "/home/airflow/.local/lib/python3.12/site-packages/airflow/operators/python.py", line 252, in execute_callable
    return self.python_callable(*self.op_args, **self.op_kwargs)
           ^^^^^^^^^^^^^^^^^^^^^^^^^^^^^^^^^^^^^^^^^^^^^^^^^^^^^
  File "/opt/airflow/src/parsing.py", line 548, in update_matches
    cur.execute("""
psycopg2.errors.UndefinedColumn: column "region_id" does not exist
LINE 5:                     WHERE region_id = 33
                                  ^
HINT:  Perhaps you meant to reference the column "season_team_relations.season_id" or the column "seasons.season_id".

[2026-08-04T08:07:52.989+0000] {taskinstance.py:1206} INFO - Marking task as UP_FOR_RETRY. dag_id=update_matches, task_id=update_matches, run_id=scheduled__2026-08-03T00:00:00+00:00, execution_date=20260803T000000, start_date=20260804T080751, end_date=20260804T080752
[2026-08-04T08:07:53.064+0000] {standard_task_runner.py:110} ERROR - Failed to execute job 91 for task update_matches (column "region_id" does not exist
LINE 5:                     WHERE region_id = 33
                                  ^
HINT:  Perhaps you meant to reference the column "season_team_relations.season_id" or the column "seasons.season_id".
; 420)
[2026-08-04T08:07:53.172+0000] {local_task_job_runner.py:243} INFO - Task exited with return code 1
[2026-08-04T08:07:53.316+0000] {local_task_job_runner.py:222} INFO - ::endgroup::
