[2026-08-04T08:04:13.074+0000] {local_task_job_runner.py:120} INFO - ::group::Pre task execution logs
[2026-08-04T08:04:13.248+0000] {taskinstance.py:2076} INFO - Dependencies all met for dep_context=non-requeueable deps ti=<TaskInstance: update_matches.update_matches scheduled__2026-08-03T00:00:00+00:00 [queued]>
[2026-08-04T08:04:13.306+0000] {taskinstance.py:2076} INFO - Dependencies all met for dep_context=requeueable deps ti=<TaskInstance: update_matches.update_matches scheduled__2026-08-03T00:00:00+00:00 [queued]>
[2026-08-04T08:04:13.317+0000] {taskinstance.py:2306} INFO - Starting attempt 1 of 6
[2026-08-04T08:04:13.380+0000] {taskinstance.py:2330} INFO - Executing <Task(PythonOperator): update_matches> on 2026-08-03 00:00:00+00:00
[2026-08-04T08:04:13.436+0000] {standard_task_runner.py:90} INFO - Running: ['***', 'tasks', 'run', 'update_matches', 'update_matches', 'scheduled__2026-08-03T00:00:00+00:00', '--job-id', '88', '--raw', '--subdir', 'DAGS_FOLDER/dag_update_matches.py', '--cfg-path', '/tmp/tmp4cazam24']
[2026-08-04T08:04:13.445+0000] {standard_task_runner.py:91} INFO - Job 88: Subtask update_matches
[2026-08-04T08:04:13.446+0000] {warnings.py:112} WARNING - /home/***/.local/lib/python3.12/site-packages/***/task/task_runner/standard_task_runner.py:62: DeprecationWarning: This process (pid=376) is multi-threaded, use of fork() may lead to deadlocks in the child.
  pid = os.fork()

[2026-08-04T08:04:13.460+0000] {standard_task_runner.py:64} INFO - Started process 378 to run task
[2026-08-04T08:04:13.700+0000] {task_command.py:426} INFO - Running <TaskInstance: update_matches.update_matches scheduled__2026-08-03T00:00:00+00:00 [running]> on host ab41198cb485
[2026-08-04T08:04:14.234+0000] {taskinstance.py:2648} INFO - Exporting env vars: AIRFLOW_CTX_DAG_OWNER='***' AIRFLOW_CTX_DAG_ID='update_matches' AIRFLOW_CTX_TASK_ID='update_matches' AIRFLOW_CTX_EXECUTION_DATE='2026-08-03T00:00:00+00:00' AIRFLOW_CTX_TRY_NUMBER='1' AIRFLOW_CTX_DAG_RUN_ID='scheduled__2026-08-03T00:00:00+00:00'
[2026-08-04T08:04:14.246+0000] {taskinstance.py:430} INFO - ::endgroup::
[2026-08-04T08:04:14.288+0000] {taskinstance.py:441} INFO - ::group::Post task execution logs
[2026-08-04T08:04:14.290+0000] {taskinstance.py:2905} ERROR - Task failed with exception
Traceback (most recent call last):
  File "/home/airflow/.local/lib/python3.12/site-packages/airflow/models/taskinstance.py", line 465, in _execute_task
    result = _execute_callable(context=context, **execute_callable_kwargs)
             ^^^^^^^^^^^^^^^^^^^^^^^^^^^^^^^^^^^^^^^^^^^^^^^^^^^^^^^^^^^^^
  File "/home/airflow/.local/lib/python3.12/site-packages/airflow/models/taskinstance.py", line 432, in _execute_callable
    return execute_callable(context=context, **execute_callable_kwargs)
           ^^^^^^^^^^^^^^^^^^^^^^^^^^^^^^^^^^^^^^^^^^^^^^^^^^^^^^^^^^^^
  File "/home/airflow/.local/lib/python3.12/site-packages/airflow/models/baseoperator.py", line 401, in wrapper
    return func(self, *args, **kwargs)
           ^^^^^^^^^^^^^^^^^^^^^^^^^^^
  File "/home/airflow/.local/lib/python3.12/site-packages/airflow/operators/python.py", line 235, in execute
    return_value = self.execute_callable()
                   ^^^^^^^^^^^^^^^^^^^^^^^
  File "/home/airflow/.local/lib/python3.12/site-packages/airflow/operators/python.py", line 252, in execute_callable
    return self.python_callable(*self.op_args, **self.op_kwargs)
           ^^^^^^^^^^^^^^^^^^^^^^^^^^^^^^^^^^^^^^^^^^^^^^^^^^^^^
  File "/opt/airflow/src/parsing.py", line 548, in update_matches
    cur.execute("""
psycopg2.errors.UndefinedColumn: column "region_id" does not exist
LINE 5:                     WHERE region_id = 33
                                  ^
HINT:  Perhaps you meant to reference the column "season_team_relations.season_id" or the column "seasons.season_id".

[2026-08-04T08:04:14.354+0000] {taskinstance.py:1206} INFO - Marking task as UP_FOR_RETRY. dag_id=update_matches, task_id=update_matches, run_id=scheduled__2026-08-03T00:00:00+00:00, execution_date=20260803T000000, start_date=20260804T080413, end_date=20260804T080414
[2026-08-04T08:04:14.416+0000] {standard_task_runner.py:110} ERROR - Failed to execute job 88 for task update_matches (column "region_id" does not exist
LINE 5:                     WHERE region_id = 33
                                  ^
HINT:  Perhaps you meant to reference the column "season_team_relations.season_id" or the column "seasons.season_id".
; 378)
[2026-08-04T08:04:14.517+0000] {local_task_job_runner.py:243} INFO - Task exited with return code 1
[2026-08-04T08:04:14.567+0000] {taskinstance.py:3503} INFO - 0 downstream tasks scheduled from follow-on schedule check
[2026-08-04T08:04:14.581+0000] {local_task_job_runner.py:222} INFO - ::endgroup::
