[2026-08-13T13:23:38.243+0000] {processor.py:161} INFO - Started process (PID=66) to work on /opt/airflow/dags/dag_initialize_database.py
[2026-08-13T13:23:38.261+0000] {processor.py:830} INFO - Processing file /opt/airflow/dags/dag_initialize_database.py for tasks to queue
[2026-08-13T13:23:38.312+0000] {logging_mixin.py:188} INFO - [2026-08-13T13:23:38.310+0000] {dagbag.py:545} INFO - Filling up the DagBag from /opt/airflow/dags/dag_initialize_database.py
[2026-08-13T13:23:41.558+0000] {processor.py:840} INFO - DAG(s) 'initialize_database' retrieved from /opt/airflow/dags/dag_initialize_database.py
[2026-08-13T13:23:43.934+0000] {logging_mixin.py:188} INFO - [2026-08-13T13:23:43.933+0000] {dag.py:3089} INFO - Sync 1 DAGs
[2026-08-13T13:23:44.114+0000] {logging_mixin.py:188} INFO - [2026-08-13T13:23:44.114+0000] {dag.py:3947} INFO - Setting next_dagrun for initialize_database to None, run_after=None
[2026-08-13T13:23:44.567+0000] {processor.py:183} INFO - Processing /opt/airflow/dags/dag_initialize_database.py took 6.396 seconds
[2026-08-13T13:24:37.529+0000] {processor.py:161} INFO - Started process (PID=141) to work on /opt/airflow/dags/dag_initialize_database.py
[2026-08-13T13:24:37.532+0000] {processor.py:830} INFO - Processing file /opt/airflow/dags/dag_initialize_database.py for tasks to queue
[2026-08-13T13:24:37.536+0000] {logging_mixin.py:188} INFO - [2026-08-13T13:24:37.536+0000] {dagbag.py:545} INFO - Filling up the DagBag from /opt/airflow/dags/dag_initialize_database.py
[2026-08-13T13:24:38.281+0000] {processor.py:840} INFO - DAG(s) 'initialize_database' retrieved from /opt/airflow/dags/dag_initialize_database.py
[2026-08-13T13:24:38.336+0000] {logging_mixin.py:188} INFO - [2026-08-13T13:24:38.335+0000] {dag.py:3089} INFO - Sync 1 DAGs
[2026-08-13T13:24:38.375+0000] {logging_mixin.py:188} INFO - [2026-08-13T13:24:38.374+0000] {dag.py:3947} INFO - Setting next_dagrun for initialize_database to None, run_after=None
[2026-08-13T13:24:38.432+0000] {processor.py:183} INFO - Processing /opt/airflow/dags/dag_initialize_database.py took 0.912 seconds
[2026-08-13T13:25:12.384+0000] {processor.py:161} INFO - Started process (PID=210) to work on /opt/airflow/dags/dag_initialize_database.py
[2026-08-13T13:25:12.476+0000] {processor.py:830} INFO - Processing file /opt/airflow/dags/dag_initialize_database.py for tasks to queue
[2026-08-13T13:25:12.636+0000] {logging_mixin.py:188} INFO - [2026-08-13T13:25:12.635+0000] {dagbag.py:545} INFO - Filling up the DagBag from /opt/airflow/dags/dag_initialize_database.py
[2026-08-13T13:25:15.367+0000] {processor.py:840} INFO - DAG(s) 'initialize_database' retrieved from /opt/airflow/dags/dag_initialize_database.py
[2026-08-13T13:25:15.658+0000] {logging_mixin.py:188} INFO - [2026-08-13T13:25:15.657+0000] {dag.py:3089} INFO - Sync 1 DAGs
[2026-08-13T13:25:15.714+0000] {logging_mixin.py:188} INFO - [2026-08-13T13:25:15.714+0000] {dag.py:3947} INFO - Setting next_dagrun for initialize_database to None, run_after=None
[2026-08-13T13:25:15.851+0000] {processor.py:183} INFO - Processing /opt/airflow/dags/dag_initialize_database.py took 3.655 seconds
[2026-08-13T13:25:57.511+0000] {processor.py:161} INFO - Started process (PID=283) to work on /opt/airflow/dags/dag_initialize_database.py
[2026-08-13T13:25:57.515+0000] {processor.py:830} INFO - Processing file /opt/airflow/dags/dag_initialize_database.py for tasks to queue
[2026-08-13T13:25:57.521+0000] {logging_mixin.py:188} INFO - [2026-08-13T13:25:57.520+0000] {dagbag.py:545} INFO - Filling up the DagBag from /opt/airflow/dags/dag_initialize_database.py
[2026-08-13T13:25:58.231+0000] {processor.py:840} INFO - DAG(s) 'initialize_database' retrieved from /opt/airflow/dags/dag_initialize_database.py
[2026-08-13T13:25:58.283+0000] {logging_mixin.py:188} INFO - [2026-08-13T13:25:58.282+0000] {dag.py:3089} INFO - Sync 1 DAGs
[2026-08-13T13:25:58.317+0000] {logging_mixin.py:188} INFO - [2026-08-13T13:25:58.316+0000] {dag.py:3947} INFO - Setting next_dagrun for initialize_database to None, run_after=None
[2026-08-13T13:25:58.366+0000] {processor.py:183} INFO - Processing /opt/airflow/dags/dag_initialize_database.py took 0.869 seconds
[2026-08-13T13:26:31.641+0000] {processor.py:161} INFO - Started process (PID=354) to work on /opt/airflow/dags/dag_initialize_database.py
[2026-08-13T13:26:31.646+0000] {processor.py:830} INFO - Processing file /opt/airflow/dags/dag_initialize_database.py for tasks to queue
[2026-08-13T13:26:31.653+0000] {logging_mixin.py:188} INFO - [2026-08-13T13:26:31.652+0000] {dagbag.py:545} INFO - Filling up the DagBag from /opt/airflow/dags/dag_initialize_database.py
[2026-08-13T13:26:32.429+0000] {processor.py:840} INFO - DAG(s) 'initialize_database' retrieved from /opt/airflow/dags/dag_initialize_database.py
[2026-08-13T13:26:32.487+0000] {logging_mixin.py:188} INFO - [2026-08-13T13:26:32.487+0000] {dag.py:3089} INFO - Sync 1 DAGs
[2026-08-13T13:26:32.526+0000] {logging_mixin.py:188} INFO - [2026-08-13T13:26:32.525+0000] {dag.py:3947} INFO - Setting next_dagrun for initialize_database to None, run_after=None
[2026-08-13T13:26:32.589+0000] {processor.py:183} INFO - Processing /opt/airflow/dags/dag_initialize_database.py took 0.963 seconds
[2026-08-13T13:27:03.307+0000] {processor.py:161} INFO - Started process (PID=426) to work on /opt/airflow/dags/dag_initialize_database.py
[2026-08-13T13:27:03.323+0000] {processor.py:830} INFO - Processing file /opt/airflow/dags/dag_initialize_database.py for tasks to queue
[2026-08-13T13:27:03.389+0000] {logging_mixin.py:188} INFO - [2026-08-13T13:27:03.388+0000] {dagbag.py:545} INFO - Filling up the DagBag from /opt/airflow/dags/dag_initialize_database.py
[2026-08-13T13:27:04.722+0000] {processor.py:840} INFO - DAG(s) 'initialize_database' retrieved from /opt/airflow/dags/dag_initialize_database.py
[2026-08-13T13:27:04.789+0000] {logging_mixin.py:188} INFO - [2026-08-13T13:27:04.788+0000] {dag.py:3089} INFO - Sync 1 DAGs
[2026-08-13T13:27:04.953+0000] {logging_mixin.py:188} INFO - [2026-08-13T13:27:04.952+0000] {dag.py:3947} INFO - Setting next_dagrun for initialize_database to None, run_after=None
[2026-08-13T13:27:05.007+0000] {processor.py:183} INFO - Processing /opt/airflow/dags/dag_initialize_database.py took 1.788 seconds
[2026-08-13T13:27:35.540+0000] {processor.py:161} INFO - Started process (PID=493) to work on /opt/airflow/dags/dag_initialize_database.py
[2026-08-13T13:27:35.543+0000] {processor.py:830} INFO - Processing file /opt/airflow/dags/dag_initialize_database.py for tasks to queue
[2026-08-13T13:27:35.550+0000] {logging_mixin.py:188} INFO - [2026-08-13T13:27:35.549+0000] {dagbag.py:545} INFO - Filling up the DagBag from /opt/airflow/dags/dag_initialize_database.py
[2026-08-13T13:27:36.165+0000] {processor.py:840} INFO - DAG(s) 'initialize_database' retrieved from /opt/airflow/dags/dag_initialize_database.py
[2026-08-13T13:27:36.204+0000] {logging_mixin.py:188} INFO - [2026-08-13T13:27:36.204+0000] {dag.py:3089} INFO - Sync 1 DAGs
[2026-08-13T13:27:36.227+0000] {logging_mixin.py:188} INFO - [2026-08-13T13:27:36.226+0000] {dag.py:3947} INFO - Setting next_dagrun for initialize_database to None, run_after=None
[2026-08-13T13:27:36.275+0000] {processor.py:183} INFO - Processing /opt/airflow/dags/dag_initialize_database.py took 0.753 seconds
[2026-08-13T13:28:06.417+0000] {processor.py:161} INFO - Started process (PID=565) to work on /opt/airflow/dags/dag_initialize_database.py
[2026-08-13T13:28:06.421+0000] {processor.py:830} INFO - Processing file /opt/airflow/dags/dag_initialize_database.py for tasks to queue
[2026-08-13T13:28:06.428+0000] {logging_mixin.py:188} INFO - [2026-08-13T13:28:06.427+0000] {dagbag.py:545} INFO - Filling up the DagBag from /opt/airflow/dags/dag_initialize_database.py
[2026-08-13T13:28:07.168+0000] {processor.py:840} INFO - DAG(s) 'initialize_database' retrieved from /opt/airflow/dags/dag_initialize_database.py
[2026-08-13T13:28:07.212+0000] {logging_mixin.py:188} INFO - [2026-08-13T13:28:07.211+0000] {dag.py:3089} INFO - Sync 1 DAGs
[2026-08-13T13:28:07.251+0000] {logging_mixin.py:188} INFO - [2026-08-13T13:28:07.250+0000] {dag.py:3947} INFO - Setting next_dagrun for initialize_database to None, run_after=None
[2026-08-13T13:28:07.302+0000] {processor.py:183} INFO - Processing /opt/airflow/dags/dag_initialize_database.py took 0.907 seconds
[2026-08-13T13:28:37.654+0000] {processor.py:161} INFO - Started process (PID=639) to work on /opt/airflow/dags/dag_initialize_database.py
[2026-08-13T13:28:37.658+0000] {processor.py:830} INFO - Processing file /opt/airflow/dags/dag_initialize_database.py for tasks to queue
[2026-08-13T13:28:37.663+0000] {logging_mixin.py:188} INFO - [2026-08-13T13:28:37.662+0000] {dagbag.py:545} INFO - Filling up the DagBag from /opt/airflow/dags/dag_initialize_database.py
[2026-08-13T13:28:38.375+0000] {processor.py:840} INFO - DAG(s) 'initialize_database' retrieved from /opt/airflow/dags/dag_initialize_database.py
[2026-08-13T13:28:38.423+0000] {logging_mixin.py:188} INFO - [2026-08-13T13:28:38.423+0000] {dag.py:3089} INFO - Sync 1 DAGs
[2026-08-13T13:28:38.454+0000] {logging_mixin.py:188} INFO - [2026-08-13T13:28:38.453+0000] {dag.py:3947} INFO - Setting next_dagrun for initialize_database to None, run_after=None
[2026-08-13T13:28:38.504+0000] {processor.py:183} INFO - Processing /opt/airflow/dags/dag_initialize_database.py took 0.868 seconds
[2026-08-13T13:29:08.770+0000] {processor.py:161} INFO - Started process (PID=713) to work on /opt/airflow/dags/dag_initialize_database.py
[2026-08-13T13:29:08.774+0000] {processor.py:830} INFO - Processing file /opt/airflow/dags/dag_initialize_database.py for tasks to queue
[2026-08-13T13:29:08.781+0000] {logging_mixin.py:188} INFO - [2026-08-13T13:29:08.780+0000] {dagbag.py:545} INFO - Filling up the DagBag from /opt/airflow/dags/dag_initialize_database.py
[2026-08-13T13:29:09.980+0000] {processor.py:840} INFO - DAG(s) 'initialize_database' retrieved from /opt/airflow/dags/dag_initialize_database.py
[2026-08-13T13:29:10.054+0000] {logging_mixin.py:188} INFO - [2026-08-13T13:29:10.054+0000] {dag.py:3089} INFO - Sync 1 DAGs
[2026-08-13T13:29:10.222+0000] {logging_mixin.py:188} INFO - [2026-08-13T13:29:10.221+0000] {dag.py:3947} INFO - Setting next_dagrun for initialize_database to None, run_after=None
[2026-08-13T13:29:10.411+0000] {processor.py:183} INFO - Processing /opt/airflow/dags/dag_initialize_database.py took 1.661 seconds
[2026-08-13T13:29:41.124+0000] {processor.py:161} INFO - Started process (PID=779) to work on /opt/airflow/dags/dag_initialize_database.py
[2026-08-13T13:29:41.128+0000] {processor.py:830} INFO - Processing file /opt/airflow/dags/dag_initialize_database.py for tasks to queue
[2026-08-13T13:29:41.136+0000] {logging_mixin.py:188} INFO - [2026-08-13T13:29:41.135+0000] {dagbag.py:545} INFO - Filling up the DagBag from /opt/airflow/dags/dag_initialize_database.py
[2026-08-13T13:29:41.881+0000] {processor.py:840} INFO - DAG(s) 'initialize_database' retrieved from /opt/airflow/dags/dag_initialize_database.py
[2026-08-13T13:29:42.005+0000] {logging_mixin.py:188} INFO - [2026-08-13T13:29:42.004+0000] {dag.py:3089} INFO - Sync 1 DAGs
[2026-08-13T13:29:42.051+0000] {logging_mixin.py:188} INFO - [2026-08-13T13:29:42.050+0000] {dag.py:3947} INFO - Setting next_dagrun for initialize_database to None, run_after=None
[2026-08-13T13:29:42.115+0000] {processor.py:183} INFO - Processing /opt/airflow/dags/dag_initialize_database.py took 1.014 seconds
[2026-08-13T13:30:13.297+0000] {processor.py:161} INFO - Started process (PID=852) to work on /opt/airflow/dags/dag_initialize_database.py
[2026-08-13T13:30:13.301+0000] {processor.py:830} INFO - Processing file /opt/airflow/dags/dag_initialize_database.py for tasks to queue
[2026-08-13T13:30:13.307+0000] {logging_mixin.py:188} INFO - [2026-08-13T13:30:13.306+0000] {dagbag.py:545} INFO - Filling up the DagBag from /opt/airflow/dags/dag_initialize_database.py
[2026-08-13T13:30:13.894+0000] {processor.py:840} INFO - DAG(s) 'initialize_database' retrieved from /opt/airflow/dags/dag_initialize_database.py
[2026-08-13T13:30:13.940+0000] {logging_mixin.py:188} INFO - [2026-08-13T13:30:13.939+0000] {dag.py:3089} INFO - Sync 1 DAGs
[2026-08-13T13:30:13.984+0000] {logging_mixin.py:188} INFO - [2026-08-13T13:30:13.984+0000] {dag.py:3947} INFO - Setting next_dagrun for initialize_database to None, run_after=None
[2026-08-13T13:30:14.046+0000] {processor.py:183} INFO - Processing /opt/airflow/dags/dag_initialize_database.py took 0.768 seconds
[2026-08-13T13:30:44.559+0000] {processor.py:161} INFO - Started process (PID=919) to work on /opt/airflow/dags/dag_initialize_database.py
[2026-08-13T13:30:44.563+0000] {processor.py:830} INFO - Processing file /opt/airflow/dags/dag_initialize_database.py for tasks to queue
[2026-08-13T13:30:44.568+0000] {logging_mixin.py:188} INFO - [2026-08-13T13:30:44.568+0000] {dagbag.py:545} INFO - Filling up the DagBag from /opt/airflow/dags/dag_initialize_database.py
[2026-08-13T13:30:45.116+0000] {processor.py:840} INFO - DAG(s) 'initialize_database' retrieved from /opt/airflow/dags/dag_initialize_database.py
[2026-08-13T13:30:45.156+0000] {logging_mixin.py:188} INFO - [2026-08-13T13:30:45.156+0000] {dag.py:3089} INFO - Sync 1 DAGs
[2026-08-13T13:30:45.183+0000] {logging_mixin.py:188} INFO - [2026-08-13T13:30:45.183+0000] {dag.py:3947} INFO - Setting next_dagrun for initialize_database to None, run_after=None
[2026-08-13T13:30:45.226+0000] {processor.py:183} INFO - Processing /opt/airflow/dags/dag_initialize_database.py took 0.683 seconds
[2026-08-13T13:31:17.750+0000] {processor.py:161} INFO - Started process (PID=994) to work on /opt/airflow/dags/dag_initialize_database.py
[2026-08-13T13:31:17.754+0000] {processor.py:830} INFO - Processing file /opt/airflow/dags/dag_initialize_database.py for tasks to queue
[2026-08-13T13:31:17.767+0000] {logging_mixin.py:188} INFO - [2026-08-13T13:31:17.765+0000] {dagbag.py:545} INFO - Filling up the DagBag from /opt/airflow/dags/dag_initialize_database.py
[2026-08-13T13:31:18.751+0000] {processor.py:840} INFO - DAG(s) 'initialize_database' retrieved from /opt/airflow/dags/dag_initialize_database.py
[2026-08-13T13:31:18.828+0000] {logging_mixin.py:188} INFO - [2026-08-13T13:31:18.828+0000] {dag.py:3089} INFO - Sync 1 DAGs
[2026-08-13T13:31:18.865+0000] {logging_mixin.py:188} INFO - [2026-08-13T13:31:18.865+0000] {dag.py:3947} INFO - Setting next_dagrun for initialize_database to None, run_after=None
[2026-08-13T13:31:18.921+0000] {processor.py:183} INFO - Processing /opt/airflow/dags/dag_initialize_database.py took 1.210 seconds
[2026-08-13T13:31:50.425+0000] {processor.py:161} INFO - Started process (PID=1069) to work on /opt/airflow/dags/dag_initialize_database.py
[2026-08-13T13:31:50.430+0000] {processor.py:830} INFO - Processing file /opt/airflow/dags/dag_initialize_database.py for tasks to queue
[2026-08-13T13:31:50.447+0000] {logging_mixin.py:188} INFO - [2026-08-13T13:31:50.445+0000] {dagbag.py:545} INFO - Filling up the DagBag from /opt/airflow/dags/dag_initialize_database.py
[2026-08-13T13:31:51.246+0000] {processor.py:840} INFO - DAG(s) 'initialize_database' retrieved from /opt/airflow/dags/dag_initialize_database.py
[2026-08-13T13:31:51.299+0000] {logging_mixin.py:188} INFO - [2026-08-13T13:31:51.298+0000] {dag.py:3089} INFO - Sync 1 DAGs
[2026-08-13T13:31:51.345+0000] {logging_mixin.py:188} INFO - [2026-08-13T13:31:51.344+0000] {dag.py:3947} INFO - Setting next_dagrun for initialize_database to None, run_after=None
[2026-08-13T13:31:51.408+0000] {processor.py:183} INFO - Processing /opt/airflow/dags/dag_initialize_database.py took 1.047 seconds
[2026-08-13T13:32:21.863+0000] {processor.py:161} INFO - Started process (PID=1145) to work on /opt/airflow/dags/dag_initialize_database.py
[2026-08-13T13:32:21.870+0000] {processor.py:830} INFO - Processing file /opt/airflow/dags/dag_initialize_database.py for tasks to queue
[2026-08-13T13:32:21.878+0000] {logging_mixin.py:188} INFO - [2026-08-13T13:32:21.876+0000] {dagbag.py:545} INFO - Filling up the DagBag from /opt/airflow/dags/dag_initialize_database.py
[2026-08-13T13:32:22.553+0000] {processor.py:840} INFO - DAG(s) 'initialize_database' retrieved from /opt/airflow/dags/dag_initialize_database.py
[2026-08-13T13:32:22.642+0000] {logging_mixin.py:188} INFO - [2026-08-13T13:32:22.641+0000] {dag.py:3089} INFO - Sync 1 DAGs
[2026-08-13T13:32:22.769+0000] {logging_mixin.py:188} INFO - [2026-08-13T13:32:22.769+0000] {dag.py:3947} INFO - Setting next_dagrun for initialize_database to None, run_after=None
[2026-08-13T13:32:22.841+0000] {processor.py:183} INFO - Processing /opt/airflow/dags/dag_initialize_database.py took 1.005 seconds
[2026-08-13T13:32:53.030+0000] {processor.py:161} INFO - Started process (PID=1197) to work on /opt/airflow/dags/dag_initialize_database.py
[2026-08-13T13:32:53.034+0000] {processor.py:830} INFO - Processing file /opt/airflow/dags/dag_initialize_database.py for tasks to queue
[2026-08-13T13:32:53.043+0000] {logging_mixin.py:188} INFO - [2026-08-13T13:32:53.041+0000] {dagbag.py:545} INFO - Filling up the DagBag from /opt/airflow/dags/dag_initialize_database.py
[2026-08-13T13:32:53.603+0000] {processor.py:840} INFO - DAG(s) 'initialize_database' retrieved from /opt/airflow/dags/dag_initialize_database.py
[2026-08-13T13:32:53.659+0000] {logging_mixin.py:188} INFO - [2026-08-13T13:32:53.659+0000] {dag.py:3089} INFO - Sync 1 DAGs
[2026-08-13T13:32:53.701+0000] {logging_mixin.py:188} INFO - [2026-08-13T13:32:53.700+0000] {dag.py:3947} INFO - Setting next_dagrun for initialize_database to None, run_after=None
[2026-08-13T13:32:54.189+0000] {processor.py:183} INFO - Processing /opt/airflow/dags/dag_initialize_database.py took 1.176 seconds
[2026-08-13T13:33:24.411+0000] {processor.py:161} INFO - Started process (PID=1272) to work on /opt/airflow/dags/dag_initialize_database.py
[2026-08-13T13:33:24.414+0000] {processor.py:830} INFO - Processing file /opt/airflow/dags/dag_initialize_database.py for tasks to queue
[2026-08-13T13:33:24.419+0000] {logging_mixin.py:188} INFO - [2026-08-13T13:33:24.418+0000] {dagbag.py:545} INFO - Filling up the DagBag from /opt/airflow/dags/dag_initialize_database.py
[2026-08-13T13:33:24.972+0000] {processor.py:840} INFO - DAG(s) 'initialize_database' retrieved from /opt/airflow/dags/dag_initialize_database.py
[2026-08-13T13:33:25.025+0000] {logging_mixin.py:188} INFO - [2026-08-13T13:33:25.025+0000] {dag.py:3089} INFO - Sync 1 DAGs
[2026-08-13T13:33:25.059+0000] {logging_mixin.py:188} INFO - [2026-08-13T13:33:25.058+0000] {dag.py:3947} INFO - Setting next_dagrun for initialize_database to None, run_after=None
[2026-08-13T13:33:25.106+0000] {processor.py:183} INFO - Processing /opt/airflow/dags/dag_initialize_database.py took 0.705 seconds
[2026-08-13T13:33:58.002+0000] {processor.py:161} INFO - Started process (PID=1337) to work on /opt/airflow/dags/dag_initialize_database.py
[2026-08-13T13:33:58.006+0000] {processor.py:830} INFO - Processing file /opt/airflow/dags/dag_initialize_database.py for tasks to queue
[2026-08-13T13:33:58.013+0000] {logging_mixin.py:188} INFO - [2026-08-13T13:33:58.012+0000] {dagbag.py:545} INFO - Filling up the DagBag from /opt/airflow/dags/dag_initialize_database.py
[2026-08-13T13:33:58.715+0000] {processor.py:840} INFO - DAG(s) 'initialize_database' retrieved from /opt/airflow/dags/dag_initialize_database.py
[2026-08-13T13:33:58.761+0000] {logging_mixin.py:188} INFO - [2026-08-13T13:33:58.760+0000] {dag.py:3089} INFO - Sync 1 DAGs
[2026-08-13T13:33:58.816+0000] {logging_mixin.py:188} INFO - [2026-08-13T13:33:58.815+0000] {dag.py:3947} INFO - Setting next_dagrun for initialize_database to None, run_after=None
[2026-08-13T13:33:58.904+0000] {processor.py:183} INFO - Processing /opt/airflow/dags/dag_initialize_database.py took 0.938 seconds
[2026-08-13T13:34:29.641+0000] {processor.py:161} INFO - Started process (PID=1410) to work on /opt/airflow/dags/dag_initialize_database.py
[2026-08-13T13:34:29.651+0000] {processor.py:830} INFO - Processing file /opt/airflow/dags/dag_initialize_database.py for tasks to queue
[2026-08-13T13:34:29.659+0000] {logging_mixin.py:188} INFO - [2026-08-13T13:34:29.657+0000] {dagbag.py:545} INFO - Filling up the DagBag from /opt/airflow/dags/dag_initialize_database.py
[2026-08-13T13:34:30.493+0000] {processor.py:840} INFO - DAG(s) 'initialize_database' retrieved from /opt/airflow/dags/dag_initialize_database.py
[2026-08-13T13:34:30.534+0000] {logging_mixin.py:188} INFO - [2026-08-13T13:34:30.534+0000] {dag.py:3089} INFO - Sync 1 DAGs
[2026-08-13T13:34:30.565+0000] {logging_mixin.py:188} INFO - [2026-08-13T13:34:30.565+0000] {dag.py:3947} INFO - Setting next_dagrun for initialize_database to None, run_after=None
[2026-08-13T13:34:30.621+0000] {processor.py:183} INFO - Processing /opt/airflow/dags/dag_initialize_database.py took 1.005 seconds
[2026-08-13T13:35:01.442+0000] {processor.py:161} INFO - Started process (PID=1484) to work on /opt/airflow/dags/dag_initialize_database.py
[2026-08-13T13:35:01.458+0000] {processor.py:830} INFO - Processing file /opt/airflow/dags/dag_initialize_database.py for tasks to queue
[2026-08-13T13:35:01.486+0000] {logging_mixin.py:188} INFO - [2026-08-13T13:35:01.484+0000] {dagbag.py:545} INFO - Filling up the DagBag from /opt/airflow/dags/dag_initialize_database.py
[2026-08-13T13:35:02.220+0000] {processor.py:840} INFO - DAG(s) 'initialize_database' retrieved from /opt/airflow/dags/dag_initialize_database.py
[2026-08-13T13:35:02.749+0000] {logging_mixin.py:188} INFO - [2026-08-13T13:35:02.749+0000] {dag.py:3089} INFO - Sync 1 DAGs
[2026-08-13T13:35:02.790+0000] {logging_mixin.py:188} INFO - [2026-08-13T13:35:02.789+0000] {dag.py:3947} INFO - Setting next_dagrun for initialize_database to None, run_after=None
[2026-08-13T13:35:02.855+0000] {processor.py:183} INFO - Processing /opt/airflow/dags/dag_initialize_database.py took 1.434 seconds
[2026-08-13T13:35:34.528+0000] {processor.py:161} INFO - Started process (PID=1559) to work on /opt/airflow/dags/dag_initialize_database.py
[2026-08-13T13:35:34.531+0000] {processor.py:830} INFO - Processing file /opt/airflow/dags/dag_initialize_database.py for tasks to queue
[2026-08-13T13:35:34.535+0000] {logging_mixin.py:188} INFO - [2026-08-13T13:35:34.534+0000] {dagbag.py:545} INFO - Filling up the DagBag from /opt/airflow/dags/dag_initialize_database.py
[2026-08-13T13:35:34.989+0000] {processor.py:840} INFO - DAG(s) 'initialize_database' retrieved from /opt/airflow/dags/dag_initialize_database.py
[2026-08-13T13:35:35.034+0000] {logging_mixin.py:188} INFO - [2026-08-13T13:35:35.033+0000] {dag.py:3089} INFO - Sync 1 DAGs
[2026-08-13T13:35:35.442+0000] {logging_mixin.py:188} INFO - [2026-08-13T13:35:35.442+0000] {dag.py:3947} INFO - Setting next_dagrun for initialize_database to None, run_after=None
[2026-08-13T13:35:35.484+0000] {processor.py:183} INFO - Processing /opt/airflow/dags/dag_initialize_database.py took 0.965 seconds
[2026-08-13T13:36:06.967+0000] {processor.py:161} INFO - Started process (PID=1632) to work on /opt/airflow/dags/dag_initialize_database.py
[2026-08-13T13:36:06.971+0000] {processor.py:830} INFO - Processing file /opt/airflow/dags/dag_initialize_database.py for tasks to queue
[2026-08-13T13:36:06.988+0000] {logging_mixin.py:188} INFO - [2026-08-13T13:36:06.986+0000] {dagbag.py:545} INFO - Filling up the DagBag from /opt/airflow/dags/dag_initialize_database.py
[2026-08-13T13:36:08.238+0000] {processor.py:840} INFO - DAG(s) 'initialize_database' retrieved from /opt/airflow/dags/dag_initialize_database.py
[2026-08-13T13:36:08.289+0000] {logging_mixin.py:188} INFO - [2026-08-13T13:36:08.288+0000] {dag.py:3089} INFO - Sync 1 DAGs
[2026-08-13T13:36:08.326+0000] {logging_mixin.py:188} INFO - [2026-08-13T13:36:08.325+0000] {dag.py:3947} INFO - Setting next_dagrun for initialize_database to None, run_after=None
[2026-08-13T13:36:08.370+0000] {processor.py:183} INFO - Processing /opt/airflow/dags/dag_initialize_database.py took 1.422 seconds
[2026-08-13T13:36:40.907+0000] {processor.py:161} INFO - Started process (PID=1705) to work on /opt/airflow/dags/dag_initialize_database.py
[2026-08-13T13:36:40.911+0000] {processor.py:830} INFO - Processing file /opt/airflow/dags/dag_initialize_database.py for tasks to queue
[2026-08-13T13:36:40.915+0000] {logging_mixin.py:188} INFO - [2026-08-13T13:36:40.915+0000] {dagbag.py:545} INFO - Filling up the DagBag from /opt/airflow/dags/dag_initialize_database.py
[2026-08-13T13:36:41.514+0000] {processor.py:840} INFO - DAG(s) 'initialize_database' retrieved from /opt/airflow/dags/dag_initialize_database.py
[2026-08-13T13:36:41.561+0000] {logging_mixin.py:188} INFO - [2026-08-13T13:36:41.561+0000] {dag.py:3089} INFO - Sync 1 DAGs
[2026-08-13T13:36:41.605+0000] {logging_mixin.py:188} INFO - [2026-08-13T13:36:41.605+0000] {dag.py:3947} INFO - Setting next_dagrun for initialize_database to None, run_after=None
[2026-08-13T13:36:41.661+0000] {processor.py:183} INFO - Processing /opt/airflow/dags/dag_initialize_database.py took 0.765 seconds
[2026-08-13T13:37:11.767+0000] {processor.py:161} INFO - Started process (PID=1777) to work on /opt/airflow/dags/dag_initialize_database.py
[2026-08-13T13:37:11.770+0000] {processor.py:830} INFO - Processing file /opt/airflow/dags/dag_initialize_database.py for tasks to queue
[2026-08-13T13:37:11.774+0000] {logging_mixin.py:188} INFO - [2026-08-13T13:37:11.774+0000] {dagbag.py:545} INFO - Filling up the DagBag from /opt/airflow/dags/dag_initialize_database.py
[2026-08-13T13:37:12.939+0000] {processor.py:840} INFO - DAG(s) 'initialize_database' retrieved from /opt/airflow/dags/dag_initialize_database.py
[2026-08-13T13:37:12.980+0000] {logging_mixin.py:188} INFO - [2026-08-13T13:37:12.979+0000] {dag.py:3089} INFO - Sync 1 DAGs
[2026-08-13T13:37:13.010+0000] {logging_mixin.py:188} INFO - [2026-08-13T13:37:13.010+0000] {dag.py:3947} INFO - Setting next_dagrun for initialize_database to None, run_after=None
[2026-08-13T13:37:13.054+0000] {processor.py:183} INFO - Processing /opt/airflow/dags/dag_initialize_database.py took 1.300 seconds
[2026-08-13T13:37:43.643+0000] {processor.py:161} INFO - Started process (PID=1843) to work on /opt/airflow/dags/dag_initialize_database.py
[2026-08-13T13:37:43.646+0000] {processor.py:830} INFO - Processing file /opt/airflow/dags/dag_initialize_database.py for tasks to queue
[2026-08-13T13:37:43.652+0000] {logging_mixin.py:188} INFO - [2026-08-13T13:37:43.651+0000] {dagbag.py:545} INFO - Filling up the DagBag from /opt/airflow/dags/dag_initialize_database.py
[2026-08-13T13:37:44.267+0000] {processor.py:840} INFO - DAG(s) 'initialize_database' retrieved from /opt/airflow/dags/dag_initialize_database.py
[2026-08-13T13:37:44.737+0000] {logging_mixin.py:188} INFO - [2026-08-13T13:37:44.736+0000] {dag.py:3089} INFO - Sync 1 DAGs
[2026-08-13T13:37:44.769+0000] {logging_mixin.py:188} INFO - [2026-08-13T13:37:44.768+0000] {dag.py:3947} INFO - Setting next_dagrun for initialize_database to None, run_after=None
[2026-08-13T13:37:44.808+0000] {processor.py:183} INFO - Processing /opt/airflow/dags/dag_initialize_database.py took 1.178 seconds
[2026-08-13T13:38:15.610+0000] {processor.py:161} INFO - Started process (PID=1919) to work on /opt/airflow/dags/dag_initialize_database.py
[2026-08-13T13:38:15.614+0000] {processor.py:830} INFO - Processing file /opt/airflow/dags/dag_initialize_database.py for tasks to queue
[2026-08-13T13:38:15.620+0000] {logging_mixin.py:188} INFO - [2026-08-13T13:38:15.619+0000] {dagbag.py:545} INFO - Filling up the DagBag from /opt/airflow/dags/dag_initialize_database.py
[2026-08-13T13:38:17.001+0000] {processor.py:840} INFO - DAG(s) 'initialize_database' retrieved from /opt/airflow/dags/dag_initialize_database.py
[2026-08-13T13:38:17.045+0000] {logging_mixin.py:188} INFO - [2026-08-13T13:38:17.044+0000] {dag.py:3089} INFO - Sync 1 DAGs
[2026-08-13T13:38:17.077+0000] {logging_mixin.py:188} INFO - [2026-08-13T13:38:17.076+0000] {dag.py:3947} INFO - Setting next_dagrun for initialize_database to None, run_after=None
[2026-08-13T13:38:17.123+0000] {processor.py:183} INFO - Processing /opt/airflow/dags/dag_initialize_database.py took 1.525 seconds
[2026-08-13T13:38:51.156+0000] {processor.py:161} INFO - Started process (PID=1995) to work on /opt/airflow/dags/dag_initialize_database.py
[2026-08-13T13:38:51.159+0000] {processor.py:830} INFO - Processing file /opt/airflow/dags/dag_initialize_database.py for tasks to queue
[2026-08-13T13:38:51.164+0000] {logging_mixin.py:188} INFO - [2026-08-13T13:38:51.163+0000] {dagbag.py:545} INFO - Filling up the DagBag from /opt/airflow/dags/dag_initialize_database.py
[2026-08-13T13:38:52.106+0000] {processor.py:840} INFO - DAG(s) 'initialize_database' retrieved from /opt/airflow/dags/dag_initialize_database.py
[2026-08-13T13:38:52.140+0000] {logging_mixin.py:188} INFO - [2026-08-13T13:38:52.139+0000] {dag.py:3089} INFO - Sync 1 DAGs
[2026-08-13T13:38:52.162+0000] {logging_mixin.py:188} INFO - [2026-08-13T13:38:52.162+0000] {dag.py:3947} INFO - Setting next_dagrun for initialize_database to None, run_after=None
[2026-08-13T13:38:52.199+0000] {processor.py:183} INFO - Processing /opt/airflow/dags/dag_initialize_database.py took 1.059 seconds
[2026-08-13T13:39:23.948+0000] {processor.py:161} INFO - Started process (PID=2070) to work on /opt/airflow/dags/dag_initialize_database.py
[2026-08-13T13:39:23.952+0000] {processor.py:830} INFO - Processing file /opt/airflow/dags/dag_initialize_database.py for tasks to queue
[2026-08-13T13:39:23.960+0000] {logging_mixin.py:188} INFO - [2026-08-13T13:39:23.959+0000] {dagbag.py:545} INFO - Filling up the DagBag from /opt/airflow/dags/dag_initialize_database.py
[2026-08-13T13:39:25.197+0000] {processor.py:840} INFO - DAG(s) 'initialize_database' retrieved from /opt/airflow/dags/dag_initialize_database.py
[2026-08-13T13:39:25.255+0000] {logging_mixin.py:188} INFO - [2026-08-13T13:39:25.255+0000] {dag.py:3089} INFO - Sync 1 DAGs
[2026-08-13T13:39:25.297+0000] {logging_mixin.py:188} INFO - [2026-08-13T13:39:25.296+0000] {dag.py:3947} INFO - Setting next_dagrun for initialize_database to None, run_after=None
[2026-08-13T13:39:25.361+0000] {processor.py:183} INFO - Processing /opt/airflow/dags/dag_initialize_database.py took 1.432 seconds
[2026-08-13T13:39:55.857+0000] {processor.py:161} INFO - Started process (PID=2137) to work on /opt/airflow/dags/dag_initialize_database.py
[2026-08-13T13:39:55.860+0000] {processor.py:830} INFO - Processing file /opt/airflow/dags/dag_initialize_database.py for tasks to queue
[2026-08-13T13:39:55.865+0000] {logging_mixin.py:188} INFO - [2026-08-13T13:39:55.864+0000] {dagbag.py:545} INFO - Filling up the DagBag from /opt/airflow/dags/dag_initialize_database.py
[2026-08-13T13:39:56.795+0000] {processor.py:840} INFO - DAG(s) 'initialize_database' retrieved from /opt/airflow/dags/dag_initialize_database.py
[2026-08-13T13:39:56.834+0000] {logging_mixin.py:188} INFO - [2026-08-13T13:39:56.833+0000] {dag.py:3089} INFO - Sync 1 DAGs
[2026-08-13T13:39:56.858+0000] {logging_mixin.py:188} INFO - [2026-08-13T13:39:56.857+0000] {dag.py:3947} INFO - Setting next_dagrun for initialize_database to None, run_after=None
[2026-08-13T13:39:56.924+0000] {processor.py:183} INFO - Processing /opt/airflow/dags/dag_initialize_database.py took 1.079 seconds
[2026-08-13T13:40:28.362+0000] {processor.py:161} INFO - Started process (PID=2206) to work on /opt/airflow/dags/dag_initialize_database.py
[2026-08-13T13:40:28.366+0000] {processor.py:830} INFO - Processing file /opt/airflow/dags/dag_initialize_database.py for tasks to queue
[2026-08-13T13:40:28.375+0000] {logging_mixin.py:188} INFO - [2026-08-13T13:40:28.374+0000] {dagbag.py:545} INFO - Filling up the DagBag from /opt/airflow/dags/dag_initialize_database.py
[2026-08-13T13:40:29.523+0000] {processor.py:840} INFO - DAG(s) 'initialize_database' retrieved from /opt/airflow/dags/dag_initialize_database.py
[2026-08-13T13:40:29.584+0000] {logging_mixin.py:188} INFO - [2026-08-13T13:40:29.584+0000] {dag.py:3089} INFO - Sync 1 DAGs
[2026-08-13T13:40:29.624+0000] {logging_mixin.py:188} INFO - [2026-08-13T13:40:29.622+0000] {dag.py:3947} INFO - Setting next_dagrun for initialize_database to None, run_after=None
[2026-08-13T13:40:29.705+0000] {processor.py:183} INFO - Processing /opt/airflow/dags/dag_initialize_database.py took 1.358 seconds
[2026-08-13T13:41:03.512+0000] {processor.py:161} INFO - Started process (PID=2280) to work on /opt/airflow/dags/dag_initialize_database.py
[2026-08-13T13:41:03.517+0000] {processor.py:830} INFO - Processing file /opt/airflow/dags/dag_initialize_database.py for tasks to queue
[2026-08-13T13:41:03.525+0000] {logging_mixin.py:188} INFO - [2026-08-13T13:41:03.524+0000] {dagbag.py:545} INFO - Filling up the DagBag from /opt/airflow/dags/dag_initialize_database.py
[2026-08-13T13:41:04.651+0000] {processor.py:840} INFO - DAG(s) 'initialize_database' retrieved from /opt/airflow/dags/dag_initialize_database.py
[2026-08-13T13:41:04.692+0000] {logging_mixin.py:188} INFO - [2026-08-13T13:41:04.691+0000] {dag.py:3089} INFO - Sync 1 DAGs
[2026-08-13T13:41:04.719+0000] {logging_mixin.py:188} INFO - [2026-08-13T13:41:04.719+0000] {dag.py:3947} INFO - Setting next_dagrun for initialize_database to None, run_after=None
[2026-08-13T13:41:04.760+0000] {processor.py:183} INFO - Processing /opt/airflow/dags/dag_initialize_database.py took 1.266 seconds
[2026-08-13T13:41:36.558+0000] {processor.py:161} INFO - Started process (PID=2355) to work on /opt/airflow/dags/dag_initialize_database.py
[2026-08-13T13:41:36.562+0000] {processor.py:830} INFO - Processing file /opt/airflow/dags/dag_initialize_database.py for tasks to queue
[2026-08-13T13:41:36.578+0000] {logging_mixin.py:188} INFO - [2026-08-13T13:41:36.574+0000] {dagbag.py:545} INFO - Filling up the DagBag from /opt/airflow/dags/dag_initialize_database.py
[2026-08-13T13:41:37.986+0000] {processor.py:840} INFO - DAG(s) 'initialize_database' retrieved from /opt/airflow/dags/dag_initialize_database.py
[2026-08-13T13:41:38.039+0000] {logging_mixin.py:188} INFO - [2026-08-13T13:41:38.039+0000] {dag.py:3089} INFO - Sync 1 DAGs
[2026-08-13T13:41:38.073+0000] {logging_mixin.py:188} INFO - [2026-08-13T13:41:38.072+0000] {dag.py:3947} INFO - Setting next_dagrun for initialize_database to None, run_after=None
[2026-08-13T13:41:38.133+0000] {processor.py:183} INFO - Processing /opt/airflow/dags/dag_initialize_database.py took 1.602 seconds
[2026-08-13T13:42:08.362+0000] {processor.py:161} INFO - Started process (PID=2428) to work on /opt/airflow/dags/dag_initialize_database.py
[2026-08-13T13:42:08.369+0000] {processor.py:830} INFO - Processing file /opt/airflow/dags/dag_initialize_database.py for tasks to queue
[2026-08-13T13:42:08.375+0000] {logging_mixin.py:188} INFO - [2026-08-13T13:42:08.374+0000] {dagbag.py:545} INFO - Filling up the DagBag from /opt/airflow/dags/dag_initialize_database.py
[2026-08-13T13:42:10.050+0000] {processor.py:840} INFO - DAG(s) 'initialize_database' retrieved from /opt/airflow/dags/dag_initialize_database.py
[2026-08-13T13:42:10.104+0000] {logging_mixin.py:188} INFO - [2026-08-13T13:42:10.104+0000] {dag.py:3089} INFO - Sync 1 DAGs
[2026-08-13T13:42:10.155+0000] {logging_mixin.py:188} INFO - [2026-08-13T13:42:10.154+0000] {dag.py:3947} INFO - Setting next_dagrun for initialize_database to None, run_after=None
[2026-08-13T13:42:10.218+0000] {processor.py:183} INFO - Processing /opt/airflow/dags/dag_initialize_database.py took 1.880 seconds
[2026-08-13T13:42:40.492+0000] {processor.py:161} INFO - Started process (PID=2494) to work on /opt/airflow/dags/dag_initialize_database.py
[2026-08-13T13:42:40.506+0000] {processor.py:830} INFO - Processing file /opt/airflow/dags/dag_initialize_database.py for tasks to queue
[2026-08-13T13:42:40.522+0000] {logging_mixin.py:188} INFO - [2026-08-13T13:42:40.521+0000] {dagbag.py:545} INFO - Filling up the DagBag from /opt/airflow/dags/dag_initialize_database.py
[2026-08-13T13:42:41.424+0000] {processor.py:840} INFO - DAG(s) 'initialize_database' retrieved from /opt/airflow/dags/dag_initialize_database.py
[2026-08-13T13:42:41.471+0000] {logging_mixin.py:188} INFO - [2026-08-13T13:42:41.471+0000] {dag.py:3089} INFO - Sync 1 DAGs
[2026-08-13T13:42:41.502+0000] {logging_mixin.py:188} INFO - [2026-08-13T13:42:41.501+0000] {dag.py:3947} INFO - Setting next_dagrun for initialize_database to None, run_after=None
[2026-08-13T13:42:41.554+0000] {processor.py:183} INFO - Processing /opt/airflow/dags/dag_initialize_database.py took 1.120 seconds
[2026-08-13T13:43:11.858+0000] {processor.py:161} INFO - Started process (PID=2569) to work on /opt/airflow/dags/dag_initialize_database.py
[2026-08-13T13:43:11.861+0000] {processor.py:830} INFO - Processing file /opt/airflow/dags/dag_initialize_database.py for tasks to queue
[2026-08-13T13:43:11.865+0000] {logging_mixin.py:188} INFO - [2026-08-13T13:43:11.865+0000] {dagbag.py:545} INFO - Filling up the DagBag from /opt/airflow/dags/dag_initialize_database.py
[2026-08-13T13:43:12.316+0000] {processor.py:840} INFO - DAG(s) 'initialize_database' retrieved from /opt/airflow/dags/dag_initialize_database.py
[2026-08-13T13:43:12.360+0000] {logging_mixin.py:188} INFO - [2026-08-13T13:43:12.359+0000] {dag.py:3089} INFO - Sync 1 DAGs
[2026-08-13T13:43:12.389+0000] {logging_mixin.py:188} INFO - [2026-08-13T13:43:12.389+0000] {dag.py:3947} INFO - Setting next_dagrun for initialize_database to None, run_after=None
[2026-08-13T13:43:12.459+0000] {processor.py:183} INFO - Processing /opt/airflow/dags/dag_initialize_database.py took 0.614 seconds
[2026-08-13T13:43:42.816+0000] {processor.py:161} INFO - Started process (PID=2640) to work on /opt/airflow/dags/dag_initialize_database.py
[2026-08-13T13:43:42.823+0000] {processor.py:830} INFO - Processing file /opt/airflow/dags/dag_initialize_database.py for tasks to queue
[2026-08-13T13:43:42.834+0000] {logging_mixin.py:188} INFO - [2026-08-13T13:43:42.832+0000] {dagbag.py:545} INFO - Filling up the DagBag from /opt/airflow/dags/dag_initialize_database.py
[2026-08-13T13:43:43.920+0000] {processor.py:840} INFO - DAG(s) 'initialize_database' retrieved from /opt/airflow/dags/dag_initialize_database.py
[2026-08-13T13:43:43.986+0000] {logging_mixin.py:188} INFO - [2026-08-13T13:43:43.985+0000] {dag.py:3089} INFO - Sync 1 DAGs
[2026-08-13T13:43:44.039+0000] {logging_mixin.py:188} INFO - [2026-08-13T13:43:44.038+0000] {dag.py:3947} INFO - Setting next_dagrun for initialize_database to None, run_after=None
[2026-08-13T13:43:44.115+0000] {processor.py:183} INFO - Processing /opt/airflow/dags/dag_initialize_database.py took 1.316 seconds
[2026-08-13T13:44:14.306+0000] {processor.py:161} INFO - Started process (PID=2713) to work on /opt/airflow/dags/dag_initialize_database.py
[2026-08-13T13:44:14.309+0000] {processor.py:830} INFO - Processing file /opt/airflow/dags/dag_initialize_database.py for tasks to queue
[2026-08-13T13:44:14.317+0000] {logging_mixin.py:188} INFO - [2026-08-13T13:44:14.316+0000] {dagbag.py:545} INFO - Filling up the DagBag from /opt/airflow/dags/dag_initialize_database.py
[2026-08-13T13:44:14.992+0000] {processor.py:840} INFO - DAG(s) 'initialize_database' retrieved from /opt/airflow/dags/dag_initialize_database.py
[2026-08-13T13:44:15.039+0000] {logging_mixin.py:188} INFO - [2026-08-13T13:44:15.038+0000] {dag.py:3089} INFO - Sync 1 DAGs
[2026-08-13T13:44:15.081+0000] {logging_mixin.py:188} INFO - [2026-08-13T13:44:15.080+0000] {dag.py:3947} INFO - Setting next_dagrun for initialize_database to None, run_after=None
[2026-08-13T13:44:15.157+0000] {processor.py:183} INFO - Processing /opt/airflow/dags/dag_initialize_database.py took 0.866 seconds
[2026-08-13T13:44:45.715+0000] {processor.py:161} INFO - Started process (PID=2786) to work on /opt/airflow/dags/dag_initialize_database.py
[2026-08-13T13:44:45.718+0000] {processor.py:830} INFO - Processing file /opt/airflow/dags/dag_initialize_database.py for tasks to queue
[2026-08-13T13:44:45.723+0000] {logging_mixin.py:188} INFO - [2026-08-13T13:44:45.723+0000] {dagbag.py:545} INFO - Filling up the DagBag from /opt/airflow/dags/dag_initialize_database.py
[2026-08-13T13:44:46.317+0000] {processor.py:840} INFO - DAG(s) 'initialize_database' retrieved from /opt/airflow/dags/dag_initialize_database.py
[2026-08-13T13:44:46.361+0000] {logging_mixin.py:188} INFO - [2026-08-13T13:44:46.360+0000] {dag.py:3089} INFO - Sync 1 DAGs
[2026-08-13T13:44:46.404+0000] {logging_mixin.py:188} INFO - [2026-08-13T13:44:46.404+0000] {dag.py:3947} INFO - Setting next_dagrun for initialize_database to None, run_after=None
[2026-08-13T13:44:46.456+0000] {processor.py:183} INFO - Processing /opt/airflow/dags/dag_initialize_database.py took 0.750 seconds
[2026-08-13T13:45:16.915+0000] {processor.py:161} INFO - Started process (PID=2858) to work on /opt/airflow/dags/dag_initialize_database.py
[2026-08-13T13:45:16.918+0000] {processor.py:830} INFO - Processing file /opt/airflow/dags/dag_initialize_database.py for tasks to queue
[2026-08-13T13:45:16.925+0000] {logging_mixin.py:188} INFO - [2026-08-13T13:45:16.924+0000] {dagbag.py:545} INFO - Filling up the DagBag from /opt/airflow/dags/dag_initialize_database.py
[2026-08-13T13:45:17.698+0000] {processor.py:840} INFO - DAG(s) 'initialize_database' retrieved from /opt/airflow/dags/dag_initialize_database.py
[2026-08-13T13:45:17.749+0000] {logging_mixin.py:188} INFO - [2026-08-13T13:45:17.748+0000] {dag.py:3089} INFO - Sync 1 DAGs
[2026-08-13T13:45:17.790+0000] {logging_mixin.py:188} INFO - [2026-08-13T13:45:17.789+0000] {dag.py:3947} INFO - Setting next_dagrun for initialize_database to None, run_after=None
[2026-08-13T13:45:17.846+0000] {processor.py:183} INFO - Processing /opt/airflow/dags/dag_initialize_database.py took 0.950 seconds
[2026-08-13T13:45:48.222+0000] {processor.py:161} INFO - Started process (PID=2929) to work on /opt/airflow/dags/dag_initialize_database.py
[2026-08-13T13:45:48.230+0000] {processor.py:830} INFO - Processing file /opt/airflow/dags/dag_initialize_database.py for tasks to queue
[2026-08-13T13:45:48.239+0000] {logging_mixin.py:188} INFO - [2026-08-13T13:45:48.238+0000] {dagbag.py:545} INFO - Filling up the DagBag from /opt/airflow/dags/dag_initialize_database.py
[2026-08-13T13:45:48.958+0000] {processor.py:840} INFO - DAG(s) 'initialize_database' retrieved from /opt/airflow/dags/dag_initialize_database.py
[2026-08-13T13:45:49.029+0000] {logging_mixin.py:188} INFO - [2026-08-13T13:45:49.028+0000] {dag.py:3089} INFO - Sync 1 DAGs
[2026-08-13T13:45:49.077+0000] {logging_mixin.py:188} INFO - [2026-08-13T13:45:49.076+0000] {dag.py:3947} INFO - Setting next_dagrun for initialize_database to None, run_after=None
[2026-08-13T13:45:49.153+0000] {processor.py:183} INFO - Processing /opt/airflow/dags/dag_initialize_database.py took 0.963 seconds
[2026-08-13T13:46:20.075+0000] {processor.py:161} INFO - Started process (PID=3003) to work on /opt/airflow/dags/dag_initialize_database.py
[2026-08-13T13:46:20.080+0000] {processor.py:830} INFO - Processing file /opt/airflow/dags/dag_initialize_database.py for tasks to queue
[2026-08-13T13:46:20.092+0000] {logging_mixin.py:188} INFO - [2026-08-13T13:46:20.089+0000] {dagbag.py:545} INFO - Filling up the DagBag from /opt/airflow/dags/dag_initialize_database.py
[2026-08-13T13:46:21.046+0000] {processor.py:840} INFO - DAG(s) 'initialize_database' retrieved from /opt/airflow/dags/dag_initialize_database.py
[2026-08-13T13:46:21.115+0000] {logging_mixin.py:188} INFO - [2026-08-13T13:46:21.114+0000] {dag.py:3089} INFO - Sync 1 DAGs
[2026-08-13T13:46:21.145+0000] {logging_mixin.py:188} INFO - [2026-08-13T13:46:21.145+0000] {dag.py:3947} INFO - Setting next_dagrun for initialize_database to None, run_after=None
[2026-08-13T13:46:21.208+0000] {processor.py:183} INFO - Processing /opt/airflow/dags/dag_initialize_database.py took 1.155 seconds
[2026-08-13T13:46:51.546+0000] {processor.py:161} INFO - Started process (PID=3077) to work on /opt/airflow/dags/dag_initialize_database.py
[2026-08-13T13:46:51.550+0000] {processor.py:830} INFO - Processing file /opt/airflow/dags/dag_initialize_database.py for tasks to queue
[2026-08-13T13:46:51.557+0000] {logging_mixin.py:188} INFO - [2026-08-13T13:46:51.556+0000] {dagbag.py:545} INFO - Filling up the DagBag from /opt/airflow/dags/dag_initialize_database.py
[2026-08-13T13:46:52.209+0000] {processor.py:840} INFO - DAG(s) 'initialize_database' retrieved from /opt/airflow/dags/dag_initialize_database.py
[2026-08-13T13:46:52.259+0000] {logging_mixin.py:188} INFO - [2026-08-13T13:46:52.258+0000] {dag.py:3089} INFO - Sync 1 DAGs
[2026-08-13T13:46:52.287+0000] {logging_mixin.py:188} INFO - [2026-08-13T13:46:52.287+0000] {dag.py:3947} INFO - Setting next_dagrun for initialize_database to None, run_after=None
[2026-08-13T13:46:52.338+0000] {processor.py:183} INFO - Processing /opt/airflow/dags/dag_initialize_database.py took 0.804 seconds
[2026-08-13T13:47:22.601+0000] {processor.py:161} INFO - Started process (PID=3140) to work on /opt/airflow/dags/dag_initialize_database.py
[2026-08-13T13:47:22.603+0000] {processor.py:830} INFO - Processing file /opt/airflow/dags/dag_initialize_database.py for tasks to queue
[2026-08-13T13:47:22.608+0000] {logging_mixin.py:188} INFO - [2026-08-13T13:47:22.607+0000] {dagbag.py:545} INFO - Filling up the DagBag from /opt/airflow/dags/dag_initialize_database.py
[2026-08-13T13:47:23.169+0000] {processor.py:840} INFO - DAG(s) 'initialize_database' retrieved from /opt/airflow/dags/dag_initialize_database.py
[2026-08-13T13:47:23.252+0000] {logging_mixin.py:188} INFO - [2026-08-13T13:47:23.251+0000] {dag.py:3089} INFO - Sync 1 DAGs
[2026-08-13T13:47:23.293+0000] {logging_mixin.py:188} INFO - [2026-08-13T13:47:23.292+0000] {dag.py:3947} INFO - Setting next_dagrun for initialize_database to None, run_after=None
[2026-08-13T13:47:23.362+0000] {processor.py:183} INFO - Processing /opt/airflow/dags/dag_initialize_database.py took 0.774 seconds
[2026-08-13T13:47:53.516+0000] {processor.py:161} INFO - Started process (PID=3213) to work on /opt/airflow/dags/dag_initialize_database.py
[2026-08-13T13:47:53.521+0000] {processor.py:830} INFO - Processing file /opt/airflow/dags/dag_initialize_database.py for tasks to queue
[2026-08-13T13:47:53.529+0000] {logging_mixin.py:188} INFO - [2026-08-13T13:47:53.528+0000] {dagbag.py:545} INFO - Filling up the DagBag from /opt/airflow/dags/dag_initialize_database.py
[2026-08-13T13:47:54.194+0000] {processor.py:840} INFO - DAG(s) 'initialize_database' retrieved from /opt/airflow/dags/dag_initialize_database.py
[2026-08-13T13:47:54.243+0000] {logging_mixin.py:188} INFO - [2026-08-13T13:47:54.243+0000] {dag.py:3089} INFO - Sync 1 DAGs
[2026-08-13T13:47:54.278+0000] {logging_mixin.py:188} INFO - [2026-08-13T13:47:54.278+0000] {dag.py:3947} INFO - Setting next_dagrun for initialize_database to None, run_after=None
[2026-08-13T13:47:54.353+0000] {processor.py:183} INFO - Processing /opt/airflow/dags/dag_initialize_database.py took 0.854 seconds
[2026-08-13T13:48:24.658+0000] {processor.py:161} INFO - Started process (PID=3286) to work on /opt/airflow/dags/dag_initialize_database.py
[2026-08-13T13:48:24.662+0000] {processor.py:830} INFO - Processing file /opt/airflow/dags/dag_initialize_database.py for tasks to queue
[2026-08-13T13:48:24.669+0000] {logging_mixin.py:188} INFO - [2026-08-13T13:48:24.668+0000] {dagbag.py:545} INFO - Filling up the DagBag from /opt/airflow/dags/dag_initialize_database.py
[2026-08-13T13:48:25.572+0000] {processor.py:840} INFO - DAG(s) 'initialize_database' retrieved from /opt/airflow/dags/dag_initialize_database.py
[2026-08-13T13:48:25.628+0000] {logging_mixin.py:188} INFO - [2026-08-13T13:48:25.628+0000] {dag.py:3089} INFO - Sync 1 DAGs
[2026-08-13T13:48:25.670+0000] {logging_mixin.py:188} INFO - [2026-08-13T13:48:25.669+0000] {dag.py:3947} INFO - Setting next_dagrun for initialize_database to None, run_after=None
[2026-08-13T13:48:25.759+0000] {processor.py:183} INFO - Processing /opt/airflow/dags/dag_initialize_database.py took 1.119 seconds
[2026-08-13T13:48:56.495+0000] {processor.py:161} INFO - Started process (PID=3361) to work on /opt/airflow/dags/dag_initialize_database.py
[2026-08-13T13:48:56.501+0000] {processor.py:830} INFO - Processing file /opt/airflow/dags/dag_initialize_database.py for tasks to queue
[2026-08-13T13:48:56.515+0000] {logging_mixin.py:188} INFO - [2026-08-13T13:48:56.513+0000] {dagbag.py:545} INFO - Filling up the DagBag from /opt/airflow/dags/dag_initialize_database.py
[2026-08-13T13:48:57.380+0000] {processor.py:840} INFO - DAG(s) 'initialize_database' retrieved from /opt/airflow/dags/dag_initialize_database.py
[2026-08-13T13:48:57.462+0000] {logging_mixin.py:188} INFO - [2026-08-13T13:48:57.461+0000] {dag.py:3089} INFO - Sync 1 DAGs
[2026-08-13T13:48:57.526+0000] {logging_mixin.py:188} INFO - [2026-08-13T13:48:57.525+0000] {dag.py:3947} INFO - Setting next_dagrun for initialize_database to None, run_after=None
[2026-08-13T13:48:57.591+0000] {processor.py:183} INFO - Processing /opt/airflow/dags/dag_initialize_database.py took 1.115 seconds
[2026-08-13T13:49:27.990+0000] {processor.py:161} INFO - Started process (PID=3436) to work on /opt/airflow/dags/dag_initialize_database.py
[2026-08-13T13:49:28.001+0000] {processor.py:830} INFO - Processing file /opt/airflow/dags/dag_initialize_database.py for tasks to queue
[2026-08-13T13:49:28.016+0000] {logging_mixin.py:188} INFO - [2026-08-13T13:49:28.013+0000] {dagbag.py:545} INFO - Filling up the DagBag from /opt/airflow/dags/dag_initialize_database.py
[2026-08-13T13:49:29.549+0000] {processor.py:840} INFO - DAG(s) 'initialize_database' retrieved from /opt/airflow/dags/dag_initialize_database.py
[2026-08-13T13:49:29.647+0000] {logging_mixin.py:188} INFO - [2026-08-13T13:49:29.646+0000] {dag.py:3089} INFO - Sync 1 DAGs
[2026-08-13T13:49:29.706+0000] {logging_mixin.py:188} INFO - [2026-08-13T13:49:29.705+0000] {dag.py:3947} INFO - Setting next_dagrun for initialize_database to None, run_after=None
[2026-08-13T13:49:29.993+0000] {processor.py:183} INFO - Processing /opt/airflow/dags/dag_initialize_database.py took 2.029 seconds
[2026-08-13T13:50:00.475+0000] {processor.py:161} INFO - Started process (PID=3505) to work on /opt/airflow/dags/dag_initialize_database.py
[2026-08-13T13:50:00.480+0000] {processor.py:830} INFO - Processing file /opt/airflow/dags/dag_initialize_database.py for tasks to queue
[2026-08-13T13:50:00.500+0000] {logging_mixin.py:188} INFO - [2026-08-13T13:50:00.498+0000] {dagbag.py:545} INFO - Filling up the DagBag from /opt/airflow/dags/dag_initialize_database.py
[2026-08-13T13:50:01.583+0000] {processor.py:840} INFO - DAG(s) 'initialize_database' retrieved from /opt/airflow/dags/dag_initialize_database.py
[2026-08-13T13:50:01.722+0000] {logging_mixin.py:188} INFO - [2026-08-13T13:50:01.721+0000] {dag.py:3089} INFO - Sync 1 DAGs
[2026-08-13T13:50:01.827+0000] {logging_mixin.py:188} INFO - [2026-08-13T13:50:01.826+0000] {dag.py:3947} INFO - Setting next_dagrun for initialize_database to None, run_after=None
[2026-08-13T13:50:01.924+0000] {processor.py:183} INFO - Processing /opt/airflow/dags/dag_initialize_database.py took 1.514 seconds
