[2026-08-13T13:23:56.705+0000] {processor.py:161} INFO - Started process (PID=70) to work on /opt/airflow/dags/dag_initialize_matches.py
[2026-08-13T13:23:56.709+0000] {processor.py:830} INFO - Processing file /opt/airflow/dags/dag_initialize_matches.py for tasks to queue
[2026-08-13T13:23:56.724+0000] {logging_mixin.py:188} INFO - [2026-08-13T13:23:56.720+0000] {dagbag.py:545} INFO - Filling up the DagBag from /opt/airflow/dags/dag_initialize_matches.py
[2026-08-13T13:24:04.650+0000] {processor.py:840} INFO - DAG(s) 'initialize_matches' retrieved from /opt/airflow/dags/dag_initialize_matches.py
[2026-08-13T13:24:05.274+0000] {logging_mixin.py:188} INFO - [2026-08-13T13:24:05.273+0000] {dag.py:3089} INFO - Sync 1 DAGs
[2026-08-13T13:24:05.303+0000] {logging_mixin.py:188} INFO - [2026-08-13T13:24:05.302+0000] {dag.py:3947} INFO - Setting next_dagrun for initialize_matches to None, run_after=None
[2026-08-13T13:24:05.366+0000] {processor.py:183} INFO - Processing /opt/airflow/dags/dag_initialize_matches.py took 8.721 seconds
[2026-08-13T13:24:38.561+0000] {processor.py:161} INFO - Started process (PID=144) to work on /opt/airflow/dags/dag_initialize_matches.py
[2026-08-13T13:24:38.564+0000] {processor.py:830} INFO - Processing file /opt/airflow/dags/dag_initialize_matches.py for tasks to queue
[2026-08-13T13:24:38.569+0000] {logging_mixin.py:188} INFO - [2026-08-13T13:24:38.568+0000] {dagbag.py:545} INFO - Filling up the DagBag from /opt/airflow/dags/dag_initialize_matches.py
[2026-08-13T13:24:42.192+0000] {processor.py:840} INFO - DAG(s) 'initialize_matches' retrieved from /opt/airflow/dags/dag_initialize_matches.py
[2026-08-13T13:24:42.255+0000] {logging_mixin.py:188} INFO - [2026-08-13T13:24:42.254+0000] {dag.py:3089} INFO - Sync 1 DAGs
[2026-08-13T13:24:42.350+0000] {logging_mixin.py:188} INFO - [2026-08-13T13:24:42.349+0000] {dag.py:3947} INFO - Setting next_dagrun for initialize_matches to None, run_after=None
[2026-08-13T13:24:42.693+0000] {processor.py:183} INFO - Processing /opt/airflow/dags/dag_initialize_matches.py took 4.143 seconds
[2026-08-13T13:25:27.388+0000] {processor.py:161} INFO - Started process (PID=223) to work on /opt/airflow/dags/dag_initialize_matches.py
[2026-08-13T13:25:27.405+0000] {processor.py:830} INFO - Processing file /opt/airflow/dags/dag_initialize_matches.py for tasks to queue
[2026-08-13T13:25:27.463+0000] {logging_mixin.py:188} INFO - [2026-08-13T13:25:27.461+0000] {dagbag.py:545} INFO - Filling up the DagBag from /opt/airflow/dags/dag_initialize_matches.py
[2026-08-13T13:25:36.811+0000] {processor.py:840} INFO - DAG(s) 'initialize_matches' retrieved from /opt/airflow/dags/dag_initialize_matches.py
[2026-08-13T13:25:36.901+0000] {logging_mixin.py:188} INFO - [2026-08-13T13:25:36.899+0000] {dag.py:3089} INFO - Sync 1 DAGs
[2026-08-13T13:25:36.988+0000] {logging_mixin.py:188} INFO - [2026-08-13T13:25:36.987+0000] {dag.py:3947} INFO - Setting next_dagrun for initialize_matches to None, run_after=None
[2026-08-13T13:25:37.193+0000] {processor.py:183} INFO - Processing /opt/airflow/dags/dag_initialize_matches.py took 9.859 seconds
[2026-08-13T13:26:07.832+0000] {processor.py:161} INFO - Started process (PID=296) to work on /opt/airflow/dags/dag_initialize_matches.py
[2026-08-13T13:26:07.842+0000] {processor.py:830} INFO - Processing file /opt/airflow/dags/dag_initialize_matches.py for tasks to queue
[2026-08-13T13:26:07.904+0000] {logging_mixin.py:188} INFO - [2026-08-13T13:26:07.884+0000] {dagbag.py:545} INFO - Filling up the DagBag from /opt/airflow/dags/dag_initialize_matches.py
[2026-08-13T13:26:11.357+0000] {processor.py:840} INFO - DAG(s) 'initialize_matches' retrieved from /opt/airflow/dags/dag_initialize_matches.py
[2026-08-13T13:26:11.389+0000] {logging_mixin.py:188} INFO - [2026-08-13T13:26:11.389+0000] {dag.py:3089} INFO - Sync 1 DAGs
[2026-08-13T13:26:11.416+0000] {logging_mixin.py:188} INFO - [2026-08-13T13:26:11.416+0000] {dag.py:3947} INFO - Setting next_dagrun for initialize_matches to None, run_after=None
[2026-08-13T13:26:11.455+0000] {processor.py:183} INFO - Processing /opt/airflow/dags/dag_initialize_matches.py took 3.731 seconds
[2026-08-13T13:26:41.751+0000] {processor.py:161} INFO - Started process (PID=370) to work on /opt/airflow/dags/dag_initialize_matches.py
[2026-08-13T13:26:41.755+0000] {processor.py:830} INFO - Processing file /opt/airflow/dags/dag_initialize_matches.py for tasks to queue
[2026-08-13T13:26:41.766+0000] {logging_mixin.py:188} INFO - [2026-08-13T13:26:41.765+0000] {dagbag.py:545} INFO - Filling up the DagBag from /opt/airflow/dags/dag_initialize_matches.py
[2026-08-13T13:26:45.073+0000] {processor.py:840} INFO - DAG(s) 'initialize_matches' retrieved from /opt/airflow/dags/dag_initialize_matches.py
[2026-08-13T13:26:45.328+0000] {logging_mixin.py:188} INFO - [2026-08-13T13:26:45.327+0000] {dag.py:3089} INFO - Sync 1 DAGs
[2026-08-13T13:26:45.494+0000] {logging_mixin.py:188} INFO - [2026-08-13T13:26:45.494+0000] {dag.py:3947} INFO - Setting next_dagrun for initialize_matches to None, run_after=None
[2026-08-13T13:26:45.594+0000] {processor.py:183} INFO - Processing /opt/airflow/dags/dag_initialize_matches.py took 3.868 seconds
[2026-08-13T13:27:15.783+0000] {processor.py:161} INFO - Started process (PID=435) to work on /opt/airflow/dags/dag_initialize_matches.py
[2026-08-13T13:27:15.788+0000] {processor.py:830} INFO - Processing file /opt/airflow/dags/dag_initialize_matches.py for tasks to queue
[2026-08-13T13:27:15.800+0000] {logging_mixin.py:188} INFO - [2026-08-13T13:27:15.799+0000] {dagbag.py:545} INFO - Filling up the DagBag from /opt/airflow/dags/dag_initialize_matches.py
[2026-08-13T13:27:17.606+0000] {processor.py:840} INFO - DAG(s) 'initialize_matches' retrieved from /opt/airflow/dags/dag_initialize_matches.py
[2026-08-13T13:27:17.642+0000] {logging_mixin.py:188} INFO - [2026-08-13T13:27:17.641+0000] {dag.py:3089} INFO - Sync 1 DAGs
[2026-08-13T13:27:17.670+0000] {logging_mixin.py:188} INFO - [2026-08-13T13:27:17.670+0000] {dag.py:3947} INFO - Setting next_dagrun for initialize_matches to None, run_after=None
[2026-08-13T13:27:17.713+0000] {processor.py:183} INFO - Processing /opt/airflow/dags/dag_initialize_matches.py took 1.944 seconds
[2026-08-13T13:27:47.972+0000] {processor.py:161} INFO - Started process (PID=508) to work on /opt/airflow/dags/dag_initialize_matches.py
[2026-08-13T13:27:47.974+0000] {processor.py:830} INFO - Processing file /opt/airflow/dags/dag_initialize_matches.py for tasks to queue
[2026-08-13T13:27:47.978+0000] {logging_mixin.py:188} INFO - [2026-08-13T13:27:47.978+0000] {dagbag.py:545} INFO - Filling up the DagBag from /opt/airflow/dags/dag_initialize_matches.py
[2026-08-13T13:27:49.102+0000] {processor.py:840} INFO - DAG(s) 'initialize_matches' retrieved from /opt/airflow/dags/dag_initialize_matches.py
[2026-08-13T13:27:49.143+0000] {logging_mixin.py:188} INFO - [2026-08-13T13:27:49.142+0000] {dag.py:3089} INFO - Sync 1 DAGs
[2026-08-13T13:27:49.173+0000] {logging_mixin.py:188} INFO - [2026-08-13T13:27:49.173+0000] {dag.py:3947} INFO - Setting next_dagrun for initialize_matches to None, run_after=None
[2026-08-13T13:27:49.226+0000] {processor.py:183} INFO - Processing /opt/airflow/dags/dag_initialize_matches.py took 1.265 seconds
[2026-08-13T13:28:20.067+0000] {processor.py:161} INFO - Started process (PID=579) to work on /opt/airflow/dags/dag_initialize_matches.py
[2026-08-13T13:28:20.078+0000] {processor.py:830} INFO - Processing file /opt/airflow/dags/dag_initialize_matches.py for tasks to queue
[2026-08-13T13:28:20.087+0000] {logging_mixin.py:188} INFO - [2026-08-13T13:28:20.084+0000] {dagbag.py:545} INFO - Filling up the DagBag from /opt/airflow/dags/dag_initialize_matches.py
[2026-08-13T13:28:22.016+0000] {processor.py:840} INFO - DAG(s) 'initialize_matches' retrieved from /opt/airflow/dags/dag_initialize_matches.py
[2026-08-13T13:28:22.058+0000] {logging_mixin.py:188} INFO - [2026-08-13T13:28:22.057+0000] {dag.py:3089} INFO - Sync 1 DAGs
[2026-08-13T13:28:22.091+0000] {logging_mixin.py:188} INFO - [2026-08-13T13:28:22.090+0000] {dag.py:3947} INFO - Setting next_dagrun for initialize_matches to None, run_after=None
[2026-08-13T13:28:22.153+0000] {processor.py:183} INFO - Processing /opt/airflow/dags/dag_initialize_matches.py took 2.105 seconds
[2026-08-13T13:28:52.625+0000] {processor.py:161} INFO - Started process (PID=652) to work on /opt/airflow/dags/dag_initialize_matches.py
[2026-08-13T13:28:52.633+0000] {processor.py:830} INFO - Processing file /opt/airflow/dags/dag_initialize_matches.py for tasks to queue
[2026-08-13T13:28:52.649+0000] {logging_mixin.py:188} INFO - [2026-08-13T13:28:52.648+0000] {dagbag.py:545} INFO - Filling up the DagBag from /opt/airflow/dags/dag_initialize_matches.py
[2026-08-13T13:28:55.716+0000] {processor.py:840} INFO - DAG(s) 'initialize_matches' retrieved from /opt/airflow/dags/dag_initialize_matches.py
[2026-08-13T13:28:55.768+0000] {logging_mixin.py:188} INFO - [2026-08-13T13:28:55.764+0000] {dag.py:3089} INFO - Sync 1 DAGs
[2026-08-13T13:28:55.797+0000] {logging_mixin.py:188} INFO - [2026-08-13T13:28:55.796+0000] {dag.py:3947} INFO - Setting next_dagrun for initialize_matches to None, run_after=None
[2026-08-13T13:28:55.850+0000] {processor.py:183} INFO - Processing /opt/airflow/dags/dag_initialize_matches.py took 3.259 seconds
[2026-08-13T13:29:26.209+0000] {processor.py:161} INFO - Started process (PID=726) to work on /opt/airflow/dags/dag_initialize_matches.py
[2026-08-13T13:29:26.214+0000] {processor.py:830} INFO - Processing file /opt/airflow/dags/dag_initialize_matches.py for tasks to queue
[2026-08-13T13:29:26.222+0000] {logging_mixin.py:188} INFO - [2026-08-13T13:29:26.221+0000] {dagbag.py:545} INFO - Filling up the DagBag from /opt/airflow/dags/dag_initialize_matches.py
[2026-08-13T13:29:28.811+0000] {processor.py:840} INFO - DAG(s) 'initialize_matches' retrieved from /opt/airflow/dags/dag_initialize_matches.py
[2026-08-13T13:29:28.870+0000] {logging_mixin.py:188} INFO - [2026-08-13T13:29:28.869+0000] {dag.py:3089} INFO - Sync 1 DAGs
[2026-08-13T13:29:28.901+0000] {logging_mixin.py:188} INFO - [2026-08-13T13:29:28.900+0000] {dag.py:3947} INFO - Setting next_dagrun for initialize_matches to None, run_after=None
[2026-08-13T13:29:28.956+0000] {processor.py:183} INFO - Processing /opt/airflow/dags/dag_initialize_matches.py took 2.769 seconds
[2026-08-13T13:29:59.291+0000] {processor.py:161} INFO - Started process (PID=799) to work on /opt/airflow/dags/dag_initialize_matches.py
[2026-08-13T13:29:59.300+0000] {processor.py:830} INFO - Processing file /opt/airflow/dags/dag_initialize_matches.py for tasks to queue
[2026-08-13T13:29:59.316+0000] {logging_mixin.py:188} INFO - [2026-08-13T13:29:59.314+0000] {dagbag.py:545} INFO - Filling up the DagBag from /opt/airflow/dags/dag_initialize_matches.py
[2026-08-13T13:30:01.867+0000] {processor.py:840} INFO - DAG(s) 'initialize_matches' retrieved from /opt/airflow/dags/dag_initialize_matches.py
[2026-08-13T13:30:01.919+0000] {logging_mixin.py:188} INFO - [2026-08-13T13:30:01.918+0000] {dag.py:3089} INFO - Sync 1 DAGs
[2026-08-13T13:30:01.952+0000] {logging_mixin.py:188} INFO - [2026-08-13T13:30:01.952+0000] {dag.py:3947} INFO - Setting next_dagrun for initialize_matches to None, run_after=None
[2026-08-13T13:30:02.017+0000] {processor.py:183} INFO - Processing /opt/airflow/dags/dag_initialize_matches.py took 2.771 seconds
[2026-08-13T13:30:32.778+0000] {processor.py:161} INFO - Started process (PID=865) to work on /opt/airflow/dags/dag_initialize_matches.py
[2026-08-13T13:30:32.781+0000] {processor.py:830} INFO - Processing file /opt/airflow/dags/dag_initialize_matches.py for tasks to queue
[2026-08-13T13:30:32.787+0000] {logging_mixin.py:188} INFO - [2026-08-13T13:30:32.786+0000] {dagbag.py:545} INFO - Filling up the DagBag from /opt/airflow/dags/dag_initialize_matches.py
[2026-08-13T13:30:34.814+0000] {processor.py:840} INFO - DAG(s) 'initialize_matches' retrieved from /opt/airflow/dags/dag_initialize_matches.py
[2026-08-13T13:30:34.868+0000] {logging_mixin.py:188} INFO - [2026-08-13T13:30:34.867+0000] {dag.py:3089} INFO - Sync 1 DAGs
[2026-08-13T13:30:34.902+0000] {logging_mixin.py:188} INFO - [2026-08-13T13:30:34.901+0000] {dag.py:3947} INFO - Setting next_dagrun for initialize_matches to None, run_after=None
[2026-08-13T13:30:34.950+0000] {processor.py:183} INFO - Processing /opt/airflow/dags/dag_initialize_matches.py took 2.184 seconds
[2026-08-13T13:31:05.287+0000] {processor.py:161} INFO - Started process (PID=938) to work on /opt/airflow/dags/dag_initialize_matches.py
[2026-08-13T13:31:05.290+0000] {processor.py:830} INFO - Processing file /opt/airflow/dags/dag_initialize_matches.py for tasks to queue
[2026-08-13T13:31:05.297+0000] {logging_mixin.py:188} INFO - [2026-08-13T13:31:05.296+0000] {dagbag.py:545} INFO - Filling up the DagBag from /opt/airflow/dags/dag_initialize_matches.py
[2026-08-13T13:31:07.078+0000] {processor.py:840} INFO - DAG(s) 'initialize_matches' retrieved from /opt/airflow/dags/dag_initialize_matches.py
[2026-08-13T13:31:07.122+0000] {logging_mixin.py:188} INFO - [2026-08-13T13:31:07.121+0000] {dag.py:3089} INFO - Sync 1 DAGs
[2026-08-13T13:31:07.152+0000] {logging_mixin.py:188} INFO - [2026-08-13T13:31:07.151+0000] {dag.py:3947} INFO - Setting next_dagrun for initialize_matches to None, run_after=None
[2026-08-13T13:31:07.194+0000] {processor.py:183} INFO - Processing /opt/airflow/dags/dag_initialize_matches.py took 1.922 seconds
[2026-08-13T13:31:37.723+0000] {processor.py:161} INFO - Started process (PID=1012) to work on /opt/airflow/dags/dag_initialize_matches.py
[2026-08-13T13:31:37.726+0000] {processor.py:830} INFO - Processing file /opt/airflow/dags/dag_initialize_matches.py for tasks to queue
[2026-08-13T13:31:37.732+0000] {logging_mixin.py:188} INFO - [2026-08-13T13:31:37.731+0000] {dagbag.py:545} INFO - Filling up the DagBag from /opt/airflow/dags/dag_initialize_matches.py
[2026-08-13T13:31:39.467+0000] {processor.py:840} INFO - DAG(s) 'initialize_matches' retrieved from /opt/airflow/dags/dag_initialize_matches.py
[2026-08-13T13:31:39.509+0000] {logging_mixin.py:188} INFO - [2026-08-13T13:31:39.508+0000] {dag.py:3089} INFO - Sync 1 DAGs
[2026-08-13T13:31:39.548+0000] {logging_mixin.py:188} INFO - [2026-08-13T13:31:39.547+0000] {dag.py:3947} INFO - Setting next_dagrun for initialize_matches to None, run_after=None
[2026-08-13T13:31:39.614+0000] {processor.py:183} INFO - Processing /opt/airflow/dags/dag_initialize_matches.py took 1.903 seconds
[2026-08-13T13:32:10.097+0000] {processor.py:161} INFO - Started process (PID=1085) to work on /opt/airflow/dags/dag_initialize_matches.py
[2026-08-13T13:32:10.107+0000] {processor.py:830} INFO - Processing file /opt/airflow/dags/dag_initialize_matches.py for tasks to queue
[2026-08-13T13:32:10.144+0000] {logging_mixin.py:188} INFO - [2026-08-13T13:32:10.139+0000] {dagbag.py:545} INFO - Filling up the DagBag from /opt/airflow/dags/dag_initialize_matches.py
[2026-08-13T13:32:12.081+0000] {processor.py:840} INFO - DAG(s) 'initialize_matches' retrieved from /opt/airflow/dags/dag_initialize_matches.py
[2026-08-13T13:32:12.116+0000] {logging_mixin.py:188} INFO - [2026-08-13T13:32:12.115+0000] {dag.py:3089} INFO - Sync 1 DAGs
[2026-08-13T13:32:12.139+0000] {logging_mixin.py:188} INFO - [2026-08-13T13:32:12.139+0000] {dag.py:3947} INFO - Setting next_dagrun for initialize_matches to None, run_after=None
[2026-08-13T13:32:12.179+0000] {processor.py:183} INFO - Processing /opt/airflow/dags/dag_initialize_matches.py took 2.164 seconds
[2026-08-13T13:32:42.470+0000] {processor.py:161} INFO - Started process (PID=1158) to work on /opt/airflow/dags/dag_initialize_matches.py
[2026-08-13T13:32:42.474+0000] {processor.py:830} INFO - Processing file /opt/airflow/dags/dag_initialize_matches.py for tasks to queue
[2026-08-13T13:32:42.482+0000] {logging_mixin.py:188} INFO - [2026-08-13T13:32:42.481+0000] {dagbag.py:545} INFO - Filling up the DagBag from /opt/airflow/dags/dag_initialize_matches.py
[2026-08-13T13:32:44.270+0000] {processor.py:840} INFO - DAG(s) 'initialize_matches' retrieved from /opt/airflow/dags/dag_initialize_matches.py
[2026-08-13T13:32:44.312+0000] {logging_mixin.py:188} INFO - [2026-08-13T13:32:44.311+0000] {dag.py:3089} INFO - Sync 1 DAGs
[2026-08-13T13:32:44.338+0000] {logging_mixin.py:188} INFO - [2026-08-13T13:32:44.338+0000] {dag.py:3947} INFO - Setting next_dagrun for initialize_matches to None, run_after=None
[2026-08-13T13:32:44.396+0000] {processor.py:183} INFO - Processing /opt/airflow/dags/dag_initialize_matches.py took 1.941 seconds
[2026-08-13T13:33:15.168+0000] {processor.py:161} INFO - Started process (PID=1231) to work on /opt/airflow/dags/dag_initialize_matches.py
[2026-08-13T13:33:15.171+0000] {processor.py:830} INFO - Processing file /opt/airflow/dags/dag_initialize_matches.py for tasks to queue
[2026-08-13T13:33:15.181+0000] {logging_mixin.py:188} INFO - [2026-08-13T13:33:15.179+0000] {dagbag.py:545} INFO - Filling up the DagBag from /opt/airflow/dags/dag_initialize_matches.py
[2026-08-13T13:33:17.420+0000] {processor.py:840} INFO - DAG(s) 'initialize_matches' retrieved from /opt/airflow/dags/dag_initialize_matches.py
[2026-08-13T13:33:17.462+0000] {logging_mixin.py:188} INFO - [2026-08-13T13:33:17.461+0000] {dag.py:3089} INFO - Sync 1 DAGs
[2026-08-13T13:33:17.490+0000] {logging_mixin.py:188} INFO - [2026-08-13T13:33:17.489+0000] {dag.py:3947} INFO - Setting next_dagrun for initialize_matches to None, run_after=None
[2026-08-13T13:33:17.538+0000] {processor.py:183} INFO - Processing /opt/airflow/dags/dag_initialize_matches.py took 2.400 seconds
[2026-08-13T13:33:48.087+0000] {processor.py:161} INFO - Started process (PID=1305) to work on /opt/airflow/dags/dag_initialize_matches.py
[2026-08-13T13:33:48.090+0000] {processor.py:830} INFO - Processing file /opt/airflow/dags/dag_initialize_matches.py for tasks to queue
[2026-08-13T13:33:48.097+0000] {logging_mixin.py:188} INFO - [2026-08-13T13:33:48.096+0000] {dagbag.py:545} INFO - Filling up the DagBag from /opt/airflow/dags/dag_initialize_matches.py
[2026-08-13T13:33:49.987+0000] {processor.py:840} INFO - DAG(s) 'initialize_matches' retrieved from /opt/airflow/dags/dag_initialize_matches.py
[2026-08-13T13:33:50.051+0000] {logging_mixin.py:188} INFO - [2026-08-13T13:33:50.050+0000] {dag.py:3089} INFO - Sync 1 DAGs
[2026-08-13T13:33:50.142+0000] {logging_mixin.py:188} INFO - [2026-08-13T13:33:50.142+0000] {dag.py:3947} INFO - Setting next_dagrun for initialize_matches to None, run_after=None
[2026-08-13T13:33:50.233+0000] {processor.py:183} INFO - Processing /opt/airflow/dags/dag_initialize_matches.py took 2.161 seconds
[2026-08-13T13:34:21.246+0000] {processor.py:161} INFO - Started process (PID=1378) to work on /opt/airflow/dags/dag_initialize_matches.py
[2026-08-13T13:34:21.250+0000] {processor.py:830} INFO - Processing file /opt/airflow/dags/dag_initialize_matches.py for tasks to queue
[2026-08-13T13:34:21.256+0000] {logging_mixin.py:188} INFO - [2026-08-13T13:34:21.255+0000] {dagbag.py:545} INFO - Filling up the DagBag from /opt/airflow/dags/dag_initialize_matches.py
[2026-08-13T13:34:22.918+0000] {processor.py:840} INFO - DAG(s) 'initialize_matches' retrieved from /opt/airflow/dags/dag_initialize_matches.py
[2026-08-13T13:34:22.954+0000] {logging_mixin.py:188} INFO - [2026-08-13T13:34:22.953+0000] {dag.py:3089} INFO - Sync 1 DAGs
[2026-08-13T13:34:22.977+0000] {logging_mixin.py:188} INFO - [2026-08-13T13:34:22.976+0000] {dag.py:3947} INFO - Setting next_dagrun for initialize_matches to None, run_after=None
[2026-08-13T13:34:23.019+0000] {processor.py:183} INFO - Processing /opt/airflow/dags/dag_initialize_matches.py took 1.788 seconds
[2026-08-13T13:34:53.162+0000] {processor.py:161} INFO - Started process (PID=1451) to work on /opt/airflow/dags/dag_initialize_matches.py
[2026-08-13T13:34:53.168+0000] {processor.py:830} INFO - Processing file /opt/airflow/dags/dag_initialize_matches.py for tasks to queue
[2026-08-13T13:34:53.180+0000] {logging_mixin.py:188} INFO - [2026-08-13T13:34:53.178+0000] {dagbag.py:545} INFO - Filling up the DagBag from /opt/airflow/dags/dag_initialize_matches.py
[2026-08-13T13:34:55.260+0000] {processor.py:840} INFO - DAG(s) 'initialize_matches' retrieved from /opt/airflow/dags/dag_initialize_matches.py
[2026-08-13T13:34:55.327+0000] {logging_mixin.py:188} INFO - [2026-08-13T13:34:55.326+0000] {dag.py:3089} INFO - Sync 1 DAGs
[2026-08-13T13:34:55.359+0000] {logging_mixin.py:188} INFO - [2026-08-13T13:34:55.359+0000] {dag.py:3947} INFO - Setting next_dagrun for initialize_matches to None, run_after=None
[2026-08-13T13:34:55.415+0000] {processor.py:183} INFO - Processing /opt/airflow/dags/dag_initialize_matches.py took 2.277 seconds
[2026-08-13T13:35:25.668+0000] {processor.py:161} INFO - Started process (PID=1524) to work on /opt/airflow/dags/dag_initialize_matches.py
[2026-08-13T13:35:25.675+0000] {processor.py:830} INFO - Processing file /opt/airflow/dags/dag_initialize_matches.py for tasks to queue
[2026-08-13T13:35:25.687+0000] {logging_mixin.py:188} INFO - [2026-08-13T13:35:25.684+0000] {dagbag.py:545} INFO - Filling up the DagBag from /opt/airflow/dags/dag_initialize_matches.py
[2026-08-13T13:35:27.490+0000] {processor.py:840} INFO - DAG(s) 'initialize_matches' retrieved from /opt/airflow/dags/dag_initialize_matches.py
[2026-08-13T13:35:27.553+0000] {logging_mixin.py:188} INFO - [2026-08-13T13:35:27.552+0000] {dag.py:3089} INFO - Sync 1 DAGs
[2026-08-13T13:35:27.596+0000] {logging_mixin.py:188} INFO - [2026-08-13T13:35:27.595+0000] {dag.py:3947} INFO - Setting next_dagrun for initialize_matches to None, run_after=None
[2026-08-13T13:35:27.673+0000] {processor.py:183} INFO - Processing /opt/airflow/dags/dag_initialize_matches.py took 2.034 seconds
[2026-08-13T13:35:58.371+0000] {processor.py:161} INFO - Started process (PID=1597) to work on /opt/airflow/dags/dag_initialize_matches.py
[2026-08-13T13:35:58.374+0000] {processor.py:830} INFO - Processing file /opt/airflow/dags/dag_initialize_matches.py for tasks to queue
[2026-08-13T13:35:58.382+0000] {logging_mixin.py:188} INFO - [2026-08-13T13:35:58.380+0000] {dagbag.py:545} INFO - Filling up the DagBag from /opt/airflow/dags/dag_initialize_matches.py
[2026-08-13T13:36:00.840+0000] {processor.py:840} INFO - DAG(s) 'initialize_matches' retrieved from /opt/airflow/dags/dag_initialize_matches.py
[2026-08-13T13:36:00.874+0000] {logging_mixin.py:188} INFO - [2026-08-13T13:36:00.873+0000] {dag.py:3089} INFO - Sync 1 DAGs
[2026-08-13T13:36:00.893+0000] {logging_mixin.py:188} INFO - [2026-08-13T13:36:00.893+0000] {dag.py:3947} INFO - Setting next_dagrun for initialize_matches to None, run_after=None
[2026-08-13T13:36:00.941+0000] {processor.py:183} INFO - Processing /opt/airflow/dags/dag_initialize_matches.py took 2.586 seconds
[2026-08-13T13:36:31.487+0000] {processor.py:161} INFO - Started process (PID=1672) to work on /opt/airflow/dags/dag_initialize_matches.py
[2026-08-13T13:36:31.491+0000] {processor.py:830} INFO - Processing file /opt/airflow/dags/dag_initialize_matches.py for tasks to queue
[2026-08-13T13:36:31.498+0000] {logging_mixin.py:188} INFO - [2026-08-13T13:36:31.497+0000] {dagbag.py:545} INFO - Filling up the DagBag from /opt/airflow/dags/dag_initialize_matches.py
[2026-08-13T13:36:33.319+0000] {processor.py:840} INFO - DAG(s) 'initialize_matches' retrieved from /opt/airflow/dags/dag_initialize_matches.py
[2026-08-13T13:36:33.351+0000] {logging_mixin.py:188} INFO - [2026-08-13T13:36:33.350+0000] {dag.py:3089} INFO - Sync 1 DAGs
[2026-08-13T13:36:33.370+0000] {logging_mixin.py:188} INFO - [2026-08-13T13:36:33.369+0000] {dag.py:3947} INFO - Setting next_dagrun for initialize_matches to None, run_after=None
[2026-08-13T13:36:33.410+0000] {processor.py:183} INFO - Processing /opt/airflow/dags/dag_initialize_matches.py took 1.939 seconds
[2026-08-13T13:37:04.061+0000] {processor.py:161} INFO - Started process (PID=1745) to work on /opt/airflow/dags/dag_initialize_matches.py
[2026-08-13T13:37:04.070+0000] {processor.py:830} INFO - Processing file /opt/airflow/dags/dag_initialize_matches.py for tasks to queue
[2026-08-13T13:37:04.079+0000] {logging_mixin.py:188} INFO - [2026-08-13T13:37:04.078+0000] {dagbag.py:545} INFO - Filling up the DagBag from /opt/airflow/dags/dag_initialize_matches.py
[2026-08-13T13:37:06.377+0000] {processor.py:840} INFO - DAG(s) 'initialize_matches' retrieved from /opt/airflow/dags/dag_initialize_matches.py
[2026-08-13T13:37:06.414+0000] {logging_mixin.py:188} INFO - [2026-08-13T13:37:06.413+0000] {dag.py:3089} INFO - Sync 1 DAGs
[2026-08-13T13:37:06.447+0000] {logging_mixin.py:188} INFO - [2026-08-13T13:37:06.446+0000] {dag.py:3947} INFO - Setting next_dagrun for initialize_matches to None, run_after=None
[2026-08-13T13:37:06.506+0000] {processor.py:183} INFO - Processing /opt/airflow/dags/dag_initialize_matches.py took 2.474 seconds
[2026-08-13T13:37:37.108+0000] {processor.py:161} INFO - Started process (PID=1819) to work on /opt/airflow/dags/dag_initialize_matches.py
[2026-08-13T13:37:37.112+0000] {processor.py:830} INFO - Processing file /opt/airflow/dags/dag_initialize_matches.py for tasks to queue
[2026-08-13T13:37:37.120+0000] {logging_mixin.py:188} INFO - [2026-08-13T13:37:37.119+0000] {dagbag.py:545} INFO - Filling up the DagBag from /opt/airflow/dags/dag_initialize_matches.py
[2026-08-13T13:37:38.851+0000] {processor.py:840} INFO - DAG(s) 'initialize_matches' retrieved from /opt/airflow/dags/dag_initialize_matches.py
[2026-08-13T13:37:38.891+0000] {logging_mixin.py:188} INFO - [2026-08-13T13:37:38.890+0000] {dag.py:3089} INFO - Sync 1 DAGs
[2026-08-13T13:37:38.911+0000] {logging_mixin.py:188} INFO - [2026-08-13T13:37:38.910+0000] {dag.py:3947} INFO - Setting next_dagrun for initialize_matches to None, run_after=None
[2026-08-13T13:37:38.959+0000] {processor.py:183} INFO - Processing /opt/airflow/dags/dag_initialize_matches.py took 1.868 seconds
[2026-08-13T13:38:09.597+0000] {processor.py:161} INFO - Started process (PID=1893) to work on /opt/airflow/dags/dag_initialize_matches.py
[2026-08-13T13:38:09.602+0000] {processor.py:830} INFO - Processing file /opt/airflow/dags/dag_initialize_matches.py for tasks to queue
[2026-08-13T13:38:09.610+0000] {logging_mixin.py:188} INFO - [2026-08-13T13:38:09.609+0000] {dagbag.py:545} INFO - Filling up the DagBag from /opt/airflow/dags/dag_initialize_matches.py
[2026-08-13T13:38:11.972+0000] {processor.py:840} INFO - DAG(s) 'initialize_matches' retrieved from /opt/airflow/dags/dag_initialize_matches.py
[2026-08-13T13:38:12.012+0000] {logging_mixin.py:188} INFO - [2026-08-13T13:38:12.011+0000] {dag.py:3089} INFO - Sync 1 DAGs
[2026-08-13T13:38:12.045+0000] {logging_mixin.py:188} INFO - [2026-08-13T13:38:12.045+0000] {dag.py:3947} INFO - Setting next_dagrun for initialize_matches to None, run_after=None
[2026-08-13T13:38:12.091+0000] {processor.py:183} INFO - Processing /opt/airflow/dags/dag_initialize_matches.py took 2.517 seconds
[2026-08-13T13:38:42.264+0000] {processor.py:161} INFO - Started process (PID=1966) to work on /opt/airflow/dags/dag_initialize_matches.py
[2026-08-13T13:38:42.268+0000] {processor.py:830} INFO - Processing file /opt/airflow/dags/dag_initialize_matches.py for tasks to queue
[2026-08-13T13:38:42.276+0000] {logging_mixin.py:188} INFO - [2026-08-13T13:38:42.275+0000] {dagbag.py:545} INFO - Filling up the DagBag from /opt/airflow/dags/dag_initialize_matches.py
[2026-08-13T13:38:44.989+0000] {processor.py:840} INFO - DAG(s) 'initialize_matches' retrieved from /opt/airflow/dags/dag_initialize_matches.py
[2026-08-13T13:38:45.034+0000] {logging_mixin.py:188} INFO - [2026-08-13T13:38:45.033+0000] {dag.py:3089} INFO - Sync 1 DAGs
[2026-08-13T13:38:45.070+0000] {logging_mixin.py:188} INFO - [2026-08-13T13:38:45.069+0000] {dag.py:3947} INFO - Setting next_dagrun for initialize_matches to None, run_after=None
[2026-08-13T13:38:45.190+0000] {processor.py:183} INFO - Processing /opt/airflow/dags/dag_initialize_matches.py took 2.943 seconds
[2026-08-13T13:39:15.628+0000] {processor.py:161} INFO - Started process (PID=2040) to work on /opt/airflow/dags/dag_initialize_matches.py
[2026-08-13T13:39:15.631+0000] {processor.py:830} INFO - Processing file /opt/airflow/dags/dag_initialize_matches.py for tasks to queue
[2026-08-13T13:39:15.638+0000] {logging_mixin.py:188} INFO - [2026-08-13T13:39:15.637+0000] {dagbag.py:545} INFO - Filling up the DagBag from /opt/airflow/dags/dag_initialize_matches.py
[2026-08-13T13:39:18.094+0000] {processor.py:840} INFO - DAG(s) 'initialize_matches' retrieved from /opt/airflow/dags/dag_initialize_matches.py
[2026-08-13T13:39:18.138+0000] {logging_mixin.py:188} INFO - [2026-08-13T13:39:18.137+0000] {dag.py:3089} INFO - Sync 1 DAGs
[2026-08-13T13:39:18.169+0000] {logging_mixin.py:188} INFO - [2026-08-13T13:39:18.168+0000] {dag.py:3947} INFO - Setting next_dagrun for initialize_matches to None, run_after=None
[2026-08-13T13:39:18.259+0000] {processor.py:183} INFO - Processing /opt/airflow/dags/dag_initialize_matches.py took 2.645 seconds
[2026-08-13T13:39:48.810+0000] {processor.py:161} INFO - Started process (PID=2113) to work on /opt/airflow/dags/dag_initialize_matches.py
[2026-08-13T13:39:48.813+0000] {processor.py:830} INFO - Processing file /opt/airflow/dags/dag_initialize_matches.py for tasks to queue
[2026-08-13T13:39:48.819+0000] {logging_mixin.py:188} INFO - [2026-08-13T13:39:48.818+0000] {dagbag.py:545} INFO - Filling up the DagBag from /opt/airflow/dags/dag_initialize_matches.py
[2026-08-13T13:39:50.879+0000] {processor.py:840} INFO - DAG(s) 'initialize_matches' retrieved from /opt/airflow/dags/dag_initialize_matches.py
[2026-08-13T13:39:50.920+0000] {logging_mixin.py:188} INFO - [2026-08-13T13:39:50.919+0000] {dag.py:3089} INFO - Sync 1 DAGs
[2026-08-13T13:39:50.961+0000] {logging_mixin.py:188} INFO - [2026-08-13T13:39:50.958+0000] {dag.py:3947} INFO - Setting next_dagrun for initialize_matches to None, run_after=None
[2026-08-13T13:39:51.077+0000] {processor.py:183} INFO - Processing /opt/airflow/dags/dag_initialize_matches.py took 2.281 seconds
[2026-08-13T13:40:21.908+0000] {processor.py:161} INFO - Started process (PID=2178) to work on /opt/airflow/dags/dag_initialize_matches.py
[2026-08-13T13:40:21.913+0000] {processor.py:830} INFO - Processing file /opt/airflow/dags/dag_initialize_matches.py for tasks to queue
[2026-08-13T13:40:21.925+0000] {logging_mixin.py:188} INFO - [2026-08-13T13:40:21.920+0000] {dagbag.py:545} INFO - Filling up the DagBag from /opt/airflow/dags/dag_initialize_matches.py
[2026-08-13T13:40:24.302+0000] {processor.py:840} INFO - DAG(s) 'initialize_matches' retrieved from /opt/airflow/dags/dag_initialize_matches.py
[2026-08-13T13:40:24.363+0000] {logging_mixin.py:188} INFO - [2026-08-13T13:40:24.361+0000] {dag.py:3089} INFO - Sync 1 DAGs
[2026-08-13T13:40:24.421+0000] {logging_mixin.py:188} INFO - [2026-08-13T13:40:24.408+0000] {dag.py:3947} INFO - Setting next_dagrun for initialize_matches to None, run_after=None
[2026-08-13T13:40:24.533+0000] {processor.py:183} INFO - Processing /opt/airflow/dags/dag_initialize_matches.py took 2.659 seconds
[2026-08-13T13:40:55.255+0000] {processor.py:161} INFO - Started process (PID=2254) to work on /opt/airflow/dags/dag_initialize_matches.py
[2026-08-13T13:40:55.260+0000] {processor.py:830} INFO - Processing file /opt/airflow/dags/dag_initialize_matches.py for tasks to queue
[2026-08-13T13:40:55.266+0000] {logging_mixin.py:188} INFO - [2026-08-13T13:40:55.265+0000] {dagbag.py:545} INFO - Filling up the DagBag from /opt/airflow/dags/dag_initialize_matches.py
[2026-08-13T13:40:57.177+0000] {processor.py:840} INFO - DAG(s) 'initialize_matches' retrieved from /opt/airflow/dags/dag_initialize_matches.py
[2026-08-13T13:40:57.230+0000] {logging_mixin.py:188} INFO - [2026-08-13T13:40:57.229+0000] {dag.py:3089} INFO - Sync 1 DAGs
[2026-08-13T13:40:57.264+0000] {logging_mixin.py:188} INFO - [2026-08-13T13:40:57.263+0000] {dag.py:3947} INFO - Setting next_dagrun for initialize_matches to None, run_after=None
[2026-08-13T13:40:57.314+0000] {processor.py:183} INFO - Processing /opt/airflow/dags/dag_initialize_matches.py took 2.072 seconds
[2026-08-13T13:41:27.743+0000] {processor.py:161} INFO - Started process (PID=2329) to work on /opt/airflow/dags/dag_initialize_matches.py
[2026-08-13T13:41:27.746+0000] {processor.py:830} INFO - Processing file /opt/airflow/dags/dag_initialize_matches.py for tasks to queue
[2026-08-13T13:41:27.753+0000] {logging_mixin.py:188} INFO - [2026-08-13T13:41:27.752+0000] {dagbag.py:545} INFO - Filling up the DagBag from /opt/airflow/dags/dag_initialize_matches.py
[2026-08-13T13:41:29.470+0000] {processor.py:840} INFO - DAG(s) 'initialize_matches' retrieved from /opt/airflow/dags/dag_initialize_matches.py
[2026-08-13T13:41:29.500+0000] {logging_mixin.py:188} INFO - [2026-08-13T13:41:29.499+0000] {dag.py:3089} INFO - Sync 1 DAGs
[2026-08-13T13:41:29.527+0000] {logging_mixin.py:188} INFO - [2026-08-13T13:41:29.526+0000] {dag.py:3947} INFO - Setting next_dagrun for initialize_matches to None, run_after=None
[2026-08-13T13:41:29.595+0000] {processor.py:183} INFO - Processing /opt/airflow/dags/dag_initialize_matches.py took 1.874 seconds
[2026-08-13T13:42:00.362+0000] {processor.py:161} INFO - Started process (PID=2403) to work on /opt/airflow/dags/dag_initialize_matches.py
[2026-08-13T13:42:00.371+0000] {processor.py:830} INFO - Processing file /opt/airflow/dags/dag_initialize_matches.py for tasks to queue
[2026-08-13T13:42:00.380+0000] {logging_mixin.py:188} INFO - [2026-08-13T13:42:00.378+0000] {dagbag.py:545} INFO - Filling up the DagBag from /opt/airflow/dags/dag_initialize_matches.py
[2026-08-13T13:42:02.229+0000] {processor.py:840} INFO - DAG(s) 'initialize_matches' retrieved from /opt/airflow/dags/dag_initialize_matches.py
[2026-08-13T13:42:02.260+0000] {logging_mixin.py:188} INFO - [2026-08-13T13:42:02.260+0000] {dag.py:3089} INFO - Sync 1 DAGs
[2026-08-13T13:42:02.282+0000] {logging_mixin.py:188} INFO - [2026-08-13T13:42:02.282+0000] {dag.py:3947} INFO - Setting next_dagrun for initialize_matches to None, run_after=None
[2026-08-13T13:42:02.315+0000] {processor.py:183} INFO - Processing /opt/airflow/dags/dag_initialize_matches.py took 1.979 seconds
[2026-08-13T13:42:33.247+0000] {processor.py:161} INFO - Started process (PID=2478) to work on /opt/airflow/dags/dag_initialize_matches.py
[2026-08-13T13:42:33.250+0000] {processor.py:830} INFO - Processing file /opt/airflow/dags/dag_initialize_matches.py for tasks to queue
[2026-08-13T13:42:33.257+0000] {logging_mixin.py:188} INFO - [2026-08-13T13:42:33.256+0000] {dagbag.py:545} INFO - Filling up the DagBag from /opt/airflow/dags/dag_initialize_matches.py
[2026-08-13T13:42:34.581+0000] {processor.py:840} INFO - DAG(s) 'initialize_matches' retrieved from /opt/airflow/dags/dag_initialize_matches.py
[2026-08-13T13:42:34.631+0000] {logging_mixin.py:188} INFO - [2026-08-13T13:42:34.630+0000] {dag.py:3089} INFO - Sync 1 DAGs
[2026-08-13T13:42:34.655+0000] {logging_mixin.py:188} INFO - [2026-08-13T13:42:34.654+0000] {dag.py:3947} INFO - Setting next_dagrun for initialize_matches to None, run_after=None
[2026-08-13T13:42:34.698+0000] {processor.py:183} INFO - Processing /opt/airflow/dags/dag_initialize_matches.py took 1.463 seconds
[2026-08-13T13:43:05.047+0000] {processor.py:161} INFO - Started process (PID=2551) to work on /opt/airflow/dags/dag_initialize_matches.py
[2026-08-13T13:43:05.051+0000] {processor.py:830} INFO - Processing file /opt/airflow/dags/dag_initialize_matches.py for tasks to queue
[2026-08-13T13:43:05.058+0000] {logging_mixin.py:188} INFO - [2026-08-13T13:43:05.057+0000] {dagbag.py:545} INFO - Filling up the DagBag from /opt/airflow/dags/dag_initialize_matches.py
[2026-08-13T13:43:06.596+0000] {processor.py:840} INFO - DAG(s) 'initialize_matches' retrieved from /opt/airflow/dags/dag_initialize_matches.py
[2026-08-13T13:43:06.644+0000] {logging_mixin.py:188} INFO - [2026-08-13T13:43:06.643+0000] {dag.py:3089} INFO - Sync 1 DAGs
[2026-08-13T13:43:06.687+0000] {logging_mixin.py:188} INFO - [2026-08-13T13:43:06.687+0000] {dag.py:3947} INFO - Setting next_dagrun for initialize_matches to None, run_after=None
[2026-08-13T13:43:06.776+0000] {processor.py:183} INFO - Processing /opt/airflow/dags/dag_initialize_matches.py took 1.749 seconds
[2026-08-13T13:43:37.330+0000] {processor.py:161} INFO - Started process (PID=2625) to work on /opt/airflow/dags/dag_initialize_matches.py
[2026-08-13T13:43:37.333+0000] {processor.py:830} INFO - Processing file /opt/airflow/dags/dag_initialize_matches.py for tasks to queue
[2026-08-13T13:43:37.338+0000] {logging_mixin.py:188} INFO - [2026-08-13T13:43:37.337+0000] {dagbag.py:545} INFO - Filling up the DagBag from /opt/airflow/dags/dag_initialize_matches.py
[2026-08-13T13:43:38.591+0000] {processor.py:840} INFO - DAG(s) 'initialize_matches' retrieved from /opt/airflow/dags/dag_initialize_matches.py
[2026-08-13T13:43:38.640+0000] {logging_mixin.py:188} INFO - [2026-08-13T13:43:38.638+0000] {dag.py:3089} INFO - Sync 1 DAGs
[2026-08-13T13:43:38.682+0000] {logging_mixin.py:188} INFO - [2026-08-13T13:43:38.681+0000] {dag.py:3947} INFO - Setting next_dagrun for initialize_matches to None, run_after=None
[2026-08-13T13:43:38.742+0000] {processor.py:183} INFO - Processing /opt/airflow/dags/dag_initialize_matches.py took 1.425 seconds
[2026-08-13T13:44:09.033+0000] {processor.py:161} INFO - Started process (PID=2700) to work on /opt/airflow/dags/dag_initialize_matches.py
[2026-08-13T13:44:09.037+0000] {processor.py:830} INFO - Processing file /opt/airflow/dags/dag_initialize_matches.py for tasks to queue
[2026-08-13T13:44:09.045+0000] {logging_mixin.py:188} INFO - [2026-08-13T13:44:09.044+0000] {dagbag.py:545} INFO - Filling up the DagBag from /opt/airflow/dags/dag_initialize_matches.py
[2026-08-13T13:44:11.143+0000] {processor.py:840} INFO - DAG(s) 'initialize_matches' retrieved from /opt/airflow/dags/dag_initialize_matches.py
[2026-08-13T13:44:11.198+0000] {logging_mixin.py:188} INFO - [2026-08-13T13:44:11.197+0000] {dag.py:3089} INFO - Sync 1 DAGs
[2026-08-13T13:44:11.229+0000] {logging_mixin.py:188} INFO - [2026-08-13T13:44:11.228+0000] {dag.py:3947} INFO - Setting next_dagrun for initialize_matches to None, run_after=None
[2026-08-13T13:44:11.287+0000] {processor.py:183} INFO - Processing /opt/airflow/dags/dag_initialize_matches.py took 2.272 seconds
[2026-08-13T13:44:41.808+0000] {processor.py:161} INFO - Started process (PID=2776) to work on /opt/airflow/dags/dag_initialize_matches.py
[2026-08-13T13:44:41.812+0000] {processor.py:830} INFO - Processing file /opt/airflow/dags/dag_initialize_matches.py for tasks to queue
[2026-08-13T13:44:41.818+0000] {logging_mixin.py:188} INFO - [2026-08-13T13:44:41.817+0000] {dagbag.py:545} INFO - Filling up the DagBag from /opt/airflow/dags/dag_initialize_matches.py
[2026-08-13T13:44:43.611+0000] {processor.py:840} INFO - DAG(s) 'initialize_matches' retrieved from /opt/airflow/dags/dag_initialize_matches.py
[2026-08-13T13:44:43.698+0000] {logging_mixin.py:188} INFO - [2026-08-13T13:44:43.695+0000] {dag.py:3089} INFO - Sync 1 DAGs
[2026-08-13T13:44:43.751+0000] {logging_mixin.py:188} INFO - [2026-08-13T13:44:43.751+0000] {dag.py:3947} INFO - Setting next_dagrun for initialize_matches to None, run_after=None
[2026-08-13T13:44:43.808+0000] {processor.py:183} INFO - Processing /opt/airflow/dags/dag_initialize_matches.py took 2.012 seconds
[2026-08-13T13:45:14.630+0000] {processor.py:161} INFO - Started process (PID=2850) to work on /opt/airflow/dags/dag_initialize_matches.py
[2026-08-13T13:45:14.633+0000] {processor.py:830} INFO - Processing file /opt/airflow/dags/dag_initialize_matches.py for tasks to queue
[2026-08-13T13:45:14.639+0000] {logging_mixin.py:188} INFO - [2026-08-13T13:45:14.638+0000] {dagbag.py:545} INFO - Filling up the DagBag from /opt/airflow/dags/dag_initialize_matches.py
[2026-08-13T13:45:15.646+0000] {processor.py:840} INFO - DAG(s) 'initialize_matches' retrieved from /opt/airflow/dags/dag_initialize_matches.py
[2026-08-13T13:45:15.677+0000] {logging_mixin.py:188} INFO - [2026-08-13T13:45:15.676+0000] {dag.py:3089} INFO - Sync 1 DAGs
[2026-08-13T13:45:15.701+0000] {logging_mixin.py:188} INFO - [2026-08-13T13:45:15.700+0000] {dag.py:3947} INFO - Setting next_dagrun for initialize_matches to None, run_after=None
[2026-08-13T13:45:15.745+0000] {processor.py:183} INFO - Processing /opt/airflow/dags/dag_initialize_matches.py took 1.130 seconds
[2026-08-13T13:45:45.883+0000] {processor.py:161} INFO - Started process (PID=2926) to work on /opt/airflow/dags/dag_initialize_matches.py
[2026-08-13T13:45:45.887+0000] {processor.py:830} INFO - Processing file /opt/airflow/dags/dag_initialize_matches.py for tasks to queue
[2026-08-13T13:45:45.891+0000] {logging_mixin.py:188} INFO - [2026-08-13T13:45:45.891+0000] {dagbag.py:545} INFO - Filling up the DagBag from /opt/airflow/dags/dag_initialize_matches.py
[2026-08-13T13:45:46.921+0000] {processor.py:840} INFO - DAG(s) 'initialize_matches' retrieved from /opt/airflow/dags/dag_initialize_matches.py
[2026-08-13T13:45:46.966+0000] {logging_mixin.py:188} INFO - [2026-08-13T13:45:46.965+0000] {dag.py:3089} INFO - Sync 1 DAGs
[2026-08-13T13:45:46.999+0000] {logging_mixin.py:188} INFO - [2026-08-13T13:45:46.999+0000] {dag.py:3947} INFO - Setting next_dagrun for initialize_matches to None, run_after=None
[2026-08-13T13:45:47.045+0000] {processor.py:183} INFO - Processing /opt/airflow/dags/dag_initialize_matches.py took 1.176 seconds
[2026-08-13T13:46:17.683+0000] {processor.py:161} INFO - Started process (PID=3000) to work on /opt/airflow/dags/dag_initialize_matches.py
[2026-08-13T13:46:17.685+0000] {processor.py:830} INFO - Processing file /opt/airflow/dags/dag_initialize_matches.py for tasks to queue
[2026-08-13T13:46:17.691+0000] {logging_mixin.py:188} INFO - [2026-08-13T13:46:17.690+0000] {dagbag.py:545} INFO - Filling up the DagBag from /opt/airflow/dags/dag_initialize_matches.py
[2026-08-13T13:46:18.911+0000] {processor.py:840} INFO - DAG(s) 'initialize_matches' retrieved from /opt/airflow/dags/dag_initialize_matches.py
[2026-08-13T13:46:18.957+0000] {logging_mixin.py:188} INFO - [2026-08-13T13:46:18.957+0000] {dag.py:3089} INFO - Sync 1 DAGs
[2026-08-13T13:46:18.992+0000] {logging_mixin.py:188} INFO - [2026-08-13T13:46:18.991+0000] {dag.py:3947} INFO - Setting next_dagrun for initialize_matches to None, run_after=None
[2026-08-13T13:46:19.038+0000] {processor.py:183} INFO - Processing /opt/airflow/dags/dag_initialize_matches.py took 1.369 seconds
[2026-08-13T13:46:49.900+0000] {processor.py:161} INFO - Started process (PID=3074) to work on /opt/airflow/dags/dag_initialize_matches.py
[2026-08-13T13:46:49.909+0000] {processor.py:830} INFO - Processing file /opt/airflow/dags/dag_initialize_matches.py for tasks to queue
[2026-08-13T13:46:49.922+0000] {logging_mixin.py:188} INFO - [2026-08-13T13:46:49.921+0000] {dagbag.py:545} INFO - Filling up the DagBag from /opt/airflow/dags/dag_initialize_matches.py
[2026-08-13T13:46:52.104+0000] {processor.py:840} INFO - DAG(s) 'initialize_matches' retrieved from /opt/airflow/dags/dag_initialize_matches.py
[2026-08-13T13:46:52.167+0000] {logging_mixin.py:188} INFO - [2026-08-13T13:46:52.166+0000] {dag.py:3089} INFO - Sync 1 DAGs
[2026-08-13T13:46:52.197+0000] {logging_mixin.py:188} INFO - [2026-08-13T13:46:52.197+0000] {dag.py:3947} INFO - Setting next_dagrun for initialize_matches to None, run_after=None
[2026-08-13T13:46:52.255+0000] {processor.py:183} INFO - Processing /opt/airflow/dags/dag_initialize_matches.py took 2.393 seconds
[2026-08-13T13:47:22.622+0000] {processor.py:161} INFO - Started process (PID=3141) to work on /opt/airflow/dags/dag_initialize_matches.py
[2026-08-13T13:47:22.625+0000] {processor.py:830} INFO - Processing file /opt/airflow/dags/dag_initialize_matches.py for tasks to queue
[2026-08-13T13:47:22.629+0000] {logging_mixin.py:188} INFO - [2026-08-13T13:47:22.629+0000] {dagbag.py:545} INFO - Filling up the DagBag from /opt/airflow/dags/dag_initialize_matches.py
[2026-08-13T13:47:23.897+0000] {processor.py:840} INFO - DAG(s) 'initialize_matches' retrieved from /opt/airflow/dags/dag_initialize_matches.py
[2026-08-13T13:47:23.936+0000] {logging_mixin.py:188} INFO - [2026-08-13T13:47:23.935+0000] {dag.py:3089} INFO - Sync 1 DAGs
[2026-08-13T13:47:23.968+0000] {logging_mixin.py:188} INFO - [2026-08-13T13:47:23.967+0000] {dag.py:3947} INFO - Setting next_dagrun for initialize_matches to None, run_after=None
[2026-08-13T13:47:24.019+0000] {processor.py:183} INFO - Processing /opt/airflow/dags/dag_initialize_matches.py took 1.408 seconds
[2026-08-13T13:47:54.322+0000] {processor.py:161} INFO - Started process (PID=3215) to work on /opt/airflow/dags/dag_initialize_matches.py
[2026-08-13T13:47:54.329+0000] {processor.py:830} INFO - Processing file /opt/airflow/dags/dag_initialize_matches.py for tasks to queue
[2026-08-13T13:47:54.344+0000] {logging_mixin.py:188} INFO - [2026-08-13T13:47:54.343+0000] {dagbag.py:545} INFO - Filling up the DagBag from /opt/airflow/dags/dag_initialize_matches.py
[2026-08-13T13:47:55.457+0000] {processor.py:840} INFO - DAG(s) 'initialize_matches' retrieved from /opt/airflow/dags/dag_initialize_matches.py
[2026-08-13T13:47:55.507+0000] {logging_mixin.py:188} INFO - [2026-08-13T13:47:55.506+0000] {dag.py:3089} INFO - Sync 1 DAGs
[2026-08-13T13:47:55.551+0000] {logging_mixin.py:188} INFO - [2026-08-13T13:47:55.550+0000] {dag.py:3947} INFO - Setting next_dagrun for initialize_matches to None, run_after=None
[2026-08-13T13:47:55.614+0000] {processor.py:183} INFO - Processing /opt/airflow/dags/dag_initialize_matches.py took 1.313 seconds
[2026-08-13T13:48:25.974+0000] {processor.py:161} INFO - Started process (PID=3291) to work on /opt/airflow/dags/dag_initialize_matches.py
[2026-08-13T13:48:25.979+0000] {processor.py:830} INFO - Processing file /opt/airflow/dags/dag_initialize_matches.py for tasks to queue
[2026-08-13T13:48:25.984+0000] {logging_mixin.py:188} INFO - [2026-08-13T13:48:25.984+0000] {dagbag.py:545} INFO - Filling up the DagBag from /opt/airflow/dags/dag_initialize_matches.py
[2026-08-13T13:48:27.431+0000] {processor.py:840} INFO - DAG(s) 'initialize_matches' retrieved from /opt/airflow/dags/dag_initialize_matches.py
[2026-08-13T13:48:27.480+0000] {logging_mixin.py:188} INFO - [2026-08-13T13:48:27.479+0000] {dag.py:3089} INFO - Sync 1 DAGs
[2026-08-13T13:48:27.520+0000] {logging_mixin.py:188} INFO - [2026-08-13T13:48:27.519+0000] {dag.py:3947} INFO - Setting next_dagrun for initialize_matches to None, run_after=None
[2026-08-13T13:48:27.586+0000] {processor.py:183} INFO - Processing /opt/airflow/dags/dag_initialize_matches.py took 1.627 seconds
[2026-08-13T13:48:58.855+0000] {processor.py:161} INFO - Started process (PID=3367) to work on /opt/airflow/dags/dag_initialize_matches.py
[2026-08-13T13:48:58.859+0000] {processor.py:830} INFO - Processing file /opt/airflow/dags/dag_initialize_matches.py for tasks to queue
[2026-08-13T13:48:58.866+0000] {logging_mixin.py:188} INFO - [2026-08-13T13:48:58.865+0000] {dagbag.py:545} INFO - Filling up the DagBag from /opt/airflow/dags/dag_initialize_matches.py
[2026-08-13T13:49:00.289+0000] {processor.py:840} INFO - DAG(s) 'initialize_matches' retrieved from /opt/airflow/dags/dag_initialize_matches.py
[2026-08-13T13:49:00.354+0000] {logging_mixin.py:188} INFO - [2026-08-13T13:49:00.353+0000] {dag.py:3089} INFO - Sync 1 DAGs
[2026-08-13T13:49:00.402+0000] {logging_mixin.py:188} INFO - [2026-08-13T13:49:00.401+0000] {dag.py:3947} INFO - Setting next_dagrun for initialize_matches to None, run_after=None
[2026-08-13T13:49:00.529+0000] {processor.py:183} INFO - Processing /opt/airflow/dags/dag_initialize_matches.py took 1.688 seconds
[2026-08-13T13:49:34.522+0000] {processor.py:161} INFO - Started process (PID=3445) to work on /opt/airflow/dags/dag_initialize_matches.py
[2026-08-13T13:49:34.535+0000] {processor.py:830} INFO - Processing file /opt/airflow/dags/dag_initialize_matches.py for tasks to queue
[2026-08-13T13:49:34.560+0000] {logging_mixin.py:188} INFO - [2026-08-13T13:49:34.559+0000] {dagbag.py:545} INFO - Filling up the DagBag from /opt/airflow/dags/dag_initialize_matches.py
[2026-08-13T13:49:37.699+0000] {processor.py:840} INFO - DAG(s) 'initialize_matches' retrieved from /opt/airflow/dags/dag_initialize_matches.py
[2026-08-13T13:49:37.880+0000] {logging_mixin.py:188} INFO - [2026-08-13T13:49:37.865+0000] {dag.py:3089} INFO - Sync 1 DAGs
[2026-08-13T13:49:37.963+0000] {logging_mixin.py:188} INFO - [2026-08-13T13:49:37.963+0000] {dag.py:3947} INFO - Setting next_dagrun for initialize_matches to None, run_after=None
[2026-08-13T13:49:38.063+0000] {processor.py:183} INFO - Processing /opt/airflow/dags/dag_initialize_matches.py took 3.626 seconds
[2026-08-13T13:50:09.193+0000] {processor.py:161} INFO - Started process (PID=3521) to work on /opt/airflow/dags/dag_initialize_matches.py
[2026-08-13T13:50:09.197+0000] {processor.py:830} INFO - Processing file /opt/airflow/dags/dag_initialize_matches.py for tasks to queue
[2026-08-13T13:50:09.221+0000] {logging_mixin.py:188} INFO - [2026-08-13T13:50:09.219+0000] {dagbag.py:545} INFO - Filling up the DagBag from /opt/airflow/dags/dag_initialize_matches.py
[2026-08-13T13:50:12.501+0000] {processor.py:840} INFO - DAG(s) 'initialize_matches' retrieved from /opt/airflow/dags/dag_initialize_matches.py
[2026-08-13T13:50:12.732+0000] {logging_mixin.py:188} INFO - [2026-08-13T13:50:12.731+0000] {dag.py:3089} INFO - Sync 1 DAGs
[2026-08-13T13:50:12.996+0000] {logging_mixin.py:188} INFO - [2026-08-13T13:50:12.992+0000] {dag.py:3947} INFO - Setting next_dagrun for initialize_matches to None, run_after=None
[2026-08-13T13:50:13.168+0000] {processor.py:183} INFO - Processing /opt/airflow/dags/dag_initialize_matches.py took 4.008 seconds
