[2026-08-13T13:23:45.043+0000] {processor.py:161} INFO - Started process (PID=68) to work on /opt/airflow/dags/dag_refresh_metadata.py
[2026-08-13T13:23:45.048+0000] {processor.py:830} INFO - Processing file /opt/airflow/dags/dag_refresh_metadata.py for tasks to queue
[2026-08-13T13:23:45.078+0000] {logging_mixin.py:188} INFO - [2026-08-13T13:23:45.077+0000] {dagbag.py:545} INFO - Filling up the DagBag from /opt/airflow/dags/dag_refresh_metadata.py
[2026-08-13T13:23:54.522+0000] {processor.py:840} INFO - DAG(s) 'refresh_matadata' retrieved from /opt/airflow/dags/dag_refresh_metadata.py
[2026-08-13T13:23:56.248+0000] {logging_mixin.py:188} INFO - [2026-08-13T13:23:56.247+0000] {dag.py:3089} INFO - Sync 1 DAGs
[2026-08-13T13:23:56.330+0000] {logging_mixin.py:188} INFO - [2026-08-13T13:23:56.329+0000] {dag.py:3947} INFO - Setting next_dagrun for refresh_matadata to None, run_after=None
[2026-08-13T13:23:56.468+0000] {processor.py:183} INFO - Processing /opt/airflow/dags/dag_refresh_metadata.py took 11.468 seconds
[2026-08-13T13:24:00.773+0000] {processor.py:161} INFO - Started process (PID=78) to work on /opt/airflow/dags/dag_refresh_metadata.py
[2026-08-13T13:24:00.781+0000] {processor.py:830} INFO - Processing file /opt/airflow/dags/dag_refresh_metadata.py for tasks to queue
[2026-08-13T13:24:00.792+0000] {logging_mixin.py:188} INFO - [2026-08-13T13:24:00.791+0000] {dagbag.py:545} INFO - Filling up the DagBag from /opt/airflow/dags/dag_refresh_metadata.py
[2026-08-13T13:24:04.639+0000] {processor.py:840} INFO - DAG(s) 'refresh_matadata' retrieved from /opt/airflow/dags/dag_refresh_metadata.py
[2026-08-13T13:24:04.807+0000] {logging_mixin.py:188} INFO - [2026-08-13T13:24:04.806+0000] {taskinstance.py:2907} ERROR - {'DAG Id': 'refresh_matadata', 'Task Id': 'produce_standings', 'Run Id': 'manual__2026-08-08T18:50:50.167918+00:00', 'Hostname': 'ba551977d0ec', 'External Executor Id': 'b3891855-ed28-4d2d-8c16-ff36341a4781'}
[2026-08-13T13:24:04.893+0000] {logging_mixin.py:188} INFO - [2026-08-13T13:24:04.890+0000] {taskinstance.py:1206} INFO - Marking task as UP_FOR_RETRY. dag_id=refresh_matadata, task_id=produce_standings, run_id=manual__2026-08-08T18:50:50.167918+00:00, execution_date=20260808T185050, start_date=20260808T185139, end_date=20260813T132404
[2026-08-13T13:24:05.043+0000] {processor.py:791} INFO - Executed failure callback for <TaskInstance: refresh_matadata.produce_standings manual__2026-08-08T18:50:50.167918+00:00 [up_for_retry]> in state up_for_retry
[2026-08-13T13:24:05.078+0000] {logging_mixin.py:188} INFO - [2026-08-13T13:24:05.077+0000] {taskinstance.py:2907} ERROR - {'DAG Id': 'refresh_matadata', 'Task Id': 'produce_standings', 'Run Id': 'manual__2026-08-08T18:50:50.167918+00:00', 'Hostname': 'ba551977d0ec', 'External Executor Id': 'b3891855-ed28-4d2d-8c16-ff36341a4781'}
[2026-08-13T13:24:05.142+0000] {logging_mixin.py:188} INFO - [2026-08-13T13:24:05.141+0000] {taskinstance.py:1206} INFO - Marking task as UP_FOR_RETRY. dag_id=refresh_matadata, task_id=produce_standings, run_id=manual__2026-08-08T18:50:50.167918+00:00, execution_date=20260808T185050, start_date=20260808T185139, end_date=20260813T132405
[2026-08-13T13:24:05.221+0000] {processor.py:791} INFO - Executed failure callback for <TaskInstance: refresh_matadata.produce_standings manual__2026-08-08T18:50:50.167918+00:00 [up_for_retry]> in state up_for_retry
[2026-08-13T13:24:05.251+0000] {logging_mixin.py:188} INFO - [2026-08-13T13:24:05.250+0000] {dag.py:3089} INFO - Sync 1 DAGs
[2026-08-13T13:24:05.274+0000] {logging_mixin.py:188} INFO - [2026-08-13T13:24:05.274+0000] {dag.py:3947} INFO - Setting next_dagrun for refresh_matadata to None, run_after=None
[2026-08-13T13:24:05.321+0000] {processor.py:183} INFO - Processing /opt/airflow/dags/dag_refresh_metadata.py took 4.588 seconds
[2026-08-13T13:24:38.190+0000] {processor.py:161} INFO - Started process (PID=143) to work on /opt/airflow/dags/dag_refresh_metadata.py
[2026-08-13T13:24:38.194+0000] {processor.py:830} INFO - Processing file /opt/airflow/dags/dag_refresh_metadata.py for tasks to queue
[2026-08-13T13:24:38.201+0000] {logging_mixin.py:188} INFO - [2026-08-13T13:24:38.200+0000] {dagbag.py:545} INFO - Filling up the DagBag from /opt/airflow/dags/dag_refresh_metadata.py
[2026-08-13T13:24:41.457+0000] {processor.py:840} INFO - DAG(s) 'refresh_matadata' retrieved from /opt/airflow/dags/dag_refresh_metadata.py
[2026-08-13T13:24:41.562+0000] {logging_mixin.py:188} INFO - [2026-08-13T13:24:41.561+0000] {dag.py:3089} INFO - Sync 1 DAGs
[2026-08-13T13:24:41.764+0000] {logging_mixin.py:188} INFO - [2026-08-13T13:24:41.755+0000] {dag.py:3947} INFO - Setting next_dagrun for refresh_matadata to None, run_after=None
[2026-08-13T13:24:41.968+0000] {processor.py:183} INFO - Processing /opt/airflow/dags/dag_refresh_metadata.py took 3.793 seconds
[2026-08-13T13:25:26.260+0000] {processor.py:161} INFO - Started process (PID=222) to work on /opt/airflow/dags/dag_refresh_metadata.py
[2026-08-13T13:25:26.321+0000] {processor.py:830} INFO - Processing file /opt/airflow/dags/dag_refresh_metadata.py for tasks to queue
[2026-08-13T13:25:26.421+0000] {logging_mixin.py:188} INFO - [2026-08-13T13:25:26.377+0000] {dagbag.py:545} INFO - Filling up the DagBag from /opt/airflow/dags/dag_refresh_metadata.py
[2026-08-13T13:25:36.849+0000] {processor.py:840} INFO - DAG(s) 'refresh_matadata' retrieved from /opt/airflow/dags/dag_refresh_metadata.py
[2026-08-13T13:25:36.902+0000] {logging_mixin.py:188} INFO - [2026-08-13T13:25:36.900+0000] {dag.py:3089} INFO - Sync 1 DAGs
[2026-08-13T13:25:36.999+0000] {logging_mixin.py:188} INFO - [2026-08-13T13:25:36.997+0000] {dag.py:3947} INFO - Setting next_dagrun for refresh_matadata to None, run_after=None
[2026-08-13T13:25:37.130+0000] {processor.py:183} INFO - Processing /opt/airflow/dags/dag_refresh_metadata.py took 11.086 seconds
[2026-08-13T13:26:07.618+0000] {processor.py:161} INFO - Started process (PID=295) to work on /opt/airflow/dags/dag_refresh_metadata.py
[2026-08-13T13:26:07.623+0000] {processor.py:830} INFO - Processing file /opt/airflow/dags/dag_refresh_metadata.py for tasks to queue
[2026-08-13T13:26:07.638+0000] {logging_mixin.py:188} INFO - [2026-08-13T13:26:07.637+0000] {dagbag.py:545} INFO - Filling up the DagBag from /opt/airflow/dags/dag_refresh_metadata.py
[2026-08-13T13:26:11.279+0000] {processor.py:840} INFO - DAG(s) 'refresh_matadata' retrieved from /opt/airflow/dags/dag_refresh_metadata.py
[2026-08-13T13:26:11.321+0000] {logging_mixin.py:188} INFO - [2026-08-13T13:26:11.320+0000] {dag.py:3089} INFO - Sync 1 DAGs
[2026-08-13T13:26:11.350+0000] {logging_mixin.py:188} INFO - [2026-08-13T13:26:11.349+0000] {dag.py:3947} INFO - Setting next_dagrun for refresh_matadata to None, run_after=None
[2026-08-13T13:26:11.394+0000] {processor.py:183} INFO - Processing /opt/airflow/dags/dag_refresh_metadata.py took 3.813 seconds
[2026-08-13T13:26:41.748+0000] {processor.py:161} INFO - Started process (PID=369) to work on /opt/airflow/dags/dag_refresh_metadata.py
[2026-08-13T13:26:41.764+0000] {processor.py:830} INFO - Processing file /opt/airflow/dags/dag_refresh_metadata.py for tasks to queue
[2026-08-13T13:26:41.796+0000] {logging_mixin.py:188} INFO - [2026-08-13T13:26:41.782+0000] {dagbag.py:545} INFO - Filling up the DagBag from /opt/airflow/dags/dag_refresh_metadata.py
[2026-08-13T13:26:45.112+0000] {processor.py:840} INFO - DAG(s) 'refresh_matadata' retrieved from /opt/airflow/dags/dag_refresh_metadata.py
[2026-08-13T13:26:45.214+0000] {logging_mixin.py:188} INFO - [2026-08-13T13:26:45.213+0000] {dag.py:3089} INFO - Sync 1 DAGs
[2026-08-13T13:26:45.279+0000] {logging_mixin.py:188} INFO - [2026-08-13T13:26:45.279+0000] {dag.py:3947} INFO - Setting next_dagrun for refresh_matadata to None, run_after=None
[2026-08-13T13:26:45.445+0000] {processor.py:183} INFO - Processing /opt/airflow/dags/dag_refresh_metadata.py took 3.748 seconds
[2026-08-13T13:27:15.762+0000] {processor.py:161} INFO - Started process (PID=434) to work on /opt/airflow/dags/dag_refresh_metadata.py
[2026-08-13T13:27:15.765+0000] {processor.py:830} INFO - Processing file /opt/airflow/dags/dag_refresh_metadata.py for tasks to queue
[2026-08-13T13:27:15.774+0000] {logging_mixin.py:188} INFO - [2026-08-13T13:27:15.773+0000] {dagbag.py:545} INFO - Filling up the DagBag from /opt/airflow/dags/dag_refresh_metadata.py
[2026-08-13T13:27:17.556+0000] {processor.py:840} INFO - DAG(s) 'refresh_matadata' retrieved from /opt/airflow/dags/dag_refresh_metadata.py
[2026-08-13T13:27:17.601+0000] {logging_mixin.py:188} INFO - [2026-08-13T13:27:17.600+0000] {dag.py:3089} INFO - Sync 1 DAGs
[2026-08-13T13:27:17.631+0000] {logging_mixin.py:188} INFO - [2026-08-13T13:27:17.630+0000] {dag.py:3947} INFO - Setting next_dagrun for refresh_matadata to None, run_after=None
[2026-08-13T13:27:17.686+0000] {processor.py:183} INFO - Processing /opt/airflow/dags/dag_refresh_metadata.py took 1.940 seconds
[2026-08-13T13:27:47.958+0000] {processor.py:161} INFO - Started process (PID=507) to work on /opt/airflow/dags/dag_refresh_metadata.py
[2026-08-13T13:27:47.960+0000] {processor.py:830} INFO - Processing file /opt/airflow/dags/dag_refresh_metadata.py for tasks to queue
[2026-08-13T13:27:47.964+0000] {logging_mixin.py:188} INFO - [2026-08-13T13:27:47.963+0000] {dagbag.py:545} INFO - Filling up the DagBag from /opt/airflow/dags/dag_refresh_metadata.py
[2026-08-13T13:27:49.077+0000] {processor.py:840} INFO - DAG(s) 'refresh_matadata' retrieved from /opt/airflow/dags/dag_refresh_metadata.py
[2026-08-13T13:27:49.122+0000] {logging_mixin.py:188} INFO - [2026-08-13T13:27:49.121+0000] {dag.py:3089} INFO - Sync 1 DAGs
[2026-08-13T13:27:49.152+0000] {logging_mixin.py:188} INFO - [2026-08-13T13:27:49.151+0000] {dag.py:3947} INFO - Setting next_dagrun for refresh_matadata to None, run_after=None
[2026-08-13T13:27:49.203+0000] {processor.py:183} INFO - Processing /opt/airflow/dags/dag_refresh_metadata.py took 1.255 seconds
[2026-08-13T13:28:20.053+0000] {processor.py:161} INFO - Started process (PID=578) to work on /opt/airflow/dags/dag_refresh_metadata.py
[2026-08-13T13:28:20.061+0000] {processor.py:830} INFO - Processing file /opt/airflow/dags/dag_refresh_metadata.py for tasks to queue
[2026-08-13T13:28:20.072+0000] {logging_mixin.py:188} INFO - [2026-08-13T13:28:20.071+0000] {dagbag.py:545} INFO - Filling up the DagBag from /opt/airflow/dags/dag_refresh_metadata.py
[2026-08-13T13:28:22.055+0000] {processor.py:840} INFO - DAG(s) 'refresh_matadata' retrieved from /opt/airflow/dags/dag_refresh_metadata.py
[2026-08-13T13:28:22.104+0000] {logging_mixin.py:188} INFO - [2026-08-13T13:28:22.103+0000] {dag.py:3089} INFO - Sync 1 DAGs
[2026-08-13T13:28:22.136+0000] {logging_mixin.py:188} INFO - [2026-08-13T13:28:22.135+0000] {dag.py:3947} INFO - Setting next_dagrun for refresh_matadata to None, run_after=None
[2026-08-13T13:28:22.183+0000] {processor.py:183} INFO - Processing /opt/airflow/dags/dag_refresh_metadata.py took 2.187 seconds
[2026-08-13T13:28:52.526+0000] {processor.py:161} INFO - Started process (PID=651) to work on /opt/airflow/dags/dag_refresh_metadata.py
[2026-08-13T13:28:52.539+0000] {processor.py:830} INFO - Processing file /opt/airflow/dags/dag_refresh_metadata.py for tasks to queue
[2026-08-13T13:28:52.551+0000] {logging_mixin.py:188} INFO - [2026-08-13T13:28:52.548+0000] {dagbag.py:545} INFO - Filling up the DagBag from /opt/airflow/dags/dag_refresh_metadata.py
[2026-08-13T13:28:55.526+0000] {processor.py:840} INFO - DAG(s) 'refresh_matadata' retrieved from /opt/airflow/dags/dag_refresh_metadata.py
[2026-08-13T13:28:55.582+0000] {logging_mixin.py:188} INFO - [2026-08-13T13:28:55.581+0000] {dag.py:3089} INFO - Sync 1 DAGs
[2026-08-13T13:28:55.621+0000] {logging_mixin.py:188} INFO - [2026-08-13T13:28:55.620+0000] {dag.py:3947} INFO - Setting next_dagrun for refresh_matadata to None, run_after=None
[2026-08-13T13:28:55.668+0000] {processor.py:183} INFO - Processing /opt/airflow/dags/dag_refresh_metadata.py took 3.180 seconds
[2026-08-13T13:29:26.160+0000] {processor.py:161} INFO - Started process (PID=725) to work on /opt/airflow/dags/dag_refresh_metadata.py
[2026-08-13T13:29:26.165+0000] {processor.py:830} INFO - Processing file /opt/airflow/dags/dag_refresh_metadata.py for tasks to queue
[2026-08-13T13:29:26.186+0000] {logging_mixin.py:188} INFO - [2026-08-13T13:29:26.185+0000] {dagbag.py:545} INFO - Filling up the DagBag from /opt/airflow/dags/dag_refresh_metadata.py
[2026-08-13T13:29:28.648+0000] {processor.py:840} INFO - DAG(s) 'refresh_matadata' retrieved from /opt/airflow/dags/dag_refresh_metadata.py
[2026-08-13T13:29:28.695+0000] {logging_mixin.py:188} INFO - [2026-08-13T13:29:28.693+0000] {dag.py:3089} INFO - Sync 1 DAGs
[2026-08-13T13:29:28.734+0000] {logging_mixin.py:188} INFO - [2026-08-13T13:29:28.733+0000] {dag.py:3947} INFO - Setting next_dagrun for refresh_matadata to None, run_after=None
[2026-08-13T13:29:28.795+0000] {processor.py:183} INFO - Processing /opt/airflow/dags/dag_refresh_metadata.py took 2.663 seconds
[2026-08-13T13:29:59.026+0000] {processor.py:161} INFO - Started process (PID=798) to work on /opt/airflow/dags/dag_refresh_metadata.py
[2026-08-13T13:29:59.039+0000] {processor.py:830} INFO - Processing file /opt/airflow/dags/dag_refresh_metadata.py for tasks to queue
[2026-08-13T13:29:59.052+0000] {logging_mixin.py:188} INFO - [2026-08-13T13:29:59.051+0000] {dagbag.py:545} INFO - Filling up the DagBag from /opt/airflow/dags/dag_refresh_metadata.py
[2026-08-13T13:30:01.631+0000] {processor.py:840} INFO - DAG(s) 'refresh_matadata' retrieved from /opt/airflow/dags/dag_refresh_metadata.py
[2026-08-13T13:30:01.664+0000] {logging_mixin.py:188} INFO - [2026-08-13T13:30:01.663+0000] {dag.py:3089} INFO - Sync 1 DAGs
[2026-08-13T13:30:01.695+0000] {logging_mixin.py:188} INFO - [2026-08-13T13:30:01.694+0000] {dag.py:3947} INFO - Setting next_dagrun for refresh_matadata to None, run_after=None
[2026-08-13T13:30:01.770+0000] {processor.py:183} INFO - Processing /opt/airflow/dags/dag_refresh_metadata.py took 2.768 seconds
[2026-08-13T13:30:32.230+0000] {processor.py:161} INFO - Started process (PID=864) to work on /opt/airflow/dags/dag_refresh_metadata.py
[2026-08-13T13:30:32.235+0000] {processor.py:830} INFO - Processing file /opt/airflow/dags/dag_refresh_metadata.py for tasks to queue
[2026-08-13T13:30:32.243+0000] {logging_mixin.py:188} INFO - [2026-08-13T13:30:32.242+0000] {dagbag.py:545} INFO - Filling up the DagBag from /opt/airflow/dags/dag_refresh_metadata.py
[2026-08-13T13:30:34.311+0000] {processor.py:840} INFO - DAG(s) 'refresh_matadata' retrieved from /opt/airflow/dags/dag_refresh_metadata.py
[2026-08-13T13:30:34.356+0000] {logging_mixin.py:188} INFO - [2026-08-13T13:30:34.355+0000] {dag.py:3089} INFO - Sync 1 DAGs
[2026-08-13T13:30:34.391+0000] {logging_mixin.py:188} INFO - [2026-08-13T13:30:34.390+0000] {dag.py:3947} INFO - Setting next_dagrun for refresh_matadata to None, run_after=None
[2026-08-13T13:30:34.459+0000] {processor.py:183} INFO - Processing /opt/airflow/dags/dag_refresh_metadata.py took 2.268 seconds
[2026-08-13T13:31:04.826+0000] {processor.py:161} INFO - Started process (PID=937) to work on /opt/airflow/dags/dag_refresh_metadata.py
[2026-08-13T13:31:04.829+0000] {processor.py:830} INFO - Processing file /opt/airflow/dags/dag_refresh_metadata.py for tasks to queue
[2026-08-13T13:31:04.836+0000] {logging_mixin.py:188} INFO - [2026-08-13T13:31:04.835+0000] {dagbag.py:545} INFO - Filling up the DagBag from /opt/airflow/dags/dag_refresh_metadata.py
[2026-08-13T13:31:06.650+0000] {processor.py:840} INFO - DAG(s) 'refresh_matadata' retrieved from /opt/airflow/dags/dag_refresh_metadata.py
[2026-08-13T13:31:06.689+0000] {logging_mixin.py:188} INFO - [2026-08-13T13:31:06.688+0000] {dag.py:3089} INFO - Sync 1 DAGs
[2026-08-13T13:31:06.713+0000] {logging_mixin.py:188} INFO - [2026-08-13T13:31:06.712+0000] {dag.py:3947} INFO - Setting next_dagrun for refresh_matadata to None, run_after=None
[2026-08-13T13:31:06.761+0000] {processor.py:183} INFO - Processing /opt/airflow/dags/dag_refresh_metadata.py took 1.947 seconds
[2026-08-13T13:31:37.705+0000] {processor.py:161} INFO - Started process (PID=1011) to work on /opt/airflow/dags/dag_refresh_metadata.py
[2026-08-13T13:31:37.708+0000] {processor.py:830} INFO - Processing file /opt/airflow/dags/dag_refresh_metadata.py for tasks to queue
[2026-08-13T13:31:37.715+0000] {logging_mixin.py:188} INFO - [2026-08-13T13:31:37.714+0000] {dagbag.py:545} INFO - Filling up the DagBag from /opt/airflow/dags/dag_refresh_metadata.py
[2026-08-13T13:31:39.536+0000] {processor.py:840} INFO - DAG(s) 'refresh_matadata' retrieved from /opt/airflow/dags/dag_refresh_metadata.py
[2026-08-13T13:31:39.596+0000] {logging_mixin.py:188} INFO - [2026-08-13T13:31:39.595+0000] {dag.py:3089} INFO - Sync 1 DAGs
[2026-08-13T13:31:39.628+0000] {logging_mixin.py:188} INFO - [2026-08-13T13:31:39.627+0000] {dag.py:3947} INFO - Setting next_dagrun for refresh_matadata to None, run_after=None
[2026-08-13T13:31:39.680+0000] {processor.py:183} INFO - Processing /opt/airflow/dags/dag_refresh_metadata.py took 1.994 seconds
[2026-08-13T13:32:09.982+0000] {processor.py:161} INFO - Started process (PID=1084) to work on /opt/airflow/dags/dag_refresh_metadata.py
[2026-08-13T13:32:09.988+0000] {processor.py:830} INFO - Processing file /opt/airflow/dags/dag_refresh_metadata.py for tasks to queue
[2026-08-13T13:32:09.998+0000] {logging_mixin.py:188} INFO - [2026-08-13T13:32:09.996+0000] {dagbag.py:545} INFO - Filling up the DagBag from /opt/airflow/dags/dag_refresh_metadata.py
[2026-08-13T13:32:11.945+0000] {processor.py:840} INFO - DAG(s) 'refresh_matadata' retrieved from /opt/airflow/dags/dag_refresh_metadata.py
[2026-08-13T13:32:11.984+0000] {logging_mixin.py:188} INFO - [2026-08-13T13:32:11.983+0000] {dag.py:3089} INFO - Sync 1 DAGs
[2026-08-13T13:32:12.010+0000] {logging_mixin.py:188} INFO - [2026-08-13T13:32:12.010+0000] {dag.py:3947} INFO - Setting next_dagrun for refresh_matadata to None, run_after=None
[2026-08-13T13:32:12.051+0000] {processor.py:183} INFO - Processing /opt/airflow/dags/dag_refresh_metadata.py took 2.100 seconds
[2026-08-13T13:32:42.448+0000] {processor.py:161} INFO - Started process (PID=1157) to work on /opt/airflow/dags/dag_refresh_metadata.py
[2026-08-13T13:32:42.452+0000] {processor.py:830} INFO - Processing file /opt/airflow/dags/dag_refresh_metadata.py for tasks to queue
[2026-08-13T13:32:42.458+0000] {logging_mixin.py:188} INFO - [2026-08-13T13:32:42.457+0000] {dagbag.py:545} INFO - Filling up the DagBag from /opt/airflow/dags/dag_refresh_metadata.py
[2026-08-13T13:32:44.256+0000] {processor.py:840} INFO - DAG(s) 'refresh_matadata' retrieved from /opt/airflow/dags/dag_refresh_metadata.py
[2026-08-13T13:32:44.302+0000] {logging_mixin.py:188} INFO - [2026-08-13T13:32:44.301+0000] {dag.py:3089} INFO - Sync 1 DAGs
[2026-08-13T13:32:44.329+0000] {logging_mixin.py:188} INFO - [2026-08-13T13:32:44.329+0000] {dag.py:3947} INFO - Setting next_dagrun for refresh_matadata to None, run_after=None
[2026-08-13T13:32:44.399+0000] {processor.py:183} INFO - Processing /opt/airflow/dags/dag_refresh_metadata.py took 1.966 seconds
[2026-08-13T13:33:15.136+0000] {processor.py:161} INFO - Started process (PID=1230) to work on /opt/airflow/dags/dag_refresh_metadata.py
[2026-08-13T13:33:15.143+0000] {processor.py:830} INFO - Processing file /opt/airflow/dags/dag_refresh_metadata.py for tasks to queue
[2026-08-13T13:33:15.159+0000] {logging_mixin.py:188} INFO - [2026-08-13T13:33:15.157+0000] {dagbag.py:545} INFO - Filling up the DagBag from /opt/airflow/dags/dag_refresh_metadata.py
[2026-08-13T13:33:17.384+0000] {processor.py:840} INFO - DAG(s) 'refresh_matadata' retrieved from /opt/airflow/dags/dag_refresh_metadata.py
[2026-08-13T13:33:17.423+0000] {logging_mixin.py:188} INFO - [2026-08-13T13:33:17.422+0000] {dag.py:3089} INFO - Sync 1 DAGs
[2026-08-13T13:33:17.451+0000] {logging_mixin.py:188} INFO - [2026-08-13T13:33:17.450+0000] {dag.py:3947} INFO - Setting next_dagrun for refresh_matadata to None, run_after=None
[2026-08-13T13:33:17.490+0000] {processor.py:183} INFO - Processing /opt/airflow/dags/dag_refresh_metadata.py took 2.395 seconds
[2026-08-13T13:33:48.055+0000] {processor.py:161} INFO - Started process (PID=1304) to work on /opt/airflow/dags/dag_refresh_metadata.py
[2026-08-13T13:33:48.059+0000] {processor.py:830} INFO - Processing file /opt/airflow/dags/dag_refresh_metadata.py for tasks to queue
[2026-08-13T13:33:48.072+0000] {logging_mixin.py:188} INFO - [2026-08-13T13:33:48.071+0000] {dagbag.py:545} INFO - Filling up the DagBag from /opt/airflow/dags/dag_refresh_metadata.py
[2026-08-13T13:33:49.920+0000] {processor.py:840} INFO - DAG(s) 'refresh_matadata' retrieved from /opt/airflow/dags/dag_refresh_metadata.py
[2026-08-13T13:33:49.964+0000] {logging_mixin.py:188} INFO - [2026-08-13T13:33:49.963+0000] {dag.py:3089} INFO - Sync 1 DAGs
[2026-08-13T13:33:50.006+0000] {logging_mixin.py:188} INFO - [2026-08-13T13:33:50.006+0000] {dag.py:3947} INFO - Setting next_dagrun for refresh_matadata to None, run_after=None
[2026-08-13T13:33:50.124+0000] {processor.py:183} INFO - Processing /opt/airflow/dags/dag_refresh_metadata.py took 2.086 seconds
[2026-08-13T13:34:21.218+0000] {processor.py:161} INFO - Started process (PID=1377) to work on /opt/airflow/dags/dag_refresh_metadata.py
[2026-08-13T13:34:21.222+0000] {processor.py:830} INFO - Processing file /opt/airflow/dags/dag_refresh_metadata.py for tasks to queue
[2026-08-13T13:34:21.229+0000] {logging_mixin.py:188} INFO - [2026-08-13T13:34:21.228+0000] {dagbag.py:545} INFO - Filling up the DagBag from /opt/airflow/dags/dag_refresh_metadata.py
[2026-08-13T13:34:22.943+0000] {processor.py:840} INFO - DAG(s) 'refresh_matadata' retrieved from /opt/airflow/dags/dag_refresh_metadata.py
[2026-08-13T13:34:22.978+0000] {logging_mixin.py:188} INFO - [2026-08-13T13:34:22.977+0000] {dag.py:3089} INFO - Sync 1 DAGs
[2026-08-13T13:34:23.000+0000] {logging_mixin.py:188} INFO - [2026-08-13T13:34:22.999+0000] {dag.py:3947} INFO - Setting next_dagrun for refresh_matadata to None, run_after=None
[2026-08-13T13:34:23.047+0000] {processor.py:183} INFO - Processing /opt/airflow/dags/dag_refresh_metadata.py took 1.848 seconds
[2026-08-13T13:34:53.682+0000] {processor.py:161} INFO - Started process (PID=1452) to work on /opt/airflow/dags/dag_refresh_metadata.py
[2026-08-13T13:34:53.689+0000] {processor.py:830} INFO - Processing file /opt/airflow/dags/dag_refresh_metadata.py for tasks to queue
[2026-08-13T13:34:53.699+0000] {logging_mixin.py:188} INFO - [2026-08-13T13:34:53.697+0000] {dagbag.py:545} INFO - Filling up the DagBag from /opt/airflow/dags/dag_refresh_metadata.py
[2026-08-13T13:34:55.769+0000] {processor.py:840} INFO - DAG(s) 'refresh_matadata' retrieved from /opt/airflow/dags/dag_refresh_metadata.py
[2026-08-13T13:34:55.812+0000] {logging_mixin.py:188} INFO - [2026-08-13T13:34:55.811+0000] {dag.py:3089} INFO - Sync 1 DAGs
[2026-08-13T13:34:55.841+0000] {logging_mixin.py:188} INFO - [2026-08-13T13:34:55.840+0000] {dag.py:3947} INFO - Setting next_dagrun for refresh_matadata to None, run_after=None
[2026-08-13T13:34:55.891+0000] {processor.py:183} INFO - Processing /opt/airflow/dags/dag_refresh_metadata.py took 2.226 seconds
[2026-08-13T13:35:26.565+0000] {processor.py:161} INFO - Started process (PID=1526) to work on /opt/airflow/dags/dag_refresh_metadata.py
[2026-08-13T13:35:26.569+0000] {processor.py:830} INFO - Processing file /opt/airflow/dags/dag_refresh_metadata.py for tasks to queue
[2026-08-13T13:35:26.579+0000] {logging_mixin.py:188} INFO - [2026-08-13T13:35:26.578+0000] {dagbag.py:545} INFO - Filling up the DagBag from /opt/airflow/dags/dag_refresh_metadata.py
[2026-08-13T13:35:28.461+0000] {processor.py:840} INFO - DAG(s) 'refresh_matadata' retrieved from /opt/airflow/dags/dag_refresh_metadata.py
[2026-08-13T13:35:28.496+0000] {logging_mixin.py:188} INFO - [2026-08-13T13:35:28.495+0000] {dag.py:3089} INFO - Sync 1 DAGs
[2026-08-13T13:35:28.518+0000] {logging_mixin.py:188} INFO - [2026-08-13T13:35:28.517+0000] {dag.py:3947} INFO - Setting next_dagrun for refresh_matadata to None, run_after=None
[2026-08-13T13:35:28.565+0000] {processor.py:183} INFO - Processing /opt/airflow/dags/dag_refresh_metadata.py took 2.018 seconds
[2026-08-13T13:35:58.770+0000] {processor.py:161} INFO - Started process (PID=1599) to work on /opt/airflow/dags/dag_refresh_metadata.py
[2026-08-13T13:35:58.774+0000] {processor.py:830} INFO - Processing file /opt/airflow/dags/dag_refresh_metadata.py for tasks to queue
[2026-08-13T13:35:58.780+0000] {logging_mixin.py:188} INFO - [2026-08-13T13:35:58.780+0000] {dagbag.py:545} INFO - Filling up the DagBag from /opt/airflow/dags/dag_refresh_metadata.py
[2026-08-13T13:36:01.028+0000] {processor.py:840} INFO - DAG(s) 'refresh_matadata' retrieved from /opt/airflow/dags/dag_refresh_metadata.py
[2026-08-13T13:36:01.072+0000] {logging_mixin.py:188} INFO - [2026-08-13T13:36:01.071+0000] {dag.py:3089} INFO - Sync 1 DAGs
[2026-08-13T13:36:01.095+0000] {logging_mixin.py:188} INFO - [2026-08-13T13:36:01.094+0000] {dag.py:3947} INFO - Setting next_dagrun for refresh_matadata to None, run_after=None
[2026-08-13T13:36:01.136+0000] {processor.py:183} INFO - Processing /opt/airflow/dags/dag_refresh_metadata.py took 2.384 seconds
[2026-08-13T13:36:31.459+0000] {processor.py:161} INFO - Started process (PID=1671) to work on /opt/airflow/dags/dag_refresh_metadata.py
[2026-08-13T13:36:31.463+0000] {processor.py:830} INFO - Processing file /opt/airflow/dags/dag_refresh_metadata.py for tasks to queue
[2026-08-13T13:36:31.469+0000] {logging_mixin.py:188} INFO - [2026-08-13T13:36:31.468+0000] {dagbag.py:545} INFO - Filling up the DagBag from /opt/airflow/dags/dag_refresh_metadata.py
[2026-08-13T13:36:33.337+0000] {processor.py:840} INFO - DAG(s) 'refresh_matadata' retrieved from /opt/airflow/dags/dag_refresh_metadata.py
[2026-08-13T13:36:33.368+0000] {logging_mixin.py:188} INFO - [2026-08-13T13:36:33.367+0000] {dag.py:3089} INFO - Sync 1 DAGs
[2026-08-13T13:36:33.393+0000] {logging_mixin.py:188} INFO - [2026-08-13T13:36:33.392+0000] {dag.py:3947} INFO - Setting next_dagrun for refresh_matadata to None, run_after=None
[2026-08-13T13:36:33.440+0000] {processor.py:183} INFO - Processing /opt/airflow/dags/dag_refresh_metadata.py took 2.004 seconds
[2026-08-13T13:37:04.025+0000] {processor.py:161} INFO - Started process (PID=1744) to work on /opt/airflow/dags/dag_refresh_metadata.py
[2026-08-13T13:37:04.031+0000] {processor.py:830} INFO - Processing file /opt/airflow/dags/dag_refresh_metadata.py for tasks to queue
[2026-08-13T13:37:04.043+0000] {logging_mixin.py:188} INFO - [2026-08-13T13:37:04.040+0000] {dagbag.py:545} INFO - Filling up the DagBag from /opt/airflow/dags/dag_refresh_metadata.py
[2026-08-13T13:37:06.241+0000] {processor.py:840} INFO - DAG(s) 'refresh_matadata' retrieved from /opt/airflow/dags/dag_refresh_metadata.py
[2026-08-13T13:37:06.281+0000] {logging_mixin.py:188} INFO - [2026-08-13T13:37:06.280+0000] {dag.py:3089} INFO - Sync 1 DAGs
[2026-08-13T13:37:06.309+0000] {logging_mixin.py:188} INFO - [2026-08-13T13:37:06.308+0000] {dag.py:3947} INFO - Setting next_dagrun for refresh_matadata to None, run_after=None
[2026-08-13T13:37:06.358+0000] {processor.py:183} INFO - Processing /opt/airflow/dags/dag_refresh_metadata.py took 2.354 seconds
[2026-08-13T13:37:37.075+0000] {processor.py:161} INFO - Started process (PID=1818) to work on /opt/airflow/dags/dag_refresh_metadata.py
[2026-08-13T13:37:37.079+0000] {processor.py:830} INFO - Processing file /opt/airflow/dags/dag_refresh_metadata.py for tasks to queue
[2026-08-13T13:37:37.085+0000] {logging_mixin.py:188} INFO - [2026-08-13T13:37:37.084+0000] {dagbag.py:545} INFO - Filling up the DagBag from /opt/airflow/dags/dag_refresh_metadata.py
[2026-08-13T13:37:38.739+0000] {processor.py:840} INFO - DAG(s) 'refresh_matadata' retrieved from /opt/airflow/dags/dag_refresh_metadata.py
[2026-08-13T13:37:38.780+0000] {logging_mixin.py:188} INFO - [2026-08-13T13:37:38.779+0000] {dag.py:3089} INFO - Sync 1 DAGs
[2026-08-13T13:37:38.805+0000] {logging_mixin.py:188} INFO - [2026-08-13T13:37:38.804+0000] {dag.py:3947} INFO - Setting next_dagrun for refresh_matadata to None, run_after=None
[2026-08-13T13:37:38.853+0000] {processor.py:183} INFO - Processing /opt/airflow/dags/dag_refresh_metadata.py took 1.799 seconds
[2026-08-13T13:38:09.540+0000] {processor.py:161} INFO - Started process (PID=1892) to work on /opt/airflow/dags/dag_refresh_metadata.py
[2026-08-13T13:38:09.544+0000] {processor.py:830} INFO - Processing file /opt/airflow/dags/dag_refresh_metadata.py for tasks to queue
[2026-08-13T13:38:09.551+0000] {logging_mixin.py:188} INFO - [2026-08-13T13:38:09.550+0000] {dagbag.py:545} INFO - Filling up the DagBag from /opt/airflow/dags/dag_refresh_metadata.py
[2026-08-13T13:38:12.168+0000] {processor.py:840} INFO - DAG(s) 'refresh_matadata' retrieved from /opt/airflow/dags/dag_refresh_metadata.py
[2026-08-13T13:38:12.208+0000] {logging_mixin.py:188} INFO - [2026-08-13T13:38:12.207+0000] {dag.py:3089} INFO - Sync 1 DAGs
[2026-08-13T13:38:12.238+0000] {logging_mixin.py:188} INFO - [2026-08-13T13:38:12.237+0000] {dag.py:3947} INFO - Setting next_dagrun for refresh_matadata to None, run_after=None
[2026-08-13T13:38:12.278+0000] {processor.py:183} INFO - Processing /opt/airflow/dags/dag_refresh_metadata.py took 2.760 seconds
[2026-08-13T13:38:43.274+0000] {processor.py:161} INFO - Started process (PID=1967) to work on /opt/airflow/dags/dag_refresh_metadata.py
[2026-08-13T13:38:43.280+0000] {processor.py:830} INFO - Processing file /opt/airflow/dags/dag_refresh_metadata.py for tasks to queue
[2026-08-13T13:38:43.290+0000] {logging_mixin.py:188} INFO - [2026-08-13T13:38:43.289+0000] {dagbag.py:545} INFO - Filling up the DagBag from /opt/airflow/dags/dag_refresh_metadata.py
[2026-08-13T13:38:45.693+0000] {processor.py:840} INFO - DAG(s) 'refresh_matadata' retrieved from /opt/airflow/dags/dag_refresh_metadata.py
[2026-08-13T13:38:45.739+0000] {logging_mixin.py:188} INFO - [2026-08-13T13:38:45.738+0000] {dag.py:3089} INFO - Sync 1 DAGs
[2026-08-13T13:38:45.769+0000] {logging_mixin.py:188} INFO - [2026-08-13T13:38:45.768+0000] {dag.py:3947} INFO - Setting next_dagrun for refresh_matadata to None, run_after=None
[2026-08-13T13:38:45.851+0000] {processor.py:183} INFO - Processing /opt/airflow/dags/dag_refresh_metadata.py took 2.601 seconds
[2026-08-13T13:39:16.341+0000] {processor.py:161} INFO - Started process (PID=2041) to work on /opt/airflow/dags/dag_refresh_metadata.py
[2026-08-13T13:39:16.345+0000] {processor.py:830} INFO - Processing file /opt/airflow/dags/dag_refresh_metadata.py for tasks to queue
[2026-08-13T13:39:16.357+0000] {logging_mixin.py:188} INFO - [2026-08-13T13:39:16.356+0000] {dagbag.py:545} INFO - Filling up the DagBag from /opt/airflow/dags/dag_refresh_metadata.py
[2026-08-13T13:39:18.701+0000] {processor.py:840} INFO - DAG(s) 'refresh_matadata' retrieved from /opt/airflow/dags/dag_refresh_metadata.py
[2026-08-13T13:39:18.746+0000] {logging_mixin.py:188} INFO - [2026-08-13T13:39:18.745+0000] {dag.py:3089} INFO - Sync 1 DAGs
[2026-08-13T13:39:18.783+0000] {logging_mixin.py:188} INFO - [2026-08-13T13:39:18.783+0000] {dag.py:3947} INFO - Setting next_dagrun for refresh_matadata to None, run_after=None
[2026-08-13T13:39:18.856+0000] {processor.py:183} INFO - Processing /opt/airflow/dags/dag_refresh_metadata.py took 2.531 seconds
[2026-08-13T13:39:49.935+0000] {processor.py:161} INFO - Started process (PID=2114) to work on /opt/airflow/dags/dag_refresh_metadata.py
[2026-08-13T13:39:49.940+0000] {processor.py:830} INFO - Processing file /opt/airflow/dags/dag_refresh_metadata.py for tasks to queue
[2026-08-13T13:39:49.950+0000] {logging_mixin.py:188} INFO - [2026-08-13T13:39:49.949+0000] {dagbag.py:545} INFO - Filling up the DagBag from /opt/airflow/dags/dag_refresh_metadata.py
[2026-08-13T13:39:52.393+0000] {processor.py:840} INFO - DAG(s) 'refresh_matadata' retrieved from /opt/airflow/dags/dag_refresh_metadata.py
[2026-08-13T13:39:52.452+0000] {logging_mixin.py:188} INFO - [2026-08-13T13:39:52.451+0000] {dag.py:3089} INFO - Sync 1 DAGs
[2026-08-13T13:39:52.486+0000] {logging_mixin.py:188} INFO - [2026-08-13T13:39:52.485+0000] {dag.py:3947} INFO - Setting next_dagrun for refresh_matadata to None, run_after=None
[2026-08-13T13:39:52.545+0000] {processor.py:183} INFO - Processing /opt/airflow/dags/dag_refresh_metadata.py took 2.630 seconds
[2026-08-13T13:40:23.273+0000] {processor.py:161} INFO - Started process (PID=2182) to work on /opt/airflow/dags/dag_refresh_metadata.py
[2026-08-13T13:40:23.278+0000] {processor.py:830} INFO - Processing file /opt/airflow/dags/dag_refresh_metadata.py for tasks to queue
[2026-08-13T13:40:23.288+0000] {logging_mixin.py:188} INFO - [2026-08-13T13:40:23.287+0000] {dagbag.py:545} INFO - Filling up the DagBag from /opt/airflow/dags/dag_refresh_metadata.py
[2026-08-13T13:40:25.556+0000] {processor.py:840} INFO - DAG(s) 'refresh_matadata' retrieved from /opt/airflow/dags/dag_refresh_metadata.py
[2026-08-13T13:40:25.613+0000] {logging_mixin.py:188} INFO - [2026-08-13T13:40:25.611+0000] {dag.py:3089} INFO - Sync 1 DAGs
[2026-08-13T13:40:25.665+0000] {logging_mixin.py:188} INFO - [2026-08-13T13:40:25.660+0000] {dag.py:3947} INFO - Setting next_dagrun for refresh_matadata to None, run_after=None
[2026-08-13T13:40:25.761+0000] {processor.py:183} INFO - Processing /opt/airflow/dags/dag_refresh_metadata.py took 2.507 seconds
[2026-08-13T13:40:56.980+0000] {processor.py:161} INFO - Started process (PID=2258) to work on /opt/airflow/dags/dag_refresh_metadata.py
[2026-08-13T13:40:56.983+0000] {processor.py:830} INFO - Processing file /opt/airflow/dags/dag_refresh_metadata.py for tasks to queue
[2026-08-13T13:40:56.989+0000] {logging_mixin.py:188} INFO - [2026-08-13T13:40:56.988+0000] {dagbag.py:545} INFO - Filling up the DagBag from /opt/airflow/dags/dag_refresh_metadata.py
[2026-08-13T13:40:58.951+0000] {processor.py:840} INFO - DAG(s) 'refresh_matadata' retrieved from /opt/airflow/dags/dag_refresh_metadata.py
[2026-08-13T13:40:59.003+0000] {logging_mixin.py:188} INFO - [2026-08-13T13:40:59.002+0000] {dag.py:3089} INFO - Sync 1 DAGs
[2026-08-13T13:40:59.043+0000] {logging_mixin.py:188} INFO - [2026-08-13T13:40:59.042+0000] {dag.py:3947} INFO - Setting next_dagrun for refresh_matadata to None, run_after=None
[2026-08-13T13:40:59.089+0000] {processor.py:183} INFO - Processing /opt/airflow/dags/dag_refresh_metadata.py took 2.129 seconds
[2026-08-13T13:41:29.852+0000] {processor.py:161} INFO - Started process (PID=2332) to work on /opt/airflow/dags/dag_refresh_metadata.py
[2026-08-13T13:41:29.879+0000] {processor.py:830} INFO - Processing file /opt/airflow/dags/dag_refresh_metadata.py for tasks to queue
[2026-08-13T13:41:29.904+0000] {logging_mixin.py:188} INFO - [2026-08-13T13:41:29.902+0000] {dagbag.py:545} INFO - Filling up the DagBag from /opt/airflow/dags/dag_refresh_metadata.py
[2026-08-13T13:41:32.347+0000] {processor.py:840} INFO - DAG(s) 'refresh_matadata' retrieved from /opt/airflow/dags/dag_refresh_metadata.py
[2026-08-13T13:41:32.394+0000] {logging_mixin.py:188} INFO - [2026-08-13T13:41:32.392+0000] {dag.py:3089} INFO - Sync 1 DAGs
[2026-08-13T13:41:32.428+0000] {logging_mixin.py:188} INFO - [2026-08-13T13:41:32.427+0000] {dag.py:3947} INFO - Setting next_dagrun for refresh_matadata to None, run_after=None
[2026-08-13T13:41:32.480+0000] {processor.py:183} INFO - Processing /opt/airflow/dags/dag_refresh_metadata.py took 2.675 seconds
[2026-08-13T13:42:02.789+0000] {processor.py:161} INFO - Started process (PID=2408) to work on /opt/airflow/dags/dag_refresh_metadata.py
[2026-08-13T13:42:02.793+0000] {processor.py:830} INFO - Processing file /opt/airflow/dags/dag_refresh_metadata.py for tasks to queue
[2026-08-13T13:42:02.803+0000] {logging_mixin.py:188} INFO - [2026-08-13T13:42:02.803+0000] {dagbag.py:545} INFO - Filling up the DagBag from /opt/airflow/dags/dag_refresh_metadata.py
[2026-08-13T13:42:04.331+0000] {processor.py:840} INFO - DAG(s) 'refresh_matadata' retrieved from /opt/airflow/dags/dag_refresh_metadata.py
[2026-08-13T13:42:04.372+0000] {logging_mixin.py:188} INFO - [2026-08-13T13:42:04.371+0000] {dag.py:3089} INFO - Sync 1 DAGs
[2026-08-13T13:42:04.399+0000] {logging_mixin.py:188} INFO - [2026-08-13T13:42:04.398+0000] {dag.py:3947} INFO - Setting next_dagrun for refresh_matadata to None, run_after=None
[2026-08-13T13:42:04.444+0000] {processor.py:183} INFO - Processing /opt/airflow/dags/dag_refresh_metadata.py took 1.709 seconds
[2026-08-13T13:42:34.821+0000] {processor.py:161} INFO - Started process (PID=2484) to work on /opt/airflow/dags/dag_refresh_metadata.py
[2026-08-13T13:42:34.825+0000] {processor.py:830} INFO - Processing file /opt/airflow/dags/dag_refresh_metadata.py for tasks to queue
[2026-08-13T13:42:34.834+0000] {logging_mixin.py:188} INFO - [2026-08-13T13:42:34.833+0000] {dagbag.py:545} INFO - Filling up the DagBag from /opt/airflow/dags/dag_refresh_metadata.py
[2026-08-13T13:42:36.319+0000] {processor.py:840} INFO - DAG(s) 'refresh_matadata' retrieved from /opt/airflow/dags/dag_refresh_metadata.py
[2026-08-13T13:42:36.372+0000] {logging_mixin.py:188} INFO - [2026-08-13T13:42:36.369+0000] {dag.py:3089} INFO - Sync 1 DAGs
[2026-08-13T13:42:36.424+0000] {logging_mixin.py:188} INFO - [2026-08-13T13:42:36.423+0000] {dag.py:3947} INFO - Setting next_dagrun for refresh_matadata to None, run_after=None
[2026-08-13T13:42:36.503+0000] {processor.py:183} INFO - Processing /opt/airflow/dags/dag_refresh_metadata.py took 1.697 seconds
[2026-08-13T13:43:07.164+0000] {processor.py:161} INFO - Started process (PID=2559) to work on /opt/airflow/dags/dag_refresh_metadata.py
[2026-08-13T13:43:07.167+0000] {processor.py:830} INFO - Processing file /opt/airflow/dags/dag_refresh_metadata.py for tasks to queue
[2026-08-13T13:43:07.174+0000] {logging_mixin.py:188} INFO - [2026-08-13T13:43:07.173+0000] {dagbag.py:545} INFO - Filling up the DagBag from /opt/airflow/dags/dag_refresh_metadata.py
[2026-08-13T13:43:08.441+0000] {processor.py:840} INFO - DAG(s) 'refresh_matadata' retrieved from /opt/airflow/dags/dag_refresh_metadata.py
[2026-08-13T13:43:08.493+0000] {logging_mixin.py:188} INFO - [2026-08-13T13:43:08.492+0000] {dag.py:3089} INFO - Sync 1 DAGs
[2026-08-13T13:43:08.526+0000] {logging_mixin.py:188} INFO - [2026-08-13T13:43:08.525+0000] {dag.py:3947} INFO - Setting next_dagrun for refresh_matadata to None, run_after=None
[2026-08-13T13:43:08.580+0000] {processor.py:183} INFO - Processing /opt/airflow/dags/dag_refresh_metadata.py took 1.430 seconds
[2026-08-13T13:43:39.035+0000] {processor.py:161} INFO - Started process (PID=2633) to work on /opt/airflow/dags/dag_refresh_metadata.py
[2026-08-13T13:43:39.038+0000] {processor.py:830} INFO - Processing file /opt/airflow/dags/dag_refresh_metadata.py for tasks to queue
[2026-08-13T13:43:39.044+0000] {logging_mixin.py:188} INFO - [2026-08-13T13:43:39.043+0000] {dagbag.py:545} INFO - Filling up the DagBag from /opt/airflow/dags/dag_refresh_metadata.py
[2026-08-13T13:43:40.416+0000] {processor.py:840} INFO - DAG(s) 'refresh_matadata' retrieved from /opt/airflow/dags/dag_refresh_metadata.py
[2026-08-13T13:43:40.475+0000] {logging_mixin.py:188} INFO - [2026-08-13T13:43:40.474+0000] {dag.py:3089} INFO - Sync 1 DAGs
[2026-08-13T13:43:40.545+0000] {logging_mixin.py:188} INFO - [2026-08-13T13:43:40.544+0000] {dag.py:3947} INFO - Setting next_dagrun for refresh_matadata to None, run_after=None
[2026-08-13T13:43:40.652+0000] {processor.py:183} INFO - Processing /opt/airflow/dags/dag_refresh_metadata.py took 1.632 seconds
[2026-08-13T13:44:12.209+0000] {processor.py:161} INFO - Started process (PID=2708) to work on /opt/airflow/dags/dag_refresh_metadata.py
[2026-08-13T13:44:12.219+0000] {processor.py:830} INFO - Processing file /opt/airflow/dags/dag_refresh_metadata.py for tasks to queue
[2026-08-13T13:44:12.265+0000] {logging_mixin.py:188} INFO - [2026-08-13T13:44:12.257+0000] {dagbag.py:545} INFO - Filling up the DagBag from /opt/airflow/dags/dag_refresh_metadata.py
[2026-08-13T13:44:14.004+0000] {processor.py:840} INFO - DAG(s) 'refresh_matadata' retrieved from /opt/airflow/dags/dag_refresh_metadata.py
[2026-08-13T13:44:14.054+0000] {logging_mixin.py:188} INFO - [2026-08-13T13:44:14.052+0000] {dag.py:3089} INFO - Sync 1 DAGs
[2026-08-13T13:44:14.088+0000] {logging_mixin.py:188} INFO - [2026-08-13T13:44:14.087+0000] {dag.py:3947} INFO - Setting next_dagrun for refresh_matadata to None, run_after=None
[2026-08-13T13:44:14.142+0000] {processor.py:183} INFO - Processing /opt/airflow/dags/dag_refresh_metadata.py took 2.005 seconds
[2026-08-13T13:44:44.781+0000] {processor.py:161} INFO - Started process (PID=2783) to work on /opt/airflow/dags/dag_refresh_metadata.py
[2026-08-13T13:44:44.784+0000] {processor.py:830} INFO - Processing file /opt/airflow/dags/dag_refresh_metadata.py for tasks to queue
[2026-08-13T13:44:44.790+0000] {logging_mixin.py:188} INFO - [2026-08-13T13:44:44.789+0000] {dagbag.py:545} INFO - Filling up the DagBag from /opt/airflow/dags/dag_refresh_metadata.py
[2026-08-13T13:44:45.868+0000] {processor.py:840} INFO - DAG(s) 'refresh_matadata' retrieved from /opt/airflow/dags/dag_refresh_metadata.py
[2026-08-13T13:44:45.913+0000] {logging_mixin.py:188} INFO - [2026-08-13T13:44:45.912+0000] {dag.py:3089} INFO - Sync 1 DAGs
[2026-08-13T13:44:45.944+0000] {logging_mixin.py:188} INFO - [2026-08-13T13:44:45.944+0000] {dag.py:3947} INFO - Setting next_dagrun for refresh_matadata to None, run_after=None
[2026-08-13T13:44:45.991+0000] {processor.py:183} INFO - Processing /opt/airflow/dags/dag_refresh_metadata.py took 1.222 seconds
[2026-08-13T13:45:16.143+0000] {processor.py:161} INFO - Started process (PID=2856) to work on /opt/airflow/dags/dag_refresh_metadata.py
[2026-08-13T13:45:16.147+0000] {processor.py:830} INFO - Processing file /opt/airflow/dags/dag_refresh_metadata.py for tasks to queue
[2026-08-13T13:45:16.153+0000] {logging_mixin.py:188} INFO - [2026-08-13T13:45:16.152+0000] {dagbag.py:545} INFO - Filling up the DagBag from /opt/airflow/dags/dag_refresh_metadata.py
[2026-08-13T13:45:17.602+0000] {processor.py:840} INFO - DAG(s) 'refresh_matadata' retrieved from /opt/airflow/dags/dag_refresh_metadata.py
[2026-08-13T13:45:17.667+0000] {logging_mixin.py:188} INFO - [2026-08-13T13:45:17.666+0000] {dag.py:3089} INFO - Sync 1 DAGs
[2026-08-13T13:45:17.710+0000] {logging_mixin.py:188} INFO - [2026-08-13T13:45:17.709+0000] {dag.py:3947} INFO - Setting next_dagrun for refresh_matadata to None, run_after=None
[2026-08-13T13:45:17.763+0000] {processor.py:183} INFO - Processing /opt/airflow/dags/dag_refresh_metadata.py took 1.633 seconds
[2026-08-13T13:45:48.246+0000] {processor.py:161} INFO - Started process (PID=2930) to work on /opt/airflow/dags/dag_refresh_metadata.py
[2026-08-13T13:45:48.250+0000] {processor.py:830} INFO - Processing file /opt/airflow/dags/dag_refresh_metadata.py for tasks to queue
[2026-08-13T13:45:48.257+0000] {logging_mixin.py:188} INFO - [2026-08-13T13:45:48.256+0000] {dagbag.py:545} INFO - Filling up the DagBag from /opt/airflow/dags/dag_refresh_metadata.py
[2026-08-13T13:45:50.002+0000] {processor.py:840} INFO - DAG(s) 'refresh_matadata' retrieved from /opt/airflow/dags/dag_refresh_metadata.py
[2026-08-13T13:45:50.080+0000] {logging_mixin.py:188} INFO - [2026-08-13T13:45:50.078+0000] {dag.py:3089} INFO - Sync 1 DAGs
[2026-08-13T13:45:50.136+0000] {logging_mixin.py:188} INFO - [2026-08-13T13:45:50.135+0000] {dag.py:3947} INFO - Setting next_dagrun for refresh_matadata to None, run_after=None
[2026-08-13T13:45:50.257+0000] {processor.py:183} INFO - Processing /opt/airflow/dags/dag_refresh_metadata.py took 2.043 seconds
[2026-08-13T13:46:21.323+0000] {processor.py:161} INFO - Started process (PID=3006) to work on /opt/airflow/dags/dag_refresh_metadata.py
[2026-08-13T13:46:21.326+0000] {processor.py:830} INFO - Processing file /opt/airflow/dags/dag_refresh_metadata.py for tasks to queue
[2026-08-13T13:46:21.335+0000] {logging_mixin.py:188} INFO - [2026-08-13T13:46:21.334+0000] {dagbag.py:545} INFO - Filling up the DagBag from /opt/airflow/dags/dag_refresh_metadata.py
[2026-08-13T13:46:23.012+0000] {processor.py:840} INFO - DAG(s) 'refresh_matadata' retrieved from /opt/airflow/dags/dag_refresh_metadata.py
[2026-08-13T13:46:23.070+0000] {logging_mixin.py:188} INFO - [2026-08-13T13:46:23.069+0000] {dag.py:3089} INFO - Sync 1 DAGs
[2026-08-13T13:46:23.107+0000] {logging_mixin.py:188} INFO - [2026-08-13T13:46:23.106+0000] {dag.py:3947} INFO - Setting next_dagrun for refresh_matadata to None, run_after=None
[2026-08-13T13:46:23.171+0000] {processor.py:183} INFO - Processing /opt/airflow/dags/dag_refresh_metadata.py took 1.863 seconds
[2026-08-13T13:46:53.497+0000] {processor.py:161} INFO - Started process (PID=3083) to work on /opt/airflow/dags/dag_refresh_metadata.py
[2026-08-13T13:46:53.500+0000] {processor.py:830} INFO - Processing file /opt/airflow/dags/dag_refresh_metadata.py for tasks to queue
[2026-08-13T13:46:53.506+0000] {logging_mixin.py:188} INFO - [2026-08-13T13:46:53.505+0000] {dagbag.py:545} INFO - Filling up the DagBag from /opt/airflow/dags/dag_refresh_metadata.py
[2026-08-13T13:46:54.707+0000] {processor.py:840} INFO - DAG(s) 'refresh_matadata' retrieved from /opt/airflow/dags/dag_refresh_metadata.py
[2026-08-13T13:46:54.758+0000] {logging_mixin.py:188} INFO - [2026-08-13T13:46:54.757+0000] {dag.py:3089} INFO - Sync 1 DAGs
[2026-08-13T13:46:54.834+0000] {logging_mixin.py:188} INFO - [2026-08-13T13:46:54.833+0000] {dag.py:3947} INFO - Setting next_dagrun for refresh_matadata to None, run_after=None
[2026-08-13T13:46:54.896+0000] {processor.py:183} INFO - Processing /opt/airflow/dags/dag_refresh_metadata.py took 1.415 seconds
[2026-08-13T13:47:25.081+0000] {processor.py:161} INFO - Started process (PID=3159) to work on /opt/airflow/dags/dag_refresh_metadata.py
[2026-08-13T13:47:25.084+0000] {processor.py:830} INFO - Processing file /opt/airflow/dags/dag_refresh_metadata.py for tasks to queue
[2026-08-13T13:47:25.088+0000] {logging_mixin.py:188} INFO - [2026-08-13T13:47:25.088+0000] {dagbag.py:545} INFO - Filling up the DagBag from /opt/airflow/dags/dag_refresh_metadata.py
[2026-08-13T13:47:26.142+0000] {processor.py:840} INFO - DAG(s) 'refresh_matadata' retrieved from /opt/airflow/dags/dag_refresh_metadata.py
[2026-08-13T13:47:26.201+0000] {logging_mixin.py:188} INFO - [2026-08-13T13:47:26.199+0000] {dag.py:3089} INFO - Sync 1 DAGs
[2026-08-13T13:47:26.248+0000] {logging_mixin.py:188} INFO - [2026-08-13T13:47:26.247+0000] {dag.py:3947} INFO - Setting next_dagrun for refresh_matadata to None, run_after=None
[2026-08-13T13:47:26.293+0000] {processor.py:183} INFO - Processing /opt/airflow/dags/dag_refresh_metadata.py took 1.223 seconds
[2026-08-13T13:47:57.252+0000] {processor.py:161} INFO - Started process (PID=3232) to work on /opt/airflow/dags/dag_refresh_metadata.py
[2026-08-13T13:47:57.254+0000] {processor.py:830} INFO - Processing file /opt/airflow/dags/dag_refresh_metadata.py for tasks to queue
[2026-08-13T13:47:57.259+0000] {logging_mixin.py:188} INFO - [2026-08-13T13:47:57.259+0000] {dagbag.py:545} INFO - Filling up the DagBag from /opt/airflow/dags/dag_refresh_metadata.py
[2026-08-13T13:47:58.509+0000] {processor.py:840} INFO - DAG(s) 'refresh_matadata' retrieved from /opt/airflow/dags/dag_refresh_metadata.py
[2026-08-13T13:47:58.570+0000] {logging_mixin.py:188} INFO - [2026-08-13T13:47:58.569+0000] {dag.py:3089} INFO - Sync 1 DAGs
[2026-08-13T13:47:58.607+0000] {logging_mixin.py:188} INFO - [2026-08-13T13:47:58.606+0000] {dag.py:3947} INFO - Setting next_dagrun for refresh_matadata to None, run_after=None
[2026-08-13T13:47:58.659+0000] {processor.py:183} INFO - Processing /opt/airflow/dags/dag_refresh_metadata.py took 1.423 seconds
[2026-08-13T13:48:29.073+0000] {processor.py:161} INFO - Started process (PID=3301) to work on /opt/airflow/dags/dag_refresh_metadata.py
[2026-08-13T13:48:29.076+0000] {processor.py:830} INFO - Processing file /opt/airflow/dags/dag_refresh_metadata.py for tasks to queue
[2026-08-13T13:48:29.080+0000] {logging_mixin.py:188} INFO - [2026-08-13T13:48:29.080+0000] {dagbag.py:545} INFO - Filling up the DagBag from /opt/airflow/dags/dag_refresh_metadata.py
[2026-08-13T13:48:30.380+0000] {processor.py:840} INFO - DAG(s) 'refresh_matadata' retrieved from /opt/airflow/dags/dag_refresh_metadata.py
[2026-08-13T13:48:30.443+0000] {logging_mixin.py:188} INFO - [2026-08-13T13:48:30.442+0000] {dag.py:3089} INFO - Sync 1 DAGs
[2026-08-13T13:48:30.497+0000] {logging_mixin.py:188} INFO - [2026-08-13T13:48:30.497+0000] {dag.py:3947} INFO - Setting next_dagrun for refresh_matadata to None, run_after=None
[2026-08-13T13:48:30.552+0000] {processor.py:183} INFO - Processing /opt/airflow/dags/dag_refresh_metadata.py took 1.496 seconds
[2026-08-13T13:49:01.494+0000] {processor.py:161} INFO - Started process (PID=3375) to work on /opt/airflow/dags/dag_refresh_metadata.py
[2026-08-13T13:49:01.497+0000] {processor.py:830} INFO - Processing file /opt/airflow/dags/dag_refresh_metadata.py for tasks to queue
[2026-08-13T13:49:01.504+0000] {logging_mixin.py:188} INFO - [2026-08-13T13:49:01.503+0000] {dagbag.py:545} INFO - Filling up the DagBag from /opt/airflow/dags/dag_refresh_metadata.py
[2026-08-13T13:49:03.035+0000] {processor.py:840} INFO - DAG(s) 'refresh_matadata' retrieved from /opt/airflow/dags/dag_refresh_metadata.py
[2026-08-13T13:49:03.085+0000] {logging_mixin.py:188} INFO - [2026-08-13T13:49:03.084+0000] {dag.py:3089} INFO - Sync 1 DAGs
[2026-08-13T13:49:03.126+0000] {logging_mixin.py:188} INFO - [2026-08-13T13:49:03.125+0000] {dag.py:3947} INFO - Setting next_dagrun for refresh_matadata to None, run_after=None
[2026-08-13T13:49:03.187+0000] {processor.py:183} INFO - Processing /opt/airflow/dags/dag_refresh_metadata.py took 1.712 seconds
[2026-08-13T13:49:33.932+0000] {processor.py:161} INFO - Started process (PID=3444) to work on /opt/airflow/dags/dag_refresh_metadata.py
[2026-08-13T13:49:33.970+0000] {processor.py:830} INFO - Processing file /opt/airflow/dags/dag_refresh_metadata.py for tasks to queue
[2026-08-13T13:49:34.033+0000] {logging_mixin.py:188} INFO - [2026-08-13T13:49:34.031+0000] {dagbag.py:545} INFO - Filling up the DagBag from /opt/airflow/dags/dag_refresh_metadata.py
[2026-08-13T13:49:36.644+0000] {processor.py:840} INFO - DAG(s) 'refresh_matadata' retrieved from /opt/airflow/dags/dag_refresh_metadata.py
[2026-08-13T13:49:36.825+0000] {logging_mixin.py:188} INFO - [2026-08-13T13:49:36.824+0000] {dag.py:3089} INFO - Sync 1 DAGs
[2026-08-13T13:49:36.898+0000] {logging_mixin.py:188} INFO - [2026-08-13T13:49:36.897+0000] {dag.py:3947} INFO - Setting next_dagrun for refresh_matadata to None, run_after=None
[2026-08-13T13:49:36.996+0000] {processor.py:183} INFO - Processing /opt/airflow/dags/dag_refresh_metadata.py took 3.201 seconds
[2026-08-13T13:50:07.272+0000] {processor.py:161} INFO - Started process (PID=3518) to work on /opt/airflow/dags/dag_refresh_metadata.py
[2026-08-13T13:50:07.276+0000] {processor.py:830} INFO - Processing file /opt/airflow/dags/dag_refresh_metadata.py for tasks to queue
[2026-08-13T13:50:07.284+0000] {logging_mixin.py:188} INFO - [2026-08-13T13:50:07.281+0000] {dagbag.py:545} INFO - Filling up the DagBag from /opt/airflow/dags/dag_refresh_metadata.py
[2026-08-13T13:50:09.527+0000] {processor.py:840} INFO - DAG(s) 'refresh_matadata' retrieved from /opt/airflow/dags/dag_refresh_metadata.py
[2026-08-13T13:50:09.658+0000] {logging_mixin.py:188} INFO - [2026-08-13T13:50:09.657+0000] {dag.py:3089} INFO - Sync 1 DAGs
[2026-08-13T13:50:09.749+0000] {logging_mixin.py:188} INFO - [2026-08-13T13:50:09.748+0000] {dag.py:3947} INFO - Setting next_dagrun for refresh_matadata to None, run_after=None
[2026-08-13T13:50:09.828+0000] {processor.py:183} INFO - Processing /opt/airflow/dags/dag_refresh_metadata.py took 2.575 seconds
