[2026-07-23 12:32:01,442] {taskinstance.py:1037} INFO - Dependencies all met for <TaskInstance: refresh_metadata.fetch_regions manual__2026-07-23T12:26:27.852798+00:00 [queued]>
[2026-07-23 12:32:01,465] {taskinstance.py:1037} INFO - Dependencies all met for <TaskInstance: refresh_metadata.fetch_regions manual__2026-07-23T12:26:27.852798+00:00 [queued]>
[2026-07-23 12:32:01,467] {taskinstance.py:1243} INFO - 
--------------------------------------------------------------------------------
[2026-07-23 12:32:01,470] {taskinstance.py:1244} INFO - Starting attempt 5 of 6
[2026-07-23 12:32:01,472] {taskinstance.py:1245} INFO - 
--------------------------------------------------------------------------------
[2026-07-23 12:32:01,500] {taskinstance.py:1264} INFO - Executing <Task(PythonOperator): fetch_regions> on 2026-07-23 12:26:27.852798+00:00
[2026-07-23 12:32:01,519] {standard_task_runner.py:52} INFO - Started process 375 to run task
[2026-07-23 12:32:01,523] {standard_task_runner.py:76} INFO - Running: ['***', 'tasks', 'run', 'refresh_metadata', 'fetch_regions', 'manual__2026-07-23T12:26:27.852798+00:00', '--job-id', '50', '--raw', '--subdir', 'DAGS_FOLDER/dag_refresh_metadata.py', '--cfg-path', '/tmp/tmp4ekrssmp', '--error-file', '/tmp/tmps0vttmfw']
[2026-07-23 12:32:01,525] {standard_task_runner.py:77} INFO - Job 50: Subtask fetch_regions
[2026-07-23 12:32:01,664] {logging_mixin.py:109} INFO - Running <TaskInstance: refresh_metadata.fetch_regions manual__2026-07-23T12:26:27.852798+00:00 [running]> on host 06597b923496
[2026-07-23 12:32:01,775] {taskinstance.py:1431} INFO - Exporting the following env vars:
AIRFLOW_CTX_DAG_OWNER=***
AIRFLOW_CTX_DAG_ID=refresh_metadata
AIRFLOW_CTX_TASK_ID=fetch_regions
AIRFLOW_CTX_EXECUTION_DATE=2026-07-23T12:26:27.852798+00:00
AIRFLOW_CTX_DAG_RUN_ID=manual__2026-07-23T12:26:27.852798+00:00
[2026-07-23 12:32:18,491] {taskinstance.py:1718} ERROR - Task failed with exception
Traceback (most recent call last):
  File "/home/airflow/.local/lib/python3.6/site-packages/airflow/models/taskinstance.py", line 1334, in _run_raw_task
    self._execute_task_with_callbacks(context)
  File "/home/airflow/.local/lib/python3.6/site-packages/airflow/models/taskinstance.py", line 1460, in _execute_task_with_callbacks
    result = self._execute_task(context, self.task)
  File "/home/airflow/.local/lib/python3.6/site-packages/airflow/models/taskinstance.py", line 1516, in _execute_task
    result = execute_callable(context=context)
  File "/home/airflow/.local/lib/python3.6/site-packages/airflow/operators/python.py", line 174, in execute
    return_value = self.execute_callable()
  File "/home/airflow/.local/lib/python3.6/site-packages/airflow/operators/python.py", line 188, in execute_callable
    return self.python_callable(*self.op_args, **self.op_kwargs)
  File "/opt/airflow/src/parsing.py", line 57, in fetch_regions
    execute_values(cur, query, list(regions))
  File "/home/airflow/.local/lib/python3.6/site-packages/psycopg2/extras.py", line 1270, in execute_values
    cur.execute(b''.join(parts))
psycopg2.errors.UndefinedTable: relation "regions" does not exist
LINE 2:             INSERT INTO regions (flashscore_region_id, regio...
                                ^

[2026-07-23 12:32:18,516] {taskinstance.py:1282} INFO - Marking task as UP_FOR_RETRY. dag_id=refresh_metadata, task_id=fetch_regions, execution_date=20260723T122627, start_date=20260723T123201, end_date=20260723T123218
[2026-07-23 12:32:18,582] {standard_task_runner.py:92} ERROR - Failed to execute job 50 for task fetch_regions
Traceback (most recent call last):
  File "/home/airflow/.local/lib/python3.6/site-packages/airflow/task/task_runner/standard_task_runner.py", line 85, in _start_by_fork
    args.func(args, dag=self.dag)
  File "/home/airflow/.local/lib/python3.6/site-packages/airflow/cli/cli_parser.py", line 48, in command
    return func(*args, **kwargs)
  File "/home/airflow/.local/lib/python3.6/site-packages/airflow/utils/cli.py", line 92, in wrapper
    return f(*args, **kwargs)
  File "/home/airflow/.local/lib/python3.6/site-packages/airflow/cli/commands/task_command.py", line 298, in task_run
    _run_task_by_selected_method(args, dag, ti)
  File "/home/airflow/.local/lib/python3.6/site-packages/airflow/cli/commands/task_command.py", line 107, in _run_task_by_selected_method
    _run_raw_task(args, ti)
  File "/home/airflow/.local/lib/python3.6/site-packages/airflow/cli/commands/task_command.py", line 184, in _run_raw_task
    error_file=args.error_file,
  File "/home/airflow/.local/lib/python3.6/site-packages/airflow/utils/session.py", line 70, in wrapper
    return func(*args, session=session, **kwargs)
  File "/home/airflow/.local/lib/python3.6/site-packages/airflow/models/taskinstance.py", line 1334, in _run_raw_task
    self._execute_task_with_callbacks(context)
  File "/home/airflow/.local/lib/python3.6/site-packages/airflow/models/taskinstance.py", line 1460, in _execute_task_with_callbacks
    result = self._execute_task(context, self.task)
  File "/home/airflow/.local/lib/python3.6/site-packages/airflow/models/taskinstance.py", line 1516, in _execute_task
    result = execute_callable(context=context)
  File "/home/airflow/.local/lib/python3.6/site-packages/airflow/operators/python.py", line 174, in execute
    return_value = self.execute_callable()
  File "/home/airflow/.local/lib/python3.6/site-packages/airflow/operators/python.py", line 188, in execute_callable
    return self.python_callable(*self.op_args, **self.op_kwargs)
  File "/opt/airflow/src/parsing.py", line 57, in fetch_regions
    execute_values(cur, query, list(regions))
  File "/home/airflow/.local/lib/python3.6/site-packages/psycopg2/extras.py", line 1270, in execute_values
    cur.execute(b''.join(parts))
psycopg2.errors.UndefinedTable: relation "regions" does not exist
LINE 2:             INSERT INTO regions (flashscore_region_id, regio...
                                ^

[2026-07-23 12:32:18,639] {local_task_job.py:154} INFO - Task exited with return code 1
[2026-07-23 12:32:18,730] {local_task_job.py:264} INFO - 0 downstream tasks scheduled from follow-on schedule check
