[2026-07-24T17:14:33.507+0000] {local_task_job_runner.py:120} INFO - ::group::Pre task execution logs
[2026-07-24T17:14:33.566+0000] {taskinstance.py:2076} INFO - Dependencies all met for dep_context=non-requeueable deps ti=<TaskInstance: update_matches.update_matches scheduled__2026-07-23T00:00:00+00:00 [queued]>
[2026-07-24T17:14:33.586+0000] {taskinstance.py:2076} INFO - Dependencies all met for dep_context=requeueable deps ti=<TaskInstance: update_matches.update_matches scheduled__2026-07-23T00:00:00+00:00 [queued]>
[2026-07-24T17:14:33.589+0000] {taskinstance.py:2306} INFO - Starting attempt 1 of 6
[2026-07-24T17:14:33.628+0000] {taskinstance.py:2330} INFO - Executing <Task(PythonOperator): update_matches> on 2026-07-23 00:00:00+00:00
[2026-07-24T17:14:33.669+0000] {warnings.py:112} WARNING - /home/***/.local/lib/python3.12/site-packages/***/task/task_runner/standard_task_runner.py:62: DeprecationWarning: This process (pid=291) is multi-threaded, use of fork() may lead to deadlocks in the child.
  pid = os.fork()

[2026-07-24T17:14:33.673+0000] {standard_task_runner.py:90} INFO - Running: ['***', 'tasks', 'run', 'update_matches', 'update_matches', 'scheduled__2026-07-23T00:00:00+00:00', '--job-id', '71', '--raw', '--subdir', 'DAGS_FOLDER/dag_update_matches.py', '--cfg-path', '/tmp/tmpulr7w7es']
[2026-07-24T17:14:33.676+0000] {standard_task_runner.py:64} INFO - Started process 300 to run task
[2026-07-24T17:14:33.677+0000] {standard_task_runner.py:91} INFO - Job 71: Subtask update_matches
[2026-07-24T17:14:33.829+0000] {task_command.py:426} INFO - Running <TaskInstance: update_matches.update_matches scheduled__2026-07-23T00:00:00+00:00 [running]> on host 766b5a4d3476
[2026-07-24T17:14:34.008+0000] {taskinstance.py:2648} INFO - Exporting env vars: AIRFLOW_CTX_DAG_OWNER='***' AIRFLOW_CTX_DAG_ID='update_matches' AIRFLOW_CTX_TASK_ID='update_matches' AIRFLOW_CTX_EXECUTION_DATE='2026-07-23T00:00:00+00:00' AIRFLOW_CTX_TRY_NUMBER='1' AIRFLOW_CTX_DAG_RUN_ID='scheduled__2026-07-23T00:00:00+00:00'
[2026-07-24T17:14:34.012+0000] {taskinstance.py:430} INFO - ::endgroup::
[2026-07-24T17:14:34.034+0000] {taskinstance.py:441} INFO - ::group::Post task execution logs
[2026-07-24T17:14:34.037+0000] {taskinstance.py:2905} ERROR - Task failed with exception
Traceback (most recent call last):
  File "/home/airflow/.local/lib/python3.12/site-packages/airflow/models/taskinstance.py", line 465, in _execute_task
    result = _execute_callable(context=context, **execute_callable_kwargs)
             ^^^^^^^^^^^^^^^^^^^^^^^^^^^^^^^^^^^^^^^^^^^^^^^^^^^^^^^^^^^^^
  File "/home/airflow/.local/lib/python3.12/site-packages/airflow/models/taskinstance.py", line 432, in _execute_callable
    return execute_callable(context=context, **execute_callable_kwargs)
           ^^^^^^^^^^^^^^^^^^^^^^^^^^^^^^^^^^^^^^^^^^^^^^^^^^^^^^^^^^^^
  File "/home/airflow/.local/lib/python3.12/site-packages/airflow/models/baseoperator.py", line 401, in wrapper
    return func(self, *args, **kwargs)
           ^^^^^^^^^^^^^^^^^^^^^^^^^^^
  File "/home/airflow/.local/lib/python3.12/site-packages/airflow/operators/python.py", line 235, in execute
    return_value = self.execute_callable()
                   ^^^^^^^^^^^^^^^^^^^^^^^
  File "/home/airflow/.local/lib/python3.12/site-packages/airflow/operators/python.py", line 252, in execute_callable
    return self.python_callable(*self.op_args, **self.op_kwargs)
           ^^^^^^^^^^^^^^^^^^^^^^^^^^^^^^^^^^^^^^^^^^^^^^^^^^^^^
  File "/opt/airflow/src/parsing.py", line 537, in update_matches
    cur.execute("""
psycopg2.errors.UndefinedColumn: column "region_id" does not exist
LINE 5:                     WHERE region_id = 33
                                  ^
HINT:  Perhaps you meant to reference the column "season_team_relations.season_id" or the column "seasons.season_id".

[2026-07-24T17:14:34.070+0000] {taskinstance.py:1206} INFO - Marking task as UP_FOR_RETRY. dag_id=update_matches, task_id=update_matches, run_id=scheduled__2026-07-23T00:00:00+00:00, execution_date=20260723T000000, start_date=20260724T171433, end_date=20260724T171434
[2026-07-24T17:14:34.101+0000] {standard_task_runner.py:110} ERROR - Failed to execute job 71 for task update_matches (column "region_id" does not exist
LINE 5:                     WHERE region_id = 33
                                  ^
HINT:  Perhaps you meant to reference the column "season_team_relations.season_id" or the column "seasons.season_id".
; 300)
[2026-07-24T17:14:34.147+0000] {local_task_job_runner.py:243} INFO - Task exited with return code 1
[2026-07-24T17:14:34.176+0000] {taskinstance.py:3503} INFO - 0 downstream tasks scheduled from follow-on schedule check
[2026-07-24T17:14:34.181+0000] {local_task_job_runner.py:222} INFO - ::endgroup::
