[2026-07-22 19:19:40,005] {taskinstance.py:1037} INFO - Dependencies all met for <TaskInstance: refresh_metadata.fetch_leagues manual__2026-07-22T19:19:03.689526+00:00 [queued]>
[2026-07-22 19:19:40,032] {taskinstance.py:1037} INFO - Dependencies all met for <TaskInstance: refresh_metadata.fetch_leagues manual__2026-07-22T19:19:03.689526+00:00 [queued]>
[2026-07-22 19:19:40,034] {taskinstance.py:1243} INFO - 
--------------------------------------------------------------------------------
[2026-07-22 19:19:40,036] {taskinstance.py:1244} INFO - Starting attempt 1 of 6
[2026-07-22 19:19:40,037] {taskinstance.py:1245} INFO - 
--------------------------------------------------------------------------------
[2026-07-22 19:19:40,070] {taskinstance.py:1264} INFO - Executing <Task(PythonOperator): fetch_leagues> on 2026-07-22 19:19:03.689526+00:00
[2026-07-22 19:19:40,095] {standard_task_runner.py:52} INFO - Started process 415 to run task
[2026-07-22 19:19:40,102] {standard_task_runner.py:76} INFO - Running: ['***', 'tasks', 'run', 'refresh_metadata', 'fetch_leagues', 'manual__2026-07-22T19:19:03.689526+00:00', '--job-id', '19', '--raw', '--subdir', 'DAGS_FOLDER/dag_refresh_metadata.py', '--cfg-path', '/tmp/tmpkg4pl43r', '--error-file', '/tmp/tmput0p4jzi']
[2026-07-22 19:19:40,105] {standard_task_runner.py:77} INFO - Job 19: Subtask fetch_leagues
[2026-07-22 19:19:40,263] {logging_mixin.py:109} INFO - Running <TaskInstance: refresh_metadata.fetch_leagues manual__2026-07-22T19:19:03.689526+00:00 [running]> on host 5b31c92eef6c
[2026-07-22 19:19:40,356] {taskinstance.py:1431} INFO - Exporting the following env vars:
AIRFLOW_CTX_DAG_OWNER=***
AIRFLOW_CTX_DAG_ID=refresh_metadata
AIRFLOW_CTX_TASK_ID=fetch_leagues
AIRFLOW_CTX_EXECUTION_DATE=2026-07-22T19:19:03.689526+00:00
AIRFLOW_CTX_DAG_RUN_ID=manual__2026-07-22T19:19:03.689526+00:00
[2026-07-22 19:20:01,489] {python.py:175} INFO - Done. Returned value was: None
[2026-07-22 19:20:01,507] {taskinstance.py:1282} INFO - Marking task as SUCCESS. dag_id=refresh_metadata, task_id=fetch_leagues, execution_date=20260722T191903, start_date=20260722T191940, end_date=20260722T192001
[2026-07-22 19:20:01,560] {local_task_job.py:154} INFO - Task exited with return code 0
[2026-07-22 19:20:01,611] {local_task_job.py:264} INFO - 1 downstream tasks scheduled from follow-on schedule check
