[2026-07-23 16:55:18,663] {taskinstance.py:1037} INFO - Dependencies all met for <TaskInstance: refresh_metadata.fetch_leagues manual__2026-07-23T16:54:52.246787+00:00 [queued]>
[2026-07-23 16:55:18,690] {taskinstance.py:1037} INFO - Dependencies all met for <TaskInstance: refresh_metadata.fetch_leagues manual__2026-07-23T16:54:52.246787+00:00 [queued]>
[2026-07-23 16:55:18,692] {taskinstance.py:1243} INFO - 
--------------------------------------------------------------------------------
[2026-07-23 16:55:18,693] {taskinstance.py:1244} INFO - Starting attempt 1 of 6
[2026-07-23 16:55:18,695] {taskinstance.py:1245} INFO - 
--------------------------------------------------------------------------------
[2026-07-23 16:55:18,717] {taskinstance.py:1264} INFO - Executing <Task(PythonOperator): fetch_leagues> on 2026-07-23 16:54:52.246787+00:00
[2026-07-23 16:55:18,736] {standard_task_runner.py:52} INFO - Started process 129 to run task
[2026-07-23 16:55:18,742] {standard_task_runner.py:76} INFO - Running: ['***', 'tasks', 'run', 'refresh_metadata', 'fetch_leagues', 'manual__2026-07-23T16:54:52.246787+00:00', '--job-id', '64', '--raw', '--subdir', 'DAGS_FOLDER/dag_refresh_metadata.py', '--cfg-path', '/tmp/tmpxc4nybe3', '--error-file', '/tmp/tmpy79i8sl1']
[2026-07-23 16:55:18,745] {standard_task_runner.py:77} INFO - Job 64: Subtask fetch_leagues
[2026-07-23 16:55:18,897] {logging_mixin.py:109} INFO - Running <TaskInstance: refresh_metadata.fetch_leagues manual__2026-07-23T16:54:52.246787+00:00 [running]> on host 3ef60a4e8228
[2026-07-23 16:55:18,979] {taskinstance.py:1431} INFO - Exporting the following env vars:
AIRFLOW_CTX_DAG_OWNER=***
AIRFLOW_CTX_DAG_ID=refresh_metadata
AIRFLOW_CTX_TASK_ID=fetch_leagues
AIRFLOW_CTX_EXECUTION_DATE=2026-07-23T16:54:52.246787+00:00
AIRFLOW_CTX_DAG_RUN_ID=manual__2026-07-23T16:54:52.246787+00:00
[2026-07-23 16:55:34,126] {python.py:175} INFO - Done. Returned value was: None
[2026-07-23 16:55:34,142] {taskinstance.py:1282} INFO - Marking task as SUCCESS. dag_id=refresh_metadata, task_id=fetch_leagues, execution_date=20260723T165452, start_date=20260723T165518, end_date=20260723T165534
[2026-07-23 16:55:34,201] {local_task_job.py:154} INFO - Task exited with return code 0
[2026-07-23 16:55:34,251] {local_task_job.py:264} INFO - 1 downstream tasks scheduled from follow-on schedule check
