[2026-07-23 12:56:20,414] {taskinstance.py:1037} INFO - Dependencies all met for <TaskInstance: refresh_metadata.fetch_seasons manual__2026-07-23T12:55:33.073342+00:00 [queued]>
[2026-07-23 12:56:20,429] {taskinstance.py:1037} INFO - Dependencies all met for <TaskInstance: refresh_metadata.fetch_seasons manual__2026-07-23T12:55:33.073342+00:00 [queued]>
[2026-07-23 12:56:20,430] {taskinstance.py:1243} INFO - 
--------------------------------------------------------------------------------
[2026-07-23 12:56:20,432] {taskinstance.py:1244} INFO - Starting attempt 1 of 6
[2026-07-23 12:56:20,433] {taskinstance.py:1245} INFO - 
--------------------------------------------------------------------------------
[2026-07-23 12:56:20,453] {taskinstance.py:1264} INFO - Executing <Task(PythonOperator): fetch_seasons> on 2026-07-23 12:55:33.073342+00:00
[2026-07-23 12:56:20,464] {standard_task_runner.py:52} INFO - Started process 399 to run task
[2026-07-23 12:56:20,468] {standard_task_runner.py:76} INFO - Running: ['***', 'tasks', 'run', 'refresh_metadata', 'fetch_seasons', 'manual__2026-07-23T12:55:33.073342+00:00', '--job-id', '56', '--raw', '--subdir', 'DAGS_FOLDER/dag_refresh_metadata.py', '--cfg-path', '/tmp/tmpd99b7jbv', '--error-file', '/tmp/tmpp830orbn']
[2026-07-23 12:56:20,470] {standard_task_runner.py:77} INFO - Job 56: Subtask fetch_seasons
[2026-07-23 12:56:20,557] {logging_mixin.py:109} INFO - Running <TaskInstance: refresh_metadata.fetch_seasons manual__2026-07-23T12:55:33.073342+00:00 [running]> on host 31a76f83581f
[2026-07-23 12:56:20,619] {taskinstance.py:1431} INFO - Exporting the following env vars:
AIRFLOW_CTX_DAG_OWNER=***
AIRFLOW_CTX_DAG_ID=refresh_metadata
AIRFLOW_CTX_TASK_ID=fetch_seasons
AIRFLOW_CTX_EXECUTION_DATE=2026-07-23T12:55:33.073342+00:00
AIRFLOW_CTX_DAG_RUN_ID=manual__2026-07-23T12:55:33.073342+00:00
[2026-07-23 13:03:00,847] {python.py:175} INFO - Done. Returned value was: None
[2026-07-23 13:03:00,892] {taskinstance.py:1282} INFO - Marking task as SUCCESS. dag_id=refresh_metadata, task_id=fetch_seasons, execution_date=20260723T125533, start_date=20260723T125620, end_date=20260723T130300
[2026-07-23 13:03:00,938] {local_task_job.py:154} INFO - Task exited with return code 0
[2026-07-23 13:03:00,997] {local_task_job.py:264} INFO - 1 downstream tasks scheduled from follow-on schedule check
