[2026-08-13T13:24:33.355+0000] {processor.py:161} INFO - Started process (PID=129) to work on /home/airflow/.local/lib/python3.12/site-packages/airflow/example_dags/example_trigger_target_dag.py
[2026-08-13T13:24:33.359+0000] {processor.py:830} INFO - Processing file /home/airflow/.local/lib/python3.12/site-packages/airflow/example_dags/example_trigger_target_dag.py for tasks to queue
[2026-08-13T13:24:33.366+0000] {logging_mixin.py:188} INFO - [2026-08-13T13:24:33.364+0000] {dagbag.py:545} INFO - Filling up the DagBag from /home/airflow/.local/lib/python3.12/site-packages/airflow/example_dags/example_trigger_target_dag.py
[2026-08-13T13:24:33.386+0000] {processor.py:840} INFO - DAG(s) 'example_trigger_target_dag' retrieved from /home/airflow/.local/lib/python3.12/site-packages/airflow/example_dags/example_trigger_target_dag.py
[2026-08-13T13:24:33.637+0000] {logging_mixin.py:188} INFO - [2026-08-13T13:24:33.636+0000] {dag.py:3089} INFO - Sync 1 DAGs
[2026-08-13T13:24:33.664+0000] {logging_mixin.py:188} INFO - [2026-08-13T13:24:33.664+0000] {dag.py:3947} INFO - Setting next_dagrun for example_trigger_target_dag to None, run_after=None
[2026-08-13T13:24:33.716+0000] {processor.py:183} INFO - Processing /home/airflow/.local/lib/python3.12/site-packages/airflow/example_dags/example_trigger_target_dag.py took 0.376 seconds
[2026-08-13T13:25:06.485+0000] {processor.py:161} INFO - Started process (PID=201) to work on /home/airflow/.local/lib/python3.12/site-packages/airflow/example_dags/example_trigger_target_dag.py
[2026-08-13T13:25:06.494+0000] {processor.py:830} INFO - Processing file /home/airflow/.local/lib/python3.12/site-packages/airflow/example_dags/example_trigger_target_dag.py for tasks to queue
[2026-08-13T13:25:06.521+0000] {logging_mixin.py:188} INFO - [2026-08-13T13:25:06.514+0000] {dagbag.py:545} INFO - Filling up the DagBag from /home/airflow/.local/lib/python3.12/site-packages/airflow/example_dags/example_trigger_target_dag.py
[2026-08-13T13:25:06.609+0000] {processor.py:840} INFO - DAG(s) 'example_trigger_target_dag' retrieved from /home/airflow/.local/lib/python3.12/site-packages/airflow/example_dags/example_trigger_target_dag.py
[2026-08-13T13:25:06.719+0000] {logging_mixin.py:188} INFO - [2026-08-13T13:25:06.718+0000] {dag.py:3089} INFO - Sync 1 DAGs
[2026-08-13T13:25:06.883+0000] {logging_mixin.py:188} INFO - [2026-08-13T13:25:06.882+0000] {dag.py:3947} INFO - Setting next_dagrun for example_trigger_target_dag to None, run_after=None
[2026-08-13T13:25:07.046+0000] {processor.py:183} INFO - Processing /home/airflow/.local/lib/python3.12/site-packages/airflow/example_dags/example_trigger_target_dag.py took 0.581 seconds
[2026-08-13T13:25:56.259+0000] {processor.py:161} INFO - Started process (PID=274) to work on /home/airflow/.local/lib/python3.12/site-packages/airflow/example_dags/example_trigger_target_dag.py
[2026-08-13T13:25:56.263+0000] {processor.py:830} INFO - Processing file /home/airflow/.local/lib/python3.12/site-packages/airflow/example_dags/example_trigger_target_dag.py for tasks to queue
[2026-08-13T13:25:56.272+0000] {logging_mixin.py:188} INFO - [2026-08-13T13:25:56.271+0000] {dagbag.py:545} INFO - Filling up the DagBag from /home/airflow/.local/lib/python3.12/site-packages/airflow/example_dags/example_trigger_target_dag.py
[2026-08-13T13:25:56.307+0000] {processor.py:840} INFO - DAG(s) 'example_trigger_target_dag' retrieved from /home/airflow/.local/lib/python3.12/site-packages/airflow/example_dags/example_trigger_target_dag.py
[2026-08-13T13:25:56.401+0000] {logging_mixin.py:188} INFO - [2026-08-13T13:25:56.397+0000] {dag.py:3089} INFO - Sync 1 DAGs
[2026-08-13T13:25:56.463+0000] {logging_mixin.py:188} INFO - [2026-08-13T13:25:56.462+0000] {dag.py:3947} INFO - Setting next_dagrun for example_trigger_target_dag to None, run_after=None
[2026-08-13T13:25:56.532+0000] {processor.py:183} INFO - Processing /home/airflow/.local/lib/python3.12/site-packages/airflow/example_dags/example_trigger_target_dag.py took 0.291 seconds
[2026-08-13T13:26:30.463+0000] {processor.py:161} INFO - Started process (PID=347) to work on /home/airflow/.local/lib/python3.12/site-packages/airflow/example_dags/example_trigger_target_dag.py
[2026-08-13T13:26:30.468+0000] {processor.py:830} INFO - Processing file /home/airflow/.local/lib/python3.12/site-packages/airflow/example_dags/example_trigger_target_dag.py for tasks to queue
[2026-08-13T13:26:30.477+0000] {logging_mixin.py:188} INFO - [2026-08-13T13:26:30.476+0000] {dagbag.py:545} INFO - Filling up the DagBag from /home/airflow/.local/lib/python3.12/site-packages/airflow/example_dags/example_trigger_target_dag.py
[2026-08-13T13:26:30.501+0000] {processor.py:840} INFO - DAG(s) 'example_trigger_target_dag' retrieved from /home/airflow/.local/lib/python3.12/site-packages/airflow/example_dags/example_trigger_target_dag.py
[2026-08-13T13:26:30.558+0000] {logging_mixin.py:188} INFO - [2026-08-13T13:26:30.557+0000] {dag.py:3089} INFO - Sync 1 DAGs
[2026-08-13T13:26:30.630+0000] {logging_mixin.py:188} INFO - [2026-08-13T13:26:30.629+0000] {dag.py:3947} INFO - Setting next_dagrun for example_trigger_target_dag to None, run_after=None
[2026-08-13T13:26:30.710+0000] {processor.py:183} INFO - Processing /home/airflow/.local/lib/python3.12/site-packages/airflow/example_dags/example_trigger_target_dag.py took 0.323 seconds
[2026-08-13T13:27:01.333+0000] {processor.py:161} INFO - Started process (PID=414) to work on /home/airflow/.local/lib/python3.12/site-packages/airflow/example_dags/example_trigger_target_dag.py
[2026-08-13T13:27:01.337+0000] {processor.py:830} INFO - Processing file /home/airflow/.local/lib/python3.12/site-packages/airflow/example_dags/example_trigger_target_dag.py for tasks to queue
[2026-08-13T13:27:01.343+0000] {logging_mixin.py:188} INFO - [2026-08-13T13:27:01.342+0000] {dagbag.py:545} INFO - Filling up the DagBag from /home/airflow/.local/lib/python3.12/site-packages/airflow/example_dags/example_trigger_target_dag.py
[2026-08-13T13:27:01.359+0000] {processor.py:840} INFO - DAG(s) 'example_trigger_target_dag' retrieved from /home/airflow/.local/lib/python3.12/site-packages/airflow/example_dags/example_trigger_target_dag.py
[2026-08-13T13:27:01.407+0000] {logging_mixin.py:188} INFO - [2026-08-13T13:27:01.406+0000] {dag.py:3089} INFO - Sync 1 DAGs
[2026-08-13T13:27:01.492+0000] {logging_mixin.py:188} INFO - [2026-08-13T13:27:01.492+0000] {dag.py:3947} INFO - Setting next_dagrun for example_trigger_target_dag to None, run_after=None
[2026-08-13T13:27:01.553+0000] {processor.py:183} INFO - Processing /home/airflow/.local/lib/python3.12/site-packages/airflow/example_dags/example_trigger_target_dag.py took 0.234 seconds
[2026-08-13T13:27:32.311+0000] {processor.py:161} INFO - Started process (PID=486) to work on /home/airflow/.local/lib/python3.12/site-packages/airflow/example_dags/example_trigger_target_dag.py
[2026-08-13T13:27:32.314+0000] {processor.py:830} INFO - Processing file /home/airflow/.local/lib/python3.12/site-packages/airflow/example_dags/example_trigger_target_dag.py for tasks to queue
[2026-08-13T13:27:32.319+0000] {logging_mixin.py:188} INFO - [2026-08-13T13:27:32.319+0000] {dagbag.py:545} INFO - Filling up the DagBag from /home/airflow/.local/lib/python3.12/site-packages/airflow/example_dags/example_trigger_target_dag.py
[2026-08-13T13:27:32.332+0000] {processor.py:840} INFO - DAG(s) 'example_trigger_target_dag' retrieved from /home/airflow/.local/lib/python3.12/site-packages/airflow/example_dags/example_trigger_target_dag.py
[2026-08-13T13:27:32.384+0000] {logging_mixin.py:188} INFO - [2026-08-13T13:27:32.383+0000] {dag.py:3089} INFO - Sync 1 DAGs
[2026-08-13T13:27:32.411+0000] {logging_mixin.py:188} INFO - [2026-08-13T13:27:32.410+0000] {dag.py:3947} INFO - Setting next_dagrun for example_trigger_target_dag to None, run_after=None
[2026-08-13T13:27:32.453+0000] {processor.py:183} INFO - Processing /home/airflow/.local/lib/python3.12/site-packages/airflow/example_dags/example_trigger_target_dag.py took 0.152 seconds
[2026-08-13T13:28:03.319+0000] {processor.py:161} INFO - Started process (PID=558) to work on /home/airflow/.local/lib/python3.12/site-packages/airflow/example_dags/example_trigger_target_dag.py
[2026-08-13T13:28:03.323+0000] {processor.py:830} INFO - Processing file /home/airflow/.local/lib/python3.12/site-packages/airflow/example_dags/example_trigger_target_dag.py for tasks to queue
[2026-08-13T13:28:03.329+0000] {logging_mixin.py:188} INFO - [2026-08-13T13:28:03.328+0000] {dagbag.py:545} INFO - Filling up the DagBag from /home/airflow/.local/lib/python3.12/site-packages/airflow/example_dags/example_trigger_target_dag.py
[2026-08-13T13:28:03.345+0000] {processor.py:840} INFO - DAG(s) 'example_trigger_target_dag' retrieved from /home/airflow/.local/lib/python3.12/site-packages/airflow/example_dags/example_trigger_target_dag.py
[2026-08-13T13:28:03.391+0000] {logging_mixin.py:188} INFO - [2026-08-13T13:28:03.390+0000] {dag.py:3089} INFO - Sync 1 DAGs
[2026-08-13T13:28:03.425+0000] {logging_mixin.py:188} INFO - [2026-08-13T13:28:03.424+0000] {dag.py:3947} INFO - Setting next_dagrun for example_trigger_target_dag to None, run_after=None
[2026-08-13T13:28:03.475+0000] {processor.py:183} INFO - Processing /home/airflow/.local/lib/python3.12/site-packages/airflow/example_dags/example_trigger_target_dag.py took 0.177 seconds
[2026-08-13T13:28:34.152+0000] {processor.py:161} INFO - Started process (PID=630) to work on /home/airflow/.local/lib/python3.12/site-packages/airflow/example_dags/example_trigger_target_dag.py
[2026-08-13T13:28:34.156+0000] {processor.py:830} INFO - Processing file /home/airflow/.local/lib/python3.12/site-packages/airflow/example_dags/example_trigger_target_dag.py for tasks to queue
[2026-08-13T13:28:34.188+0000] {logging_mixin.py:188} INFO - [2026-08-13T13:28:34.187+0000] {dagbag.py:545} INFO - Filling up the DagBag from /home/airflow/.local/lib/python3.12/site-packages/airflow/example_dags/example_trigger_target_dag.py
[2026-08-13T13:28:34.250+0000] {processor.py:840} INFO - DAG(s) 'example_trigger_target_dag' retrieved from /home/airflow/.local/lib/python3.12/site-packages/airflow/example_dags/example_trigger_target_dag.py
[2026-08-13T13:28:34.325+0000] {logging_mixin.py:188} INFO - [2026-08-13T13:28:34.325+0000] {dag.py:3089} INFO - Sync 1 DAGs
[2026-08-13T13:28:34.374+0000] {logging_mixin.py:188} INFO - [2026-08-13T13:28:34.374+0000] {dag.py:3947} INFO - Setting next_dagrun for example_trigger_target_dag to None, run_after=None
[2026-08-13T13:28:34.438+0000] {processor.py:183} INFO - Processing /home/airflow/.local/lib/python3.12/site-packages/airflow/example_dags/example_trigger_target_dag.py took 0.313 seconds
[2026-08-13T13:29:04.936+0000] {processor.py:161} INFO - Started process (PID=696) to work on /home/airflow/.local/lib/python3.12/site-packages/airflow/example_dags/example_trigger_target_dag.py
[2026-08-13T13:29:04.938+0000] {processor.py:830} INFO - Processing file /home/airflow/.local/lib/python3.12/site-packages/airflow/example_dags/example_trigger_target_dag.py for tasks to queue
[2026-08-13T13:29:04.946+0000] {logging_mixin.py:188} INFO - [2026-08-13T13:29:04.945+0000] {dagbag.py:545} INFO - Filling up the DagBag from /home/airflow/.local/lib/python3.12/site-packages/airflow/example_dags/example_trigger_target_dag.py
[2026-08-13T13:29:04.959+0000] {processor.py:840} INFO - DAG(s) 'example_trigger_target_dag' retrieved from /home/airflow/.local/lib/python3.12/site-packages/airflow/example_dags/example_trigger_target_dag.py
[2026-08-13T13:29:05.000+0000] {logging_mixin.py:188} INFO - [2026-08-13T13:29:05.000+0000] {dag.py:3089} INFO - Sync 1 DAGs
[2026-08-13T13:29:05.036+0000] {logging_mixin.py:188} INFO - [2026-08-13T13:29:05.036+0000] {dag.py:3947} INFO - Setting next_dagrun for example_trigger_target_dag to None, run_after=None
[2026-08-13T13:29:05.098+0000] {processor.py:183} INFO - Processing /home/airflow/.local/lib/python3.12/site-packages/airflow/example_dags/example_trigger_target_dag.py took 0.178 seconds
[2026-08-13T13:29:37.011+0000] {processor.py:161} INFO - Started process (PID=770) to work on /home/airflow/.local/lib/python3.12/site-packages/airflow/example_dags/example_trigger_target_dag.py
[2026-08-13T13:29:37.013+0000] {processor.py:830} INFO - Processing file /home/airflow/.local/lib/python3.12/site-packages/airflow/example_dags/example_trigger_target_dag.py for tasks to queue
[2026-08-13T13:29:37.019+0000] {logging_mixin.py:188} INFO - [2026-08-13T13:29:37.018+0000] {dagbag.py:545} INFO - Filling up the DagBag from /home/airflow/.local/lib/python3.12/site-packages/airflow/example_dags/example_trigger_target_dag.py
[2026-08-13T13:29:37.033+0000] {processor.py:840} INFO - DAG(s) 'example_trigger_target_dag' retrieved from /home/airflow/.local/lib/python3.12/site-packages/airflow/example_dags/example_trigger_target_dag.py
[2026-08-13T13:29:37.090+0000] {logging_mixin.py:188} INFO - [2026-08-13T13:29:37.089+0000] {dag.py:3089} INFO - Sync 1 DAGs
[2026-08-13T13:29:37.122+0000] {logging_mixin.py:188} INFO - [2026-08-13T13:29:37.122+0000] {dag.py:3947} INFO - Setting next_dagrun for example_trigger_target_dag to None, run_after=None
[2026-08-13T13:29:37.175+0000] {processor.py:183} INFO - Processing /home/airflow/.local/lib/python3.12/site-packages/airflow/example_dags/example_trigger_target_dag.py took 0.176 seconds
[2026-08-13T13:30:12.206+0000] {processor.py:161} INFO - Started process (PID=844) to work on /home/airflow/.local/lib/python3.12/site-packages/airflow/example_dags/example_trigger_target_dag.py
[2026-08-13T13:30:12.209+0000] {processor.py:830} INFO - Processing file /home/airflow/.local/lib/python3.12/site-packages/airflow/example_dags/example_trigger_target_dag.py for tasks to queue
[2026-08-13T13:30:12.215+0000] {logging_mixin.py:188} INFO - [2026-08-13T13:30:12.214+0000] {dagbag.py:545} INFO - Filling up the DagBag from /home/airflow/.local/lib/python3.12/site-packages/airflow/example_dags/example_trigger_target_dag.py
[2026-08-13T13:30:12.231+0000] {processor.py:840} INFO - DAG(s) 'example_trigger_target_dag' retrieved from /home/airflow/.local/lib/python3.12/site-packages/airflow/example_dags/example_trigger_target_dag.py
[2026-08-13T13:30:12.315+0000] {logging_mixin.py:188} INFO - [2026-08-13T13:30:12.314+0000] {dag.py:3089} INFO - Sync 1 DAGs
[2026-08-13T13:30:12.435+0000] {logging_mixin.py:188} INFO - [2026-08-13T13:30:12.434+0000] {dag.py:3947} INFO - Setting next_dagrun for example_trigger_target_dag to None, run_after=None
[2026-08-13T13:30:12.510+0000] {processor.py:183} INFO - Processing /home/airflow/.local/lib/python3.12/site-packages/airflow/example_dags/example_trigger_target_dag.py took 0.317 seconds
[2026-08-13T13:30:44.306+0000] {processor.py:161} INFO - Started process (PID=917) to work on /home/airflow/.local/lib/python3.12/site-packages/airflow/example_dags/example_trigger_target_dag.py
[2026-08-13T13:30:44.308+0000] {processor.py:830} INFO - Processing file /home/airflow/.local/lib/python3.12/site-packages/airflow/example_dags/example_trigger_target_dag.py for tasks to queue
[2026-08-13T13:30:44.313+0000] {logging_mixin.py:188} INFO - [2026-08-13T13:30:44.312+0000] {dagbag.py:545} INFO - Filling up the DagBag from /home/airflow/.local/lib/python3.12/site-packages/airflow/example_dags/example_trigger_target_dag.py
[2026-08-13T13:30:44.327+0000] {processor.py:840} INFO - DAG(s) 'example_trigger_target_dag' retrieved from /home/airflow/.local/lib/python3.12/site-packages/airflow/example_dags/example_trigger_target_dag.py
[2026-08-13T13:30:44.370+0000] {logging_mixin.py:188} INFO - [2026-08-13T13:30:44.370+0000] {dag.py:3089} INFO - Sync 1 DAGs
[2026-08-13T13:30:44.400+0000] {logging_mixin.py:188} INFO - [2026-08-13T13:30:44.399+0000] {dag.py:3947} INFO - Setting next_dagrun for example_trigger_target_dag to None, run_after=None
[2026-08-13T13:30:44.447+0000] {processor.py:183} INFO - Processing /home/airflow/.local/lib/python3.12/site-packages/airflow/example_dags/example_trigger_target_dag.py took 0.151 seconds
[2026-08-13T13:31:16.273+0000] {processor.py:161} INFO - Started process (PID=990) to work on /home/airflow/.local/lib/python3.12/site-packages/airflow/example_dags/example_trigger_target_dag.py
[2026-08-13T13:31:16.277+0000] {processor.py:830} INFO - Processing file /home/airflow/.local/lib/python3.12/site-packages/airflow/example_dags/example_trigger_target_dag.py for tasks to queue
[2026-08-13T13:31:16.289+0000] {logging_mixin.py:188} INFO - [2026-08-13T13:31:16.288+0000] {dagbag.py:545} INFO - Filling up the DagBag from /home/airflow/.local/lib/python3.12/site-packages/airflow/example_dags/example_trigger_target_dag.py
[2026-08-13T13:31:16.322+0000] {processor.py:840} INFO - DAG(s) 'example_trigger_target_dag' retrieved from /home/airflow/.local/lib/python3.12/site-packages/airflow/example_dags/example_trigger_target_dag.py
[2026-08-13T13:31:16.389+0000] {logging_mixin.py:188} INFO - [2026-08-13T13:31:16.389+0000] {dag.py:3089} INFO - Sync 1 DAGs
[2026-08-13T13:31:16.467+0000] {logging_mixin.py:188} INFO - [2026-08-13T13:31:16.467+0000] {dag.py:3947} INFO - Setting next_dagrun for example_trigger_target_dag to None, run_after=None
[2026-08-13T13:31:16.574+0000] {processor.py:183} INFO - Processing /home/airflow/.local/lib/python3.12/site-packages/airflow/example_dags/example_trigger_target_dag.py took 0.320 seconds
[2026-08-13T13:31:48.240+0000] {processor.py:161} INFO - Started process (PID=1064) to work on /home/airflow/.local/lib/python3.12/site-packages/airflow/example_dags/example_trigger_target_dag.py
[2026-08-13T13:31:48.249+0000] {processor.py:830} INFO - Processing file /home/airflow/.local/lib/python3.12/site-packages/airflow/example_dags/example_trigger_target_dag.py for tasks to queue
[2026-08-13T13:31:48.256+0000] {logging_mixin.py:188} INFO - [2026-08-13T13:31:48.255+0000] {dagbag.py:545} INFO - Filling up the DagBag from /home/airflow/.local/lib/python3.12/site-packages/airflow/example_dags/example_trigger_target_dag.py
[2026-08-13T13:31:48.290+0000] {processor.py:840} INFO - DAG(s) 'example_trigger_target_dag' retrieved from /home/airflow/.local/lib/python3.12/site-packages/airflow/example_dags/example_trigger_target_dag.py
[2026-08-13T13:31:48.372+0000] {logging_mixin.py:188} INFO - [2026-08-13T13:31:48.371+0000] {dag.py:3089} INFO - Sync 1 DAGs
[2026-08-13T13:31:48.417+0000] {logging_mixin.py:188} INFO - [2026-08-13T13:31:48.417+0000] {dag.py:3947} INFO - Setting next_dagrun for example_trigger_target_dag to None, run_after=None
[2026-08-13T13:31:48.485+0000] {processor.py:183} INFO - Processing /home/airflow/.local/lib/python3.12/site-packages/airflow/example_dags/example_trigger_target_dag.py took 0.317 seconds
[2026-08-13T13:32:19.559+0000] {processor.py:161} INFO - Started process (PID=1137) to work on /home/airflow/.local/lib/python3.12/site-packages/airflow/example_dags/example_trigger_target_dag.py
[2026-08-13T13:32:19.563+0000] {processor.py:830} INFO - Processing file /home/airflow/.local/lib/python3.12/site-packages/airflow/example_dags/example_trigger_target_dag.py for tasks to queue
[2026-08-13T13:32:19.571+0000] {logging_mixin.py:188} INFO - [2026-08-13T13:32:19.570+0000] {dagbag.py:545} INFO - Filling up the DagBag from /home/airflow/.local/lib/python3.12/site-packages/airflow/example_dags/example_trigger_target_dag.py
[2026-08-13T13:32:19.593+0000] {processor.py:840} INFO - DAG(s) 'example_trigger_target_dag' retrieved from /home/airflow/.local/lib/python3.12/site-packages/airflow/example_dags/example_trigger_target_dag.py
[2026-08-13T13:32:19.670+0000] {logging_mixin.py:188} INFO - [2026-08-13T13:32:19.670+0000] {dag.py:3089} INFO - Sync 1 DAGs
[2026-08-13T13:32:19.708+0000] {logging_mixin.py:188} INFO - [2026-08-13T13:32:19.707+0000] {dag.py:3947} INFO - Setting next_dagrun for example_trigger_target_dag to None, run_after=None
[2026-08-13T13:32:19.803+0000] {processor.py:183} INFO - Processing /home/airflow/.local/lib/python3.12/site-packages/airflow/example_dags/example_trigger_target_dag.py took 0.269 seconds
[2026-08-13T13:32:54.594+0000] {processor.py:161} INFO - Started process (PID=1211) to work on /home/airflow/.local/lib/python3.12/site-packages/airflow/example_dags/example_trigger_target_dag.py
[2026-08-13T13:32:54.597+0000] {processor.py:830} INFO - Processing file /home/airflow/.local/lib/python3.12/site-packages/airflow/example_dags/example_trigger_target_dag.py for tasks to queue
[2026-08-13T13:32:54.604+0000] {logging_mixin.py:188} INFO - [2026-08-13T13:32:54.603+0000] {dagbag.py:545} INFO - Filling up the DagBag from /home/airflow/.local/lib/python3.12/site-packages/airflow/example_dags/example_trigger_target_dag.py
[2026-08-13T13:32:54.628+0000] {processor.py:840} INFO - DAG(s) 'example_trigger_target_dag' retrieved from /home/airflow/.local/lib/python3.12/site-packages/airflow/example_dags/example_trigger_target_dag.py
[2026-08-13T13:32:54.676+0000] {logging_mixin.py:188} INFO - [2026-08-13T13:32:54.676+0000] {dag.py:3089} INFO - Sync 1 DAGs
[2026-08-13T13:32:54.717+0000] {logging_mixin.py:188} INFO - [2026-08-13T13:32:54.716+0000] {dag.py:3947} INFO - Setting next_dagrun for example_trigger_target_dag to None, run_after=None
[2026-08-13T13:32:54.768+0000] {processor.py:183} INFO - Processing /home/airflow/.local/lib/python3.12/site-packages/airflow/example_dags/example_trigger_target_dag.py took 0.185 seconds
[2026-08-13T13:33:25.455+0000] {processor.py:161} INFO - Started process (PID=1277) to work on /home/airflow/.local/lib/python3.12/site-packages/airflow/example_dags/example_trigger_target_dag.py
[2026-08-13T13:33:25.459+0000] {processor.py:830} INFO - Processing file /home/airflow/.local/lib/python3.12/site-packages/airflow/example_dags/example_trigger_target_dag.py for tasks to queue
[2026-08-13T13:33:25.466+0000] {logging_mixin.py:188} INFO - [2026-08-13T13:33:25.465+0000] {dagbag.py:545} INFO - Filling up the DagBag from /home/airflow/.local/lib/python3.12/site-packages/airflow/example_dags/example_trigger_target_dag.py
[2026-08-13T13:33:25.485+0000] {processor.py:840} INFO - DAG(s) 'example_trigger_target_dag' retrieved from /home/airflow/.local/lib/python3.12/site-packages/airflow/example_dags/example_trigger_target_dag.py
[2026-08-13T13:33:25.541+0000] {logging_mixin.py:188} INFO - [2026-08-13T13:33:25.541+0000] {dag.py:3089} INFO - Sync 1 DAGs
[2026-08-13T13:33:25.586+0000] {logging_mixin.py:188} INFO - [2026-08-13T13:33:25.586+0000] {dag.py:3947} INFO - Setting next_dagrun for example_trigger_target_dag to None, run_after=None
[2026-08-13T13:33:25.645+0000] {processor.py:183} INFO - Processing /home/airflow/.local/lib/python3.12/site-packages/airflow/example_dags/example_trigger_target_dag.py took 0.204 seconds
[2026-08-13T13:34:02.684+0000] {processor.py:161} INFO - Started process (PID=1358) to work on /home/airflow/.local/lib/python3.12/site-packages/airflow/example_dags/example_trigger_target_dag.py
[2026-08-13T13:34:02.689+0000] {processor.py:830} INFO - Processing file /home/airflow/.local/lib/python3.12/site-packages/airflow/example_dags/example_trigger_target_dag.py for tasks to queue
[2026-08-13T13:34:02.696+0000] {logging_mixin.py:188} INFO - [2026-08-13T13:34:02.695+0000] {dagbag.py:545} INFO - Filling up the DagBag from /home/airflow/.local/lib/python3.12/site-packages/airflow/example_dags/example_trigger_target_dag.py
[2026-08-13T13:34:02.730+0000] {processor.py:840} INFO - DAG(s) 'example_trigger_target_dag' retrieved from /home/airflow/.local/lib/python3.12/site-packages/airflow/example_dags/example_trigger_target_dag.py
[2026-08-13T13:34:02.808+0000] {logging_mixin.py:188} INFO - [2026-08-13T13:34:02.808+0000] {dag.py:3089} INFO - Sync 1 DAGs
[2026-08-13T13:34:02.839+0000] {logging_mixin.py:188} INFO - [2026-08-13T13:34:02.838+0000] {dag.py:3947} INFO - Setting next_dagrun for example_trigger_target_dag to None, run_after=None
[2026-08-13T13:34:02.895+0000] {processor.py:183} INFO - Processing /home/airflow/.local/lib/python3.12/site-packages/airflow/example_dags/example_trigger_target_dag.py took 0.233 seconds
[2026-08-13T13:34:33.828+0000] {processor.py:161} INFO - Started process (PID=1431) to work on /home/airflow/.local/lib/python3.12/site-packages/airflow/example_dags/example_trigger_target_dag.py
[2026-08-13T13:34:33.838+0000] {processor.py:830} INFO - Processing file /home/airflow/.local/lib/python3.12/site-packages/airflow/example_dags/example_trigger_target_dag.py for tasks to queue
[2026-08-13T13:34:33.856+0000] {logging_mixin.py:188} INFO - [2026-08-13T13:34:33.854+0000] {dagbag.py:545} INFO - Filling up the DagBag from /home/airflow/.local/lib/python3.12/site-packages/airflow/example_dags/example_trigger_target_dag.py
[2026-08-13T13:34:33.903+0000] {processor.py:840} INFO - DAG(s) 'example_trigger_target_dag' retrieved from /home/airflow/.local/lib/python3.12/site-packages/airflow/example_dags/example_trigger_target_dag.py
[2026-08-13T13:34:33.987+0000] {logging_mixin.py:188} INFO - [2026-08-13T13:34:33.986+0000] {dag.py:3089} INFO - Sync 1 DAGs
[2026-08-13T13:34:34.025+0000] {logging_mixin.py:188} INFO - [2026-08-13T13:34:34.024+0000] {dag.py:3947} INFO - Setting next_dagrun for example_trigger_target_dag to None, run_after=None
[2026-08-13T13:34:34.090+0000] {processor.py:183} INFO - Processing /home/airflow/.local/lib/python3.12/site-packages/airflow/example_dags/example_trigger_target_dag.py took 0.283 seconds
[2026-08-13T13:35:04.512+0000] {processor.py:161} INFO - Started process (PID=1498) to work on /home/airflow/.local/lib/python3.12/site-packages/airflow/example_dags/example_trigger_target_dag.py
[2026-08-13T13:35:04.515+0000] {processor.py:830} INFO - Processing file /home/airflow/.local/lib/python3.12/site-packages/airflow/example_dags/example_trigger_target_dag.py for tasks to queue
[2026-08-13T13:35:04.522+0000] {logging_mixin.py:188} INFO - [2026-08-13T13:35:04.521+0000] {dagbag.py:545} INFO - Filling up the DagBag from /home/airflow/.local/lib/python3.12/site-packages/airflow/example_dags/example_trigger_target_dag.py
[2026-08-13T13:35:04.541+0000] {processor.py:840} INFO - DAG(s) 'example_trigger_target_dag' retrieved from /home/airflow/.local/lib/python3.12/site-packages/airflow/example_dags/example_trigger_target_dag.py
[2026-08-13T13:35:04.592+0000] {logging_mixin.py:188} INFO - [2026-08-13T13:35:04.592+0000] {dag.py:3089} INFO - Sync 1 DAGs
[2026-08-13T13:35:04.629+0000] {logging_mixin.py:188} INFO - [2026-08-13T13:35:04.628+0000] {dag.py:3947} INFO - Setting next_dagrun for example_trigger_target_dag to None, run_after=None
[2026-08-13T13:35:04.691+0000] {processor.py:183} INFO - Processing /home/airflow/.local/lib/python3.12/site-packages/airflow/example_dags/example_trigger_target_dag.py took 0.191 seconds
[2026-08-13T13:35:37.316+0000] {processor.py:161} INFO - Started process (PID=1571) to work on /home/airflow/.local/lib/python3.12/site-packages/airflow/example_dags/example_trigger_target_dag.py
[2026-08-13T13:35:37.320+0000] {processor.py:830} INFO - Processing file /home/airflow/.local/lib/python3.12/site-packages/airflow/example_dags/example_trigger_target_dag.py for tasks to queue
[2026-08-13T13:35:37.326+0000] {logging_mixin.py:188} INFO - [2026-08-13T13:35:37.325+0000] {dagbag.py:545} INFO - Filling up the DagBag from /home/airflow/.local/lib/python3.12/site-packages/airflow/example_dags/example_trigger_target_dag.py
[2026-08-13T13:35:37.342+0000] {processor.py:840} INFO - DAG(s) 'example_trigger_target_dag' retrieved from /home/airflow/.local/lib/python3.12/site-packages/airflow/example_dags/example_trigger_target_dag.py
[2026-08-13T13:35:37.402+0000] {logging_mixin.py:188} INFO - [2026-08-13T13:35:37.401+0000] {dag.py:3089} INFO - Sync 1 DAGs
[2026-08-13T13:35:37.438+0000] {logging_mixin.py:188} INFO - [2026-08-13T13:35:37.437+0000] {dag.py:3947} INFO - Setting next_dagrun for example_trigger_target_dag to None, run_after=None
[2026-08-13T13:35:37.504+0000] {processor.py:183} INFO - Processing /home/airflow/.local/lib/python3.12/site-packages/airflow/example_dags/example_trigger_target_dag.py took 0.206 seconds
[2026-08-13T13:36:10.727+0000] {processor.py:161} INFO - Started process (PID=1644) to work on /home/airflow/.local/lib/python3.12/site-packages/airflow/example_dags/example_trigger_target_dag.py
[2026-08-13T13:36:10.730+0000] {processor.py:830} INFO - Processing file /home/airflow/.local/lib/python3.12/site-packages/airflow/example_dags/example_trigger_target_dag.py for tasks to queue
[2026-08-13T13:36:10.737+0000] {logging_mixin.py:188} INFO - [2026-08-13T13:36:10.736+0000] {dagbag.py:545} INFO - Filling up the DagBag from /home/airflow/.local/lib/python3.12/site-packages/airflow/example_dags/example_trigger_target_dag.py
[2026-08-13T13:36:10.752+0000] {processor.py:840} INFO - DAG(s) 'example_trigger_target_dag' retrieved from /home/airflow/.local/lib/python3.12/site-packages/airflow/example_dags/example_trigger_target_dag.py
[2026-08-13T13:36:10.805+0000] {logging_mixin.py:188} INFO - [2026-08-13T13:36:10.804+0000] {dag.py:3089} INFO - Sync 1 DAGs
[2026-08-13T13:36:10.857+0000] {logging_mixin.py:188} INFO - [2026-08-13T13:36:10.857+0000] {dag.py:3947} INFO - Setting next_dagrun for example_trigger_target_dag to None, run_after=None
[2026-08-13T13:36:10.919+0000] {processor.py:183} INFO - Processing /home/airflow/.local/lib/python3.12/site-packages/airflow/example_dags/example_trigger_target_dag.py took 0.206 seconds
[2026-08-13T13:36:43.186+0000] {processor.py:161} INFO - Started process (PID=1717) to work on /home/airflow/.local/lib/python3.12/site-packages/airflow/example_dags/example_trigger_target_dag.py
[2026-08-13T13:36:43.189+0000] {processor.py:830} INFO - Processing file /home/airflow/.local/lib/python3.12/site-packages/airflow/example_dags/example_trigger_target_dag.py for tasks to queue
[2026-08-13T13:36:43.197+0000] {logging_mixin.py:188} INFO - [2026-08-13T13:36:43.195+0000] {dagbag.py:545} INFO - Filling up the DagBag from /home/airflow/.local/lib/python3.12/site-packages/airflow/example_dags/example_trigger_target_dag.py
[2026-08-13T13:36:43.215+0000] {processor.py:840} INFO - DAG(s) 'example_trigger_target_dag' retrieved from /home/airflow/.local/lib/python3.12/site-packages/airflow/example_dags/example_trigger_target_dag.py
[2026-08-13T13:36:43.294+0000] {logging_mixin.py:188} INFO - [2026-08-13T13:36:43.293+0000] {dag.py:3089} INFO - Sync 1 DAGs
[2026-08-13T13:36:43.342+0000] {logging_mixin.py:188} INFO - [2026-08-13T13:36:43.341+0000] {dag.py:3947} INFO - Setting next_dagrun for example_trigger_target_dag to None, run_after=None
[2026-08-13T13:36:43.410+0000] {processor.py:183} INFO - Processing /home/airflow/.local/lib/python3.12/site-packages/airflow/example_dags/example_trigger_target_dag.py took 0.241 seconds
[2026-08-13T13:37:15.002+0000] {processor.py:161} INFO - Started process (PID=1790) to work on /home/airflow/.local/lib/python3.12/site-packages/airflow/example_dags/example_trigger_target_dag.py
[2026-08-13T13:37:15.016+0000] {processor.py:830} INFO - Processing file /home/airflow/.local/lib/python3.12/site-packages/airflow/example_dags/example_trigger_target_dag.py for tasks to queue
[2026-08-13T13:37:15.025+0000] {logging_mixin.py:188} INFO - [2026-08-13T13:37:15.024+0000] {dagbag.py:545} INFO - Filling up the DagBag from /home/airflow/.local/lib/python3.12/site-packages/airflow/example_dags/example_trigger_target_dag.py
[2026-08-13T13:37:15.052+0000] {processor.py:840} INFO - DAG(s) 'example_trigger_target_dag' retrieved from /home/airflow/.local/lib/python3.12/site-packages/airflow/example_dags/example_trigger_target_dag.py
[2026-08-13T13:37:15.110+0000] {logging_mixin.py:188} INFO - [2026-08-13T13:37:15.109+0000] {dag.py:3089} INFO - Sync 1 DAGs
[2026-08-13T13:37:15.156+0000] {logging_mixin.py:188} INFO - [2026-08-13T13:37:15.155+0000] {dag.py:3947} INFO - Setting next_dagrun for example_trigger_target_dag to None, run_after=None
[2026-08-13T13:37:15.219+0000] {processor.py:183} INFO - Processing /home/airflow/.local/lib/python3.12/site-packages/airflow/example_dags/example_trigger_target_dag.py took 0.240 seconds
[2026-08-13T13:37:47.669+0000] {processor.py:161} INFO - Started process (PID=1864) to work on /home/airflow/.local/lib/python3.12/site-packages/airflow/example_dags/example_trigger_target_dag.py
[2026-08-13T13:37:47.674+0000] {processor.py:830} INFO - Processing file /home/airflow/.local/lib/python3.12/site-packages/airflow/example_dags/example_trigger_target_dag.py for tasks to queue
[2026-08-13T13:37:47.679+0000] {logging_mixin.py:188} INFO - [2026-08-13T13:37:47.679+0000] {dagbag.py:545} INFO - Filling up the DagBag from /home/airflow/.local/lib/python3.12/site-packages/airflow/example_dags/example_trigger_target_dag.py
[2026-08-13T13:37:47.697+0000] {processor.py:840} INFO - DAG(s) 'example_trigger_target_dag' retrieved from /home/airflow/.local/lib/python3.12/site-packages/airflow/example_dags/example_trigger_target_dag.py
[2026-08-13T13:37:47.748+0000] {logging_mixin.py:188} INFO - [2026-08-13T13:37:47.747+0000] {dag.py:3089} INFO - Sync 1 DAGs
[2026-08-13T13:37:47.781+0000] {logging_mixin.py:188} INFO - [2026-08-13T13:37:47.780+0000] {dag.py:3947} INFO - Setting next_dagrun for example_trigger_target_dag to None, run_after=None
[2026-08-13T13:37:47.838+0000] {processor.py:183} INFO - Processing /home/airflow/.local/lib/python3.12/site-packages/airflow/example_dags/example_trigger_target_dag.py took 0.187 seconds
[2026-08-13T13:38:21.260+0000] {processor.py:161} INFO - Started process (PID=1938) to work on /home/airflow/.local/lib/python3.12/site-packages/airflow/example_dags/example_trigger_target_dag.py
[2026-08-13T13:38:21.264+0000] {processor.py:830} INFO - Processing file /home/airflow/.local/lib/python3.12/site-packages/airflow/example_dags/example_trigger_target_dag.py for tasks to queue
[2026-08-13T13:38:21.271+0000] {logging_mixin.py:188} INFO - [2026-08-13T13:38:21.270+0000] {dagbag.py:545} INFO - Filling up the DagBag from /home/airflow/.local/lib/python3.12/site-packages/airflow/example_dags/example_trigger_target_dag.py
[2026-08-13T13:38:21.287+0000] {processor.py:840} INFO - DAG(s) 'example_trigger_target_dag' retrieved from /home/airflow/.local/lib/python3.12/site-packages/airflow/example_dags/example_trigger_target_dag.py
[2026-08-13T13:38:21.345+0000] {logging_mixin.py:188} INFO - [2026-08-13T13:38:21.345+0000] {dag.py:3089} INFO - Sync 1 DAGs
[2026-08-13T13:38:21.395+0000] {logging_mixin.py:188} INFO - [2026-08-13T13:38:21.394+0000] {dag.py:3947} INFO - Setting next_dagrun for example_trigger_target_dag to None, run_after=None
[2026-08-13T13:38:21.456+0000] {processor.py:183} INFO - Processing /home/airflow/.local/lib/python3.12/site-packages/airflow/example_dags/example_trigger_target_dag.py took 0.212 seconds
[2026-08-13T13:38:54.450+0000] {processor.py:161} INFO - Started process (PID=2012) to work on /home/airflow/.local/lib/python3.12/site-packages/airflow/example_dags/example_trigger_target_dag.py
[2026-08-13T13:38:54.453+0000] {processor.py:830} INFO - Processing file /home/airflow/.local/lib/python3.12/site-packages/airflow/example_dags/example_trigger_target_dag.py for tasks to queue
[2026-08-13T13:38:54.458+0000] {logging_mixin.py:188} INFO - [2026-08-13T13:38:54.458+0000] {dagbag.py:545} INFO - Filling up the DagBag from /home/airflow/.local/lib/python3.12/site-packages/airflow/example_dags/example_trigger_target_dag.py
[2026-08-13T13:38:54.474+0000] {processor.py:840} INFO - DAG(s) 'example_trigger_target_dag' retrieved from /home/airflow/.local/lib/python3.12/site-packages/airflow/example_dags/example_trigger_target_dag.py
[2026-08-13T13:38:54.523+0000] {logging_mixin.py:188} INFO - [2026-08-13T13:38:54.522+0000] {dag.py:3089} INFO - Sync 1 DAGs
[2026-08-13T13:38:54.543+0000] {logging_mixin.py:188} INFO - [2026-08-13T13:38:54.543+0000] {dag.py:3947} INFO - Setting next_dagrun for example_trigger_target_dag to None, run_after=None
[2026-08-13T13:38:54.582+0000] {processor.py:183} INFO - Processing /home/airflow/.local/lib/python3.12/site-packages/airflow/example_dags/example_trigger_target_dag.py took 0.152 seconds
[2026-08-13T13:39:28.394+0000] {processor.py:161} INFO - Started process (PID=2086) to work on /home/airflow/.local/lib/python3.12/site-packages/airflow/example_dags/example_trigger_target_dag.py
[2026-08-13T13:39:28.399+0000] {processor.py:830} INFO - Processing file /home/airflow/.local/lib/python3.12/site-packages/airflow/example_dags/example_trigger_target_dag.py for tasks to queue
[2026-08-13T13:39:28.405+0000] {logging_mixin.py:188} INFO - [2026-08-13T13:39:28.404+0000] {dagbag.py:545} INFO - Filling up the DagBag from /home/airflow/.local/lib/python3.12/site-packages/airflow/example_dags/example_trigger_target_dag.py
[2026-08-13T13:39:28.421+0000] {processor.py:840} INFO - DAG(s) 'example_trigger_target_dag' retrieved from /home/airflow/.local/lib/python3.12/site-packages/airflow/example_dags/example_trigger_target_dag.py
[2026-08-13T13:39:28.473+0000] {logging_mixin.py:188} INFO - [2026-08-13T13:39:28.472+0000] {dag.py:3089} INFO - Sync 1 DAGs
[2026-08-13T13:39:28.517+0000] {logging_mixin.py:188} INFO - [2026-08-13T13:39:28.517+0000] {dag.py:3947} INFO - Setting next_dagrun for example_trigger_target_dag to None, run_after=None
[2026-08-13T13:39:28.571+0000] {processor.py:183} INFO - Processing /home/airflow/.local/lib/python3.12/site-packages/airflow/example_dags/example_trigger_target_dag.py took 0.189 seconds
[2026-08-13T13:40:02.853+0000] {processor.py:161} INFO - Started process (PID=2159) to work on /home/airflow/.local/lib/python3.12/site-packages/airflow/example_dags/example_trigger_target_dag.py
[2026-08-13T13:40:02.860+0000] {processor.py:830} INFO - Processing file /home/airflow/.local/lib/python3.12/site-packages/airflow/example_dags/example_trigger_target_dag.py for tasks to queue
[2026-08-13T13:40:02.873+0000] {logging_mixin.py:188} INFO - [2026-08-13T13:40:02.872+0000] {dagbag.py:545} INFO - Filling up the DagBag from /home/airflow/.local/lib/python3.12/site-packages/airflow/example_dags/example_trigger_target_dag.py
[2026-08-13T13:40:02.944+0000] {processor.py:840} INFO - DAG(s) 'example_trigger_target_dag' retrieved from /home/airflow/.local/lib/python3.12/site-packages/airflow/example_dags/example_trigger_target_dag.py
[2026-08-13T13:40:03.031+0000] {logging_mixin.py:188} INFO - [2026-08-13T13:40:03.031+0000] {dag.py:3089} INFO - Sync 1 DAGs
[2026-08-13T13:40:03.067+0000] {logging_mixin.py:188} INFO - [2026-08-13T13:40:03.067+0000] {dag.py:3947} INFO - Setting next_dagrun for example_trigger_target_dag to None, run_after=None
[2026-08-13T13:40:03.545+0000] {processor.py:183} INFO - Processing /home/airflow/.local/lib/python3.12/site-packages/airflow/example_dags/example_trigger_target_dag.py took 0.726 seconds
[2026-08-13T13:40:34.542+0000] {processor.py:161} INFO - Started process (PID=2231) to work on /home/airflow/.local/lib/python3.12/site-packages/airflow/example_dags/example_trigger_target_dag.py
[2026-08-13T13:40:34.551+0000] {processor.py:830} INFO - Processing file /home/airflow/.local/lib/python3.12/site-packages/airflow/example_dags/example_trigger_target_dag.py for tasks to queue
[2026-08-13T13:40:34.563+0000] {logging_mixin.py:188} INFO - [2026-08-13T13:40:34.562+0000] {dagbag.py:545} INFO - Filling up the DagBag from /home/airflow/.local/lib/python3.12/site-packages/airflow/example_dags/example_trigger_target_dag.py
[2026-08-13T13:40:34.590+0000] {processor.py:840} INFO - DAG(s) 'example_trigger_target_dag' retrieved from /home/airflow/.local/lib/python3.12/site-packages/airflow/example_dags/example_trigger_target_dag.py
[2026-08-13T13:40:34.669+0000] {logging_mixin.py:188} INFO - [2026-08-13T13:40:34.668+0000] {dag.py:3089} INFO - Sync 1 DAGs
[2026-08-13T13:40:34.710+0000] {logging_mixin.py:188} INFO - [2026-08-13T13:40:34.710+0000] {dag.py:3947} INFO - Setting next_dagrun for example_trigger_target_dag to None, run_after=None
[2026-08-13T13:40:34.764+0000] {processor.py:183} INFO - Processing /home/airflow/.local/lib/python3.12/site-packages/airflow/example_dags/example_trigger_target_dag.py took 0.238 seconds
[2026-08-13T13:41:08.783+0000] {processor.py:161} INFO - Started process (PID=2305) to work on /home/airflow/.local/lib/python3.12/site-packages/airflow/example_dags/example_trigger_target_dag.py
[2026-08-13T13:41:08.790+0000] {processor.py:830} INFO - Processing file /home/airflow/.local/lib/python3.12/site-packages/airflow/example_dags/example_trigger_target_dag.py for tasks to queue
[2026-08-13T13:41:08.805+0000] {logging_mixin.py:188} INFO - [2026-08-13T13:41:08.804+0000] {dagbag.py:545} INFO - Filling up the DagBag from /home/airflow/.local/lib/python3.12/site-packages/airflow/example_dags/example_trigger_target_dag.py
[2026-08-13T13:41:08.827+0000] {processor.py:840} INFO - DAG(s) 'example_trigger_target_dag' retrieved from /home/airflow/.local/lib/python3.12/site-packages/airflow/example_dags/example_trigger_target_dag.py
[2026-08-13T13:41:08.889+0000] {logging_mixin.py:188} INFO - [2026-08-13T13:41:08.889+0000] {dag.py:3089} INFO - Sync 1 DAGs
[2026-08-13T13:41:08.922+0000] {logging_mixin.py:188} INFO - [2026-08-13T13:41:08.921+0000] {dag.py:3947} INFO - Setting next_dagrun for example_trigger_target_dag to None, run_after=None
[2026-08-13T13:41:08.968+0000] {processor.py:183} INFO - Processing /home/airflow/.local/lib/python3.12/site-packages/airflow/example_dags/example_trigger_target_dag.py took 0.209 seconds
[2026-08-13T13:41:46.203+0000] {processor.py:161} INFO - Started process (PID=2378) to work on /home/airflow/.local/lib/python3.12/site-packages/airflow/example_dags/example_trigger_target_dag.py
[2026-08-13T13:41:46.207+0000] {processor.py:830} INFO - Processing file /home/airflow/.local/lib/python3.12/site-packages/airflow/example_dags/example_trigger_target_dag.py for tasks to queue
[2026-08-13T13:41:46.213+0000] {logging_mixin.py:188} INFO - [2026-08-13T13:41:46.212+0000] {dagbag.py:545} INFO - Filling up the DagBag from /home/airflow/.local/lib/python3.12/site-packages/airflow/example_dags/example_trigger_target_dag.py
[2026-08-13T13:41:46.230+0000] {processor.py:840} INFO - DAG(s) 'example_trigger_target_dag' retrieved from /home/airflow/.local/lib/python3.12/site-packages/airflow/example_dags/example_trigger_target_dag.py
[2026-08-13T13:41:46.279+0000] {logging_mixin.py:188} INFO - [2026-08-13T13:41:46.278+0000] {dag.py:3089} INFO - Sync 1 DAGs
[2026-08-13T13:41:46.307+0000] {logging_mixin.py:188} INFO - [2026-08-13T13:41:46.307+0000] {dag.py:3947} INFO - Setting next_dagrun for example_trigger_target_dag to None, run_after=None
[2026-08-13T13:41:46.355+0000] {processor.py:183} INFO - Processing /home/airflow/.local/lib/python3.12/site-packages/airflow/example_dags/example_trigger_target_dag.py took 0.166 seconds
[2026-08-13T13:42:18.849+0000] {processor.py:161} INFO - Started process (PID=2451) to work on /home/airflow/.local/lib/python3.12/site-packages/airflow/example_dags/example_trigger_target_dag.py
[2026-08-13T13:42:18.852+0000] {processor.py:830} INFO - Processing file /home/airflow/.local/lib/python3.12/site-packages/airflow/example_dags/example_trigger_target_dag.py for tasks to queue
[2026-08-13T13:42:18.857+0000] {logging_mixin.py:188} INFO - [2026-08-13T13:42:18.856+0000] {dagbag.py:545} INFO - Filling up the DagBag from /home/airflow/.local/lib/python3.12/site-packages/airflow/example_dags/example_trigger_target_dag.py
[2026-08-13T13:42:18.869+0000] {processor.py:840} INFO - DAG(s) 'example_trigger_target_dag' retrieved from /home/airflow/.local/lib/python3.12/site-packages/airflow/example_dags/example_trigger_target_dag.py
[2026-08-13T13:42:18.904+0000] {logging_mixin.py:188} INFO - [2026-08-13T13:42:18.903+0000] {dag.py:3089} INFO - Sync 1 DAGs
[2026-08-13T13:42:19.270+0000] {logging_mixin.py:188} INFO - [2026-08-13T13:42:19.270+0000] {dag.py:3947} INFO - Setting next_dagrun for example_trigger_target_dag to None, run_after=None
[2026-08-13T13:42:19.316+0000] {processor.py:183} INFO - Processing /home/airflow/.local/lib/python3.12/site-packages/airflow/example_dags/example_trigger_target_dag.py took 0.476 seconds
[2026-08-13T13:42:49.839+0000] {processor.py:161} INFO - Started process (PID=2524) to work on /home/airflow/.local/lib/python3.12/site-packages/airflow/example_dags/example_trigger_target_dag.py
[2026-08-13T13:42:49.844+0000] {processor.py:830} INFO - Processing file /home/airflow/.local/lib/python3.12/site-packages/airflow/example_dags/example_trigger_target_dag.py for tasks to queue
[2026-08-13T13:42:49.851+0000] {logging_mixin.py:188} INFO - [2026-08-13T13:42:49.850+0000] {dagbag.py:545} INFO - Filling up the DagBag from /home/airflow/.local/lib/python3.12/site-packages/airflow/example_dags/example_trigger_target_dag.py
[2026-08-13T13:42:49.905+0000] {processor.py:840} INFO - DAG(s) 'example_trigger_target_dag' retrieved from /home/airflow/.local/lib/python3.12/site-packages/airflow/example_dags/example_trigger_target_dag.py
[2026-08-13T13:42:49.990+0000] {logging_mixin.py:188} INFO - [2026-08-13T13:42:49.989+0000] {dag.py:3089} INFO - Sync 1 DAGs
[2026-08-13T13:42:50.054+0000] {logging_mixin.py:188} INFO - [2026-08-13T13:42:50.053+0000] {dag.py:3947} INFO - Setting next_dagrun for example_trigger_target_dag to None, run_after=None
[2026-08-13T13:42:50.118+0000] {processor.py:183} INFO - Processing /home/airflow/.local/lib/python3.12/site-packages/airflow/example_dags/example_trigger_target_dag.py took 0.298 seconds
[2026-08-13T13:43:20.742+0000] {processor.py:161} INFO - Started process (PID=2596) to work on /home/airflow/.local/lib/python3.12/site-packages/airflow/example_dags/example_trigger_target_dag.py
[2026-08-13T13:43:20.746+0000] {processor.py:830} INFO - Processing file /home/airflow/.local/lib/python3.12/site-packages/airflow/example_dags/example_trigger_target_dag.py for tasks to queue
[2026-08-13T13:43:20.755+0000] {logging_mixin.py:188} INFO - [2026-08-13T13:43:20.754+0000] {dagbag.py:545} INFO - Filling up the DagBag from /home/airflow/.local/lib/python3.12/site-packages/airflow/example_dags/example_trigger_target_dag.py
[2026-08-13T13:43:20.788+0000] {processor.py:840} INFO - DAG(s) 'example_trigger_target_dag' retrieved from /home/airflow/.local/lib/python3.12/site-packages/airflow/example_dags/example_trigger_target_dag.py
[2026-08-13T13:43:20.845+0000] {logging_mixin.py:188} INFO - [2026-08-13T13:43:20.845+0000] {dag.py:3089} INFO - Sync 1 DAGs
[2026-08-13T13:43:20.880+0000] {logging_mixin.py:188} INFO - [2026-08-13T13:43:20.880+0000] {dag.py:3947} INFO - Setting next_dagrun for example_trigger_target_dag to None, run_after=None
[2026-08-13T13:43:20.939+0000] {processor.py:183} INFO - Processing /home/airflow/.local/lib/python3.12/site-packages/airflow/example_dags/example_trigger_target_dag.py took 0.229 seconds
[2026-08-13T13:43:51.285+0000] {processor.py:161} INFO - Started process (PID=2669) to work on /home/airflow/.local/lib/python3.12/site-packages/airflow/example_dags/example_trigger_target_dag.py
[2026-08-13T13:43:51.289+0000] {processor.py:830} INFO - Processing file /home/airflow/.local/lib/python3.12/site-packages/airflow/example_dags/example_trigger_target_dag.py for tasks to queue
[2026-08-13T13:43:51.294+0000] {logging_mixin.py:188} INFO - [2026-08-13T13:43:51.294+0000] {dagbag.py:545} INFO - Filling up the DagBag from /home/airflow/.local/lib/python3.12/site-packages/airflow/example_dags/example_trigger_target_dag.py
[2026-08-13T13:43:51.312+0000] {processor.py:840} INFO - DAG(s) 'example_trigger_target_dag' retrieved from /home/airflow/.local/lib/python3.12/site-packages/airflow/example_dags/example_trigger_target_dag.py
[2026-08-13T13:43:51.361+0000] {logging_mixin.py:188} INFO - [2026-08-13T13:43:51.360+0000] {dag.py:3089} INFO - Sync 1 DAGs
[2026-08-13T13:43:51.385+0000] {logging_mixin.py:188} INFO - [2026-08-13T13:43:51.385+0000] {dag.py:3947} INFO - Setting next_dagrun for example_trigger_target_dag to None, run_after=None
[2026-08-13T13:43:51.428+0000] {processor.py:183} INFO - Processing /home/airflow/.local/lib/python3.12/site-packages/airflow/example_dags/example_trigger_target_dag.py took 0.162 seconds
[2026-08-13T13:44:21.751+0000] {processor.py:161} INFO - Started process (PID=2742) to work on /home/airflow/.local/lib/python3.12/site-packages/airflow/example_dags/example_trigger_target_dag.py
[2026-08-13T13:44:21.755+0000] {processor.py:830} INFO - Processing file /home/airflow/.local/lib/python3.12/site-packages/airflow/example_dags/example_trigger_target_dag.py for tasks to queue
[2026-08-13T13:44:21.761+0000] {logging_mixin.py:188} INFO - [2026-08-13T13:44:21.760+0000] {dagbag.py:545} INFO - Filling up the DagBag from /home/airflow/.local/lib/python3.12/site-packages/airflow/example_dags/example_trigger_target_dag.py
[2026-08-13T13:44:21.780+0000] {processor.py:840} INFO - DAG(s) 'example_trigger_target_dag' retrieved from /home/airflow/.local/lib/python3.12/site-packages/airflow/example_dags/example_trigger_target_dag.py
[2026-08-13T13:44:21.828+0000] {logging_mixin.py:188} INFO - [2026-08-13T13:44:21.827+0000] {dag.py:3089} INFO - Sync 1 DAGs
[2026-08-13T13:44:21.859+0000] {logging_mixin.py:188} INFO - [2026-08-13T13:44:21.859+0000] {dag.py:3947} INFO - Setting next_dagrun for example_trigger_target_dag to None, run_after=None
[2026-08-13T13:44:21.921+0000] {processor.py:183} INFO - Processing /home/airflow/.local/lib/python3.12/site-packages/airflow/example_dags/example_trigger_target_dag.py took 0.181 seconds
[2026-08-13T13:44:52.627+0000] {processor.py:161} INFO - Started process (PID=2806) to work on /home/airflow/.local/lib/python3.12/site-packages/airflow/example_dags/example_trigger_target_dag.py
[2026-08-13T13:44:52.636+0000] {processor.py:830} INFO - Processing file /home/airflow/.local/lib/python3.12/site-packages/airflow/example_dags/example_trigger_target_dag.py for tasks to queue
[2026-08-13T13:44:52.645+0000] {logging_mixin.py:188} INFO - [2026-08-13T13:44:52.644+0000] {dagbag.py:545} INFO - Filling up the DagBag from /home/airflow/.local/lib/python3.12/site-packages/airflow/example_dags/example_trigger_target_dag.py
[2026-08-13T13:44:52.664+0000] {processor.py:840} INFO - DAG(s) 'example_trigger_target_dag' retrieved from /home/airflow/.local/lib/python3.12/site-packages/airflow/example_dags/example_trigger_target_dag.py
[2026-08-13T13:44:52.724+0000] {logging_mixin.py:188} INFO - [2026-08-13T13:44:52.723+0000] {dag.py:3089} INFO - Sync 1 DAGs
[2026-08-13T13:44:52.776+0000] {logging_mixin.py:188} INFO - [2026-08-13T13:44:52.775+0000] {dag.py:3947} INFO - Setting next_dagrun for example_trigger_target_dag to None, run_after=None
[2026-08-13T13:44:52.848+0000] {processor.py:183} INFO - Processing /home/airflow/.local/lib/python3.12/site-packages/airflow/example_dags/example_trigger_target_dag.py took 0.236 seconds
[2026-08-13T13:45:24.008+0000] {processor.py:161} INFO - Started process (PID=2878) to work on /home/airflow/.local/lib/python3.12/site-packages/airflow/example_dags/example_trigger_target_dag.py
[2026-08-13T13:45:24.014+0000] {processor.py:830} INFO - Processing file /home/airflow/.local/lib/python3.12/site-packages/airflow/example_dags/example_trigger_target_dag.py for tasks to queue
[2026-08-13T13:45:24.022+0000] {logging_mixin.py:188} INFO - [2026-08-13T13:45:24.020+0000] {dagbag.py:545} INFO - Filling up the DagBag from /home/airflow/.local/lib/python3.12/site-packages/airflow/example_dags/example_trigger_target_dag.py
[2026-08-13T13:45:24.051+0000] {processor.py:840} INFO - DAG(s) 'example_trigger_target_dag' retrieved from /home/airflow/.local/lib/python3.12/site-packages/airflow/example_dags/example_trigger_target_dag.py
[2026-08-13T13:45:24.119+0000] {logging_mixin.py:188} INFO - [2026-08-13T13:45:24.118+0000] {dag.py:3089} INFO - Sync 1 DAGs
[2026-08-13T13:45:24.156+0000] {logging_mixin.py:188} INFO - [2026-08-13T13:45:24.156+0000] {dag.py:3947} INFO - Setting next_dagrun for example_trigger_target_dag to None, run_after=None
[2026-08-13T13:45:24.221+0000] {processor.py:183} INFO - Processing /home/airflow/.local/lib/python3.12/site-packages/airflow/example_dags/example_trigger_target_dag.py took 0.233 seconds
[2026-08-13T13:45:54.951+0000] {processor.py:161} INFO - Started process (PID=2951) to work on /home/airflow/.local/lib/python3.12/site-packages/airflow/example_dags/example_trigger_target_dag.py
[2026-08-13T13:45:54.961+0000] {processor.py:830} INFO - Processing file /home/airflow/.local/lib/python3.12/site-packages/airflow/example_dags/example_trigger_target_dag.py for tasks to queue
[2026-08-13T13:45:54.980+0000] {logging_mixin.py:188} INFO - [2026-08-13T13:45:54.979+0000] {dagbag.py:545} INFO - Filling up the DagBag from /home/airflow/.local/lib/python3.12/site-packages/airflow/example_dags/example_trigger_target_dag.py
[2026-08-13T13:45:55.015+0000] {processor.py:840} INFO - DAG(s) 'example_trigger_target_dag' retrieved from /home/airflow/.local/lib/python3.12/site-packages/airflow/example_dags/example_trigger_target_dag.py
[2026-08-13T13:45:55.081+0000] {logging_mixin.py:188} INFO - [2026-08-13T13:45:55.080+0000] {dag.py:3089} INFO - Sync 1 DAGs
[2026-08-13T13:45:55.121+0000] {logging_mixin.py:188} INFO - [2026-08-13T13:45:55.120+0000] {dag.py:3947} INFO - Setting next_dagrun for example_trigger_target_dag to None, run_after=None
[2026-08-13T13:45:55.190+0000] {processor.py:183} INFO - Processing /home/airflow/.local/lib/python3.12/site-packages/airflow/example_dags/example_trigger_target_dag.py took 0.253 seconds
[2026-08-13T13:46:25.669+0000] {processor.py:161} INFO - Started process (PID=3025) to work on /home/airflow/.local/lib/python3.12/site-packages/airflow/example_dags/example_trigger_target_dag.py
[2026-08-13T13:46:25.671+0000] {processor.py:830} INFO - Processing file /home/airflow/.local/lib/python3.12/site-packages/airflow/example_dags/example_trigger_target_dag.py for tasks to queue
[2026-08-13T13:46:25.675+0000] {logging_mixin.py:188} INFO - [2026-08-13T13:46:25.675+0000] {dagbag.py:545} INFO - Filling up the DagBag from /home/airflow/.local/lib/python3.12/site-packages/airflow/example_dags/example_trigger_target_dag.py
[2026-08-13T13:46:25.690+0000] {processor.py:840} INFO - DAG(s) 'example_trigger_target_dag' retrieved from /home/airflow/.local/lib/python3.12/site-packages/airflow/example_dags/example_trigger_target_dag.py
[2026-08-13T13:46:25.735+0000] {logging_mixin.py:188} INFO - [2026-08-13T13:46:25.735+0000] {dag.py:3089} INFO - Sync 1 DAGs
[2026-08-13T13:46:25.760+0000] {logging_mixin.py:188} INFO - [2026-08-13T13:46:25.760+0000] {dag.py:3947} INFO - Setting next_dagrun for example_trigger_target_dag to None, run_after=None
[2026-08-13T13:46:25.804+0000] {processor.py:183} INFO - Processing /home/airflow/.local/lib/python3.12/site-packages/airflow/example_dags/example_trigger_target_dag.py took 0.148 seconds
[2026-08-13T13:46:56.692+0000] {processor.py:161} INFO - Started process (PID=3098) to work on /home/airflow/.local/lib/python3.12/site-packages/airflow/example_dags/example_trigger_target_dag.py
[2026-08-13T13:46:56.695+0000] {processor.py:830} INFO - Processing file /home/airflow/.local/lib/python3.12/site-packages/airflow/example_dags/example_trigger_target_dag.py for tasks to queue
[2026-08-13T13:46:56.699+0000] {logging_mixin.py:188} INFO - [2026-08-13T13:46:56.698+0000] {dagbag.py:545} INFO - Filling up the DagBag from /home/airflow/.local/lib/python3.12/site-packages/airflow/example_dags/example_trigger_target_dag.py
[2026-08-13T13:46:56.711+0000] {processor.py:840} INFO - DAG(s) 'example_trigger_target_dag' retrieved from /home/airflow/.local/lib/python3.12/site-packages/airflow/example_dags/example_trigger_target_dag.py
[2026-08-13T13:46:56.757+0000] {logging_mixin.py:188} INFO - [2026-08-13T13:46:56.757+0000] {dag.py:3089} INFO - Sync 1 DAGs
[2026-08-13T13:46:56.778+0000] {logging_mixin.py:188} INFO - [2026-08-13T13:46:56.777+0000] {dag.py:3947} INFO - Setting next_dagrun for example_trigger_target_dag to None, run_after=None
[2026-08-13T13:46:56.812+0000] {processor.py:183} INFO - Processing /home/airflow/.local/lib/python3.12/site-packages/airflow/example_dags/example_trigger_target_dag.py took 0.132 seconds
[2026-08-13T13:47:28.417+0000] {processor.py:161} INFO - Started process (PID=3170) to work on /home/airflow/.local/lib/python3.12/site-packages/airflow/example_dags/example_trigger_target_dag.py
[2026-08-13T13:47:28.420+0000] {processor.py:830} INFO - Processing file /home/airflow/.local/lib/python3.12/site-packages/airflow/example_dags/example_trigger_target_dag.py for tasks to queue
[2026-08-13T13:47:28.427+0000] {logging_mixin.py:188} INFO - [2026-08-13T13:47:28.426+0000] {dagbag.py:545} INFO - Filling up the DagBag from /home/airflow/.local/lib/python3.12/site-packages/airflow/example_dags/example_trigger_target_dag.py
[2026-08-13T13:47:28.447+0000] {processor.py:840} INFO - DAG(s) 'example_trigger_target_dag' retrieved from /home/airflow/.local/lib/python3.12/site-packages/airflow/example_dags/example_trigger_target_dag.py
[2026-08-13T13:47:28.527+0000] {logging_mixin.py:188} INFO - [2026-08-13T13:47:28.526+0000] {dag.py:3089} INFO - Sync 1 DAGs
[2026-08-13T13:47:28.568+0000] {logging_mixin.py:188} INFO - [2026-08-13T13:47:28.567+0000] {dag.py:3947} INFO - Setting next_dagrun for example_trigger_target_dag to None, run_after=None
[2026-08-13T13:47:28.619+0000] {processor.py:183} INFO - Processing /home/airflow/.local/lib/python3.12/site-packages/airflow/example_dags/example_trigger_target_dag.py took 0.219 seconds
[2026-08-13T13:48:00.337+0000] {processor.py:161} INFO - Started process (PID=3243) to work on /home/airflow/.local/lib/python3.12/site-packages/airflow/example_dags/example_trigger_target_dag.py
[2026-08-13T13:48:00.356+0000] {processor.py:830} INFO - Processing file /home/airflow/.local/lib/python3.12/site-packages/airflow/example_dags/example_trigger_target_dag.py for tasks to queue
[2026-08-13T13:48:00.403+0000] {logging_mixin.py:188} INFO - [2026-08-13T13:48:00.399+0000] {dagbag.py:545} INFO - Filling up the DagBag from /home/airflow/.local/lib/python3.12/site-packages/airflow/example_dags/example_trigger_target_dag.py
[2026-08-13T13:48:00.499+0000] {processor.py:840} INFO - DAG(s) 'example_trigger_target_dag' retrieved from /home/airflow/.local/lib/python3.12/site-packages/airflow/example_dags/example_trigger_target_dag.py
[2026-08-13T13:48:00.671+0000] {logging_mixin.py:188} INFO - [2026-08-13T13:48:00.670+0000] {dag.py:3089} INFO - Sync 1 DAGs
[2026-08-13T13:48:00.732+0000] {logging_mixin.py:188} INFO - [2026-08-13T13:48:00.731+0000] {dag.py:3947} INFO - Setting next_dagrun for example_trigger_target_dag to None, run_after=None
[2026-08-13T13:48:00.872+0000] {processor.py:183} INFO - Processing /home/airflow/.local/lib/python3.12/site-packages/airflow/example_dags/example_trigger_target_dag.py took 0.593 seconds
[2026-08-13T13:48:31.406+0000] {processor.py:161} INFO - Started process (PID=3316) to work on /home/airflow/.local/lib/python3.12/site-packages/airflow/example_dags/example_trigger_target_dag.py
[2026-08-13T13:48:31.410+0000] {processor.py:830} INFO - Processing file /home/airflow/.local/lib/python3.12/site-packages/airflow/example_dags/example_trigger_target_dag.py for tasks to queue
[2026-08-13T13:48:31.416+0000] {logging_mixin.py:188} INFO - [2026-08-13T13:48:31.415+0000] {dagbag.py:545} INFO - Filling up the DagBag from /home/airflow/.local/lib/python3.12/site-packages/airflow/example_dags/example_trigger_target_dag.py
[2026-08-13T13:48:31.434+0000] {processor.py:840} INFO - DAG(s) 'example_trigger_target_dag' retrieved from /home/airflow/.local/lib/python3.12/site-packages/airflow/example_dags/example_trigger_target_dag.py
[2026-08-13T13:48:31.482+0000] {logging_mixin.py:188} INFO - [2026-08-13T13:48:31.481+0000] {dag.py:3089} INFO - Sync 1 DAGs
[2026-08-13T13:48:31.520+0000] {logging_mixin.py:188} INFO - [2026-08-13T13:48:31.519+0000] {dag.py:3947} INFO - Setting next_dagrun for example_trigger_target_dag to None, run_after=None
[2026-08-13T13:48:31.562+0000] {processor.py:183} INFO - Processing /home/airflow/.local/lib/python3.12/site-packages/airflow/example_dags/example_trigger_target_dag.py took 0.170 seconds
[2026-08-13T13:49:03.364+0000] {processor.py:161} INFO - Started process (PID=3390) to work on /home/airflow/.local/lib/python3.12/site-packages/airflow/example_dags/example_trigger_target_dag.py
[2026-08-13T13:49:03.368+0000] {processor.py:830} INFO - Processing file /home/airflow/.local/lib/python3.12/site-packages/airflow/example_dags/example_trigger_target_dag.py for tasks to queue
[2026-08-13T13:49:03.376+0000] {logging_mixin.py:188} INFO - [2026-08-13T13:49:03.375+0000] {dagbag.py:545} INFO - Filling up the DagBag from /home/airflow/.local/lib/python3.12/site-packages/airflow/example_dags/example_trigger_target_dag.py
[2026-08-13T13:49:03.428+0000] {processor.py:840} INFO - DAG(s) 'example_trigger_target_dag' retrieved from /home/airflow/.local/lib/python3.12/site-packages/airflow/example_dags/example_trigger_target_dag.py
[2026-08-13T13:49:03.576+0000] {logging_mixin.py:188} INFO - [2026-08-13T13:49:03.575+0000] {dag.py:3089} INFO - Sync 1 DAGs
[2026-08-13T13:49:03.633+0000] {logging_mixin.py:188} INFO - [2026-08-13T13:49:03.633+0000] {dag.py:3947} INFO - Setting next_dagrun for example_trigger_target_dag to None, run_after=None
[2026-08-13T13:49:03.722+0000] {processor.py:183} INFO - Processing /home/airflow/.local/lib/python3.12/site-packages/airflow/example_dags/example_trigger_target_dag.py took 0.374 seconds
[2026-08-13T13:49:43.182+0000] {processor.py:161} INFO - Started process (PID=3471) to work on /home/airflow/.local/lib/python3.12/site-packages/airflow/example_dags/example_trigger_target_dag.py
[2026-08-13T13:49:43.187+0000] {processor.py:830} INFO - Processing file /home/airflow/.local/lib/python3.12/site-packages/airflow/example_dags/example_trigger_target_dag.py for tasks to queue
[2026-08-13T13:49:43.201+0000] {logging_mixin.py:188} INFO - [2026-08-13T13:49:43.199+0000] {dagbag.py:545} INFO - Filling up the DagBag from /home/airflow/.local/lib/python3.12/site-packages/airflow/example_dags/example_trigger_target_dag.py
[2026-08-13T13:49:43.232+0000] {processor.py:840} INFO - DAG(s) 'example_trigger_target_dag' retrieved from /home/airflow/.local/lib/python3.12/site-packages/airflow/example_dags/example_trigger_target_dag.py
[2026-08-13T13:49:43.328+0000] {logging_mixin.py:188} INFO - [2026-08-13T13:49:43.328+0000] {dag.py:3089} INFO - Sync 1 DAGs
[2026-08-13T13:49:43.405+0000] {logging_mixin.py:188} INFO - [2026-08-13T13:49:43.404+0000] {dag.py:3947} INFO - Setting next_dagrun for example_trigger_target_dag to None, run_after=None
[2026-08-13T13:49:43.481+0000] {processor.py:183} INFO - Processing /home/airflow/.local/lib/python3.12/site-packages/airflow/example_dags/example_trigger_target_dag.py took 0.325 seconds
