[2026-08-13T13:24:11.851+0000] {processor.py:161} INFO - Started process (PID=90) to work on /home/airflow/.local/lib/python3.12/site-packages/airflow/example_dags/example_skip_dag.py
[2026-08-13T13:24:11.857+0000] {processor.py:830} INFO - Processing file /home/airflow/.local/lib/python3.12/site-packages/airflow/example_dags/example_skip_dag.py for tasks to queue
[2026-08-13T13:24:11.876+0000] {logging_mixin.py:188} INFO - [2026-08-13T13:24:11.874+0000] {dagbag.py:545} INFO - Filling up the DagBag from /home/airflow/.local/lib/python3.12/site-packages/airflow/example_dags/example_skip_dag.py
[2026-08-13T13:24:12.097+0000] {processor.py:840} INFO - DAG(s) 'example_skip_dag' retrieved from /home/airflow/.local/lib/python3.12/site-packages/airflow/example_dags/example_skip_dag.py
[2026-08-13T13:24:12.642+0000] {logging_mixin.py:188} INFO - [2026-08-13T13:24:12.641+0000] {dag.py:3089} INFO - Sync 1 DAGs
[2026-08-13T13:24:12.887+0000] {logging_mixin.py:188} INFO - [2026-08-13T13:24:12.886+0000] {dag.py:3947} INFO - Setting next_dagrun for example_skip_dag to 2026-08-12 00:00:00+00:00, run_after=2026-08-13 00:00:00+00:00
[2026-08-13T13:24:13.032+0000] {processor.py:183} INFO - Processing /home/airflow/.local/lib/python3.12/site-packages/airflow/example_dags/example_skip_dag.py took 1.227 seconds
[2026-08-13T13:24:47.365+0000] {processor.py:161} INFO - Started process (PID=163) to work on /home/airflow/.local/lib/python3.12/site-packages/airflow/example_dags/example_skip_dag.py
[2026-08-13T13:24:47.374+0000] {processor.py:830} INFO - Processing file /home/airflow/.local/lib/python3.12/site-packages/airflow/example_dags/example_skip_dag.py for tasks to queue
[2026-08-13T13:24:47.383+0000] {logging_mixin.py:188} INFO - [2026-08-13T13:24:47.382+0000] {dagbag.py:545} INFO - Filling up the DagBag from /home/airflow/.local/lib/python3.12/site-packages/airflow/example_dags/example_skip_dag.py
[2026-08-13T13:24:47.420+0000] {processor.py:840} INFO - DAG(s) 'example_skip_dag' retrieved from /home/airflow/.local/lib/python3.12/site-packages/airflow/example_dags/example_skip_dag.py
[2026-08-13T13:24:47.530+0000] {logging_mixin.py:188} INFO - [2026-08-13T13:24:47.530+0000] {dag.py:3089} INFO - Sync 1 DAGs
[2026-08-13T13:24:47.702+0000] {logging_mixin.py:188} INFO - [2026-08-13T13:24:47.700+0000] {dag.py:3947} INFO - Setting next_dagrun for example_skip_dag to 2026-08-12 00:00:00+00:00, run_after=2026-08-13 00:00:00+00:00
[2026-08-13T13:24:47.837+0000] {processor.py:183} INFO - Processing /home/airflow/.local/lib/python3.12/site-packages/airflow/example_dags/example_skip_dag.py took 0.544 seconds
[2026-08-13T13:25:43.837+0000] {processor.py:161} INFO - Started process (PID=242) to work on /home/airflow/.local/lib/python3.12/site-packages/airflow/example_dags/example_skip_dag.py
[2026-08-13T13:25:43.850+0000] {processor.py:830} INFO - Processing file /home/airflow/.local/lib/python3.12/site-packages/airflow/example_dags/example_skip_dag.py for tasks to queue
[2026-08-13T13:25:43.873+0000] {logging_mixin.py:188} INFO - [2026-08-13T13:25:43.872+0000] {dagbag.py:545} INFO - Filling up the DagBag from /home/airflow/.local/lib/python3.12/site-packages/airflow/example_dags/example_skip_dag.py
[2026-08-13T13:25:43.970+0000] {processor.py:840} INFO - DAG(s) 'example_skip_dag' retrieved from /home/airflow/.local/lib/python3.12/site-packages/airflow/example_dags/example_skip_dag.py
[2026-08-13T13:25:44.170+0000] {logging_mixin.py:188} INFO - [2026-08-13T13:25:44.169+0000] {dag.py:3089} INFO - Sync 1 DAGs
[2026-08-13T13:25:44.351+0000] {logging_mixin.py:188} INFO - [2026-08-13T13:25:44.350+0000] {dag.py:3947} INFO - Setting next_dagrun for example_skip_dag to 2026-08-12 00:00:00+00:00, run_after=2026-08-13 00:00:00+00:00
[2026-08-13T13:25:44.877+0000] {processor.py:183} INFO - Processing /home/airflow/.local/lib/python3.12/site-packages/airflow/example_dags/example_skip_dag.py took 1.119 seconds
[2026-08-13T13:26:15.131+0000] {processor.py:161} INFO - Started process (PID=308) to work on /home/airflow/.local/lib/python3.12/site-packages/airflow/example_dags/example_skip_dag.py
[2026-08-13T13:26:15.135+0000] {processor.py:830} INFO - Processing file /home/airflow/.local/lib/python3.12/site-packages/airflow/example_dags/example_skip_dag.py for tasks to queue
[2026-08-13T13:26:15.142+0000] {logging_mixin.py:188} INFO - [2026-08-13T13:26:15.141+0000] {dagbag.py:545} INFO - Filling up the DagBag from /home/airflow/.local/lib/python3.12/site-packages/airflow/example_dags/example_skip_dag.py
[2026-08-13T13:26:15.162+0000] {processor.py:840} INFO - DAG(s) 'example_skip_dag' retrieved from /home/airflow/.local/lib/python3.12/site-packages/airflow/example_dags/example_skip_dag.py
[2026-08-13T13:26:15.222+0000] {logging_mixin.py:188} INFO - [2026-08-13T13:26:15.222+0000] {dag.py:3089} INFO - Sync 1 DAGs
[2026-08-13T13:26:15.287+0000] {logging_mixin.py:188} INFO - [2026-08-13T13:26:15.286+0000] {dag.py:3947} INFO - Setting next_dagrun for example_skip_dag to 2026-08-12 00:00:00+00:00, run_after=2026-08-13 00:00:00+00:00
[2026-08-13T13:26:15.352+0000] {processor.py:183} INFO - Processing /home/airflow/.local/lib/python3.12/site-packages/airflow/example_dags/example_skip_dag.py took 0.238 seconds
[2026-08-13T13:26:48.248+0000] {processor.py:161} INFO - Started process (PID=382) to work on /home/airflow/.local/lib/python3.12/site-packages/airflow/example_dags/example_skip_dag.py
[2026-08-13T13:26:48.253+0000] {processor.py:830} INFO - Processing file /home/airflow/.local/lib/python3.12/site-packages/airflow/example_dags/example_skip_dag.py for tasks to queue
[2026-08-13T13:26:48.263+0000] {logging_mixin.py:188} INFO - [2026-08-13T13:26:48.262+0000] {dagbag.py:545} INFO - Filling up the DagBag from /home/airflow/.local/lib/python3.12/site-packages/airflow/example_dags/example_skip_dag.py
[2026-08-13T13:26:48.309+0000] {processor.py:840} INFO - DAG(s) 'example_skip_dag' retrieved from /home/airflow/.local/lib/python3.12/site-packages/airflow/example_dags/example_skip_dag.py
[2026-08-13T13:26:48.398+0000] {logging_mixin.py:188} INFO - [2026-08-13T13:26:48.397+0000] {dag.py:3089} INFO - Sync 1 DAGs
[2026-08-13T13:26:48.479+0000] {logging_mixin.py:188} INFO - [2026-08-13T13:26:48.478+0000] {dag.py:3947} INFO - Setting next_dagrun for example_skip_dag to 2026-08-12 00:00:00+00:00, run_after=2026-08-13 00:00:00+00:00
[2026-08-13T13:26:48.536+0000] {processor.py:183} INFO - Processing /home/airflow/.local/lib/python3.12/site-packages/airflow/example_dags/example_skip_dag.py took 0.310 seconds
[2026-08-13T13:27:20.171+0000] {processor.py:161} INFO - Started process (PID=447) to work on /home/airflow/.local/lib/python3.12/site-packages/airflow/example_dags/example_skip_dag.py
[2026-08-13T13:27:20.175+0000] {processor.py:830} INFO - Processing file /home/airflow/.local/lib/python3.12/site-packages/airflow/example_dags/example_skip_dag.py for tasks to queue
[2026-08-13T13:27:20.182+0000] {logging_mixin.py:188} INFO - [2026-08-13T13:27:20.181+0000] {dagbag.py:545} INFO - Filling up the DagBag from /home/airflow/.local/lib/python3.12/site-packages/airflow/example_dags/example_skip_dag.py
[2026-08-13T13:27:20.204+0000] {processor.py:840} INFO - DAG(s) 'example_skip_dag' retrieved from /home/airflow/.local/lib/python3.12/site-packages/airflow/example_dags/example_skip_dag.py
[2026-08-13T13:27:20.270+0000] {logging_mixin.py:188} INFO - [2026-08-13T13:27:20.269+0000] {dag.py:3089} INFO - Sync 1 DAGs
[2026-08-13T13:27:20.330+0000] {logging_mixin.py:188} INFO - [2026-08-13T13:27:20.329+0000] {dag.py:3947} INFO - Setting next_dagrun for example_skip_dag to 2026-08-12 00:00:00+00:00, run_after=2026-08-13 00:00:00+00:00
[2026-08-13T13:27:20.384+0000] {processor.py:183} INFO - Processing /home/airflow/.local/lib/python3.12/site-packages/airflow/example_dags/example_skip_dag.py took 0.233 seconds
[2026-08-13T13:27:50.963+0000] {processor.py:161} INFO - Started process (PID=520) to work on /home/airflow/.local/lib/python3.12/site-packages/airflow/example_dags/example_skip_dag.py
[2026-08-13T13:27:50.965+0000] {processor.py:830} INFO - Processing file /home/airflow/.local/lib/python3.12/site-packages/airflow/example_dags/example_skip_dag.py for tasks to queue
[2026-08-13T13:27:50.970+0000] {logging_mixin.py:188} INFO - [2026-08-13T13:27:50.969+0000] {dagbag.py:545} INFO - Filling up the DagBag from /home/airflow/.local/lib/python3.12/site-packages/airflow/example_dags/example_skip_dag.py
[2026-08-13T13:27:50.981+0000] {processor.py:840} INFO - DAG(s) 'example_skip_dag' retrieved from /home/airflow/.local/lib/python3.12/site-packages/airflow/example_dags/example_skip_dag.py
[2026-08-13T13:27:51.014+0000] {logging_mixin.py:188} INFO - [2026-08-13T13:27:51.014+0000] {dag.py:3089} INFO - Sync 1 DAGs
[2026-08-13T13:27:51.052+0000] {logging_mixin.py:188} INFO - [2026-08-13T13:27:51.052+0000] {dag.py:3947} INFO - Setting next_dagrun for example_skip_dag to 2026-08-12 00:00:00+00:00, run_after=2026-08-13 00:00:00+00:00
[2026-08-13T13:27:51.083+0000] {processor.py:183} INFO - Processing /home/airflow/.local/lib/python3.12/site-packages/airflow/example_dags/example_skip_dag.py took 0.132 seconds
[2026-08-13T13:28:23.946+0000] {processor.py:161} INFO - Started process (PID=591) to work on /home/airflow/.local/lib/python3.12/site-packages/airflow/example_dags/example_skip_dag.py
[2026-08-13T13:28:23.950+0000] {processor.py:830} INFO - Processing file /home/airflow/.local/lib/python3.12/site-packages/airflow/example_dags/example_skip_dag.py for tasks to queue
[2026-08-13T13:28:23.957+0000] {logging_mixin.py:188} INFO - [2026-08-13T13:28:23.956+0000] {dagbag.py:545} INFO - Filling up the DagBag from /home/airflow/.local/lib/python3.12/site-packages/airflow/example_dags/example_skip_dag.py
[2026-08-13T13:28:23.983+0000] {processor.py:840} INFO - DAG(s) 'example_skip_dag' retrieved from /home/airflow/.local/lib/python3.12/site-packages/airflow/example_dags/example_skip_dag.py
[2026-08-13T13:28:24.055+0000] {logging_mixin.py:188} INFO - [2026-08-13T13:28:24.054+0000] {dag.py:3089} INFO - Sync 1 DAGs
[2026-08-13T13:28:24.124+0000] {logging_mixin.py:188} INFO - [2026-08-13T13:28:24.123+0000] {dag.py:3947} INFO - Setting next_dagrun for example_skip_dag to 2026-08-12 00:00:00+00:00, run_after=2026-08-13 00:00:00+00:00
[2026-08-13T13:28:24.179+0000] {processor.py:183} INFO - Processing /home/airflow/.local/lib/python3.12/site-packages/airflow/example_dags/example_skip_dag.py took 0.249 seconds
[2026-08-13T13:28:57.107+0000] {processor.py:161} INFO - Started process (PID=664) to work on /home/airflow/.local/lib/python3.12/site-packages/airflow/example_dags/example_skip_dag.py
[2026-08-13T13:28:57.110+0000] {processor.py:830} INFO - Processing file /home/airflow/.local/lib/python3.12/site-packages/airflow/example_dags/example_skip_dag.py for tasks to queue
[2026-08-13T13:28:57.117+0000] {logging_mixin.py:188} INFO - [2026-08-13T13:28:57.116+0000] {dagbag.py:545} INFO - Filling up the DagBag from /home/airflow/.local/lib/python3.12/site-packages/airflow/example_dags/example_skip_dag.py
[2026-08-13T13:28:57.134+0000] {processor.py:840} INFO - DAG(s) 'example_skip_dag' retrieved from /home/airflow/.local/lib/python3.12/site-packages/airflow/example_dags/example_skip_dag.py
[2026-08-13T13:28:57.196+0000] {logging_mixin.py:188} INFO - [2026-08-13T13:28:57.196+0000] {dag.py:3089} INFO - Sync 1 DAGs
[2026-08-13T13:28:57.246+0000] {logging_mixin.py:188} INFO - [2026-08-13T13:28:57.245+0000] {dag.py:3947} INFO - Setting next_dagrun for example_skip_dag to 2026-08-12 00:00:00+00:00, run_after=2026-08-13 00:00:00+00:00
[2026-08-13T13:28:57.291+0000] {processor.py:183} INFO - Processing /home/airflow/.local/lib/python3.12/site-packages/airflow/example_dags/example_skip_dag.py took 0.200 seconds
[2026-08-13T13:29:30.854+0000] {processor.py:161} INFO - Started process (PID=738) to work on /home/airflow/.local/lib/python3.12/site-packages/airflow/example_dags/example_skip_dag.py
[2026-08-13T13:29:30.857+0000] {processor.py:830} INFO - Processing file /home/airflow/.local/lib/python3.12/site-packages/airflow/example_dags/example_skip_dag.py for tasks to queue
[2026-08-13T13:29:30.862+0000] {logging_mixin.py:188} INFO - [2026-08-13T13:29:30.861+0000] {dagbag.py:545} INFO - Filling up the DagBag from /home/airflow/.local/lib/python3.12/site-packages/airflow/example_dags/example_skip_dag.py
[2026-08-13T13:29:30.878+0000] {processor.py:840} INFO - DAG(s) 'example_skip_dag' retrieved from /home/airflow/.local/lib/python3.12/site-packages/airflow/example_dags/example_skip_dag.py
[2026-08-13T13:29:30.955+0000] {logging_mixin.py:188} INFO - [2026-08-13T13:29:30.955+0000] {dag.py:3089} INFO - Sync 1 DAGs
[2026-08-13T13:29:31.028+0000] {logging_mixin.py:188} INFO - [2026-08-13T13:29:31.028+0000] {dag.py:3947} INFO - Setting next_dagrun for example_skip_dag to 2026-08-12 00:00:00+00:00, run_after=2026-08-13 00:00:00+00:00
[2026-08-13T13:29:31.098+0000] {processor.py:183} INFO - Processing /home/airflow/.local/lib/python3.12/site-packages/airflow/example_dags/example_skip_dag.py took 0.260 seconds
[2026-08-13T13:30:03.859+0000] {processor.py:161} INFO - Started process (PID=811) to work on /home/airflow/.local/lib/python3.12/site-packages/airflow/example_dags/example_skip_dag.py
[2026-08-13T13:30:03.873+0000] {processor.py:830} INFO - Processing file /home/airflow/.local/lib/python3.12/site-packages/airflow/example_dags/example_skip_dag.py for tasks to queue
[2026-08-13T13:30:03.925+0000] {logging_mixin.py:188} INFO - [2026-08-13T13:30:03.924+0000] {dagbag.py:545} INFO - Filling up the DagBag from /home/airflow/.local/lib/python3.12/site-packages/airflow/example_dags/example_skip_dag.py
[2026-08-13T13:30:03.962+0000] {processor.py:840} INFO - DAG(s) 'example_skip_dag' retrieved from /home/airflow/.local/lib/python3.12/site-packages/airflow/example_dags/example_skip_dag.py
[2026-08-13T13:30:04.047+0000] {logging_mixin.py:188} INFO - [2026-08-13T13:30:04.046+0000] {dag.py:3089} INFO - Sync 1 DAGs
[2026-08-13T13:30:04.123+0000] {logging_mixin.py:188} INFO - [2026-08-13T13:30:04.123+0000] {dag.py:3947} INFO - Setting next_dagrun for example_skip_dag to 2026-08-12 00:00:00+00:00, run_after=2026-08-13 00:00:00+00:00
[2026-08-13T13:30:04.259+0000] {processor.py:183} INFO - Processing /home/airflow/.local/lib/python3.12/site-packages/airflow/example_dags/example_skip_dag.py took 0.435 seconds
[2026-08-13T13:30:36.594+0000] {processor.py:161} INFO - Started process (PID=884) to work on /home/airflow/.local/lib/python3.12/site-packages/airflow/example_dags/example_skip_dag.py
[2026-08-13T13:30:36.598+0000] {processor.py:830} INFO - Processing file /home/airflow/.local/lib/python3.12/site-packages/airflow/example_dags/example_skip_dag.py for tasks to queue
[2026-08-13T13:30:36.613+0000] {logging_mixin.py:188} INFO - [2026-08-13T13:30:36.612+0000] {dagbag.py:545} INFO - Filling up the DagBag from /home/airflow/.local/lib/python3.12/site-packages/airflow/example_dags/example_skip_dag.py
[2026-08-13T13:30:36.686+0000] {processor.py:840} INFO - DAG(s) 'example_skip_dag' retrieved from /home/airflow/.local/lib/python3.12/site-packages/airflow/example_dags/example_skip_dag.py
[2026-08-13T13:30:36.796+0000] {logging_mixin.py:188} INFO - [2026-08-13T13:30:36.795+0000] {dag.py:3089} INFO - Sync 1 DAGs
[2026-08-13T13:30:36.866+0000] {logging_mixin.py:188} INFO - [2026-08-13T13:30:36.865+0000] {dag.py:3947} INFO - Setting next_dagrun for example_skip_dag to 2026-08-12 00:00:00+00:00, run_after=2026-08-13 00:00:00+00:00
[2026-08-13T13:30:36.928+0000] {processor.py:183} INFO - Processing /home/airflow/.local/lib/python3.12/site-packages/airflow/example_dags/example_skip_dag.py took 0.353 seconds
[2026-08-13T13:31:08.163+0000] {processor.py:161} INFO - Started process (PID=950) to work on /home/airflow/.local/lib/python3.12/site-packages/airflow/example_dags/example_skip_dag.py
[2026-08-13T13:31:08.165+0000] {processor.py:830} INFO - Processing file /home/airflow/.local/lib/python3.12/site-packages/airflow/example_dags/example_skip_dag.py for tasks to queue
[2026-08-13T13:31:08.171+0000] {logging_mixin.py:188} INFO - [2026-08-13T13:31:08.170+0000] {dagbag.py:545} INFO - Filling up the DagBag from /home/airflow/.local/lib/python3.12/site-packages/airflow/example_dags/example_skip_dag.py
[2026-08-13T13:31:08.190+0000] {processor.py:840} INFO - DAG(s) 'example_skip_dag' retrieved from /home/airflow/.local/lib/python3.12/site-packages/airflow/example_dags/example_skip_dag.py
[2026-08-13T13:31:08.249+0000] {logging_mixin.py:188} INFO - [2026-08-13T13:31:08.249+0000] {dag.py:3089} INFO - Sync 1 DAGs
[2026-08-13T13:31:08.317+0000] {logging_mixin.py:188} INFO - [2026-08-13T13:31:08.316+0000] {dag.py:3947} INFO - Setting next_dagrun for example_skip_dag to 2026-08-12 00:00:00+00:00, run_after=2026-08-13 00:00:00+00:00
[2026-08-13T13:31:08.372+0000] {processor.py:183} INFO - Processing /home/airflow/.local/lib/python3.12/site-packages/airflow/example_dags/example_skip_dag.py took 0.222 seconds
[2026-08-13T13:31:41.526+0000] {processor.py:161} INFO - Started process (PID=1024) to work on /home/airflow/.local/lib/python3.12/site-packages/airflow/example_dags/example_skip_dag.py
[2026-08-13T13:31:41.529+0000] {processor.py:830} INFO - Processing file /home/airflow/.local/lib/python3.12/site-packages/airflow/example_dags/example_skip_dag.py for tasks to queue
[2026-08-13T13:31:41.537+0000] {logging_mixin.py:188} INFO - [2026-08-13T13:31:41.536+0000] {dagbag.py:545} INFO - Filling up the DagBag from /home/airflow/.local/lib/python3.12/site-packages/airflow/example_dags/example_skip_dag.py
[2026-08-13T13:31:41.561+0000] {processor.py:840} INFO - DAG(s) 'example_skip_dag' retrieved from /home/airflow/.local/lib/python3.12/site-packages/airflow/example_dags/example_skip_dag.py
[2026-08-13T13:31:41.613+0000] {logging_mixin.py:188} INFO - [2026-08-13T13:31:41.613+0000] {dag.py:3089} INFO - Sync 1 DAGs
[2026-08-13T13:31:41.695+0000] {logging_mixin.py:188} INFO - [2026-08-13T13:31:41.694+0000] {dag.py:3947} INFO - Setting next_dagrun for example_skip_dag to 2026-08-12 00:00:00+00:00, run_after=2026-08-13 00:00:00+00:00
[2026-08-13T13:31:41.756+0000] {processor.py:183} INFO - Processing /home/airflow/.local/lib/python3.12/site-packages/airflow/example_dags/example_skip_dag.py took 0.246 seconds
[2026-08-13T13:32:13.540+0000] {processor.py:161} INFO - Started process (PID=1097) to work on /home/airflow/.local/lib/python3.12/site-packages/airflow/example_dags/example_skip_dag.py
[2026-08-13T13:32:13.542+0000] {processor.py:830} INFO - Processing file /home/airflow/.local/lib/python3.12/site-packages/airflow/example_dags/example_skip_dag.py for tasks to queue
[2026-08-13T13:32:13.547+0000] {logging_mixin.py:188} INFO - [2026-08-13T13:32:13.546+0000] {dagbag.py:545} INFO - Filling up the DagBag from /home/airflow/.local/lib/python3.12/site-packages/airflow/example_dags/example_skip_dag.py
[2026-08-13T13:32:13.558+0000] {processor.py:840} INFO - DAG(s) 'example_skip_dag' retrieved from /home/airflow/.local/lib/python3.12/site-packages/airflow/example_dags/example_skip_dag.py
[2026-08-13T13:32:13.611+0000] {logging_mixin.py:188} INFO - [2026-08-13T13:32:13.610+0000] {dag.py:3089} INFO - Sync 1 DAGs
[2026-08-13T13:32:13.672+0000] {logging_mixin.py:188} INFO - [2026-08-13T13:32:13.671+0000] {dag.py:3947} INFO - Setting next_dagrun for example_skip_dag to 2026-08-12 00:00:00+00:00, run_after=2026-08-13 00:00:00+00:00
[2026-08-13T13:32:13.719+0000] {processor.py:183} INFO - Processing /home/airflow/.local/lib/python3.12/site-packages/airflow/example_dags/example_skip_dag.py took 0.188 seconds
[2026-08-13T13:32:47.249+0000] {processor.py:161} INFO - Started process (PID=1171) to work on /home/airflow/.local/lib/python3.12/site-packages/airflow/example_dags/example_skip_dag.py
[2026-08-13T13:32:47.254+0000] {processor.py:830} INFO - Processing file /home/airflow/.local/lib/python3.12/site-packages/airflow/example_dags/example_skip_dag.py for tasks to queue
[2026-08-13T13:32:47.266+0000] {logging_mixin.py:188} INFO - [2026-08-13T13:32:47.264+0000] {dagbag.py:545} INFO - Filling up the DagBag from /home/airflow/.local/lib/python3.12/site-packages/airflow/example_dags/example_skip_dag.py
[2026-08-13T13:32:47.296+0000] {processor.py:840} INFO - DAG(s) 'example_skip_dag' retrieved from /home/airflow/.local/lib/python3.12/site-packages/airflow/example_dags/example_skip_dag.py
[2026-08-13T13:32:47.356+0000] {logging_mixin.py:188} INFO - [2026-08-13T13:32:47.356+0000] {dag.py:3089} INFO - Sync 1 DAGs
[2026-08-13T13:32:47.411+0000] {logging_mixin.py:188} INFO - [2026-08-13T13:32:47.410+0000] {dag.py:3947} INFO - Setting next_dagrun for example_skip_dag to 2026-08-12 00:00:00+00:00, run_after=2026-08-13 00:00:00+00:00
[2026-08-13T13:32:47.464+0000] {processor.py:183} INFO - Processing /home/airflow/.local/lib/python3.12/site-packages/airflow/example_dags/example_skip_dag.py took 0.234 seconds
[2026-08-13T13:33:18.991+0000] {processor.py:161} INFO - Started process (PID=1244) to work on /home/airflow/.local/lib/python3.12/site-packages/airflow/example_dags/example_skip_dag.py
[2026-08-13T13:33:18.995+0000] {processor.py:830} INFO - Processing file /home/airflow/.local/lib/python3.12/site-packages/airflow/example_dags/example_skip_dag.py for tasks to queue
[2026-08-13T13:33:19.001+0000] {logging_mixin.py:188} INFO - [2026-08-13T13:33:19.001+0000] {dagbag.py:545} INFO - Filling up the DagBag from /home/airflow/.local/lib/python3.12/site-packages/airflow/example_dags/example_skip_dag.py
[2026-08-13T13:33:19.027+0000] {processor.py:840} INFO - DAG(s) 'example_skip_dag' retrieved from /home/airflow/.local/lib/python3.12/site-packages/airflow/example_dags/example_skip_dag.py
[2026-08-13T13:33:19.085+0000] {logging_mixin.py:188} INFO - [2026-08-13T13:33:19.084+0000] {dag.py:3089} INFO - Sync 1 DAGs
[2026-08-13T13:33:19.145+0000] {logging_mixin.py:188} INFO - [2026-08-13T13:33:19.145+0000] {dag.py:3947} INFO - Setting next_dagrun for example_skip_dag to 2026-08-12 00:00:00+00:00, run_after=2026-08-13 00:00:00+00:00
[2026-08-13T13:33:19.243+0000] {processor.py:183} INFO - Processing /home/airflow/.local/lib/python3.12/site-packages/airflow/example_dags/example_skip_dag.py took 0.268 seconds
[2026-08-13T13:33:52.459+0000] {processor.py:161} INFO - Started process (PID=1318) to work on /home/airflow/.local/lib/python3.12/site-packages/airflow/example_dags/example_skip_dag.py
[2026-08-13T13:33:52.462+0000] {processor.py:830} INFO - Processing file /home/airflow/.local/lib/python3.12/site-packages/airflow/example_dags/example_skip_dag.py for tasks to queue
[2026-08-13T13:33:52.469+0000] {logging_mixin.py:188} INFO - [2026-08-13T13:33:52.468+0000] {dagbag.py:545} INFO - Filling up the DagBag from /home/airflow/.local/lib/python3.12/site-packages/airflow/example_dags/example_skip_dag.py
[2026-08-13T13:33:52.493+0000] {processor.py:840} INFO - DAG(s) 'example_skip_dag' retrieved from /home/airflow/.local/lib/python3.12/site-packages/airflow/example_dags/example_skip_dag.py
[2026-08-13T13:33:52.578+0000] {logging_mixin.py:188} INFO - [2026-08-13T13:33:52.577+0000] {dag.py:3089} INFO - Sync 1 DAGs
[2026-08-13T13:33:52.674+0000] {logging_mixin.py:188} INFO - [2026-08-13T13:33:52.673+0000] {dag.py:3947} INFO - Setting next_dagrun for example_skip_dag to 2026-08-12 00:00:00+00:00, run_after=2026-08-13 00:00:00+00:00
[2026-08-13T13:33:52.783+0000] {processor.py:183} INFO - Processing /home/airflow/.local/lib/python3.12/site-packages/airflow/example_dags/example_skip_dag.py took 0.349 seconds
[2026-08-13T13:34:24.376+0000] {processor.py:161} INFO - Started process (PID=1391) to work on /home/airflow/.local/lib/python3.12/site-packages/airflow/example_dags/example_skip_dag.py
[2026-08-13T13:34:24.381+0000] {processor.py:830} INFO - Processing file /home/airflow/.local/lib/python3.12/site-packages/airflow/example_dags/example_skip_dag.py for tasks to queue
[2026-08-13T13:34:24.387+0000] {logging_mixin.py:188} INFO - [2026-08-13T13:34:24.386+0000] {dagbag.py:545} INFO - Filling up the DagBag from /home/airflow/.local/lib/python3.12/site-packages/airflow/example_dags/example_skip_dag.py
[2026-08-13T13:34:24.403+0000] {processor.py:840} INFO - DAG(s) 'example_skip_dag' retrieved from /home/airflow/.local/lib/python3.12/site-packages/airflow/example_dags/example_skip_dag.py
[2026-08-13T13:34:24.447+0000] {logging_mixin.py:188} INFO - [2026-08-13T13:34:24.446+0000] {dag.py:3089} INFO - Sync 1 DAGs
[2026-08-13T13:34:24.501+0000] {logging_mixin.py:188} INFO - [2026-08-13T13:34:24.500+0000] {dag.py:3947} INFO - Setting next_dagrun for example_skip_dag to 2026-08-12 00:00:00+00:00, run_after=2026-08-13 00:00:00+00:00
[2026-08-13T13:34:24.545+0000] {processor.py:183} INFO - Processing /home/airflow/.local/lib/python3.12/site-packages/airflow/example_dags/example_skip_dag.py took 0.179 seconds
[2026-08-13T13:34:57.043+0000] {processor.py:161} INFO - Started process (PID=1465) to work on /home/airflow/.local/lib/python3.12/site-packages/airflow/example_dags/example_skip_dag.py
[2026-08-13T13:34:57.047+0000] {processor.py:830} INFO - Processing file /home/airflow/.local/lib/python3.12/site-packages/airflow/example_dags/example_skip_dag.py for tasks to queue
[2026-08-13T13:34:57.053+0000] {logging_mixin.py:188} INFO - [2026-08-13T13:34:57.052+0000] {dagbag.py:545} INFO - Filling up the DagBag from /home/airflow/.local/lib/python3.12/site-packages/airflow/example_dags/example_skip_dag.py
[2026-08-13T13:34:57.070+0000] {processor.py:840} INFO - DAG(s) 'example_skip_dag' retrieved from /home/airflow/.local/lib/python3.12/site-packages/airflow/example_dags/example_skip_dag.py
[2026-08-13T13:34:57.121+0000] {logging_mixin.py:188} INFO - [2026-08-13T13:34:57.121+0000] {dag.py:3089} INFO - Sync 1 DAGs
[2026-08-13T13:34:57.186+0000] {logging_mixin.py:188} INFO - [2026-08-13T13:34:57.185+0000] {dag.py:3947} INFO - Setting next_dagrun for example_skip_dag to 2026-08-12 00:00:00+00:00, run_after=2026-08-13 00:00:00+00:00
[2026-08-13T13:34:57.251+0000] {processor.py:183} INFO - Processing /home/airflow/.local/lib/python3.12/site-packages/airflow/example_dags/example_skip_dag.py took 0.222 seconds
[2026-08-13T13:35:29.817+0000] {processor.py:161} INFO - Started process (PID=1538) to work on /home/airflow/.local/lib/python3.12/site-packages/airflow/example_dags/example_skip_dag.py
[2026-08-13T13:35:29.827+0000] {processor.py:830} INFO - Processing file /home/airflow/.local/lib/python3.12/site-packages/airflow/example_dags/example_skip_dag.py for tasks to queue
[2026-08-13T13:35:29.856+0000] {logging_mixin.py:188} INFO - [2026-08-13T13:35:29.851+0000] {dagbag.py:545} INFO - Filling up the DagBag from /home/airflow/.local/lib/python3.12/site-packages/airflow/example_dags/example_skip_dag.py
[2026-08-13T13:35:29.918+0000] {processor.py:840} INFO - DAG(s) 'example_skip_dag' retrieved from /home/airflow/.local/lib/python3.12/site-packages/airflow/example_dags/example_skip_dag.py
[2026-08-13T13:35:30.023+0000] {logging_mixin.py:188} INFO - [2026-08-13T13:35:30.022+0000] {dag.py:3089} INFO - Sync 1 DAGs
[2026-08-13T13:35:30.116+0000] {logging_mixin.py:188} INFO - [2026-08-13T13:35:30.115+0000] {dag.py:3947} INFO - Setting next_dagrun for example_skip_dag to 2026-08-12 00:00:00+00:00, run_after=2026-08-13 00:00:00+00:00
[2026-08-13T13:35:30.179+0000] {processor.py:183} INFO - Processing /home/airflow/.local/lib/python3.12/site-packages/airflow/example_dags/example_skip_dag.py took 0.398 seconds
[2026-08-13T13:36:02.248+0000] {processor.py:161} INFO - Started process (PID=1611) to work on /home/airflow/.local/lib/python3.12/site-packages/airflow/example_dags/example_skip_dag.py
[2026-08-13T13:36:02.252+0000] {processor.py:830} INFO - Processing file /home/airflow/.local/lib/python3.12/site-packages/airflow/example_dags/example_skip_dag.py for tasks to queue
[2026-08-13T13:36:02.257+0000] {logging_mixin.py:188} INFO - [2026-08-13T13:36:02.256+0000] {dagbag.py:545} INFO - Filling up the DagBag from /home/airflow/.local/lib/python3.12/site-packages/airflow/example_dags/example_skip_dag.py
[2026-08-13T13:36:02.277+0000] {processor.py:840} INFO - DAG(s) 'example_skip_dag' retrieved from /home/airflow/.local/lib/python3.12/site-packages/airflow/example_dags/example_skip_dag.py
[2026-08-13T13:36:02.322+0000] {logging_mixin.py:188} INFO - [2026-08-13T13:36:02.321+0000] {dag.py:3089} INFO - Sync 1 DAGs
[2026-08-13T13:36:02.373+0000] {logging_mixin.py:188} INFO - [2026-08-13T13:36:02.373+0000] {dag.py:3947} INFO - Setting next_dagrun for example_skip_dag to 2026-08-12 00:00:00+00:00, run_after=2026-08-13 00:00:00+00:00
[2026-08-13T13:36:02.420+0000] {processor.py:183} INFO - Processing /home/airflow/.local/lib/python3.12/site-packages/airflow/example_dags/example_skip_dag.py took 0.189 seconds
[2026-08-13T13:36:35.370+0000] {processor.py:161} INFO - Started process (PID=1684) to work on /home/airflow/.local/lib/python3.12/site-packages/airflow/example_dags/example_skip_dag.py
[2026-08-13T13:36:35.374+0000] {processor.py:830} INFO - Processing file /home/airflow/.local/lib/python3.12/site-packages/airflow/example_dags/example_skip_dag.py for tasks to queue
[2026-08-13T13:36:35.382+0000] {logging_mixin.py:188} INFO - [2026-08-13T13:36:35.381+0000] {dagbag.py:545} INFO - Filling up the DagBag from /home/airflow/.local/lib/python3.12/site-packages/airflow/example_dags/example_skip_dag.py
[2026-08-13T13:36:35.404+0000] {processor.py:840} INFO - DAG(s) 'example_skip_dag' retrieved from /home/airflow/.local/lib/python3.12/site-packages/airflow/example_dags/example_skip_dag.py
[2026-08-13T13:36:35.510+0000] {logging_mixin.py:188} INFO - [2026-08-13T13:36:35.509+0000] {dag.py:3089} INFO - Sync 1 DAGs
[2026-08-13T13:36:35.594+0000] {logging_mixin.py:188} INFO - [2026-08-13T13:36:35.593+0000] {dag.py:3947} INFO - Setting next_dagrun for example_skip_dag to 2026-08-12 00:00:00+00:00, run_after=2026-08-13 00:00:00+00:00
[2026-08-13T13:36:35.684+0000] {processor.py:183} INFO - Processing /home/airflow/.local/lib/python3.12/site-packages/airflow/example_dags/example_skip_dag.py took 0.333 seconds
[2026-08-13T13:37:07.729+0000] {processor.py:161} INFO - Started process (PID=1757) to work on /home/airflow/.local/lib/python3.12/site-packages/airflow/example_dags/example_skip_dag.py
[2026-08-13T13:37:07.732+0000] {processor.py:830} INFO - Processing file /home/airflow/.local/lib/python3.12/site-packages/airflow/example_dags/example_skip_dag.py for tasks to queue
[2026-08-13T13:37:07.738+0000] {logging_mixin.py:188} INFO - [2026-08-13T13:37:07.737+0000] {dagbag.py:545} INFO - Filling up the DagBag from /home/airflow/.local/lib/python3.12/site-packages/airflow/example_dags/example_skip_dag.py
[2026-08-13T13:37:07.755+0000] {processor.py:840} INFO - DAG(s) 'example_skip_dag' retrieved from /home/airflow/.local/lib/python3.12/site-packages/airflow/example_dags/example_skip_dag.py
[2026-08-13T13:37:07.794+0000] {logging_mixin.py:188} INFO - [2026-08-13T13:37:07.793+0000] {dag.py:3089} INFO - Sync 1 DAGs
[2026-08-13T13:37:07.840+0000] {logging_mixin.py:188} INFO - [2026-08-13T13:37:07.840+0000] {dag.py:3947} INFO - Setting next_dagrun for example_skip_dag to 2026-08-12 00:00:00+00:00, run_after=2026-08-13 00:00:00+00:00
[2026-08-13T13:37:07.882+0000] {processor.py:183} INFO - Processing /home/airflow/.local/lib/python3.12/site-packages/airflow/example_dags/example_skip_dag.py took 0.164 seconds
[2026-08-13T13:37:41.003+0000] {processor.py:161} INFO - Started process (PID=1831) to work on /home/airflow/.local/lib/python3.12/site-packages/airflow/example_dags/example_skip_dag.py
[2026-08-13T13:37:41.006+0000] {processor.py:830} INFO - Processing file /home/airflow/.local/lib/python3.12/site-packages/airflow/example_dags/example_skip_dag.py for tasks to queue
[2026-08-13T13:37:41.014+0000] {logging_mixin.py:188} INFO - [2026-08-13T13:37:41.013+0000] {dagbag.py:545} INFO - Filling up the DagBag from /home/airflow/.local/lib/python3.12/site-packages/airflow/example_dags/example_skip_dag.py
[2026-08-13T13:37:41.040+0000] {processor.py:840} INFO - DAG(s) 'example_skip_dag' retrieved from /home/airflow/.local/lib/python3.12/site-packages/airflow/example_dags/example_skip_dag.py
[2026-08-13T13:37:41.103+0000] {logging_mixin.py:188} INFO - [2026-08-13T13:37:41.103+0000] {dag.py:3089} INFO - Sync 1 DAGs
[2026-08-13T13:37:41.172+0000] {logging_mixin.py:188} INFO - [2026-08-13T13:37:41.170+0000] {dag.py:3947} INFO - Setting next_dagrun for example_skip_dag to 2026-08-12 00:00:00+00:00, run_after=2026-08-13 00:00:00+00:00
[2026-08-13T13:37:41.233+0000] {processor.py:183} INFO - Processing /home/airflow/.local/lib/python3.12/site-packages/airflow/example_dags/example_skip_dag.py took 0.254 seconds
[2026-08-13T13:38:13.495+0000] {processor.py:161} INFO - Started process (PID=1905) to work on /home/airflow/.local/lib/python3.12/site-packages/airflow/example_dags/example_skip_dag.py
[2026-08-13T13:38:13.498+0000] {processor.py:830} INFO - Processing file /home/airflow/.local/lib/python3.12/site-packages/airflow/example_dags/example_skip_dag.py for tasks to queue
[2026-08-13T13:38:13.504+0000] {logging_mixin.py:188} INFO - [2026-08-13T13:38:13.503+0000] {dagbag.py:545} INFO - Filling up the DagBag from /home/airflow/.local/lib/python3.12/site-packages/airflow/example_dags/example_skip_dag.py
[2026-08-13T13:38:13.516+0000] {processor.py:840} INFO - DAG(s) 'example_skip_dag' retrieved from /home/airflow/.local/lib/python3.12/site-packages/airflow/example_dags/example_skip_dag.py
[2026-08-13T13:38:13.554+0000] {logging_mixin.py:188} INFO - [2026-08-13T13:38:13.554+0000] {dag.py:3089} INFO - Sync 1 DAGs
[2026-08-13T13:38:13.592+0000] {logging_mixin.py:188} INFO - [2026-08-13T13:38:13.592+0000] {dag.py:3947} INFO - Setting next_dagrun for example_skip_dag to 2026-08-12 00:00:00+00:00, run_after=2026-08-13 00:00:00+00:00
[2026-08-13T13:38:13.630+0000] {processor.py:183} INFO - Processing /home/airflow/.local/lib/python3.12/site-packages/airflow/example_dags/example_skip_dag.py took 0.144 seconds
[2026-08-13T13:38:47.893+0000] {processor.py:161} INFO - Started process (PID=1979) to work on /home/airflow/.local/lib/python3.12/site-packages/airflow/example_dags/example_skip_dag.py
[2026-08-13T13:38:47.897+0000] {processor.py:830} INFO - Processing file /home/airflow/.local/lib/python3.12/site-packages/airflow/example_dags/example_skip_dag.py for tasks to queue
[2026-08-13T13:38:47.910+0000] {logging_mixin.py:188} INFO - [2026-08-13T13:38:47.908+0000] {dagbag.py:545} INFO - Filling up the DagBag from /home/airflow/.local/lib/python3.12/site-packages/airflow/example_dags/example_skip_dag.py
[2026-08-13T13:38:47.931+0000] {processor.py:840} INFO - DAG(s) 'example_skip_dag' retrieved from /home/airflow/.local/lib/python3.12/site-packages/airflow/example_dags/example_skip_dag.py
[2026-08-13T13:38:48.001+0000] {logging_mixin.py:188} INFO - [2026-08-13T13:38:48.000+0000] {dag.py:3089} INFO - Sync 1 DAGs
[2026-08-13T13:38:48.076+0000] {logging_mixin.py:188} INFO - [2026-08-13T13:38:48.075+0000] {dag.py:3947} INFO - Setting next_dagrun for example_skip_dag to 2026-08-12 00:00:00+00:00, run_after=2026-08-13 00:00:00+00:00
[2026-08-13T13:38:48.128+0000] {processor.py:183} INFO - Processing /home/airflow/.local/lib/python3.12/site-packages/airflow/example_dags/example_skip_dag.py took 0.263 seconds
[2026-08-13T13:39:20.819+0000] {processor.py:161} INFO - Started process (PID=2053) to work on /home/airflow/.local/lib/python3.12/site-packages/airflow/example_dags/example_skip_dag.py
[2026-08-13T13:39:20.824+0000] {processor.py:830} INFO - Processing file /home/airflow/.local/lib/python3.12/site-packages/airflow/example_dags/example_skip_dag.py for tasks to queue
[2026-08-13T13:39:20.829+0000] {logging_mixin.py:188} INFO - [2026-08-13T13:39:20.828+0000] {dagbag.py:545} INFO - Filling up the DagBag from /home/airflow/.local/lib/python3.12/site-packages/airflow/example_dags/example_skip_dag.py
[2026-08-13T13:39:20.840+0000] {processor.py:840} INFO - DAG(s) 'example_skip_dag' retrieved from /home/airflow/.local/lib/python3.12/site-packages/airflow/example_dags/example_skip_dag.py
[2026-08-13T13:39:20.880+0000] {logging_mixin.py:188} INFO - [2026-08-13T13:39:20.880+0000] {dag.py:3089} INFO - Sync 1 DAGs
[2026-08-13T13:39:20.916+0000] {logging_mixin.py:188} INFO - [2026-08-13T13:39:20.916+0000] {dag.py:3947} INFO - Setting next_dagrun for example_skip_dag to 2026-08-12 00:00:00+00:00, run_after=2026-08-13 00:00:00+00:00
[2026-08-13T13:39:20.957+0000] {processor.py:183} INFO - Processing /home/airflow/.local/lib/python3.12/site-packages/airflow/example_dags/example_skip_dag.py took 0.149 seconds
[2026-08-13T13:39:53.788+0000] {processor.py:161} INFO - Started process (PID=2126) to work on /home/airflow/.local/lib/python3.12/site-packages/airflow/example_dags/example_skip_dag.py
[2026-08-13T13:39:53.792+0000] {processor.py:830} INFO - Processing file /home/airflow/.local/lib/python3.12/site-packages/airflow/example_dags/example_skip_dag.py for tasks to queue
[2026-08-13T13:39:53.798+0000] {logging_mixin.py:188} INFO - [2026-08-13T13:39:53.797+0000] {dagbag.py:545} INFO - Filling up the DagBag from /home/airflow/.local/lib/python3.12/site-packages/airflow/example_dags/example_skip_dag.py
[2026-08-13T13:39:53.816+0000] {processor.py:840} INFO - DAG(s) 'example_skip_dag' retrieved from /home/airflow/.local/lib/python3.12/site-packages/airflow/example_dags/example_skip_dag.py
[2026-08-13T13:39:53.889+0000] {logging_mixin.py:188} INFO - [2026-08-13T13:39:53.889+0000] {dag.py:3089} INFO - Sync 1 DAGs
[2026-08-13T13:39:53.954+0000] {logging_mixin.py:188} INFO - [2026-08-13T13:39:53.953+0000] {dag.py:3947} INFO - Setting next_dagrun for example_skip_dag to 2026-08-12 00:00:00+00:00, run_after=2026-08-13 00:00:00+00:00
[2026-08-13T13:39:54.030+0000] {processor.py:183} INFO - Processing /home/airflow/.local/lib/python3.12/site-packages/airflow/example_dags/example_skip_dag.py took 0.258 seconds
[2026-08-13T13:40:26.768+0000] {processor.py:161} INFO - Started process (PID=2198) to work on /home/airflow/.local/lib/python3.12/site-packages/airflow/example_dags/example_skip_dag.py
[2026-08-13T13:40:26.772+0000] {processor.py:830} INFO - Processing file /home/airflow/.local/lib/python3.12/site-packages/airflow/example_dags/example_skip_dag.py for tasks to queue
[2026-08-13T13:40:26.778+0000] {logging_mixin.py:188} INFO - [2026-08-13T13:40:26.777+0000] {dagbag.py:545} INFO - Filling up the DagBag from /home/airflow/.local/lib/python3.12/site-packages/airflow/example_dags/example_skip_dag.py
[2026-08-13T13:40:26.795+0000] {processor.py:840} INFO - DAG(s) 'example_skip_dag' retrieved from /home/airflow/.local/lib/python3.12/site-packages/airflow/example_dags/example_skip_dag.py
[2026-08-13T13:40:26.857+0000] {logging_mixin.py:188} INFO - [2026-08-13T13:40:26.857+0000] {dag.py:3089} INFO - Sync 1 DAGs
[2026-08-13T13:40:26.925+0000] {logging_mixin.py:188} INFO - [2026-08-13T13:40:26.924+0000] {dag.py:3947} INFO - Setting next_dagrun for example_skip_dag to 2026-08-12 00:00:00+00:00, run_after=2026-08-13 00:00:00+00:00
[2026-08-13T13:40:26.988+0000] {processor.py:183} INFO - Processing /home/airflow/.local/lib/python3.12/site-packages/airflow/example_dags/example_skip_dag.py took 0.234 seconds
[2026-08-13T13:41:01.181+0000] {processor.py:161} INFO - Started process (PID=2271) to work on /home/airflow/.local/lib/python3.12/site-packages/airflow/example_dags/example_skip_dag.py
[2026-08-13T13:41:01.187+0000] {processor.py:830} INFO - Processing file /home/airflow/.local/lib/python3.12/site-packages/airflow/example_dags/example_skip_dag.py for tasks to queue
[2026-08-13T13:41:01.207+0000] {logging_mixin.py:188} INFO - [2026-08-13T13:41:01.205+0000] {dagbag.py:545} INFO - Filling up the DagBag from /home/airflow/.local/lib/python3.12/site-packages/airflow/example_dags/example_skip_dag.py
[2026-08-13T13:41:01.240+0000] {processor.py:840} INFO - DAG(s) 'example_skip_dag' retrieved from /home/airflow/.local/lib/python3.12/site-packages/airflow/example_dags/example_skip_dag.py
[2026-08-13T13:41:01.330+0000] {logging_mixin.py:188} INFO - [2026-08-13T13:41:01.330+0000] {dag.py:3089} INFO - Sync 1 DAGs
[2026-08-13T13:41:01.437+0000] {logging_mixin.py:188} INFO - [2026-08-13T13:41:01.436+0000] {dag.py:3947} INFO - Setting next_dagrun for example_skip_dag to 2026-08-12 00:00:00+00:00, run_after=2026-08-13 00:00:00+00:00
[2026-08-13T13:41:01.509+0000] {processor.py:183} INFO - Processing /home/airflow/.local/lib/python3.12/site-packages/airflow/example_dags/example_skip_dag.py took 0.358 seconds
[2026-08-13T13:41:32.317+0000] {processor.py:161} INFO - Started process (PID=2337) to work on /home/airflow/.local/lib/python3.12/site-packages/airflow/example_dags/example_skip_dag.py
[2026-08-13T13:41:32.321+0000] {processor.py:830} INFO - Processing file /home/airflow/.local/lib/python3.12/site-packages/airflow/example_dags/example_skip_dag.py for tasks to queue
[2026-08-13T13:41:32.332+0000] {logging_mixin.py:188} INFO - [2026-08-13T13:41:32.331+0000] {dagbag.py:545} INFO - Filling up the DagBag from /home/airflow/.local/lib/python3.12/site-packages/airflow/example_dags/example_skip_dag.py
[2026-08-13T13:41:32.353+0000] {processor.py:840} INFO - DAG(s) 'example_skip_dag' retrieved from /home/airflow/.local/lib/python3.12/site-packages/airflow/example_dags/example_skip_dag.py
[2026-08-13T13:41:32.415+0000] {logging_mixin.py:188} INFO - [2026-08-13T13:41:32.415+0000] {dag.py:3089} INFO - Sync 1 DAGs
[2026-08-13T13:41:32.471+0000] {logging_mixin.py:188} INFO - [2026-08-13T13:41:32.471+0000] {dag.py:3947} INFO - Setting next_dagrun for example_skip_dag to 2026-08-12 00:00:00+00:00, run_after=2026-08-13 00:00:00+00:00
[2026-08-13T13:41:33.261+0000] {processor.py:183} INFO - Processing /home/airflow/.local/lib/python3.12/site-packages/airflow/example_dags/example_skip_dag.py took 0.964 seconds
[2026-08-13T13:42:03.472+0000] {processor.py:161} INFO - Started process (PID=2409) to work on /home/airflow/.local/lib/python3.12/site-packages/airflow/example_dags/example_skip_dag.py
[2026-08-13T13:42:03.475+0000] {processor.py:830} INFO - Processing file /home/airflow/.local/lib/python3.12/site-packages/airflow/example_dags/example_skip_dag.py for tasks to queue
[2026-08-13T13:42:03.484+0000] {logging_mixin.py:188} INFO - [2026-08-13T13:42:03.482+0000] {dagbag.py:545} INFO - Filling up the DagBag from /home/airflow/.local/lib/python3.12/site-packages/airflow/example_dags/example_skip_dag.py
[2026-08-13T13:42:03.504+0000] {processor.py:840} INFO - DAG(s) 'example_skip_dag' retrieved from /home/airflow/.local/lib/python3.12/site-packages/airflow/example_dags/example_skip_dag.py
[2026-08-13T13:42:03.555+0000] {logging_mixin.py:188} INFO - [2026-08-13T13:42:03.555+0000] {dag.py:3089} INFO - Sync 1 DAGs
[2026-08-13T13:42:03.597+0000] {logging_mixin.py:188} INFO - [2026-08-13T13:42:03.596+0000] {dag.py:3947} INFO - Setting next_dagrun for example_skip_dag to 2026-08-12 00:00:00+00:00, run_after=2026-08-13 00:00:00+00:00
[2026-08-13T13:42:03.645+0000] {processor.py:183} INFO - Processing /home/airflow/.local/lib/python3.12/site-packages/airflow/example_dags/example_skip_dag.py took 0.187 seconds
[2026-08-13T13:42:34.270+0000] {processor.py:161} INFO - Started process (PID=2481) to work on /home/airflow/.local/lib/python3.12/site-packages/airflow/example_dags/example_skip_dag.py
[2026-08-13T13:42:34.273+0000] {processor.py:830} INFO - Processing file /home/airflow/.local/lib/python3.12/site-packages/airflow/example_dags/example_skip_dag.py for tasks to queue
[2026-08-13T13:42:34.279+0000] {logging_mixin.py:188} INFO - [2026-08-13T13:42:34.278+0000] {dagbag.py:545} INFO - Filling up the DagBag from /home/airflow/.local/lib/python3.12/site-packages/airflow/example_dags/example_skip_dag.py
[2026-08-13T13:42:34.291+0000] {processor.py:840} INFO - DAG(s) 'example_skip_dag' retrieved from /home/airflow/.local/lib/python3.12/site-packages/airflow/example_dags/example_skip_dag.py
[2026-08-13T13:42:34.345+0000] {logging_mixin.py:188} INFO - [2026-08-13T13:42:34.345+0000] {dag.py:3089} INFO - Sync 1 DAGs
[2026-08-13T13:42:34.386+0000] {logging_mixin.py:188} INFO - [2026-08-13T13:42:34.386+0000] {dag.py:3947} INFO - Setting next_dagrun for example_skip_dag to 2026-08-12 00:00:00+00:00, run_after=2026-08-13 00:00:00+00:00
[2026-08-13T13:42:34.433+0000] {processor.py:183} INFO - Processing /home/airflow/.local/lib/python3.12/site-packages/airflow/example_dags/example_skip_dag.py took 0.174 seconds
[2026-08-13T13:43:05.442+0000] {processor.py:161} INFO - Started process (PID=2553) to work on /home/airflow/.local/lib/python3.12/site-packages/airflow/example_dags/example_skip_dag.py
[2026-08-13T13:43:05.447+0000] {processor.py:830} INFO - Processing file /home/airflow/.local/lib/python3.12/site-packages/airflow/example_dags/example_skip_dag.py for tasks to queue
[2026-08-13T13:43:05.453+0000] {logging_mixin.py:188} INFO - [2026-08-13T13:43:05.452+0000] {dagbag.py:545} INFO - Filling up the DagBag from /home/airflow/.local/lib/python3.12/site-packages/airflow/example_dags/example_skip_dag.py
[2026-08-13T13:43:05.475+0000] {processor.py:840} INFO - DAG(s) 'example_skip_dag' retrieved from /home/airflow/.local/lib/python3.12/site-packages/airflow/example_dags/example_skip_dag.py
[2026-08-13T13:43:05.531+0000] {logging_mixin.py:188} INFO - [2026-08-13T13:43:05.531+0000] {dag.py:3089} INFO - Sync 1 DAGs
[2026-08-13T13:43:05.592+0000] {logging_mixin.py:188} INFO - [2026-08-13T13:43:05.592+0000] {dag.py:3947} INFO - Setting next_dagrun for example_skip_dag to 2026-08-12 00:00:00+00:00, run_after=2026-08-13 00:00:00+00:00
[2026-08-13T13:43:05.650+0000] {processor.py:183} INFO - Processing /home/airflow/.local/lib/python3.12/site-packages/airflow/example_dags/example_skip_dag.py took 0.222 seconds
[2026-08-13T13:43:35.949+0000] {processor.py:161} INFO - Started process (PID=2623) to work on /home/airflow/.local/lib/python3.12/site-packages/airflow/example_dags/example_skip_dag.py
[2026-08-13T13:43:35.952+0000] {processor.py:830} INFO - Processing file /home/airflow/.local/lib/python3.12/site-packages/airflow/example_dags/example_skip_dag.py for tasks to queue
[2026-08-13T13:43:35.958+0000] {logging_mixin.py:188} INFO - [2026-08-13T13:43:35.957+0000] {dagbag.py:545} INFO - Filling up the DagBag from /home/airflow/.local/lib/python3.12/site-packages/airflow/example_dags/example_skip_dag.py
[2026-08-13T13:43:35.974+0000] {processor.py:840} INFO - DAG(s) 'example_skip_dag' retrieved from /home/airflow/.local/lib/python3.12/site-packages/airflow/example_dags/example_skip_dag.py
[2026-08-13T13:43:36.040+0000] {logging_mixin.py:188} INFO - [2026-08-13T13:43:36.038+0000] {dag.py:3089} INFO - Sync 1 DAGs
[2026-08-13T13:43:36.121+0000] {logging_mixin.py:188} INFO - [2026-08-13T13:43:36.121+0000] {dag.py:3947} INFO - Setting next_dagrun for example_skip_dag to 2026-08-12 00:00:00+00:00, run_after=2026-08-13 00:00:00+00:00
[2026-08-13T13:43:36.167+0000] {processor.py:183} INFO - Processing /home/airflow/.local/lib/python3.12/site-packages/airflow/example_dags/example_skip_dag.py took 0.232 seconds
[2026-08-13T13:44:06.478+0000] {processor.py:161} INFO - Started process (PID=2696) to work on /home/airflow/.local/lib/python3.12/site-packages/airflow/example_dags/example_skip_dag.py
[2026-08-13T13:44:06.481+0000] {processor.py:830} INFO - Processing file /home/airflow/.local/lib/python3.12/site-packages/airflow/example_dags/example_skip_dag.py for tasks to queue
[2026-08-13T13:44:06.485+0000] {logging_mixin.py:188} INFO - [2026-08-13T13:44:06.484+0000] {dagbag.py:545} INFO - Filling up the DagBag from /home/airflow/.local/lib/python3.12/site-packages/airflow/example_dags/example_skip_dag.py
[2026-08-13T13:44:06.497+0000] {processor.py:840} INFO - DAG(s) 'example_skip_dag' retrieved from /home/airflow/.local/lib/python3.12/site-packages/airflow/example_dags/example_skip_dag.py
[2026-08-13T13:44:06.538+0000] {logging_mixin.py:188} INFO - [2026-08-13T13:44:06.537+0000] {dag.py:3089} INFO - Sync 1 DAGs
[2026-08-13T13:44:06.578+0000] {logging_mixin.py:188} INFO - [2026-08-13T13:44:06.578+0000] {dag.py:3947} INFO - Setting next_dagrun for example_skip_dag to 2026-08-12 00:00:00+00:00, run_after=2026-08-13 00:00:00+00:00
[2026-08-13T13:44:06.614+0000] {processor.py:183} INFO - Processing /home/airflow/.local/lib/python3.12/site-packages/airflow/example_dags/example_skip_dag.py took 0.144 seconds
[2026-08-13T13:44:37.159+0000] {processor.py:161} INFO - Started process (PID=2768) to work on /home/airflow/.local/lib/python3.12/site-packages/airflow/example_dags/example_skip_dag.py
[2026-08-13T13:44:37.168+0000] {processor.py:830} INFO - Processing file /home/airflow/.local/lib/python3.12/site-packages/airflow/example_dags/example_skip_dag.py for tasks to queue
[2026-08-13T13:44:37.185+0000] {logging_mixin.py:188} INFO - [2026-08-13T13:44:37.183+0000] {dagbag.py:545} INFO - Filling up the DagBag from /home/airflow/.local/lib/python3.12/site-packages/airflow/example_dags/example_skip_dag.py
[2026-08-13T13:44:37.217+0000] {processor.py:840} INFO - DAG(s) 'example_skip_dag' retrieved from /home/airflow/.local/lib/python3.12/site-packages/airflow/example_dags/example_skip_dag.py
[2026-08-13T13:44:37.303+0000] {logging_mixin.py:188} INFO - [2026-08-13T13:44:37.302+0000] {dag.py:3089} INFO - Sync 1 DAGs
[2026-08-13T13:44:37.373+0000] {logging_mixin.py:188} INFO - [2026-08-13T13:44:37.373+0000] {dag.py:3947} INFO - Setting next_dagrun for example_skip_dag to 2026-08-12 00:00:00+00:00, run_after=2026-08-13 00:00:00+00:00
[2026-08-13T13:44:37.436+0000] {processor.py:183} INFO - Processing /home/airflow/.local/lib/python3.12/site-packages/airflow/example_dags/example_skip_dag.py took 0.312 seconds
[2026-08-13T13:45:07.811+0000] {processor.py:161} INFO - Started process (PID=2833) to work on /home/airflow/.local/lib/python3.12/site-packages/airflow/example_dags/example_skip_dag.py
[2026-08-13T13:45:07.815+0000] {processor.py:830} INFO - Processing file /home/airflow/.local/lib/python3.12/site-packages/airflow/example_dags/example_skip_dag.py for tasks to queue
[2026-08-13T13:45:07.823+0000] {logging_mixin.py:188} INFO - [2026-08-13T13:45:07.822+0000] {dagbag.py:545} INFO - Filling up the DagBag from /home/airflow/.local/lib/python3.12/site-packages/airflow/example_dags/example_skip_dag.py
[2026-08-13T13:45:07.843+0000] {processor.py:840} INFO - DAG(s) 'example_skip_dag' retrieved from /home/airflow/.local/lib/python3.12/site-packages/airflow/example_dags/example_skip_dag.py
[2026-08-13T13:45:07.903+0000] {logging_mixin.py:188} INFO - [2026-08-13T13:45:07.903+0000] {dag.py:3089} INFO - Sync 1 DAGs
[2026-08-13T13:45:07.962+0000] {logging_mixin.py:188} INFO - [2026-08-13T13:45:07.961+0000] {dag.py:3947} INFO - Setting next_dagrun for example_skip_dag to 2026-08-12 00:00:00+00:00, run_after=2026-08-13 00:00:00+00:00
[2026-08-13T13:45:08.010+0000] {processor.py:183} INFO - Processing /home/airflow/.local/lib/python3.12/site-packages/airflow/example_dags/example_skip_dag.py took 0.219 seconds
[2026-08-13T13:45:38.493+0000] {processor.py:161} INFO - Started process (PID=2906) to work on /home/airflow/.local/lib/python3.12/site-packages/airflow/example_dags/example_skip_dag.py
[2026-08-13T13:45:38.497+0000] {processor.py:830} INFO - Processing file /home/airflow/.local/lib/python3.12/site-packages/airflow/example_dags/example_skip_dag.py for tasks to queue
[2026-08-13T13:45:38.503+0000] {logging_mixin.py:188} INFO - [2026-08-13T13:45:38.503+0000] {dagbag.py:545} INFO - Filling up the DagBag from /home/airflow/.local/lib/python3.12/site-packages/airflow/example_dags/example_skip_dag.py
[2026-08-13T13:45:38.531+0000] {processor.py:840} INFO - DAG(s) 'example_skip_dag' retrieved from /home/airflow/.local/lib/python3.12/site-packages/airflow/example_dags/example_skip_dag.py
[2026-08-13T13:45:38.595+0000] {logging_mixin.py:188} INFO - [2026-08-13T13:45:38.594+0000] {dag.py:3089} INFO - Sync 1 DAGs
[2026-08-13T13:45:38.658+0000] {logging_mixin.py:188} INFO - [2026-08-13T13:45:38.658+0000] {dag.py:3947} INFO - Setting next_dagrun for example_skip_dag to 2026-08-12 00:00:00+00:00, run_after=2026-08-13 00:00:00+00:00
[2026-08-13T13:45:38.713+0000] {processor.py:183} INFO - Processing /home/airflow/.local/lib/python3.12/site-packages/airflow/example_dags/example_skip_dag.py took 0.236 seconds
[2026-08-13T13:46:08.897+0000] {processor.py:161} INFO - Started process (PID=2979) to work on /home/airflow/.local/lib/python3.12/site-packages/airflow/example_dags/example_skip_dag.py
[2026-08-13T13:46:08.903+0000] {processor.py:830} INFO - Processing file /home/airflow/.local/lib/python3.12/site-packages/airflow/example_dags/example_skip_dag.py for tasks to queue
[2026-08-13T13:46:08.915+0000] {logging_mixin.py:188} INFO - [2026-08-13T13:46:08.914+0000] {dagbag.py:545} INFO - Filling up the DagBag from /home/airflow/.local/lib/python3.12/site-packages/airflow/example_dags/example_skip_dag.py
[2026-08-13T13:46:08.948+0000] {processor.py:840} INFO - DAG(s) 'example_skip_dag' retrieved from /home/airflow/.local/lib/python3.12/site-packages/airflow/example_dags/example_skip_dag.py
[2026-08-13T13:46:09.033+0000] {logging_mixin.py:188} INFO - [2026-08-13T13:46:09.032+0000] {dag.py:3089} INFO - Sync 1 DAGs
[2026-08-13T13:46:09.119+0000] {logging_mixin.py:188} INFO - [2026-08-13T13:46:09.118+0000] {dag.py:3947} INFO - Setting next_dagrun for example_skip_dag to 2026-08-12 00:00:00+00:00, run_after=2026-08-13 00:00:00+00:00
[2026-08-13T13:46:09.176+0000] {processor.py:183} INFO - Processing /home/airflow/.local/lib/python3.12/site-packages/airflow/example_dags/example_skip_dag.py took 0.304 seconds
[2026-08-13T13:46:39.462+0000] {processor.py:161} INFO - Started process (PID=3053) to work on /home/airflow/.local/lib/python3.12/site-packages/airflow/example_dags/example_skip_dag.py
[2026-08-13T13:46:39.466+0000] {processor.py:830} INFO - Processing file /home/airflow/.local/lib/python3.12/site-packages/airflow/example_dags/example_skip_dag.py for tasks to queue
[2026-08-13T13:46:39.472+0000] {logging_mixin.py:188} INFO - [2026-08-13T13:46:39.471+0000] {dagbag.py:545} INFO - Filling up the DagBag from /home/airflow/.local/lib/python3.12/site-packages/airflow/example_dags/example_skip_dag.py
[2026-08-13T13:46:39.487+0000] {processor.py:840} INFO - DAG(s) 'example_skip_dag' retrieved from /home/airflow/.local/lib/python3.12/site-packages/airflow/example_dags/example_skip_dag.py
[2026-08-13T13:46:39.543+0000] {logging_mixin.py:188} INFO - [2026-08-13T13:46:39.542+0000] {dag.py:3089} INFO - Sync 1 DAGs
[2026-08-13T13:46:39.597+0000] {logging_mixin.py:188} INFO - [2026-08-13T13:46:39.597+0000] {dag.py:3947} INFO - Setting next_dagrun for example_skip_dag to 2026-08-12 00:00:00+00:00, run_after=2026-08-13 00:00:00+00:00
[2026-08-13T13:46:39.642+0000] {processor.py:183} INFO - Processing /home/airflow/.local/lib/python3.12/site-packages/airflow/example_dags/example_skip_dag.py took 0.196 seconds
[2026-08-13T13:47:10.248+0000] {processor.py:161} INFO - Started process (PID=3125) to work on /home/airflow/.local/lib/python3.12/site-packages/airflow/example_dags/example_skip_dag.py
[2026-08-13T13:47:10.252+0000] {processor.py:830} INFO - Processing file /home/airflow/.local/lib/python3.12/site-packages/airflow/example_dags/example_skip_dag.py for tasks to queue
[2026-08-13T13:47:10.259+0000] {logging_mixin.py:188} INFO - [2026-08-13T13:47:10.258+0000] {dagbag.py:545} INFO - Filling up the DagBag from /home/airflow/.local/lib/python3.12/site-packages/airflow/example_dags/example_skip_dag.py
[2026-08-13T13:47:10.287+0000] {processor.py:840} INFO - DAG(s) 'example_skip_dag' retrieved from /home/airflow/.local/lib/python3.12/site-packages/airflow/example_dags/example_skip_dag.py
[2026-08-13T13:47:10.372+0000] {logging_mixin.py:188} INFO - [2026-08-13T13:47:10.370+0000] {dag.py:3089} INFO - Sync 1 DAGs
[2026-08-13T13:47:10.460+0000] {logging_mixin.py:188} INFO - [2026-08-13T13:47:10.459+0000] {dag.py:3947} INFO - Setting next_dagrun for example_skip_dag to 2026-08-12 00:00:00+00:00, run_after=2026-08-13 00:00:00+00:00
[2026-08-13T13:47:10.515+0000] {processor.py:183} INFO - Processing /home/airflow/.local/lib/python3.12/site-packages/airflow/example_dags/example_skip_dag.py took 0.293 seconds
[2026-08-13T13:47:41.794+0000] {processor.py:161} INFO - Started process (PID=3198) to work on /home/airflow/.local/lib/python3.12/site-packages/airflow/example_dags/example_skip_dag.py
[2026-08-13T13:47:41.797+0000] {processor.py:830} INFO - Processing file /home/airflow/.local/lib/python3.12/site-packages/airflow/example_dags/example_skip_dag.py for tasks to queue
[2026-08-13T13:47:41.802+0000] {logging_mixin.py:188} INFO - [2026-08-13T13:47:41.801+0000] {dagbag.py:545} INFO - Filling up the DagBag from /home/airflow/.local/lib/python3.12/site-packages/airflow/example_dags/example_skip_dag.py
[2026-08-13T13:47:41.814+0000] {processor.py:840} INFO - DAG(s) 'example_skip_dag' retrieved from /home/airflow/.local/lib/python3.12/site-packages/airflow/example_dags/example_skip_dag.py
[2026-08-13T13:47:41.878+0000] {logging_mixin.py:188} INFO - [2026-08-13T13:47:41.877+0000] {dag.py:3089} INFO - Sync 1 DAGs
[2026-08-13T13:47:41.943+0000] {logging_mixin.py:188} INFO - [2026-08-13T13:47:41.942+0000] {dag.py:3947} INFO - Setting next_dagrun for example_skip_dag to 2026-08-12 00:00:00+00:00, run_after=2026-08-13 00:00:00+00:00
[2026-08-13T13:47:41.994+0000] {processor.py:183} INFO - Processing /home/airflow/.local/lib/python3.12/site-packages/airflow/example_dags/example_skip_dag.py took 0.211 seconds
[2026-08-13T13:48:12.723+0000] {processor.py:161} INFO - Started process (PID=3263) to work on /home/airflow/.local/lib/python3.12/site-packages/airflow/example_dags/example_skip_dag.py
[2026-08-13T13:48:12.733+0000] {processor.py:830} INFO - Processing file /home/airflow/.local/lib/python3.12/site-packages/airflow/example_dags/example_skip_dag.py for tasks to queue
[2026-08-13T13:48:12.741+0000] {logging_mixin.py:188} INFO - [2026-08-13T13:48:12.740+0000] {dagbag.py:545} INFO - Filling up the DagBag from /home/airflow/.local/lib/python3.12/site-packages/airflow/example_dags/example_skip_dag.py
[2026-08-13T13:48:12.769+0000] {processor.py:840} INFO - DAG(s) 'example_skip_dag' retrieved from /home/airflow/.local/lib/python3.12/site-packages/airflow/example_dags/example_skip_dag.py
[2026-08-13T13:48:12.832+0000] {logging_mixin.py:188} INFO - [2026-08-13T13:48:12.831+0000] {dag.py:3089} INFO - Sync 1 DAGs
[2026-08-13T13:48:12.906+0000] {logging_mixin.py:188} INFO - [2026-08-13T13:48:12.905+0000] {dag.py:3947} INFO - Setting next_dagrun for example_skip_dag to 2026-08-12 00:00:00+00:00, run_after=2026-08-13 00:00:00+00:00
[2026-08-13T13:48:12.966+0000] {processor.py:183} INFO - Processing /home/airflow/.local/lib/python3.12/site-packages/airflow/example_dags/example_skip_dag.py took 0.261 seconds
[2026-08-13T13:48:43.322+0000] {processor.py:161} INFO - Started process (PID=3335) to work on /home/airflow/.local/lib/python3.12/site-packages/airflow/example_dags/example_skip_dag.py
[2026-08-13T13:48:43.329+0000] {processor.py:830} INFO - Processing file /home/airflow/.local/lib/python3.12/site-packages/airflow/example_dags/example_skip_dag.py for tasks to queue
[2026-08-13T13:48:43.335+0000] {logging_mixin.py:188} INFO - [2026-08-13T13:48:43.334+0000] {dagbag.py:545} INFO - Filling up the DagBag from /home/airflow/.local/lib/python3.12/site-packages/airflow/example_dags/example_skip_dag.py
[2026-08-13T13:48:43.357+0000] {processor.py:840} INFO - DAG(s) 'example_skip_dag' retrieved from /home/airflow/.local/lib/python3.12/site-packages/airflow/example_dags/example_skip_dag.py
[2026-08-13T13:48:43.415+0000] {logging_mixin.py:188} INFO - [2026-08-13T13:48:43.415+0000] {dag.py:3089} INFO - Sync 1 DAGs
[2026-08-13T13:48:43.473+0000] {logging_mixin.py:188} INFO - [2026-08-13T13:48:43.473+0000] {dag.py:3947} INFO - Setting next_dagrun for example_skip_dag to 2026-08-12 00:00:00+00:00, run_after=2026-08-13 00:00:00+00:00
[2026-08-13T13:48:43.522+0000] {processor.py:183} INFO - Processing /home/airflow/.local/lib/python3.12/site-packages/airflow/example_dags/example_skip_dag.py took 0.211 seconds
[2026-08-13T13:49:14.440+0000] {processor.py:161} INFO - Started process (PID=3409) to work on /home/airflow/.local/lib/python3.12/site-packages/airflow/example_dags/example_skip_dag.py
[2026-08-13T13:49:14.450+0000] {processor.py:830} INFO - Processing file /home/airflow/.local/lib/python3.12/site-packages/airflow/example_dags/example_skip_dag.py for tasks to queue
[2026-08-13T13:49:14.461+0000] {logging_mixin.py:188} INFO - [2026-08-13T13:49:14.460+0000] {dagbag.py:545} INFO - Filling up the DagBag from /home/airflow/.local/lib/python3.12/site-packages/airflow/example_dags/example_skip_dag.py
[2026-08-13T13:49:14.508+0000] {processor.py:840} INFO - DAG(s) 'example_skip_dag' retrieved from /home/airflow/.local/lib/python3.12/site-packages/airflow/example_dags/example_skip_dag.py
[2026-08-13T13:49:14.687+0000] {logging_mixin.py:188} INFO - [2026-08-13T13:49:14.686+0000] {dag.py:3089} INFO - Sync 1 DAGs
[2026-08-13T13:49:15.014+0000] {logging_mixin.py:188} INFO - [2026-08-13T13:49:15.013+0000] {dag.py:3947} INFO - Setting next_dagrun for example_skip_dag to 2026-08-12 00:00:00+00:00, run_after=2026-08-13 00:00:00+00:00
[2026-08-13T13:49:15.068+0000] {processor.py:183} INFO - Processing /home/airflow/.local/lib/python3.12/site-packages/airflow/example_dags/example_skip_dag.py took 0.688 seconds
[2026-08-13T13:49:45.893+0000] {processor.py:161} INFO - Started process (PID=3484) to work on /home/airflow/.local/lib/python3.12/site-packages/airflow/example_dags/example_skip_dag.py
[2026-08-13T13:49:45.896+0000] {processor.py:830} INFO - Processing file /home/airflow/.local/lib/python3.12/site-packages/airflow/example_dags/example_skip_dag.py for tasks to queue
[2026-08-13T13:49:45.901+0000] {logging_mixin.py:188} INFO - [2026-08-13T13:49:45.900+0000] {dagbag.py:545} INFO - Filling up the DagBag from /home/airflow/.local/lib/python3.12/site-packages/airflow/example_dags/example_skip_dag.py
[2026-08-13T13:49:45.914+0000] {processor.py:840} INFO - DAG(s) 'example_skip_dag' retrieved from /home/airflow/.local/lib/python3.12/site-packages/airflow/example_dags/example_skip_dag.py
[2026-08-13T13:49:45.977+0000] {logging_mixin.py:188} INFO - [2026-08-13T13:49:45.976+0000] {dag.py:3089} INFO - Sync 1 DAGs
[2026-08-13T13:49:46.059+0000] {logging_mixin.py:188} INFO - [2026-08-13T13:49:46.058+0000] {dag.py:3947} INFO - Setting next_dagrun for example_skip_dag to 2026-08-12 00:00:00+00:00, run_after=2026-08-13 00:00:00+00:00
[2026-08-13T13:49:46.149+0000] {processor.py:183} INFO - Processing /home/airflow/.local/lib/python3.12/site-packages/airflow/example_dags/example_skip_dag.py took 0.267 seconds
