[2026-08-13T13:24:21.320+0000] {processor.py:161} INFO - Started process (PID=112) to work on /home/airflow/.local/lib/python3.12/site-packages/airflow/example_dags/example_latest_only.py
[2026-08-13T13:24:21.336+0000] {processor.py:830} INFO - Processing file /home/airflow/.local/lib/python3.12/site-packages/airflow/example_dags/example_latest_only.py for tasks to queue
[2026-08-13T13:24:21.342+0000] {logging_mixin.py:188} INFO - [2026-08-13T13:24:21.341+0000] {dagbag.py:545} INFO - Filling up the DagBag from /home/airflow/.local/lib/python3.12/site-packages/airflow/example_dags/example_latest_only.py
[2026-08-13T13:24:21.415+0000] {processor.py:840} INFO - DAG(s) 'latest_only' retrieved from /home/airflow/.local/lib/python3.12/site-packages/airflow/example_dags/example_latest_only.py
[2026-08-13T13:24:22.308+0000] {logging_mixin.py:188} INFO - [2026-08-13T13:24:22.307+0000] {dag.py:3089} INFO - Sync 1 DAGs
[2026-08-13T13:24:22.510+0000] {logging_mixin.py:188} INFO - [2026-08-13T13:24:22.510+0000] {dag.py:3947} INFO - Setting next_dagrun for latest_only to 2026-08-13 08:00:00+00:00, run_after=2026-08-13 12:00:00+00:00
[2026-08-13T13:24:22.631+0000] {processor.py:183} INFO - Processing /home/airflow/.local/lib/python3.12/site-packages/airflow/example_dags/example_latest_only.py took 1.331 seconds
[2026-08-13T13:24:53.153+0000] {processor.py:161} INFO - Started process (PID=178) to work on /home/airflow/.local/lib/python3.12/site-packages/airflow/example_dags/example_latest_only.py
[2026-08-13T13:24:53.157+0000] {processor.py:830} INFO - Processing file /home/airflow/.local/lib/python3.12/site-packages/airflow/example_dags/example_latest_only.py for tasks to queue
[2026-08-13T13:24:53.162+0000] {logging_mixin.py:188} INFO - [2026-08-13T13:24:53.161+0000] {dagbag.py:545} INFO - Filling up the DagBag from /home/airflow/.local/lib/python3.12/site-packages/airflow/example_dags/example_latest_only.py
[2026-08-13T13:24:53.174+0000] {processor.py:840} INFO - DAG(s) 'latest_only' retrieved from /home/airflow/.local/lib/python3.12/site-packages/airflow/example_dags/example_latest_only.py
[2026-08-13T13:24:53.217+0000] {logging_mixin.py:188} INFO - [2026-08-13T13:24:53.217+0000] {dag.py:3089} INFO - Sync 1 DAGs
[2026-08-13T13:24:53.267+0000] {logging_mixin.py:188} INFO - [2026-08-13T13:24:53.266+0000] {dag.py:3947} INFO - Setting next_dagrun for latest_only to 2026-08-13 08:00:00+00:00, run_after=2026-08-13 12:00:00+00:00
[2026-08-13T13:24:53.308+0000] {processor.py:183} INFO - Processing /home/airflow/.local/lib/python3.12/site-packages/airflow/example_dags/example_latest_only.py took 0.170 seconds
[2026-08-13T13:25:52.914+0000] {processor.py:161} INFO - Started process (PID=257) to work on /home/airflow/.local/lib/python3.12/site-packages/airflow/example_dags/example_latest_only.py
[2026-08-13T13:25:52.917+0000] {processor.py:830} INFO - Processing file /home/airflow/.local/lib/python3.12/site-packages/airflow/example_dags/example_latest_only.py for tasks to queue
[2026-08-13T13:25:52.923+0000] {logging_mixin.py:188} INFO - [2026-08-13T13:25:52.922+0000] {dagbag.py:545} INFO - Filling up the DagBag from /home/airflow/.local/lib/python3.12/site-packages/airflow/example_dags/example_latest_only.py
[2026-08-13T13:25:52.941+0000] {processor.py:840} INFO - DAG(s) 'latest_only' retrieved from /home/airflow/.local/lib/python3.12/site-packages/airflow/example_dags/example_latest_only.py
[2026-08-13T13:25:52.999+0000] {logging_mixin.py:188} INFO - [2026-08-13T13:25:52.998+0000] {dag.py:3089} INFO - Sync 1 DAGs
[2026-08-13T13:25:53.076+0000] {logging_mixin.py:188} INFO - [2026-08-13T13:25:53.076+0000] {dag.py:3947} INFO - Setting next_dagrun for latest_only to 2026-08-13 08:00:00+00:00, run_after=2026-08-13 12:00:00+00:00
[2026-08-13T13:25:53.140+0000] {processor.py:183} INFO - Processing /home/airflow/.local/lib/python3.12/site-packages/airflow/example_dags/example_latest_only.py took 0.240 seconds
[2026-08-13T13:26:24.442+0000] {processor.py:161} INFO - Started process (PID=330) to work on /home/airflow/.local/lib/python3.12/site-packages/airflow/example_dags/example_latest_only.py
[2026-08-13T13:26:24.446+0000] {processor.py:830} INFO - Processing file /home/airflow/.local/lib/python3.12/site-packages/airflow/example_dags/example_latest_only.py for tasks to queue
[2026-08-13T13:26:24.459+0000] {logging_mixin.py:188} INFO - [2026-08-13T13:26:24.458+0000] {dagbag.py:545} INFO - Filling up the DagBag from /home/airflow/.local/lib/python3.12/site-packages/airflow/example_dags/example_latest_only.py
[2026-08-13T13:26:24.479+0000] {processor.py:840} INFO - DAG(s) 'latest_only' retrieved from /home/airflow/.local/lib/python3.12/site-packages/airflow/example_dags/example_latest_only.py
[2026-08-13T13:26:24.535+0000] {logging_mixin.py:188} INFO - [2026-08-13T13:26:24.534+0000] {dag.py:3089} INFO - Sync 1 DAGs
[2026-08-13T13:26:24.605+0000] {logging_mixin.py:188} INFO - [2026-08-13T13:26:24.605+0000] {dag.py:3947} INFO - Setting next_dagrun for latest_only to 2026-08-13 08:00:00+00:00, run_after=2026-08-13 12:00:00+00:00
[2026-08-13T13:26:24.659+0000] {processor.py:183} INFO - Processing /home/airflow/.local/lib/python3.12/site-packages/airflow/example_dags/example_latest_only.py took 0.252 seconds
[2026-08-13T13:26:55.029+0000] {processor.py:161} INFO - Started process (PID=397) to work on /home/airflow/.local/lib/python3.12/site-packages/airflow/example_dags/example_latest_only.py
[2026-08-13T13:26:55.034+0000] {processor.py:830} INFO - Processing file /home/airflow/.local/lib/python3.12/site-packages/airflow/example_dags/example_latest_only.py for tasks to queue
[2026-08-13T13:26:55.040+0000] {logging_mixin.py:188} INFO - [2026-08-13T13:26:55.039+0000] {dagbag.py:545} INFO - Filling up the DagBag from /home/airflow/.local/lib/python3.12/site-packages/airflow/example_dags/example_latest_only.py
[2026-08-13T13:26:55.053+0000] {processor.py:840} INFO - DAG(s) 'latest_only' retrieved from /home/airflow/.local/lib/python3.12/site-packages/airflow/example_dags/example_latest_only.py
[2026-08-13T13:26:55.144+0000] {logging_mixin.py:188} INFO - [2026-08-13T13:26:55.143+0000] {dag.py:3089} INFO - Sync 1 DAGs
[2026-08-13T13:26:55.215+0000] {logging_mixin.py:188} INFO - [2026-08-13T13:26:55.214+0000] {dag.py:3947} INFO - Setting next_dagrun for latest_only to 2026-08-13 08:00:00+00:00, run_after=2026-08-13 12:00:00+00:00
[2026-08-13T13:26:55.271+0000] {processor.py:183} INFO - Processing /home/airflow/.local/lib/python3.12/site-packages/airflow/example_dags/example_latest_only.py took 0.258 seconds
[2026-08-13T13:27:25.427+0000] {processor.py:161} INFO - Started process (PID=469) to work on /home/airflow/.local/lib/python3.12/site-packages/airflow/example_dags/example_latest_only.py
[2026-08-13T13:27:25.430+0000] {processor.py:830} INFO - Processing file /home/airflow/.local/lib/python3.12/site-packages/airflow/example_dags/example_latest_only.py for tasks to queue
[2026-08-13T13:27:25.444+0000] {logging_mixin.py:188} INFO - [2026-08-13T13:27:25.443+0000] {dagbag.py:545} INFO - Filling up the DagBag from /home/airflow/.local/lib/python3.12/site-packages/airflow/example_dags/example_latest_only.py
[2026-08-13T13:27:25.473+0000] {processor.py:840} INFO - DAG(s) 'latest_only' retrieved from /home/airflow/.local/lib/python3.12/site-packages/airflow/example_dags/example_latest_only.py
[2026-08-13T13:27:25.547+0000] {logging_mixin.py:188} INFO - [2026-08-13T13:27:25.547+0000] {dag.py:3089} INFO - Sync 1 DAGs
[2026-08-13T13:27:25.625+0000] {logging_mixin.py:188} INFO - [2026-08-13T13:27:25.624+0000] {dag.py:3947} INFO - Setting next_dagrun for latest_only to 2026-08-13 08:00:00+00:00, run_after=2026-08-13 12:00:00+00:00
[2026-08-13T13:27:25.681+0000] {processor.py:183} INFO - Processing /home/airflow/.local/lib/python3.12/site-packages/airflow/example_dags/example_latest_only.py took 0.282 seconds
[2026-08-13T13:27:56.466+0000] {processor.py:161} INFO - Started process (PID=535) to work on /home/airflow/.local/lib/python3.12/site-packages/airflow/example_dags/example_latest_only.py
[2026-08-13T13:27:56.470+0000] {processor.py:830} INFO - Processing file /home/airflow/.local/lib/python3.12/site-packages/airflow/example_dags/example_latest_only.py for tasks to queue
[2026-08-13T13:27:56.477+0000] {logging_mixin.py:188} INFO - [2026-08-13T13:27:56.476+0000] {dagbag.py:545} INFO - Filling up the DagBag from /home/airflow/.local/lib/python3.12/site-packages/airflow/example_dags/example_latest_only.py
[2026-08-13T13:27:56.490+0000] {processor.py:840} INFO - DAG(s) 'latest_only' retrieved from /home/airflow/.local/lib/python3.12/site-packages/airflow/example_dags/example_latest_only.py
[2026-08-13T13:27:56.546+0000] {logging_mixin.py:188} INFO - [2026-08-13T13:27:56.545+0000] {dag.py:3089} INFO - Sync 1 DAGs
[2026-08-13T13:27:56.611+0000] {logging_mixin.py:188} INFO - [2026-08-13T13:27:56.610+0000] {dag.py:3947} INFO - Setting next_dagrun for latest_only to 2026-08-13 08:00:00+00:00, run_after=2026-08-13 12:00:00+00:00
[2026-08-13T13:27:56.662+0000] {processor.py:183} INFO - Processing /home/airflow/.local/lib/python3.12/site-packages/airflow/example_dags/example_latest_only.py took 0.209 seconds
[2026-08-13T13:28:26.947+0000] {processor.py:161} INFO - Started process (PID=605) to work on /home/airflow/.local/lib/python3.12/site-packages/airflow/example_dags/example_latest_only.py
[2026-08-13T13:28:26.950+0000] {processor.py:830} INFO - Processing file /home/airflow/.local/lib/python3.12/site-packages/airflow/example_dags/example_latest_only.py for tasks to queue
[2026-08-13T13:28:26.956+0000] {logging_mixin.py:188} INFO - [2026-08-13T13:28:26.955+0000] {dagbag.py:545} INFO - Filling up the DagBag from /home/airflow/.local/lib/python3.12/site-packages/airflow/example_dags/example_latest_only.py
[2026-08-13T13:28:26.969+0000] {processor.py:840} INFO - DAG(s) 'latest_only' retrieved from /home/airflow/.local/lib/python3.12/site-packages/airflow/example_dags/example_latest_only.py
[2026-08-13T13:28:27.014+0000] {logging_mixin.py:188} INFO - [2026-08-13T13:28:27.014+0000] {dag.py:3089} INFO - Sync 1 DAGs
[2026-08-13T13:28:27.069+0000] {logging_mixin.py:188} INFO - [2026-08-13T13:28:27.069+0000] {dag.py:3947} INFO - Setting next_dagrun for latest_only to 2026-08-13 08:00:00+00:00, run_after=2026-08-13 12:00:00+00:00
[2026-08-13T13:28:27.117+0000] {processor.py:183} INFO - Processing /home/airflow/.local/lib/python3.12/site-packages/airflow/example_dags/example_latest_only.py took 0.182 seconds
[2026-08-13T13:28:59.191+0000] {processor.py:161} INFO - Started process (PID=679) to work on /home/airflow/.local/lib/python3.12/site-packages/airflow/example_dags/example_latest_only.py
[2026-08-13T13:28:59.195+0000] {processor.py:830} INFO - Processing file /home/airflow/.local/lib/python3.12/site-packages/airflow/example_dags/example_latest_only.py for tasks to queue
[2026-08-13T13:28:59.204+0000] {logging_mixin.py:188} INFO - [2026-08-13T13:28:59.203+0000] {dagbag.py:545} INFO - Filling up the DagBag from /home/airflow/.local/lib/python3.12/site-packages/airflow/example_dags/example_latest_only.py
[2026-08-13T13:28:59.224+0000] {processor.py:840} INFO - DAG(s) 'latest_only' retrieved from /home/airflow/.local/lib/python3.12/site-packages/airflow/example_dags/example_latest_only.py
[2026-08-13T13:28:59.297+0000] {logging_mixin.py:188} INFO - [2026-08-13T13:28:59.296+0000] {dag.py:3089} INFO - Sync 1 DAGs
[2026-08-13T13:28:59.365+0000] {logging_mixin.py:188} INFO - [2026-08-13T13:28:59.363+0000] {dag.py:3947} INFO - Setting next_dagrun for latest_only to 2026-08-13 08:00:00+00:00, run_after=2026-08-13 12:00:00+00:00
[2026-08-13T13:28:59.420+0000] {processor.py:183} INFO - Processing /home/airflow/.local/lib/python3.12/site-packages/airflow/example_dags/example_latest_only.py took 0.251 seconds
[2026-08-13T13:29:33.591+0000] {processor.py:161} INFO - Started process (PID=753) to work on /home/airflow/.local/lib/python3.12/site-packages/airflow/example_dags/example_latest_only.py
[2026-08-13T13:29:33.595+0000] {processor.py:830} INFO - Processing file /home/airflow/.local/lib/python3.12/site-packages/airflow/example_dags/example_latest_only.py for tasks to queue
[2026-08-13T13:29:33.601+0000] {logging_mixin.py:188} INFO - [2026-08-13T13:29:33.600+0000] {dagbag.py:545} INFO - Filling up the DagBag from /home/airflow/.local/lib/python3.12/site-packages/airflow/example_dags/example_latest_only.py
[2026-08-13T13:29:33.614+0000] {processor.py:840} INFO - DAG(s) 'latest_only' retrieved from /home/airflow/.local/lib/python3.12/site-packages/airflow/example_dags/example_latest_only.py
[2026-08-13T13:29:33.670+0000] {logging_mixin.py:188} INFO - [2026-08-13T13:29:33.670+0000] {dag.py:3089} INFO - Sync 1 DAGs
[2026-08-13T13:29:33.755+0000] {logging_mixin.py:188} INFO - [2026-08-13T13:29:33.753+0000] {dag.py:3947} INFO - Setting next_dagrun for latest_only to 2026-08-13 08:00:00+00:00, run_after=2026-08-13 12:00:00+00:00
[2026-08-13T13:29:33.835+0000] {processor.py:183} INFO - Processing /home/airflow/.local/lib/python3.12/site-packages/airflow/example_dags/example_latest_only.py took 0.263 seconds
[2026-08-13T13:30:07.357+0000] {processor.py:161} INFO - Started process (PID=826) to work on /home/airflow/.local/lib/python3.12/site-packages/airflow/example_dags/example_latest_only.py
[2026-08-13T13:30:07.365+0000] {processor.py:830} INFO - Processing file /home/airflow/.local/lib/python3.12/site-packages/airflow/example_dags/example_latest_only.py for tasks to queue
[2026-08-13T13:30:07.378+0000] {logging_mixin.py:188} INFO - [2026-08-13T13:30:07.377+0000] {dagbag.py:545} INFO - Filling up the DagBag from /home/airflow/.local/lib/python3.12/site-packages/airflow/example_dags/example_latest_only.py
[2026-08-13T13:30:07.399+0000] {processor.py:840} INFO - DAG(s) 'latest_only' retrieved from /home/airflow/.local/lib/python3.12/site-packages/airflow/example_dags/example_latest_only.py
[2026-08-13T13:30:07.458+0000] {logging_mixin.py:188} INFO - [2026-08-13T13:30:07.457+0000] {dag.py:3089} INFO - Sync 1 DAGs
[2026-08-13T13:30:07.527+0000] {logging_mixin.py:188} INFO - [2026-08-13T13:30:07.527+0000] {dag.py:3947} INFO - Setting next_dagrun for latest_only to 2026-08-13 08:00:00+00:00, run_after=2026-08-13 12:00:00+00:00
[2026-08-13T13:30:07.583+0000] {processor.py:183} INFO - Processing /home/airflow/.local/lib/python3.12/site-packages/airflow/example_dags/example_latest_only.py took 0.243 seconds
[2026-08-13T13:30:40.994+0000] {processor.py:161} INFO - Started process (PID=900) to work on /home/airflow/.local/lib/python3.12/site-packages/airflow/example_dags/example_latest_only.py
[2026-08-13T13:30:40.999+0000] {processor.py:830} INFO - Processing file /home/airflow/.local/lib/python3.12/site-packages/airflow/example_dags/example_latest_only.py for tasks to queue
[2026-08-13T13:30:41.007+0000] {logging_mixin.py:188} INFO - [2026-08-13T13:30:41.006+0000] {dagbag.py:545} INFO - Filling up the DagBag from /home/airflow/.local/lib/python3.12/site-packages/airflow/example_dags/example_latest_only.py
[2026-08-13T13:30:41.027+0000] {processor.py:840} INFO - DAG(s) 'latest_only' retrieved from /home/airflow/.local/lib/python3.12/site-packages/airflow/example_dags/example_latest_only.py
[2026-08-13T13:30:41.105+0000] {logging_mixin.py:188} INFO - [2026-08-13T13:30:41.105+0000] {dag.py:3089} INFO - Sync 1 DAGs
[2026-08-13T13:30:41.181+0000] {logging_mixin.py:188} INFO - [2026-08-13T13:30:41.181+0000] {dag.py:3947} INFO - Setting next_dagrun for latest_only to 2026-08-13 08:00:00+00:00, run_after=2026-08-13 12:00:00+00:00
[2026-08-13T13:30:41.241+0000] {processor.py:183} INFO - Processing /home/airflow/.local/lib/python3.12/site-packages/airflow/example_dags/example_latest_only.py took 0.273 seconds
[2026-08-13T13:31:12.370+0000] {processor.py:161} INFO - Started process (PID=973) to work on /home/airflow/.local/lib/python3.12/site-packages/airflow/example_dags/example_latest_only.py
[2026-08-13T13:31:12.374+0000] {processor.py:830} INFO - Processing file /home/airflow/.local/lib/python3.12/site-packages/airflow/example_dags/example_latest_only.py for tasks to queue
[2026-08-13T13:31:12.385+0000] {logging_mixin.py:188} INFO - [2026-08-13T13:31:12.384+0000] {dagbag.py:545} INFO - Filling up the DagBag from /home/airflow/.local/lib/python3.12/site-packages/airflow/example_dags/example_latest_only.py
[2026-08-13T13:31:12.411+0000] {processor.py:840} INFO - DAG(s) 'latest_only' retrieved from /home/airflow/.local/lib/python3.12/site-packages/airflow/example_dags/example_latest_only.py
[2026-08-13T13:31:12.544+0000] {logging_mixin.py:188} INFO - [2026-08-13T13:31:12.543+0000] {dag.py:3089} INFO - Sync 1 DAGs
[2026-08-13T13:31:12.626+0000] {logging_mixin.py:188} INFO - [2026-08-13T13:31:12.626+0000] {dag.py:3947} INFO - Setting next_dagrun for latest_only to 2026-08-13 08:00:00+00:00, run_after=2026-08-13 12:00:00+00:00
[2026-08-13T13:31:12.699+0000] {processor.py:183} INFO - Processing /home/airflow/.local/lib/python3.12/site-packages/airflow/example_dags/example_latest_only.py took 0.362 seconds
[2026-08-13T13:31:44.374+0000] {processor.py:161} INFO - Started process (PID=1047) to work on /home/airflow/.local/lib/python3.12/site-packages/airflow/example_dags/example_latest_only.py
[2026-08-13T13:31:44.378+0000] {processor.py:830} INFO - Processing file /home/airflow/.local/lib/python3.12/site-packages/airflow/example_dags/example_latest_only.py for tasks to queue
[2026-08-13T13:31:44.386+0000] {logging_mixin.py:188} INFO - [2026-08-13T13:31:44.384+0000] {dagbag.py:545} INFO - Filling up the DagBag from /home/airflow/.local/lib/python3.12/site-packages/airflow/example_dags/example_latest_only.py
[2026-08-13T13:31:44.402+0000] {processor.py:840} INFO - DAG(s) 'latest_only' retrieved from /home/airflow/.local/lib/python3.12/site-packages/airflow/example_dags/example_latest_only.py
[2026-08-13T13:31:44.463+0000] {logging_mixin.py:188} INFO - [2026-08-13T13:31:44.461+0000] {dag.py:3089} INFO - Sync 1 DAGs
[2026-08-13T13:31:44.533+0000] {logging_mixin.py:188} INFO - [2026-08-13T13:31:44.532+0000] {dag.py:3947} INFO - Setting next_dagrun for latest_only to 2026-08-13 08:00:00+00:00, run_after=2026-08-13 12:00:00+00:00
[2026-08-13T13:31:44.586+0000] {processor.py:183} INFO - Processing /home/airflow/.local/lib/python3.12/site-packages/airflow/example_dags/example_latest_only.py took 0.229 seconds
[2026-08-13T13:32:15.755+0000] {processor.py:161} INFO - Started process (PID=1113) to work on /home/airflow/.local/lib/python3.12/site-packages/airflow/example_dags/example_latest_only.py
[2026-08-13T13:32:15.760+0000] {processor.py:830} INFO - Processing file /home/airflow/.local/lib/python3.12/site-packages/airflow/example_dags/example_latest_only.py for tasks to queue
[2026-08-13T13:32:15.768+0000] {logging_mixin.py:188} INFO - [2026-08-13T13:32:15.767+0000] {dagbag.py:545} INFO - Filling up the DagBag from /home/airflow/.local/lib/python3.12/site-packages/airflow/example_dags/example_latest_only.py
[2026-08-13T13:32:15.783+0000] {processor.py:840} INFO - DAG(s) 'latest_only' retrieved from /home/airflow/.local/lib/python3.12/site-packages/airflow/example_dags/example_latest_only.py
[2026-08-13T13:32:15.835+0000] {logging_mixin.py:188} INFO - [2026-08-13T13:32:15.835+0000] {dag.py:3089} INFO - Sync 1 DAGs
[2026-08-13T13:32:15.892+0000] {logging_mixin.py:188} INFO - [2026-08-13T13:32:15.891+0000] {dag.py:3947} INFO - Setting next_dagrun for latest_only to 2026-08-13 08:00:00+00:00, run_after=2026-08-13 12:00:00+00:00
[2026-08-13T13:32:15.971+0000] {processor.py:183} INFO - Processing /home/airflow/.local/lib/python3.12/site-packages/airflow/example_dags/example_latest_only.py took 0.232 seconds
[2026-08-13T13:32:50.374+0000] {processor.py:161} INFO - Started process (PID=1186) to work on /home/airflow/.local/lib/python3.12/site-packages/airflow/example_dags/example_latest_only.py
[2026-08-13T13:32:50.388+0000] {processor.py:830} INFO - Processing file /home/airflow/.local/lib/python3.12/site-packages/airflow/example_dags/example_latest_only.py for tasks to queue
[2026-08-13T13:32:50.399+0000] {logging_mixin.py:188} INFO - [2026-08-13T13:32:50.395+0000] {dagbag.py:545} INFO - Filling up the DagBag from /home/airflow/.local/lib/python3.12/site-packages/airflow/example_dags/example_latest_only.py
[2026-08-13T13:32:50.417+0000] {processor.py:840} INFO - DAG(s) 'latest_only' retrieved from /home/airflow/.local/lib/python3.12/site-packages/airflow/example_dags/example_latest_only.py
[2026-08-13T13:32:50.514+0000] {logging_mixin.py:188} INFO - [2026-08-13T13:32:50.513+0000] {dag.py:3089} INFO - Sync 1 DAGs
[2026-08-13T13:32:50.615+0000] {logging_mixin.py:188} INFO - [2026-08-13T13:32:50.614+0000] {dag.py:3947} INFO - Setting next_dagrun for latest_only to 2026-08-13 08:00:00+00:00, run_after=2026-08-13 12:00:00+00:00
[2026-08-13T13:32:50.704+0000] {processor.py:183} INFO - Processing /home/airflow/.local/lib/python3.12/site-packages/airflow/example_dags/example_latest_only.py took 0.397 seconds
[2026-08-13T13:33:21.970+0000] {processor.py:161} INFO - Started process (PID=1259) to work on /home/airflow/.local/lib/python3.12/site-packages/airflow/example_dags/example_latest_only.py
[2026-08-13T13:33:21.975+0000] {processor.py:830} INFO - Processing file /home/airflow/.local/lib/python3.12/site-packages/airflow/example_dags/example_latest_only.py for tasks to queue
[2026-08-13T13:33:21.985+0000] {logging_mixin.py:188} INFO - [2026-08-13T13:33:21.983+0000] {dagbag.py:545} INFO - Filling up the DagBag from /home/airflow/.local/lib/python3.12/site-packages/airflow/example_dags/example_latest_only.py
[2026-08-13T13:33:22.001+0000] {processor.py:840} INFO - DAG(s) 'latest_only' retrieved from /home/airflow/.local/lib/python3.12/site-packages/airflow/example_dags/example_latest_only.py
[2026-08-13T13:33:22.069+0000] {logging_mixin.py:188} INFO - [2026-08-13T13:33:22.068+0000] {dag.py:3089} INFO - Sync 1 DAGs
[2026-08-13T13:33:22.145+0000] {logging_mixin.py:188} INFO - [2026-08-13T13:33:22.144+0000] {dag.py:3947} INFO - Setting next_dagrun for latest_only to 2026-08-13 08:00:00+00:00, run_after=2026-08-13 12:00:00+00:00
[2026-08-13T13:33:22.199+0000] {processor.py:183} INFO - Processing /home/airflow/.local/lib/python3.12/site-packages/airflow/example_dags/example_latest_only.py took 0.245 seconds
[2026-08-13T13:33:56.298+0000] {processor.py:161} INFO - Started process (PID=1333) to work on /home/airflow/.local/lib/python3.12/site-packages/airflow/example_dags/example_latest_only.py
[2026-08-13T13:33:56.304+0000] {processor.py:830} INFO - Processing file /home/airflow/.local/lib/python3.12/site-packages/airflow/example_dags/example_latest_only.py for tasks to queue
[2026-08-13T13:33:56.313+0000] {logging_mixin.py:188} INFO - [2026-08-13T13:33:56.312+0000] {dagbag.py:545} INFO - Filling up the DagBag from /home/airflow/.local/lib/python3.12/site-packages/airflow/example_dags/example_latest_only.py
[2026-08-13T13:33:56.345+0000] {processor.py:840} INFO - DAG(s) 'latest_only' retrieved from /home/airflow/.local/lib/python3.12/site-packages/airflow/example_dags/example_latest_only.py
[2026-08-13T13:33:56.423+0000] {logging_mixin.py:188} INFO - [2026-08-13T13:33:56.421+0000] {dag.py:3089} INFO - Sync 1 DAGs
[2026-08-13T13:33:56.513+0000] {logging_mixin.py:188} INFO - [2026-08-13T13:33:56.513+0000] {dag.py:3947} INFO - Setting next_dagrun for latest_only to 2026-08-13 08:00:00+00:00, run_after=2026-08-13 12:00:00+00:00
[2026-08-13T13:33:56.593+0000] {processor.py:183} INFO - Processing /home/airflow/.local/lib/python3.12/site-packages/airflow/example_dags/example_latest_only.py took 0.332 seconds
[2026-08-13T13:34:26.890+0000] {processor.py:161} INFO - Started process (PID=1406) to work on /home/airflow/.local/lib/python3.12/site-packages/airflow/example_dags/example_latest_only.py
[2026-08-13T13:34:26.905+0000] {processor.py:830} INFO - Processing file /home/airflow/.local/lib/python3.12/site-packages/airflow/example_dags/example_latest_only.py for tasks to queue
[2026-08-13T13:34:26.922+0000] {logging_mixin.py:188} INFO - [2026-08-13T13:34:26.917+0000] {dagbag.py:545} INFO - Filling up the DagBag from /home/airflow/.local/lib/python3.12/site-packages/airflow/example_dags/example_latest_only.py
[2026-08-13T13:34:26.951+0000] {processor.py:840} INFO - DAG(s) 'latest_only' retrieved from /home/airflow/.local/lib/python3.12/site-packages/airflow/example_dags/example_latest_only.py
[2026-08-13T13:34:27.082+0000] {logging_mixin.py:188} INFO - [2026-08-13T13:34:27.081+0000] {dag.py:3089} INFO - Sync 1 DAGs
[2026-08-13T13:34:27.213+0000] {logging_mixin.py:188} INFO - [2026-08-13T13:34:27.212+0000] {dag.py:3947} INFO - Setting next_dagrun for latest_only to 2026-08-13 08:00:00+00:00, run_after=2026-08-13 12:00:00+00:00
[2026-08-13T13:34:27.305+0000] {processor.py:183} INFO - Processing /home/airflow/.local/lib/python3.12/site-packages/airflow/example_dags/example_latest_only.py took 0.434 seconds
[2026-08-13T13:34:59.140+0000] {processor.py:161} INFO - Started process (PID=1480) to work on /home/airflow/.local/lib/python3.12/site-packages/airflow/example_dags/example_latest_only.py
[2026-08-13T13:34:59.144+0000] {processor.py:830} INFO - Processing file /home/airflow/.local/lib/python3.12/site-packages/airflow/example_dags/example_latest_only.py for tasks to queue
[2026-08-13T13:34:59.150+0000] {logging_mixin.py:188} INFO - [2026-08-13T13:34:59.149+0000] {dagbag.py:545} INFO - Filling up the DagBag from /home/airflow/.local/lib/python3.12/site-packages/airflow/example_dags/example_latest_only.py
[2026-08-13T13:34:59.166+0000] {processor.py:840} INFO - DAG(s) 'latest_only' retrieved from /home/airflow/.local/lib/python3.12/site-packages/airflow/example_dags/example_latest_only.py
[2026-08-13T13:34:59.236+0000] {logging_mixin.py:188} INFO - [2026-08-13T13:34:59.235+0000] {dag.py:3089} INFO - Sync 1 DAGs
[2026-08-13T13:34:59.336+0000] {logging_mixin.py:188} INFO - [2026-08-13T13:34:59.335+0000] {dag.py:3947} INFO - Setting next_dagrun for latest_only to 2026-08-13 08:00:00+00:00, run_after=2026-08-13 12:00:00+00:00
[2026-08-13T13:34:59.484+0000] {processor.py:183} INFO - Processing /home/airflow/.local/lib/python3.12/site-packages/airflow/example_dags/example_latest_only.py took 0.361 seconds
[2026-08-13T13:35:32.914+0000] {processor.py:161} INFO - Started process (PID=1553) to work on /home/airflow/.local/lib/python3.12/site-packages/airflow/example_dags/example_latest_only.py
[2026-08-13T13:35:32.918+0000] {processor.py:830} INFO - Processing file /home/airflow/.local/lib/python3.12/site-packages/airflow/example_dags/example_latest_only.py for tasks to queue
[2026-08-13T13:35:32.929+0000] {logging_mixin.py:188} INFO - [2026-08-13T13:35:32.928+0000] {dagbag.py:545} INFO - Filling up the DagBag from /home/airflow/.local/lib/python3.12/site-packages/airflow/example_dags/example_latest_only.py
[2026-08-13T13:35:32.947+0000] {processor.py:840} INFO - DAG(s) 'latest_only' retrieved from /home/airflow/.local/lib/python3.12/site-packages/airflow/example_dags/example_latest_only.py
[2026-08-13T13:35:33.027+0000] {logging_mixin.py:188} INFO - [2026-08-13T13:35:33.026+0000] {dag.py:3089} INFO - Sync 1 DAGs
[2026-08-13T13:35:33.092+0000] {logging_mixin.py:188} INFO - [2026-08-13T13:35:33.090+0000] {dag.py:3947} INFO - Setting next_dagrun for latest_only to 2026-08-13 08:00:00+00:00, run_after=2026-08-13 12:00:00+00:00
[2026-08-13T13:35:33.154+0000] {processor.py:183} INFO - Processing /home/airflow/.local/lib/python3.12/site-packages/airflow/example_dags/example_latest_only.py took 0.261 seconds
[2026-08-13T13:36:05.216+0000] {processor.py:161} INFO - Started process (PID=1626) to work on /home/airflow/.local/lib/python3.12/site-packages/airflow/example_dags/example_latest_only.py
[2026-08-13T13:36:05.220+0000] {processor.py:830} INFO - Processing file /home/airflow/.local/lib/python3.12/site-packages/airflow/example_dags/example_latest_only.py for tasks to queue
[2026-08-13T13:36:05.228+0000] {logging_mixin.py:188} INFO - [2026-08-13T13:36:05.226+0000] {dagbag.py:545} INFO - Filling up the DagBag from /home/airflow/.local/lib/python3.12/site-packages/airflow/example_dags/example_latest_only.py
[2026-08-13T13:36:05.243+0000] {processor.py:840} INFO - DAG(s) 'latest_only' retrieved from /home/airflow/.local/lib/python3.12/site-packages/airflow/example_dags/example_latest_only.py
[2026-08-13T13:36:05.345+0000] {logging_mixin.py:188} INFO - [2026-08-13T13:36:05.345+0000] {dag.py:3089} INFO - Sync 1 DAGs
[2026-08-13T13:36:05.427+0000] {logging_mixin.py:188} INFO - [2026-08-13T13:36:05.427+0000] {dag.py:3947} INFO - Setting next_dagrun for latest_only to 2026-08-13 08:00:00+00:00, run_after=2026-08-13 12:00:00+00:00
[2026-08-13T13:36:05.479+0000] {processor.py:183} INFO - Processing /home/airflow/.local/lib/python3.12/site-packages/airflow/example_dags/example_latest_only.py took 0.282 seconds
[2026-08-13T13:36:39.117+0000] {processor.py:161} INFO - Started process (PID=1699) to work on /home/airflow/.local/lib/python3.12/site-packages/airflow/example_dags/example_latest_only.py
[2026-08-13T13:36:39.125+0000] {processor.py:830} INFO - Processing file /home/airflow/.local/lib/python3.12/site-packages/airflow/example_dags/example_latest_only.py for tasks to queue
[2026-08-13T13:36:39.132+0000] {logging_mixin.py:188} INFO - [2026-08-13T13:36:39.131+0000] {dagbag.py:545} INFO - Filling up the DagBag from /home/airflow/.local/lib/python3.12/site-packages/airflow/example_dags/example_latest_only.py
[2026-08-13T13:36:39.152+0000] {processor.py:840} INFO - DAG(s) 'latest_only' retrieved from /home/airflow/.local/lib/python3.12/site-packages/airflow/example_dags/example_latest_only.py
[2026-08-13T13:36:39.202+0000] {logging_mixin.py:188} INFO - [2026-08-13T13:36:39.201+0000] {dag.py:3089} INFO - Sync 1 DAGs
[2026-08-13T13:36:39.247+0000] {logging_mixin.py:188} INFO - [2026-08-13T13:36:39.246+0000] {dag.py:3947} INFO - Setting next_dagrun for latest_only to 2026-08-13 08:00:00+00:00, run_after=2026-08-13 12:00:00+00:00
[2026-08-13T13:36:39.302+0000] {processor.py:183} INFO - Processing /home/airflow/.local/lib/python3.12/site-packages/airflow/example_dags/example_latest_only.py took 0.223 seconds
[2026-08-13T13:37:09.591+0000] {processor.py:161} INFO - Started process (PID=1772) to work on /home/airflow/.local/lib/python3.12/site-packages/airflow/example_dags/example_latest_only.py
[2026-08-13T13:37:09.597+0000] {processor.py:830} INFO - Processing file /home/airflow/.local/lib/python3.12/site-packages/airflow/example_dags/example_latest_only.py for tasks to queue
[2026-08-13T13:37:09.610+0000] {logging_mixin.py:188} INFO - [2026-08-13T13:37:09.608+0000] {dagbag.py:545} INFO - Filling up the DagBag from /home/airflow/.local/lib/python3.12/site-packages/airflow/example_dags/example_latest_only.py
[2026-08-13T13:37:09.635+0000] {processor.py:840} INFO - DAG(s) 'latest_only' retrieved from /home/airflow/.local/lib/python3.12/site-packages/airflow/example_dags/example_latest_only.py
[2026-08-13T13:37:09.694+0000] {logging_mixin.py:188} INFO - [2026-08-13T13:37:09.693+0000] {dag.py:3089} INFO - Sync 1 DAGs
[2026-08-13T13:37:09.784+0000] {logging_mixin.py:188} INFO - [2026-08-13T13:37:09.783+0000] {dag.py:3947} INFO - Setting next_dagrun for latest_only to 2026-08-13 08:00:00+00:00, run_after=2026-08-13 12:00:00+00:00
[2026-08-13T13:37:09.856+0000] {processor.py:183} INFO - Processing /home/airflow/.local/lib/python3.12/site-packages/airflow/example_dags/example_latest_only.py took 0.281 seconds
[2026-08-13T13:37:44.634+0000] {processor.py:161} INFO - Started process (PID=1847) to work on /home/airflow/.local/lib/python3.12/site-packages/airflow/example_dags/example_latest_only.py
[2026-08-13T13:37:44.636+0000] {processor.py:830} INFO - Processing file /home/airflow/.local/lib/python3.12/site-packages/airflow/example_dags/example_latest_only.py for tasks to queue
[2026-08-13T13:37:44.641+0000] {logging_mixin.py:188} INFO - [2026-08-13T13:37:44.640+0000] {dagbag.py:545} INFO - Filling up the DagBag from /home/airflow/.local/lib/python3.12/site-packages/airflow/example_dags/example_latest_only.py
[2026-08-13T13:37:44.653+0000] {processor.py:840} INFO - DAG(s) 'latest_only' retrieved from /home/airflow/.local/lib/python3.12/site-packages/airflow/example_dags/example_latest_only.py
[2026-08-13T13:37:44.697+0000] {logging_mixin.py:188} INFO - [2026-08-13T13:37:44.696+0000] {dag.py:3089} INFO - Sync 1 DAGs
[2026-08-13T13:37:44.761+0000] {logging_mixin.py:188} INFO - [2026-08-13T13:37:44.760+0000] {dag.py:3947} INFO - Setting next_dagrun for latest_only to 2026-08-13 08:00:00+00:00, run_after=2026-08-13 12:00:00+00:00
[2026-08-13T13:37:44.799+0000] {processor.py:183} INFO - Processing /home/airflow/.local/lib/python3.12/site-packages/airflow/example_dags/example_latest_only.py took 0.178 seconds
[2026-08-13T13:38:15.976+0000] {processor.py:161} INFO - Started process (PID=1921) to work on /home/airflow/.local/lib/python3.12/site-packages/airflow/example_dags/example_latest_only.py
[2026-08-13T13:38:15.980+0000] {processor.py:830} INFO - Processing file /home/airflow/.local/lib/python3.12/site-packages/airflow/example_dags/example_latest_only.py for tasks to queue
[2026-08-13T13:38:15.990+0000] {logging_mixin.py:188} INFO - [2026-08-13T13:38:15.989+0000] {dagbag.py:545} INFO - Filling up the DagBag from /home/airflow/.local/lib/python3.12/site-packages/airflow/example_dags/example_latest_only.py
[2026-08-13T13:38:16.022+0000] {processor.py:840} INFO - DAG(s) 'latest_only' retrieved from /home/airflow/.local/lib/python3.12/site-packages/airflow/example_dags/example_latest_only.py
[2026-08-13T13:38:16.119+0000] {logging_mixin.py:188} INFO - [2026-08-13T13:38:16.118+0000] {dag.py:3089} INFO - Sync 1 DAGs
[2026-08-13T13:38:16.203+0000] {logging_mixin.py:188} INFO - [2026-08-13T13:38:16.202+0000] {dag.py:3947} INFO - Setting next_dagrun for latest_only to 2026-08-13 08:00:00+00:00, run_after=2026-08-13 12:00:00+00:00
[2026-08-13T13:38:16.277+0000] {processor.py:183} INFO - Processing /home/airflow/.local/lib/python3.12/site-packages/airflow/example_dags/example_latest_only.py took 0.331 seconds
[2026-08-13T13:38:50.875+0000] {processor.py:161} INFO - Started process (PID=1994) to work on /home/airflow/.local/lib/python3.12/site-packages/airflow/example_dags/example_latest_only.py
[2026-08-13T13:38:50.879+0000] {processor.py:830} INFO - Processing file /home/airflow/.local/lib/python3.12/site-packages/airflow/example_dags/example_latest_only.py for tasks to queue
[2026-08-13T13:38:50.884+0000] {logging_mixin.py:188} INFO - [2026-08-13T13:38:50.883+0000] {dagbag.py:545} INFO - Filling up the DagBag from /home/airflow/.local/lib/python3.12/site-packages/airflow/example_dags/example_latest_only.py
[2026-08-13T13:38:50.907+0000] {processor.py:840} INFO - DAG(s) 'latest_only' retrieved from /home/airflow/.local/lib/python3.12/site-packages/airflow/example_dags/example_latest_only.py
[2026-08-13T13:38:50.953+0000] {logging_mixin.py:188} INFO - [2026-08-13T13:38:50.952+0000] {dag.py:3089} INFO - Sync 1 DAGs
[2026-08-13T13:38:51.003+0000] {logging_mixin.py:188} INFO - [2026-08-13T13:38:51.002+0000] {dag.py:3947} INFO - Setting next_dagrun for latest_only to 2026-08-13 08:00:00+00:00, run_after=2026-08-13 12:00:00+00:00
[2026-08-13T13:38:51.049+0000] {processor.py:183} INFO - Processing /home/airflow/.local/lib/python3.12/site-packages/airflow/example_dags/example_latest_only.py took 0.189 seconds
[2026-08-13T13:39:23.315+0000] {processor.py:161} INFO - Started process (PID=2068) to work on /home/airflow/.local/lib/python3.12/site-packages/airflow/example_dags/example_latest_only.py
[2026-08-13T13:39:23.317+0000] {processor.py:830} INFO - Processing file /home/airflow/.local/lib/python3.12/site-packages/airflow/example_dags/example_latest_only.py for tasks to queue
[2026-08-13T13:39:23.324+0000] {logging_mixin.py:188} INFO - [2026-08-13T13:39:23.323+0000] {dagbag.py:545} INFO - Filling up the DagBag from /home/airflow/.local/lib/python3.12/site-packages/airflow/example_dags/example_latest_only.py
[2026-08-13T13:39:23.335+0000] {processor.py:840} INFO - DAG(s) 'latest_only' retrieved from /home/airflow/.local/lib/python3.12/site-packages/airflow/example_dags/example_latest_only.py
[2026-08-13T13:39:23.374+0000] {logging_mixin.py:188} INFO - [2026-08-13T13:39:23.374+0000] {dag.py:3089} INFO - Sync 1 DAGs
[2026-08-13T13:39:23.408+0000] {logging_mixin.py:188} INFO - [2026-08-13T13:39:23.408+0000] {dag.py:3947} INFO - Setting next_dagrun for latest_only to 2026-08-13 08:00:00+00:00, run_after=2026-08-13 12:00:00+00:00
[2026-08-13T13:39:23.791+0000] {processor.py:183} INFO - Processing /home/airflow/.local/lib/python3.12/site-packages/airflow/example_dags/example_latest_only.py took 0.492 seconds
[2026-08-13T13:39:57.278+0000] {processor.py:161} INFO - Started process (PID=2142) to work on /home/airflow/.local/lib/python3.12/site-packages/airflow/example_dags/example_latest_only.py
[2026-08-13T13:39:57.280+0000] {processor.py:830} INFO - Processing file /home/airflow/.local/lib/python3.12/site-packages/airflow/example_dags/example_latest_only.py for tasks to queue
[2026-08-13T13:39:57.285+0000] {logging_mixin.py:188} INFO - [2026-08-13T13:39:57.285+0000] {dagbag.py:545} INFO - Filling up the DagBag from /home/airflow/.local/lib/python3.12/site-packages/airflow/example_dags/example_latest_only.py
[2026-08-13T13:39:57.298+0000] {processor.py:840} INFO - DAG(s) 'latest_only' retrieved from /home/airflow/.local/lib/python3.12/site-packages/airflow/example_dags/example_latest_only.py
[2026-08-13T13:39:57.344+0000] {logging_mixin.py:188} INFO - [2026-08-13T13:39:57.344+0000] {dag.py:3089} INFO - Sync 1 DAGs
[2026-08-13T13:39:57.390+0000] {logging_mixin.py:188} INFO - [2026-08-13T13:39:57.390+0000] {dag.py:3947} INFO - Setting next_dagrun for latest_only to 2026-08-13 08:00:00+00:00, run_after=2026-08-13 12:00:00+00:00
[2026-08-13T13:39:57.440+0000] {processor.py:183} INFO - Processing /home/airflow/.local/lib/python3.12/site-packages/airflow/example_dags/example_latest_only.py took 0.176 seconds
[2026-08-13T13:40:30.818+0000] {processor.py:161} INFO - Started process (PID=2214) to work on /home/airflow/.local/lib/python3.12/site-packages/airflow/example_dags/example_latest_only.py
[2026-08-13T13:40:30.821+0000] {processor.py:830} INFO - Processing file /home/airflow/.local/lib/python3.12/site-packages/airflow/example_dags/example_latest_only.py for tasks to queue
[2026-08-13T13:40:30.828+0000] {logging_mixin.py:188} INFO - [2026-08-13T13:40:30.827+0000] {dagbag.py:545} INFO - Filling up the DagBag from /home/airflow/.local/lib/python3.12/site-packages/airflow/example_dags/example_latest_only.py
[2026-08-13T13:40:30.841+0000] {processor.py:840} INFO - DAG(s) 'latest_only' retrieved from /home/airflow/.local/lib/python3.12/site-packages/airflow/example_dags/example_latest_only.py
[2026-08-13T13:40:30.885+0000] {logging_mixin.py:188} INFO - [2026-08-13T13:40:30.885+0000] {dag.py:3089} INFO - Sync 1 DAGs
[2026-08-13T13:40:30.936+0000] {logging_mixin.py:188} INFO - [2026-08-13T13:40:30.935+0000] {dag.py:3947} INFO - Setting next_dagrun for latest_only to 2026-08-13 08:00:00+00:00, run_after=2026-08-13 12:00:00+00:00
[2026-08-13T13:40:30.982+0000] {processor.py:183} INFO - Processing /home/airflow/.local/lib/python3.12/site-packages/airflow/example_dags/example_latest_only.py took 0.179 seconds
[2026-08-13T13:41:05.564+0000] {processor.py:161} INFO - Started process (PID=2287) to work on /home/airflow/.local/lib/python3.12/site-packages/airflow/example_dags/example_latest_only.py
[2026-08-13T13:41:05.568+0000] {processor.py:830} INFO - Processing file /home/airflow/.local/lib/python3.12/site-packages/airflow/example_dags/example_latest_only.py for tasks to queue
[2026-08-13T13:41:05.580+0000] {logging_mixin.py:188} INFO - [2026-08-13T13:41:05.579+0000] {dagbag.py:545} INFO - Filling up the DagBag from /home/airflow/.local/lib/python3.12/site-packages/airflow/example_dags/example_latest_only.py
[2026-08-13T13:41:05.590+0000] {processor.py:840} INFO - DAG(s) 'latest_only' retrieved from /home/airflow/.local/lib/python3.12/site-packages/airflow/example_dags/example_latest_only.py
[2026-08-13T13:41:05.641+0000] {logging_mixin.py:188} INFO - [2026-08-13T13:41:05.640+0000] {dag.py:3089} INFO - Sync 1 DAGs
[2026-08-13T13:41:05.682+0000] {logging_mixin.py:188} INFO - [2026-08-13T13:41:05.681+0000] {dag.py:3947} INFO - Setting next_dagrun for latest_only to 2026-08-13 08:00:00+00:00, run_after=2026-08-13 12:00:00+00:00
[2026-08-13T13:41:05.734+0000] {processor.py:183} INFO - Processing /home/airflow/.local/lib/python3.12/site-packages/airflow/example_dags/example_latest_only.py took 0.185 seconds
[2026-08-13T13:41:39.220+0000] {processor.py:161} INFO - Started process (PID=2360) to work on /home/airflow/.local/lib/python3.12/site-packages/airflow/example_dags/example_latest_only.py
[2026-08-13T13:41:39.226+0000] {processor.py:830} INFO - Processing file /home/airflow/.local/lib/python3.12/site-packages/airflow/example_dags/example_latest_only.py for tasks to queue
[2026-08-13T13:41:39.237+0000] {logging_mixin.py:188} INFO - [2026-08-13T13:41:39.236+0000] {dagbag.py:545} INFO - Filling up the DagBag from /home/airflow/.local/lib/python3.12/site-packages/airflow/example_dags/example_latest_only.py
[2026-08-13T13:41:39.256+0000] {processor.py:840} INFO - DAG(s) 'latest_only' retrieved from /home/airflow/.local/lib/python3.12/site-packages/airflow/example_dags/example_latest_only.py
[2026-08-13T13:41:39.319+0000] {logging_mixin.py:188} INFO - [2026-08-13T13:41:39.318+0000] {dag.py:3089} INFO - Sync 1 DAGs
[2026-08-13T13:41:39.880+0000] {logging_mixin.py:188} INFO - [2026-08-13T13:41:39.880+0000] {dag.py:3947} INFO - Setting next_dagrun for latest_only to 2026-08-13 08:00:00+00:00, run_after=2026-08-13 12:00:00+00:00
[2026-08-13T13:41:39.946+0000] {processor.py:183} INFO - Processing /home/airflow/.local/lib/python3.12/site-packages/airflow/example_dags/example_latest_only.py took 0.744 seconds
[2026-08-13T13:42:11.836+0000] {processor.py:161} INFO - Started process (PID=2433) to work on /home/airflow/.local/lib/python3.12/site-packages/airflow/example_dags/example_latest_only.py
[2026-08-13T13:42:11.844+0000] {processor.py:830} INFO - Processing file /home/airflow/.local/lib/python3.12/site-packages/airflow/example_dags/example_latest_only.py for tasks to queue
[2026-08-13T13:42:11.851+0000] {logging_mixin.py:188} INFO - [2026-08-13T13:42:11.850+0000] {dagbag.py:545} INFO - Filling up the DagBag from /home/airflow/.local/lib/python3.12/site-packages/airflow/example_dags/example_latest_only.py
[2026-08-13T13:42:11.868+0000] {processor.py:840} INFO - DAG(s) 'latest_only' retrieved from /home/airflow/.local/lib/python3.12/site-packages/airflow/example_dags/example_latest_only.py
[2026-08-13T13:42:11.925+0000] {logging_mixin.py:188} INFO - [2026-08-13T13:42:11.925+0000] {dag.py:3089} INFO - Sync 1 DAGs
[2026-08-13T13:42:12.021+0000] {logging_mixin.py:188} INFO - [2026-08-13T13:42:12.021+0000] {dag.py:3947} INFO - Setting next_dagrun for latest_only to 2026-08-13 08:00:00+00:00, run_after=2026-08-13 12:00:00+00:00
[2026-08-13T13:42:12.561+0000] {processor.py:183} INFO - Processing /home/airflow/.local/lib/python3.12/site-packages/airflow/example_dags/example_latest_only.py took 0.742 seconds
[2026-08-13T13:42:43.101+0000] {processor.py:161} INFO - Started process (PID=2500) to work on /home/airflow/.local/lib/python3.12/site-packages/airflow/example_dags/example_latest_only.py
[2026-08-13T13:42:43.106+0000] {processor.py:830} INFO - Processing file /home/airflow/.local/lib/python3.12/site-packages/airflow/example_dags/example_latest_only.py for tasks to queue
[2026-08-13T13:42:43.115+0000] {logging_mixin.py:188} INFO - [2026-08-13T13:42:43.113+0000] {dagbag.py:545} INFO - Filling up the DagBag from /home/airflow/.local/lib/python3.12/site-packages/airflow/example_dags/example_latest_only.py
[2026-08-13T13:42:43.134+0000] {processor.py:840} INFO - DAG(s) 'latest_only' retrieved from /home/airflow/.local/lib/python3.12/site-packages/airflow/example_dags/example_latest_only.py
[2026-08-13T13:42:43.202+0000] {logging_mixin.py:188} INFO - [2026-08-13T13:42:43.201+0000] {dag.py:3089} INFO - Sync 1 DAGs
[2026-08-13T13:42:43.286+0000] {logging_mixin.py:188} INFO - [2026-08-13T13:42:43.285+0000] {dag.py:3947} INFO - Setting next_dagrun for latest_only to 2026-08-13 08:00:00+00:00, run_after=2026-08-13 12:00:00+00:00
[2026-08-13T13:42:43.345+0000] {processor.py:183} INFO - Processing /home/airflow/.local/lib/python3.12/site-packages/airflow/example_dags/example_latest_only.py took 0.263 seconds
[2026-08-13T13:43:13.711+0000] {processor.py:161} INFO - Started process (PID=2572) to work on /home/airflow/.local/lib/python3.12/site-packages/airflow/example_dags/example_latest_only.py
[2026-08-13T13:43:13.719+0000] {processor.py:830} INFO - Processing file /home/airflow/.local/lib/python3.12/site-packages/airflow/example_dags/example_latest_only.py for tasks to queue
[2026-08-13T13:43:13.728+0000] {logging_mixin.py:188} INFO - [2026-08-13T13:43:13.726+0000] {dagbag.py:545} INFO - Filling up the DagBag from /home/airflow/.local/lib/python3.12/site-packages/airflow/example_dags/example_latest_only.py
[2026-08-13T13:43:13.748+0000] {processor.py:840} INFO - DAG(s) 'latest_only' retrieved from /home/airflow/.local/lib/python3.12/site-packages/airflow/example_dags/example_latest_only.py
[2026-08-13T13:43:13.803+0000] {logging_mixin.py:188} INFO - [2026-08-13T13:43:13.802+0000] {dag.py:3089} INFO - Sync 1 DAGs
[2026-08-13T13:43:13.863+0000] {logging_mixin.py:188} INFO - [2026-08-13T13:43:13.863+0000] {dag.py:3947} INFO - Setting next_dagrun for latest_only to 2026-08-13 08:00:00+00:00, run_after=2026-08-13 12:00:00+00:00
[2026-08-13T13:43:13.958+0000] {processor.py:183} INFO - Processing /home/airflow/.local/lib/python3.12/site-packages/airflow/example_dags/example_latest_only.py took 0.264 seconds
[2026-08-13T13:43:44.358+0000] {processor.py:161} INFO - Started process (PID=2643) to work on /home/airflow/.local/lib/python3.12/site-packages/airflow/example_dags/example_latest_only.py
[2026-08-13T13:43:44.363+0000] {processor.py:830} INFO - Processing file /home/airflow/.local/lib/python3.12/site-packages/airflow/example_dags/example_latest_only.py for tasks to queue
[2026-08-13T13:43:44.370+0000] {logging_mixin.py:188} INFO - [2026-08-13T13:43:44.369+0000] {dagbag.py:545} INFO - Filling up the DagBag from /home/airflow/.local/lib/python3.12/site-packages/airflow/example_dags/example_latest_only.py
[2026-08-13T13:43:44.389+0000] {processor.py:840} INFO - DAG(s) 'latest_only' retrieved from /home/airflow/.local/lib/python3.12/site-packages/airflow/example_dags/example_latest_only.py
[2026-08-13T13:43:44.468+0000] {logging_mixin.py:188} INFO - [2026-08-13T13:43:44.468+0000] {dag.py:3089} INFO - Sync 1 DAGs
[2026-08-13T13:43:44.542+0000] {logging_mixin.py:188} INFO - [2026-08-13T13:43:44.541+0000] {dag.py:3947} INFO - Setting next_dagrun for latest_only to 2026-08-13 08:00:00+00:00, run_after=2026-08-13 12:00:00+00:00
[2026-08-13T13:43:44.636+0000] {processor.py:183} INFO - Processing /home/airflow/.local/lib/python3.12/site-packages/airflow/example_dags/example_latest_only.py took 0.298 seconds
[2026-08-13T13:44:15.355+0000] {processor.py:161} INFO - Started process (PID=2717) to work on /home/airflow/.local/lib/python3.12/site-packages/airflow/example_dags/example_latest_only.py
[2026-08-13T13:44:15.361+0000] {processor.py:830} INFO - Processing file /home/airflow/.local/lib/python3.12/site-packages/airflow/example_dags/example_latest_only.py for tasks to queue
[2026-08-13T13:44:15.373+0000] {logging_mixin.py:188} INFO - [2026-08-13T13:44:15.370+0000] {dagbag.py:545} INFO - Filling up the DagBag from /home/airflow/.local/lib/python3.12/site-packages/airflow/example_dags/example_latest_only.py
[2026-08-13T13:44:15.402+0000] {processor.py:840} INFO - DAG(s) 'latest_only' retrieved from /home/airflow/.local/lib/python3.12/site-packages/airflow/example_dags/example_latest_only.py
[2026-08-13T13:44:15.466+0000] {logging_mixin.py:188} INFO - [2026-08-13T13:44:15.466+0000] {dag.py:3089} INFO - Sync 1 DAGs
[2026-08-13T13:44:15.536+0000] {logging_mixin.py:188} INFO - [2026-08-13T13:44:15.536+0000] {dag.py:3947} INFO - Setting next_dagrun for latest_only to 2026-08-13 08:00:00+00:00, run_after=2026-08-13 12:00:00+00:00
[2026-08-13T13:44:15.586+0000] {processor.py:183} INFO - Processing /home/airflow/.local/lib/python3.12/site-packages/airflow/example_dags/example_latest_only.py took 0.280 seconds
[2026-08-13T13:44:46.556+0000] {processor.py:161} INFO - Started process (PID=2789) to work on /home/airflow/.local/lib/python3.12/site-packages/airflow/example_dags/example_latest_only.py
[2026-08-13T13:44:46.558+0000] {processor.py:830} INFO - Processing file /home/airflow/.local/lib/python3.12/site-packages/airflow/example_dags/example_latest_only.py for tasks to queue
[2026-08-13T13:44:46.565+0000] {logging_mixin.py:188} INFO - [2026-08-13T13:44:46.565+0000] {dagbag.py:545} INFO - Filling up the DagBag from /home/airflow/.local/lib/python3.12/site-packages/airflow/example_dags/example_latest_only.py
[2026-08-13T13:44:46.582+0000] {processor.py:840} INFO - DAG(s) 'latest_only' retrieved from /home/airflow/.local/lib/python3.12/site-packages/airflow/example_dags/example_latest_only.py
[2026-08-13T13:44:46.630+0000] {logging_mixin.py:188} INFO - [2026-08-13T13:44:46.629+0000] {dag.py:3089} INFO - Sync 1 DAGs
[2026-08-13T13:44:46.692+0000] {logging_mixin.py:188} INFO - [2026-08-13T13:44:46.692+0000] {dag.py:3947} INFO - Setting next_dagrun for latest_only to 2026-08-13 08:00:00+00:00, run_after=2026-08-13 12:00:00+00:00
[2026-08-13T13:44:46.736+0000] {processor.py:183} INFO - Processing /home/airflow/.local/lib/python3.12/site-packages/airflow/example_dags/example_latest_only.py took 0.194 seconds
[2026-08-13T13:45:18.215+0000] {processor.py:161} INFO - Started process (PID=2861) to work on /home/airflow/.local/lib/python3.12/site-packages/airflow/example_dags/example_latest_only.py
[2026-08-13T13:45:18.219+0000] {processor.py:830} INFO - Processing file /home/airflow/.local/lib/python3.12/site-packages/airflow/example_dags/example_latest_only.py for tasks to queue
[2026-08-13T13:45:18.224+0000] {logging_mixin.py:188} INFO - [2026-08-13T13:45:18.223+0000] {dagbag.py:545} INFO - Filling up the DagBag from /home/airflow/.local/lib/python3.12/site-packages/airflow/example_dags/example_latest_only.py
[2026-08-13T13:45:18.236+0000] {processor.py:840} INFO - DAG(s) 'latest_only' retrieved from /home/airflow/.local/lib/python3.12/site-packages/airflow/example_dags/example_latest_only.py
[2026-08-13T13:45:18.288+0000] {logging_mixin.py:188} INFO - [2026-08-13T13:45:18.287+0000] {dag.py:3089} INFO - Sync 1 DAGs
[2026-08-13T13:45:18.350+0000] {logging_mixin.py:188} INFO - [2026-08-13T13:45:18.350+0000] {dag.py:3947} INFO - Setting next_dagrun for latest_only to 2026-08-13 08:00:00+00:00, run_after=2026-08-13 12:00:00+00:00
[2026-08-13T13:45:18.406+0000] {processor.py:183} INFO - Processing /home/airflow/.local/lib/python3.12/site-packages/airflow/example_dags/example_latest_only.py took 0.205 seconds
[2026-08-13T13:45:50.202+0000] {processor.py:161} INFO - Started process (PID=2934) to work on /home/airflow/.local/lib/python3.12/site-packages/airflow/example_dags/example_latest_only.py
[2026-08-13T13:45:50.208+0000] {processor.py:830} INFO - Processing file /home/airflow/.local/lib/python3.12/site-packages/airflow/example_dags/example_latest_only.py for tasks to queue
[2026-08-13T13:45:50.226+0000] {logging_mixin.py:188} INFO - [2026-08-13T13:45:50.225+0000] {dagbag.py:545} INFO - Filling up the DagBag from /home/airflow/.local/lib/python3.12/site-packages/airflow/example_dags/example_latest_only.py
[2026-08-13T13:45:50.262+0000] {processor.py:840} INFO - DAG(s) 'latest_only' retrieved from /home/airflow/.local/lib/python3.12/site-packages/airflow/example_dags/example_latest_only.py
[2026-08-13T13:45:50.374+0000] {logging_mixin.py:188} INFO - [2026-08-13T13:45:50.374+0000] {dag.py:3089} INFO - Sync 1 DAGs
[2026-08-13T13:45:50.505+0000] {logging_mixin.py:188} INFO - [2026-08-13T13:45:50.504+0000] {dag.py:3947} INFO - Setting next_dagrun for latest_only to 2026-08-13 08:00:00+00:00, run_after=2026-08-13 12:00:00+00:00
[2026-08-13T13:45:50.588+0000] {processor.py:183} INFO - Processing /home/airflow/.local/lib/python3.12/site-packages/airflow/example_dags/example_latest_only.py took 0.405 seconds
[2026-08-13T13:46:21.341+0000] {processor.py:161} INFO - Started process (PID=3007) to work on /home/airflow/.local/lib/python3.12/site-packages/airflow/example_dags/example_latest_only.py
[2026-08-13T13:46:21.345+0000] {processor.py:830} INFO - Processing file /home/airflow/.local/lib/python3.12/site-packages/airflow/example_dags/example_latest_only.py for tasks to queue
[2026-08-13T13:46:21.354+0000] {logging_mixin.py:188} INFO - [2026-08-13T13:46:21.353+0000] {dagbag.py:545} INFO - Filling up the DagBag from /home/airflow/.local/lib/python3.12/site-packages/airflow/example_dags/example_latest_only.py
[2026-08-13T13:46:21.367+0000] {processor.py:840} INFO - DAG(s) 'latest_only' retrieved from /home/airflow/.local/lib/python3.12/site-packages/airflow/example_dags/example_latest_only.py
[2026-08-13T13:46:21.450+0000] {logging_mixin.py:188} INFO - [2026-08-13T13:46:21.449+0000] {dag.py:3089} INFO - Sync 1 DAGs
[2026-08-13T13:46:21.541+0000] {logging_mixin.py:188} INFO - [2026-08-13T13:46:21.540+0000] {dag.py:3947} INFO - Setting next_dagrun for latest_only to 2026-08-13 08:00:00+00:00, run_after=2026-08-13 12:00:00+00:00
[2026-08-13T13:46:21.618+0000] {processor.py:183} INFO - Processing /home/airflow/.local/lib/python3.12/site-packages/airflow/example_dags/example_latest_only.py took 0.294 seconds
[2026-08-13T13:46:52.453+0000] {processor.py:161} INFO - Started process (PID=3079) to work on /home/airflow/.local/lib/python3.12/site-packages/airflow/example_dags/example_latest_only.py
[2026-08-13T13:46:52.456+0000] {processor.py:830} INFO - Processing file /home/airflow/.local/lib/python3.12/site-packages/airflow/example_dags/example_latest_only.py for tasks to queue
[2026-08-13T13:46:52.463+0000] {logging_mixin.py:188} INFO - [2026-08-13T13:46:52.462+0000] {dagbag.py:545} INFO - Filling up the DagBag from /home/airflow/.local/lib/python3.12/site-packages/airflow/example_dags/example_latest_only.py
[2026-08-13T13:46:52.475+0000] {processor.py:840} INFO - DAG(s) 'latest_only' retrieved from /home/airflow/.local/lib/python3.12/site-packages/airflow/example_dags/example_latest_only.py
[2026-08-13T13:46:52.527+0000] {logging_mixin.py:188} INFO - [2026-08-13T13:46:52.527+0000] {dag.py:3089} INFO - Sync 1 DAGs
[2026-08-13T13:46:52.577+0000] {logging_mixin.py:188} INFO - [2026-08-13T13:46:52.577+0000] {dag.py:3947} INFO - Setting next_dagrun for latest_only to 2026-08-13 08:00:00+00:00, run_after=2026-08-13 12:00:00+00:00
[2026-08-13T13:46:52.628+0000] {processor.py:183} INFO - Processing /home/airflow/.local/lib/python3.12/site-packages/airflow/example_dags/example_latest_only.py took 0.190 seconds
[2026-08-13T13:47:23.747+0000] {processor.py:161} INFO - Started process (PID=3151) to work on /home/airflow/.local/lib/python3.12/site-packages/airflow/example_dags/example_latest_only.py
[2026-08-13T13:47:23.753+0000] {processor.py:830} INFO - Processing file /home/airflow/.local/lib/python3.12/site-packages/airflow/example_dags/example_latest_only.py for tasks to queue
[2026-08-13T13:47:23.761+0000] {logging_mixin.py:188} INFO - [2026-08-13T13:47:23.760+0000] {dagbag.py:545} INFO - Filling up the DagBag from /home/airflow/.local/lib/python3.12/site-packages/airflow/example_dags/example_latest_only.py
[2026-08-13T13:47:23.774+0000] {processor.py:840} INFO - DAG(s) 'latest_only' retrieved from /home/airflow/.local/lib/python3.12/site-packages/airflow/example_dags/example_latest_only.py
[2026-08-13T13:47:23.819+0000] {logging_mixin.py:188} INFO - [2026-08-13T13:47:23.818+0000] {dag.py:3089} INFO - Sync 1 DAGs
[2026-08-13T13:47:23.877+0000] {logging_mixin.py:188} INFO - [2026-08-13T13:47:23.877+0000] {dag.py:3947} INFO - Setting next_dagrun for latest_only to 2026-08-13 08:00:00+00:00, run_after=2026-08-13 12:00:00+00:00
[2026-08-13T13:47:23.920+0000] {processor.py:183} INFO - Processing /home/airflow/.local/lib/python3.12/site-packages/airflow/example_dags/example_latest_only.py took 0.186 seconds
[2026-08-13T13:47:54.457+0000] {processor.py:161} INFO - Started process (PID=3216) to work on /home/airflow/.local/lib/python3.12/site-packages/airflow/example_dags/example_latest_only.py
[2026-08-13T13:47:54.460+0000] {processor.py:830} INFO - Processing file /home/airflow/.local/lib/python3.12/site-packages/airflow/example_dags/example_latest_only.py for tasks to queue
[2026-08-13T13:47:54.466+0000] {logging_mixin.py:188} INFO - [2026-08-13T13:47:54.465+0000] {dagbag.py:545} INFO - Filling up the DagBag from /home/airflow/.local/lib/python3.12/site-packages/airflow/example_dags/example_latest_only.py
[2026-08-13T13:47:54.477+0000] {processor.py:840} INFO - DAG(s) 'latest_only' retrieved from /home/airflow/.local/lib/python3.12/site-packages/airflow/example_dags/example_latest_only.py
[2026-08-13T13:47:54.519+0000] {logging_mixin.py:188} INFO - [2026-08-13T13:47:54.519+0000] {dag.py:3089} INFO - Sync 1 DAGs
[2026-08-13T13:47:54.565+0000] {logging_mixin.py:188} INFO - [2026-08-13T13:47:54.565+0000] {dag.py:3947} INFO - Setting next_dagrun for latest_only to 2026-08-13 08:00:00+00:00, run_after=2026-08-13 12:00:00+00:00
[2026-08-13T13:47:54.612+0000] {processor.py:183} INFO - Processing /home/airflow/.local/lib/python3.12/site-packages/airflow/example_dags/example_latest_only.py took 0.166 seconds
[2026-08-13T13:48:25.164+0000] {processor.py:161} INFO - Started process (PID=3288) to work on /home/airflow/.local/lib/python3.12/site-packages/airflow/example_dags/example_latest_only.py
[2026-08-13T13:48:25.167+0000] {processor.py:830} INFO - Processing file /home/airflow/.local/lib/python3.12/site-packages/airflow/example_dags/example_latest_only.py for tasks to queue
[2026-08-13T13:48:25.178+0000] {logging_mixin.py:188} INFO - [2026-08-13T13:48:25.177+0000] {dagbag.py:545} INFO - Filling up the DagBag from /home/airflow/.local/lib/python3.12/site-packages/airflow/example_dags/example_latest_only.py
[2026-08-13T13:48:25.198+0000] {processor.py:840} INFO - DAG(s) 'latest_only' retrieved from /home/airflow/.local/lib/python3.12/site-packages/airflow/example_dags/example_latest_only.py
[2026-08-13T13:48:25.275+0000] {logging_mixin.py:188} INFO - [2026-08-13T13:48:25.274+0000] {dag.py:3089} INFO - Sync 1 DAGs
[2026-08-13T13:48:25.379+0000] {logging_mixin.py:188} INFO - [2026-08-13T13:48:25.379+0000] {dag.py:3947} INFO - Setting next_dagrun for latest_only to 2026-08-13 08:00:00+00:00, run_after=2026-08-13 12:00:00+00:00
[2026-08-13T13:48:25.457+0000] {processor.py:183} INFO - Processing /home/airflow/.local/lib/python3.12/site-packages/airflow/example_dags/example_latest_only.py took 0.316 seconds
[2026-08-13T13:48:55.855+0000] {processor.py:161} INFO - Started process (PID=3360) to work on /home/airflow/.local/lib/python3.12/site-packages/airflow/example_dags/example_latest_only.py
[2026-08-13T13:48:55.865+0000] {processor.py:830} INFO - Processing file /home/airflow/.local/lib/python3.12/site-packages/airflow/example_dags/example_latest_only.py for tasks to queue
[2026-08-13T13:48:55.876+0000] {logging_mixin.py:188} INFO - [2026-08-13T13:48:55.875+0000] {dagbag.py:545} INFO - Filling up the DagBag from /home/airflow/.local/lib/python3.12/site-packages/airflow/example_dags/example_latest_only.py
[2026-08-13T13:48:55.908+0000] {processor.py:840} INFO - DAG(s) 'latest_only' retrieved from /home/airflow/.local/lib/python3.12/site-packages/airflow/example_dags/example_latest_only.py
[2026-08-13T13:48:56.002+0000] {logging_mixin.py:188} INFO - [2026-08-13T13:48:55.996+0000] {dag.py:3089} INFO - Sync 1 DAGs
[2026-08-13T13:48:56.131+0000] {logging_mixin.py:188} INFO - [2026-08-13T13:48:56.130+0000] {dag.py:3947} INFO - Setting next_dagrun for latest_only to 2026-08-13 08:00:00+00:00, run_after=2026-08-13 12:00:00+00:00
[2026-08-13T13:48:56.206+0000] {processor.py:183} INFO - Processing /home/airflow/.local/lib/python3.12/site-packages/airflow/example_dags/example_latest_only.py took 0.390 seconds
[2026-08-13T13:49:26.380+0000] {processor.py:161} INFO - Started process (PID=3434) to work on /home/airflow/.local/lib/python3.12/site-packages/airflow/example_dags/example_latest_only.py
[2026-08-13T13:49:26.383+0000] {processor.py:830} INFO - Processing file /home/airflow/.local/lib/python3.12/site-packages/airflow/example_dags/example_latest_only.py for tasks to queue
[2026-08-13T13:49:26.390+0000] {logging_mixin.py:188} INFO - [2026-08-13T13:49:26.389+0000] {dagbag.py:545} INFO - Filling up the DagBag from /home/airflow/.local/lib/python3.12/site-packages/airflow/example_dags/example_latest_only.py
[2026-08-13T13:49:26.404+0000] {processor.py:840} INFO - DAG(s) 'latest_only' retrieved from /home/airflow/.local/lib/python3.12/site-packages/airflow/example_dags/example_latest_only.py
[2026-08-13T13:49:26.476+0000] {logging_mixin.py:188} INFO - [2026-08-13T13:49:26.475+0000] {dag.py:3089} INFO - Sync 1 DAGs
[2026-08-13T13:49:26.557+0000] {logging_mixin.py:188} INFO - [2026-08-13T13:49:26.557+0000] {dag.py:3947} INFO - Setting next_dagrun for latest_only to 2026-08-13 08:00:00+00:00, run_after=2026-08-13 12:00:00+00:00
[2026-08-13T13:49:26.638+0000] {processor.py:183} INFO - Processing /home/airflow/.local/lib/python3.12/site-packages/airflow/example_dags/example_latest_only.py took 0.273 seconds
[2026-08-13T13:49:57.133+0000] {processor.py:161} INFO - Started process (PID=3501) to work on /home/airflow/.local/lib/python3.12/site-packages/airflow/example_dags/example_latest_only.py
[2026-08-13T13:49:57.137+0000] {processor.py:830} INFO - Processing file /home/airflow/.local/lib/python3.12/site-packages/airflow/example_dags/example_latest_only.py for tasks to queue
[2026-08-13T13:49:57.145+0000] {logging_mixin.py:188} INFO - [2026-08-13T13:49:57.143+0000] {dagbag.py:545} INFO - Filling up the DagBag from /home/airflow/.local/lib/python3.12/site-packages/airflow/example_dags/example_latest_only.py
[2026-08-13T13:49:57.187+0000] {processor.py:840} INFO - DAG(s) 'latest_only' retrieved from /home/airflow/.local/lib/python3.12/site-packages/airflow/example_dags/example_latest_only.py
[2026-08-13T13:49:57.252+0000] {logging_mixin.py:188} INFO - [2026-08-13T13:49:57.251+0000] {dag.py:3089} INFO - Sync 1 DAGs
[2026-08-13T13:49:57.321+0000] {logging_mixin.py:188} INFO - [2026-08-13T13:49:57.320+0000] {dag.py:3947} INFO - Setting next_dagrun for latest_only to 2026-08-13 08:00:00+00:00, run_after=2026-08-13 12:00:00+00:00
[2026-08-13T13:49:57.379+0000] {processor.py:183} INFO - Processing /home/airflow/.local/lib/python3.12/site-packages/airflow/example_dags/example_latest_only.py took 0.264 seconds
