[2026-08-13T13:24:34.053+0000] {processor.py:161} INFO - Started process (PID=132) to work on /home/airflow/.local/lib/python3.12/site-packages/airflow/example_dags/example_bash_decorator.py
[2026-08-13T13:24:34.057+0000] {processor.py:830} INFO - Processing file /home/airflow/.local/lib/python3.12/site-packages/airflow/example_dags/example_bash_decorator.py for tasks to queue
[2026-08-13T13:24:34.064+0000] {logging_mixin.py:188} INFO - [2026-08-13T13:24:34.063+0000] {dagbag.py:545} INFO - Filling up the DagBag from /home/airflow/.local/lib/python3.12/site-packages/airflow/example_dags/example_bash_decorator.py
[2026-08-13T13:24:34.123+0000] {processor.py:840} INFO - DAG(s) 'example_bash_decorator' retrieved from /home/airflow/.local/lib/python3.12/site-packages/airflow/example_dags/example_bash_decorator.py
[2026-08-13T13:24:34.571+0000] {logging_mixin.py:188} INFO - [2026-08-13T13:24:34.570+0000] {dag.py:3089} INFO - Sync 1 DAGs
[2026-08-13T13:24:34.615+0000] {logging_mixin.py:188} INFO - [2026-08-13T13:24:34.614+0000] {dag.py:3947} INFO - Setting next_dagrun for example_bash_decorator to None, run_after=None
[2026-08-13T13:24:34.720+0000] {processor.py:183} INFO - Processing /home/airflow/.local/lib/python3.12/site-packages/airflow/example_dags/example_bash_decorator.py took 0.689 seconds
[2026-08-13T13:25:09.141+0000] {processor.py:161} INFO - Started process (PID=204) to work on /home/airflow/.local/lib/python3.12/site-packages/airflow/example_dags/example_bash_decorator.py
[2026-08-13T13:25:09.158+0000] {processor.py:830} INFO - Processing file /home/airflow/.local/lib/python3.12/site-packages/airflow/example_dags/example_bash_decorator.py for tasks to queue
[2026-08-13T13:25:09.224+0000] {logging_mixin.py:188} INFO - [2026-08-13T13:25:09.223+0000] {dagbag.py:545} INFO - Filling up the DagBag from /home/airflow/.local/lib/python3.12/site-packages/airflow/example_dags/example_bash_decorator.py
[2026-08-13T13:25:09.636+0000] {processor.py:840} INFO - DAG(s) 'example_bash_decorator' retrieved from /home/airflow/.local/lib/python3.12/site-packages/airflow/example_dags/example_bash_decorator.py
[2026-08-13T13:25:09.879+0000] {logging_mixin.py:188} INFO - [2026-08-13T13:25:09.872+0000] {dag.py:3089} INFO - Sync 1 DAGs
[2026-08-13T13:25:10.288+0000] {logging_mixin.py:188} INFO - [2026-08-13T13:25:10.284+0000] {dag.py:3947} INFO - Setting next_dagrun for example_bash_decorator to None, run_after=None
[2026-08-13T13:25:10.447+0000] {processor.py:183} INFO - Processing /home/airflow/.local/lib/python3.12/site-packages/airflow/example_dags/example_bash_decorator.py took 1.408 seconds
[2026-08-13T13:25:56.792+0000] {processor.py:161} INFO - Started process (PID=277) to work on /home/airflow/.local/lib/python3.12/site-packages/airflow/example_dags/example_bash_decorator.py
[2026-08-13T13:25:56.796+0000] {processor.py:830} INFO - Processing file /home/airflow/.local/lib/python3.12/site-packages/airflow/example_dags/example_bash_decorator.py for tasks to queue
[2026-08-13T13:25:56.803+0000] {logging_mixin.py:188} INFO - [2026-08-13T13:25:56.802+0000] {dagbag.py:545} INFO - Filling up the DagBag from /home/airflow/.local/lib/python3.12/site-packages/airflow/example_dags/example_bash_decorator.py
[2026-08-13T13:25:56.842+0000] {processor.py:840} INFO - DAG(s) 'example_bash_decorator' retrieved from /home/airflow/.local/lib/python3.12/site-packages/airflow/example_dags/example_bash_decorator.py
[2026-08-13T13:25:56.916+0000] {logging_mixin.py:188} INFO - [2026-08-13T13:25:56.915+0000] {dag.py:3089} INFO - Sync 1 DAGs
[2026-08-13T13:25:56.952+0000] {logging_mixin.py:188} INFO - [2026-08-13T13:25:56.951+0000] {dag.py:3947} INFO - Setting next_dagrun for example_bash_decorator to None, run_after=None
[2026-08-13T13:25:57.013+0000] {processor.py:183} INFO - Processing /home/airflow/.local/lib/python3.12/site-packages/airflow/example_dags/example_bash_decorator.py took 0.238 seconds
[2026-08-13T13:26:31.143+0000] {processor.py:161} INFO - Started process (PID=350) to work on /home/airflow/.local/lib/python3.12/site-packages/airflow/example_dags/example_bash_decorator.py
[2026-08-13T13:26:31.149+0000] {processor.py:830} INFO - Processing file /home/airflow/.local/lib/python3.12/site-packages/airflow/example_dags/example_bash_decorator.py for tasks to queue
[2026-08-13T13:26:31.162+0000] {logging_mixin.py:188} INFO - [2026-08-13T13:26:31.160+0000] {dagbag.py:545} INFO - Filling up the DagBag from /home/airflow/.local/lib/python3.12/site-packages/airflow/example_dags/example_bash_decorator.py
[2026-08-13T13:26:31.198+0000] {processor.py:840} INFO - DAG(s) 'example_bash_decorator' retrieved from /home/airflow/.local/lib/python3.12/site-packages/airflow/example_dags/example_bash_decorator.py
[2026-08-13T13:26:31.306+0000] {logging_mixin.py:188} INFO - [2026-08-13T13:26:31.306+0000] {dag.py:3089} INFO - Sync 1 DAGs
[2026-08-13T13:26:31.354+0000] {logging_mixin.py:188} INFO - [2026-08-13T13:26:31.354+0000] {dag.py:3947} INFO - Setting next_dagrun for example_bash_decorator to None, run_after=None
[2026-08-13T13:26:31.414+0000] {processor.py:183} INFO - Processing /home/airflow/.local/lib/python3.12/site-packages/airflow/example_dags/example_bash_decorator.py took 0.292 seconds
[2026-08-13T13:27:02.371+0000] {processor.py:161} INFO - Started process (PID=423) to work on /home/airflow/.local/lib/python3.12/site-packages/airflow/example_dags/example_bash_decorator.py
[2026-08-13T13:27:02.383+0000] {processor.py:830} INFO - Processing file /home/airflow/.local/lib/python3.12/site-packages/airflow/example_dags/example_bash_decorator.py for tasks to queue
[2026-08-13T13:27:02.399+0000] {logging_mixin.py:188} INFO - [2026-08-13T13:27:02.398+0000] {dagbag.py:545} INFO - Filling up the DagBag from /home/airflow/.local/lib/python3.12/site-packages/airflow/example_dags/example_bash_decorator.py
[2026-08-13T13:27:02.529+0000] {processor.py:840} INFO - DAG(s) 'example_bash_decorator' retrieved from /home/airflow/.local/lib/python3.12/site-packages/airflow/example_dags/example_bash_decorator.py
[2026-08-13T13:27:02.713+0000] {logging_mixin.py:188} INFO - [2026-08-13T13:27:02.711+0000] {dag.py:3089} INFO - Sync 1 DAGs
[2026-08-13T13:27:02.824+0000] {logging_mixin.py:188} INFO - [2026-08-13T13:27:02.823+0000] {dag.py:3947} INFO - Setting next_dagrun for example_bash_decorator to None, run_after=None
[2026-08-13T13:27:02.885+0000] {processor.py:183} INFO - Processing /home/airflow/.local/lib/python3.12/site-packages/airflow/example_dags/example_bash_decorator.py took 0.609 seconds
[2026-08-13T13:27:33.056+0000] {processor.py:161} INFO - Started process (PID=489) to work on /home/airflow/.local/lib/python3.12/site-packages/airflow/example_dags/example_bash_decorator.py
[2026-08-13T13:27:33.059+0000] {processor.py:830} INFO - Processing file /home/airflow/.local/lib/python3.12/site-packages/airflow/example_dags/example_bash_decorator.py for tasks to queue
[2026-08-13T13:27:33.065+0000] {logging_mixin.py:188} INFO - [2026-08-13T13:27:33.064+0000] {dagbag.py:545} INFO - Filling up the DagBag from /home/airflow/.local/lib/python3.12/site-packages/airflow/example_dags/example_bash_decorator.py
[2026-08-13T13:27:33.098+0000] {processor.py:840} INFO - DAG(s) 'example_bash_decorator' retrieved from /home/airflow/.local/lib/python3.12/site-packages/airflow/example_dags/example_bash_decorator.py
[2026-08-13T13:27:33.142+0000] {logging_mixin.py:188} INFO - [2026-08-13T13:27:33.142+0000] {dag.py:3089} INFO - Sync 1 DAGs
[2026-08-13T13:27:33.167+0000] {logging_mixin.py:188} INFO - [2026-08-13T13:27:33.167+0000] {dag.py:3947} INFO - Setting next_dagrun for example_bash_decorator to None, run_after=None
[2026-08-13T13:27:33.215+0000] {processor.py:183} INFO - Processing /home/airflow/.local/lib/python3.12/site-packages/airflow/example_dags/example_bash_decorator.py took 0.172 seconds
[2026-08-13T13:28:03.947+0000] {processor.py:161} INFO - Started process (PID=561) to work on /home/airflow/.local/lib/python3.12/site-packages/airflow/example_dags/example_bash_decorator.py
[2026-08-13T13:28:03.950+0000] {processor.py:830} INFO - Processing file /home/airflow/.local/lib/python3.12/site-packages/airflow/example_dags/example_bash_decorator.py for tasks to queue
[2026-08-13T13:28:03.955+0000] {logging_mixin.py:188} INFO - [2026-08-13T13:28:03.954+0000] {dagbag.py:545} INFO - Filling up the DagBag from /home/airflow/.local/lib/python3.12/site-packages/airflow/example_dags/example_bash_decorator.py
[2026-08-13T13:28:03.980+0000] {processor.py:840} INFO - DAG(s) 'example_bash_decorator' retrieved from /home/airflow/.local/lib/python3.12/site-packages/airflow/example_dags/example_bash_decorator.py
[2026-08-13T13:28:04.030+0000] {logging_mixin.py:188} INFO - [2026-08-13T13:28:04.029+0000] {dag.py:3089} INFO - Sync 1 DAGs
[2026-08-13T13:28:04.052+0000] {logging_mixin.py:188} INFO - [2026-08-13T13:28:04.052+0000] {dag.py:3947} INFO - Setting next_dagrun for example_bash_decorator to None, run_after=None
[2026-08-13T13:28:04.091+0000] {processor.py:183} INFO - Processing /home/airflow/.local/lib/python3.12/site-packages/airflow/example_dags/example_bash_decorator.py took 0.158 seconds
[2026-08-13T13:28:35.196+0000] {processor.py:161} INFO - Started process (PID=633) to work on /home/airflow/.local/lib/python3.12/site-packages/airflow/example_dags/example_bash_decorator.py
[2026-08-13T13:28:35.201+0000] {processor.py:830} INFO - Processing file /home/airflow/.local/lib/python3.12/site-packages/airflow/example_dags/example_bash_decorator.py for tasks to queue
[2026-08-13T13:28:35.210+0000] {logging_mixin.py:188} INFO - [2026-08-13T13:28:35.208+0000] {dagbag.py:545} INFO - Filling up the DagBag from /home/airflow/.local/lib/python3.12/site-packages/airflow/example_dags/example_bash_decorator.py
[2026-08-13T13:28:35.296+0000] {processor.py:840} INFO - DAG(s) 'example_bash_decorator' retrieved from /home/airflow/.local/lib/python3.12/site-packages/airflow/example_dags/example_bash_decorator.py
[2026-08-13T13:28:35.369+0000] {logging_mixin.py:188} INFO - [2026-08-13T13:28:35.368+0000] {dag.py:3089} INFO - Sync 1 DAGs
[2026-08-13T13:28:35.440+0000] {logging_mixin.py:188} INFO - [2026-08-13T13:28:35.440+0000] {dag.py:3947} INFO - Setting next_dagrun for example_bash_decorator to None, run_after=None
[2026-08-13T13:28:35.496+0000] {processor.py:183} INFO - Processing /home/airflow/.local/lib/python3.12/site-packages/airflow/example_dags/example_bash_decorator.py took 0.319 seconds
[2026-08-13T13:29:05.771+0000] {processor.py:161} INFO - Started process (PID=700) to work on /home/airflow/.local/lib/python3.12/site-packages/airflow/example_dags/example_bash_decorator.py
[2026-08-13T13:29:05.776+0000] {processor.py:830} INFO - Processing file /home/airflow/.local/lib/python3.12/site-packages/airflow/example_dags/example_bash_decorator.py for tasks to queue
[2026-08-13T13:29:05.785+0000] {logging_mixin.py:188} INFO - [2026-08-13T13:29:05.783+0000] {dagbag.py:545} INFO - Filling up the DagBag from /home/airflow/.local/lib/python3.12/site-packages/airflow/example_dags/example_bash_decorator.py
[2026-08-13T13:29:05.828+0000] {processor.py:840} INFO - DAG(s) 'example_bash_decorator' retrieved from /home/airflow/.local/lib/python3.12/site-packages/airflow/example_dags/example_bash_decorator.py
[2026-08-13T13:29:05.899+0000] {logging_mixin.py:188} INFO - [2026-08-13T13:29:05.899+0000] {dag.py:3089} INFO - Sync 1 DAGs
[2026-08-13T13:29:05.953+0000] {logging_mixin.py:188} INFO - [2026-08-13T13:29:05.952+0000] {dag.py:3947} INFO - Setting next_dagrun for example_bash_decorator to None, run_after=None
[2026-08-13T13:29:06.004+0000] {processor.py:183} INFO - Processing /home/airflow/.local/lib/python3.12/site-packages/airflow/example_dags/example_bash_decorator.py took 0.250 seconds
[2026-08-13T13:29:37.350+0000] {processor.py:161} INFO - Started process (PID=773) to work on /home/airflow/.local/lib/python3.12/site-packages/airflow/example_dags/example_bash_decorator.py
[2026-08-13T13:29:37.353+0000] {processor.py:830} INFO - Processing file /home/airflow/.local/lib/python3.12/site-packages/airflow/example_dags/example_bash_decorator.py for tasks to queue
[2026-08-13T13:29:37.360+0000] {logging_mixin.py:188} INFO - [2026-08-13T13:29:37.359+0000] {dagbag.py:545} INFO - Filling up the DagBag from /home/airflow/.local/lib/python3.12/site-packages/airflow/example_dags/example_bash_decorator.py
[2026-08-13T13:29:37.402+0000] {processor.py:840} INFO - DAG(s) 'example_bash_decorator' retrieved from /home/airflow/.local/lib/python3.12/site-packages/airflow/example_dags/example_bash_decorator.py
[2026-08-13T13:29:37.472+0000] {logging_mixin.py:188} INFO - [2026-08-13T13:29:37.471+0000] {dag.py:3089} INFO - Sync 1 DAGs
[2026-08-13T13:29:37.503+0000] {logging_mixin.py:188} INFO - [2026-08-13T13:29:37.502+0000] {dag.py:3947} INFO - Setting next_dagrun for example_bash_decorator to None, run_after=None
[2026-08-13T13:29:37.555+0000] {processor.py:183} INFO - Processing /home/airflow/.local/lib/python3.12/site-packages/airflow/example_dags/example_bash_decorator.py took 0.223 seconds
[2026-08-13T13:30:12.727+0000] {processor.py:161} INFO - Started process (PID=847) to work on /home/airflow/.local/lib/python3.12/site-packages/airflow/example_dags/example_bash_decorator.py
[2026-08-13T13:30:12.731+0000] {processor.py:830} INFO - Processing file /home/airflow/.local/lib/python3.12/site-packages/airflow/example_dags/example_bash_decorator.py for tasks to queue
[2026-08-13T13:30:12.737+0000] {logging_mixin.py:188} INFO - [2026-08-13T13:30:12.736+0000] {dagbag.py:545} INFO - Filling up the DagBag from /home/airflow/.local/lib/python3.12/site-packages/airflow/example_dags/example_bash_decorator.py
[2026-08-13T13:30:12.777+0000] {processor.py:840} INFO - DAG(s) 'example_bash_decorator' retrieved from /home/airflow/.local/lib/python3.12/site-packages/airflow/example_dags/example_bash_decorator.py
[2026-08-13T13:30:12.856+0000] {logging_mixin.py:188} INFO - [2026-08-13T13:30:12.855+0000] {dag.py:3089} INFO - Sync 1 DAGs
[2026-08-13T13:30:12.884+0000] {logging_mixin.py:188} INFO - [2026-08-13T13:30:12.884+0000] {dag.py:3947} INFO - Setting next_dagrun for example_bash_decorator to None, run_after=None
[2026-08-13T13:30:12.930+0000] {processor.py:183} INFO - Processing /home/airflow/.local/lib/python3.12/site-packages/airflow/example_dags/example_bash_decorator.py took 0.216 seconds
[2026-08-13T13:30:44.892+0000] {processor.py:161} INFO - Started process (PID=921) to work on /home/airflow/.local/lib/python3.12/site-packages/airflow/example_dags/example_bash_decorator.py
[2026-08-13T13:30:44.895+0000] {processor.py:830} INFO - Processing file /home/airflow/.local/lib/python3.12/site-packages/airflow/example_dags/example_bash_decorator.py for tasks to queue
[2026-08-13T13:30:44.901+0000] {logging_mixin.py:188} INFO - [2026-08-13T13:30:44.900+0000] {dagbag.py:545} INFO - Filling up the DagBag from /home/airflow/.local/lib/python3.12/site-packages/airflow/example_dags/example_bash_decorator.py
[2026-08-13T13:30:44.925+0000] {processor.py:840} INFO - DAG(s) 'example_bash_decorator' retrieved from /home/airflow/.local/lib/python3.12/site-packages/airflow/example_dags/example_bash_decorator.py
[2026-08-13T13:30:44.966+0000] {logging_mixin.py:188} INFO - [2026-08-13T13:30:44.966+0000] {dag.py:3089} INFO - Sync 1 DAGs
[2026-08-13T13:30:44.996+0000] {logging_mixin.py:188} INFO - [2026-08-13T13:30:44.996+0000] {dag.py:3947} INFO - Setting next_dagrun for example_bash_decorator to None, run_after=None
[2026-08-13T13:30:45.039+0000] {processor.py:183} INFO - Processing /home/airflow/.local/lib/python3.12/site-packages/airflow/example_dags/example_bash_decorator.py took 0.161 seconds
[2026-08-13T13:31:17.311+0000] {processor.py:161} INFO - Started process (PID=993) to work on /home/airflow/.local/lib/python3.12/site-packages/airflow/example_dags/example_bash_decorator.py
[2026-08-13T13:31:17.317+0000] {processor.py:830} INFO - Processing file /home/airflow/.local/lib/python3.12/site-packages/airflow/example_dags/example_bash_decorator.py for tasks to queue
[2026-08-13T13:31:17.323+0000] {logging_mixin.py:188} INFO - [2026-08-13T13:31:17.322+0000] {dagbag.py:545} INFO - Filling up the DagBag from /home/airflow/.local/lib/python3.12/site-packages/airflow/example_dags/example_bash_decorator.py
[2026-08-13T13:31:17.373+0000] {processor.py:840} INFO - DAG(s) 'example_bash_decorator' retrieved from /home/airflow/.local/lib/python3.12/site-packages/airflow/example_dags/example_bash_decorator.py
[2026-08-13T13:31:17.445+0000] {logging_mixin.py:188} INFO - [2026-08-13T13:31:17.445+0000] {dag.py:3089} INFO - Sync 1 DAGs
[2026-08-13T13:31:17.488+0000] {logging_mixin.py:188} INFO - [2026-08-13T13:31:17.488+0000] {dag.py:3947} INFO - Setting next_dagrun for example_bash_decorator to None, run_after=None
[2026-08-13T13:31:17.553+0000] {processor.py:183} INFO - Processing /home/airflow/.local/lib/python3.12/site-packages/airflow/example_dags/example_bash_decorator.py took 0.270 seconds
[2026-08-13T13:31:49.429+0000] {processor.py:161} INFO - Started process (PID=1067) to work on /home/airflow/.local/lib/python3.12/site-packages/airflow/example_dags/example_bash_decorator.py
[2026-08-13T13:31:49.439+0000] {processor.py:830} INFO - Processing file /home/airflow/.local/lib/python3.12/site-packages/airflow/example_dags/example_bash_decorator.py for tasks to queue
[2026-08-13T13:31:49.450+0000] {logging_mixin.py:188} INFO - [2026-08-13T13:31:49.449+0000] {dagbag.py:545} INFO - Filling up the DagBag from /home/airflow/.local/lib/python3.12/site-packages/airflow/example_dags/example_bash_decorator.py
[2026-08-13T13:31:49.691+0000] {processor.py:840} INFO - DAG(s) 'example_bash_decorator' retrieved from /home/airflow/.local/lib/python3.12/site-packages/airflow/example_dags/example_bash_decorator.py
[2026-08-13T13:31:49.815+0000] {logging_mixin.py:188} INFO - [2026-08-13T13:31:49.814+0000] {dag.py:3089} INFO - Sync 1 DAGs
[2026-08-13T13:31:49.880+0000] {logging_mixin.py:188} INFO - [2026-08-13T13:31:49.880+0000] {dag.py:3947} INFO - Setting next_dagrun for example_bash_decorator to None, run_after=None
[2026-08-13T13:31:49.983+0000] {processor.py:183} INFO - Processing /home/airflow/.local/lib/python3.12/site-packages/airflow/example_dags/example_bash_decorator.py took 0.621 seconds
[2026-08-13T13:32:20.624+0000] {processor.py:161} INFO - Started process (PID=1140) to work on /home/airflow/.local/lib/python3.12/site-packages/airflow/example_dags/example_bash_decorator.py
[2026-08-13T13:32:20.627+0000] {processor.py:830} INFO - Processing file /home/airflow/.local/lib/python3.12/site-packages/airflow/example_dags/example_bash_decorator.py for tasks to queue
[2026-08-13T13:32:20.634+0000] {logging_mixin.py:188} INFO - [2026-08-13T13:32:20.633+0000] {dagbag.py:545} INFO - Filling up the DagBag from /home/airflow/.local/lib/python3.12/site-packages/airflow/example_dags/example_bash_decorator.py
[2026-08-13T13:32:20.698+0000] {processor.py:840} INFO - DAG(s) 'example_bash_decorator' retrieved from /home/airflow/.local/lib/python3.12/site-packages/airflow/example_dags/example_bash_decorator.py
[2026-08-13T13:32:20.823+0000] {logging_mixin.py:188} INFO - [2026-08-13T13:32:20.821+0000] {dag.py:3089} INFO - Sync 1 DAGs
[2026-08-13T13:32:20.863+0000] {logging_mixin.py:188} INFO - [2026-08-13T13:32:20.862+0000] {dag.py:3947} INFO - Setting next_dagrun for example_bash_decorator to None, run_after=None
[2026-08-13T13:32:20.927+0000] {processor.py:183} INFO - Processing /home/airflow/.local/lib/python3.12/site-packages/airflow/example_dags/example_bash_decorator.py took 0.322 seconds
[2026-08-13T13:32:55.172+0000] {processor.py:161} INFO - Started process (PID=1214) to work on /home/airflow/.local/lib/python3.12/site-packages/airflow/example_dags/example_bash_decorator.py
[2026-08-13T13:32:55.175+0000] {processor.py:830} INFO - Processing file /home/airflow/.local/lib/python3.12/site-packages/airflow/example_dags/example_bash_decorator.py for tasks to queue
[2026-08-13T13:32:55.180+0000] {logging_mixin.py:188} INFO - [2026-08-13T13:32:55.179+0000] {dagbag.py:545} INFO - Filling up the DagBag from /home/airflow/.local/lib/python3.12/site-packages/airflow/example_dags/example_bash_decorator.py
[2026-08-13T13:32:55.208+0000] {processor.py:840} INFO - DAG(s) 'example_bash_decorator' retrieved from /home/airflow/.local/lib/python3.12/site-packages/airflow/example_dags/example_bash_decorator.py
[2026-08-13T13:32:55.266+0000] {logging_mixin.py:188} INFO - [2026-08-13T13:32:55.265+0000] {dag.py:3089} INFO - Sync 1 DAGs
[2026-08-13T13:32:55.310+0000] {logging_mixin.py:188} INFO - [2026-08-13T13:32:55.310+0000] {dag.py:3947} INFO - Setting next_dagrun for example_bash_decorator to None, run_after=None
[2026-08-13T13:32:55.366+0000] {processor.py:183} INFO - Processing /home/airflow/.local/lib/python3.12/site-packages/airflow/example_dags/example_bash_decorator.py took 0.206 seconds
[2026-08-13T13:33:25.905+0000] {processor.py:161} INFO - Started process (PID=1280) to work on /home/airflow/.local/lib/python3.12/site-packages/airflow/example_dags/example_bash_decorator.py
[2026-08-13T13:33:25.908+0000] {processor.py:830} INFO - Processing file /home/airflow/.local/lib/python3.12/site-packages/airflow/example_dags/example_bash_decorator.py for tasks to queue
[2026-08-13T13:33:25.914+0000] {logging_mixin.py:188} INFO - [2026-08-13T13:33:25.913+0000] {dagbag.py:545} INFO - Filling up the DagBag from /home/airflow/.local/lib/python3.12/site-packages/airflow/example_dags/example_bash_decorator.py
[2026-08-13T13:33:25.951+0000] {processor.py:840} INFO - DAG(s) 'example_bash_decorator' retrieved from /home/airflow/.local/lib/python3.12/site-packages/airflow/example_dags/example_bash_decorator.py
[2026-08-13T13:33:26.015+0000] {logging_mixin.py:188} INFO - [2026-08-13T13:33:26.014+0000] {dag.py:3089} INFO - Sync 1 DAGs
[2026-08-13T13:33:26.066+0000] {logging_mixin.py:188} INFO - [2026-08-13T13:33:26.066+0000] {dag.py:3947} INFO - Setting next_dagrun for example_bash_decorator to None, run_after=None
[2026-08-13T13:33:26.139+0000] {processor.py:183} INFO - Processing /home/airflow/.local/lib/python3.12/site-packages/airflow/example_dags/example_bash_decorator.py took 0.244 seconds
[2026-08-13T13:34:03.274+0000] {processor.py:161} INFO - Started process (PID=1361) to work on /home/airflow/.local/lib/python3.12/site-packages/airflow/example_dags/example_bash_decorator.py
[2026-08-13T13:34:03.285+0000] {processor.py:830} INFO - Processing file /home/airflow/.local/lib/python3.12/site-packages/airflow/example_dags/example_bash_decorator.py for tasks to queue
[2026-08-13T13:34:03.300+0000] {logging_mixin.py:188} INFO - [2026-08-13T13:34:03.299+0000] {dagbag.py:545} INFO - Filling up the DagBag from /home/airflow/.local/lib/python3.12/site-packages/airflow/example_dags/example_bash_decorator.py
[2026-08-13T13:34:03.346+0000] {processor.py:840} INFO - DAG(s) 'example_bash_decorator' retrieved from /home/airflow/.local/lib/python3.12/site-packages/airflow/example_dags/example_bash_decorator.py
[2026-08-13T13:34:03.418+0000] {logging_mixin.py:188} INFO - [2026-08-13T13:34:03.417+0000] {dag.py:3089} INFO - Sync 1 DAGs
[2026-08-13T13:34:03.454+0000] {logging_mixin.py:188} INFO - [2026-08-13T13:34:03.453+0000] {dag.py:3947} INFO - Setting next_dagrun for example_bash_decorator to None, run_after=None
[2026-08-13T13:34:03.522+0000] {processor.py:183} INFO - Processing /home/airflow/.local/lib/python3.12/site-packages/airflow/example_dags/example_bash_decorator.py took 0.266 seconds
[2026-08-13T13:34:34.734+0000] {processor.py:161} INFO - Started process (PID=1434) to work on /home/airflow/.local/lib/python3.12/site-packages/airflow/example_dags/example_bash_decorator.py
[2026-08-13T13:34:34.738+0000] {processor.py:830} INFO - Processing file /home/airflow/.local/lib/python3.12/site-packages/airflow/example_dags/example_bash_decorator.py for tasks to queue
[2026-08-13T13:34:34.744+0000] {logging_mixin.py:188} INFO - [2026-08-13T13:34:34.743+0000] {dagbag.py:545} INFO - Filling up the DagBag from /home/airflow/.local/lib/python3.12/site-packages/airflow/example_dags/example_bash_decorator.py
[2026-08-13T13:34:34.782+0000] {processor.py:840} INFO - DAG(s) 'example_bash_decorator' retrieved from /home/airflow/.local/lib/python3.12/site-packages/airflow/example_dags/example_bash_decorator.py
[2026-08-13T13:34:34.845+0000] {logging_mixin.py:188} INFO - [2026-08-13T13:34:34.845+0000] {dag.py:3089} INFO - Sync 1 DAGs
[2026-08-13T13:34:34.874+0000] {logging_mixin.py:188} INFO - [2026-08-13T13:34:34.873+0000] {dag.py:3947} INFO - Setting next_dagrun for example_bash_decorator to None, run_after=None
[2026-08-13T13:34:34.934+0000] {processor.py:183} INFO - Processing /home/airflow/.local/lib/python3.12/site-packages/airflow/example_dags/example_bash_decorator.py took 0.215 seconds
[2026-08-13T13:35:05.195+0000] {processor.py:161} INFO - Started process (PID=1501) to work on /home/airflow/.local/lib/python3.12/site-packages/airflow/example_dags/example_bash_decorator.py
[2026-08-13T13:35:05.198+0000] {processor.py:830} INFO - Processing file /home/airflow/.local/lib/python3.12/site-packages/airflow/example_dags/example_bash_decorator.py for tasks to queue
[2026-08-13T13:35:05.203+0000] {logging_mixin.py:188} INFO - [2026-08-13T13:35:05.202+0000] {dagbag.py:545} INFO - Filling up the DagBag from /home/airflow/.local/lib/python3.12/site-packages/airflow/example_dags/example_bash_decorator.py
[2026-08-13T13:35:05.236+0000] {processor.py:840} INFO - DAG(s) 'example_bash_decorator' retrieved from /home/airflow/.local/lib/python3.12/site-packages/airflow/example_dags/example_bash_decorator.py
[2026-08-13T13:35:05.290+0000] {logging_mixin.py:188} INFO - [2026-08-13T13:35:05.289+0000] {dag.py:3089} INFO - Sync 1 DAGs
[2026-08-13T13:35:05.320+0000] {logging_mixin.py:188} INFO - [2026-08-13T13:35:05.319+0000] {dag.py:3947} INFO - Setting next_dagrun for example_bash_decorator to None, run_after=None
[2026-08-13T13:35:05.369+0000] {processor.py:183} INFO - Processing /home/airflow/.local/lib/python3.12/site-packages/airflow/example_dags/example_bash_decorator.py took 0.186 seconds
[2026-08-13T13:35:38.109+0000] {processor.py:161} INFO - Started process (PID=1574) to work on /home/airflow/.local/lib/python3.12/site-packages/airflow/example_dags/example_bash_decorator.py
[2026-08-13T13:35:38.116+0000] {processor.py:830} INFO - Processing file /home/airflow/.local/lib/python3.12/site-packages/airflow/example_dags/example_bash_decorator.py for tasks to queue
[2026-08-13T13:35:38.127+0000] {logging_mixin.py:188} INFO - [2026-08-13T13:35:38.125+0000] {dagbag.py:545} INFO - Filling up the DagBag from /home/airflow/.local/lib/python3.12/site-packages/airflow/example_dags/example_bash_decorator.py
[2026-08-13T13:35:38.182+0000] {processor.py:840} INFO - DAG(s) 'example_bash_decorator' retrieved from /home/airflow/.local/lib/python3.12/site-packages/airflow/example_dags/example_bash_decorator.py
[2026-08-13T13:35:38.266+0000] {logging_mixin.py:188} INFO - [2026-08-13T13:35:38.265+0000] {dag.py:3089} INFO - Sync 1 DAGs
[2026-08-13T13:35:38.311+0000] {logging_mixin.py:188} INFO - [2026-08-13T13:35:38.305+0000] {dag.py:3947} INFO - Setting next_dagrun for example_bash_decorator to None, run_after=None
[2026-08-13T13:35:38.391+0000] {processor.py:183} INFO - Processing /home/airflow/.local/lib/python3.12/site-packages/airflow/example_dags/example_bash_decorator.py took 0.319 seconds
[2026-08-13T13:36:11.184+0000] {processor.py:161} INFO - Started process (PID=1647) to work on /home/airflow/.local/lib/python3.12/site-packages/airflow/example_dags/example_bash_decorator.py
[2026-08-13T13:36:11.187+0000] {processor.py:830} INFO - Processing file /home/airflow/.local/lib/python3.12/site-packages/airflow/example_dags/example_bash_decorator.py for tasks to queue
[2026-08-13T13:36:11.194+0000] {logging_mixin.py:188} INFO - [2026-08-13T13:36:11.194+0000] {dagbag.py:545} INFO - Filling up the DagBag from /home/airflow/.local/lib/python3.12/site-packages/airflow/example_dags/example_bash_decorator.py
[2026-08-13T13:36:11.240+0000] {processor.py:840} INFO - DAG(s) 'example_bash_decorator' retrieved from /home/airflow/.local/lib/python3.12/site-packages/airflow/example_dags/example_bash_decorator.py
[2026-08-13T13:36:11.304+0000] {logging_mixin.py:188} INFO - [2026-08-13T13:36:11.304+0000] {dag.py:3089} INFO - Sync 1 DAGs
[2026-08-13T13:36:11.340+0000] {logging_mixin.py:188} INFO - [2026-08-13T13:36:11.340+0000] {dag.py:3947} INFO - Setting next_dagrun for example_bash_decorator to None, run_after=None
[2026-08-13T13:36:11.386+0000] {processor.py:183} INFO - Processing /home/airflow/.local/lib/python3.12/site-packages/airflow/example_dags/example_bash_decorator.py took 0.218 seconds
[2026-08-13T13:36:43.632+0000] {processor.py:161} INFO - Started process (PID=1720) to work on /home/airflow/.local/lib/python3.12/site-packages/airflow/example_dags/example_bash_decorator.py
[2026-08-13T13:36:43.636+0000] {processor.py:830} INFO - Processing file /home/airflow/.local/lib/python3.12/site-packages/airflow/example_dags/example_bash_decorator.py for tasks to queue
[2026-08-13T13:36:43.643+0000] {logging_mixin.py:188} INFO - [2026-08-13T13:36:43.642+0000] {dagbag.py:545} INFO - Filling up the DagBag from /home/airflow/.local/lib/python3.12/site-packages/airflow/example_dags/example_bash_decorator.py
[2026-08-13T13:36:43.678+0000] {processor.py:840} INFO - DAG(s) 'example_bash_decorator' retrieved from /home/airflow/.local/lib/python3.12/site-packages/airflow/example_dags/example_bash_decorator.py
[2026-08-13T13:36:43.776+0000] {logging_mixin.py:188} INFO - [2026-08-13T13:36:43.775+0000] {dag.py:3089} INFO - Sync 1 DAGs
[2026-08-13T13:36:43.813+0000] {logging_mixin.py:188} INFO - [2026-08-13T13:36:43.813+0000] {dag.py:3947} INFO - Setting next_dagrun for example_bash_decorator to None, run_after=None
[2026-08-13T13:36:43.887+0000] {processor.py:183} INFO - Processing /home/airflow/.local/lib/python3.12/site-packages/airflow/example_dags/example_bash_decorator.py took 0.282 seconds
[2026-08-13T13:37:15.459+0000] {processor.py:161} INFO - Started process (PID=1793) to work on /home/airflow/.local/lib/python3.12/site-packages/airflow/example_dags/example_bash_decorator.py
[2026-08-13T13:37:15.462+0000] {processor.py:830} INFO - Processing file /home/airflow/.local/lib/python3.12/site-packages/airflow/example_dags/example_bash_decorator.py for tasks to queue
[2026-08-13T13:37:15.470+0000] {logging_mixin.py:188} INFO - [2026-08-13T13:37:15.469+0000] {dagbag.py:545} INFO - Filling up the DagBag from /home/airflow/.local/lib/python3.12/site-packages/airflow/example_dags/example_bash_decorator.py
[2026-08-13T13:37:15.504+0000] {processor.py:840} INFO - DAG(s) 'example_bash_decorator' retrieved from /home/airflow/.local/lib/python3.12/site-packages/airflow/example_dags/example_bash_decorator.py
[2026-08-13T13:37:15.605+0000] {logging_mixin.py:188} INFO - [2026-08-13T13:37:15.604+0000] {dag.py:3089} INFO - Sync 1 DAGs
[2026-08-13T13:37:15.653+0000] {logging_mixin.py:188} INFO - [2026-08-13T13:37:15.653+0000] {dag.py:3947} INFO - Setting next_dagrun for example_bash_decorator to None, run_after=None
[2026-08-13T13:37:15.785+0000] {processor.py:183} INFO - Processing /home/airflow/.local/lib/python3.12/site-packages/airflow/example_dags/example_bash_decorator.py took 0.342 seconds
[2026-08-13T13:37:48.331+0000] {processor.py:161} INFO - Started process (PID=1867) to work on /home/airflow/.local/lib/python3.12/site-packages/airflow/example_dags/example_bash_decorator.py
[2026-08-13T13:37:48.337+0000] {processor.py:830} INFO - Processing file /home/airflow/.local/lib/python3.12/site-packages/airflow/example_dags/example_bash_decorator.py for tasks to queue
[2026-08-13T13:37:48.347+0000] {logging_mixin.py:188} INFO - [2026-08-13T13:37:48.346+0000] {dagbag.py:545} INFO - Filling up the DagBag from /home/airflow/.local/lib/python3.12/site-packages/airflow/example_dags/example_bash_decorator.py
[2026-08-13T13:37:48.392+0000] {processor.py:840} INFO - DAG(s) 'example_bash_decorator' retrieved from /home/airflow/.local/lib/python3.12/site-packages/airflow/example_dags/example_bash_decorator.py
[2026-08-13T13:37:48.460+0000] {logging_mixin.py:188} INFO - [2026-08-13T13:37:48.460+0000] {dag.py:3089} INFO - Sync 1 DAGs
[2026-08-13T13:37:48.506+0000] {logging_mixin.py:188} INFO - [2026-08-13T13:37:48.506+0000] {dag.py:3947} INFO - Setting next_dagrun for example_bash_decorator to None, run_after=None
[2026-08-13T13:37:48.557+0000] {processor.py:183} INFO - Processing /home/airflow/.local/lib/python3.12/site-packages/airflow/example_dags/example_bash_decorator.py took 0.243 seconds
[2026-08-13T13:38:21.915+0000] {processor.py:161} INFO - Started process (PID=1941) to work on /home/airflow/.local/lib/python3.12/site-packages/airflow/example_dags/example_bash_decorator.py
[2026-08-13T13:38:21.918+0000] {processor.py:830} INFO - Processing file /home/airflow/.local/lib/python3.12/site-packages/airflow/example_dags/example_bash_decorator.py for tasks to queue
[2026-08-13T13:38:21.928+0000] {logging_mixin.py:188} INFO - [2026-08-13T13:38:21.928+0000] {dagbag.py:545} INFO - Filling up the DagBag from /home/airflow/.local/lib/python3.12/site-packages/airflow/example_dags/example_bash_decorator.py
[2026-08-13T13:38:21.961+0000] {processor.py:840} INFO - DAG(s) 'example_bash_decorator' retrieved from /home/airflow/.local/lib/python3.12/site-packages/airflow/example_dags/example_bash_decorator.py
[2026-08-13T13:38:22.032+0000] {logging_mixin.py:188} INFO - [2026-08-13T13:38:22.032+0000] {dag.py:3089} INFO - Sync 1 DAGs
[2026-08-13T13:38:22.076+0000] {logging_mixin.py:188} INFO - [2026-08-13T13:38:22.075+0000] {dag.py:3947} INFO - Setting next_dagrun for example_bash_decorator to None, run_after=None
[2026-08-13T13:38:22.137+0000] {processor.py:183} INFO - Processing /home/airflow/.local/lib/python3.12/site-packages/airflow/example_dags/example_bash_decorator.py took 0.235 seconds
[2026-08-13T13:38:54.922+0000] {processor.py:161} INFO - Started process (PID=2015) to work on /home/airflow/.local/lib/python3.12/site-packages/airflow/example_dags/example_bash_decorator.py
[2026-08-13T13:38:54.925+0000] {processor.py:830} INFO - Processing file /home/airflow/.local/lib/python3.12/site-packages/airflow/example_dags/example_bash_decorator.py for tasks to queue
[2026-08-13T13:38:54.929+0000] {logging_mixin.py:188} INFO - [2026-08-13T13:38:54.928+0000] {dagbag.py:545} INFO - Filling up the DagBag from /home/airflow/.local/lib/python3.12/site-packages/airflow/example_dags/example_bash_decorator.py
[2026-08-13T13:38:54.952+0000] {processor.py:840} INFO - DAG(s) 'example_bash_decorator' retrieved from /home/airflow/.local/lib/python3.12/site-packages/airflow/example_dags/example_bash_decorator.py
[2026-08-13T13:38:54.990+0000] {logging_mixin.py:188} INFO - [2026-08-13T13:38:54.990+0000] {dag.py:3089} INFO - Sync 1 DAGs
[2026-08-13T13:38:55.014+0000] {logging_mixin.py:188} INFO - [2026-08-13T13:38:55.013+0000] {dag.py:3947} INFO - Setting next_dagrun for example_bash_decorator to None, run_after=None
[2026-08-13T13:38:55.052+0000] {processor.py:183} INFO - Processing /home/airflow/.local/lib/python3.12/site-packages/airflow/example_dags/example_bash_decorator.py took 0.141 seconds
[2026-08-13T13:39:28.985+0000] {processor.py:161} INFO - Started process (PID=2089) to work on /home/airflow/.local/lib/python3.12/site-packages/airflow/example_dags/example_bash_decorator.py
[2026-08-13T13:39:28.991+0000] {processor.py:830} INFO - Processing file /home/airflow/.local/lib/python3.12/site-packages/airflow/example_dags/example_bash_decorator.py for tasks to queue
[2026-08-13T13:39:29.000+0000] {logging_mixin.py:188} INFO - [2026-08-13T13:39:28.999+0000] {dagbag.py:545} INFO - Filling up the DagBag from /home/airflow/.local/lib/python3.12/site-packages/airflow/example_dags/example_bash_decorator.py
[2026-08-13T13:39:29.057+0000] {processor.py:840} INFO - DAG(s) 'example_bash_decorator' retrieved from /home/airflow/.local/lib/python3.12/site-packages/airflow/example_dags/example_bash_decorator.py
[2026-08-13T13:39:29.132+0000] {logging_mixin.py:188} INFO - [2026-08-13T13:39:29.131+0000] {dag.py:3089} INFO - Sync 1 DAGs
[2026-08-13T13:39:29.179+0000] {logging_mixin.py:188} INFO - [2026-08-13T13:39:29.178+0000] {dag.py:3947} INFO - Setting next_dagrun for example_bash_decorator to None, run_after=None
[2026-08-13T13:39:29.234+0000] {processor.py:183} INFO - Processing /home/airflow/.local/lib/python3.12/site-packages/airflow/example_dags/example_bash_decorator.py took 0.266 seconds
[2026-08-13T13:40:03.850+0000] {processor.py:161} INFO - Started process (PID=2162) to work on /home/airflow/.local/lib/python3.12/site-packages/airflow/example_dags/example_bash_decorator.py
[2026-08-13T13:40:03.853+0000] {processor.py:830} INFO - Processing file /home/airflow/.local/lib/python3.12/site-packages/airflow/example_dags/example_bash_decorator.py for tasks to queue
[2026-08-13T13:40:03.858+0000] {logging_mixin.py:188} INFO - [2026-08-13T13:40:03.857+0000] {dagbag.py:545} INFO - Filling up the DagBag from /home/airflow/.local/lib/python3.12/site-packages/airflow/example_dags/example_bash_decorator.py
[2026-08-13T13:40:03.884+0000] {processor.py:840} INFO - DAG(s) 'example_bash_decorator' retrieved from /home/airflow/.local/lib/python3.12/site-packages/airflow/example_dags/example_bash_decorator.py
[2026-08-13T13:40:03.943+0000] {logging_mixin.py:188} INFO - [2026-08-13T13:40:03.942+0000] {dag.py:3089} INFO - Sync 1 DAGs
[2026-08-13T13:40:03.977+0000] {logging_mixin.py:188} INFO - [2026-08-13T13:40:03.976+0000] {dag.py:3947} INFO - Setting next_dagrun for example_bash_decorator to None, run_after=None
[2026-08-13T13:40:04.459+0000] {processor.py:183} INFO - Processing /home/airflow/.local/lib/python3.12/site-packages/airflow/example_dags/example_bash_decorator.py took 0.617 seconds
[2026-08-13T13:40:35.331+0000] {processor.py:161} INFO - Started process (PID=2236) to work on /home/airflow/.local/lib/python3.12/site-packages/airflow/example_dags/example_bash_decorator.py
[2026-08-13T13:40:35.333+0000] {processor.py:830} INFO - Processing file /home/airflow/.local/lib/python3.12/site-packages/airflow/example_dags/example_bash_decorator.py for tasks to queue
[2026-08-13T13:40:35.338+0000] {logging_mixin.py:188} INFO - [2026-08-13T13:40:35.337+0000] {dagbag.py:545} INFO - Filling up the DagBag from /home/airflow/.local/lib/python3.12/site-packages/airflow/example_dags/example_bash_decorator.py
[2026-08-13T13:40:35.371+0000] {processor.py:840} INFO - DAG(s) 'example_bash_decorator' retrieved from /home/airflow/.local/lib/python3.12/site-packages/airflow/example_dags/example_bash_decorator.py
[2026-08-13T13:40:35.427+0000] {logging_mixin.py:188} INFO - [2026-08-13T13:40:35.426+0000] {dag.py:3089} INFO - Sync 1 DAGs
[2026-08-13T13:40:35.460+0000] {logging_mixin.py:188} INFO - [2026-08-13T13:40:35.460+0000] {dag.py:3947} INFO - Setting next_dagrun for example_bash_decorator to None, run_after=None
[2026-08-13T13:40:35.513+0000] {processor.py:183} INFO - Processing /home/airflow/.local/lib/python3.12/site-packages/airflow/example_dags/example_bash_decorator.py took 0.192 seconds
[2026-08-13T13:41:09.369+0000] {processor.py:161} INFO - Started process (PID=2308) to work on /home/airflow/.local/lib/python3.12/site-packages/airflow/example_dags/example_bash_decorator.py
[2026-08-13T13:41:09.372+0000] {processor.py:830} INFO - Processing file /home/airflow/.local/lib/python3.12/site-packages/airflow/example_dags/example_bash_decorator.py for tasks to queue
[2026-08-13T13:41:09.377+0000] {logging_mixin.py:188} INFO - [2026-08-13T13:41:09.377+0000] {dagbag.py:545} INFO - Filling up the DagBag from /home/airflow/.local/lib/python3.12/site-packages/airflow/example_dags/example_bash_decorator.py
[2026-08-13T13:41:09.404+0000] {processor.py:840} INFO - DAG(s) 'example_bash_decorator' retrieved from /home/airflow/.local/lib/python3.12/site-packages/airflow/example_dags/example_bash_decorator.py
[2026-08-13T13:41:09.458+0000] {logging_mixin.py:188} INFO - [2026-08-13T13:41:09.457+0000] {dag.py:3089} INFO - Sync 1 DAGs
[2026-08-13T13:41:09.480+0000] {logging_mixin.py:188} INFO - [2026-08-13T13:41:09.480+0000] {dag.py:3947} INFO - Setting next_dagrun for example_bash_decorator to None, run_after=None
[2026-08-13T13:41:09.516+0000] {processor.py:183} INFO - Processing /home/airflow/.local/lib/python3.12/site-packages/airflow/example_dags/example_bash_decorator.py took 0.159 seconds
[2026-08-13T13:41:46.593+0000] {processor.py:161} INFO - Started process (PID=2381) to work on /home/airflow/.local/lib/python3.12/site-packages/airflow/example_dags/example_bash_decorator.py
[2026-08-13T13:41:46.597+0000] {processor.py:830} INFO - Processing file /home/airflow/.local/lib/python3.12/site-packages/airflow/example_dags/example_bash_decorator.py for tasks to queue
[2026-08-13T13:41:46.603+0000] {logging_mixin.py:188} INFO - [2026-08-13T13:41:46.602+0000] {dagbag.py:545} INFO - Filling up the DagBag from /home/airflow/.local/lib/python3.12/site-packages/airflow/example_dags/example_bash_decorator.py
[2026-08-13T13:41:46.641+0000] {processor.py:840} INFO - DAG(s) 'example_bash_decorator' retrieved from /home/airflow/.local/lib/python3.12/site-packages/airflow/example_dags/example_bash_decorator.py
[2026-08-13T13:41:46.705+0000] {logging_mixin.py:188} INFO - [2026-08-13T13:41:46.705+0000] {dag.py:3089} INFO - Sync 1 DAGs
[2026-08-13T13:41:46.738+0000] {logging_mixin.py:188} INFO - [2026-08-13T13:41:46.737+0000] {dag.py:3947} INFO - Setting next_dagrun for example_bash_decorator to None, run_after=None
[2026-08-13T13:41:46.788+0000] {processor.py:183} INFO - Processing /home/airflow/.local/lib/python3.12/site-packages/airflow/example_dags/example_bash_decorator.py took 0.207 seconds
[2026-08-13T13:42:20.375+0000] {processor.py:161} INFO - Started process (PID=2456) to work on /home/airflow/.local/lib/python3.12/site-packages/airflow/example_dags/example_bash_decorator.py
[2026-08-13T13:42:20.380+0000] {processor.py:830} INFO - Processing file /home/airflow/.local/lib/python3.12/site-packages/airflow/example_dags/example_bash_decorator.py for tasks to queue
[2026-08-13T13:42:20.389+0000] {logging_mixin.py:188} INFO - [2026-08-13T13:42:20.387+0000] {dagbag.py:545} INFO - Filling up the DagBag from /home/airflow/.local/lib/python3.12/site-packages/airflow/example_dags/example_bash_decorator.py
[2026-08-13T13:42:20.443+0000] {processor.py:840} INFO - DAG(s) 'example_bash_decorator' retrieved from /home/airflow/.local/lib/python3.12/site-packages/airflow/example_dags/example_bash_decorator.py
[2026-08-13T13:42:21.134+0000] {logging_mixin.py:188} INFO - [2026-08-13T13:42:21.133+0000] {dag.py:3089} INFO - Sync 1 DAGs
[2026-08-13T13:42:21.167+0000] {logging_mixin.py:188} INFO - [2026-08-13T13:42:21.166+0000] {dag.py:3947} INFO - Setting next_dagrun for example_bash_decorator to None, run_after=None
[2026-08-13T13:42:21.217+0000] {processor.py:183} INFO - Processing /home/airflow/.local/lib/python3.12/site-packages/airflow/example_dags/example_bash_decorator.py took 0.868 seconds
[2026-08-13T13:42:52.001+0000] {processor.py:161} INFO - Started process (PID=2528) to work on /home/airflow/.local/lib/python3.12/site-packages/airflow/example_dags/example_bash_decorator.py
[2026-08-13T13:42:52.004+0000] {processor.py:830} INFO - Processing file /home/airflow/.local/lib/python3.12/site-packages/airflow/example_dags/example_bash_decorator.py for tasks to queue
[2026-08-13T13:42:52.009+0000] {logging_mixin.py:188} INFO - [2026-08-13T13:42:52.008+0000] {dagbag.py:545} INFO - Filling up the DagBag from /home/airflow/.local/lib/python3.12/site-packages/airflow/example_dags/example_bash_decorator.py
[2026-08-13T13:42:52.046+0000] {processor.py:840} INFO - DAG(s) 'example_bash_decorator' retrieved from /home/airflow/.local/lib/python3.12/site-packages/airflow/example_dags/example_bash_decorator.py
[2026-08-13T13:42:52.111+0000] {logging_mixin.py:188} INFO - [2026-08-13T13:42:52.110+0000] {dag.py:3089} INFO - Sync 1 DAGs
[2026-08-13T13:42:52.159+0000] {logging_mixin.py:188} INFO - [2026-08-13T13:42:52.158+0000] {dag.py:3947} INFO - Setting next_dagrun for example_bash_decorator to None, run_after=None
[2026-08-13T13:42:52.210+0000] {processor.py:183} INFO - Processing /home/airflow/.local/lib/python3.12/site-packages/airflow/example_dags/example_bash_decorator.py took 0.223 seconds
[2026-08-13T13:43:22.389+0000] {processor.py:161} INFO - Started process (PID=2601) to work on /home/airflow/.local/lib/python3.12/site-packages/airflow/example_dags/example_bash_decorator.py
[2026-08-13T13:43:22.392+0000] {processor.py:830} INFO - Processing file /home/airflow/.local/lib/python3.12/site-packages/airflow/example_dags/example_bash_decorator.py for tasks to queue
[2026-08-13T13:43:22.399+0000] {logging_mixin.py:188} INFO - [2026-08-13T13:43:22.398+0000] {dagbag.py:545} INFO - Filling up the DagBag from /home/airflow/.local/lib/python3.12/site-packages/airflow/example_dags/example_bash_decorator.py
[2026-08-13T13:43:22.444+0000] {processor.py:840} INFO - DAG(s) 'example_bash_decorator' retrieved from /home/airflow/.local/lib/python3.12/site-packages/airflow/example_dags/example_bash_decorator.py
[2026-08-13T13:43:22.503+0000] {logging_mixin.py:188} INFO - [2026-08-13T13:43:22.503+0000] {dag.py:3089} INFO - Sync 1 DAGs
[2026-08-13T13:43:22.533+0000] {logging_mixin.py:188} INFO - [2026-08-13T13:43:22.533+0000] {dag.py:3947} INFO - Setting next_dagrun for example_bash_decorator to None, run_after=None
[2026-08-13T13:43:22.583+0000] {processor.py:183} INFO - Processing /home/airflow/.local/lib/python3.12/site-packages/airflow/example_dags/example_bash_decorator.py took 0.211 seconds
[2026-08-13T13:43:52.740+0000] {processor.py:161} INFO - Started process (PID=2674) to work on /home/airflow/.local/lib/python3.12/site-packages/airflow/example_dags/example_bash_decorator.py
[2026-08-13T13:43:52.742+0000] {processor.py:830} INFO - Processing file /home/airflow/.local/lib/python3.12/site-packages/airflow/example_dags/example_bash_decorator.py for tasks to queue
[2026-08-13T13:43:52.747+0000] {logging_mixin.py:188} INFO - [2026-08-13T13:43:52.746+0000] {dagbag.py:545} INFO - Filling up the DagBag from /home/airflow/.local/lib/python3.12/site-packages/airflow/example_dags/example_bash_decorator.py
[2026-08-13T13:43:52.766+0000] {processor.py:840} INFO - DAG(s) 'example_bash_decorator' retrieved from /home/airflow/.local/lib/python3.12/site-packages/airflow/example_dags/example_bash_decorator.py
[2026-08-13T13:43:52.801+0000] {logging_mixin.py:188} INFO - [2026-08-13T13:43:52.801+0000] {dag.py:3089} INFO - Sync 1 DAGs
[2026-08-13T13:43:52.821+0000] {logging_mixin.py:188} INFO - [2026-08-13T13:43:52.821+0000] {dag.py:3947} INFO - Setting next_dagrun for example_bash_decorator to None, run_after=None
[2026-08-13T13:43:52.854+0000] {processor.py:183} INFO - Processing /home/airflow/.local/lib/python3.12/site-packages/airflow/example_dags/example_bash_decorator.py took 0.123 seconds
[2026-08-13T13:44:23.143+0000] {processor.py:161} INFO - Started process (PID=2745) to work on /home/airflow/.local/lib/python3.12/site-packages/airflow/example_dags/example_bash_decorator.py
[2026-08-13T13:44:23.146+0000] {processor.py:830} INFO - Processing file /home/airflow/.local/lib/python3.12/site-packages/airflow/example_dags/example_bash_decorator.py for tasks to queue
[2026-08-13T13:44:23.152+0000] {logging_mixin.py:188} INFO - [2026-08-13T13:44:23.151+0000] {dagbag.py:545} INFO - Filling up the DagBag from /home/airflow/.local/lib/python3.12/site-packages/airflow/example_dags/example_bash_decorator.py
[2026-08-13T13:44:23.219+0000] {processor.py:840} INFO - DAG(s) 'example_bash_decorator' retrieved from /home/airflow/.local/lib/python3.12/site-packages/airflow/example_dags/example_bash_decorator.py
[2026-08-13T13:44:23.306+0000] {logging_mixin.py:188} INFO - [2026-08-13T13:44:23.305+0000] {dag.py:3089} INFO - Sync 1 DAGs
[2026-08-13T13:44:23.342+0000] {logging_mixin.py:188} INFO - [2026-08-13T13:44:23.341+0000] {dag.py:3947} INFO - Setting next_dagrun for example_bash_decorator to None, run_after=None
[2026-08-13T13:44:23.394+0000] {processor.py:183} INFO - Processing /home/airflow/.local/lib/python3.12/site-packages/airflow/example_dags/example_bash_decorator.py took 0.273 seconds
[2026-08-13T13:44:54.217+0000] {processor.py:161} INFO - Started process (PID=2810) to work on /home/airflow/.local/lib/python3.12/site-packages/airflow/example_dags/example_bash_decorator.py
[2026-08-13T13:44:54.222+0000] {processor.py:830} INFO - Processing file /home/airflow/.local/lib/python3.12/site-packages/airflow/example_dags/example_bash_decorator.py for tasks to queue
[2026-08-13T13:44:54.231+0000] {logging_mixin.py:188} INFO - [2026-08-13T13:44:54.230+0000] {dagbag.py:545} INFO - Filling up the DagBag from /home/airflow/.local/lib/python3.12/site-packages/airflow/example_dags/example_bash_decorator.py
[2026-08-13T13:44:54.278+0000] {processor.py:840} INFO - DAG(s) 'example_bash_decorator' retrieved from /home/airflow/.local/lib/python3.12/site-packages/airflow/example_dags/example_bash_decorator.py
[2026-08-13T13:44:54.346+0000] {logging_mixin.py:188} INFO - [2026-08-13T13:44:54.345+0000] {dag.py:3089} INFO - Sync 1 DAGs
[2026-08-13T13:44:54.383+0000] {logging_mixin.py:188} INFO - [2026-08-13T13:44:54.383+0000] {dag.py:3947} INFO - Setting next_dagrun for example_bash_decorator to None, run_after=None
[2026-08-13T13:44:54.443+0000] {processor.py:183} INFO - Processing /home/airflow/.local/lib/python3.12/site-packages/airflow/example_dags/example_bash_decorator.py took 0.253 seconds
[2026-08-13T13:45:24.795+0000] {processor.py:161} INFO - Started process (PID=2882) to work on /home/airflow/.local/lib/python3.12/site-packages/airflow/example_dags/example_bash_decorator.py
[2026-08-13T13:45:24.798+0000] {processor.py:830} INFO - Processing file /home/airflow/.local/lib/python3.12/site-packages/airflow/example_dags/example_bash_decorator.py for tasks to queue
[2026-08-13T13:45:24.811+0000] {logging_mixin.py:188} INFO - [2026-08-13T13:45:24.810+0000] {dagbag.py:545} INFO - Filling up the DagBag from /home/airflow/.local/lib/python3.12/site-packages/airflow/example_dags/example_bash_decorator.py
[2026-08-13T13:45:24.863+0000] {processor.py:840} INFO - DAG(s) 'example_bash_decorator' retrieved from /home/airflow/.local/lib/python3.12/site-packages/airflow/example_dags/example_bash_decorator.py
[2026-08-13T13:45:24.963+0000] {logging_mixin.py:188} INFO - [2026-08-13T13:45:24.962+0000] {dag.py:3089} INFO - Sync 1 DAGs
[2026-08-13T13:45:25.004+0000] {logging_mixin.py:188} INFO - [2026-08-13T13:45:25.003+0000] {dag.py:3947} INFO - Setting next_dagrun for example_bash_decorator to None, run_after=None
[2026-08-13T13:45:25.115+0000] {processor.py:183} INFO - Processing /home/airflow/.local/lib/python3.12/site-packages/airflow/example_dags/example_bash_decorator.py took 0.341 seconds
[2026-08-13T13:45:55.520+0000] {processor.py:161} INFO - Started process (PID=2955) to work on /home/airflow/.local/lib/python3.12/site-packages/airflow/example_dags/example_bash_decorator.py
[2026-08-13T13:45:55.524+0000] {processor.py:830} INFO - Processing file /home/airflow/.local/lib/python3.12/site-packages/airflow/example_dags/example_bash_decorator.py for tasks to queue
[2026-08-13T13:45:55.539+0000] {logging_mixin.py:188} INFO - [2026-08-13T13:45:55.538+0000] {dagbag.py:545} INFO - Filling up the DagBag from /home/airflow/.local/lib/python3.12/site-packages/airflow/example_dags/example_bash_decorator.py
[2026-08-13T13:45:55.590+0000] {processor.py:840} INFO - DAG(s) 'example_bash_decorator' retrieved from /home/airflow/.local/lib/python3.12/site-packages/airflow/example_dags/example_bash_decorator.py
[2026-08-13T13:45:55.698+0000] {logging_mixin.py:188} INFO - [2026-08-13T13:45:55.698+0000] {dag.py:3089} INFO - Sync 1 DAGs
[2026-08-13T13:45:55.775+0000] {logging_mixin.py:188} INFO - [2026-08-13T13:45:55.775+0000] {dag.py:3947} INFO - Setting next_dagrun for example_bash_decorator to None, run_after=None
[2026-08-13T13:45:55.833+0000] {processor.py:183} INFO - Processing /home/airflow/.local/lib/python3.12/site-packages/airflow/example_dags/example_bash_decorator.py took 0.332 seconds
[2026-08-13T13:46:26.378+0000] {processor.py:161} INFO - Started process (PID=3029) to work on /home/airflow/.local/lib/python3.12/site-packages/airflow/example_dags/example_bash_decorator.py
[2026-08-13T13:46:26.381+0000] {processor.py:830} INFO - Processing file /home/airflow/.local/lib/python3.12/site-packages/airflow/example_dags/example_bash_decorator.py for tasks to queue
[2026-08-13T13:46:26.388+0000] {logging_mixin.py:188} INFO - [2026-08-13T13:46:26.387+0000] {dagbag.py:545} INFO - Filling up the DagBag from /home/airflow/.local/lib/python3.12/site-packages/airflow/example_dags/example_bash_decorator.py
[2026-08-13T13:46:26.421+0000] {processor.py:840} INFO - DAG(s) 'example_bash_decorator' retrieved from /home/airflow/.local/lib/python3.12/site-packages/airflow/example_dags/example_bash_decorator.py
[2026-08-13T13:46:26.469+0000] {logging_mixin.py:188} INFO - [2026-08-13T13:46:26.469+0000] {dag.py:3089} INFO - Sync 1 DAGs
[2026-08-13T13:46:26.501+0000] {logging_mixin.py:188} INFO - [2026-08-13T13:46:26.501+0000] {dag.py:3947} INFO - Setting next_dagrun for example_bash_decorator to None, run_after=None
[2026-08-13T13:46:26.546+0000] {processor.py:183} INFO - Processing /home/airflow/.local/lib/python3.12/site-packages/airflow/example_dags/example_bash_decorator.py took 0.179 seconds
[2026-08-13T13:46:57.205+0000] {processor.py:161} INFO - Started process (PID=3101) to work on /home/airflow/.local/lib/python3.12/site-packages/airflow/example_dags/example_bash_decorator.py
[2026-08-13T13:46:57.208+0000] {processor.py:830} INFO - Processing file /home/airflow/.local/lib/python3.12/site-packages/airflow/example_dags/example_bash_decorator.py for tasks to queue
[2026-08-13T13:46:57.214+0000] {logging_mixin.py:188} INFO - [2026-08-13T13:46:57.213+0000] {dagbag.py:545} INFO - Filling up the DagBag from /home/airflow/.local/lib/python3.12/site-packages/airflow/example_dags/example_bash_decorator.py
[2026-08-13T13:46:57.273+0000] {processor.py:840} INFO - DAG(s) 'example_bash_decorator' retrieved from /home/airflow/.local/lib/python3.12/site-packages/airflow/example_dags/example_bash_decorator.py
[2026-08-13T13:46:57.354+0000] {logging_mixin.py:188} INFO - [2026-08-13T13:46:57.354+0000] {dag.py:3089} INFO - Sync 1 DAGs
[2026-08-13T13:46:57.393+0000] {logging_mixin.py:188} INFO - [2026-08-13T13:46:57.392+0000] {dag.py:3947} INFO - Setting next_dagrun for example_bash_decorator to None, run_after=None
[2026-08-13T13:46:57.449+0000] {processor.py:183} INFO - Processing /home/airflow/.local/lib/python3.12/site-packages/airflow/example_dags/example_bash_decorator.py took 0.263 seconds
[2026-08-13T13:47:28.802+0000] {processor.py:161} INFO - Started process (PID=3173) to work on /home/airflow/.local/lib/python3.12/site-packages/airflow/example_dags/example_bash_decorator.py
[2026-08-13T13:47:28.805+0000] {processor.py:830} INFO - Processing file /home/airflow/.local/lib/python3.12/site-packages/airflow/example_dags/example_bash_decorator.py for tasks to queue
[2026-08-13T13:47:28.811+0000] {logging_mixin.py:188} INFO - [2026-08-13T13:47:28.810+0000] {dagbag.py:545} INFO - Filling up the DagBag from /home/airflow/.local/lib/python3.12/site-packages/airflow/example_dags/example_bash_decorator.py
[2026-08-13T13:47:28.836+0000] {processor.py:840} INFO - DAG(s) 'example_bash_decorator' retrieved from /home/airflow/.local/lib/python3.12/site-packages/airflow/example_dags/example_bash_decorator.py
[2026-08-13T13:47:28.890+0000] {logging_mixin.py:188} INFO - [2026-08-13T13:47:28.889+0000] {dag.py:3089} INFO - Sync 1 DAGs
[2026-08-13T13:47:28.925+0000] {logging_mixin.py:188} INFO - [2026-08-13T13:47:28.924+0000] {dag.py:3947} INFO - Setting next_dagrun for example_bash_decorator to None, run_after=None
[2026-08-13T13:47:28.974+0000] {processor.py:183} INFO - Processing /home/airflow/.local/lib/python3.12/site-packages/airflow/example_dags/example_bash_decorator.py took 0.184 seconds
[2026-08-13T13:48:01.302+0000] {processor.py:161} INFO - Started process (PID=3246) to work on /home/airflow/.local/lib/python3.12/site-packages/airflow/example_dags/example_bash_decorator.py
[2026-08-13T13:48:01.309+0000] {processor.py:830} INFO - Processing file /home/airflow/.local/lib/python3.12/site-packages/airflow/example_dags/example_bash_decorator.py for tasks to queue
[2026-08-13T13:48:01.317+0000] {logging_mixin.py:188} INFO - [2026-08-13T13:48:01.316+0000] {dagbag.py:545} INFO - Filling up the DagBag from /home/airflow/.local/lib/python3.12/site-packages/airflow/example_dags/example_bash_decorator.py
[2026-08-13T13:48:01.376+0000] {processor.py:840} INFO - DAG(s) 'example_bash_decorator' retrieved from /home/airflow/.local/lib/python3.12/site-packages/airflow/example_dags/example_bash_decorator.py
[2026-08-13T13:48:01.447+0000] {logging_mixin.py:188} INFO - [2026-08-13T13:48:01.446+0000] {dag.py:3089} INFO - Sync 1 DAGs
[2026-08-13T13:48:01.481+0000] {logging_mixin.py:188} INFO - [2026-08-13T13:48:01.480+0000] {dag.py:3947} INFO - Setting next_dagrun for example_bash_decorator to None, run_after=None
[2026-08-13T13:48:01.532+0000] {processor.py:183} INFO - Processing /home/airflow/.local/lib/python3.12/site-packages/airflow/example_dags/example_bash_decorator.py took 0.259 seconds
[2026-08-13T13:48:31.981+0000] {processor.py:161} INFO - Started process (PID=3319) to work on /home/airflow/.local/lib/python3.12/site-packages/airflow/example_dags/example_bash_decorator.py
[2026-08-13T13:48:31.987+0000] {processor.py:830} INFO - Processing file /home/airflow/.local/lib/python3.12/site-packages/airflow/example_dags/example_bash_decorator.py for tasks to queue
[2026-08-13T13:48:31.998+0000] {logging_mixin.py:188} INFO - [2026-08-13T13:48:31.995+0000] {dagbag.py:545} INFO - Filling up the DagBag from /home/airflow/.local/lib/python3.12/site-packages/airflow/example_dags/example_bash_decorator.py
[2026-08-13T13:48:32.072+0000] {processor.py:840} INFO - DAG(s) 'example_bash_decorator' retrieved from /home/airflow/.local/lib/python3.12/site-packages/airflow/example_dags/example_bash_decorator.py
[2026-08-13T13:48:32.158+0000] {logging_mixin.py:188} INFO - [2026-08-13T13:48:32.157+0000] {dag.py:3089} INFO - Sync 1 DAGs
[2026-08-13T13:48:32.206+0000] {logging_mixin.py:188} INFO - [2026-08-13T13:48:32.205+0000] {dag.py:3947} INFO - Setting next_dagrun for example_bash_decorator to None, run_after=None
[2026-08-13T13:48:32.278+0000] {processor.py:183} INFO - Processing /home/airflow/.local/lib/python3.12/site-packages/airflow/example_dags/example_bash_decorator.py took 0.317 seconds
[2026-08-13T13:49:04.432+0000] {processor.py:161} INFO - Started process (PID=3393) to work on /home/airflow/.local/lib/python3.12/site-packages/airflow/example_dags/example_bash_decorator.py
[2026-08-13T13:49:04.441+0000] {processor.py:830} INFO - Processing file /home/airflow/.local/lib/python3.12/site-packages/airflow/example_dags/example_bash_decorator.py for tasks to queue
[2026-08-13T13:49:04.449+0000] {logging_mixin.py:188} INFO - [2026-08-13T13:49:04.448+0000] {dagbag.py:545} INFO - Filling up the DagBag from /home/airflow/.local/lib/python3.12/site-packages/airflow/example_dags/example_bash_decorator.py
[2026-08-13T13:49:04.512+0000] {processor.py:840} INFO - DAG(s) 'example_bash_decorator' retrieved from /home/airflow/.local/lib/python3.12/site-packages/airflow/example_dags/example_bash_decorator.py
[2026-08-13T13:49:04.627+0000] {logging_mixin.py:188} INFO - [2026-08-13T13:49:04.626+0000] {dag.py:3089} INFO - Sync 1 DAGs
[2026-08-13T13:49:04.677+0000] {logging_mixin.py:188} INFO - [2026-08-13T13:49:04.676+0000] {dag.py:3947} INFO - Setting next_dagrun for example_bash_decorator to None, run_after=None
[2026-08-13T13:49:04.763+0000] {processor.py:183} INFO - Processing /home/airflow/.local/lib/python3.12/site-packages/airflow/example_dags/example_bash_decorator.py took 0.358 seconds
[2026-08-13T13:49:44.242+0000] {processor.py:161} INFO - Started process (PID=3474) to work on /home/airflow/.local/lib/python3.12/site-packages/airflow/example_dags/example_bash_decorator.py
[2026-08-13T13:49:44.246+0000] {processor.py:830} INFO - Processing file /home/airflow/.local/lib/python3.12/site-packages/airflow/example_dags/example_bash_decorator.py for tasks to queue
[2026-08-13T13:49:44.253+0000] {logging_mixin.py:188} INFO - [2026-08-13T13:49:44.251+0000] {dagbag.py:545} INFO - Filling up the DagBag from /home/airflow/.local/lib/python3.12/site-packages/airflow/example_dags/example_bash_decorator.py
[2026-08-13T13:49:44.335+0000] {processor.py:840} INFO - DAG(s) 'example_bash_decorator' retrieved from /home/airflow/.local/lib/python3.12/site-packages/airflow/example_dags/example_bash_decorator.py
[2026-08-13T13:49:44.421+0000] {logging_mixin.py:188} INFO - [2026-08-13T13:49:44.421+0000] {dag.py:3089} INFO - Sync 1 DAGs
[2026-08-13T13:49:44.483+0000] {logging_mixin.py:188} INFO - [2026-08-13T13:49:44.483+0000] {dag.py:3947} INFO - Setting next_dagrun for example_bash_decorator to None, run_after=None
[2026-08-13T13:49:44.542+0000] {processor.py:183} INFO - Processing /home/airflow/.local/lib/python3.12/site-packages/airflow/example_dags/example_bash_decorator.py took 0.321 seconds
