[2026-08-13T13:24:05.798+0000] {processor.py:161} INFO - Started process (PID=81) to work on /home/airflow/.local/lib/python3.12/site-packages/airflow/example_dags/example_sensors.py
[2026-08-13T13:24:05.847+0000] {processor.py:830} INFO - Processing file /home/airflow/.local/lib/python3.12/site-packages/airflow/example_dags/example_sensors.py for tasks to queue
[2026-08-13T13:24:05.907+0000] {logging_mixin.py:188} INFO - [2026-08-13T13:24:05.879+0000] {dagbag.py:545} INFO - Filling up the DagBag from /home/airflow/.local/lib/python3.12/site-packages/airflow/example_dags/example_sensors.py
[2026-08-13T13:24:06.029+0000] {processor.py:840} INFO - DAG(s) 'example_sensors' retrieved from /home/airflow/.local/lib/python3.12/site-packages/airflow/example_dags/example_sensors.py
[2026-08-13T13:24:06.733+0000] {logging_mixin.py:188} INFO - [2026-08-13T13:24:06.732+0000] {dag.py:3089} INFO - Sync 1 DAGs
[2026-08-13T13:24:06.778+0000] {logging_mixin.py:188} INFO - [2026-08-13T13:24:06.777+0000] {dag.py:3947} INFO - Setting next_dagrun for example_sensors to None, run_after=None
[2026-08-13T13:24:06.847+0000] {processor.py:183} INFO - Processing /home/airflow/.local/lib/python3.12/site-packages/airflow/example_dags/example_sensors.py took 1.132 seconds
[2026-08-13T13:24:42.510+0000] {processor.py:161} INFO - Started process (PID=154) to work on /home/airflow/.local/lib/python3.12/site-packages/airflow/example_dags/example_sensors.py
[2026-08-13T13:24:42.537+0000] {processor.py:830} INFO - Processing file /home/airflow/.local/lib/python3.12/site-packages/airflow/example_dags/example_sensors.py for tasks to queue
[2026-08-13T13:24:42.593+0000] {logging_mixin.py:188} INFO - [2026-08-13T13:24:42.589+0000] {dagbag.py:545} INFO - Filling up the DagBag from /home/airflow/.local/lib/python3.12/site-packages/airflow/example_dags/example_sensors.py
[2026-08-13T13:24:42.709+0000] {processor.py:840} INFO - DAG(s) 'example_sensors' retrieved from /home/airflow/.local/lib/python3.12/site-packages/airflow/example_dags/example_sensors.py
[2026-08-13T13:24:43.015+0000] {logging_mixin.py:188} INFO - [2026-08-13T13:24:43.014+0000] {dag.py:3089} INFO - Sync 1 DAGs
[2026-08-13T13:24:43.083+0000] {logging_mixin.py:188} INFO - [2026-08-13T13:24:43.074+0000] {dag.py:3947} INFO - Setting next_dagrun for example_sensors to None, run_after=None
[2026-08-13T13:24:43.283+0000] {processor.py:183} INFO - Processing /home/airflow/.local/lib/python3.12/site-packages/airflow/example_dags/example_sensors.py took 0.847 seconds
[2026-08-13T13:25:37.585+0000] {processor.py:161} INFO - Started process (PID=226) to work on /home/airflow/.local/lib/python3.12/site-packages/airflow/example_dags/example_sensors.py
[2026-08-13T13:25:37.593+0000] {processor.py:830} INFO - Processing file /home/airflow/.local/lib/python3.12/site-packages/airflow/example_dags/example_sensors.py for tasks to queue
[2026-08-13T13:25:37.643+0000] {logging_mixin.py:188} INFO - [2026-08-13T13:25:37.641+0000] {dagbag.py:545} INFO - Filling up the DagBag from /home/airflow/.local/lib/python3.12/site-packages/airflow/example_dags/example_sensors.py
[2026-08-13T13:25:37.787+0000] {processor.py:840} INFO - DAG(s) 'example_sensors' retrieved from /home/airflow/.local/lib/python3.12/site-packages/airflow/example_dags/example_sensors.py
[2026-08-13T13:25:38.026+0000] {logging_mixin.py:188} INFO - [2026-08-13T13:25:38.025+0000] {dag.py:3089} INFO - Sync 1 DAGs
[2026-08-13T13:25:38.182+0000] {logging_mixin.py:188} INFO - [2026-08-13T13:25:38.181+0000] {dag.py:3947} INFO - Setting next_dagrun for example_sensors to None, run_after=None
[2026-08-13T13:25:38.373+0000] {processor.py:183} INFO - Processing /home/airflow/.local/lib/python3.12/site-packages/airflow/example_dags/example_sensors.py took 0.920 seconds
[2026-08-13T13:26:11.523+0000] {processor.py:161} INFO - Started process (PID=299) to work on /home/airflow/.local/lib/python3.12/site-packages/airflow/example_dags/example_sensors.py
[2026-08-13T13:26:11.524+0000] {processor.py:830} INFO - Processing file /home/airflow/.local/lib/python3.12/site-packages/airflow/example_dags/example_sensors.py for tasks to queue
[2026-08-13T13:26:11.530+0000] {logging_mixin.py:188} INFO - [2026-08-13T13:26:11.529+0000] {dagbag.py:545} INFO - Filling up the DagBag from /home/airflow/.local/lib/python3.12/site-packages/airflow/example_dags/example_sensors.py
[2026-08-13T13:26:11.552+0000] {processor.py:840} INFO - DAG(s) 'example_sensors' retrieved from /home/airflow/.local/lib/python3.12/site-packages/airflow/example_dags/example_sensors.py
[2026-08-13T13:26:11.616+0000] {logging_mixin.py:188} INFO - [2026-08-13T13:26:11.616+0000] {dag.py:3089} INFO - Sync 1 DAGs
[2026-08-13T13:26:11.650+0000] {logging_mixin.py:188} INFO - [2026-08-13T13:26:11.649+0000] {dag.py:3947} INFO - Setting next_dagrun for example_sensors to None, run_after=None
[2026-08-13T13:26:11.709+0000] {processor.py:183} INFO - Processing /home/airflow/.local/lib/python3.12/site-packages/airflow/example_dags/example_sensors.py took 0.196 seconds
[2026-08-13T13:26:45.712+0000] {processor.py:161} INFO - Started process (PID=373) to work on /home/airflow/.local/lib/python3.12/site-packages/airflow/example_dags/example_sensors.py
[2026-08-13T13:26:45.717+0000] {processor.py:830} INFO - Processing file /home/airflow/.local/lib/python3.12/site-packages/airflow/example_dags/example_sensors.py for tasks to queue
[2026-08-13T13:26:45.727+0000] {logging_mixin.py:188} INFO - [2026-08-13T13:26:45.725+0000] {dagbag.py:545} INFO - Filling up the DagBag from /home/airflow/.local/lib/python3.12/site-packages/airflow/example_dags/example_sensors.py
[2026-08-13T13:26:45.769+0000] {processor.py:840} INFO - DAG(s) 'example_sensors' retrieved from /home/airflow/.local/lib/python3.12/site-packages/airflow/example_dags/example_sensors.py
[2026-08-13T13:26:45.850+0000] {logging_mixin.py:188} INFO - [2026-08-13T13:26:45.849+0000] {dag.py:3089} INFO - Sync 1 DAGs
[2026-08-13T13:26:45.982+0000] {logging_mixin.py:188} INFO - [2026-08-13T13:26:45.981+0000] {dag.py:3947} INFO - Setting next_dagrun for example_sensors to None, run_after=None
[2026-08-13T13:26:46.090+0000] {processor.py:183} INFO - Processing /home/airflow/.local/lib/python3.12/site-packages/airflow/example_dags/example_sensors.py took 0.410 seconds
[2026-08-13T13:27:17.814+0000] {processor.py:161} INFO - Started process (PID=438) to work on /home/airflow/.local/lib/python3.12/site-packages/airflow/example_dags/example_sensors.py
[2026-08-13T13:27:17.817+0000] {processor.py:830} INFO - Processing file /home/airflow/.local/lib/python3.12/site-packages/airflow/example_dags/example_sensors.py for tasks to queue
[2026-08-13T13:27:17.824+0000] {logging_mixin.py:188} INFO - [2026-08-13T13:27:17.823+0000] {dagbag.py:545} INFO - Filling up the DagBag from /home/airflow/.local/lib/python3.12/site-packages/airflow/example_dags/example_sensors.py
[2026-08-13T13:27:17.848+0000] {processor.py:840} INFO - DAG(s) 'example_sensors' retrieved from /home/airflow/.local/lib/python3.12/site-packages/airflow/example_dags/example_sensors.py
[2026-08-13T13:27:17.908+0000] {logging_mixin.py:188} INFO - [2026-08-13T13:27:17.907+0000] {dag.py:3089} INFO - Sync 1 DAGs
[2026-08-13T13:27:17.933+0000] {logging_mixin.py:188} INFO - [2026-08-13T13:27:17.933+0000] {dag.py:3947} INFO - Setting next_dagrun for example_sensors to None, run_after=None
[2026-08-13T13:27:17.999+0000] {processor.py:183} INFO - Processing /home/airflow/.local/lib/python3.12/site-packages/airflow/example_dags/example_sensors.py took 0.197 seconds
[2026-08-13T13:27:49.407+0000] {processor.py:161} INFO - Started process (PID=511) to work on /home/airflow/.local/lib/python3.12/site-packages/airflow/example_dags/example_sensors.py
[2026-08-13T13:27:49.413+0000] {processor.py:830} INFO - Processing file /home/airflow/.local/lib/python3.12/site-packages/airflow/example_dags/example_sensors.py for tasks to queue
[2026-08-13T13:27:49.425+0000] {logging_mixin.py:188} INFO - [2026-08-13T13:27:49.424+0000] {dagbag.py:545} INFO - Filling up the DagBag from /home/airflow/.local/lib/python3.12/site-packages/airflow/example_dags/example_sensors.py
[2026-08-13T13:27:49.458+0000] {processor.py:840} INFO - DAG(s) 'example_sensors' retrieved from /home/airflow/.local/lib/python3.12/site-packages/airflow/example_dags/example_sensors.py
[2026-08-13T13:27:49.532+0000] {logging_mixin.py:188} INFO - [2026-08-13T13:27:49.531+0000] {dag.py:3089} INFO - Sync 1 DAGs
[2026-08-13T13:27:49.579+0000] {logging_mixin.py:188} INFO - [2026-08-13T13:27:49.578+0000] {dag.py:3947} INFO - Setting next_dagrun for example_sensors to None, run_after=None
[2026-08-13T13:27:49.667+0000] {processor.py:183} INFO - Processing /home/airflow/.local/lib/python3.12/site-packages/airflow/example_dags/example_sensors.py took 0.280 seconds
[2026-08-13T13:28:22.297+0000] {processor.py:161} INFO - Started process (PID=582) to work on /home/airflow/.local/lib/python3.12/site-packages/airflow/example_dags/example_sensors.py
[2026-08-13T13:28:22.301+0000] {processor.py:830} INFO - Processing file /home/airflow/.local/lib/python3.12/site-packages/airflow/example_dags/example_sensors.py for tasks to queue
[2026-08-13T13:28:22.307+0000] {logging_mixin.py:188} INFO - [2026-08-13T13:28:22.306+0000] {dagbag.py:545} INFO - Filling up the DagBag from /home/airflow/.local/lib/python3.12/site-packages/airflow/example_dags/example_sensors.py
[2026-08-13T13:28:22.338+0000] {processor.py:840} INFO - DAG(s) 'example_sensors' retrieved from /home/airflow/.local/lib/python3.12/site-packages/airflow/example_dags/example_sensors.py
[2026-08-13T13:28:22.408+0000] {logging_mixin.py:188} INFO - [2026-08-13T13:28:22.407+0000] {dag.py:3089} INFO - Sync 1 DAGs
[2026-08-13T13:28:22.444+0000] {logging_mixin.py:188} INFO - [2026-08-13T13:28:22.443+0000] {dag.py:3947} INFO - Setting next_dagrun for example_sensors to None, run_after=None
[2026-08-13T13:28:22.501+0000] {processor.py:183} INFO - Processing /home/airflow/.local/lib/python3.12/site-packages/airflow/example_dags/example_sensors.py took 0.222 seconds
[2026-08-13T13:28:55.810+0000] {processor.py:161} INFO - Started process (PID=655) to work on /home/airflow/.local/lib/python3.12/site-packages/airflow/example_dags/example_sensors.py
[2026-08-13T13:28:55.814+0000] {processor.py:830} INFO - Processing file /home/airflow/.local/lib/python3.12/site-packages/airflow/example_dags/example_sensors.py for tasks to queue
[2026-08-13T13:28:55.824+0000] {logging_mixin.py:188} INFO - [2026-08-13T13:28:55.823+0000] {dagbag.py:545} INFO - Filling up the DagBag from /home/airflow/.local/lib/python3.12/site-packages/airflow/example_dags/example_sensors.py
[2026-08-13T13:28:55.871+0000] {processor.py:840} INFO - DAG(s) 'example_sensors' retrieved from /home/airflow/.local/lib/python3.12/site-packages/airflow/example_dags/example_sensors.py
[2026-08-13T13:28:55.939+0000] {logging_mixin.py:188} INFO - [2026-08-13T13:28:55.938+0000] {dag.py:3089} INFO - Sync 1 DAGs
[2026-08-13T13:28:55.970+0000] {logging_mixin.py:188} INFO - [2026-08-13T13:28:55.969+0000] {dag.py:3947} INFO - Setting next_dagrun for example_sensors to None, run_after=None
[2026-08-13T13:28:56.015+0000] {processor.py:183} INFO - Processing /home/airflow/.local/lib/python3.12/site-packages/airflow/example_dags/example_sensors.py took 0.220 seconds
[2026-08-13T13:29:28.962+0000] {processor.py:161} INFO - Started process (PID=729) to work on /home/airflow/.local/lib/python3.12/site-packages/airflow/example_dags/example_sensors.py
[2026-08-13T13:29:28.966+0000] {processor.py:830} INFO - Processing file /home/airflow/.local/lib/python3.12/site-packages/airflow/example_dags/example_sensors.py for tasks to queue
[2026-08-13T13:29:28.972+0000] {logging_mixin.py:188} INFO - [2026-08-13T13:29:28.971+0000] {dagbag.py:545} INFO - Filling up the DagBag from /home/airflow/.local/lib/python3.12/site-packages/airflow/example_dags/example_sensors.py
[2026-08-13T13:29:29.004+0000] {processor.py:840} INFO - DAG(s) 'example_sensors' retrieved from /home/airflow/.local/lib/python3.12/site-packages/airflow/example_dags/example_sensors.py
[2026-08-13T13:29:29.118+0000] {logging_mixin.py:188} INFO - [2026-08-13T13:29:29.117+0000] {dag.py:3089} INFO - Sync 1 DAGs
[2026-08-13T13:29:29.179+0000] {logging_mixin.py:188} INFO - [2026-08-13T13:29:29.178+0000] {dag.py:3947} INFO - Setting next_dagrun for example_sensors to None, run_after=None
[2026-08-13T13:29:29.249+0000] {processor.py:183} INFO - Processing /home/airflow/.local/lib/python3.12/site-packages/airflow/example_dags/example_sensors.py took 0.307 seconds
[2026-08-13T13:30:01.954+0000] {processor.py:161} INFO - Started process (PID=802) to work on /home/airflow/.local/lib/python3.12/site-packages/airflow/example_dags/example_sensors.py
[2026-08-13T13:30:01.959+0000] {processor.py:830} INFO - Processing file /home/airflow/.local/lib/python3.12/site-packages/airflow/example_dags/example_sensors.py for tasks to queue
[2026-08-13T13:30:01.969+0000] {logging_mixin.py:188} INFO - [2026-08-13T13:30:01.968+0000] {dagbag.py:545} INFO - Filling up the DagBag from /home/airflow/.local/lib/python3.12/site-packages/airflow/example_dags/example_sensors.py
[2026-08-13T13:30:02.002+0000] {processor.py:840} INFO - DAG(s) 'example_sensors' retrieved from /home/airflow/.local/lib/python3.12/site-packages/airflow/example_dags/example_sensors.py
[2026-08-13T13:30:02.067+0000] {logging_mixin.py:188} INFO - [2026-08-13T13:30:02.067+0000] {dag.py:3089} INFO - Sync 1 DAGs
[2026-08-13T13:30:02.100+0000] {logging_mixin.py:188} INFO - [2026-08-13T13:30:02.100+0000] {dag.py:3947} INFO - Setting next_dagrun for example_sensors to None, run_after=None
[2026-08-13T13:30:02.151+0000] {processor.py:183} INFO - Processing /home/airflow/.local/lib/python3.12/site-packages/airflow/example_dags/example_sensors.py took 0.210 seconds
[2026-08-13T13:30:34.615+0000] {processor.py:161} INFO - Started process (PID=868) to work on /home/airflow/.local/lib/python3.12/site-packages/airflow/example_dags/example_sensors.py
[2026-08-13T13:30:34.621+0000] {processor.py:830} INFO - Processing file /home/airflow/.local/lib/python3.12/site-packages/airflow/example_dags/example_sensors.py for tasks to queue
[2026-08-13T13:30:34.635+0000] {logging_mixin.py:188} INFO - [2026-08-13T13:30:34.633+0000] {dagbag.py:545} INFO - Filling up the DagBag from /home/airflow/.local/lib/python3.12/site-packages/airflow/example_dags/example_sensors.py
[2026-08-13T13:30:34.685+0000] {processor.py:840} INFO - DAG(s) 'example_sensors' retrieved from /home/airflow/.local/lib/python3.12/site-packages/airflow/example_dags/example_sensors.py
[2026-08-13T13:30:34.765+0000] {logging_mixin.py:188} INFO - [2026-08-13T13:30:34.764+0000] {dag.py:3089} INFO - Sync 1 DAGs
[2026-08-13T13:30:34.804+0000] {logging_mixin.py:188} INFO - [2026-08-13T13:30:34.803+0000] {dag.py:3947} INFO - Setting next_dagrun for example_sensors to None, run_after=None
[2026-08-13T13:30:34.878+0000] {processor.py:183} INFO - Processing /home/airflow/.local/lib/python3.12/site-packages/airflow/example_dags/example_sensors.py took 0.290 seconds
[2026-08-13T13:31:06.886+0000] {processor.py:161} INFO - Started process (PID=941) to work on /home/airflow/.local/lib/python3.12/site-packages/airflow/example_dags/example_sensors.py
[2026-08-13T13:31:06.888+0000] {processor.py:830} INFO - Processing file /home/airflow/.local/lib/python3.12/site-packages/airflow/example_dags/example_sensors.py for tasks to queue
[2026-08-13T13:31:06.893+0000] {logging_mixin.py:188} INFO - [2026-08-13T13:31:06.892+0000] {dagbag.py:545} INFO - Filling up the DagBag from /home/airflow/.local/lib/python3.12/site-packages/airflow/example_dags/example_sensors.py
[2026-08-13T13:31:06.913+0000] {processor.py:840} INFO - DAG(s) 'example_sensors' retrieved from /home/airflow/.local/lib/python3.12/site-packages/airflow/example_dags/example_sensors.py
[2026-08-13T13:31:06.970+0000] {logging_mixin.py:188} INFO - [2026-08-13T13:31:06.970+0000] {dag.py:3089} INFO - Sync 1 DAGs
[2026-08-13T13:31:06.998+0000] {logging_mixin.py:188} INFO - [2026-08-13T13:31:06.998+0000] {dag.py:3947} INFO - Setting next_dagrun for example_sensors to None, run_after=None
[2026-08-13T13:31:07.045+0000] {processor.py:183} INFO - Processing /home/airflow/.local/lib/python3.12/site-packages/airflow/example_dags/example_sensors.py took 0.169 seconds
[2026-08-13T13:31:39.784+0000] {processor.py:161} INFO - Started process (PID=1015) to work on /home/airflow/.local/lib/python3.12/site-packages/airflow/example_dags/example_sensors.py
[2026-08-13T13:31:39.788+0000] {processor.py:830} INFO - Processing file /home/airflow/.local/lib/python3.12/site-packages/airflow/example_dags/example_sensors.py for tasks to queue
[2026-08-13T13:31:39.798+0000] {logging_mixin.py:188} INFO - [2026-08-13T13:31:39.796+0000] {dagbag.py:545} INFO - Filling up the DagBag from /home/airflow/.local/lib/python3.12/site-packages/airflow/example_dags/example_sensors.py
[2026-08-13T13:31:39.828+0000] {processor.py:840} INFO - DAG(s) 'example_sensors' retrieved from /home/airflow/.local/lib/python3.12/site-packages/airflow/example_dags/example_sensors.py
[2026-08-13T13:31:39.901+0000] {logging_mixin.py:188} INFO - [2026-08-13T13:31:39.901+0000] {dag.py:3089} INFO - Sync 1 DAGs
[2026-08-13T13:31:39.979+0000] {logging_mixin.py:188} INFO - [2026-08-13T13:31:39.979+0000] {dag.py:3947} INFO - Setting next_dagrun for example_sensors to None, run_after=None
[2026-08-13T13:31:40.110+0000] {processor.py:183} INFO - Processing /home/airflow/.local/lib/python3.12/site-packages/airflow/example_dags/example_sensors.py took 0.361 seconds
[2026-08-13T13:32:12.168+0000] {processor.py:161} INFO - Started process (PID=1088) to work on /home/airflow/.local/lib/python3.12/site-packages/airflow/example_dags/example_sensors.py
[2026-08-13T13:32:12.171+0000] {processor.py:830} INFO - Processing file /home/airflow/.local/lib/python3.12/site-packages/airflow/example_dags/example_sensors.py for tasks to queue
[2026-08-13T13:32:12.177+0000] {logging_mixin.py:188} INFO - [2026-08-13T13:32:12.176+0000] {dagbag.py:545} INFO - Filling up the DagBag from /home/airflow/.local/lib/python3.12/site-packages/airflow/example_dags/example_sensors.py
[2026-08-13T13:32:12.199+0000] {processor.py:840} INFO - DAG(s) 'example_sensors' retrieved from /home/airflow/.local/lib/python3.12/site-packages/airflow/example_dags/example_sensors.py
[2026-08-13T13:32:12.331+0000] {logging_mixin.py:188} INFO - [2026-08-13T13:32:12.328+0000] {dag.py:3089} INFO - Sync 1 DAGs
[2026-08-13T13:32:12.397+0000] {logging_mixin.py:188} INFO - [2026-08-13T13:32:12.395+0000] {dag.py:3947} INFO - Setting next_dagrun for example_sensors to None, run_after=None
[2026-08-13T13:32:12.460+0000] {processor.py:183} INFO - Processing /home/airflow/.local/lib/python3.12/site-packages/airflow/example_dags/example_sensors.py took 0.305 seconds
[2026-08-13T13:32:44.555+0000] {processor.py:161} INFO - Started process (PID=1161) to work on /home/airflow/.local/lib/python3.12/site-packages/airflow/example_dags/example_sensors.py
[2026-08-13T13:32:44.560+0000] {processor.py:830} INFO - Processing file /home/airflow/.local/lib/python3.12/site-packages/airflow/example_dags/example_sensors.py for tasks to queue
[2026-08-13T13:32:44.566+0000] {logging_mixin.py:188} INFO - [2026-08-13T13:32:44.565+0000] {dagbag.py:545} INFO - Filling up the DagBag from /home/airflow/.local/lib/python3.12/site-packages/airflow/example_dags/example_sensors.py
[2026-08-13T13:32:44.592+0000] {processor.py:840} INFO - DAG(s) 'example_sensors' retrieved from /home/airflow/.local/lib/python3.12/site-packages/airflow/example_dags/example_sensors.py
[2026-08-13T13:32:44.644+0000] {logging_mixin.py:188} INFO - [2026-08-13T13:32:44.643+0000] {dag.py:3089} INFO - Sync 1 DAGs
[2026-08-13T13:32:44.672+0000] {logging_mixin.py:188} INFO - [2026-08-13T13:32:44.671+0000] {dag.py:3947} INFO - Setting next_dagrun for example_sensors to None, run_after=None
[2026-08-13T13:32:44.729+0000] {processor.py:183} INFO - Processing /home/airflow/.local/lib/python3.12/site-packages/airflow/example_dags/example_sensors.py took 0.188 seconds
[2026-08-13T13:33:17.614+0000] {processor.py:161} INFO - Started process (PID=1234) to work on /home/airflow/.local/lib/python3.12/site-packages/airflow/example_dags/example_sensors.py
[2026-08-13T13:33:17.619+0000] {processor.py:830} INFO - Processing file /home/airflow/.local/lib/python3.12/site-packages/airflow/example_dags/example_sensors.py for tasks to queue
[2026-08-13T13:33:17.626+0000] {logging_mixin.py:188} INFO - [2026-08-13T13:33:17.625+0000] {dagbag.py:545} INFO - Filling up the DagBag from /home/airflow/.local/lib/python3.12/site-packages/airflow/example_dags/example_sensors.py
[2026-08-13T13:33:17.654+0000] {processor.py:840} INFO - DAG(s) 'example_sensors' retrieved from /home/airflow/.local/lib/python3.12/site-packages/airflow/example_dags/example_sensors.py
[2026-08-13T13:33:17.730+0000] {logging_mixin.py:188} INFO - [2026-08-13T13:33:17.730+0000] {dag.py:3089} INFO - Sync 1 DAGs
[2026-08-13T13:33:17.773+0000] {logging_mixin.py:188} INFO - [2026-08-13T13:33:17.773+0000] {dag.py:3947} INFO - Setting next_dagrun for example_sensors to None, run_after=None
[2026-08-13T13:33:17.827+0000] {processor.py:183} INFO - Processing /home/airflow/.local/lib/python3.12/site-packages/airflow/example_dags/example_sensors.py took 0.229 seconds
[2026-08-13T13:33:50.380+0000] {processor.py:161} INFO - Started process (PID=1308) to work on /home/airflow/.local/lib/python3.12/site-packages/airflow/example_dags/example_sensors.py
[2026-08-13T13:33:50.383+0000] {processor.py:830} INFO - Processing file /home/airflow/.local/lib/python3.12/site-packages/airflow/example_dags/example_sensors.py for tasks to queue
[2026-08-13T13:33:50.392+0000] {logging_mixin.py:188} INFO - [2026-08-13T13:33:50.391+0000] {dagbag.py:545} INFO - Filling up the DagBag from /home/airflow/.local/lib/python3.12/site-packages/airflow/example_dags/example_sensors.py
[2026-08-13T13:33:50.414+0000] {processor.py:840} INFO - DAG(s) 'example_sensors' retrieved from /home/airflow/.local/lib/python3.12/site-packages/airflow/example_dags/example_sensors.py
[2026-08-13T13:33:50.471+0000] {logging_mixin.py:188} INFO - [2026-08-13T13:33:50.470+0000] {dag.py:3089} INFO - Sync 1 DAGs
[2026-08-13T13:33:50.502+0000] {logging_mixin.py:188} INFO - [2026-08-13T13:33:50.502+0000] {dag.py:3947} INFO - Setting next_dagrun for example_sensors to None, run_after=None
[2026-08-13T13:33:50.559+0000] {processor.py:183} INFO - Processing /home/airflow/.local/lib/python3.12/site-packages/airflow/example_dags/example_sensors.py took 0.198 seconds
[2026-08-13T13:34:23.166+0000] {processor.py:161} INFO - Started process (PID=1382) to work on /home/airflow/.local/lib/python3.12/site-packages/airflow/example_dags/example_sensors.py
[2026-08-13T13:34:23.169+0000] {processor.py:830} INFO - Processing file /home/airflow/.local/lib/python3.12/site-packages/airflow/example_dags/example_sensors.py for tasks to queue
[2026-08-13T13:34:23.177+0000] {logging_mixin.py:188} INFO - [2026-08-13T13:34:23.176+0000] {dagbag.py:545} INFO - Filling up the DagBag from /home/airflow/.local/lib/python3.12/site-packages/airflow/example_dags/example_sensors.py
[2026-08-13T13:34:23.202+0000] {processor.py:840} INFO - DAG(s) 'example_sensors' retrieved from /home/airflow/.local/lib/python3.12/site-packages/airflow/example_dags/example_sensors.py
[2026-08-13T13:34:23.261+0000] {logging_mixin.py:188} INFO - [2026-08-13T13:34:23.261+0000] {dag.py:3089} INFO - Sync 1 DAGs
[2026-08-13T13:34:23.294+0000] {logging_mixin.py:188} INFO - [2026-08-13T13:34:23.294+0000] {dag.py:3947} INFO - Setting next_dagrun for example_sensors to None, run_after=None
[2026-08-13T13:34:23.343+0000] {processor.py:183} INFO - Processing /home/airflow/.local/lib/python3.12/site-packages/airflow/example_dags/example_sensors.py took 0.194 seconds
[2026-08-13T13:34:55.884+0000] {processor.py:161} INFO - Started process (PID=1456) to work on /home/airflow/.local/lib/python3.12/site-packages/airflow/example_dags/example_sensors.py
[2026-08-13T13:34:55.888+0000] {processor.py:830} INFO - Processing file /home/airflow/.local/lib/python3.12/site-packages/airflow/example_dags/example_sensors.py for tasks to queue
[2026-08-13T13:34:55.893+0000] {logging_mixin.py:188} INFO - [2026-08-13T13:34:55.893+0000] {dagbag.py:545} INFO - Filling up the DagBag from /home/airflow/.local/lib/python3.12/site-packages/airflow/example_dags/example_sensors.py
[2026-08-13T13:34:55.913+0000] {processor.py:840} INFO - DAG(s) 'example_sensors' retrieved from /home/airflow/.local/lib/python3.12/site-packages/airflow/example_dags/example_sensors.py
[2026-08-13T13:34:55.983+0000] {logging_mixin.py:188} INFO - [2026-08-13T13:34:55.982+0000] {dag.py:3089} INFO - Sync 1 DAGs
[2026-08-13T13:34:56.021+0000] {logging_mixin.py:188} INFO - [2026-08-13T13:34:56.021+0000] {dag.py:3947} INFO - Setting next_dagrun for example_sensors to None, run_after=None
[2026-08-13T13:34:56.074+0000] {processor.py:183} INFO - Processing /home/airflow/.local/lib/python3.12/site-packages/airflow/example_dags/example_sensors.py took 0.208 seconds
[2026-08-13T13:35:28.137+0000] {processor.py:161} INFO - Started process (PID=1529) to work on /home/airflow/.local/lib/python3.12/site-packages/airflow/example_dags/example_sensors.py
[2026-08-13T13:35:28.142+0000] {processor.py:830} INFO - Processing file /home/airflow/.local/lib/python3.12/site-packages/airflow/example_dags/example_sensors.py for tasks to queue
[2026-08-13T13:35:28.148+0000] {logging_mixin.py:188} INFO - [2026-08-13T13:35:28.147+0000] {dagbag.py:545} INFO - Filling up the DagBag from /home/airflow/.local/lib/python3.12/site-packages/airflow/example_dags/example_sensors.py
[2026-08-13T13:35:28.171+0000] {processor.py:840} INFO - DAG(s) 'example_sensors' retrieved from /home/airflow/.local/lib/python3.12/site-packages/airflow/example_dags/example_sensors.py
[2026-08-13T13:35:28.279+0000] {logging_mixin.py:188} INFO - [2026-08-13T13:35:28.278+0000] {dag.py:3089} INFO - Sync 1 DAGs
[2026-08-13T13:35:28.325+0000] {logging_mixin.py:188} INFO - [2026-08-13T13:35:28.324+0000] {dag.py:3947} INFO - Setting next_dagrun for example_sensors to None, run_after=None
[2026-08-13T13:35:28.372+0000] {processor.py:183} INFO - Processing /home/airflow/.local/lib/python3.12/site-packages/airflow/example_dags/example_sensors.py took 0.251 seconds
[2026-08-13T13:36:01.050+0000] {processor.py:161} INFO - Started process (PID=1602) to work on /home/airflow/.local/lib/python3.12/site-packages/airflow/example_dags/example_sensors.py
[2026-08-13T13:36:01.054+0000] {processor.py:830} INFO - Processing file /home/airflow/.local/lib/python3.12/site-packages/airflow/example_dags/example_sensors.py for tasks to queue
[2026-08-13T13:36:01.061+0000] {logging_mixin.py:188} INFO - [2026-08-13T13:36:01.060+0000] {dagbag.py:545} INFO - Filling up the DagBag from /home/airflow/.local/lib/python3.12/site-packages/airflow/example_dags/example_sensors.py
[2026-08-13T13:36:01.083+0000] {processor.py:840} INFO - DAG(s) 'example_sensors' retrieved from /home/airflow/.local/lib/python3.12/site-packages/airflow/example_dags/example_sensors.py
[2026-08-13T13:36:01.136+0000] {logging_mixin.py:188} INFO - [2026-08-13T13:36:01.136+0000] {dag.py:3089} INFO - Sync 1 DAGs
[2026-08-13T13:36:01.159+0000] {logging_mixin.py:188} INFO - [2026-08-13T13:36:01.159+0000] {dag.py:3947} INFO - Setting next_dagrun for example_sensors to None, run_after=None
[2026-08-13T13:36:01.199+0000] {processor.py:183} INFO - Processing /home/airflow/.local/lib/python3.12/site-packages/airflow/example_dags/example_sensors.py took 0.165 seconds
[2026-08-13T13:36:33.522+0000] {processor.py:161} INFO - Started process (PID=1675) to work on /home/airflow/.local/lib/python3.12/site-packages/airflow/example_dags/example_sensors.py
[2026-08-13T13:36:33.526+0000] {processor.py:830} INFO - Processing file /home/airflow/.local/lib/python3.12/site-packages/airflow/example_dags/example_sensors.py for tasks to queue
[2026-08-13T13:36:33.532+0000] {logging_mixin.py:188} INFO - [2026-08-13T13:36:33.531+0000] {dagbag.py:545} INFO - Filling up the DagBag from /home/airflow/.local/lib/python3.12/site-packages/airflow/example_dags/example_sensors.py
[2026-08-13T13:36:33.564+0000] {processor.py:840} INFO - DAG(s) 'example_sensors' retrieved from /home/airflow/.local/lib/python3.12/site-packages/airflow/example_dags/example_sensors.py
[2026-08-13T13:36:33.628+0000] {logging_mixin.py:188} INFO - [2026-08-13T13:36:33.627+0000] {dag.py:3089} INFO - Sync 1 DAGs
[2026-08-13T13:36:33.660+0000] {logging_mixin.py:188} INFO - [2026-08-13T13:36:33.659+0000] {dag.py:3947} INFO - Setting next_dagrun for example_sensors to None, run_after=None
[2026-08-13T13:36:33.731+0000] {processor.py:183} INFO - Processing /home/airflow/.local/lib/python3.12/site-packages/airflow/example_dags/example_sensors.py took 0.222 seconds
[2026-08-13T13:37:06.501+0000] {processor.py:161} INFO - Started process (PID=1748) to work on /home/airflow/.local/lib/python3.12/site-packages/airflow/example_dags/example_sensors.py
[2026-08-13T13:37:06.506+0000] {processor.py:830} INFO - Processing file /home/airflow/.local/lib/python3.12/site-packages/airflow/example_dags/example_sensors.py for tasks to queue
[2026-08-13T13:37:06.513+0000] {logging_mixin.py:188} INFO - [2026-08-13T13:37:06.512+0000] {dagbag.py:545} INFO - Filling up the DagBag from /home/airflow/.local/lib/python3.12/site-packages/airflow/example_dags/example_sensors.py
[2026-08-13T13:37:06.539+0000] {processor.py:840} INFO - DAG(s) 'example_sensors' retrieved from /home/airflow/.local/lib/python3.12/site-packages/airflow/example_dags/example_sensors.py
[2026-08-13T13:37:06.607+0000] {logging_mixin.py:188} INFO - [2026-08-13T13:37:06.606+0000] {dag.py:3089} INFO - Sync 1 DAGs
[2026-08-13T13:37:06.638+0000] {logging_mixin.py:188} INFO - [2026-08-13T13:37:06.637+0000] {dag.py:3947} INFO - Setting next_dagrun for example_sensors to None, run_after=None
[2026-08-13T13:37:06.691+0000] {processor.py:183} INFO - Processing /home/airflow/.local/lib/python3.12/site-packages/airflow/example_dags/example_sensors.py took 0.210 seconds
[2026-08-13T13:37:38.987+0000] {processor.py:161} INFO - Started process (PID=1822) to work on /home/airflow/.local/lib/python3.12/site-packages/airflow/example_dags/example_sensors.py
[2026-08-13T13:37:38.990+0000] {processor.py:830} INFO - Processing file /home/airflow/.local/lib/python3.12/site-packages/airflow/example_dags/example_sensors.py for tasks to queue
[2026-08-13T13:37:38.996+0000] {logging_mixin.py:188} INFO - [2026-08-13T13:37:38.995+0000] {dagbag.py:545} INFO - Filling up the DagBag from /home/airflow/.local/lib/python3.12/site-packages/airflow/example_dags/example_sensors.py
[2026-08-13T13:37:39.014+0000] {processor.py:840} INFO - DAG(s) 'example_sensors' retrieved from /home/airflow/.local/lib/python3.12/site-packages/airflow/example_dags/example_sensors.py
[2026-08-13T13:37:39.070+0000] {logging_mixin.py:188} INFO - [2026-08-13T13:37:39.070+0000] {dag.py:3089} INFO - Sync 1 DAGs
[2026-08-13T13:37:39.106+0000] {logging_mixin.py:188} INFO - [2026-08-13T13:37:39.106+0000] {dag.py:3947} INFO - Setting next_dagrun for example_sensors to None, run_after=None
[2026-08-13T13:37:39.155+0000] {processor.py:183} INFO - Processing /home/airflow/.local/lib/python3.12/site-packages/airflow/example_dags/example_sensors.py took 0.184 seconds
[2026-08-13T13:38:12.209+0000] {processor.py:161} INFO - Started process (PID=1896) to work on /home/airflow/.local/lib/python3.12/site-packages/airflow/example_dags/example_sensors.py
[2026-08-13T13:38:12.213+0000] {processor.py:830} INFO - Processing file /home/airflow/.local/lib/python3.12/site-packages/airflow/example_dags/example_sensors.py for tasks to queue
[2026-08-13T13:38:12.219+0000] {logging_mixin.py:188} INFO - [2026-08-13T13:38:12.218+0000] {dagbag.py:545} INFO - Filling up the DagBag from /home/airflow/.local/lib/python3.12/site-packages/airflow/example_dags/example_sensors.py
[2026-08-13T13:38:12.244+0000] {processor.py:840} INFO - DAG(s) 'example_sensors' retrieved from /home/airflow/.local/lib/python3.12/site-packages/airflow/example_dags/example_sensors.py
[2026-08-13T13:38:12.305+0000] {logging_mixin.py:188} INFO - [2026-08-13T13:38:12.305+0000] {dag.py:3089} INFO - Sync 1 DAGs
[2026-08-13T13:38:12.334+0000] {logging_mixin.py:188} INFO - [2026-08-13T13:38:12.334+0000] {dag.py:3947} INFO - Setting next_dagrun for example_sensors to None, run_after=None
[2026-08-13T13:38:12.384+0000] {processor.py:183} INFO - Processing /home/airflow/.local/lib/python3.12/site-packages/airflow/example_dags/example_sensors.py took 0.187 seconds
[2026-08-13T13:38:45.409+0000] {processor.py:161} INFO - Started process (PID=1970) to work on /home/airflow/.local/lib/python3.12/site-packages/airflow/example_dags/example_sensors.py
[2026-08-13T13:38:45.412+0000] {processor.py:830} INFO - Processing file /home/airflow/.local/lib/python3.12/site-packages/airflow/example_dags/example_sensors.py for tasks to queue
[2026-08-13T13:38:45.423+0000] {logging_mixin.py:188} INFO - [2026-08-13T13:38:45.423+0000] {dagbag.py:545} INFO - Filling up the DagBag from /home/airflow/.local/lib/python3.12/site-packages/airflow/example_dags/example_sensors.py
[2026-08-13T13:38:45.462+0000] {processor.py:840} INFO - DAG(s) 'example_sensors' retrieved from /home/airflow/.local/lib/python3.12/site-packages/airflow/example_dags/example_sensors.py
[2026-08-13T13:38:45.531+0000] {logging_mixin.py:188} INFO - [2026-08-13T13:38:45.531+0000] {dag.py:3089} INFO - Sync 1 DAGs
[2026-08-13T13:38:45.565+0000] {logging_mixin.py:188} INFO - [2026-08-13T13:38:45.564+0000] {dag.py:3947} INFO - Setting next_dagrun for example_sensors to None, run_after=None
[2026-08-13T13:38:45.615+0000] {processor.py:183} INFO - Processing /home/airflow/.local/lib/python3.12/site-packages/airflow/example_dags/example_sensors.py took 0.222 seconds
[2026-08-13T13:39:18.679+0000] {processor.py:161} INFO - Started process (PID=2044) to work on /home/airflow/.local/lib/python3.12/site-packages/airflow/example_dags/example_sensors.py
[2026-08-13T13:39:18.682+0000] {processor.py:830} INFO - Processing file /home/airflow/.local/lib/python3.12/site-packages/airflow/example_dags/example_sensors.py for tasks to queue
[2026-08-13T13:39:18.689+0000] {logging_mixin.py:188} INFO - [2026-08-13T13:39:18.688+0000] {dagbag.py:545} INFO - Filling up the DagBag from /home/airflow/.local/lib/python3.12/site-packages/airflow/example_dags/example_sensors.py
[2026-08-13T13:39:18.712+0000] {processor.py:840} INFO - DAG(s) 'example_sensors' retrieved from /home/airflow/.local/lib/python3.12/site-packages/airflow/example_dags/example_sensors.py
[2026-08-13T13:39:18.790+0000] {logging_mixin.py:188} INFO - [2026-08-13T13:39:18.790+0000] {dag.py:3089} INFO - Sync 1 DAGs
[2026-08-13T13:39:18.851+0000] {logging_mixin.py:188} INFO - [2026-08-13T13:39:18.850+0000] {dag.py:3947} INFO - Setting next_dagrun for example_sensors to None, run_after=None
[2026-08-13T13:39:18.925+0000] {processor.py:183} INFO - Processing /home/airflow/.local/lib/python3.12/site-packages/airflow/example_dags/example_sensors.py took 0.259 seconds
[2026-08-13T13:39:51.404+0000] {processor.py:161} INFO - Started process (PID=2116) to work on /home/airflow/.local/lib/python3.12/site-packages/airflow/example_dags/example_sensors.py
[2026-08-13T13:39:51.407+0000] {processor.py:830} INFO - Processing file /home/airflow/.local/lib/python3.12/site-packages/airflow/example_dags/example_sensors.py for tasks to queue
[2026-08-13T13:39:51.414+0000] {logging_mixin.py:188} INFO - [2026-08-13T13:39:51.414+0000] {dagbag.py:545} INFO - Filling up the DagBag from /home/airflow/.local/lib/python3.12/site-packages/airflow/example_dags/example_sensors.py
[2026-08-13T13:39:51.440+0000] {processor.py:840} INFO - DAG(s) 'example_sensors' retrieved from /home/airflow/.local/lib/python3.12/site-packages/airflow/example_dags/example_sensors.py
[2026-08-13T13:39:51.508+0000] {logging_mixin.py:188} INFO - [2026-08-13T13:39:51.507+0000] {dag.py:3089} INFO - Sync 1 DAGs
[2026-08-13T13:39:51.547+0000] {logging_mixin.py:188} INFO - [2026-08-13T13:39:51.546+0000] {dag.py:3947} INFO - Setting next_dagrun for example_sensors to None, run_after=None
[2026-08-13T13:39:51.616+0000] {processor.py:183} INFO - Processing /home/airflow/.local/lib/python3.12/site-packages/airflow/example_dags/example_sensors.py took 0.240 seconds
[2026-08-13T13:40:21.967+0000] {processor.py:161} INFO - Started process (PID=2179) to work on /home/airflow/.local/lib/python3.12/site-packages/airflow/example_dags/example_sensors.py
[2026-08-13T13:40:21.971+0000] {processor.py:830} INFO - Processing file /home/airflow/.local/lib/python3.12/site-packages/airflow/example_dags/example_sensors.py for tasks to queue
[2026-08-13T13:40:21.979+0000] {logging_mixin.py:188} INFO - [2026-08-13T13:40:21.978+0000] {dagbag.py:545} INFO - Filling up the DagBag from /home/airflow/.local/lib/python3.12/site-packages/airflow/example_dags/example_sensors.py
[2026-08-13T13:40:22.037+0000] {processor.py:840} INFO - DAG(s) 'example_sensors' retrieved from /home/airflow/.local/lib/python3.12/site-packages/airflow/example_dags/example_sensors.py
[2026-08-13T13:40:22.115+0000] {logging_mixin.py:188} INFO - [2026-08-13T13:40:22.114+0000] {dag.py:3089} INFO - Sync 1 DAGs
[2026-08-13T13:40:22.148+0000] {logging_mixin.py:188} INFO - [2026-08-13T13:40:22.148+0000] {dag.py:3947} INFO - Setting next_dagrun for example_sensors to None, run_after=None
[2026-08-13T13:40:22.211+0000] {processor.py:183} INFO - Processing /home/airflow/.local/lib/python3.12/site-packages/airflow/example_dags/example_sensors.py took 0.271 seconds
[2026-08-13T13:40:52.473+0000] {processor.py:161} INFO - Started process (PID=2251) to work on /home/airflow/.local/lib/python3.12/site-packages/airflow/example_dags/example_sensors.py
[2026-08-13T13:40:52.477+0000] {processor.py:830} INFO - Processing file /home/airflow/.local/lib/python3.12/site-packages/airflow/example_dags/example_sensors.py for tasks to queue
[2026-08-13T13:40:52.485+0000] {logging_mixin.py:188} INFO - [2026-08-13T13:40:52.484+0000] {dagbag.py:545} INFO - Filling up the DagBag from /home/airflow/.local/lib/python3.12/site-packages/airflow/example_dags/example_sensors.py
[2026-08-13T13:40:52.516+0000] {processor.py:840} INFO - DAG(s) 'example_sensors' retrieved from /home/airflow/.local/lib/python3.12/site-packages/airflow/example_dags/example_sensors.py
[2026-08-13T13:40:52.705+0000] {logging_mixin.py:188} INFO - [2026-08-13T13:40:52.702+0000] {dag.py:3089} INFO - Sync 1 DAGs
[2026-08-13T13:40:52.775+0000] {logging_mixin.py:188} INFO - [2026-08-13T13:40:52.775+0000] {dag.py:3947} INFO - Setting next_dagrun for example_sensors to None, run_after=None
[2026-08-13T13:40:53.295+0000] {processor.py:183} INFO - Processing /home/airflow/.local/lib/python3.12/site-packages/airflow/example_dags/example_sensors.py took 0.848 seconds
[2026-08-13T13:41:23.914+0000] {processor.py:161} INFO - Started process (PID=2324) to work on /home/airflow/.local/lib/python3.12/site-packages/airflow/example_dags/example_sensors.py
[2026-08-13T13:41:23.920+0000] {processor.py:830} INFO - Processing file /home/airflow/.local/lib/python3.12/site-packages/airflow/example_dags/example_sensors.py for tasks to queue
[2026-08-13T13:41:23.927+0000] {logging_mixin.py:188} INFO - [2026-08-13T13:41:23.926+0000] {dagbag.py:545} INFO - Filling up the DagBag from /home/airflow/.local/lib/python3.12/site-packages/airflow/example_dags/example_sensors.py
[2026-08-13T13:41:23.946+0000] {processor.py:840} INFO - DAG(s) 'example_sensors' retrieved from /home/airflow/.local/lib/python3.12/site-packages/airflow/example_dags/example_sensors.py
[2026-08-13T13:41:23.997+0000] {logging_mixin.py:188} INFO - [2026-08-13T13:41:23.996+0000] {dag.py:3089} INFO - Sync 1 DAGs
[2026-08-13T13:41:24.022+0000] {logging_mixin.py:188} INFO - [2026-08-13T13:41:24.021+0000] {dag.py:3947} INFO - Setting next_dagrun for example_sensors to None, run_after=None
[2026-08-13T13:41:24.072+0000] {processor.py:183} INFO - Processing /home/airflow/.local/lib/python3.12/site-packages/airflow/example_dags/example_sensors.py took 0.174 seconds
[2026-08-13T13:41:54.499+0000] {processor.py:161} INFO - Started process (PID=2397) to work on /home/airflow/.local/lib/python3.12/site-packages/airflow/example_dags/example_sensors.py
[2026-08-13T13:41:54.503+0000] {processor.py:830} INFO - Processing file /home/airflow/.local/lib/python3.12/site-packages/airflow/example_dags/example_sensors.py for tasks to queue
[2026-08-13T13:41:54.510+0000] {logging_mixin.py:188} INFO - [2026-08-13T13:41:54.509+0000] {dagbag.py:545} INFO - Filling up the DagBag from /home/airflow/.local/lib/python3.12/site-packages/airflow/example_dags/example_sensors.py
[2026-08-13T13:41:54.532+0000] {processor.py:840} INFO - DAG(s) 'example_sensors' retrieved from /home/airflow/.local/lib/python3.12/site-packages/airflow/example_dags/example_sensors.py
[2026-08-13T13:41:54.609+0000] {logging_mixin.py:188} INFO - [2026-08-13T13:41:54.608+0000] {dag.py:3089} INFO - Sync 1 DAGs
[2026-08-13T13:41:54.665+0000] {logging_mixin.py:188} INFO - [2026-08-13T13:41:54.665+0000] {dag.py:3947} INFO - Setting next_dagrun for example_sensors to None, run_after=None
[2026-08-13T13:41:54.727+0000] {processor.py:183} INFO - Processing /home/airflow/.local/lib/python3.12/site-packages/airflow/example_dags/example_sensors.py took 0.240 seconds
[2026-08-13T13:42:24.863+0000] {processor.py:161} INFO - Started process (PID=2463) to work on /home/airflow/.local/lib/python3.12/site-packages/airflow/example_dags/example_sensors.py
[2026-08-13T13:42:24.867+0000] {processor.py:830} INFO - Processing file /home/airflow/.local/lib/python3.12/site-packages/airflow/example_dags/example_sensors.py for tasks to queue
[2026-08-13T13:42:24.873+0000] {logging_mixin.py:188} INFO - [2026-08-13T13:42:24.872+0000] {dagbag.py:545} INFO - Filling up the DagBag from /home/airflow/.local/lib/python3.12/site-packages/airflow/example_dags/example_sensors.py
[2026-08-13T13:42:24.890+0000] {processor.py:840} INFO - DAG(s) 'example_sensors' retrieved from /home/airflow/.local/lib/python3.12/site-packages/airflow/example_dags/example_sensors.py
[2026-08-13T13:42:25.463+0000] {logging_mixin.py:188} INFO - [2026-08-13T13:42:25.463+0000] {dag.py:3089} INFO - Sync 1 DAGs
[2026-08-13T13:42:25.508+0000] {logging_mixin.py:188} INFO - [2026-08-13T13:42:25.507+0000] {dag.py:3947} INFO - Setting next_dagrun for example_sensors to None, run_after=None
[2026-08-13T13:42:25.564+0000] {processor.py:183} INFO - Processing /home/airflow/.local/lib/python3.12/site-packages/airflow/example_dags/example_sensors.py took 0.715 seconds
[2026-08-13T13:42:55.755+0000] {processor.py:161} INFO - Started process (PID=2536) to work on /home/airflow/.local/lib/python3.12/site-packages/airflow/example_dags/example_sensors.py
[2026-08-13T13:42:55.759+0000] {processor.py:830} INFO - Processing file /home/airflow/.local/lib/python3.12/site-packages/airflow/example_dags/example_sensors.py for tasks to queue
[2026-08-13T13:42:55.765+0000] {logging_mixin.py:188} INFO - [2026-08-13T13:42:55.764+0000] {dagbag.py:545} INFO - Filling up the DagBag from /home/airflow/.local/lib/python3.12/site-packages/airflow/example_dags/example_sensors.py
[2026-08-13T13:42:55.789+0000] {processor.py:840} INFO - DAG(s) 'example_sensors' retrieved from /home/airflow/.local/lib/python3.12/site-packages/airflow/example_dags/example_sensors.py
[2026-08-13T13:42:55.840+0000] {logging_mixin.py:188} INFO - [2026-08-13T13:42:55.839+0000] {dag.py:3089} INFO - Sync 1 DAGs
[2026-08-13T13:42:55.866+0000] {logging_mixin.py:188} INFO - [2026-08-13T13:42:55.866+0000] {dag.py:3947} INFO - Setting next_dagrun for example_sensors to None, run_after=None
[2026-08-13T13:42:55.916+0000] {processor.py:183} INFO - Processing /home/airflow/.local/lib/python3.12/site-packages/airflow/example_dags/example_sensors.py took 0.174 seconds
[2026-08-13T13:43:26.344+0000] {processor.py:161} INFO - Started process (PID=2608) to work on /home/airflow/.local/lib/python3.12/site-packages/airflow/example_dags/example_sensors.py
[2026-08-13T13:43:26.348+0000] {processor.py:830} INFO - Processing file /home/airflow/.local/lib/python3.12/site-packages/airflow/example_dags/example_sensors.py for tasks to queue
[2026-08-13T13:43:26.353+0000] {logging_mixin.py:188} INFO - [2026-08-13T13:43:26.352+0000] {dagbag.py:545} INFO - Filling up the DagBag from /home/airflow/.local/lib/python3.12/site-packages/airflow/example_dags/example_sensors.py
[2026-08-13T13:43:26.369+0000] {processor.py:840} INFO - DAG(s) 'example_sensors' retrieved from /home/airflow/.local/lib/python3.12/site-packages/airflow/example_dags/example_sensors.py
[2026-08-13T13:43:26.410+0000] {logging_mixin.py:188} INFO - [2026-08-13T13:43:26.409+0000] {dag.py:3089} INFO - Sync 1 DAGs
[2026-08-13T13:43:26.436+0000] {logging_mixin.py:188} INFO - [2026-08-13T13:43:26.435+0000] {dag.py:3947} INFO - Setting next_dagrun for example_sensors to None, run_after=None
[2026-08-13T13:43:26.470+0000] {processor.py:183} INFO - Processing /home/airflow/.local/lib/python3.12/site-packages/airflow/example_dags/example_sensors.py took 0.136 seconds
[2026-08-13T13:43:57.462+0000] {processor.py:161} INFO - Started process (PID=2680) to work on /home/airflow/.local/lib/python3.12/site-packages/airflow/example_dags/example_sensors.py
[2026-08-13T13:43:57.478+0000] {processor.py:830} INFO - Processing file /home/airflow/.local/lib/python3.12/site-packages/airflow/example_dags/example_sensors.py for tasks to queue
[2026-08-13T13:43:57.493+0000] {logging_mixin.py:188} INFO - [2026-08-13T13:43:57.491+0000] {dagbag.py:545} INFO - Filling up the DagBag from /home/airflow/.local/lib/python3.12/site-packages/airflow/example_dags/example_sensors.py
[2026-08-13T13:43:57.531+0000] {processor.py:840} INFO - DAG(s) 'example_sensors' retrieved from /home/airflow/.local/lib/python3.12/site-packages/airflow/example_dags/example_sensors.py
[2026-08-13T13:43:57.612+0000] {logging_mixin.py:188} INFO - [2026-08-13T13:43:57.612+0000] {dag.py:3089} INFO - Sync 1 DAGs
[2026-08-13T13:43:57.654+0000] {logging_mixin.py:188} INFO - [2026-08-13T13:43:57.653+0000] {dag.py:3947} INFO - Setting next_dagrun for example_sensors to None, run_after=None
[2026-08-13T13:43:57.736+0000] {processor.py:183} INFO - Processing /home/airflow/.local/lib/python3.12/site-packages/airflow/example_dags/example_sensors.py took 0.358 seconds
[2026-08-13T13:44:28.697+0000] {processor.py:161} INFO - Started process (PID=2752) to work on /home/airflow/.local/lib/python3.12/site-packages/airflow/example_dags/example_sensors.py
[2026-08-13T13:44:28.701+0000] {processor.py:830} INFO - Processing file /home/airflow/.local/lib/python3.12/site-packages/airflow/example_dags/example_sensors.py for tasks to queue
[2026-08-13T13:44:28.707+0000] {logging_mixin.py:188} INFO - [2026-08-13T13:44:28.706+0000] {dagbag.py:545} INFO - Filling up the DagBag from /home/airflow/.local/lib/python3.12/site-packages/airflow/example_dags/example_sensors.py
[2026-08-13T13:44:28.733+0000] {processor.py:840} INFO - DAG(s) 'example_sensors' retrieved from /home/airflow/.local/lib/python3.12/site-packages/airflow/example_dags/example_sensors.py
[2026-08-13T13:44:28.836+0000] {logging_mixin.py:188} INFO - [2026-08-13T13:44:28.835+0000] {dag.py:3089} INFO - Sync 1 DAGs
[2026-08-13T13:44:28.875+0000] {logging_mixin.py:188} INFO - [2026-08-13T13:44:28.874+0000] {dag.py:3947} INFO - Setting next_dagrun for example_sensors to None, run_after=None
[2026-08-13T13:44:28.937+0000] {processor.py:183} INFO - Processing /home/airflow/.local/lib/python3.12/site-packages/airflow/example_dags/example_sensors.py took 0.254 seconds
[2026-08-13T13:44:59.530+0000] {processor.py:161} INFO - Started process (PID=2822) to work on /home/airflow/.local/lib/python3.12/site-packages/airflow/example_dags/example_sensors.py
[2026-08-13T13:44:59.533+0000] {processor.py:830} INFO - Processing file /home/airflow/.local/lib/python3.12/site-packages/airflow/example_dags/example_sensors.py for tasks to queue
[2026-08-13T13:44:59.537+0000] {logging_mixin.py:188} INFO - [2026-08-13T13:44:59.536+0000] {dagbag.py:545} INFO - Filling up the DagBag from /home/airflow/.local/lib/python3.12/site-packages/airflow/example_dags/example_sensors.py
[2026-08-13T13:44:59.552+0000] {processor.py:840} INFO - DAG(s) 'example_sensors' retrieved from /home/airflow/.local/lib/python3.12/site-packages/airflow/example_dags/example_sensors.py
[2026-08-13T13:44:59.595+0000] {logging_mixin.py:188} INFO - [2026-08-13T13:44:59.595+0000] {dag.py:3089} INFO - Sync 1 DAGs
[2026-08-13T13:44:59.622+0000] {logging_mixin.py:188} INFO - [2026-08-13T13:44:59.621+0000] {dag.py:3947} INFO - Setting next_dagrun for example_sensors to None, run_after=None
[2026-08-13T13:44:59.664+0000] {processor.py:183} INFO - Processing /home/airflow/.local/lib/python3.12/site-packages/airflow/example_dags/example_sensors.py took 0.143 seconds
[2026-08-13T13:45:30.703+0000] {processor.py:161} INFO - Started process (PID=2895) to work on /home/airflow/.local/lib/python3.12/site-packages/airflow/example_dags/example_sensors.py
[2026-08-13T13:45:30.714+0000] {processor.py:830} INFO - Processing file /home/airflow/.local/lib/python3.12/site-packages/airflow/example_dags/example_sensors.py for tasks to queue
[2026-08-13T13:45:30.737+0000] {logging_mixin.py:188} INFO - [2026-08-13T13:45:30.736+0000] {dagbag.py:545} INFO - Filling up the DagBag from /home/airflow/.local/lib/python3.12/site-packages/airflow/example_dags/example_sensors.py
[2026-08-13T13:45:30.776+0000] {processor.py:840} INFO - DAG(s) 'example_sensors' retrieved from /home/airflow/.local/lib/python3.12/site-packages/airflow/example_dags/example_sensors.py
[2026-08-13T13:45:30.897+0000] {logging_mixin.py:188} INFO - [2026-08-13T13:45:30.896+0000] {dag.py:3089} INFO - Sync 1 DAGs
[2026-08-13T13:45:30.944+0000] {logging_mixin.py:188} INFO - [2026-08-13T13:45:30.943+0000] {dag.py:3947} INFO - Setting next_dagrun for example_sensors to None, run_after=None
[2026-08-13T13:45:31.142+0000] {processor.py:183} INFO - Processing /home/airflow/.local/lib/python3.12/site-packages/airflow/example_dags/example_sensors.py took 0.488 seconds
[2026-08-13T13:46:01.349+0000] {processor.py:161} INFO - Started process (PID=2966) to work on /home/airflow/.local/lib/python3.12/site-packages/airflow/example_dags/example_sensors.py
[2026-08-13T13:46:01.353+0000] {processor.py:830} INFO - Processing file /home/airflow/.local/lib/python3.12/site-packages/airflow/example_dags/example_sensors.py for tasks to queue
[2026-08-13T13:46:01.359+0000] {logging_mixin.py:188} INFO - [2026-08-13T13:46:01.358+0000] {dagbag.py:545} INFO - Filling up the DagBag from /home/airflow/.local/lib/python3.12/site-packages/airflow/example_dags/example_sensors.py
[2026-08-13T13:46:01.388+0000] {processor.py:840} INFO - DAG(s) 'example_sensors' retrieved from /home/airflow/.local/lib/python3.12/site-packages/airflow/example_dags/example_sensors.py
[2026-08-13T13:46:01.451+0000] {logging_mixin.py:188} INFO - [2026-08-13T13:46:01.450+0000] {dag.py:3089} INFO - Sync 1 DAGs
[2026-08-13T13:46:01.485+0000] {logging_mixin.py:188} INFO - [2026-08-13T13:46:01.484+0000] {dag.py:3947} INFO - Setting next_dagrun for example_sensors to None, run_after=None
[2026-08-13T13:46:01.534+0000] {processor.py:183} INFO - Processing /home/airflow/.local/lib/python3.12/site-packages/airflow/example_dags/example_sensors.py took 0.203 seconds
[2026-08-13T13:46:32.040+0000] {processor.py:161} INFO - Started process (PID=3033) to work on /home/airflow/.local/lib/python3.12/site-packages/airflow/example_dags/example_sensors.py
[2026-08-13T13:46:32.044+0000] {processor.py:830} INFO - Processing file /home/airflow/.local/lib/python3.12/site-packages/airflow/example_dags/example_sensors.py for tasks to queue
[2026-08-13T13:46:32.049+0000] {logging_mixin.py:188} INFO - [2026-08-13T13:46:32.049+0000] {dagbag.py:545} INFO - Filling up the DagBag from /home/airflow/.local/lib/python3.12/site-packages/airflow/example_dags/example_sensors.py
[2026-08-13T13:46:32.073+0000] {processor.py:840} INFO - DAG(s) 'example_sensors' retrieved from /home/airflow/.local/lib/python3.12/site-packages/airflow/example_dags/example_sensors.py
[2026-08-13T13:46:32.125+0000] {logging_mixin.py:188} INFO - [2026-08-13T13:46:32.124+0000] {dag.py:3089} INFO - Sync 1 DAGs
[2026-08-13T13:46:32.152+0000] {logging_mixin.py:188} INFO - [2026-08-13T13:46:32.151+0000] {dag.py:3947} INFO - Setting next_dagrun for example_sensors to None, run_after=None
[2026-08-13T13:46:32.215+0000] {processor.py:183} INFO - Processing /home/airflow/.local/lib/python3.12/site-packages/airflow/example_dags/example_sensors.py took 0.187 seconds
[2026-08-13T13:47:03.151+0000] {processor.py:161} INFO - Started process (PID=3106) to work on /home/airflow/.local/lib/python3.12/site-packages/airflow/example_dags/example_sensors.py
[2026-08-13T13:47:03.169+0000] {processor.py:830} INFO - Processing file /home/airflow/.local/lib/python3.12/site-packages/airflow/example_dags/example_sensors.py for tasks to queue
[2026-08-13T13:47:03.189+0000] {logging_mixin.py:188} INFO - [2026-08-13T13:47:03.186+0000] {dagbag.py:545} INFO - Filling up the DagBag from /home/airflow/.local/lib/python3.12/site-packages/airflow/example_dags/example_sensors.py
[2026-08-13T13:47:03.268+0000] {processor.py:840} INFO - DAG(s) 'example_sensors' retrieved from /home/airflow/.local/lib/python3.12/site-packages/airflow/example_dags/example_sensors.py
[2026-08-13T13:47:03.357+0000] {logging_mixin.py:188} INFO - [2026-08-13T13:47:03.356+0000] {dag.py:3089} INFO - Sync 1 DAGs
[2026-08-13T13:47:03.409+0000] {logging_mixin.py:188} INFO - [2026-08-13T13:47:03.408+0000] {dag.py:3947} INFO - Setting next_dagrun for example_sensors to None, run_after=None
[2026-08-13T13:47:03.479+0000] {processor.py:183} INFO - Processing /home/airflow/.local/lib/python3.12/site-packages/airflow/example_dags/example_sensors.py took 0.402 seconds
[2026-08-13T13:47:34.498+0000] {processor.py:161} INFO - Started process (PID=3178) to work on /home/airflow/.local/lib/python3.12/site-packages/airflow/example_dags/example_sensors.py
[2026-08-13T13:47:34.502+0000] {processor.py:830} INFO - Processing file /home/airflow/.local/lib/python3.12/site-packages/airflow/example_dags/example_sensors.py for tasks to queue
[2026-08-13T13:47:34.508+0000] {logging_mixin.py:188} INFO - [2026-08-13T13:47:34.507+0000] {dagbag.py:545} INFO - Filling up the DagBag from /home/airflow/.local/lib/python3.12/site-packages/airflow/example_dags/example_sensors.py
[2026-08-13T13:47:34.535+0000] {processor.py:840} INFO - DAG(s) 'example_sensors' retrieved from /home/airflow/.local/lib/python3.12/site-packages/airflow/example_dags/example_sensors.py
[2026-08-13T13:47:34.608+0000] {logging_mixin.py:188} INFO - [2026-08-13T13:47:34.607+0000] {dag.py:3089} INFO - Sync 1 DAGs
[2026-08-13T13:47:34.643+0000] {logging_mixin.py:188} INFO - [2026-08-13T13:47:34.642+0000] {dag.py:3947} INFO - Setting next_dagrun for example_sensors to None, run_after=None
[2026-08-13T13:47:34.697+0000] {processor.py:183} INFO - Processing /home/airflow/.local/lib/python3.12/site-packages/airflow/example_dags/example_sensors.py took 0.214 seconds
[2026-08-13T13:48:05.004+0000] {processor.py:161} INFO - Started process (PID=3251) to work on /home/airflow/.local/lib/python3.12/site-packages/airflow/example_dags/example_sensors.py
[2026-08-13T13:48:05.008+0000] {processor.py:830} INFO - Processing file /home/airflow/.local/lib/python3.12/site-packages/airflow/example_dags/example_sensors.py for tasks to queue
[2026-08-13T13:48:05.019+0000] {logging_mixin.py:188} INFO - [2026-08-13T13:48:05.017+0000] {dagbag.py:545} INFO - Filling up the DagBag from /home/airflow/.local/lib/python3.12/site-packages/airflow/example_dags/example_sensors.py
[2026-08-13T13:48:05.046+0000] {processor.py:840} INFO - DAG(s) 'example_sensors' retrieved from /home/airflow/.local/lib/python3.12/site-packages/airflow/example_dags/example_sensors.py
[2026-08-13T13:48:05.152+0000] {logging_mixin.py:188} INFO - [2026-08-13T13:48:05.151+0000] {dag.py:3089} INFO - Sync 1 DAGs
[2026-08-13T13:48:05.224+0000] {logging_mixin.py:188} INFO - [2026-08-13T13:48:05.223+0000] {dag.py:3947} INFO - Setting next_dagrun for example_sensors to None, run_after=None
[2026-08-13T13:48:05.299+0000] {processor.py:183} INFO - Processing /home/airflow/.local/lib/python3.12/site-packages/airflow/example_dags/example_sensors.py took 0.320 seconds
[2026-08-13T13:48:35.919+0000] {processor.py:161} INFO - Started process (PID=3324) to work on /home/airflow/.local/lib/python3.12/site-packages/airflow/example_dags/example_sensors.py
[2026-08-13T13:48:35.922+0000] {processor.py:830} INFO - Processing file /home/airflow/.local/lib/python3.12/site-packages/airflow/example_dags/example_sensors.py for tasks to queue
[2026-08-13T13:48:35.927+0000] {logging_mixin.py:188} INFO - [2026-08-13T13:48:35.927+0000] {dagbag.py:545} INFO - Filling up the DagBag from /home/airflow/.local/lib/python3.12/site-packages/airflow/example_dags/example_sensors.py
[2026-08-13T13:48:35.950+0000] {processor.py:840} INFO - DAG(s) 'example_sensors' retrieved from /home/airflow/.local/lib/python3.12/site-packages/airflow/example_dags/example_sensors.py
[2026-08-13T13:48:35.997+0000] {logging_mixin.py:188} INFO - [2026-08-13T13:48:35.996+0000] {dag.py:3089} INFO - Sync 1 DAGs
[2026-08-13T13:48:36.030+0000] {logging_mixin.py:188} INFO - [2026-08-13T13:48:36.030+0000] {dag.py:3947} INFO - Setting next_dagrun for example_sensors to None, run_after=None
[2026-08-13T13:48:36.083+0000] {processor.py:183} INFO - Processing /home/airflow/.local/lib/python3.12/site-packages/airflow/example_dags/example_sensors.py took 0.176 seconds
[2026-08-13T13:49:06.340+0000] {processor.py:161} INFO - Started process (PID=3398) to work on /home/airflow/.local/lib/python3.12/site-packages/airflow/example_dags/example_sensors.py
[2026-08-13T13:49:06.344+0000] {processor.py:830} INFO - Processing file /home/airflow/.local/lib/python3.12/site-packages/airflow/example_dags/example_sensors.py for tasks to queue
[2026-08-13T13:49:06.351+0000] {logging_mixin.py:188} INFO - [2026-08-13T13:49:06.350+0000] {dagbag.py:545} INFO - Filling up the DagBag from /home/airflow/.local/lib/python3.12/site-packages/airflow/example_dags/example_sensors.py
[2026-08-13T13:49:06.395+0000] {processor.py:840} INFO - DAG(s) 'example_sensors' retrieved from /home/airflow/.local/lib/python3.12/site-packages/airflow/example_dags/example_sensors.py
[2026-08-13T13:49:06.517+0000] {logging_mixin.py:188} INFO - [2026-08-13T13:49:06.516+0000] {dag.py:3089} INFO - Sync 1 DAGs
[2026-08-13T13:49:06.562+0000] {logging_mixin.py:188} INFO - [2026-08-13T13:49:06.562+0000] {dag.py:3947} INFO - Setting next_dagrun for example_sensors to None, run_after=None
[2026-08-13T13:49:06.636+0000] {processor.py:183} INFO - Processing /home/airflow/.local/lib/python3.12/site-packages/airflow/example_dags/example_sensors.py took 0.315 seconds
[2026-08-13T13:49:40.935+0000] {processor.py:161} INFO - Started process (PID=3457) to work on /home/airflow/.local/lib/python3.12/site-packages/airflow/example_dags/example_sensors.py
[2026-08-13T13:49:40.942+0000] {processor.py:830} INFO - Processing file /home/airflow/.local/lib/python3.12/site-packages/airflow/example_dags/example_sensors.py for tasks to queue
[2026-08-13T13:49:40.974+0000] {logging_mixin.py:188} INFO - [2026-08-13T13:49:40.972+0000] {dagbag.py:545} INFO - Filling up the DagBag from /home/airflow/.local/lib/python3.12/site-packages/airflow/example_dags/example_sensors.py
[2026-08-13T13:49:41.100+0000] {processor.py:840} INFO - DAG(s) 'example_sensors' retrieved from /home/airflow/.local/lib/python3.12/site-packages/airflow/example_dags/example_sensors.py
[2026-08-13T13:49:41.247+0000] {logging_mixin.py:188} INFO - [2026-08-13T13:49:41.246+0000] {dag.py:3089} INFO - Sync 1 DAGs
[2026-08-13T13:49:41.351+0000] {logging_mixin.py:188} INFO - [2026-08-13T13:49:41.350+0000] {dag.py:3947} INFO - Setting next_dagrun for example_sensors to None, run_after=None
[2026-08-13T13:49:41.531+0000] {processor.py:183} INFO - Processing /home/airflow/.local/lib/python3.12/site-packages/airflow/example_dags/example_sensors.py took 0.710 seconds
