[2026-08-13T13:24:23.086+0000] {processor.py:161} INFO - Started process (PID=114) to work on /home/airflow/.local/lib/python3.12/site-packages/airflow/example_dags/example_dag_decorator.py
[2026-08-13T13:24:23.096+0000] {processor.py:830} INFO - Processing file /home/airflow/.local/lib/python3.12/site-packages/airflow/example_dags/example_dag_decorator.py for tasks to queue
[2026-08-13T13:24:23.119+0000] {logging_mixin.py:188} INFO - [2026-08-13T13:24:23.118+0000] {dagbag.py:545} INFO - Filling up the DagBag from /home/airflow/.local/lib/python3.12/site-packages/airflow/example_dags/example_dag_decorator.py
[2026-08-13T13:24:25.887+0000] {processor.py:840} INFO - DAG(s) 'example_dag_decorator' retrieved from /home/airflow/.local/lib/python3.12/site-packages/airflow/example_dags/example_dag_decorator.py
[2026-08-13T13:24:26.363+0000] {logging_mixin.py:188} INFO - [2026-08-13T13:24:26.362+0000] {dag.py:3089} INFO - Sync 1 DAGs
[2026-08-13T13:24:26.403+0000] {logging_mixin.py:188} INFO - [2026-08-13T13:24:26.403+0000] {dag.py:3947} INFO - Setting next_dagrun for example_dag_decorator to None, run_after=None
[2026-08-13T13:24:26.507+0000] {processor.py:183} INFO - Processing /home/airflow/.local/lib/python3.12/site-packages/airflow/example_dags/example_dag_decorator.py took 3.488 seconds
[2026-08-13T13:24:56.694+0000] {processor.py:161} INFO - Started process (PID=181) to work on /home/airflow/.local/lib/python3.12/site-packages/airflow/example_dags/example_dag_decorator.py
[2026-08-13T13:24:56.696+0000] {processor.py:830} INFO - Processing file /home/airflow/.local/lib/python3.12/site-packages/airflow/example_dags/example_dag_decorator.py for tasks to queue
[2026-08-13T13:24:56.700+0000] {logging_mixin.py:188} INFO - [2026-08-13T13:24:56.699+0000] {dagbag.py:545} INFO - Filling up the DagBag from /home/airflow/.local/lib/python3.12/site-packages/airflow/example_dags/example_dag_decorator.py
[2026-08-13T13:24:57.008+0000] {processor.py:840} INFO - DAG(s) 'example_dag_decorator' retrieved from /home/airflow/.local/lib/python3.12/site-packages/airflow/example_dags/example_dag_decorator.py
[2026-08-13T13:24:57.238+0000] {logging_mixin.py:188} INFO - [2026-08-13T13:24:57.238+0000] {dag.py:3089} INFO - Sync 1 DAGs
[2026-08-13T13:24:57.255+0000] {logging_mixin.py:188} INFO - [2026-08-13T13:24:57.254+0000] {dag.py:3947} INFO - Setting next_dagrun for example_dag_decorator to None, run_after=None
[2026-08-13T13:24:57.308+0000] {processor.py:183} INFO - Processing /home/airflow/.local/lib/python3.12/site-packages/airflow/example_dags/example_dag_decorator.py took 0.622 seconds
[2026-08-13T13:25:53.351+0000] {processor.py:161} INFO - Started process (PID=259) to work on /home/airflow/.local/lib/python3.12/site-packages/airflow/example_dags/example_dag_decorator.py
[2026-08-13T13:25:53.354+0000] {processor.py:830} INFO - Processing file /home/airflow/.local/lib/python3.12/site-packages/airflow/example_dags/example_dag_decorator.py for tasks to queue
[2026-08-13T13:25:53.362+0000] {logging_mixin.py:188} INFO - [2026-08-13T13:25:53.361+0000] {dagbag.py:545} INFO - Filling up the DagBag from /home/airflow/.local/lib/python3.12/site-packages/airflow/example_dags/example_dag_decorator.py
[2026-08-13T13:25:53.931+0000] {processor.py:840} INFO - DAG(s) 'example_dag_decorator' retrieved from /home/airflow/.local/lib/python3.12/site-packages/airflow/example_dags/example_dag_decorator.py
[2026-08-13T13:25:54.410+0000] {logging_mixin.py:188} INFO - [2026-08-13T13:25:54.409+0000] {dag.py:3089} INFO - Sync 1 DAGs
[2026-08-13T13:25:54.434+0000] {logging_mixin.py:188} INFO - [2026-08-13T13:25:54.434+0000] {dag.py:3947} INFO - Setting next_dagrun for example_dag_decorator to None, run_after=None
[2026-08-13T13:25:54.483+0000] {processor.py:183} INFO - Processing /home/airflow/.local/lib/python3.12/site-packages/airflow/example_dags/example_dag_decorator.py took 1.144 seconds
[2026-08-13T13:26:24.920+0000] {processor.py:161} INFO - Started process (PID=332) to work on /home/airflow/.local/lib/python3.12/site-packages/airflow/example_dags/example_dag_decorator.py
[2026-08-13T13:26:24.925+0000] {processor.py:830} INFO - Processing file /home/airflow/.local/lib/python3.12/site-packages/airflow/example_dags/example_dag_decorator.py for tasks to queue
[2026-08-13T13:26:24.931+0000] {logging_mixin.py:188} INFO - [2026-08-13T13:26:24.930+0000] {dagbag.py:545} INFO - Filling up the DagBag from /home/airflow/.local/lib/python3.12/site-packages/airflow/example_dags/example_dag_decorator.py
[2026-08-13T13:26:25.550+0000] {processor.py:840} INFO - DAG(s) 'example_dag_decorator' retrieved from /home/airflow/.local/lib/python3.12/site-packages/airflow/example_dags/example_dag_decorator.py
[2026-08-13T13:26:26.110+0000] {logging_mixin.py:188} INFO - [2026-08-13T13:26:26.109+0000] {dag.py:3089} INFO - Sync 1 DAGs
[2026-08-13T13:26:26.141+0000] {logging_mixin.py:188} INFO - [2026-08-13T13:26:26.140+0000] {dag.py:3947} INFO - Setting next_dagrun for example_dag_decorator to None, run_after=None
[2026-08-13T13:26:26.250+0000] {processor.py:183} INFO - Processing /home/airflow/.local/lib/python3.12/site-packages/airflow/example_dags/example_dag_decorator.py took 1.344 seconds
[2026-08-13T13:26:56.409+0000] {processor.py:161} INFO - Started process (PID=399) to work on /home/airflow/.local/lib/python3.12/site-packages/airflow/example_dags/example_dag_decorator.py
[2026-08-13T13:26:56.414+0000] {processor.py:830} INFO - Processing file /home/airflow/.local/lib/python3.12/site-packages/airflow/example_dags/example_dag_decorator.py for tasks to queue
[2026-08-13T13:26:56.421+0000] {logging_mixin.py:188} INFO - [2026-08-13T13:26:56.421+0000] {dagbag.py:545} INFO - Filling up the DagBag from /home/airflow/.local/lib/python3.12/site-packages/airflow/example_dags/example_dag_decorator.py
[2026-08-13T13:26:56.703+0000] {processor.py:840} INFO - DAG(s) 'example_dag_decorator' retrieved from /home/airflow/.local/lib/python3.12/site-packages/airflow/example_dags/example_dag_decorator.py
[2026-08-13T13:26:57.031+0000] {logging_mixin.py:188} INFO - [2026-08-13T13:26:57.031+0000] {dag.py:3089} INFO - Sync 1 DAGs
[2026-08-13T13:26:57.060+0000] {logging_mixin.py:188} INFO - [2026-08-13T13:26:57.060+0000] {dag.py:3947} INFO - Setting next_dagrun for example_dag_decorator to None, run_after=None
[2026-08-13T13:26:57.129+0000] {processor.py:183} INFO - Processing /home/airflow/.local/lib/python3.12/site-packages/airflow/example_dags/example_dag_decorator.py took 0.736 seconds
[2026-08-13T13:27:27.407+0000] {processor.py:161} INFO - Started process (PID=472) to work on /home/airflow/.local/lib/python3.12/site-packages/airflow/example_dags/example_dag_decorator.py
[2026-08-13T13:27:27.411+0000] {processor.py:830} INFO - Processing file /home/airflow/.local/lib/python3.12/site-packages/airflow/example_dags/example_dag_decorator.py for tasks to queue
[2026-08-13T13:27:27.418+0000] {logging_mixin.py:188} INFO - [2026-08-13T13:27:27.417+0000] {dagbag.py:545} INFO - Filling up the DagBag from /home/airflow/.local/lib/python3.12/site-packages/airflow/example_dags/example_dag_decorator.py
[2026-08-13T13:27:27.799+0000] {processor.py:840} INFO - DAG(s) 'example_dag_decorator' retrieved from /home/airflow/.local/lib/python3.12/site-packages/airflow/example_dags/example_dag_decorator.py
[2026-08-13T13:27:28.085+0000] {logging_mixin.py:188} INFO - [2026-08-13T13:27:28.084+0000] {dag.py:3089} INFO - Sync 1 DAGs
[2026-08-13T13:27:28.110+0000] {logging_mixin.py:188} INFO - [2026-08-13T13:27:28.109+0000] {dag.py:3947} INFO - Setting next_dagrun for example_dag_decorator to None, run_after=None
[2026-08-13T13:27:28.161+0000] {processor.py:183} INFO - Processing /home/airflow/.local/lib/python3.12/site-packages/airflow/example_dags/example_dag_decorator.py took 0.773 seconds
[2026-08-13T13:27:58.850+0000] {processor.py:161} INFO - Started process (PID=546) to work on /home/airflow/.local/lib/python3.12/site-packages/airflow/example_dags/example_dag_decorator.py
[2026-08-13T13:27:58.853+0000] {processor.py:830} INFO - Processing file /home/airflow/.local/lib/python3.12/site-packages/airflow/example_dags/example_dag_decorator.py for tasks to queue
[2026-08-13T13:27:58.858+0000] {logging_mixin.py:188} INFO - [2026-08-13T13:27:58.858+0000] {dagbag.py:545} INFO - Filling up the DagBag from /home/airflow/.local/lib/python3.12/site-packages/airflow/example_dags/example_dag_decorator.py
[2026-08-13T13:27:59.313+0000] {processor.py:840} INFO - DAG(s) 'example_dag_decorator' retrieved from /home/airflow/.local/lib/python3.12/site-packages/airflow/example_dags/example_dag_decorator.py
[2026-08-13T13:27:59.906+0000] {logging_mixin.py:188} INFO - [2026-08-13T13:27:59.903+0000] {dag.py:3089} INFO - Sync 1 DAGs
[2026-08-13T13:27:59.965+0000] {logging_mixin.py:188} INFO - [2026-08-13T13:27:59.964+0000] {dag.py:3947} INFO - Setting next_dagrun for example_dag_decorator to None, run_after=None
[2026-08-13T13:28:00.209+0000] {processor.py:183} INFO - Processing /home/airflow/.local/lib/python3.12/site-packages/airflow/example_dags/example_dag_decorator.py took 1.376 seconds
[2026-08-13T13:28:30.681+0000] {processor.py:161} INFO - Started process (PID=618) to work on /home/airflow/.local/lib/python3.12/site-packages/airflow/example_dags/example_dag_decorator.py
[2026-08-13T13:28:30.684+0000] {processor.py:830} INFO - Processing file /home/airflow/.local/lib/python3.12/site-packages/airflow/example_dags/example_dag_decorator.py for tasks to queue
[2026-08-13T13:28:30.692+0000] {logging_mixin.py:188} INFO - [2026-08-13T13:28:30.691+0000] {dagbag.py:545} INFO - Filling up the DagBag from /home/airflow/.local/lib/python3.12/site-packages/airflow/example_dags/example_dag_decorator.py
[2026-08-13T13:28:31.020+0000] {processor.py:840} INFO - DAG(s) 'example_dag_decorator' retrieved from /home/airflow/.local/lib/python3.12/site-packages/airflow/example_dags/example_dag_decorator.py
[2026-08-13T13:28:31.401+0000] {logging_mixin.py:188} INFO - [2026-08-13T13:28:31.401+0000] {dag.py:3089} INFO - Sync 1 DAGs
[2026-08-13T13:28:31.432+0000] {logging_mixin.py:188} INFO - [2026-08-13T13:28:31.432+0000] {dag.py:3947} INFO - Setting next_dagrun for example_dag_decorator to None, run_after=None
[2026-08-13T13:28:31.487+0000] {processor.py:183} INFO - Processing /home/airflow/.local/lib/python3.12/site-packages/airflow/example_dags/example_dag_decorator.py took 0.835 seconds
[2026-08-13T13:29:01.933+0000] {processor.py:161} INFO - Started process (PID=687) to work on /home/airflow/.local/lib/python3.12/site-packages/airflow/example_dags/example_dag_decorator.py
[2026-08-13T13:29:01.937+0000] {processor.py:830} INFO - Processing file /home/airflow/.local/lib/python3.12/site-packages/airflow/example_dags/example_dag_decorator.py for tasks to queue
[2026-08-13T13:29:01.947+0000] {logging_mixin.py:188} INFO - [2026-08-13T13:29:01.946+0000] {dagbag.py:545} INFO - Filling up the DagBag from /home/airflow/.local/lib/python3.12/site-packages/airflow/example_dags/example_dag_decorator.py
[2026-08-13T13:29:02.345+0000] {processor.py:840} INFO - DAG(s) 'example_dag_decorator' retrieved from /home/airflow/.local/lib/python3.12/site-packages/airflow/example_dags/example_dag_decorator.py
[2026-08-13T13:29:02.717+0000] {logging_mixin.py:188} INFO - [2026-08-13T13:29:02.716+0000] {dag.py:3089} INFO - Sync 1 DAGs
[2026-08-13T13:29:02.759+0000] {logging_mixin.py:188} INFO - [2026-08-13T13:29:02.759+0000] {dag.py:3947} INFO - Setting next_dagrun for example_dag_decorator to None, run_after=None
[2026-08-13T13:29:02.814+0000] {processor.py:183} INFO - Processing /home/airflow/.local/lib/python3.12/site-packages/airflow/example_dags/example_dag_decorator.py took 0.895 seconds
[2026-08-13T13:29:33.948+0000] {processor.py:161} INFO - Started process (PID=755) to work on /home/airflow/.local/lib/python3.12/site-packages/airflow/example_dags/example_dag_decorator.py
[2026-08-13T13:29:33.952+0000] {processor.py:830} INFO - Processing file /home/airflow/.local/lib/python3.12/site-packages/airflow/example_dags/example_dag_decorator.py for tasks to queue
[2026-08-13T13:29:33.959+0000] {logging_mixin.py:188} INFO - [2026-08-13T13:29:33.958+0000] {dagbag.py:545} INFO - Filling up the DagBag from /home/airflow/.local/lib/python3.12/site-packages/airflow/example_dags/example_dag_decorator.py
[2026-08-13T13:29:34.230+0000] {processor.py:840} INFO - DAG(s) 'example_dag_decorator' retrieved from /home/airflow/.local/lib/python3.12/site-packages/airflow/example_dags/example_dag_decorator.py
[2026-08-13T13:29:34.526+0000] {logging_mixin.py:188} INFO - [2026-08-13T13:29:34.525+0000] {dag.py:3089} INFO - Sync 1 DAGs
[2026-08-13T13:29:34.560+0000] {logging_mixin.py:188} INFO - [2026-08-13T13:29:34.559+0000] {dag.py:3947} INFO - Setting next_dagrun for example_dag_decorator to None, run_after=None
[2026-08-13T13:29:34.673+0000] {processor.py:183} INFO - Processing /home/airflow/.local/lib/python3.12/site-packages/airflow/example_dags/example_dag_decorator.py took 0.744 seconds
[2026-08-13T13:30:07.703+0000] {processor.py:161} INFO - Started process (PID=828) to work on /home/airflow/.local/lib/python3.12/site-packages/airflow/example_dags/example_dag_decorator.py
[2026-08-13T13:30:07.707+0000] {processor.py:830} INFO - Processing file /home/airflow/.local/lib/python3.12/site-packages/airflow/example_dags/example_dag_decorator.py for tasks to queue
[2026-08-13T13:30:07.715+0000] {logging_mixin.py:188} INFO - [2026-08-13T13:30:07.714+0000] {dagbag.py:545} INFO - Filling up the DagBag from /home/airflow/.local/lib/python3.12/site-packages/airflow/example_dags/example_dag_decorator.py
[2026-08-13T13:30:07.984+0000] {processor.py:840} INFO - DAG(s) 'example_dag_decorator' retrieved from /home/airflow/.local/lib/python3.12/site-packages/airflow/example_dags/example_dag_decorator.py
[2026-08-13T13:30:08.257+0000] {logging_mixin.py:188} INFO - [2026-08-13T13:30:08.256+0000] {dag.py:3089} INFO - Sync 1 DAGs
[2026-08-13T13:30:08.864+0000] {logging_mixin.py:188} INFO - [2026-08-13T13:30:08.863+0000] {dag.py:3947} INFO - Setting next_dagrun for example_dag_decorator to None, run_after=None
[2026-08-13T13:30:09.068+0000] {processor.py:183} INFO - Processing /home/airflow/.local/lib/python3.12/site-packages/airflow/example_dags/example_dag_decorator.py took 1.383 seconds
[2026-08-13T13:30:41.371+0000] {processor.py:161} INFO - Started process (PID=902) to work on /home/airflow/.local/lib/python3.12/site-packages/airflow/example_dags/example_dag_decorator.py
[2026-08-13T13:30:41.376+0000] {processor.py:830} INFO - Processing file /home/airflow/.local/lib/python3.12/site-packages/airflow/example_dags/example_dag_decorator.py for tasks to queue
[2026-08-13T13:30:41.384+0000] {logging_mixin.py:188} INFO - [2026-08-13T13:30:41.382+0000] {dagbag.py:545} INFO - Filling up the DagBag from /home/airflow/.local/lib/python3.12/site-packages/airflow/example_dags/example_dag_decorator.py
[2026-08-13T13:30:41.681+0000] {processor.py:840} INFO - DAG(s) 'example_dag_decorator' retrieved from /home/airflow/.local/lib/python3.12/site-packages/airflow/example_dags/example_dag_decorator.py
[2026-08-13T13:30:42.086+0000] {logging_mixin.py:188} INFO - [2026-08-13T13:30:42.083+0000] {dag.py:3089} INFO - Sync 1 DAGs
[2026-08-13T13:30:42.123+0000] {logging_mixin.py:188} INFO - [2026-08-13T13:30:42.123+0000] {dag.py:3947} INFO - Setting next_dagrun for example_dag_decorator to None, run_after=None
[2026-08-13T13:30:42.187+0000] {processor.py:183} INFO - Processing /home/airflow/.local/lib/python3.12/site-packages/airflow/example_dags/example_dag_decorator.py took 0.844 seconds
[2026-08-13T13:31:12.781+0000] {processor.py:161} INFO - Started process (PID=975) to work on /home/airflow/.local/lib/python3.12/site-packages/airflow/example_dags/example_dag_decorator.py
[2026-08-13T13:31:12.784+0000] {processor.py:830} INFO - Processing file /home/airflow/.local/lib/python3.12/site-packages/airflow/example_dags/example_dag_decorator.py for tasks to queue
[2026-08-13T13:31:12.790+0000] {logging_mixin.py:188} INFO - [2026-08-13T13:31:12.789+0000] {dagbag.py:545} INFO - Filling up the DagBag from /home/airflow/.local/lib/python3.12/site-packages/airflow/example_dags/example_dag_decorator.py
[2026-08-13T13:31:13.088+0000] {processor.py:840} INFO - DAG(s) 'example_dag_decorator' retrieved from /home/airflow/.local/lib/python3.12/site-packages/airflow/example_dags/example_dag_decorator.py
[2026-08-13T13:31:13.374+0000] {logging_mixin.py:188} INFO - [2026-08-13T13:31:13.374+0000] {dag.py:3089} INFO - Sync 1 DAGs
[2026-08-13T13:31:13.410+0000] {logging_mixin.py:188} INFO - [2026-08-13T13:31:13.409+0000] {dag.py:3947} INFO - Setting next_dagrun for example_dag_decorator to None, run_after=None
[2026-08-13T13:31:13.490+0000] {processor.py:183} INFO - Processing /home/airflow/.local/lib/python3.12/site-packages/airflow/example_dags/example_dag_decorator.py took 0.723 seconds
[2026-08-13T13:31:44.692+0000] {processor.py:161} INFO - Started process (PID=1049) to work on /home/airflow/.local/lib/python3.12/site-packages/airflow/example_dags/example_dag_decorator.py
[2026-08-13T13:31:44.696+0000] {processor.py:830} INFO - Processing file /home/airflow/.local/lib/python3.12/site-packages/airflow/example_dags/example_dag_decorator.py for tasks to queue
[2026-08-13T13:31:44.703+0000] {logging_mixin.py:188} INFO - [2026-08-13T13:31:44.702+0000] {dagbag.py:545} INFO - Filling up the DagBag from /home/airflow/.local/lib/python3.12/site-packages/airflow/example_dags/example_dag_decorator.py
[2026-08-13T13:31:45.011+0000] {processor.py:840} INFO - DAG(s) 'example_dag_decorator' retrieved from /home/airflow/.local/lib/python3.12/site-packages/airflow/example_dags/example_dag_decorator.py
[2026-08-13T13:31:45.748+0000] {logging_mixin.py:188} INFO - [2026-08-13T13:31:45.747+0000] {dag.py:3089} INFO - Sync 1 DAGs
[2026-08-13T13:31:45.774+0000] {logging_mixin.py:188} INFO - [2026-08-13T13:31:45.773+0000] {dag.py:3947} INFO - Setting next_dagrun for example_dag_decorator to None, run_after=None
[2026-08-13T13:31:45.833+0000] {processor.py:183} INFO - Processing /home/airflow/.local/lib/python3.12/site-packages/airflow/example_dags/example_dag_decorator.py took 1.157 seconds
[2026-08-13T13:32:16.255+0000] {processor.py:161} INFO - Started process (PID=1116) to work on /home/airflow/.local/lib/python3.12/site-packages/airflow/example_dags/example_dag_decorator.py
[2026-08-13T13:32:16.261+0000] {processor.py:830} INFO - Processing file /home/airflow/.local/lib/python3.12/site-packages/airflow/example_dags/example_dag_decorator.py for tasks to queue
[2026-08-13T13:32:16.268+0000] {logging_mixin.py:188} INFO - [2026-08-13T13:32:16.267+0000] {dagbag.py:545} INFO - Filling up the DagBag from /home/airflow/.local/lib/python3.12/site-packages/airflow/example_dags/example_dag_decorator.py
[2026-08-13T13:32:16.542+0000] {processor.py:840} INFO - DAG(s) 'example_dag_decorator' retrieved from /home/airflow/.local/lib/python3.12/site-packages/airflow/example_dags/example_dag_decorator.py
[2026-08-13T13:32:17.254+0000] {logging_mixin.py:188} INFO - [2026-08-13T13:32:17.253+0000] {dag.py:3089} INFO - Sync 1 DAGs
[2026-08-13T13:32:17.288+0000] {logging_mixin.py:188} INFO - [2026-08-13T13:32:17.288+0000] {dag.py:3947} INFO - Setting next_dagrun for example_dag_decorator to None, run_after=None
[2026-08-13T13:32:17.342+0000] {processor.py:183} INFO - Processing /home/airflow/.local/lib/python3.12/site-packages/airflow/example_dags/example_dag_decorator.py took 1.107 seconds
[2026-08-13T13:32:50.798+0000] {processor.py:161} INFO - Started process (PID=1188) to work on /home/airflow/.local/lib/python3.12/site-packages/airflow/example_dags/example_dag_decorator.py
[2026-08-13T13:32:50.802+0000] {processor.py:830} INFO - Processing file /home/airflow/.local/lib/python3.12/site-packages/airflow/example_dags/example_dag_decorator.py for tasks to queue
[2026-08-13T13:32:50.807+0000] {logging_mixin.py:188} INFO - [2026-08-13T13:32:50.806+0000] {dagbag.py:545} INFO - Filling up the DagBag from /home/airflow/.local/lib/python3.12/site-packages/airflow/example_dags/example_dag_decorator.py
[2026-08-13T13:32:51.026+0000] {processor.py:840} INFO - DAG(s) 'example_dag_decorator' retrieved from /home/airflow/.local/lib/python3.12/site-packages/airflow/example_dags/example_dag_decorator.py
[2026-08-13T13:32:51.643+0000] {logging_mixin.py:188} INFO - [2026-08-13T13:32:51.643+0000] {dag.py:3089} INFO - Sync 1 DAGs
[2026-08-13T13:32:51.661+0000] {logging_mixin.py:188} INFO - [2026-08-13T13:32:51.660+0000] {dag.py:3947} INFO - Setting next_dagrun for example_dag_decorator to None, run_after=None
[2026-08-13T13:32:51.705+0000] {processor.py:183} INFO - Processing /home/airflow/.local/lib/python3.12/site-packages/airflow/example_dags/example_dag_decorator.py took 0.920 seconds
[2026-08-13T13:33:22.684+0000] {processor.py:161} INFO - Started process (PID=1261) to work on /home/airflow/.local/lib/python3.12/site-packages/airflow/example_dags/example_dag_decorator.py
[2026-08-13T13:33:22.687+0000] {processor.py:830} INFO - Processing file /home/airflow/.local/lib/python3.12/site-packages/airflow/example_dags/example_dag_decorator.py for tasks to queue
[2026-08-13T13:33:22.693+0000] {logging_mixin.py:188} INFO - [2026-08-13T13:33:22.692+0000] {dagbag.py:545} INFO - Filling up the DagBag from /home/airflow/.local/lib/python3.12/site-packages/airflow/example_dags/example_dag_decorator.py
[2026-08-13T13:33:22.903+0000] {processor.py:840} INFO - DAG(s) 'example_dag_decorator' retrieved from /home/airflow/.local/lib/python3.12/site-packages/airflow/example_dags/example_dag_decorator.py
[2026-08-13T13:33:23.476+0000] {logging_mixin.py:188} INFO - [2026-08-13T13:33:23.476+0000] {dag.py:3089} INFO - Sync 1 DAGs
[2026-08-13T13:33:23.494+0000] {logging_mixin.py:188} INFO - [2026-08-13T13:33:23.493+0000] {dag.py:3947} INFO - Setting next_dagrun for example_dag_decorator to None, run_after=None
[2026-08-13T13:33:23.537+0000] {processor.py:183} INFO - Processing /home/airflow/.local/lib/python3.12/site-packages/airflow/example_dags/example_dag_decorator.py took 0.869 seconds
[2026-08-13T13:33:58.372+0000] {processor.py:161} INFO - Started process (PID=1338) to work on /home/airflow/.local/lib/python3.12/site-packages/airflow/example_dags/example_dag_decorator.py
[2026-08-13T13:33:58.376+0000] {processor.py:830} INFO - Processing file /home/airflow/.local/lib/python3.12/site-packages/airflow/example_dags/example_dag_decorator.py for tasks to queue
[2026-08-13T13:33:58.386+0000] {logging_mixin.py:188} INFO - [2026-08-13T13:33:58.385+0000] {dagbag.py:545} INFO - Filling up the DagBag from /home/airflow/.local/lib/python3.12/site-packages/airflow/example_dags/example_dag_decorator.py
[2026-08-13T13:33:58.680+0000] {processor.py:840} INFO - DAG(s) 'example_dag_decorator' retrieved from /home/airflow/.local/lib/python3.12/site-packages/airflow/example_dags/example_dag_decorator.py
[2026-08-13T13:33:59.581+0000] {logging_mixin.py:188} INFO - [2026-08-13T13:33:59.580+0000] {dag.py:3089} INFO - Sync 1 DAGs
[2026-08-13T13:33:59.679+0000] {logging_mixin.py:188} INFO - [2026-08-13T13:33:59.677+0000] {dag.py:3947} INFO - Setting next_dagrun for example_dag_decorator to None, run_after=None
[2026-08-13T13:33:59.751+0000] {processor.py:183} INFO - Processing /home/airflow/.local/lib/python3.12/site-packages/airflow/example_dags/example_dag_decorator.py took 1.406 seconds
[2026-08-13T13:34:30.004+0000] {processor.py:161} INFO - Started process (PID=1411) to work on /home/airflow/.local/lib/python3.12/site-packages/airflow/example_dags/example_dag_decorator.py
[2026-08-13T13:34:30.008+0000] {processor.py:830} INFO - Processing file /home/airflow/.local/lib/python3.12/site-packages/airflow/example_dags/example_dag_decorator.py for tasks to queue
[2026-08-13T13:34:30.016+0000] {logging_mixin.py:188} INFO - [2026-08-13T13:34:30.015+0000] {dagbag.py:545} INFO - Filling up the DagBag from /home/airflow/.local/lib/python3.12/site-packages/airflow/example_dags/example_dag_decorator.py
[2026-08-13T13:34:30.403+0000] {processor.py:840} INFO - DAG(s) 'example_dag_decorator' retrieved from /home/airflow/.local/lib/python3.12/site-packages/airflow/example_dags/example_dag_decorator.py
[2026-08-13T13:34:30.462+0000] {logging_mixin.py:188} INFO - [2026-08-13T13:34:30.462+0000] {dag.py:3089} INFO - Sync 1 DAGs
[2026-08-13T13:34:30.490+0000] {logging_mixin.py:188} INFO - [2026-08-13T13:34:30.489+0000] {dag.py:3947} INFO - Setting next_dagrun for example_dag_decorator to None, run_after=None
[2026-08-13T13:34:30.926+0000] {processor.py:183} INFO - Processing /home/airflow/.local/lib/python3.12/site-packages/airflow/example_dags/example_dag_decorator.py took 0.941 seconds
[2026-08-13T13:35:01.497+0000] {processor.py:161} INFO - Started process (PID=1485) to work on /home/airflow/.local/lib/python3.12/site-packages/airflow/example_dags/example_dag_decorator.py
[2026-08-13T13:35:01.502+0000] {processor.py:830} INFO - Processing file /home/airflow/.local/lib/python3.12/site-packages/airflow/example_dags/example_dag_decorator.py for tasks to queue
[2026-08-13T13:35:01.511+0000] {logging_mixin.py:188} INFO - [2026-08-13T13:35:01.510+0000] {dagbag.py:545} INFO - Filling up the DagBag from /home/airflow/.local/lib/python3.12/site-packages/airflow/example_dags/example_dag_decorator.py
[2026-08-13T13:35:01.884+0000] {processor.py:840} INFO - DAG(s) 'example_dag_decorator' retrieved from /home/airflow/.local/lib/python3.12/site-packages/airflow/example_dags/example_dag_decorator.py
[2026-08-13T13:35:01.939+0000] {logging_mixin.py:188} INFO - [2026-08-13T13:35:01.938+0000] {dag.py:3089} INFO - Sync 1 DAGs
[2026-08-13T13:35:01.976+0000] {logging_mixin.py:188} INFO - [2026-08-13T13:35:01.975+0000] {dag.py:3947} INFO - Setting next_dagrun for example_dag_decorator to None, run_after=None
[2026-08-13T13:35:02.035+0000] {processor.py:183} INFO - Processing /home/airflow/.local/lib/python3.12/site-packages/airflow/example_dags/example_dag_decorator.py took 0.574 seconds
[2026-08-13T13:35:33.572+0000] {processor.py:161} INFO - Started process (PID=1555) to work on /home/airflow/.local/lib/python3.12/site-packages/airflow/example_dags/example_dag_decorator.py
[2026-08-13T13:35:33.575+0000] {processor.py:830} INFO - Processing file /home/airflow/.local/lib/python3.12/site-packages/airflow/example_dags/example_dag_decorator.py for tasks to queue
[2026-08-13T13:35:33.580+0000] {logging_mixin.py:188} INFO - [2026-08-13T13:35:33.579+0000] {dagbag.py:545} INFO - Filling up the DagBag from /home/airflow/.local/lib/python3.12/site-packages/airflow/example_dags/example_dag_decorator.py
[2026-08-13T13:35:33.796+0000] {processor.py:840} INFO - DAG(s) 'example_dag_decorator' retrieved from /home/airflow/.local/lib/python3.12/site-packages/airflow/example_dags/example_dag_decorator.py
[2026-08-13T13:35:34.375+0000] {logging_mixin.py:188} INFO - [2026-08-13T13:35:34.374+0000] {dag.py:3089} INFO - Sync 1 DAGs
[2026-08-13T13:35:34.396+0000] {logging_mixin.py:188} INFO - [2026-08-13T13:35:34.395+0000] {dag.py:3947} INFO - Setting next_dagrun for example_dag_decorator to None, run_after=None
[2026-08-13T13:35:34.436+0000] {processor.py:183} INFO - Processing /home/airflow/.local/lib/python3.12/site-packages/airflow/example_dags/example_dag_decorator.py took 0.877 seconds
[2026-08-13T13:36:05.582+0000] {processor.py:161} INFO - Started process (PID=1628) to work on /home/airflow/.local/lib/python3.12/site-packages/airflow/example_dags/example_dag_decorator.py
[2026-08-13T13:36:05.586+0000] {processor.py:830} INFO - Processing file /home/airflow/.local/lib/python3.12/site-packages/airflow/example_dags/example_dag_decorator.py for tasks to queue
[2026-08-13T13:36:05.595+0000] {logging_mixin.py:188} INFO - [2026-08-13T13:36:05.593+0000] {dagbag.py:545} INFO - Filling up the DagBag from /home/airflow/.local/lib/python3.12/site-packages/airflow/example_dags/example_dag_decorator.py
[2026-08-13T13:36:05.928+0000] {processor.py:840} INFO - DAG(s) 'example_dag_decorator' retrieved from /home/airflow/.local/lib/python3.12/site-packages/airflow/example_dags/example_dag_decorator.py
[2026-08-13T13:36:06.750+0000] {logging_mixin.py:188} INFO - [2026-08-13T13:36:06.750+0000] {dag.py:3089} INFO - Sync 1 DAGs
[2026-08-13T13:36:06.777+0000] {logging_mixin.py:188} INFO - [2026-08-13T13:36:06.777+0000] {dag.py:3947} INFO - Setting next_dagrun for example_dag_decorator to None, run_after=None
[2026-08-13T13:36:06.831+0000] {processor.py:183} INFO - Processing /home/airflow/.local/lib/python3.12/site-packages/airflow/example_dags/example_dag_decorator.py took 1.268 seconds
[2026-08-13T13:36:39.492+0000] {processor.py:161} INFO - Started process (PID=1701) to work on /home/airflow/.local/lib/python3.12/site-packages/airflow/example_dags/example_dag_decorator.py
[2026-08-13T13:36:39.498+0000] {processor.py:830} INFO - Processing file /home/airflow/.local/lib/python3.12/site-packages/airflow/example_dags/example_dag_decorator.py for tasks to queue
[2026-08-13T13:36:39.506+0000] {logging_mixin.py:188} INFO - [2026-08-13T13:36:39.504+0000] {dagbag.py:545} INFO - Filling up the DagBag from /home/airflow/.local/lib/python3.12/site-packages/airflow/example_dags/example_dag_decorator.py
[2026-08-13T13:36:39.914+0000] {processor.py:840} INFO - DAG(s) 'example_dag_decorator' retrieved from /home/airflow/.local/lib/python3.12/site-packages/airflow/example_dags/example_dag_decorator.py
[2026-08-13T13:36:40.714+0000] {logging_mixin.py:188} INFO - [2026-08-13T13:36:40.713+0000] {dag.py:3089} INFO - Sync 1 DAGs
[2026-08-13T13:36:40.741+0000] {logging_mixin.py:188} INFO - [2026-08-13T13:36:40.740+0000] {dag.py:3947} INFO - Setting next_dagrun for example_dag_decorator to None, run_after=None
[2026-08-13T13:36:40.786+0000] {processor.py:183} INFO - Processing /home/airflow/.local/lib/python3.12/site-packages/airflow/example_dags/example_dag_decorator.py took 1.326 seconds
[2026-08-13T13:37:11.020+0000] {processor.py:161} INFO - Started process (PID=1774) to work on /home/airflow/.local/lib/python3.12/site-packages/airflow/example_dags/example_dag_decorator.py
[2026-08-13T13:37:11.024+0000] {processor.py:830} INFO - Processing file /home/airflow/.local/lib/python3.12/site-packages/airflow/example_dags/example_dag_decorator.py for tasks to queue
[2026-08-13T13:37:11.031+0000] {logging_mixin.py:188} INFO - [2026-08-13T13:37:11.030+0000] {dagbag.py:545} INFO - Filling up the DagBag from /home/airflow/.local/lib/python3.12/site-packages/airflow/example_dags/example_dag_decorator.py
[2026-08-13T13:37:11.318+0000] {processor.py:840} INFO - DAG(s) 'example_dag_decorator' retrieved from /home/airflow/.local/lib/python3.12/site-packages/airflow/example_dags/example_dag_decorator.py
[2026-08-13T13:37:11.982+0000] {logging_mixin.py:188} INFO - [2026-08-13T13:37:11.981+0000] {dag.py:3089} INFO - Sync 1 DAGs
[2026-08-13T13:37:12.004+0000] {logging_mixin.py:188} INFO - [2026-08-13T13:37:12.003+0000] {dag.py:3947} INFO - Setting next_dagrun for example_dag_decorator to None, run_after=None
[2026-08-13T13:37:12.047+0000] {processor.py:183} INFO - Processing /home/airflow/.local/lib/python3.12/site-packages/airflow/example_dags/example_dag_decorator.py took 1.043 seconds
[2026-08-13T13:37:44.901+0000] {processor.py:161} INFO - Started process (PID=1849) to work on /home/airflow/.local/lib/python3.12/site-packages/airflow/example_dags/example_dag_decorator.py
[2026-08-13T13:37:44.903+0000] {processor.py:830} INFO - Processing file /home/airflow/.local/lib/python3.12/site-packages/airflow/example_dags/example_dag_decorator.py for tasks to queue
[2026-08-13T13:37:44.908+0000] {logging_mixin.py:188} INFO - [2026-08-13T13:37:44.908+0000] {dagbag.py:545} INFO - Filling up the DagBag from /home/airflow/.local/lib/python3.12/site-packages/airflow/example_dags/example_dag_decorator.py
[2026-08-13T13:37:45.101+0000] {processor.py:840} INFO - DAG(s) 'example_dag_decorator' retrieved from /home/airflow/.local/lib/python3.12/site-packages/airflow/example_dags/example_dag_decorator.py
[2026-08-13T13:37:45.646+0000] {logging_mixin.py:188} INFO - [2026-08-13T13:37:45.645+0000] {dag.py:3089} INFO - Sync 1 DAGs
[2026-08-13T13:37:45.665+0000] {logging_mixin.py:188} INFO - [2026-08-13T13:37:45.665+0000] {dag.py:3947} INFO - Setting next_dagrun for example_dag_decorator to None, run_after=None
[2026-08-13T13:37:45.707+0000] {processor.py:183} INFO - Processing /home/airflow/.local/lib/python3.12/site-packages/airflow/example_dags/example_dag_decorator.py took 0.816 seconds
[2026-08-13T13:38:17.271+0000] {processor.py:161} INFO - Started process (PID=1924) to work on /home/airflow/.local/lib/python3.12/site-packages/airflow/example_dags/example_dag_decorator.py
[2026-08-13T13:38:17.276+0000] {processor.py:830} INFO - Processing file /home/airflow/.local/lib/python3.12/site-packages/airflow/example_dags/example_dag_decorator.py for tasks to queue
[2026-08-13T13:38:17.286+0000] {logging_mixin.py:188} INFO - [2026-08-13T13:38:17.284+0000] {dagbag.py:545} INFO - Filling up the DagBag from /home/airflow/.local/lib/python3.12/site-packages/airflow/example_dags/example_dag_decorator.py
[2026-08-13T13:38:18.095+0000] {processor.py:840} INFO - DAG(s) 'example_dag_decorator' retrieved from /home/airflow/.local/lib/python3.12/site-packages/airflow/example_dags/example_dag_decorator.py
[2026-08-13T13:38:18.367+0000] {logging_mixin.py:188} INFO - [2026-08-13T13:38:18.366+0000] {dag.py:3089} INFO - Sync 1 DAGs
[2026-08-13T13:38:18.401+0000] {logging_mixin.py:188} INFO - [2026-08-13T13:38:18.401+0000] {dag.py:3947} INFO - Setting next_dagrun for example_dag_decorator to None, run_after=None
[2026-08-13T13:38:18.529+0000] {processor.py:183} INFO - Processing /home/airflow/.local/lib/python3.12/site-packages/airflow/example_dags/example_dag_decorator.py took 1.278 seconds
[2026-08-13T13:38:51.465+0000] {processor.py:161} INFO - Started process (PID=1997) to work on /home/airflow/.local/lib/python3.12/site-packages/airflow/example_dags/example_dag_decorator.py
[2026-08-13T13:38:51.469+0000] {processor.py:830} INFO - Processing file /home/airflow/.local/lib/python3.12/site-packages/airflow/example_dags/example_dag_decorator.py for tasks to queue
[2026-08-13T13:38:51.475+0000] {logging_mixin.py:188} INFO - [2026-08-13T13:38:51.474+0000] {dagbag.py:545} INFO - Filling up the DagBag from /home/airflow/.local/lib/python3.12/site-packages/airflow/example_dags/example_dag_decorator.py
[2026-08-13T13:38:52.034+0000] {processor.py:840} INFO - DAG(s) 'example_dag_decorator' retrieved from /home/airflow/.local/lib/python3.12/site-packages/airflow/example_dags/example_dag_decorator.py
[2026-08-13T13:38:52.212+0000] {logging_mixin.py:188} INFO - [2026-08-13T13:38:52.212+0000] {dag.py:3089} INFO - Sync 1 DAGs
[2026-08-13T13:38:52.228+0000] {logging_mixin.py:188} INFO - [2026-08-13T13:38:52.228+0000] {dag.py:3947} INFO - Setting next_dagrun for example_dag_decorator to None, run_after=None
[2026-08-13T13:38:52.267+0000] {processor.py:183} INFO - Processing /home/airflow/.local/lib/python3.12/site-packages/airflow/example_dags/example_dag_decorator.py took 0.817 seconds
[2026-08-13T13:39:24.724+0000] {processor.py:161} INFO - Started process (PID=2071) to work on /home/airflow/.local/lib/python3.12/site-packages/airflow/example_dags/example_dag_decorator.py
[2026-08-13T13:39:24.728+0000] {processor.py:830} INFO - Processing file /home/airflow/.local/lib/python3.12/site-packages/airflow/example_dags/example_dag_decorator.py for tasks to queue
[2026-08-13T13:39:24.741+0000] {logging_mixin.py:188} INFO - [2026-08-13T13:39:24.740+0000] {dagbag.py:545} INFO - Filling up the DagBag from /home/airflow/.local/lib/python3.12/site-packages/airflow/example_dags/example_dag_decorator.py
[2026-08-13T13:39:25.630+0000] {processor.py:840} INFO - DAG(s) 'example_dag_decorator' retrieved from /home/airflow/.local/lib/python3.12/site-packages/airflow/example_dags/example_dag_decorator.py
[2026-08-13T13:39:25.959+0000] {logging_mixin.py:188} INFO - [2026-08-13T13:39:25.958+0000] {dag.py:3089} INFO - Sync 1 DAGs
[2026-08-13T13:39:25.986+0000] {logging_mixin.py:188} INFO - [2026-08-13T13:39:25.985+0000] {dag.py:3947} INFO - Setting next_dagrun for example_dag_decorator to None, run_after=None
[2026-08-13T13:39:26.048+0000] {processor.py:183} INFO - Processing /home/airflow/.local/lib/python3.12/site-packages/airflow/example_dags/example_dag_decorator.py took 1.343 seconds
[2026-08-13T13:39:57.819+0000] {processor.py:161} INFO - Started process (PID=2144) to work on /home/airflow/.local/lib/python3.12/site-packages/airflow/example_dags/example_dag_decorator.py
[2026-08-13T13:39:57.822+0000] {processor.py:830} INFO - Processing file /home/airflow/.local/lib/python3.12/site-packages/airflow/example_dags/example_dag_decorator.py for tasks to queue
[2026-08-13T13:39:57.829+0000] {logging_mixin.py:188} INFO - [2026-08-13T13:39:57.827+0000] {dagbag.py:545} INFO - Filling up the DagBag from /home/airflow/.local/lib/python3.12/site-packages/airflow/example_dags/example_dag_decorator.py
[2026-08-13T13:39:58.441+0000] {processor.py:840} INFO - DAG(s) 'example_dag_decorator' retrieved from /home/airflow/.local/lib/python3.12/site-packages/airflow/example_dags/example_dag_decorator.py
[2026-08-13T13:39:58.674+0000] {logging_mixin.py:188} INFO - [2026-08-13T13:39:58.674+0000] {dag.py:3089} INFO - Sync 1 DAGs
[2026-08-13T13:39:58.699+0000] {logging_mixin.py:188} INFO - [2026-08-13T13:39:58.698+0000] {dag.py:3947} INFO - Setting next_dagrun for example_dag_decorator to None, run_after=None
[2026-08-13T13:39:58.745+0000] {processor.py:183} INFO - Processing /home/airflow/.local/lib/python3.12/site-packages/airflow/example_dags/example_dag_decorator.py took 0.938 seconds
[2026-08-13T13:40:31.087+0000] {processor.py:161} INFO - Started process (PID=2216) to work on /home/airflow/.local/lib/python3.12/site-packages/airflow/example_dags/example_dag_decorator.py
[2026-08-13T13:40:31.090+0000] {processor.py:830} INFO - Processing file /home/airflow/.local/lib/python3.12/site-packages/airflow/example_dags/example_dag_decorator.py for tasks to queue
[2026-08-13T13:40:31.094+0000] {logging_mixin.py:188} INFO - [2026-08-13T13:40:31.094+0000] {dagbag.py:545} INFO - Filling up the DagBag from /home/airflow/.local/lib/python3.12/site-packages/airflow/example_dags/example_dag_decorator.py
[2026-08-13T13:40:31.536+0000] {processor.py:840} INFO - DAG(s) 'example_dag_decorator' retrieved from /home/airflow/.local/lib/python3.12/site-packages/airflow/example_dags/example_dag_decorator.py
[2026-08-13T13:40:31.694+0000] {logging_mixin.py:188} INFO - [2026-08-13T13:40:31.693+0000] {dag.py:3089} INFO - Sync 1 DAGs
[2026-08-13T13:40:31.709+0000] {logging_mixin.py:188} INFO - [2026-08-13T13:40:31.708+0000] {dag.py:3947} INFO - Setting next_dagrun for example_dag_decorator to None, run_after=None
[2026-08-13T13:40:31.737+0000] {processor.py:183} INFO - Processing /home/airflow/.local/lib/python3.12/site-packages/airflow/example_dags/example_dag_decorator.py took 0.659 seconds
[2026-08-13T13:41:05.837+0000] {processor.py:161} INFO - Started process (PID=2289) to work on /home/airflow/.local/lib/python3.12/site-packages/airflow/example_dags/example_dag_decorator.py
[2026-08-13T13:41:05.844+0000] {processor.py:830} INFO - Processing file /home/airflow/.local/lib/python3.12/site-packages/airflow/example_dags/example_dag_decorator.py for tasks to queue
[2026-08-13T13:41:05.850+0000] {logging_mixin.py:188} INFO - [2026-08-13T13:41:05.849+0000] {dagbag.py:545} INFO - Filling up the DagBag from /home/airflow/.local/lib/python3.12/site-packages/airflow/example_dags/example_dag_decorator.py
[2026-08-13T13:41:06.474+0000] {processor.py:840} INFO - DAG(s) 'example_dag_decorator' retrieved from /home/airflow/.local/lib/python3.12/site-packages/airflow/example_dags/example_dag_decorator.py
[2026-08-13T13:41:06.514+0000] {logging_mixin.py:188} INFO - [2026-08-13T13:41:06.513+0000] {dag.py:3089} INFO - Sync 1 DAGs
[2026-08-13T13:41:06.540+0000] {logging_mixin.py:188} INFO - [2026-08-13T13:41:06.540+0000] {dag.py:3947} INFO - Setting next_dagrun for example_dag_decorator to None, run_after=None
[2026-08-13T13:41:06.599+0000] {processor.py:183} INFO - Processing /home/airflow/.local/lib/python3.12/site-packages/airflow/example_dags/example_dag_decorator.py took 0.779 seconds
[2026-08-13T13:41:41.241+0000] {processor.py:161} INFO - Started process (PID=2364) to work on /home/airflow/.local/lib/python3.12/site-packages/airflow/example_dags/example_dag_decorator.py
[2026-08-13T13:41:41.244+0000] {processor.py:830} INFO - Processing file /home/airflow/.local/lib/python3.12/site-packages/airflow/example_dags/example_dag_decorator.py for tasks to queue
[2026-08-13T13:41:41.256+0000] {logging_mixin.py:188} INFO - [2026-08-13T13:41:41.254+0000] {dagbag.py:545} INFO - Filling up the DagBag from /home/airflow/.local/lib/python3.12/site-packages/airflow/example_dags/example_dag_decorator.py
[2026-08-13T13:41:42.086+0000] {processor.py:840} INFO - DAG(s) 'example_dag_decorator' retrieved from /home/airflow/.local/lib/python3.12/site-packages/airflow/example_dags/example_dag_decorator.py
[2026-08-13T13:41:42.274+0000] {logging_mixin.py:188} INFO - [2026-08-13T13:41:42.274+0000] {dag.py:3089} INFO - Sync 1 DAGs
[2026-08-13T13:41:42.292+0000] {logging_mixin.py:188} INFO - [2026-08-13T13:41:42.292+0000] {dag.py:3947} INFO - Setting next_dagrun for example_dag_decorator to None, run_after=None
[2026-08-13T13:41:42.340+0000] {processor.py:183} INFO - Processing /home/airflow/.local/lib/python3.12/site-packages/airflow/example_dags/example_dag_decorator.py took 1.135 seconds
[2026-08-13T13:42:13.224+0000] {processor.py:161} INFO - Started process (PID=2437) to work on /home/airflow/.local/lib/python3.12/site-packages/airflow/example_dags/example_dag_decorator.py
[2026-08-13T13:42:13.228+0000] {processor.py:830} INFO - Processing file /home/airflow/.local/lib/python3.12/site-packages/airflow/example_dags/example_dag_decorator.py for tasks to queue
[2026-08-13T13:42:13.236+0000] {logging_mixin.py:188} INFO - [2026-08-13T13:42:13.235+0000] {dagbag.py:545} INFO - Filling up the DagBag from /home/airflow/.local/lib/python3.12/site-packages/airflow/example_dags/example_dag_decorator.py
[2026-08-13T13:42:13.928+0000] {processor.py:840} INFO - DAG(s) 'example_dag_decorator' retrieved from /home/airflow/.local/lib/python3.12/site-packages/airflow/example_dags/example_dag_decorator.py
[2026-08-13T13:42:14.157+0000] {logging_mixin.py:188} INFO - [2026-08-13T13:42:14.156+0000] {dag.py:3089} INFO - Sync 1 DAGs
[2026-08-13T13:42:14.186+0000] {logging_mixin.py:188} INFO - [2026-08-13T13:42:14.186+0000] {dag.py:3947} INFO - Setting next_dagrun for example_dag_decorator to None, run_after=None
[2026-08-13T13:42:14.240+0000] {processor.py:183} INFO - Processing /home/airflow/.local/lib/python3.12/site-packages/airflow/example_dags/example_dag_decorator.py took 1.072 seconds
[2026-08-13T13:42:44.754+0000] {processor.py:161} INFO - Started process (PID=2510) to work on /home/airflow/.local/lib/python3.12/site-packages/airflow/example_dags/example_dag_decorator.py
[2026-08-13T13:42:44.760+0000] {processor.py:830} INFO - Processing file /home/airflow/.local/lib/python3.12/site-packages/airflow/example_dags/example_dag_decorator.py for tasks to queue
[2026-08-13T13:42:44.765+0000] {logging_mixin.py:188} INFO - [2026-08-13T13:42:44.764+0000] {dagbag.py:545} INFO - Filling up the DagBag from /home/airflow/.local/lib/python3.12/site-packages/airflow/example_dags/example_dag_decorator.py
[2026-08-13T13:42:44.983+0000] {processor.py:840} INFO - DAG(s) 'example_dag_decorator' retrieved from /home/airflow/.local/lib/python3.12/site-packages/airflow/example_dags/example_dag_decorator.py
[2026-08-13T13:42:45.221+0000] {logging_mixin.py:188} INFO - [2026-08-13T13:42:45.221+0000] {dag.py:3089} INFO - Sync 1 DAGs
[2026-08-13T13:42:45.243+0000] {logging_mixin.py:188} INFO - [2026-08-13T13:42:45.242+0000] {dag.py:3947} INFO - Setting next_dagrun for example_dag_decorator to None, run_after=None
[2026-08-13T13:42:45.284+0000] {processor.py:183} INFO - Processing /home/airflow/.local/lib/python3.12/site-packages/airflow/example_dags/example_dag_decorator.py took 0.543 seconds
[2026-08-13T13:43:15.543+0000] {processor.py:161} INFO - Started process (PID=2576) to work on /home/airflow/.local/lib/python3.12/site-packages/airflow/example_dags/example_dag_decorator.py
[2026-08-13T13:43:15.548+0000] {processor.py:830} INFO - Processing file /home/airflow/.local/lib/python3.12/site-packages/airflow/example_dags/example_dag_decorator.py for tasks to queue
[2026-08-13T13:43:15.560+0000] {logging_mixin.py:188} INFO - [2026-08-13T13:43:15.559+0000] {dagbag.py:545} INFO - Filling up the DagBag from /home/airflow/.local/lib/python3.12/site-packages/airflow/example_dags/example_dag_decorator.py
[2026-08-13T13:43:15.908+0000] {processor.py:840} INFO - DAG(s) 'example_dag_decorator' retrieved from /home/airflow/.local/lib/python3.12/site-packages/airflow/example_dags/example_dag_decorator.py
[2026-08-13T13:43:16.251+0000] {logging_mixin.py:188} INFO - [2026-08-13T13:43:16.250+0000] {dag.py:3089} INFO - Sync 1 DAGs
[2026-08-13T13:43:16.274+0000] {logging_mixin.py:188} INFO - [2026-08-13T13:43:16.274+0000] {dag.py:3947} INFO - Setting next_dagrun for example_dag_decorator to None, run_after=None
[2026-08-13T13:43:16.319+0000] {processor.py:183} INFO - Processing /home/airflow/.local/lib/python3.12/site-packages/airflow/example_dags/example_dag_decorator.py took 0.793 seconds
[2026-08-13T13:43:46.507+0000] {processor.py:161} INFO - Started process (PID=2648) to work on /home/airflow/.local/lib/python3.12/site-packages/airflow/example_dags/example_dag_decorator.py
[2026-08-13T13:43:46.511+0000] {processor.py:830} INFO - Processing file /home/airflow/.local/lib/python3.12/site-packages/airflow/example_dags/example_dag_decorator.py for tasks to queue
[2026-08-13T13:43:46.517+0000] {logging_mixin.py:188} INFO - [2026-08-13T13:43:46.516+0000] {dagbag.py:545} INFO - Filling up the DagBag from /home/airflow/.local/lib/python3.12/site-packages/airflow/example_dags/example_dag_decorator.py
[2026-08-13T13:43:46.763+0000] {processor.py:840} INFO - DAG(s) 'example_dag_decorator' retrieved from /home/airflow/.local/lib/python3.12/site-packages/airflow/example_dags/example_dag_decorator.py
[2026-08-13T13:43:47.087+0000] {logging_mixin.py:188} INFO - [2026-08-13T13:43:47.086+0000] {dag.py:3089} INFO - Sync 1 DAGs
[2026-08-13T13:43:47.120+0000] {logging_mixin.py:188} INFO - [2026-08-13T13:43:47.119+0000] {dag.py:3947} INFO - Setting next_dagrun for example_dag_decorator to None, run_after=None
[2026-08-13T13:43:47.173+0000] {processor.py:183} INFO - Processing /home/airflow/.local/lib/python3.12/site-packages/airflow/example_dags/example_dag_decorator.py took 0.680 seconds
[2026-08-13T13:44:17.521+0000] {processor.py:161} INFO - Started process (PID=2722) to work on /home/airflow/.local/lib/python3.12/site-packages/airflow/example_dags/example_dag_decorator.py
[2026-08-13T13:44:17.527+0000] {processor.py:830} INFO - Processing file /home/airflow/.local/lib/python3.12/site-packages/airflow/example_dags/example_dag_decorator.py for tasks to queue
[2026-08-13T13:44:17.535+0000] {logging_mixin.py:188} INFO - [2026-08-13T13:44:17.533+0000] {dagbag.py:545} INFO - Filling up the DagBag from /home/airflow/.local/lib/python3.12/site-packages/airflow/example_dags/example_dag_decorator.py
[2026-08-13T13:44:17.855+0000] {processor.py:840} INFO - DAG(s) 'example_dag_decorator' retrieved from /home/airflow/.local/lib/python3.12/site-packages/airflow/example_dags/example_dag_decorator.py
[2026-08-13T13:44:18.135+0000] {logging_mixin.py:188} INFO - [2026-08-13T13:44:18.134+0000] {dag.py:3089} INFO - Sync 1 DAGs
[2026-08-13T13:44:18.162+0000] {logging_mixin.py:188} INFO - [2026-08-13T13:44:18.162+0000] {dag.py:3947} INFO - Setting next_dagrun for example_dag_decorator to None, run_after=None
[2026-08-13T13:44:18.226+0000] {processor.py:183} INFO - Processing /home/airflow/.local/lib/python3.12/site-packages/airflow/example_dags/example_dag_decorator.py took 0.735 seconds
[2026-08-13T13:44:48.647+0000] {processor.py:161} INFO - Started process (PID=2796) to work on /home/airflow/.local/lib/python3.12/site-packages/airflow/example_dags/example_dag_decorator.py
[2026-08-13T13:44:48.650+0000] {processor.py:830} INFO - Processing file /home/airflow/.local/lib/python3.12/site-packages/airflow/example_dags/example_dag_decorator.py for tasks to queue
[2026-08-13T13:44:48.656+0000] {logging_mixin.py:188} INFO - [2026-08-13T13:44:48.655+0000] {dagbag.py:545} INFO - Filling up the DagBag from /home/airflow/.local/lib/python3.12/site-packages/airflow/example_dags/example_dag_decorator.py
[2026-08-13T13:44:48.884+0000] {processor.py:840} INFO - DAG(s) 'example_dag_decorator' retrieved from /home/airflow/.local/lib/python3.12/site-packages/airflow/example_dags/example_dag_decorator.py
[2026-08-13T13:44:49.086+0000] {logging_mixin.py:188} INFO - [2026-08-13T13:44:49.085+0000] {dag.py:3089} INFO - Sync 1 DAGs
[2026-08-13T13:44:49.112+0000] {logging_mixin.py:188} INFO - [2026-08-13T13:44:49.111+0000] {dag.py:3947} INFO - Setting next_dagrun for example_dag_decorator to None, run_after=None
[2026-08-13T13:44:49.151+0000] {processor.py:183} INFO - Processing /home/airflow/.local/lib/python3.12/site-packages/airflow/example_dags/example_dag_decorator.py took 0.521 seconds
[2026-08-13T13:45:19.478+0000] {processor.py:161} INFO - Started process (PID=2869) to work on /home/airflow/.local/lib/python3.12/site-packages/airflow/example_dags/example_dag_decorator.py
[2026-08-13T13:45:19.481+0000] {processor.py:830} INFO - Processing file /home/airflow/.local/lib/python3.12/site-packages/airflow/example_dags/example_dag_decorator.py for tasks to queue
[2026-08-13T13:45:19.485+0000] {logging_mixin.py:188} INFO - [2026-08-13T13:45:19.484+0000] {dagbag.py:545} INFO - Filling up the DagBag from /home/airflow/.local/lib/python3.12/site-packages/airflow/example_dags/example_dag_decorator.py
[2026-08-13T13:45:19.694+0000] {processor.py:840} INFO - DAG(s) 'example_dag_decorator' retrieved from /home/airflow/.local/lib/python3.12/site-packages/airflow/example_dags/example_dag_decorator.py
[2026-08-13T13:45:20.008+0000] {logging_mixin.py:188} INFO - [2026-08-13T13:45:20.007+0000] {dag.py:3089} INFO - Sync 1 DAGs
[2026-08-13T13:45:20.038+0000] {logging_mixin.py:188} INFO - [2026-08-13T13:45:20.037+0000] {dag.py:3947} INFO - Setting next_dagrun for example_dag_decorator to None, run_after=None
[2026-08-13T13:45:20.126+0000] {processor.py:183} INFO - Processing /home/airflow/.local/lib/python3.12/site-packages/airflow/example_dags/example_dag_decorator.py took 0.657 seconds
[2026-08-13T13:45:51.698+0000] {processor.py:161} INFO - Started process (PID=2940) to work on /home/airflow/.local/lib/python3.12/site-packages/airflow/example_dags/example_dag_decorator.py
[2026-08-13T13:45:51.702+0000] {processor.py:830} INFO - Processing file /home/airflow/.local/lib/python3.12/site-packages/airflow/example_dags/example_dag_decorator.py for tasks to queue
[2026-08-13T13:45:51.709+0000] {logging_mixin.py:188} INFO - [2026-08-13T13:45:51.707+0000] {dagbag.py:545} INFO - Filling up the DagBag from /home/airflow/.local/lib/python3.12/site-packages/airflow/example_dags/example_dag_decorator.py
[2026-08-13T13:45:51.981+0000] {processor.py:840} INFO - DAG(s) 'example_dag_decorator' retrieved from /home/airflow/.local/lib/python3.12/site-packages/airflow/example_dags/example_dag_decorator.py
[2026-08-13T13:45:52.242+0000] {logging_mixin.py:188} INFO - [2026-08-13T13:45:52.241+0000] {dag.py:3089} INFO - Sync 1 DAGs
[2026-08-13T13:45:52.275+0000] {logging_mixin.py:188} INFO - [2026-08-13T13:45:52.275+0000] {dag.py:3947} INFO - Setting next_dagrun for example_dag_decorator to None, run_after=None
[2026-08-13T13:45:52.344+0000] {processor.py:183} INFO - Processing /home/airflow/.local/lib/python3.12/site-packages/airflow/example_dags/example_dag_decorator.py took 0.663 seconds
[2026-08-13T13:46:23.707+0000] {processor.py:161} INFO - Started process (PID=3014) to work on /home/airflow/.local/lib/python3.12/site-packages/airflow/example_dags/example_dag_decorator.py
[2026-08-13T13:46:23.711+0000] {processor.py:830} INFO - Processing file /home/airflow/.local/lib/python3.12/site-packages/airflow/example_dags/example_dag_decorator.py for tasks to queue
[2026-08-13T13:46:23.718+0000] {logging_mixin.py:188} INFO - [2026-08-13T13:46:23.716+0000] {dagbag.py:545} INFO - Filling up the DagBag from /home/airflow/.local/lib/python3.12/site-packages/airflow/example_dags/example_dag_decorator.py
[2026-08-13T13:46:23.963+0000] {processor.py:840} INFO - DAG(s) 'example_dag_decorator' retrieved from /home/airflow/.local/lib/python3.12/site-packages/airflow/example_dags/example_dag_decorator.py
[2026-08-13T13:46:24.238+0000] {logging_mixin.py:188} INFO - [2026-08-13T13:46:24.237+0000] {dag.py:3089} INFO - Sync 1 DAGs
[2026-08-13T13:46:24.263+0000] {logging_mixin.py:188} INFO - [2026-08-13T13:46:24.263+0000] {dag.py:3947} INFO - Setting next_dagrun for example_dag_decorator to None, run_after=None
[2026-08-13T13:46:24.326+0000] {processor.py:183} INFO - Processing /home/airflow/.local/lib/python3.12/site-packages/airflow/example_dags/example_dag_decorator.py took 0.636 seconds
[2026-08-13T13:46:54.757+0000] {processor.py:161} INFO - Started process (PID=3089) to work on /home/airflow/.local/lib/python3.12/site-packages/airflow/example_dags/example_dag_decorator.py
[2026-08-13T13:46:54.760+0000] {processor.py:830} INFO - Processing file /home/airflow/.local/lib/python3.12/site-packages/airflow/example_dags/example_dag_decorator.py for tasks to queue
[2026-08-13T13:46:54.773+0000] {logging_mixin.py:188} INFO - [2026-08-13T13:46:54.772+0000] {dagbag.py:545} INFO - Filling up the DagBag from /home/airflow/.local/lib/python3.12/site-packages/airflow/example_dags/example_dag_decorator.py
[2026-08-13T13:46:55.150+0000] {processor.py:840} INFO - DAG(s) 'example_dag_decorator' retrieved from /home/airflow/.local/lib/python3.12/site-packages/airflow/example_dags/example_dag_decorator.py
[2026-08-13T13:46:55.528+0000] {logging_mixin.py:188} INFO - [2026-08-13T13:46:55.527+0000] {dag.py:3089} INFO - Sync 1 DAGs
[2026-08-13T13:46:55.567+0000] {logging_mixin.py:188} INFO - [2026-08-13T13:46:55.566+0000] {dag.py:3947} INFO - Setting next_dagrun for example_dag_decorator to None, run_after=None
[2026-08-13T13:46:55.638+0000] {processor.py:183} INFO - Processing /home/airflow/.local/lib/python3.12/site-packages/airflow/example_dags/example_dag_decorator.py took 0.901 seconds
[2026-08-13T13:47:25.992+0000] {processor.py:161} INFO - Started process (PID=3161) to work on /home/airflow/.local/lib/python3.12/site-packages/airflow/example_dags/example_dag_decorator.py
[2026-08-13T13:47:25.995+0000] {processor.py:830} INFO - Processing file /home/airflow/.local/lib/python3.12/site-packages/airflow/example_dags/example_dag_decorator.py for tasks to queue
[2026-08-13T13:47:26.000+0000] {logging_mixin.py:188} INFO - [2026-08-13T13:47:25.999+0000] {dagbag.py:545} INFO - Filling up the DagBag from /home/airflow/.local/lib/python3.12/site-packages/airflow/example_dags/example_dag_decorator.py
[2026-08-13T13:47:26.258+0000] {processor.py:840} INFO - DAG(s) 'example_dag_decorator' retrieved from /home/airflow/.local/lib/python3.12/site-packages/airflow/example_dags/example_dag_decorator.py
[2026-08-13T13:47:26.488+0000] {logging_mixin.py:188} INFO - [2026-08-13T13:47:26.487+0000] {dag.py:3089} INFO - Sync 1 DAGs
[2026-08-13T13:47:26.523+0000] {logging_mixin.py:188} INFO - [2026-08-13T13:47:26.523+0000] {dag.py:3947} INFO - Setting next_dagrun for example_dag_decorator to None, run_after=None
[2026-08-13T13:47:26.589+0000] {processor.py:183} INFO - Processing /home/airflow/.local/lib/python3.12/site-packages/airflow/example_dags/example_dag_decorator.py took 0.611 seconds
[2026-08-13T13:47:57.272+0000] {processor.py:161} INFO - Started process (PID=3233) to work on /home/airflow/.local/lib/python3.12/site-packages/airflow/example_dags/example_dag_decorator.py
[2026-08-13T13:47:57.275+0000] {processor.py:830} INFO - Processing file /home/airflow/.local/lib/python3.12/site-packages/airflow/example_dags/example_dag_decorator.py for tasks to queue
[2026-08-13T13:47:57.280+0000] {logging_mixin.py:188} INFO - [2026-08-13T13:47:57.279+0000] {dagbag.py:545} INFO - Filling up the DagBag from /home/airflow/.local/lib/python3.12/site-packages/airflow/example_dags/example_dag_decorator.py
[2026-08-13T13:47:57.494+0000] {processor.py:840} INFO - DAG(s) 'example_dag_decorator' retrieved from /home/airflow/.local/lib/python3.12/site-packages/airflow/example_dags/example_dag_decorator.py
[2026-08-13T13:47:57.721+0000] {logging_mixin.py:188} INFO - [2026-08-13T13:47:57.721+0000] {dag.py:3089} INFO - Sync 1 DAGs
[2026-08-13T13:47:57.747+0000] {logging_mixin.py:188} INFO - [2026-08-13T13:47:57.746+0000] {dag.py:3947} INFO - Setting next_dagrun for example_dag_decorator to None, run_after=None
[2026-08-13T13:47:57.796+0000] {processor.py:183} INFO - Processing /home/airflow/.local/lib/python3.12/site-packages/airflow/example_dags/example_dag_decorator.py took 0.539 seconds
[2026-08-13T13:48:28.035+0000] {processor.py:161} INFO - Started process (PID=3298) to work on /home/airflow/.local/lib/python3.12/site-packages/airflow/example_dags/example_dag_decorator.py
[2026-08-13T13:48:28.038+0000] {processor.py:830} INFO - Processing file /home/airflow/.local/lib/python3.12/site-packages/airflow/example_dags/example_dag_decorator.py for tasks to queue
[2026-08-13T13:48:28.045+0000] {logging_mixin.py:188} INFO - [2026-08-13T13:48:28.044+0000] {dagbag.py:545} INFO - Filling up the DagBag from /home/airflow/.local/lib/python3.12/site-packages/airflow/example_dags/example_dag_decorator.py
[2026-08-13T13:48:28.280+0000] {processor.py:840} INFO - DAG(s) 'example_dag_decorator' retrieved from /home/airflow/.local/lib/python3.12/site-packages/airflow/example_dags/example_dag_decorator.py
[2026-08-13T13:48:28.540+0000] {logging_mixin.py:188} INFO - [2026-08-13T13:48:28.539+0000] {dag.py:3089} INFO - Sync 1 DAGs
[2026-08-13T13:48:28.578+0000] {logging_mixin.py:188} INFO - [2026-08-13T13:48:28.577+0000] {dag.py:3947} INFO - Setting next_dagrun for example_dag_decorator to None, run_after=None
[2026-08-13T13:48:28.625+0000] {processor.py:183} INFO - Processing /home/airflow/.local/lib/python3.12/site-packages/airflow/example_dags/example_dag_decorator.py took 0.604 seconds
[2026-08-13T13:48:58.883+0000] {processor.py:161} INFO - Started process (PID=3368) to work on /home/airflow/.local/lib/python3.12/site-packages/airflow/example_dags/example_dag_decorator.py
[2026-08-13T13:48:58.887+0000] {processor.py:830} INFO - Processing file /home/airflow/.local/lib/python3.12/site-packages/airflow/example_dags/example_dag_decorator.py for tasks to queue
[2026-08-13T13:48:58.892+0000] {logging_mixin.py:188} INFO - [2026-08-13T13:48:58.891+0000] {dagbag.py:545} INFO - Filling up the DagBag from /home/airflow/.local/lib/python3.12/site-packages/airflow/example_dags/example_dag_decorator.py
[2026-08-13T13:48:59.141+0000] {processor.py:840} INFO - DAG(s) 'example_dag_decorator' retrieved from /home/airflow/.local/lib/python3.12/site-packages/airflow/example_dags/example_dag_decorator.py
[2026-08-13T13:48:59.428+0000] {logging_mixin.py:188} INFO - [2026-08-13T13:48:59.428+0000] {dag.py:3089} INFO - Sync 1 DAGs
[2026-08-13T13:48:59.461+0000] {logging_mixin.py:188} INFO - [2026-08-13T13:48:59.460+0000] {dag.py:3947} INFO - Setting next_dagrun for example_dag_decorator to None, run_after=None
[2026-08-13T13:48:59.508+0000] {processor.py:183} INFO - Processing /home/airflow/.local/lib/python3.12/site-packages/airflow/example_dags/example_dag_decorator.py took 0.638 seconds
[2026-08-13T13:49:30.552+0000] {processor.py:161} INFO - Started process (PID=3440) to work on /home/airflow/.local/lib/python3.12/site-packages/airflow/example_dags/example_dag_decorator.py
[2026-08-13T13:49:30.571+0000] {processor.py:830} INFO - Processing file /home/airflow/.local/lib/python3.12/site-packages/airflow/example_dags/example_dag_decorator.py for tasks to queue
[2026-08-13T13:49:30.708+0000] {logging_mixin.py:188} INFO - [2026-08-13T13:49:30.667+0000] {dagbag.py:545} INFO - Filling up the DagBag from /home/airflow/.local/lib/python3.12/site-packages/airflow/example_dags/example_dag_decorator.py
[2026-08-13T13:49:31.989+0000] {processor.py:840} INFO - DAG(s) 'example_dag_decorator' retrieved from /home/airflow/.local/lib/python3.12/site-packages/airflow/example_dags/example_dag_decorator.py
[2026-08-13T13:49:32.645+0000] {logging_mixin.py:188} INFO - [2026-08-13T13:49:32.645+0000] {dag.py:3089} INFO - Sync 1 DAGs
[2026-08-13T13:49:32.703+0000] {logging_mixin.py:188} INFO - [2026-08-13T13:49:32.703+0000] {dag.py:3947} INFO - Setting next_dagrun for example_dag_decorator to None, run_after=None
[2026-08-13T13:49:32.807+0000] {processor.py:183} INFO - Processing /home/airflow/.local/lib/python3.12/site-packages/airflow/example_dags/example_dag_decorator.py took 2.356 seconds
[2026-08-13T13:50:03.107+0000] {processor.py:161} INFO - Started process (PID=3514) to work on /home/airflow/.local/lib/python3.12/site-packages/airflow/example_dags/example_dag_decorator.py
[2026-08-13T13:50:03.110+0000] {processor.py:830} INFO - Processing file /home/airflow/.local/lib/python3.12/site-packages/airflow/example_dags/example_dag_decorator.py for tasks to queue
[2026-08-13T13:50:03.115+0000] {logging_mixin.py:188} INFO - [2026-08-13T13:50:03.114+0000] {dagbag.py:545} INFO - Filling up the DagBag from /home/airflow/.local/lib/python3.12/site-packages/airflow/example_dags/example_dag_decorator.py
[2026-08-13T13:50:03.337+0000] {processor.py:840} INFO - DAG(s) 'example_dag_decorator' retrieved from /home/airflow/.local/lib/python3.12/site-packages/airflow/example_dags/example_dag_decorator.py
[2026-08-13T13:50:03.531+0000] {logging_mixin.py:188} INFO - [2026-08-13T13:50:03.531+0000] {dag.py:3089} INFO - Sync 1 DAGs
[2026-08-13T13:50:03.555+0000] {logging_mixin.py:188} INFO - [2026-08-13T13:50:03.554+0000] {dag.py:3947} INFO - Setting next_dagrun for example_dag_decorator to None, run_after=None
[2026-08-13T13:50:03.598+0000] {processor.py:183} INFO - Processing /home/airflow/.local/lib/python3.12/site-packages/airflow/example_dags/example_dag_decorator.py took 0.510 seconds
