[2026-08-13T13:24:15.206+0000] {processor.py:161} INFO - Started process (PID=94) to work on /home/airflow/.local/lib/python3.12/site-packages/airflow/example_dags/example_short_circuit_operator.py
[2026-08-13T13:24:15.234+0000] {processor.py:830} INFO - Processing file /home/airflow/.local/lib/python3.12/site-packages/airflow/example_dags/example_short_circuit_operator.py for tasks to queue
[2026-08-13T13:24:15.253+0000] {logging_mixin.py:188} INFO - [2026-08-13T13:24:15.249+0000] {dagbag.py:545} INFO - Filling up the DagBag from /home/airflow/.local/lib/python3.12/site-packages/airflow/example_dags/example_short_circuit_operator.py
[2026-08-13T13:24:15.405+0000] {processor.py:840} INFO - DAG(s) 'example_short_circuit_operator' retrieved from /home/airflow/.local/lib/python3.12/site-packages/airflow/example_dags/example_short_circuit_operator.py
[2026-08-13T13:24:16.529+0000] {logging_mixin.py:188} INFO - [2026-08-13T13:24:16.528+0000] {dag.py:3089} INFO - Sync 1 DAGs
[2026-08-13T13:24:16.601+0000] {logging_mixin.py:188} INFO - [2026-08-13T13:24:16.600+0000] {dag.py:3947} INFO - Setting next_dagrun for example_short_circuit_operator to 2026-08-12 00:00:00+00:00, run_after=2026-08-13 00:00:00+00:00
[2026-08-13T13:24:16.698+0000] {processor.py:183} INFO - Processing /home/airflow/.local/lib/python3.12/site-packages/airflow/example_dags/example_short_circuit_operator.py took 1.649 seconds
[2026-08-13T13:24:50.102+0000] {processor.py:161} INFO - Started process (PID=167) to work on /home/airflow/.local/lib/python3.12/site-packages/airflow/example_dags/example_short_circuit_operator.py
[2026-08-13T13:24:50.105+0000] {processor.py:830} INFO - Processing file /home/airflow/.local/lib/python3.12/site-packages/airflow/example_dags/example_short_circuit_operator.py for tasks to queue
[2026-08-13T13:24:50.112+0000] {logging_mixin.py:188} INFO - [2026-08-13T13:24:50.111+0000] {dagbag.py:545} INFO - Filling up the DagBag from /home/airflow/.local/lib/python3.12/site-packages/airflow/example_dags/example_short_circuit_operator.py
[2026-08-13T13:24:50.136+0000] {processor.py:840} INFO - DAG(s) 'example_short_circuit_operator' retrieved from /home/airflow/.local/lib/python3.12/site-packages/airflow/example_dags/example_short_circuit_operator.py
[2026-08-13T13:24:50.196+0000] {logging_mixin.py:188} INFO - [2026-08-13T13:24:50.196+0000] {dag.py:3089} INFO - Sync 1 DAGs
[2026-08-13T13:24:50.265+0000] {logging_mixin.py:188} INFO - [2026-08-13T13:24:50.265+0000] {dag.py:3947} INFO - Setting next_dagrun for example_short_circuit_operator to 2026-08-12 00:00:00+00:00, run_after=2026-08-13 00:00:00+00:00
[2026-08-13T13:24:50.320+0000] {processor.py:183} INFO - Processing /home/airflow/.local/lib/python3.12/site-packages/airflow/example_dags/example_short_circuit_operator.py took 0.234 seconds
[2026-08-13T13:25:46.508+0000] {processor.py:161} INFO - Started process (PID=246) to work on /home/airflow/.local/lib/python3.12/site-packages/airflow/example_dags/example_short_circuit_operator.py
[2026-08-13T13:25:46.523+0000] {processor.py:830} INFO - Processing file /home/airflow/.local/lib/python3.12/site-packages/airflow/example_dags/example_short_circuit_operator.py for tasks to queue
[2026-08-13T13:25:46.561+0000] {logging_mixin.py:188} INFO - [2026-08-13T13:25:46.560+0000] {dagbag.py:545} INFO - Filling up the DagBag from /home/airflow/.local/lib/python3.12/site-packages/airflow/example_dags/example_short_circuit_operator.py
[2026-08-13T13:25:46.594+0000] {processor.py:840} INFO - DAG(s) 'example_short_circuit_operator' retrieved from /home/airflow/.local/lib/python3.12/site-packages/airflow/example_dags/example_short_circuit_operator.py
[2026-08-13T13:25:46.806+0000] {logging_mixin.py:188} INFO - [2026-08-13T13:25:46.799+0000] {dag.py:3089} INFO - Sync 1 DAGs
[2026-08-13T13:25:47.056+0000] {logging_mixin.py:188} INFO - [2026-08-13T13:25:47.055+0000] {dag.py:3947} INFO - Setting next_dagrun for example_short_circuit_operator to 2026-08-12 00:00:00+00:00, run_after=2026-08-13 00:00:00+00:00
[2026-08-13T13:25:47.126+0000] {processor.py:183} INFO - Processing /home/airflow/.local/lib/python3.12/site-packages/airflow/example_dags/example_short_circuit_operator.py took 0.658 seconds
[2026-08-13T13:26:17.626+0000] {processor.py:161} INFO - Started process (PID=312) to work on /home/airflow/.local/lib/python3.12/site-packages/airflow/example_dags/example_short_circuit_operator.py
[2026-08-13T13:26:17.630+0000] {processor.py:830} INFO - Processing file /home/airflow/.local/lib/python3.12/site-packages/airflow/example_dags/example_short_circuit_operator.py for tasks to queue
[2026-08-13T13:26:17.637+0000] {logging_mixin.py:188} INFO - [2026-08-13T13:26:17.636+0000] {dagbag.py:545} INFO - Filling up the DagBag from /home/airflow/.local/lib/python3.12/site-packages/airflow/example_dags/example_short_circuit_operator.py
[2026-08-13T13:26:17.655+0000] {processor.py:840} INFO - DAG(s) 'example_short_circuit_operator' retrieved from /home/airflow/.local/lib/python3.12/site-packages/airflow/example_dags/example_short_circuit_operator.py
[2026-08-13T13:26:17.709+0000] {logging_mixin.py:188} INFO - [2026-08-13T13:26:17.708+0000] {dag.py:3089} INFO - Sync 1 DAGs
[2026-08-13T13:26:17.754+0000] {logging_mixin.py:188} INFO - [2026-08-13T13:26:17.754+0000] {dag.py:3947} INFO - Setting next_dagrun for example_short_circuit_operator to 2026-08-12 00:00:00+00:00, run_after=2026-08-13 00:00:00+00:00
[2026-08-13T13:26:17.807+0000] {processor.py:183} INFO - Processing /home/airflow/.local/lib/python3.12/site-packages/airflow/example_dags/example_short_circuit_operator.py took 0.196 seconds
[2026-08-13T13:26:49.643+0000] {processor.py:161} INFO - Started process (PID=386) to work on /home/airflow/.local/lib/python3.12/site-packages/airflow/example_dags/example_short_circuit_operator.py
[2026-08-13T13:26:49.653+0000] {processor.py:830} INFO - Processing file /home/airflow/.local/lib/python3.12/site-packages/airflow/example_dags/example_short_circuit_operator.py for tasks to queue
[2026-08-13T13:26:49.670+0000] {logging_mixin.py:188} INFO - [2026-08-13T13:26:49.668+0000] {dagbag.py:545} INFO - Filling up the DagBag from /home/airflow/.local/lib/python3.12/site-packages/airflow/example_dags/example_short_circuit_operator.py
[2026-08-13T13:26:49.730+0000] {processor.py:840} INFO - DAG(s) 'example_short_circuit_operator' retrieved from /home/airflow/.local/lib/python3.12/site-packages/airflow/example_dags/example_short_circuit_operator.py
[2026-08-13T13:26:49.865+0000] {logging_mixin.py:188} INFO - [2026-08-13T13:26:49.864+0000] {dag.py:3089} INFO - Sync 1 DAGs
[2026-08-13T13:26:49.952+0000] {logging_mixin.py:188} INFO - [2026-08-13T13:26:49.948+0000] {dag.py:3947} INFO - Setting next_dagrun for example_short_circuit_operator to 2026-08-12 00:00:00+00:00, run_after=2026-08-13 00:00:00+00:00
[2026-08-13T13:26:50.072+0000] {processor.py:183} INFO - Processing /home/airflow/.local/lib/python3.12/site-packages/airflow/example_dags/example_short_circuit_operator.py took 0.479 seconds
[2026-08-13T13:27:21.257+0000] {processor.py:161} INFO - Started process (PID=458) to work on /home/airflow/.local/lib/python3.12/site-packages/airflow/example_dags/example_short_circuit_operator.py
[2026-08-13T13:27:21.265+0000] {processor.py:830} INFO - Processing file /home/airflow/.local/lib/python3.12/site-packages/airflow/example_dags/example_short_circuit_operator.py for tasks to queue
[2026-08-13T13:27:21.276+0000] {logging_mixin.py:188} INFO - [2026-08-13T13:27:21.275+0000] {dagbag.py:545} INFO - Filling up the DagBag from /home/airflow/.local/lib/python3.12/site-packages/airflow/example_dags/example_short_circuit_operator.py
[2026-08-13T13:27:21.344+0000] {processor.py:840} INFO - DAG(s) 'example_short_circuit_operator' retrieved from /home/airflow/.local/lib/python3.12/site-packages/airflow/example_dags/example_short_circuit_operator.py
[2026-08-13T13:27:21.451+0000] {logging_mixin.py:188} INFO - [2026-08-13T13:27:21.451+0000] {dag.py:3089} INFO - Sync 1 DAGs
[2026-08-13T13:27:21.544+0000] {logging_mixin.py:188} INFO - [2026-08-13T13:27:21.544+0000] {dag.py:3947} INFO - Setting next_dagrun for example_short_circuit_operator to 2026-08-12 00:00:00+00:00, run_after=2026-08-13 00:00:00+00:00
[2026-08-13T13:27:21.632+0000] {processor.py:183} INFO - Processing /home/airflow/.local/lib/python3.12/site-packages/airflow/example_dags/example_short_circuit_operator.py took 0.457 seconds
[2026-08-13T13:27:52.540+0000] {processor.py:161} INFO - Started process (PID=524) to work on /home/airflow/.local/lib/python3.12/site-packages/airflow/example_dags/example_short_circuit_operator.py
[2026-08-13T13:27:52.547+0000] {processor.py:830} INFO - Processing file /home/airflow/.local/lib/python3.12/site-packages/airflow/example_dags/example_short_circuit_operator.py for tasks to queue
[2026-08-13T13:27:52.559+0000] {logging_mixin.py:188} INFO - [2026-08-13T13:27:52.556+0000] {dagbag.py:545} INFO - Filling up the DagBag from /home/airflow/.local/lib/python3.12/site-packages/airflow/example_dags/example_short_circuit_operator.py
[2026-08-13T13:27:52.612+0000] {processor.py:840} INFO - DAG(s) 'example_short_circuit_operator' retrieved from /home/airflow/.local/lib/python3.12/site-packages/airflow/example_dags/example_short_circuit_operator.py
[2026-08-13T13:27:52.709+0000] {logging_mixin.py:188} INFO - [2026-08-13T13:27:52.709+0000] {dag.py:3089} INFO - Sync 1 DAGs
[2026-08-13T13:27:52.838+0000] {logging_mixin.py:188} INFO - [2026-08-13T13:27:52.828+0000] {dag.py:3947} INFO - Setting next_dagrun for example_short_circuit_operator to 2026-08-12 00:00:00+00:00, run_after=2026-08-13 00:00:00+00:00
[2026-08-13T13:27:52.912+0000] {processor.py:183} INFO - Processing /home/airflow/.local/lib/python3.12/site-packages/airflow/example_dags/example_short_circuit_operator.py took 0.416 seconds
[2026-08-13T13:28:24.676+0000] {processor.py:161} INFO - Started process (PID=595) to work on /home/airflow/.local/lib/python3.12/site-packages/airflow/example_dags/example_short_circuit_operator.py
[2026-08-13T13:28:24.679+0000] {processor.py:830} INFO - Processing file /home/airflow/.local/lib/python3.12/site-packages/airflow/example_dags/example_short_circuit_operator.py for tasks to queue
[2026-08-13T13:28:24.684+0000] {logging_mixin.py:188} INFO - [2026-08-13T13:28:24.683+0000] {dagbag.py:545} INFO - Filling up the DagBag from /home/airflow/.local/lib/python3.12/site-packages/airflow/example_dags/example_short_circuit_operator.py
[2026-08-13T13:28:24.701+0000] {processor.py:840} INFO - DAG(s) 'example_short_circuit_operator' retrieved from /home/airflow/.local/lib/python3.12/site-packages/airflow/example_dags/example_short_circuit_operator.py
[2026-08-13T13:28:24.795+0000] {logging_mixin.py:188} INFO - [2026-08-13T13:28:24.795+0000] {dag.py:3089} INFO - Sync 1 DAGs
[2026-08-13T13:28:24.866+0000] {logging_mixin.py:188} INFO - [2026-08-13T13:28:24.865+0000] {dag.py:3947} INFO - Setting next_dagrun for example_short_circuit_operator to 2026-08-12 00:00:00+00:00, run_after=2026-08-13 00:00:00+00:00
[2026-08-13T13:28:24.918+0000] {processor.py:183} INFO - Processing /home/airflow/.local/lib/python3.12/site-packages/airflow/example_dags/example_short_circuit_operator.py took 0.253 seconds
[2026-08-13T13:28:57.613+0000] {processor.py:161} INFO - Started process (PID=668) to work on /home/airflow/.local/lib/python3.12/site-packages/airflow/example_dags/example_short_circuit_operator.py
[2026-08-13T13:28:57.616+0000] {processor.py:830} INFO - Processing file /home/airflow/.local/lib/python3.12/site-packages/airflow/example_dags/example_short_circuit_operator.py for tasks to queue
[2026-08-13T13:28:57.621+0000] {logging_mixin.py:188} INFO - [2026-08-13T13:28:57.620+0000] {dagbag.py:545} INFO - Filling up the DagBag from /home/airflow/.local/lib/python3.12/site-packages/airflow/example_dags/example_short_circuit_operator.py
[2026-08-13T13:28:57.634+0000] {processor.py:840} INFO - DAG(s) 'example_short_circuit_operator' retrieved from /home/airflow/.local/lib/python3.12/site-packages/airflow/example_dags/example_short_circuit_operator.py
[2026-08-13T13:28:57.684+0000] {logging_mixin.py:188} INFO - [2026-08-13T13:28:57.683+0000] {dag.py:3089} INFO - Sync 1 DAGs
[2026-08-13T13:28:57.746+0000] {logging_mixin.py:188} INFO - [2026-08-13T13:28:57.746+0000] {dag.py:3947} INFO - Setting next_dagrun for example_short_circuit_operator to 2026-08-12 00:00:00+00:00, run_after=2026-08-13 00:00:00+00:00
[2026-08-13T13:28:57.818+0000] {processor.py:183} INFO - Processing /home/airflow/.local/lib/python3.12/site-packages/airflow/example_dags/example_short_circuit_operator.py took 0.216 seconds
[2026-08-13T13:29:31.515+0000] {processor.py:161} INFO - Started process (PID=742) to work on /home/airflow/.local/lib/python3.12/site-packages/airflow/example_dags/example_short_circuit_operator.py
[2026-08-13T13:29:31.518+0000] {processor.py:830} INFO - Processing file /home/airflow/.local/lib/python3.12/site-packages/airflow/example_dags/example_short_circuit_operator.py for tasks to queue
[2026-08-13T13:29:31.524+0000] {logging_mixin.py:188} INFO - [2026-08-13T13:29:31.523+0000] {dagbag.py:545} INFO - Filling up the DagBag from /home/airflow/.local/lib/python3.12/site-packages/airflow/example_dags/example_short_circuit_operator.py
[2026-08-13T13:29:31.544+0000] {processor.py:840} INFO - DAG(s) 'example_short_circuit_operator' retrieved from /home/airflow/.local/lib/python3.12/site-packages/airflow/example_dags/example_short_circuit_operator.py
[2026-08-13T13:29:31.601+0000] {logging_mixin.py:188} INFO - [2026-08-13T13:29:31.601+0000] {dag.py:3089} INFO - Sync 1 DAGs
[2026-08-13T13:29:31.659+0000] {logging_mixin.py:188} INFO - [2026-08-13T13:29:31.659+0000] {dag.py:3947} INFO - Setting next_dagrun for example_short_circuit_operator to 2026-08-12 00:00:00+00:00, run_after=2026-08-13 00:00:00+00:00
[2026-08-13T13:29:31.776+0000] {processor.py:183} INFO - Processing /home/airflow/.local/lib/python3.12/site-packages/airflow/example_dags/example_short_circuit_operator.py took 0.275 seconds
[2026-08-13T13:30:04.886+0000] {processor.py:161} INFO - Started process (PID=815) to work on /home/airflow/.local/lib/python3.12/site-packages/airflow/example_dags/example_short_circuit_operator.py
[2026-08-13T13:30:04.890+0000] {processor.py:830} INFO - Processing file /home/airflow/.local/lib/python3.12/site-packages/airflow/example_dags/example_short_circuit_operator.py for tasks to queue
[2026-08-13T13:30:04.897+0000] {logging_mixin.py:188} INFO - [2026-08-13T13:30:04.896+0000] {dagbag.py:545} INFO - Filling up the DagBag from /home/airflow/.local/lib/python3.12/site-packages/airflow/example_dags/example_short_circuit_operator.py
[2026-08-13T13:30:04.935+0000] {processor.py:840} INFO - DAG(s) 'example_short_circuit_operator' retrieved from /home/airflow/.local/lib/python3.12/site-packages/airflow/example_dags/example_short_circuit_operator.py
[2026-08-13T13:30:05.017+0000] {logging_mixin.py:188} INFO - [2026-08-13T13:30:05.017+0000] {dag.py:3089} INFO - Sync 1 DAGs
[2026-08-13T13:30:05.091+0000] {logging_mixin.py:188} INFO - [2026-08-13T13:30:05.090+0000] {dag.py:3947} INFO - Setting next_dagrun for example_short_circuit_operator to 2026-08-12 00:00:00+00:00, run_after=2026-08-13 00:00:00+00:00
[2026-08-13T13:30:05.152+0000] {processor.py:183} INFO - Processing /home/airflow/.local/lib/python3.12/site-packages/airflow/example_dags/example_short_circuit_operator.py took 0.299 seconds
[2026-08-13T13:30:37.484+0000] {processor.py:161} INFO - Started process (PID=888) to work on /home/airflow/.local/lib/python3.12/site-packages/airflow/example_dags/example_short_circuit_operator.py
[2026-08-13T13:30:37.514+0000] {processor.py:830} INFO - Processing file /home/airflow/.local/lib/python3.12/site-packages/airflow/example_dags/example_short_circuit_operator.py for tasks to queue
[2026-08-13T13:30:37.521+0000] {logging_mixin.py:188} INFO - [2026-08-13T13:30:37.520+0000] {dagbag.py:545} INFO - Filling up the DagBag from /home/airflow/.local/lib/python3.12/site-packages/airflow/example_dags/example_short_circuit_operator.py
[2026-08-13T13:30:37.572+0000] {processor.py:840} INFO - DAG(s) 'example_short_circuit_operator' retrieved from /home/airflow/.local/lib/python3.12/site-packages/airflow/example_dags/example_short_circuit_operator.py
[2026-08-13T13:30:37.656+0000] {logging_mixin.py:188} INFO - [2026-08-13T13:30:37.655+0000] {dag.py:3089} INFO - Sync 1 DAGs
[2026-08-13T13:30:37.723+0000] {logging_mixin.py:188} INFO - [2026-08-13T13:30:37.722+0000] {dag.py:3947} INFO - Setting next_dagrun for example_short_circuit_operator to 2026-08-12 00:00:00+00:00, run_after=2026-08-13 00:00:00+00:00
[2026-08-13T13:30:37.781+0000] {processor.py:183} INFO - Processing /home/airflow/.local/lib/python3.12/site-packages/airflow/example_dags/example_short_circuit_operator.py took 0.344 seconds
[2026-08-13T13:31:08.754+0000] {processor.py:161} INFO - Started process (PID=954) to work on /home/airflow/.local/lib/python3.12/site-packages/airflow/example_dags/example_short_circuit_operator.py
[2026-08-13T13:31:08.756+0000] {processor.py:830} INFO - Processing file /home/airflow/.local/lib/python3.12/site-packages/airflow/example_dags/example_short_circuit_operator.py for tasks to queue
[2026-08-13T13:31:08.762+0000] {logging_mixin.py:188} INFO - [2026-08-13T13:31:08.761+0000] {dagbag.py:545} INFO - Filling up the DagBag from /home/airflow/.local/lib/python3.12/site-packages/airflow/example_dags/example_short_circuit_operator.py
[2026-08-13T13:31:08.785+0000] {processor.py:840} INFO - DAG(s) 'example_short_circuit_operator' retrieved from /home/airflow/.local/lib/python3.12/site-packages/airflow/example_dags/example_short_circuit_operator.py
[2026-08-13T13:31:08.828+0000] {logging_mixin.py:188} INFO - [2026-08-13T13:31:08.828+0000] {dag.py:3089} INFO - Sync 1 DAGs
[2026-08-13T13:31:08.876+0000] {logging_mixin.py:188} INFO - [2026-08-13T13:31:08.875+0000] {dag.py:3947} INFO - Setting next_dagrun for example_short_circuit_operator to 2026-08-12 00:00:00+00:00, run_after=2026-08-13 00:00:00+00:00
[2026-08-13T13:31:08.922+0000] {processor.py:183} INFO - Processing /home/airflow/.local/lib/python3.12/site-packages/airflow/example_dags/example_short_circuit_operator.py took 0.177 seconds
[2026-08-13T13:31:42.276+0000] {processor.py:161} INFO - Started process (PID=1028) to work on /home/airflow/.local/lib/python3.12/site-packages/airflow/example_dags/example_short_circuit_operator.py
[2026-08-13T13:31:42.280+0000] {processor.py:830} INFO - Processing file /home/airflow/.local/lib/python3.12/site-packages/airflow/example_dags/example_short_circuit_operator.py for tasks to queue
[2026-08-13T13:31:42.292+0000] {logging_mixin.py:188} INFO - [2026-08-13T13:31:42.290+0000] {dagbag.py:545} INFO - Filling up the DagBag from /home/airflow/.local/lib/python3.12/site-packages/airflow/example_dags/example_short_circuit_operator.py
[2026-08-13T13:31:42.330+0000] {processor.py:840} INFO - DAG(s) 'example_short_circuit_operator' retrieved from /home/airflow/.local/lib/python3.12/site-packages/airflow/example_dags/example_short_circuit_operator.py
[2026-08-13T13:31:42.432+0000] {logging_mixin.py:188} INFO - [2026-08-13T13:31:42.431+0000] {dag.py:3089} INFO - Sync 1 DAGs
[2026-08-13T13:31:42.491+0000] {logging_mixin.py:188} INFO - [2026-08-13T13:31:42.490+0000] {dag.py:3947} INFO - Setting next_dagrun for example_short_circuit_operator to 2026-08-12 00:00:00+00:00, run_after=2026-08-13 00:00:00+00:00
[2026-08-13T13:31:42.543+0000] {processor.py:183} INFO - Processing /home/airflow/.local/lib/python3.12/site-packages/airflow/example_dags/example_short_circuit_operator.py took 0.297 seconds
[2026-08-13T13:32:14.083+0000] {processor.py:161} INFO - Started process (PID=1101) to work on /home/airflow/.local/lib/python3.12/site-packages/airflow/example_dags/example_short_circuit_operator.py
[2026-08-13T13:32:14.086+0000] {processor.py:830} INFO - Processing file /home/airflow/.local/lib/python3.12/site-packages/airflow/example_dags/example_short_circuit_operator.py for tasks to queue
[2026-08-13T13:32:14.093+0000] {logging_mixin.py:188} INFO - [2026-08-13T13:32:14.092+0000] {dagbag.py:545} INFO - Filling up the DagBag from /home/airflow/.local/lib/python3.12/site-packages/airflow/example_dags/example_short_circuit_operator.py
[2026-08-13T13:32:14.118+0000] {processor.py:840} INFO - DAG(s) 'example_short_circuit_operator' retrieved from /home/airflow/.local/lib/python3.12/site-packages/airflow/example_dags/example_short_circuit_operator.py
[2026-08-13T13:32:14.175+0000] {logging_mixin.py:188} INFO - [2026-08-13T13:32:14.174+0000] {dag.py:3089} INFO - Sync 1 DAGs
[2026-08-13T13:32:14.222+0000] {logging_mixin.py:188} INFO - [2026-08-13T13:32:14.222+0000] {dag.py:3947} INFO - Setting next_dagrun for example_short_circuit_operator to 2026-08-12 00:00:00+00:00, run_after=2026-08-13 00:00:00+00:00
[2026-08-13T13:32:14.271+0000] {processor.py:183} INFO - Processing /home/airflow/.local/lib/python3.12/site-packages/airflow/example_dags/example_short_circuit_operator.py took 0.206 seconds
[2026-08-13T13:32:47.869+0000] {processor.py:161} INFO - Started process (PID=1175) to work on /home/airflow/.local/lib/python3.12/site-packages/airflow/example_dags/example_short_circuit_operator.py
[2026-08-13T13:32:47.872+0000] {processor.py:830} INFO - Processing file /home/airflow/.local/lib/python3.12/site-packages/airflow/example_dags/example_short_circuit_operator.py for tasks to queue
[2026-08-13T13:32:47.879+0000] {logging_mixin.py:188} INFO - [2026-08-13T13:32:47.878+0000] {dagbag.py:545} INFO - Filling up the DagBag from /home/airflow/.local/lib/python3.12/site-packages/airflow/example_dags/example_short_circuit_operator.py
[2026-08-13T13:32:47.901+0000] {processor.py:840} INFO - DAG(s) 'example_short_circuit_operator' retrieved from /home/airflow/.local/lib/python3.12/site-packages/airflow/example_dags/example_short_circuit_operator.py
[2026-08-13T13:32:47.959+0000] {logging_mixin.py:188} INFO - [2026-08-13T13:32:47.958+0000] {dag.py:3089} INFO - Sync 1 DAGs
[2026-08-13T13:32:48.015+0000] {logging_mixin.py:188} INFO - [2026-08-13T13:32:48.014+0000] {dag.py:3947} INFO - Setting next_dagrun for example_short_circuit_operator to 2026-08-12 00:00:00+00:00, run_after=2026-08-13 00:00:00+00:00
[2026-08-13T13:32:48.060+0000] {processor.py:183} INFO - Processing /home/airflow/.local/lib/python3.12/site-packages/airflow/example_dags/example_short_circuit_operator.py took 0.204 seconds
[2026-08-13T13:33:19.870+0000] {processor.py:161} INFO - Started process (PID=1248) to work on /home/airflow/.local/lib/python3.12/site-packages/airflow/example_dags/example_short_circuit_operator.py
[2026-08-13T13:33:19.875+0000] {processor.py:830} INFO - Processing file /home/airflow/.local/lib/python3.12/site-packages/airflow/example_dags/example_short_circuit_operator.py for tasks to queue
[2026-08-13T13:33:19.886+0000] {logging_mixin.py:188} INFO - [2026-08-13T13:33:19.882+0000] {dagbag.py:545} INFO - Filling up the DagBag from /home/airflow/.local/lib/python3.12/site-packages/airflow/example_dags/example_short_circuit_operator.py
[2026-08-13T13:33:19.933+0000] {processor.py:840} INFO - DAG(s) 'example_short_circuit_operator' retrieved from /home/airflow/.local/lib/python3.12/site-packages/airflow/example_dags/example_short_circuit_operator.py
[2026-08-13T13:33:20.056+0000] {logging_mixin.py:188} INFO - [2026-08-13T13:33:20.055+0000] {dag.py:3089} INFO - Sync 1 DAGs
[2026-08-13T13:33:20.147+0000] {logging_mixin.py:188} INFO - [2026-08-13T13:33:20.147+0000] {dag.py:3947} INFO - Setting next_dagrun for example_short_circuit_operator to 2026-08-12 00:00:00+00:00, run_after=2026-08-13 00:00:00+00:00
[2026-08-13T13:33:20.235+0000] {processor.py:183} INFO - Processing /home/airflow/.local/lib/python3.12/site-packages/airflow/example_dags/example_short_circuit_operator.py took 0.397 seconds
[2026-08-13T13:33:53.436+0000] {processor.py:161} INFO - Started process (PID=1322) to work on /home/airflow/.local/lib/python3.12/site-packages/airflow/example_dags/example_short_circuit_operator.py
[2026-08-13T13:33:53.440+0000] {processor.py:830} INFO - Processing file /home/airflow/.local/lib/python3.12/site-packages/airflow/example_dags/example_short_circuit_operator.py for tasks to queue
[2026-08-13T13:33:53.448+0000] {logging_mixin.py:188} INFO - [2026-08-13T13:33:53.446+0000] {dagbag.py:545} INFO - Filling up the DagBag from /home/airflow/.local/lib/python3.12/site-packages/airflow/example_dags/example_short_circuit_operator.py
[2026-08-13T13:33:53.467+0000] {processor.py:840} INFO - DAG(s) 'example_short_circuit_operator' retrieved from /home/airflow/.local/lib/python3.12/site-packages/airflow/example_dags/example_short_circuit_operator.py
[2026-08-13T13:33:53.532+0000] {logging_mixin.py:188} INFO - [2026-08-13T13:33:53.532+0000] {dag.py:3089} INFO - Sync 1 DAGs
[2026-08-13T13:33:53.611+0000] {logging_mixin.py:188} INFO - [2026-08-13T13:33:53.611+0000] {dag.py:3947} INFO - Setting next_dagrun for example_short_circuit_operator to 2026-08-12 00:00:00+00:00, run_after=2026-08-13 00:00:00+00:00
[2026-08-13T13:33:53.669+0000] {processor.py:183} INFO - Processing /home/airflow/.local/lib/python3.12/site-packages/airflow/example_dags/example_short_circuit_operator.py took 0.251 seconds
[2026-08-13T13:34:24.921+0000] {processor.py:161} INFO - Started process (PID=1395) to work on /home/airflow/.local/lib/python3.12/site-packages/airflow/example_dags/example_short_circuit_operator.py
[2026-08-13T13:34:24.928+0000] {processor.py:830} INFO - Processing file /home/airflow/.local/lib/python3.12/site-packages/airflow/example_dags/example_short_circuit_operator.py for tasks to queue
[2026-08-13T13:34:24.934+0000] {logging_mixin.py:188} INFO - [2026-08-13T13:34:24.933+0000] {dagbag.py:545} INFO - Filling up the DagBag from /home/airflow/.local/lib/python3.12/site-packages/airflow/example_dags/example_short_circuit_operator.py
[2026-08-13T13:34:24.952+0000] {processor.py:840} INFO - DAG(s) 'example_short_circuit_operator' retrieved from /home/airflow/.local/lib/python3.12/site-packages/airflow/example_dags/example_short_circuit_operator.py
[2026-08-13T13:34:25.005+0000] {logging_mixin.py:188} INFO - [2026-08-13T13:34:25.004+0000] {dag.py:3089} INFO - Sync 1 DAGs
[2026-08-13T13:34:25.054+0000] {logging_mixin.py:188} INFO - [2026-08-13T13:34:25.053+0000] {dag.py:3947} INFO - Setting next_dagrun for example_short_circuit_operator to 2026-08-12 00:00:00+00:00, run_after=2026-08-13 00:00:00+00:00
[2026-08-13T13:34:25.100+0000] {processor.py:183} INFO - Processing /home/airflow/.local/lib/python3.12/site-packages/airflow/example_dags/example_short_circuit_operator.py took 0.195 seconds
[2026-08-13T13:34:57.644+0000] {processor.py:161} INFO - Started process (PID=1469) to work on /home/airflow/.local/lib/python3.12/site-packages/airflow/example_dags/example_short_circuit_operator.py
[2026-08-13T13:34:57.648+0000] {processor.py:830} INFO - Processing file /home/airflow/.local/lib/python3.12/site-packages/airflow/example_dags/example_short_circuit_operator.py for tasks to queue
[2026-08-13T13:34:57.654+0000] {logging_mixin.py:188} INFO - [2026-08-13T13:34:57.654+0000] {dagbag.py:545} INFO - Filling up the DagBag from /home/airflow/.local/lib/python3.12/site-packages/airflow/example_dags/example_short_circuit_operator.py
[2026-08-13T13:34:57.671+0000] {processor.py:840} INFO - DAG(s) 'example_short_circuit_operator' retrieved from /home/airflow/.local/lib/python3.12/site-packages/airflow/example_dags/example_short_circuit_operator.py
[2026-08-13T13:34:57.721+0000] {logging_mixin.py:188} INFO - [2026-08-13T13:34:57.721+0000] {dag.py:3089} INFO - Sync 1 DAGs
[2026-08-13T13:34:57.765+0000] {logging_mixin.py:188} INFO - [2026-08-13T13:34:57.765+0000] {dag.py:3947} INFO - Setting next_dagrun for example_short_circuit_operator to 2026-08-12 00:00:00+00:00, run_after=2026-08-13 00:00:00+00:00
[2026-08-13T13:34:57.808+0000] {processor.py:183} INFO - Processing /home/airflow/.local/lib/python3.12/site-packages/airflow/example_dags/example_short_circuit_operator.py took 0.179 seconds
[2026-08-13T13:35:30.740+0000] {processor.py:161} INFO - Started process (PID=1542) to work on /home/airflow/.local/lib/python3.12/site-packages/airflow/example_dags/example_short_circuit_operator.py
[2026-08-13T13:35:30.745+0000] {processor.py:830} INFO - Processing file /home/airflow/.local/lib/python3.12/site-packages/airflow/example_dags/example_short_circuit_operator.py for tasks to queue
[2026-08-13T13:35:30.753+0000] {logging_mixin.py:188} INFO - [2026-08-13T13:35:30.752+0000] {dagbag.py:545} INFO - Filling up the DagBag from /home/airflow/.local/lib/python3.12/site-packages/airflow/example_dags/example_short_circuit_operator.py
[2026-08-13T13:35:30.774+0000] {processor.py:840} INFO - DAG(s) 'example_short_circuit_operator' retrieved from /home/airflow/.local/lib/python3.12/site-packages/airflow/example_dags/example_short_circuit_operator.py
[2026-08-13T13:35:30.837+0000] {logging_mixin.py:188} INFO - [2026-08-13T13:35:30.836+0000] {dag.py:3089} INFO - Sync 1 DAGs
[2026-08-13T13:35:30.888+0000] {logging_mixin.py:188} INFO - [2026-08-13T13:35:30.888+0000] {dag.py:3947} INFO - Setting next_dagrun for example_short_circuit_operator to 2026-08-12 00:00:00+00:00, run_after=2026-08-13 00:00:00+00:00
[2026-08-13T13:35:30.933+0000] {processor.py:183} INFO - Processing /home/airflow/.local/lib/python3.12/site-packages/airflow/example_dags/example_short_circuit_operator.py took 0.212 seconds
[2026-08-13T13:36:02.936+0000] {processor.py:161} INFO - Started process (PID=1615) to work on /home/airflow/.local/lib/python3.12/site-packages/airflow/example_dags/example_short_circuit_operator.py
[2026-08-13T13:36:02.939+0000] {processor.py:830} INFO - Processing file /home/airflow/.local/lib/python3.12/site-packages/airflow/example_dags/example_short_circuit_operator.py for tasks to queue
[2026-08-13T13:36:02.946+0000] {logging_mixin.py:188} INFO - [2026-08-13T13:36:02.945+0000] {dagbag.py:545} INFO - Filling up the DagBag from /home/airflow/.local/lib/python3.12/site-packages/airflow/example_dags/example_short_circuit_operator.py
[2026-08-13T13:36:02.964+0000] {processor.py:840} INFO - DAG(s) 'example_short_circuit_operator' retrieved from /home/airflow/.local/lib/python3.12/site-packages/airflow/example_dags/example_short_circuit_operator.py
[2026-08-13T13:36:03.023+0000] {logging_mixin.py:188} INFO - [2026-08-13T13:36:03.022+0000] {dag.py:3089} INFO - Sync 1 DAGs
[2026-08-13T13:36:03.065+0000] {logging_mixin.py:188} INFO - [2026-08-13T13:36:03.065+0000] {dag.py:3947} INFO - Setting next_dagrun for example_short_circuit_operator to 2026-08-12 00:00:00+00:00, run_after=2026-08-13 00:00:00+00:00
[2026-08-13T13:36:03.135+0000] {processor.py:183} INFO - Processing /home/airflow/.local/lib/python3.12/site-packages/airflow/example_dags/example_short_circuit_operator.py took 0.214 seconds
[2026-08-13T13:36:36.288+0000] {processor.py:161} INFO - Started process (PID=1688) to work on /home/airflow/.local/lib/python3.12/site-packages/airflow/example_dags/example_short_circuit_operator.py
[2026-08-13T13:36:36.292+0000] {processor.py:830} INFO - Processing file /home/airflow/.local/lib/python3.12/site-packages/airflow/example_dags/example_short_circuit_operator.py for tasks to queue
[2026-08-13T13:36:36.303+0000] {logging_mixin.py:188} INFO - [2026-08-13T13:36:36.301+0000] {dagbag.py:545} INFO - Filling up the DagBag from /home/airflow/.local/lib/python3.12/site-packages/airflow/example_dags/example_short_circuit_operator.py
[2026-08-13T13:36:36.335+0000] {processor.py:840} INFO - DAG(s) 'example_short_circuit_operator' retrieved from /home/airflow/.local/lib/python3.12/site-packages/airflow/example_dags/example_short_circuit_operator.py
[2026-08-13T13:36:36.407+0000] {logging_mixin.py:188} INFO - [2026-08-13T13:36:36.406+0000] {dag.py:3089} INFO - Sync 1 DAGs
[2026-08-13T13:36:36.467+0000] {logging_mixin.py:188} INFO - [2026-08-13T13:36:36.466+0000] {dag.py:3947} INFO - Setting next_dagrun for example_short_circuit_operator to 2026-08-12 00:00:00+00:00, run_after=2026-08-13 00:00:00+00:00
[2026-08-13T13:36:36.531+0000] {processor.py:183} INFO - Processing /home/airflow/.local/lib/python3.12/site-packages/airflow/example_dags/example_short_circuit_operator.py took 0.259 seconds
[2026-08-13T13:37:08.189+0000] {processor.py:161} INFO - Started process (PID=1761) to work on /home/airflow/.local/lib/python3.12/site-packages/airflow/example_dags/example_short_circuit_operator.py
[2026-08-13T13:37:08.191+0000] {processor.py:830} INFO - Processing file /home/airflow/.local/lib/python3.12/site-packages/airflow/example_dags/example_short_circuit_operator.py for tasks to queue
[2026-08-13T13:37:08.196+0000] {logging_mixin.py:188} INFO - [2026-08-13T13:37:08.196+0000] {dagbag.py:545} INFO - Filling up the DagBag from /home/airflow/.local/lib/python3.12/site-packages/airflow/example_dags/example_short_circuit_operator.py
[2026-08-13T13:37:08.211+0000] {processor.py:840} INFO - DAG(s) 'example_short_circuit_operator' retrieved from /home/airflow/.local/lib/python3.12/site-packages/airflow/example_dags/example_short_circuit_operator.py
[2026-08-13T13:37:08.262+0000] {logging_mixin.py:188} INFO - [2026-08-13T13:37:08.261+0000] {dag.py:3089} INFO - Sync 1 DAGs
[2026-08-13T13:37:08.302+0000] {logging_mixin.py:188} INFO - [2026-08-13T13:37:08.302+0000] {dag.py:3947} INFO - Setting next_dagrun for example_short_circuit_operator to 2026-08-12 00:00:00+00:00, run_after=2026-08-13 00:00:00+00:00
[2026-08-13T13:37:08.345+0000] {processor.py:183} INFO - Processing /home/airflow/.local/lib/python3.12/site-packages/airflow/example_dags/example_short_circuit_operator.py took 0.165 seconds
[2026-08-13T13:37:41.787+0000] {processor.py:161} INFO - Started process (PID=1835) to work on /home/airflow/.local/lib/python3.12/site-packages/airflow/example_dags/example_short_circuit_operator.py
[2026-08-13T13:37:41.790+0000] {processor.py:830} INFO - Processing file /home/airflow/.local/lib/python3.12/site-packages/airflow/example_dags/example_short_circuit_operator.py for tasks to queue
[2026-08-13T13:37:41.796+0000] {logging_mixin.py:188} INFO - [2026-08-13T13:37:41.794+0000] {dagbag.py:545} INFO - Filling up the DagBag from /home/airflow/.local/lib/python3.12/site-packages/airflow/example_dags/example_short_circuit_operator.py
[2026-08-13T13:37:41.818+0000] {processor.py:840} INFO - DAG(s) 'example_short_circuit_operator' retrieved from /home/airflow/.local/lib/python3.12/site-packages/airflow/example_dags/example_short_circuit_operator.py
[2026-08-13T13:37:41.872+0000] {logging_mixin.py:188} INFO - [2026-08-13T13:37:41.871+0000] {dag.py:3089} INFO - Sync 1 DAGs
[2026-08-13T13:37:41.910+0000] {logging_mixin.py:188} INFO - [2026-08-13T13:37:41.909+0000] {dag.py:3947} INFO - Setting next_dagrun for example_short_circuit_operator to 2026-08-12 00:00:00+00:00, run_after=2026-08-13 00:00:00+00:00
[2026-08-13T13:37:41.950+0000] {processor.py:183} INFO - Processing /home/airflow/.local/lib/python3.12/site-packages/airflow/example_dags/example_short_circuit_operator.py took 0.176 seconds
[2026-08-13T13:38:14.131+0000] {processor.py:161} INFO - Started process (PID=1909) to work on /home/airflow/.local/lib/python3.12/site-packages/airflow/example_dags/example_short_circuit_operator.py
[2026-08-13T13:38:14.133+0000] {processor.py:830} INFO - Processing file /home/airflow/.local/lib/python3.12/site-packages/airflow/example_dags/example_short_circuit_operator.py for tasks to queue
[2026-08-13T13:38:14.138+0000] {logging_mixin.py:188} INFO - [2026-08-13T13:38:14.138+0000] {dagbag.py:545} INFO - Filling up the DagBag from /home/airflow/.local/lib/python3.12/site-packages/airflow/example_dags/example_short_circuit_operator.py
[2026-08-13T13:38:14.150+0000] {processor.py:840} INFO - DAG(s) 'example_short_circuit_operator' retrieved from /home/airflow/.local/lib/python3.12/site-packages/airflow/example_dags/example_short_circuit_operator.py
[2026-08-13T13:38:14.191+0000] {logging_mixin.py:188} INFO - [2026-08-13T13:38:14.191+0000] {dag.py:3089} INFO - Sync 1 DAGs
[2026-08-13T13:38:14.232+0000] {logging_mixin.py:188} INFO - [2026-08-13T13:38:14.232+0000] {dag.py:3947} INFO - Setting next_dagrun for example_short_circuit_operator to 2026-08-12 00:00:00+00:00, run_after=2026-08-13 00:00:00+00:00
[2026-08-13T13:38:14.265+0000] {processor.py:183} INFO - Processing /home/airflow/.local/lib/python3.12/site-packages/airflow/example_dags/example_short_circuit_operator.py took 0.146 seconds
[2026-08-13T13:38:48.508+0000] {processor.py:161} INFO - Started process (PID=1983) to work on /home/airflow/.local/lib/python3.12/site-packages/airflow/example_dags/example_short_circuit_operator.py
[2026-08-13T13:38:48.510+0000] {processor.py:830} INFO - Processing file /home/airflow/.local/lib/python3.12/site-packages/airflow/example_dags/example_short_circuit_operator.py for tasks to queue
[2026-08-13T13:38:48.514+0000] {logging_mixin.py:188} INFO - [2026-08-13T13:38:48.514+0000] {dagbag.py:545} INFO - Filling up the DagBag from /home/airflow/.local/lib/python3.12/site-packages/airflow/example_dags/example_short_circuit_operator.py
[2026-08-13T13:38:48.526+0000] {processor.py:840} INFO - DAG(s) 'example_short_circuit_operator' retrieved from /home/airflow/.local/lib/python3.12/site-packages/airflow/example_dags/example_short_circuit_operator.py
[2026-08-13T13:38:48.562+0000] {logging_mixin.py:188} INFO - [2026-08-13T13:38:48.561+0000] {dag.py:3089} INFO - Sync 1 DAGs
[2026-08-13T13:38:48.622+0000] {logging_mixin.py:188} INFO - [2026-08-13T13:38:48.622+0000] {dag.py:3947} INFO - Setting next_dagrun for example_short_circuit_operator to 2026-08-12 00:00:00+00:00, run_after=2026-08-13 00:00:00+00:00
[2026-08-13T13:38:48.671+0000] {processor.py:183} INFO - Processing /home/airflow/.local/lib/python3.12/site-packages/airflow/example_dags/example_short_circuit_operator.py took 0.173 seconds
[2026-08-13T13:39:21.236+0000] {processor.py:161} INFO - Started process (PID=2057) to work on /home/airflow/.local/lib/python3.12/site-packages/airflow/example_dags/example_short_circuit_operator.py
[2026-08-13T13:39:21.239+0000] {processor.py:830} INFO - Processing file /home/airflow/.local/lib/python3.12/site-packages/airflow/example_dags/example_short_circuit_operator.py for tasks to queue
[2026-08-13T13:39:21.244+0000] {logging_mixin.py:188} INFO - [2026-08-13T13:39:21.243+0000] {dagbag.py:545} INFO - Filling up the DagBag from /home/airflow/.local/lib/python3.12/site-packages/airflow/example_dags/example_short_circuit_operator.py
[2026-08-13T13:39:21.260+0000] {processor.py:840} INFO - DAG(s) 'example_short_circuit_operator' retrieved from /home/airflow/.local/lib/python3.12/site-packages/airflow/example_dags/example_short_circuit_operator.py
[2026-08-13T13:39:21.297+0000] {logging_mixin.py:188} INFO - [2026-08-13T13:39:21.296+0000] {dag.py:3089} INFO - Sync 1 DAGs
[2026-08-13T13:39:21.333+0000] {logging_mixin.py:188} INFO - [2026-08-13T13:39:21.332+0000] {dag.py:3947} INFO - Setting next_dagrun for example_short_circuit_operator to 2026-08-12 00:00:00+00:00, run_after=2026-08-13 00:00:00+00:00
[2026-08-13T13:39:21.366+0000] {processor.py:183} INFO - Processing /home/airflow/.local/lib/python3.12/site-packages/airflow/example_dags/example_short_circuit_operator.py took 0.138 seconds
[2026-08-13T13:39:54.695+0000] {processor.py:161} INFO - Started process (PID=2130) to work on /home/airflow/.local/lib/python3.12/site-packages/airflow/example_dags/example_short_circuit_operator.py
[2026-08-13T13:39:54.698+0000] {processor.py:830} INFO - Processing file /home/airflow/.local/lib/python3.12/site-packages/airflow/example_dags/example_short_circuit_operator.py for tasks to queue
[2026-08-13T13:39:54.704+0000] {logging_mixin.py:188} INFO - [2026-08-13T13:39:54.703+0000] {dagbag.py:545} INFO - Filling up the DagBag from /home/airflow/.local/lib/python3.12/site-packages/airflow/example_dags/example_short_circuit_operator.py
[2026-08-13T13:39:54.724+0000] {processor.py:840} INFO - DAG(s) 'example_short_circuit_operator' retrieved from /home/airflow/.local/lib/python3.12/site-packages/airflow/example_dags/example_short_circuit_operator.py
[2026-08-13T13:39:54.786+0000] {logging_mixin.py:188} INFO - [2026-08-13T13:39:54.785+0000] {dag.py:3089} INFO - Sync 1 DAGs
[2026-08-13T13:39:54.842+0000] {logging_mixin.py:188} INFO - [2026-08-13T13:39:54.841+0000] {dag.py:3947} INFO - Setting next_dagrun for example_short_circuit_operator to 2026-08-12 00:00:00+00:00, run_after=2026-08-13 00:00:00+00:00
[2026-08-13T13:39:54.896+0000] {processor.py:183} INFO - Processing /home/airflow/.local/lib/python3.12/site-packages/airflow/example_dags/example_short_circuit_operator.py took 0.216 seconds
[2026-08-13T13:40:27.509+0000] {processor.py:161} INFO - Started process (PID=2202) to work on /home/airflow/.local/lib/python3.12/site-packages/airflow/example_dags/example_short_circuit_operator.py
[2026-08-13T13:40:27.516+0000] {processor.py:830} INFO - Processing file /home/airflow/.local/lib/python3.12/site-packages/airflow/example_dags/example_short_circuit_operator.py for tasks to queue
[2026-08-13T13:40:27.523+0000] {logging_mixin.py:188} INFO - [2026-08-13T13:40:27.521+0000] {dagbag.py:545} INFO - Filling up the DagBag from /home/airflow/.local/lib/python3.12/site-packages/airflow/example_dags/example_short_circuit_operator.py
[2026-08-13T13:40:27.543+0000] {processor.py:840} INFO - DAG(s) 'example_short_circuit_operator' retrieved from /home/airflow/.local/lib/python3.12/site-packages/airflow/example_dags/example_short_circuit_operator.py
[2026-08-13T13:40:27.619+0000] {logging_mixin.py:188} INFO - [2026-08-13T13:40:27.618+0000] {dag.py:3089} INFO - Sync 1 DAGs
[2026-08-13T13:40:27.696+0000] {logging_mixin.py:188} INFO - [2026-08-13T13:40:27.695+0000] {dag.py:3947} INFO - Setting next_dagrun for example_short_circuit_operator to 2026-08-12 00:00:00+00:00, run_after=2026-08-13 00:00:00+00:00
[2026-08-13T13:40:27.770+0000] {processor.py:183} INFO - Processing /home/airflow/.local/lib/python3.12/site-packages/airflow/example_dags/example_short_circuit_operator.py took 0.281 seconds
[2026-08-13T13:41:02.171+0000] {processor.py:161} INFO - Started process (PID=2275) to work on /home/airflow/.local/lib/python3.12/site-packages/airflow/example_dags/example_short_circuit_operator.py
[2026-08-13T13:41:02.184+0000] {processor.py:830} INFO - Processing file /home/airflow/.local/lib/python3.12/site-packages/airflow/example_dags/example_short_circuit_operator.py for tasks to queue
[2026-08-13T13:41:02.191+0000] {logging_mixin.py:188} INFO - [2026-08-13T13:41:02.190+0000] {dagbag.py:545} INFO - Filling up the DagBag from /home/airflow/.local/lib/python3.12/site-packages/airflow/example_dags/example_short_circuit_operator.py
[2026-08-13T13:41:02.223+0000] {processor.py:840} INFO - DAG(s) 'example_short_circuit_operator' retrieved from /home/airflow/.local/lib/python3.12/site-packages/airflow/example_dags/example_short_circuit_operator.py
[2026-08-13T13:41:02.321+0000] {logging_mixin.py:188} INFO - [2026-08-13T13:41:02.321+0000] {dag.py:3089} INFO - Sync 1 DAGs
[2026-08-13T13:41:02.410+0000] {logging_mixin.py:188} INFO - [2026-08-13T13:41:02.409+0000] {dag.py:3947} INFO - Setting next_dagrun for example_short_circuit_operator to 2026-08-12 00:00:00+00:00, run_after=2026-08-13 00:00:00+00:00
[2026-08-13T13:41:02.528+0000] {processor.py:183} INFO - Processing /home/airflow/.local/lib/python3.12/site-packages/airflow/example_dags/example_short_circuit_operator.py took 0.396 seconds
[2026-08-13T13:41:33.823+0000] {processor.py:161} INFO - Started process (PID=2348) to work on /home/airflow/.local/lib/python3.12/site-packages/airflow/example_dags/example_short_circuit_operator.py
[2026-08-13T13:41:33.826+0000] {processor.py:830} INFO - Processing file /home/airflow/.local/lib/python3.12/site-packages/airflow/example_dags/example_short_circuit_operator.py for tasks to queue
[2026-08-13T13:41:33.834+0000] {logging_mixin.py:188} INFO - [2026-08-13T13:41:33.832+0000] {dagbag.py:545} INFO - Filling up the DagBag from /home/airflow/.local/lib/python3.12/site-packages/airflow/example_dags/example_short_circuit_operator.py
[2026-08-13T13:41:33.867+0000] {processor.py:840} INFO - DAG(s) 'example_short_circuit_operator' retrieved from /home/airflow/.local/lib/python3.12/site-packages/airflow/example_dags/example_short_circuit_operator.py
[2026-08-13T13:41:33.925+0000] {logging_mixin.py:188} INFO - [2026-08-13T13:41:33.924+0000] {dag.py:3089} INFO - Sync 1 DAGs
[2026-08-13T13:41:33.993+0000] {logging_mixin.py:188} INFO - [2026-08-13T13:41:33.993+0000] {dag.py:3947} INFO - Setting next_dagrun for example_short_circuit_operator to 2026-08-12 00:00:00+00:00, run_after=2026-08-13 00:00:00+00:00
[2026-08-13T13:41:34.670+0000] {processor.py:183} INFO - Processing /home/airflow/.local/lib/python3.12/site-packages/airflow/example_dags/example_short_circuit_operator.py took 0.860 seconds
[2026-08-13T13:42:04.817+0000] {processor.py:161} INFO - Started process (PID=2415) to work on /home/airflow/.local/lib/python3.12/site-packages/airflow/example_dags/example_short_circuit_operator.py
[2026-08-13T13:42:04.820+0000] {processor.py:830} INFO - Processing file /home/airflow/.local/lib/python3.12/site-packages/airflow/example_dags/example_short_circuit_operator.py for tasks to queue
[2026-08-13T13:42:04.825+0000] {logging_mixin.py:188} INFO - [2026-08-13T13:42:04.825+0000] {dagbag.py:545} INFO - Filling up the DagBag from /home/airflow/.local/lib/python3.12/site-packages/airflow/example_dags/example_short_circuit_operator.py
[2026-08-13T13:42:04.843+0000] {processor.py:840} INFO - DAG(s) 'example_short_circuit_operator' retrieved from /home/airflow/.local/lib/python3.12/site-packages/airflow/example_dags/example_short_circuit_operator.py
[2026-08-13T13:42:04.894+0000] {logging_mixin.py:188} INFO - [2026-08-13T13:42:04.894+0000] {dag.py:3089} INFO - Sync 1 DAGs
[2026-08-13T13:42:04.937+0000] {logging_mixin.py:188} INFO - [2026-08-13T13:42:04.937+0000] {dag.py:3947} INFO - Setting next_dagrun for example_short_circuit_operator to 2026-08-12 00:00:00+00:00, run_after=2026-08-13 00:00:00+00:00
[2026-08-13T13:42:04.992+0000] {processor.py:183} INFO - Processing /home/airflow/.local/lib/python3.12/site-packages/airflow/example_dags/example_short_circuit_operator.py took 0.188 seconds
[2026-08-13T13:42:35.727+0000] {processor.py:161} INFO - Started process (PID=2488) to work on /home/airflow/.local/lib/python3.12/site-packages/airflow/example_dags/example_short_circuit_operator.py
[2026-08-13T13:42:35.731+0000] {processor.py:830} INFO - Processing file /home/airflow/.local/lib/python3.12/site-packages/airflow/example_dags/example_short_circuit_operator.py for tasks to queue
[2026-08-13T13:42:35.737+0000] {logging_mixin.py:188} INFO - [2026-08-13T13:42:35.736+0000] {dagbag.py:545} INFO - Filling up the DagBag from /home/airflow/.local/lib/python3.12/site-packages/airflow/example_dags/example_short_circuit_operator.py
[2026-08-13T13:42:35.772+0000] {processor.py:840} INFO - DAG(s) 'example_short_circuit_operator' retrieved from /home/airflow/.local/lib/python3.12/site-packages/airflow/example_dags/example_short_circuit_operator.py
[2026-08-13T13:42:35.890+0000] {logging_mixin.py:188} INFO - [2026-08-13T13:42:35.889+0000] {dag.py:3089} INFO - Sync 1 DAGs
[2026-08-13T13:42:35.958+0000] {logging_mixin.py:188} INFO - [2026-08-13T13:42:35.958+0000] {dag.py:3947} INFO - Setting next_dagrun for example_short_circuit_operator to 2026-08-12 00:00:00+00:00, run_after=2026-08-13 00:00:00+00:00
[2026-08-13T13:42:36.018+0000] {processor.py:183} INFO - Processing /home/airflow/.local/lib/python3.12/site-packages/airflow/example_dags/example_short_circuit_operator.py took 0.303 seconds
[2026-08-13T13:43:07.187+0000] {processor.py:161} INFO - Started process (PID=2560) to work on /home/airflow/.local/lib/python3.12/site-packages/airflow/example_dags/example_short_circuit_operator.py
[2026-08-13T13:43:07.191+0000] {processor.py:830} INFO - Processing file /home/airflow/.local/lib/python3.12/site-packages/airflow/example_dags/example_short_circuit_operator.py for tasks to queue
[2026-08-13T13:43:07.200+0000] {logging_mixin.py:188} INFO - [2026-08-13T13:43:07.197+0000] {dagbag.py:545} INFO - Filling up the DagBag from /home/airflow/.local/lib/python3.12/site-packages/airflow/example_dags/example_short_circuit_operator.py
[2026-08-13T13:43:07.222+0000] {processor.py:840} INFO - DAG(s) 'example_short_circuit_operator' retrieved from /home/airflow/.local/lib/python3.12/site-packages/airflow/example_dags/example_short_circuit_operator.py
[2026-08-13T13:43:07.281+0000] {logging_mixin.py:188} INFO - [2026-08-13T13:43:07.280+0000] {dag.py:3089} INFO - Sync 1 DAGs
[2026-08-13T13:43:07.335+0000] {logging_mixin.py:188} INFO - [2026-08-13T13:43:07.334+0000] {dag.py:3947} INFO - Setting next_dagrun for example_short_circuit_operator to 2026-08-12 00:00:00+00:00, run_after=2026-08-13 00:00:00+00:00
[2026-08-13T13:43:07.388+0000] {processor.py:183} INFO - Processing /home/airflow/.local/lib/python3.12/site-packages/airflow/example_dags/example_short_circuit_operator.py took 0.217 seconds
[2026-08-13T13:43:38.423+0000] {processor.py:161} INFO - Started process (PID=2630) to work on /home/airflow/.local/lib/python3.12/site-packages/airflow/example_dags/example_short_circuit_operator.py
[2026-08-13T13:43:38.427+0000] {processor.py:830} INFO - Processing file /home/airflow/.local/lib/python3.12/site-packages/airflow/example_dags/example_short_circuit_operator.py for tasks to queue
[2026-08-13T13:43:38.434+0000] {logging_mixin.py:188} INFO - [2026-08-13T13:43:38.433+0000] {dagbag.py:545} INFO - Filling up the DagBag from /home/airflow/.local/lib/python3.12/site-packages/airflow/example_dags/example_short_circuit_operator.py
[2026-08-13T13:43:38.456+0000] {processor.py:840} INFO - DAG(s) 'example_short_circuit_operator' retrieved from /home/airflow/.local/lib/python3.12/site-packages/airflow/example_dags/example_short_circuit_operator.py
[2026-08-13T13:43:38.510+0000] {logging_mixin.py:188} INFO - [2026-08-13T13:43:38.509+0000] {dag.py:3089} INFO - Sync 1 DAGs
[2026-08-13T13:43:38.552+0000] {logging_mixin.py:188} INFO - [2026-08-13T13:43:38.551+0000] {dag.py:3947} INFO - Setting next_dagrun for example_short_circuit_operator to 2026-08-12 00:00:00+00:00, run_after=2026-08-13 00:00:00+00:00
[2026-08-13T13:43:38.613+0000] {processor.py:183} INFO - Processing /home/airflow/.local/lib/python3.12/site-packages/airflow/example_dags/example_short_circuit_operator.py took 0.209 seconds
[2026-08-13T13:44:09.059+0000] {processor.py:161} INFO - Started process (PID=2701) to work on /home/airflow/.local/lib/python3.12/site-packages/airflow/example_dags/example_short_circuit_operator.py
[2026-08-13T13:44:09.062+0000] {processor.py:830} INFO - Processing file /home/airflow/.local/lib/python3.12/site-packages/airflow/example_dags/example_short_circuit_operator.py for tasks to queue
[2026-08-13T13:44:09.068+0000] {logging_mixin.py:188} INFO - [2026-08-13T13:44:09.067+0000] {dagbag.py:545} INFO - Filling up the DagBag from /home/airflow/.local/lib/python3.12/site-packages/airflow/example_dags/example_short_circuit_operator.py
[2026-08-13T13:44:09.086+0000] {processor.py:840} INFO - DAG(s) 'example_short_circuit_operator' retrieved from /home/airflow/.local/lib/python3.12/site-packages/airflow/example_dags/example_short_circuit_operator.py
[2026-08-13T13:44:09.161+0000] {logging_mixin.py:188} INFO - [2026-08-13T13:44:09.160+0000] {dag.py:3089} INFO - Sync 1 DAGs
[2026-08-13T13:44:09.228+0000] {logging_mixin.py:188} INFO - [2026-08-13T13:44:09.228+0000] {dag.py:3947} INFO - Setting next_dagrun for example_short_circuit_operator to 2026-08-12 00:00:00+00:00, run_after=2026-08-13 00:00:00+00:00
[2026-08-13T13:44:09.283+0000] {processor.py:183} INFO - Processing /home/airflow/.local/lib/python3.12/site-packages/airflow/example_dags/example_short_circuit_operator.py took 0.241 seconds
[2026-08-13T13:44:40.015+0000] {processor.py:161} INFO - Started process (PID=2772) to work on /home/airflow/.local/lib/python3.12/site-packages/airflow/example_dags/example_short_circuit_operator.py
[2026-08-13T13:44:40.025+0000] {processor.py:830} INFO - Processing file /home/airflow/.local/lib/python3.12/site-packages/airflow/example_dags/example_short_circuit_operator.py for tasks to queue
[2026-08-13T13:44:40.055+0000] {logging_mixin.py:188} INFO - [2026-08-13T13:44:40.047+0000] {dagbag.py:545} INFO - Filling up the DagBag from /home/airflow/.local/lib/python3.12/site-packages/airflow/example_dags/example_short_circuit_operator.py
[2026-08-13T13:44:40.099+0000] {processor.py:840} INFO - DAG(s) 'example_short_circuit_operator' retrieved from /home/airflow/.local/lib/python3.12/site-packages/airflow/example_dags/example_short_circuit_operator.py
[2026-08-13T13:44:40.207+0000] {logging_mixin.py:188} INFO - [2026-08-13T13:44:40.203+0000] {dag.py:3089} INFO - Sync 1 DAGs
[2026-08-13T13:44:40.382+0000] {logging_mixin.py:188} INFO - [2026-08-13T13:44:40.381+0000] {dag.py:3947} INFO - Setting next_dagrun for example_short_circuit_operator to 2026-08-12 00:00:00+00:00, run_after=2026-08-13 00:00:00+00:00
[2026-08-13T13:44:40.545+0000] {processor.py:183} INFO - Processing /home/airflow/.local/lib/python3.12/site-packages/airflow/example_dags/example_short_circuit_operator.py took 0.573 seconds
[2026-08-13T13:45:10.834+0000] {processor.py:161} INFO - Started process (PID=2844) to work on /home/airflow/.local/lib/python3.12/site-packages/airflow/example_dags/example_short_circuit_operator.py
[2026-08-13T13:45:10.840+0000] {processor.py:830} INFO - Processing file /home/airflow/.local/lib/python3.12/site-packages/airflow/example_dags/example_short_circuit_operator.py for tasks to queue
[2026-08-13T13:45:10.851+0000] {logging_mixin.py:188} INFO - [2026-08-13T13:45:10.849+0000] {dagbag.py:545} INFO - Filling up the DagBag from /home/airflow/.local/lib/python3.12/site-packages/airflow/example_dags/example_short_circuit_operator.py
[2026-08-13T13:45:10.910+0000] {processor.py:840} INFO - DAG(s) 'example_short_circuit_operator' retrieved from /home/airflow/.local/lib/python3.12/site-packages/airflow/example_dags/example_short_circuit_operator.py
[2026-08-13T13:45:10.980+0000] {logging_mixin.py:188} INFO - [2026-08-13T13:45:10.979+0000] {dag.py:3089} INFO - Sync 1 DAGs
[2026-08-13T13:45:11.055+0000] {logging_mixin.py:188} INFO - [2026-08-13T13:45:11.055+0000] {dag.py:3947} INFO - Setting next_dagrun for example_short_circuit_operator to 2026-08-12 00:00:00+00:00, run_after=2026-08-13 00:00:00+00:00
[2026-08-13T13:45:11.113+0000] {processor.py:183} INFO - Processing /home/airflow/.local/lib/python3.12/site-packages/airflow/example_dags/example_short_circuit_operator.py took 0.324 seconds
[2026-08-13T13:45:41.514+0000] {processor.py:161} INFO - Started process (PID=2910) to work on /home/airflow/.local/lib/python3.12/site-packages/airflow/example_dags/example_short_circuit_operator.py
[2026-08-13T13:45:41.519+0000] {processor.py:830} INFO - Processing file /home/airflow/.local/lib/python3.12/site-packages/airflow/example_dags/example_short_circuit_operator.py for tasks to queue
[2026-08-13T13:45:41.527+0000] {logging_mixin.py:188} INFO - [2026-08-13T13:45:41.526+0000] {dagbag.py:545} INFO - Filling up the DagBag from /home/airflow/.local/lib/python3.12/site-packages/airflow/example_dags/example_short_circuit_operator.py
[2026-08-13T13:45:41.552+0000] {processor.py:840} INFO - DAG(s) 'example_short_circuit_operator' retrieved from /home/airflow/.local/lib/python3.12/site-packages/airflow/example_dags/example_short_circuit_operator.py
[2026-08-13T13:45:41.631+0000] {logging_mixin.py:188} INFO - [2026-08-13T13:45:41.630+0000] {dag.py:3089} INFO - Sync 1 DAGs
[2026-08-13T13:45:41.704+0000] {logging_mixin.py:188} INFO - [2026-08-13T13:45:41.703+0000] {dag.py:3947} INFO - Setting next_dagrun for example_short_circuit_operator to 2026-08-12 00:00:00+00:00, run_after=2026-08-13 00:00:00+00:00
[2026-08-13T13:45:41.770+0000] {processor.py:183} INFO - Processing /home/airflow/.local/lib/python3.12/site-packages/airflow/example_dags/example_short_circuit_operator.py took 0.280 seconds
[2026-08-13T13:46:12.203+0000] {processor.py:161} INFO - Started process (PID=2983) to work on /home/airflow/.local/lib/python3.12/site-packages/airflow/example_dags/example_short_circuit_operator.py
[2026-08-13T13:46:12.205+0000] {processor.py:830} INFO - Processing file /home/airflow/.local/lib/python3.12/site-packages/airflow/example_dags/example_short_circuit_operator.py for tasks to queue
[2026-08-13T13:46:12.211+0000] {logging_mixin.py:188} INFO - [2026-08-13T13:46:12.210+0000] {dagbag.py:545} INFO - Filling up the DagBag from /home/airflow/.local/lib/python3.12/site-packages/airflow/example_dags/example_short_circuit_operator.py
[2026-08-13T13:46:12.229+0000] {processor.py:840} INFO - DAG(s) 'example_short_circuit_operator' retrieved from /home/airflow/.local/lib/python3.12/site-packages/airflow/example_dags/example_short_circuit_operator.py
[2026-08-13T13:46:12.288+0000] {logging_mixin.py:188} INFO - [2026-08-13T13:46:12.288+0000] {dag.py:3089} INFO - Sync 1 DAGs
[2026-08-13T13:46:12.344+0000] {logging_mixin.py:188} INFO - [2026-08-13T13:46:12.344+0000] {dag.py:3947} INFO - Setting next_dagrun for example_short_circuit_operator to 2026-08-12 00:00:00+00:00, run_after=2026-08-13 00:00:00+00:00
[2026-08-13T13:46:12.397+0000] {processor.py:183} INFO - Processing /home/airflow/.local/lib/python3.12/site-packages/airflow/example_dags/example_short_circuit_operator.py took 0.206 seconds
[2026-08-13T13:46:43.079+0000] {processor.py:161} INFO - Started process (PID=3057) to work on /home/airflow/.local/lib/python3.12/site-packages/airflow/example_dags/example_short_circuit_operator.py
[2026-08-13T13:46:43.085+0000] {processor.py:830} INFO - Processing file /home/airflow/.local/lib/python3.12/site-packages/airflow/example_dags/example_short_circuit_operator.py for tasks to queue
[2026-08-13T13:46:43.097+0000] {logging_mixin.py:188} INFO - [2026-08-13T13:46:43.096+0000] {dagbag.py:545} INFO - Filling up the DagBag from /home/airflow/.local/lib/python3.12/site-packages/airflow/example_dags/example_short_circuit_operator.py
[2026-08-13T13:46:43.116+0000] {processor.py:840} INFO - DAG(s) 'example_short_circuit_operator' retrieved from /home/airflow/.local/lib/python3.12/site-packages/airflow/example_dags/example_short_circuit_operator.py
[2026-08-13T13:46:43.173+0000] {logging_mixin.py:188} INFO - [2026-08-13T13:46:43.172+0000] {dag.py:3089} INFO - Sync 1 DAGs
[2026-08-13T13:46:43.229+0000] {logging_mixin.py:188} INFO - [2026-08-13T13:46:43.228+0000] {dag.py:3947} INFO - Setting next_dagrun for example_short_circuit_operator to 2026-08-12 00:00:00+00:00, run_after=2026-08-13 00:00:00+00:00
[2026-08-13T13:46:43.284+0000] {processor.py:183} INFO - Processing /home/airflow/.local/lib/python3.12/site-packages/airflow/example_dags/example_short_circuit_operator.py took 0.222 seconds
[2026-08-13T13:47:14.148+0000] {processor.py:161} INFO - Started process (PID=3129) to work on /home/airflow/.local/lib/python3.12/site-packages/airflow/example_dags/example_short_circuit_operator.py
[2026-08-13T13:47:14.151+0000] {processor.py:830} INFO - Processing file /home/airflow/.local/lib/python3.12/site-packages/airflow/example_dags/example_short_circuit_operator.py for tasks to queue
[2026-08-13T13:47:14.156+0000] {logging_mixin.py:188} INFO - [2026-08-13T13:47:14.155+0000] {dagbag.py:545} INFO - Filling up the DagBag from /home/airflow/.local/lib/python3.12/site-packages/airflow/example_dags/example_short_circuit_operator.py
[2026-08-13T13:47:14.173+0000] {processor.py:840} INFO - DAG(s) 'example_short_circuit_operator' retrieved from /home/airflow/.local/lib/python3.12/site-packages/airflow/example_dags/example_short_circuit_operator.py
[2026-08-13T13:47:14.230+0000] {logging_mixin.py:188} INFO - [2026-08-13T13:47:14.229+0000] {dag.py:3089} INFO - Sync 1 DAGs
[2026-08-13T13:47:14.276+0000] {logging_mixin.py:188} INFO - [2026-08-13T13:47:14.276+0000] {dag.py:3947} INFO - Setting next_dagrun for example_short_circuit_operator to 2026-08-12 00:00:00+00:00, run_after=2026-08-13 00:00:00+00:00
[2026-08-13T13:47:14.336+0000] {processor.py:183} INFO - Processing /home/airflow/.local/lib/python3.12/site-packages/airflow/example_dags/example_short_circuit_operator.py took 0.201 seconds
[2026-08-13T13:47:44.550+0000] {processor.py:161} INFO - Started process (PID=3202) to work on /home/airflow/.local/lib/python3.12/site-packages/airflow/example_dags/example_short_circuit_operator.py
[2026-08-13T13:47:44.560+0000] {processor.py:830} INFO - Processing file /home/airflow/.local/lib/python3.12/site-packages/airflow/example_dags/example_short_circuit_operator.py for tasks to queue
[2026-08-13T13:47:44.569+0000] {logging_mixin.py:188} INFO - [2026-08-13T13:47:44.568+0000] {dagbag.py:545} INFO - Filling up the DagBag from /home/airflow/.local/lib/python3.12/site-packages/airflow/example_dags/example_short_circuit_operator.py
[2026-08-13T13:47:44.593+0000] {processor.py:840} INFO - DAG(s) 'example_short_circuit_operator' retrieved from /home/airflow/.local/lib/python3.12/site-packages/airflow/example_dags/example_short_circuit_operator.py
[2026-08-13T13:47:44.676+0000] {logging_mixin.py:188} INFO - [2026-08-13T13:47:44.675+0000] {dag.py:3089} INFO - Sync 1 DAGs
[2026-08-13T13:47:44.761+0000] {logging_mixin.py:188} INFO - [2026-08-13T13:47:44.760+0000] {dag.py:3947} INFO - Setting next_dagrun for example_short_circuit_operator to 2026-08-12 00:00:00+00:00, run_after=2026-08-13 00:00:00+00:00
[2026-08-13T13:47:44.816+0000] {processor.py:183} INFO - Processing /home/airflow/.local/lib/python3.12/site-packages/airflow/example_dags/example_short_circuit_operator.py took 0.298 seconds
[2026-08-13T13:48:15.566+0000] {processor.py:161} INFO - Started process (PID=3275) to work on /home/airflow/.local/lib/python3.12/site-packages/airflow/example_dags/example_short_circuit_operator.py
[2026-08-13T13:48:15.570+0000] {processor.py:830} INFO - Processing file /home/airflow/.local/lib/python3.12/site-packages/airflow/example_dags/example_short_circuit_operator.py for tasks to queue
[2026-08-13T13:48:15.576+0000] {logging_mixin.py:188} INFO - [2026-08-13T13:48:15.575+0000] {dagbag.py:545} INFO - Filling up the DagBag from /home/airflow/.local/lib/python3.12/site-packages/airflow/example_dags/example_short_circuit_operator.py
[2026-08-13T13:48:15.601+0000] {processor.py:840} INFO - DAG(s) 'example_short_circuit_operator' retrieved from /home/airflow/.local/lib/python3.12/site-packages/airflow/example_dags/example_short_circuit_operator.py
[2026-08-13T13:48:15.665+0000] {logging_mixin.py:188} INFO - [2026-08-13T13:48:15.664+0000] {dag.py:3089} INFO - Sync 1 DAGs
[2026-08-13T13:48:15.718+0000] {logging_mixin.py:188} INFO - [2026-08-13T13:48:15.718+0000] {dag.py:3947} INFO - Setting next_dagrun for example_short_circuit_operator to 2026-08-12 00:00:00+00:00, run_after=2026-08-13 00:00:00+00:00
[2026-08-13T13:48:15.769+0000] {processor.py:183} INFO - Processing /home/airflow/.local/lib/python3.12/site-packages/airflow/example_dags/example_short_circuit_operator.py took 0.217 seconds
[2026-08-13T13:48:46.221+0000] {processor.py:161} INFO - Started process (PID=3341) to work on /home/airflow/.local/lib/python3.12/site-packages/airflow/example_dags/example_short_circuit_operator.py
[2026-08-13T13:48:46.224+0000] {processor.py:830} INFO - Processing file /home/airflow/.local/lib/python3.12/site-packages/airflow/example_dags/example_short_circuit_operator.py for tasks to queue
[2026-08-13T13:48:46.229+0000] {logging_mixin.py:188} INFO - [2026-08-13T13:48:46.228+0000] {dagbag.py:545} INFO - Filling up the DagBag from /home/airflow/.local/lib/python3.12/site-packages/airflow/example_dags/example_short_circuit_operator.py
[2026-08-13T13:48:46.244+0000] {processor.py:840} INFO - DAG(s) 'example_short_circuit_operator' retrieved from /home/airflow/.local/lib/python3.12/site-packages/airflow/example_dags/example_short_circuit_operator.py
[2026-08-13T13:48:46.306+0000] {logging_mixin.py:188} INFO - [2026-08-13T13:48:46.305+0000] {dag.py:3089} INFO - Sync 1 DAGs
[2026-08-13T13:48:46.366+0000] {logging_mixin.py:188} INFO - [2026-08-13T13:48:46.365+0000] {dag.py:3947} INFO - Setting next_dagrun for example_short_circuit_operator to 2026-08-12 00:00:00+00:00, run_after=2026-08-13 00:00:00+00:00
[2026-08-13T13:48:46.445+0000] {processor.py:183} INFO - Processing /home/airflow/.local/lib/python3.12/site-packages/airflow/example_dags/example_short_circuit_operator.py took 0.233 seconds
[2026-08-13T13:49:17.210+0000] {processor.py:161} INFO - Started process (PID=3414) to work on /home/airflow/.local/lib/python3.12/site-packages/airflow/example_dags/example_short_circuit_operator.py
[2026-08-13T13:49:17.213+0000] {processor.py:830} INFO - Processing file /home/airflow/.local/lib/python3.12/site-packages/airflow/example_dags/example_short_circuit_operator.py for tasks to queue
[2026-08-13T13:49:17.220+0000] {logging_mixin.py:188} INFO - [2026-08-13T13:49:17.219+0000] {dagbag.py:545} INFO - Filling up the DagBag from /home/airflow/.local/lib/python3.12/site-packages/airflow/example_dags/example_short_circuit_operator.py
[2026-08-13T13:49:17.258+0000] {processor.py:840} INFO - DAG(s) 'example_short_circuit_operator' retrieved from /home/airflow/.local/lib/python3.12/site-packages/airflow/example_dags/example_short_circuit_operator.py
[2026-08-13T13:49:17.332+0000] {logging_mixin.py:188} INFO - [2026-08-13T13:49:17.331+0000] {dag.py:3089} INFO - Sync 1 DAGs
[2026-08-13T13:49:17.430+0000] {logging_mixin.py:188} INFO - [2026-08-13T13:49:17.430+0000] {dag.py:3947} INFO - Setting next_dagrun for example_short_circuit_operator to 2026-08-12 00:00:00+00:00, run_after=2026-08-13 00:00:00+00:00
[2026-08-13T13:49:17.488+0000] {processor.py:183} INFO - Processing /home/airflow/.local/lib/python3.12/site-packages/airflow/example_dags/example_short_circuit_operator.py took 0.298 seconds
[2026-08-13T13:49:47.786+0000] {processor.py:161} INFO - Started process (PID=3488) to work on /home/airflow/.local/lib/python3.12/site-packages/airflow/example_dags/example_short_circuit_operator.py
[2026-08-13T13:49:47.790+0000] {processor.py:830} INFO - Processing file /home/airflow/.local/lib/python3.12/site-packages/airflow/example_dags/example_short_circuit_operator.py for tasks to queue
[2026-08-13T13:49:47.797+0000] {logging_mixin.py:188} INFO - [2026-08-13T13:49:47.796+0000] {dagbag.py:545} INFO - Filling up the DagBag from /home/airflow/.local/lib/python3.12/site-packages/airflow/example_dags/example_short_circuit_operator.py
[2026-08-13T13:49:47.825+0000] {processor.py:840} INFO - DAG(s) 'example_short_circuit_operator' retrieved from /home/airflow/.local/lib/python3.12/site-packages/airflow/example_dags/example_short_circuit_operator.py
[2026-08-13T13:49:47.924+0000] {logging_mixin.py:188} INFO - [2026-08-13T13:49:47.923+0000] {dag.py:3089} INFO - Sync 1 DAGs
[2026-08-13T13:49:48.011+0000] {logging_mixin.py:188} INFO - [2026-08-13T13:49:48.009+0000] {dag.py:3947} INFO - Setting next_dagrun for example_short_circuit_operator to 2026-08-12 00:00:00+00:00, run_after=2026-08-13 00:00:00+00:00
[2026-08-13T13:49:48.078+0000] {processor.py:183} INFO - Processing /home/airflow/.local/lib/python3.12/site-packages/airflow/example_dags/example_short_circuit_operator.py took 0.313 seconds
