[2026-08-13T13:24:08.149+0000] {processor.py:161} INFO - Started process (PID=85) to work on /home/airflow/.local/lib/python3.12/site-packages/airflow/example_dags/example_latest_only_with_trigger.py
[2026-08-13T13:24:08.155+0000] {processor.py:830} INFO - Processing file /home/airflow/.local/lib/python3.12/site-packages/airflow/example_dags/example_latest_only_with_trigger.py for tasks to queue
[2026-08-13T13:24:08.172+0000] {logging_mixin.py:188} INFO - [2026-08-13T13:24:08.170+0000] {dagbag.py:545} INFO - Filling up the DagBag from /home/airflow/.local/lib/python3.12/site-packages/airflow/example_dags/example_latest_only_with_trigger.py
[2026-08-13T13:24:08.278+0000] {processor.py:840} INFO - DAG(s) 'latest_only_with_trigger' retrieved from /home/airflow/.local/lib/python3.12/site-packages/airflow/example_dags/example_latest_only_with_trigger.py
[2026-08-13T13:24:09.008+0000] {logging_mixin.py:188} INFO - [2026-08-13T13:24:09.007+0000] {dag.py:3089} INFO - Sync 1 DAGs
[2026-08-13T13:24:09.128+0000] {logging_mixin.py:188} INFO - [2026-08-13T13:24:09.127+0000] {dag.py:3947} INFO - Setting next_dagrun for latest_only_with_trigger to 2026-08-13 08:00:00+00:00, run_after=2026-08-13 12:00:00+00:00
[2026-08-13T13:24:09.255+0000] {processor.py:183} INFO - Processing /home/airflow/.local/lib/python3.12/site-packages/airflow/example_dags/example_latest_only_with_trigger.py took 1.124 seconds
[2026-08-13T13:24:44.659+0000] {processor.py:161} INFO - Started process (PID=158) to work on /home/airflow/.local/lib/python3.12/site-packages/airflow/example_dags/example_latest_only_with_trigger.py
[2026-08-13T13:24:44.683+0000] {processor.py:830} INFO - Processing file /home/airflow/.local/lib/python3.12/site-packages/airflow/example_dags/example_latest_only_with_trigger.py for tasks to queue
[2026-08-13T13:24:44.761+0000] {logging_mixin.py:188} INFO - [2026-08-13T13:24:44.760+0000] {dagbag.py:545} INFO - Filling up the DagBag from /home/airflow/.local/lib/python3.12/site-packages/airflow/example_dags/example_latest_only_with_trigger.py
[2026-08-13T13:24:44.792+0000] {processor.py:840} INFO - DAG(s) 'latest_only_with_trigger' retrieved from /home/airflow/.local/lib/python3.12/site-packages/airflow/example_dags/example_latest_only_with_trigger.py
[2026-08-13T13:24:45.042+0000] {logging_mixin.py:188} INFO - [2026-08-13T13:24:45.041+0000] {dag.py:3089} INFO - Sync 1 DAGs
[2026-08-13T13:24:45.254+0000] {logging_mixin.py:188} INFO - [2026-08-13T13:24:45.253+0000] {dag.py:3947} INFO - Setting next_dagrun for latest_only_with_trigger to 2026-08-13 08:00:00+00:00, run_after=2026-08-13 12:00:00+00:00
[2026-08-13T13:24:45.380+0000] {processor.py:183} INFO - Processing /home/airflow/.local/lib/python3.12/site-packages/airflow/example_dags/example_latest_only_with_trigger.py took 0.848 seconds
[2026-08-13T13:25:39.816+0000] {processor.py:161} INFO - Started process (PID=230) to work on /home/airflow/.local/lib/python3.12/site-packages/airflow/example_dags/example_latest_only_with_trigger.py
[2026-08-13T13:25:39.861+0000] {processor.py:830} INFO - Processing file /home/airflow/.local/lib/python3.12/site-packages/airflow/example_dags/example_latest_only_with_trigger.py for tasks to queue
[2026-08-13T13:25:39.925+0000] {logging_mixin.py:188} INFO - [2026-08-13T13:25:39.924+0000] {dagbag.py:545} INFO - Filling up the DagBag from /home/airflow/.local/lib/python3.12/site-packages/airflow/example_dags/example_latest_only_with_trigger.py
[2026-08-13T13:25:40.210+0000] {processor.py:840} INFO - DAG(s) 'latest_only_with_trigger' retrieved from /home/airflow/.local/lib/python3.12/site-packages/airflow/example_dags/example_latest_only_with_trigger.py
[2026-08-13T13:25:40.386+0000] {logging_mixin.py:188} INFO - [2026-08-13T13:25:40.386+0000] {dag.py:3089} INFO - Sync 1 DAGs
[2026-08-13T13:25:40.702+0000] {logging_mixin.py:188} INFO - [2026-08-13T13:25:40.692+0000] {dag.py:3947} INFO - Setting next_dagrun for latest_only_with_trigger to 2026-08-13 08:00:00+00:00, run_after=2026-08-13 12:00:00+00:00
[2026-08-13T13:25:40.943+0000] {processor.py:183} INFO - Processing /home/airflow/.local/lib/python3.12/site-packages/airflow/example_dags/example_latest_only_with_trigger.py took 1.275 seconds
[2026-08-13T13:26:12.090+0000] {processor.py:161} INFO - Started process (PID=303) to work on /home/airflow/.local/lib/python3.12/site-packages/airflow/example_dags/example_latest_only_with_trigger.py
[2026-08-13T13:26:12.093+0000] {processor.py:830} INFO - Processing file /home/airflow/.local/lib/python3.12/site-packages/airflow/example_dags/example_latest_only_with_trigger.py for tasks to queue
[2026-08-13T13:26:12.100+0000] {logging_mixin.py:188} INFO - [2026-08-13T13:26:12.099+0000] {dagbag.py:545} INFO - Filling up the DagBag from /home/airflow/.local/lib/python3.12/site-packages/airflow/example_dags/example_latest_only_with_trigger.py
[2026-08-13T13:26:12.117+0000] {processor.py:840} INFO - DAG(s) 'latest_only_with_trigger' retrieved from /home/airflow/.local/lib/python3.12/site-packages/airflow/example_dags/example_latest_only_with_trigger.py
[2026-08-13T13:26:12.169+0000] {logging_mixin.py:188} INFO - [2026-08-13T13:26:12.169+0000] {dag.py:3089} INFO - Sync 1 DAGs
[2026-08-13T13:26:12.216+0000] {logging_mixin.py:188} INFO - [2026-08-13T13:26:12.216+0000] {dag.py:3947} INFO - Setting next_dagrun for latest_only_with_trigger to 2026-08-13 08:00:00+00:00, run_after=2026-08-13 12:00:00+00:00
[2026-08-13T13:26:12.305+0000] {processor.py:183} INFO - Processing /home/airflow/.local/lib/python3.12/site-packages/airflow/example_dags/example_latest_only_with_trigger.py took 0.229 seconds
[2026-08-13T13:26:47.010+0000] {processor.py:161} INFO - Started process (PID=377) to work on /home/airflow/.local/lib/python3.12/site-packages/airflow/example_dags/example_latest_only_with_trigger.py
[2026-08-13T13:26:47.015+0000] {processor.py:830} INFO - Processing file /home/airflow/.local/lib/python3.12/site-packages/airflow/example_dags/example_latest_only_with_trigger.py for tasks to queue
[2026-08-13T13:26:47.022+0000] {logging_mixin.py:188} INFO - [2026-08-13T13:26:47.021+0000] {dagbag.py:545} INFO - Filling up the DagBag from /home/airflow/.local/lib/python3.12/site-packages/airflow/example_dags/example_latest_only_with_trigger.py
[2026-08-13T13:26:47.058+0000] {processor.py:840} INFO - DAG(s) 'latest_only_with_trigger' retrieved from /home/airflow/.local/lib/python3.12/site-packages/airflow/example_dags/example_latest_only_with_trigger.py
[2026-08-13T13:26:47.140+0000] {logging_mixin.py:188} INFO - [2026-08-13T13:26:47.140+0000] {dag.py:3089} INFO - Sync 1 DAGs
[2026-08-13T13:26:47.202+0000] {logging_mixin.py:188} INFO - [2026-08-13T13:26:47.202+0000] {dag.py:3947} INFO - Setting next_dagrun for latest_only_with_trigger to 2026-08-13 08:00:00+00:00, run_after=2026-08-13 12:00:00+00:00
[2026-08-13T13:26:47.260+0000] {processor.py:183} INFO - Processing /home/airflow/.local/lib/python3.12/site-packages/airflow/example_dags/example_latest_only_with_trigger.py took 0.276 seconds
[2026-08-13T13:27:18.489+0000] {processor.py:161} INFO - Started process (PID=442) to work on /home/airflow/.local/lib/python3.12/site-packages/airflow/example_dags/example_latest_only_with_trigger.py
[2026-08-13T13:27:18.492+0000] {processor.py:830} INFO - Processing file /home/airflow/.local/lib/python3.12/site-packages/airflow/example_dags/example_latest_only_with_trigger.py for tasks to queue
[2026-08-13T13:27:18.498+0000] {logging_mixin.py:188} INFO - [2026-08-13T13:27:18.497+0000] {dagbag.py:545} INFO - Filling up the DagBag from /home/airflow/.local/lib/python3.12/site-packages/airflow/example_dags/example_latest_only_with_trigger.py
[2026-08-13T13:27:18.518+0000] {processor.py:840} INFO - DAG(s) 'latest_only_with_trigger' retrieved from /home/airflow/.local/lib/python3.12/site-packages/airflow/example_dags/example_latest_only_with_trigger.py
[2026-08-13T13:27:18.587+0000] {logging_mixin.py:188} INFO - [2026-08-13T13:27:18.587+0000] {dag.py:3089} INFO - Sync 1 DAGs
[2026-08-13T13:27:18.656+0000] {logging_mixin.py:188} INFO - [2026-08-13T13:27:18.656+0000] {dag.py:3947} INFO - Setting next_dagrun for latest_only_with_trigger to 2026-08-13 08:00:00+00:00, run_after=2026-08-13 12:00:00+00:00
[2026-08-13T13:27:18.724+0000] {processor.py:183} INFO - Processing /home/airflow/.local/lib/python3.12/site-packages/airflow/example_dags/example_latest_only_with_trigger.py took 0.257 seconds
[2026-08-13T13:27:50.318+0000] {processor.py:161} INFO - Started process (PID=515) to work on /home/airflow/.local/lib/python3.12/site-packages/airflow/example_dags/example_latest_only_with_trigger.py
[2026-08-13T13:27:50.321+0000] {processor.py:830} INFO - Processing file /home/airflow/.local/lib/python3.12/site-packages/airflow/example_dags/example_latest_only_with_trigger.py for tasks to queue
[2026-08-13T13:27:50.326+0000] {logging_mixin.py:188} INFO - [2026-08-13T13:27:50.325+0000] {dagbag.py:545} INFO - Filling up the DagBag from /home/airflow/.local/lib/python3.12/site-packages/airflow/example_dags/example_latest_only_with_trigger.py
[2026-08-13T13:27:50.339+0000] {processor.py:840} INFO - DAG(s) 'latest_only_with_trigger' retrieved from /home/airflow/.local/lib/python3.12/site-packages/airflow/example_dags/example_latest_only_with_trigger.py
[2026-08-13T13:27:50.375+0000] {logging_mixin.py:188} INFO - [2026-08-13T13:27:50.375+0000] {dag.py:3089} INFO - Sync 1 DAGs
[2026-08-13T13:27:50.417+0000] {logging_mixin.py:188} INFO - [2026-08-13T13:27:50.416+0000] {dag.py:3947} INFO - Setting next_dagrun for latest_only_with_trigger to 2026-08-13 08:00:00+00:00, run_after=2026-08-13 12:00:00+00:00
[2026-08-13T13:27:50.456+0000] {processor.py:183} INFO - Processing /home/airflow/.local/lib/python3.12/site-packages/airflow/example_dags/example_latest_only_with_trigger.py took 0.147 seconds
[2026-08-13T13:28:22.922+0000] {processor.py:161} INFO - Started process (PID=586) to work on /home/airflow/.local/lib/python3.12/site-packages/airflow/example_dags/example_latest_only_with_trigger.py
[2026-08-13T13:28:22.925+0000] {processor.py:830} INFO - Processing file /home/airflow/.local/lib/python3.12/site-packages/airflow/example_dags/example_latest_only_with_trigger.py for tasks to queue
[2026-08-13T13:28:22.933+0000] {logging_mixin.py:188} INFO - [2026-08-13T13:28:22.932+0000] {dagbag.py:545} INFO - Filling up the DagBag from /home/airflow/.local/lib/python3.12/site-packages/airflow/example_dags/example_latest_only_with_trigger.py
[2026-08-13T13:28:22.953+0000] {processor.py:840} INFO - DAG(s) 'latest_only_with_trigger' retrieved from /home/airflow/.local/lib/python3.12/site-packages/airflow/example_dags/example_latest_only_with_trigger.py
[2026-08-13T13:28:23.003+0000] {logging_mixin.py:188} INFO - [2026-08-13T13:28:23.003+0000] {dag.py:3089} INFO - Sync 1 DAGs
[2026-08-13T13:28:23.066+0000] {logging_mixin.py:188} INFO - [2026-08-13T13:28:23.066+0000] {dag.py:3947} INFO - Setting next_dagrun for latest_only_with_trigger to 2026-08-13 08:00:00+00:00, run_after=2026-08-13 12:00:00+00:00
[2026-08-13T13:28:23.153+0000] {processor.py:183} INFO - Processing /home/airflow/.local/lib/python3.12/site-packages/airflow/example_dags/example_latest_only_with_trigger.py took 0.246 seconds
[2026-08-13T13:28:56.404+0000] {processor.py:161} INFO - Started process (PID=659) to work on /home/airflow/.local/lib/python3.12/site-packages/airflow/example_dags/example_latest_only_with_trigger.py
[2026-08-13T13:28:56.408+0000] {processor.py:830} INFO - Processing file /home/airflow/.local/lib/python3.12/site-packages/airflow/example_dags/example_latest_only_with_trigger.py for tasks to queue
[2026-08-13T13:28:56.415+0000] {logging_mixin.py:188} INFO - [2026-08-13T13:28:56.414+0000] {dagbag.py:545} INFO - Filling up the DagBag from /home/airflow/.local/lib/python3.12/site-packages/airflow/example_dags/example_latest_only_with_trigger.py
[2026-08-13T13:28:56.434+0000] {processor.py:840} INFO - DAG(s) 'latest_only_with_trigger' retrieved from /home/airflow/.local/lib/python3.12/site-packages/airflow/example_dags/example_latest_only_with_trigger.py
[2026-08-13T13:28:56.508+0000] {logging_mixin.py:188} INFO - [2026-08-13T13:28:56.507+0000] {dag.py:3089} INFO - Sync 1 DAGs
[2026-08-13T13:28:56.569+0000] {logging_mixin.py:188} INFO - [2026-08-13T13:28:56.569+0000] {dag.py:3947} INFO - Setting next_dagrun for latest_only_with_trigger to 2026-08-13 08:00:00+00:00, run_after=2026-08-13 12:00:00+00:00
[2026-08-13T13:28:56.617+0000] {processor.py:183} INFO - Processing /home/airflow/.local/lib/python3.12/site-packages/airflow/example_dags/example_latest_only_with_trigger.py took 0.230 seconds
[2026-08-13T13:29:29.869+0000] {processor.py:161} INFO - Started process (PID=733) to work on /home/airflow/.local/lib/python3.12/site-packages/airflow/example_dags/example_latest_only_with_trigger.py
[2026-08-13T13:29:29.877+0000] {processor.py:830} INFO - Processing file /home/airflow/.local/lib/python3.12/site-packages/airflow/example_dags/example_latest_only_with_trigger.py for tasks to queue
[2026-08-13T13:29:29.891+0000] {logging_mixin.py:188} INFO - [2026-08-13T13:29:29.887+0000] {dagbag.py:545} INFO - Filling up the DagBag from /home/airflow/.local/lib/python3.12/site-packages/airflow/example_dags/example_latest_only_with_trigger.py
[2026-08-13T13:29:29.927+0000] {processor.py:840} INFO - DAG(s) 'latest_only_with_trigger' retrieved from /home/airflow/.local/lib/python3.12/site-packages/airflow/example_dags/example_latest_only_with_trigger.py
[2026-08-13T13:29:29.999+0000] {logging_mixin.py:188} INFO - [2026-08-13T13:29:29.998+0000] {dag.py:3089} INFO - Sync 1 DAGs
[2026-08-13T13:29:30.151+0000] {logging_mixin.py:188} INFO - [2026-08-13T13:29:30.140+0000] {dag.py:3947} INFO - Setting next_dagrun for latest_only_with_trigger to 2026-08-13 08:00:00+00:00, run_after=2026-08-13 12:00:00+00:00
[2026-08-13T13:29:30.265+0000] {processor.py:183} INFO - Processing /home/airflow/.local/lib/python3.12/site-packages/airflow/example_dags/example_latest_only_with_trigger.py took 0.443 seconds
[2026-08-13T13:30:02.587+0000] {processor.py:161} INFO - Started process (PID=806) to work on /home/airflow/.local/lib/python3.12/site-packages/airflow/example_dags/example_latest_only_with_trigger.py
[2026-08-13T13:30:02.591+0000] {processor.py:830} INFO - Processing file /home/airflow/.local/lib/python3.12/site-packages/airflow/example_dags/example_latest_only_with_trigger.py for tasks to queue
[2026-08-13T13:30:02.601+0000] {logging_mixin.py:188} INFO - [2026-08-13T13:30:02.600+0000] {dagbag.py:545} INFO - Filling up the DagBag from /home/airflow/.local/lib/python3.12/site-packages/airflow/example_dags/example_latest_only_with_trigger.py
[2026-08-13T13:30:02.624+0000] {processor.py:840} INFO - DAG(s) 'latest_only_with_trigger' retrieved from /home/airflow/.local/lib/python3.12/site-packages/airflow/example_dags/example_latest_only_with_trigger.py
[2026-08-13T13:30:02.760+0000] {logging_mixin.py:188} INFO - [2026-08-13T13:30:02.758+0000] {dag.py:3089} INFO - Sync 1 DAGs
[2026-08-13T13:30:02.833+0000] {logging_mixin.py:188} INFO - [2026-08-13T13:30:02.833+0000] {dag.py:3947} INFO - Setting next_dagrun for latest_only_with_trigger to 2026-08-13 08:00:00+00:00, run_after=2026-08-13 12:00:00+00:00
[2026-08-13T13:30:02.910+0000] {processor.py:183} INFO - Processing /home/airflow/.local/lib/python3.12/site-packages/airflow/example_dags/example_latest_only_with_trigger.py took 0.346 seconds
[2026-08-13T13:30:35.441+0000] {processor.py:161} INFO - Started process (PID=879) to work on /home/airflow/.local/lib/python3.12/site-packages/airflow/example_dags/example_latest_only_with_trigger.py
[2026-08-13T13:30:35.446+0000] {processor.py:830} INFO - Processing file /home/airflow/.local/lib/python3.12/site-packages/airflow/example_dags/example_latest_only_with_trigger.py for tasks to queue
[2026-08-13T13:30:35.454+0000] {logging_mixin.py:188} INFO - [2026-08-13T13:30:35.453+0000] {dagbag.py:545} INFO - Filling up the DagBag from /home/airflow/.local/lib/python3.12/site-packages/airflow/example_dags/example_latest_only_with_trigger.py
[2026-08-13T13:30:35.475+0000] {processor.py:840} INFO - DAG(s) 'latest_only_with_trigger' retrieved from /home/airflow/.local/lib/python3.12/site-packages/airflow/example_dags/example_latest_only_with_trigger.py
[2026-08-13T13:30:35.559+0000] {logging_mixin.py:188} INFO - [2026-08-13T13:30:35.558+0000] {dag.py:3089} INFO - Sync 1 DAGs
[2026-08-13T13:30:35.633+0000] {logging_mixin.py:188} INFO - [2026-08-13T13:30:35.632+0000] {dag.py:3947} INFO - Setting next_dagrun for latest_only_with_trigger to 2026-08-13 08:00:00+00:00, run_after=2026-08-13 12:00:00+00:00
[2026-08-13T13:30:35.695+0000] {processor.py:183} INFO - Processing /home/airflow/.local/lib/python3.12/site-packages/airflow/example_dags/example_latest_only_with_trigger.py took 0.274 seconds
[2026-08-13T13:31:07.557+0000] {processor.py:161} INFO - Started process (PID=945) to work on /home/airflow/.local/lib/python3.12/site-packages/airflow/example_dags/example_latest_only_with_trigger.py
[2026-08-13T13:31:07.560+0000] {processor.py:830} INFO - Processing file /home/airflow/.local/lib/python3.12/site-packages/airflow/example_dags/example_latest_only_with_trigger.py for tasks to queue
[2026-08-13T13:31:07.565+0000] {logging_mixin.py:188} INFO - [2026-08-13T13:31:07.565+0000] {dagbag.py:545} INFO - Filling up the DagBag from /home/airflow/.local/lib/python3.12/site-packages/airflow/example_dags/example_latest_only_with_trigger.py
[2026-08-13T13:31:07.580+0000] {processor.py:840} INFO - DAG(s) 'latest_only_with_trigger' retrieved from /home/airflow/.local/lib/python3.12/site-packages/airflow/example_dags/example_latest_only_with_trigger.py
[2026-08-13T13:31:07.637+0000] {logging_mixin.py:188} INFO - [2026-08-13T13:31:07.636+0000] {dag.py:3089} INFO - Sync 1 DAGs
[2026-08-13T13:31:07.691+0000] {logging_mixin.py:188} INFO - [2026-08-13T13:31:07.690+0000] {dag.py:3947} INFO - Setting next_dagrun for latest_only_with_trigger to 2026-08-13 08:00:00+00:00, run_after=2026-08-13 12:00:00+00:00
[2026-08-13T13:31:07.743+0000] {processor.py:183} INFO - Processing /home/airflow/.local/lib/python3.12/site-packages/airflow/example_dags/example_latest_only_with_trigger.py took 0.198 seconds
[2026-08-13T13:31:40.640+0000] {processor.py:161} INFO - Started process (PID=1019) to work on /home/airflow/.local/lib/python3.12/site-packages/airflow/example_dags/example_latest_only_with_trigger.py
[2026-08-13T13:31:40.643+0000] {processor.py:830} INFO - Processing file /home/airflow/.local/lib/python3.12/site-packages/airflow/example_dags/example_latest_only_with_trigger.py for tasks to queue
[2026-08-13T13:31:40.649+0000] {logging_mixin.py:188} INFO - [2026-08-13T13:31:40.648+0000] {dagbag.py:545} INFO - Filling up the DagBag from /home/airflow/.local/lib/python3.12/site-packages/airflow/example_dags/example_latest_only_with_trigger.py
[2026-08-13T13:31:40.665+0000] {processor.py:840} INFO - DAG(s) 'latest_only_with_trigger' retrieved from /home/airflow/.local/lib/python3.12/site-packages/airflow/example_dags/example_latest_only_with_trigger.py
[2026-08-13T13:31:40.723+0000] {logging_mixin.py:188} INFO - [2026-08-13T13:31:40.723+0000] {dag.py:3089} INFO - Sync 1 DAGs
[2026-08-13T13:31:40.763+0000] {logging_mixin.py:188} INFO - [2026-08-13T13:31:40.763+0000] {dag.py:3947} INFO - Setting next_dagrun for latest_only_with_trigger to 2026-08-13 08:00:00+00:00, run_after=2026-08-13 12:00:00+00:00
[2026-08-13T13:31:40.807+0000] {processor.py:183} INFO - Processing /home/airflow/.local/lib/python3.12/site-packages/airflow/example_dags/example_latest_only_with_trigger.py took 0.182 seconds
[2026-08-13T13:32:12.829+0000] {processor.py:161} INFO - Started process (PID=1092) to work on /home/airflow/.local/lib/python3.12/site-packages/airflow/example_dags/example_latest_only_with_trigger.py
[2026-08-13T13:32:12.831+0000] {processor.py:830} INFO - Processing file /home/airflow/.local/lib/python3.12/site-packages/airflow/example_dags/example_latest_only_with_trigger.py for tasks to queue
[2026-08-13T13:32:12.836+0000] {logging_mixin.py:188} INFO - [2026-08-13T13:32:12.836+0000] {dagbag.py:545} INFO - Filling up the DagBag from /home/airflow/.local/lib/python3.12/site-packages/airflow/example_dags/example_latest_only_with_trigger.py
[2026-08-13T13:32:12.849+0000] {processor.py:840} INFO - DAG(s) 'latest_only_with_trigger' retrieved from /home/airflow/.local/lib/python3.12/site-packages/airflow/example_dags/example_latest_only_with_trigger.py
[2026-08-13T13:32:12.902+0000] {logging_mixin.py:188} INFO - [2026-08-13T13:32:12.901+0000] {dag.py:3089} INFO - Sync 1 DAGs
[2026-08-13T13:32:12.964+0000] {logging_mixin.py:188} INFO - [2026-08-13T13:32:12.963+0000] {dag.py:3947} INFO - Setting next_dagrun for latest_only_with_trigger to 2026-08-13 08:00:00+00:00, run_after=2026-08-13 12:00:00+00:00
[2026-08-13T13:32:13.019+0000] {processor.py:183} INFO - Processing /home/airflow/.local/lib/python3.12/site-packages/airflow/example_dags/example_latest_only_with_trigger.py took 0.200 seconds
[2026-08-13T13:32:45.534+0000] {processor.py:161} INFO - Started process (PID=1166) to work on /home/airflow/.local/lib/python3.12/site-packages/airflow/example_dags/example_latest_only_with_trigger.py
[2026-08-13T13:32:45.540+0000] {processor.py:830} INFO - Processing file /home/airflow/.local/lib/python3.12/site-packages/airflow/example_dags/example_latest_only_with_trigger.py for tasks to queue
[2026-08-13T13:32:45.549+0000] {logging_mixin.py:188} INFO - [2026-08-13T13:32:45.548+0000] {dagbag.py:545} INFO - Filling up the DagBag from /home/airflow/.local/lib/python3.12/site-packages/airflow/example_dags/example_latest_only_with_trigger.py
[2026-08-13T13:32:45.572+0000] {processor.py:840} INFO - DAG(s) 'latest_only_with_trigger' retrieved from /home/airflow/.local/lib/python3.12/site-packages/airflow/example_dags/example_latest_only_with_trigger.py
[2026-08-13T13:32:45.671+0000] {logging_mixin.py:188} INFO - [2026-08-13T13:32:45.670+0000] {dag.py:3089} INFO - Sync 1 DAGs
[2026-08-13T13:32:45.746+0000] {logging_mixin.py:188} INFO - [2026-08-13T13:32:45.746+0000] {dag.py:3947} INFO - Setting next_dagrun for latest_only_with_trigger to 2026-08-13 08:00:00+00:00, run_after=2026-08-13 12:00:00+00:00
[2026-08-13T13:32:45.814+0000] {processor.py:183} INFO - Processing /home/airflow/.local/lib/python3.12/site-packages/airflow/example_dags/example_latest_only_with_trigger.py took 0.310 seconds
[2026-08-13T13:33:18.256+0000] {processor.py:161} INFO - Started process (PID=1239) to work on /home/airflow/.local/lib/python3.12/site-packages/airflow/example_dags/example_latest_only_with_trigger.py
[2026-08-13T13:33:18.259+0000] {processor.py:830} INFO - Processing file /home/airflow/.local/lib/python3.12/site-packages/airflow/example_dags/example_latest_only_with_trigger.py for tasks to queue
[2026-08-13T13:33:18.266+0000] {logging_mixin.py:188} INFO - [2026-08-13T13:33:18.266+0000] {dagbag.py:545} INFO - Filling up the DagBag from /home/airflow/.local/lib/python3.12/site-packages/airflow/example_dags/example_latest_only_with_trigger.py
[2026-08-13T13:33:18.283+0000] {processor.py:840} INFO - DAG(s) 'latest_only_with_trigger' retrieved from /home/airflow/.local/lib/python3.12/site-packages/airflow/example_dags/example_latest_only_with_trigger.py
[2026-08-13T13:33:18.337+0000] {logging_mixin.py:188} INFO - [2026-08-13T13:33:18.337+0000] {dag.py:3089} INFO - Sync 1 DAGs
[2026-08-13T13:33:18.387+0000] {logging_mixin.py:188} INFO - [2026-08-13T13:33:18.386+0000] {dag.py:3947} INFO - Setting next_dagrun for latest_only_with_trigger to 2026-08-13 08:00:00+00:00, run_after=2026-08-13 12:00:00+00:00
[2026-08-13T13:33:18.436+0000] {processor.py:183} INFO - Processing /home/airflow/.local/lib/python3.12/site-packages/airflow/example_dags/example_latest_only_with_trigger.py took 0.197 seconds
[2026-08-13T13:33:51.249+0000] {processor.py:161} INFO - Started process (PID=1313) to work on /home/airflow/.local/lib/python3.12/site-packages/airflow/example_dags/example_latest_only_with_trigger.py
[2026-08-13T13:33:51.254+0000] {processor.py:830} INFO - Processing file /home/airflow/.local/lib/python3.12/site-packages/airflow/example_dags/example_latest_only_with_trigger.py for tasks to queue
[2026-08-13T13:33:51.262+0000] {logging_mixin.py:188} INFO - [2026-08-13T13:33:51.260+0000] {dagbag.py:545} INFO - Filling up the DagBag from /home/airflow/.local/lib/python3.12/site-packages/airflow/example_dags/example_latest_only_with_trigger.py
[2026-08-13T13:33:51.283+0000] {processor.py:840} INFO - DAG(s) 'latest_only_with_trigger' retrieved from /home/airflow/.local/lib/python3.12/site-packages/airflow/example_dags/example_latest_only_with_trigger.py
[2026-08-13T13:33:51.334+0000] {logging_mixin.py:188} INFO - [2026-08-13T13:33:51.333+0000] {dag.py:3089} INFO - Sync 1 DAGs
[2026-08-13T13:33:51.391+0000] {logging_mixin.py:188} INFO - [2026-08-13T13:33:51.391+0000] {dag.py:3947} INFO - Setting next_dagrun for latest_only_with_trigger to 2026-08-13 08:00:00+00:00, run_after=2026-08-13 12:00:00+00:00
[2026-08-13T13:33:51.436+0000] {processor.py:183} INFO - Processing /home/airflow/.local/lib/python3.12/site-packages/airflow/example_dags/example_latest_only_with_trigger.py took 0.211 seconds
[2026-08-13T13:34:23.635+0000] {processor.py:161} INFO - Started process (PID=1386) to work on /home/airflow/.local/lib/python3.12/site-packages/airflow/example_dags/example_latest_only_with_trigger.py
[2026-08-13T13:34:23.638+0000] {processor.py:830} INFO - Processing file /home/airflow/.local/lib/python3.12/site-packages/airflow/example_dags/example_latest_only_with_trigger.py for tasks to queue
[2026-08-13T13:34:23.642+0000] {logging_mixin.py:188} INFO - [2026-08-13T13:34:23.642+0000] {dagbag.py:545} INFO - Filling up the DagBag from /home/airflow/.local/lib/python3.12/site-packages/airflow/example_dags/example_latest_only_with_trigger.py
[2026-08-13T13:34:23.657+0000] {processor.py:840} INFO - DAG(s) 'latest_only_with_trigger' retrieved from /home/airflow/.local/lib/python3.12/site-packages/airflow/example_dags/example_latest_only_with_trigger.py
[2026-08-13T13:34:23.703+0000] {logging_mixin.py:188} INFO - [2026-08-13T13:34:23.702+0000] {dag.py:3089} INFO - Sync 1 DAGs
[2026-08-13T13:34:23.752+0000] {logging_mixin.py:188} INFO - [2026-08-13T13:34:23.751+0000] {dag.py:3947} INFO - Setting next_dagrun for latest_only_with_trigger to 2026-08-13 08:00:00+00:00, run_after=2026-08-13 12:00:00+00:00
[2026-08-13T13:34:23.796+0000] {processor.py:183} INFO - Processing /home/airflow/.local/lib/python3.12/site-packages/airflow/example_dags/example_latest_only_with_trigger.py took 0.171 seconds
[2026-08-13T13:34:56.415+0000] {processor.py:161} INFO - Started process (PID=1460) to work on /home/airflow/.local/lib/python3.12/site-packages/airflow/example_dags/example_latest_only_with_trigger.py
[2026-08-13T13:34:56.418+0000] {processor.py:830} INFO - Processing file /home/airflow/.local/lib/python3.12/site-packages/airflow/example_dags/example_latest_only_with_trigger.py for tasks to queue
[2026-08-13T13:34:56.424+0000] {logging_mixin.py:188} INFO - [2026-08-13T13:34:56.423+0000] {dagbag.py:545} INFO - Filling up the DagBag from /home/airflow/.local/lib/python3.12/site-packages/airflow/example_dags/example_latest_only_with_trigger.py
[2026-08-13T13:34:56.440+0000] {processor.py:840} INFO - DAG(s) 'latest_only_with_trigger' retrieved from /home/airflow/.local/lib/python3.12/site-packages/airflow/example_dags/example_latest_only_with_trigger.py
[2026-08-13T13:34:56.487+0000] {logging_mixin.py:188} INFO - [2026-08-13T13:34:56.487+0000] {dag.py:3089} INFO - Sync 1 DAGs
[2026-08-13T13:34:56.545+0000] {logging_mixin.py:188} INFO - [2026-08-13T13:34:56.544+0000] {dag.py:3947} INFO - Setting next_dagrun for latest_only_with_trigger to 2026-08-13 08:00:00+00:00, run_after=2026-08-13 12:00:00+00:00
[2026-08-13T13:34:56.591+0000] {processor.py:183} INFO - Processing /home/airflow/.local/lib/python3.12/site-packages/airflow/example_dags/example_latest_only_with_trigger.py took 0.189 seconds
[2026-08-13T13:35:28.943+0000] {processor.py:161} INFO - Started process (PID=1533) to work on /home/airflow/.local/lib/python3.12/site-packages/airflow/example_dags/example_latest_only_with_trigger.py
[2026-08-13T13:35:28.946+0000] {processor.py:830} INFO - Processing file /home/airflow/.local/lib/python3.12/site-packages/airflow/example_dags/example_latest_only_with_trigger.py for tasks to queue
[2026-08-13T13:35:28.954+0000] {logging_mixin.py:188} INFO - [2026-08-13T13:35:28.952+0000] {dagbag.py:545} INFO - Filling up the DagBag from /home/airflow/.local/lib/python3.12/site-packages/airflow/example_dags/example_latest_only_with_trigger.py
[2026-08-13T13:35:28.970+0000] {processor.py:840} INFO - DAG(s) 'latest_only_with_trigger' retrieved from /home/airflow/.local/lib/python3.12/site-packages/airflow/example_dags/example_latest_only_with_trigger.py
[2026-08-13T13:35:29.021+0000] {logging_mixin.py:188} INFO - [2026-08-13T13:35:29.021+0000] {dag.py:3089} INFO - Sync 1 DAGs
[2026-08-13T13:35:29.079+0000] {logging_mixin.py:188} INFO - [2026-08-13T13:35:29.078+0000] {dag.py:3947} INFO - Setting next_dagrun for latest_only_with_trigger to 2026-08-13 08:00:00+00:00, run_after=2026-08-13 12:00:00+00:00
[2026-08-13T13:35:29.122+0000] {processor.py:183} INFO - Processing /home/airflow/.local/lib/python3.12/site-packages/airflow/example_dags/example_latest_only_with_trigger.py took 0.193 seconds
[2026-08-13T13:36:01.554+0000] {processor.py:161} INFO - Started process (PID=1606) to work on /home/airflow/.local/lib/python3.12/site-packages/airflow/example_dags/example_latest_only_with_trigger.py
[2026-08-13T13:36:01.556+0000] {processor.py:830} INFO - Processing file /home/airflow/.local/lib/python3.12/site-packages/airflow/example_dags/example_latest_only_with_trigger.py for tasks to queue
[2026-08-13T13:36:01.561+0000] {logging_mixin.py:188} INFO - [2026-08-13T13:36:01.560+0000] {dagbag.py:545} INFO - Filling up the DagBag from /home/airflow/.local/lib/python3.12/site-packages/airflow/example_dags/example_latest_only_with_trigger.py
[2026-08-13T13:36:01.573+0000] {processor.py:840} INFO - DAG(s) 'latest_only_with_trigger' retrieved from /home/airflow/.local/lib/python3.12/site-packages/airflow/example_dags/example_latest_only_with_trigger.py
[2026-08-13T13:36:01.613+0000] {logging_mixin.py:188} INFO - [2026-08-13T13:36:01.613+0000] {dag.py:3089} INFO - Sync 1 DAGs
[2026-08-13T13:36:01.648+0000] {logging_mixin.py:188} INFO - [2026-08-13T13:36:01.648+0000] {dag.py:3947} INFO - Setting next_dagrun for latest_only_with_trigger to 2026-08-13 08:00:00+00:00, run_after=2026-08-13 12:00:00+00:00
[2026-08-13T13:36:01.689+0000] {processor.py:183} INFO - Processing /home/airflow/.local/lib/python3.12/site-packages/airflow/example_dags/example_latest_only_with_trigger.py took 0.145 seconds
[2026-08-13T13:36:34.119+0000] {processor.py:161} INFO - Started process (PID=1679) to work on /home/airflow/.local/lib/python3.12/site-packages/airflow/example_dags/example_latest_only_with_trigger.py
[2026-08-13T13:36:34.122+0000] {processor.py:830} INFO - Processing file /home/airflow/.local/lib/python3.12/site-packages/airflow/example_dags/example_latest_only_with_trigger.py for tasks to queue
[2026-08-13T13:36:34.127+0000] {logging_mixin.py:188} INFO - [2026-08-13T13:36:34.127+0000] {dagbag.py:545} INFO - Filling up the DagBag from /home/airflow/.local/lib/python3.12/site-packages/airflow/example_dags/example_latest_only_with_trigger.py
[2026-08-13T13:36:34.140+0000] {processor.py:840} INFO - DAG(s) 'latest_only_with_trigger' retrieved from /home/airflow/.local/lib/python3.12/site-packages/airflow/example_dags/example_latest_only_with_trigger.py
[2026-08-13T13:36:34.188+0000] {logging_mixin.py:188} INFO - [2026-08-13T13:36:34.188+0000] {dag.py:3089} INFO - Sync 1 DAGs
[2026-08-13T13:36:34.230+0000] {logging_mixin.py:188} INFO - [2026-08-13T13:36:34.230+0000] {dag.py:3947} INFO - Setting next_dagrun for latest_only_with_trigger to 2026-08-13 08:00:00+00:00, run_after=2026-08-13 12:00:00+00:00
[2026-08-13T13:36:34.272+0000] {processor.py:183} INFO - Processing /home/airflow/.local/lib/python3.12/site-packages/airflow/example_dags/example_latest_only_with_trigger.py took 0.165 seconds
[2026-08-13T13:37:07.064+0000] {processor.py:161} INFO - Started process (PID=1752) to work on /home/airflow/.local/lib/python3.12/site-packages/airflow/example_dags/example_latest_only_with_trigger.py
[2026-08-13T13:37:07.067+0000] {processor.py:830} INFO - Processing file /home/airflow/.local/lib/python3.12/site-packages/airflow/example_dags/example_latest_only_with_trigger.py for tasks to queue
[2026-08-13T13:37:07.084+0000] {logging_mixin.py:188} INFO - [2026-08-13T13:37:07.083+0000] {dagbag.py:545} INFO - Filling up the DagBag from /home/airflow/.local/lib/python3.12/site-packages/airflow/example_dags/example_latest_only_with_trigger.py
[2026-08-13T13:37:07.110+0000] {processor.py:840} INFO - DAG(s) 'latest_only_with_trigger' retrieved from /home/airflow/.local/lib/python3.12/site-packages/airflow/example_dags/example_latest_only_with_trigger.py
[2026-08-13T13:37:07.185+0000] {logging_mixin.py:188} INFO - [2026-08-13T13:37:07.185+0000] {dag.py:3089} INFO - Sync 1 DAGs
[2026-08-13T13:37:07.244+0000] {logging_mixin.py:188} INFO - [2026-08-13T13:37:07.244+0000] {dag.py:3947} INFO - Setting next_dagrun for latest_only_with_trigger to 2026-08-13 08:00:00+00:00, run_after=2026-08-13 12:00:00+00:00
[2026-08-13T13:37:07.292+0000] {processor.py:183} INFO - Processing /home/airflow/.local/lib/python3.12/site-packages/airflow/example_dags/example_latest_only_with_trigger.py took 0.248 seconds
[2026-08-13T13:37:39.664+0000] {processor.py:161} INFO - Started process (PID=1826) to work on /home/airflow/.local/lib/python3.12/site-packages/airflow/example_dags/example_latest_only_with_trigger.py
[2026-08-13T13:37:39.667+0000] {processor.py:830} INFO - Processing file /home/airflow/.local/lib/python3.12/site-packages/airflow/example_dags/example_latest_only_with_trigger.py for tasks to queue
[2026-08-13T13:37:39.673+0000] {logging_mixin.py:188} INFO - [2026-08-13T13:37:39.672+0000] {dagbag.py:545} INFO - Filling up the DagBag from /home/airflow/.local/lib/python3.12/site-packages/airflow/example_dags/example_latest_only_with_trigger.py
[2026-08-13T13:37:39.694+0000] {processor.py:840} INFO - DAG(s) 'latest_only_with_trigger' retrieved from /home/airflow/.local/lib/python3.12/site-packages/airflow/example_dags/example_latest_only_with_trigger.py
[2026-08-13T13:37:39.796+0000] {logging_mixin.py:188} INFO - [2026-08-13T13:37:39.795+0000] {dag.py:3089} INFO - Sync 1 DAGs
[2026-08-13T13:37:39.906+0000] {logging_mixin.py:188} INFO - [2026-08-13T13:37:39.905+0000] {dag.py:3947} INFO - Setting next_dagrun for latest_only_with_trigger to 2026-08-13 08:00:00+00:00, run_after=2026-08-13 12:00:00+00:00
[2026-08-13T13:37:39.968+0000] {processor.py:183} INFO - Processing /home/airflow/.local/lib/python3.12/site-packages/airflow/example_dags/example_latest_only_with_trigger.py took 0.321 seconds
[2026-08-13T13:38:12.740+0000] {processor.py:161} INFO - Started process (PID=1900) to work on /home/airflow/.local/lib/python3.12/site-packages/airflow/example_dags/example_latest_only_with_trigger.py
[2026-08-13T13:38:12.744+0000] {processor.py:830} INFO - Processing file /home/airflow/.local/lib/python3.12/site-packages/airflow/example_dags/example_latest_only_with_trigger.py for tasks to queue
[2026-08-13T13:38:12.752+0000] {logging_mixin.py:188} INFO - [2026-08-13T13:38:12.750+0000] {dagbag.py:545} INFO - Filling up the DagBag from /home/airflow/.local/lib/python3.12/site-packages/airflow/example_dags/example_latest_only_with_trigger.py
[2026-08-13T13:38:12.789+0000] {processor.py:840} INFO - DAG(s) 'latest_only_with_trigger' retrieved from /home/airflow/.local/lib/python3.12/site-packages/airflow/example_dags/example_latest_only_with_trigger.py
[2026-08-13T13:38:12.981+0000] {logging_mixin.py:188} INFO - [2026-08-13T13:38:12.980+0000] {dag.py:3089} INFO - Sync 1 DAGs
[2026-08-13T13:38:13.033+0000] {logging_mixin.py:188} INFO - [2026-08-13T13:38:13.032+0000] {dag.py:3947} INFO - Setting next_dagrun for latest_only_with_trigger to 2026-08-13 08:00:00+00:00, run_after=2026-08-13 12:00:00+00:00
[2026-08-13T13:38:13.087+0000] {processor.py:183} INFO - Processing /home/airflow/.local/lib/python3.12/site-packages/airflow/example_dags/example_latest_only_with_trigger.py took 0.359 seconds
[2026-08-13T13:38:46.421+0000] {processor.py:161} INFO - Started process (PID=1974) to work on /home/airflow/.local/lib/python3.12/site-packages/airflow/example_dags/example_latest_only_with_trigger.py
[2026-08-13T13:38:46.424+0000] {processor.py:830} INFO - Processing file /home/airflow/.local/lib/python3.12/site-packages/airflow/example_dags/example_latest_only_with_trigger.py for tasks to queue
[2026-08-13T13:38:46.438+0000] {logging_mixin.py:188} INFO - [2026-08-13T13:38:46.436+0000] {dagbag.py:545} INFO - Filling up the DagBag from /home/airflow/.local/lib/python3.12/site-packages/airflow/example_dags/example_latest_only_with_trigger.py
[2026-08-13T13:38:46.494+0000] {processor.py:840} INFO - DAG(s) 'latest_only_with_trigger' retrieved from /home/airflow/.local/lib/python3.12/site-packages/airflow/example_dags/example_latest_only_with_trigger.py
[2026-08-13T13:38:46.599+0000] {logging_mixin.py:188} INFO - [2026-08-13T13:38:46.599+0000] {dag.py:3089} INFO - Sync 1 DAGs
[2026-08-13T13:38:46.659+0000] {logging_mixin.py:188} INFO - [2026-08-13T13:38:46.658+0000] {dag.py:3947} INFO - Setting next_dagrun for latest_only_with_trigger to 2026-08-13 08:00:00+00:00, run_after=2026-08-13 12:00:00+00:00
[2026-08-13T13:38:46.711+0000] {processor.py:183} INFO - Processing /home/airflow/.local/lib/python3.12/site-packages/airflow/example_dags/example_latest_only_with_trigger.py took 0.320 seconds
[2026-08-13T13:39:19.744+0000] {processor.py:161} INFO - Started process (PID=2048) to work on /home/airflow/.local/lib/python3.12/site-packages/airflow/example_dags/example_latest_only_with_trigger.py
[2026-08-13T13:39:19.748+0000] {processor.py:830} INFO - Processing file /home/airflow/.local/lib/python3.12/site-packages/airflow/example_dags/example_latest_only_with_trigger.py for tasks to queue
[2026-08-13T13:39:19.760+0000] {logging_mixin.py:188} INFO - [2026-08-13T13:39:19.758+0000] {dagbag.py:545} INFO - Filling up the DagBag from /home/airflow/.local/lib/python3.12/site-packages/airflow/example_dags/example_latest_only_with_trigger.py
[2026-08-13T13:39:19.787+0000] {processor.py:840} INFO - DAG(s) 'latest_only_with_trigger' retrieved from /home/airflow/.local/lib/python3.12/site-packages/airflow/example_dags/example_latest_only_with_trigger.py
[2026-08-13T13:39:19.851+0000] {logging_mixin.py:188} INFO - [2026-08-13T13:39:19.850+0000] {dag.py:3089} INFO - Sync 1 DAGs
[2026-08-13T13:39:19.914+0000] {logging_mixin.py:188} INFO - [2026-08-13T13:39:19.914+0000] {dag.py:3947} INFO - Setting next_dagrun for latest_only_with_trigger to 2026-08-13 08:00:00+00:00, run_after=2026-08-13 12:00:00+00:00
[2026-08-13T13:39:19.986+0000] {processor.py:183} INFO - Processing /home/airflow/.local/lib/python3.12/site-packages/airflow/example_dags/example_latest_only_with_trigger.py took 0.263 seconds
[2026-08-13T13:39:52.724+0000] {processor.py:161} INFO - Started process (PID=2121) to work on /home/airflow/.local/lib/python3.12/site-packages/airflow/example_dags/example_latest_only_with_trigger.py
[2026-08-13T13:39:52.728+0000] {processor.py:830} INFO - Processing file /home/airflow/.local/lib/python3.12/site-packages/airflow/example_dags/example_latest_only_with_trigger.py for tasks to queue
[2026-08-13T13:39:52.736+0000] {logging_mixin.py:188} INFO - [2026-08-13T13:39:52.735+0000] {dagbag.py:545} INFO - Filling up the DagBag from /home/airflow/.local/lib/python3.12/site-packages/airflow/example_dags/example_latest_only_with_trigger.py
[2026-08-13T13:39:52.777+0000] {processor.py:840} INFO - DAG(s) 'latest_only_with_trigger' retrieved from /home/airflow/.local/lib/python3.12/site-packages/airflow/example_dags/example_latest_only_with_trigger.py
[2026-08-13T13:39:52.866+0000] {logging_mixin.py:188} INFO - [2026-08-13T13:39:52.865+0000] {dag.py:3089} INFO - Sync 1 DAGs
[2026-08-13T13:39:52.963+0000] {logging_mixin.py:188} INFO - [2026-08-13T13:39:52.962+0000] {dag.py:3947} INFO - Setting next_dagrun for latest_only_with_trigger to 2026-08-13 08:00:00+00:00, run_after=2026-08-13 12:00:00+00:00
[2026-08-13T13:39:53.022+0000] {processor.py:183} INFO - Processing /home/airflow/.local/lib/python3.12/site-packages/airflow/example_dags/example_latest_only_with_trigger.py took 0.312 seconds
[2026-08-13T13:40:25.081+0000] {processor.py:161} INFO - Started process (PID=2193) to work on /home/airflow/.local/lib/python3.12/site-packages/airflow/example_dags/example_latest_only_with_trigger.py
[2026-08-13T13:40:25.090+0000] {processor.py:830} INFO - Processing file /home/airflow/.local/lib/python3.12/site-packages/airflow/example_dags/example_latest_only_with_trigger.py for tasks to queue
[2026-08-13T13:40:25.103+0000] {logging_mixin.py:188} INFO - [2026-08-13T13:40:25.102+0000] {dagbag.py:545} INFO - Filling up the DagBag from /home/airflow/.local/lib/python3.12/site-packages/airflow/example_dags/example_latest_only_with_trigger.py
[2026-08-13T13:40:25.134+0000] {processor.py:840} INFO - DAG(s) 'latest_only_with_trigger' retrieved from /home/airflow/.local/lib/python3.12/site-packages/airflow/example_dags/example_latest_only_with_trigger.py
[2026-08-13T13:40:25.256+0000] {logging_mixin.py:188} INFO - [2026-08-13T13:40:25.255+0000] {dag.py:3089} INFO - Sync 1 DAGs
[2026-08-13T13:40:25.322+0000] {logging_mixin.py:188} INFO - [2026-08-13T13:40:25.321+0000] {dag.py:3947} INFO - Setting next_dagrun for latest_only_with_trigger to 2026-08-13 08:00:00+00:00, run_after=2026-08-13 12:00:00+00:00
[2026-08-13T13:40:25.393+0000] {processor.py:183} INFO - Processing /home/airflow/.local/lib/python3.12/site-packages/airflow/example_dags/example_latest_only_with_trigger.py took 0.334 seconds
[2026-08-13T13:40:56.111+0000] {processor.py:161} INFO - Started process (PID=2256) to work on /home/airflow/.local/lib/python3.12/site-packages/airflow/example_dags/example_latest_only_with_trigger.py
[2026-08-13T13:40:56.116+0000] {processor.py:830} INFO - Processing file /home/airflow/.local/lib/python3.12/site-packages/airflow/example_dags/example_latest_only_with_trigger.py for tasks to queue
[2026-08-13T13:40:56.126+0000] {logging_mixin.py:188} INFO - [2026-08-13T13:40:56.124+0000] {dagbag.py:545} INFO - Filling up the DagBag from /home/airflow/.local/lib/python3.12/site-packages/airflow/example_dags/example_latest_only_with_trigger.py
[2026-08-13T13:40:56.160+0000] {processor.py:840} INFO - DAG(s) 'latest_only_with_trigger' retrieved from /home/airflow/.local/lib/python3.12/site-packages/airflow/example_dags/example_latest_only_with_trigger.py
[2026-08-13T13:40:56.236+0000] {logging_mixin.py:188} INFO - [2026-08-13T13:40:56.235+0000] {dag.py:3089} INFO - Sync 1 DAGs
[2026-08-13T13:40:56.794+0000] {logging_mixin.py:188} INFO - [2026-08-13T13:40:56.794+0000] {dag.py:3947} INFO - Setting next_dagrun for latest_only_with_trigger to 2026-08-13 08:00:00+00:00, run_after=2026-08-13 12:00:00+00:00
[2026-08-13T13:40:56.843+0000] {processor.py:183} INFO - Processing /home/airflow/.local/lib/python3.12/site-packages/airflow/example_dags/example_latest_only_with_trigger.py took 0.757 seconds
[2026-08-13T13:41:27.410+0000] {processor.py:161} INFO - Started process (PID=2328) to work on /home/airflow/.local/lib/python3.12/site-packages/airflow/example_dags/example_latest_only_with_trigger.py
[2026-08-13T13:41:27.415+0000] {processor.py:830} INFO - Processing file /home/airflow/.local/lib/python3.12/site-packages/airflow/example_dags/example_latest_only_with_trigger.py for tasks to queue
[2026-08-13T13:41:27.422+0000] {logging_mixin.py:188} INFO - [2026-08-13T13:41:27.420+0000] {dagbag.py:545} INFO - Filling up the DagBag from /home/airflow/.local/lib/python3.12/site-packages/airflow/example_dags/example_latest_only_with_trigger.py
[2026-08-13T13:41:27.446+0000] {processor.py:840} INFO - DAG(s) 'latest_only_with_trigger' retrieved from /home/airflow/.local/lib/python3.12/site-packages/airflow/example_dags/example_latest_only_with_trigger.py
[2026-08-13T13:41:27.503+0000] {logging_mixin.py:188} INFO - [2026-08-13T13:41:27.503+0000] {dag.py:3089} INFO - Sync 1 DAGs
[2026-08-13T13:41:27.572+0000] {logging_mixin.py:188} INFO - [2026-08-13T13:41:27.571+0000] {dag.py:3947} INFO - Setting next_dagrun for latest_only_with_trigger to 2026-08-13 08:00:00+00:00, run_after=2026-08-13 12:00:00+00:00
[2026-08-13T13:41:27.630+0000] {processor.py:183} INFO - Processing /home/airflow/.local/lib/python3.12/site-packages/airflow/example_dags/example_latest_only_with_trigger.py took 0.243 seconds
[2026-08-13T13:41:57.961+0000] {processor.py:161} INFO - Started process (PID=2401) to work on /home/airflow/.local/lib/python3.12/site-packages/airflow/example_dags/example_latest_only_with_trigger.py
[2026-08-13T13:41:57.964+0000] {processor.py:830} INFO - Processing file /home/airflow/.local/lib/python3.12/site-packages/airflow/example_dags/example_latest_only_with_trigger.py for tasks to queue
[2026-08-13T13:41:57.970+0000] {logging_mixin.py:188} INFO - [2026-08-13T13:41:57.969+0000] {dagbag.py:545} INFO - Filling up the DagBag from /home/airflow/.local/lib/python3.12/site-packages/airflow/example_dags/example_latest_only_with_trigger.py
[2026-08-13T13:41:57.990+0000] {processor.py:840} INFO - DAG(s) 'latest_only_with_trigger' retrieved from /home/airflow/.local/lib/python3.12/site-packages/airflow/example_dags/example_latest_only_with_trigger.py
[2026-08-13T13:41:58.045+0000] {logging_mixin.py:188} INFO - [2026-08-13T13:41:58.044+0000] {dag.py:3089} INFO - Sync 1 DAGs
[2026-08-13T13:41:58.096+0000] {logging_mixin.py:188} INFO - [2026-08-13T13:41:58.096+0000] {dag.py:3947} INFO - Setting next_dagrun for latest_only_with_trigger to 2026-08-13 08:00:00+00:00, run_after=2026-08-13 12:00:00+00:00
[2026-08-13T13:41:58.145+0000] {processor.py:183} INFO - Processing /home/airflow/.local/lib/python3.12/site-packages/airflow/example_dags/example_latest_only_with_trigger.py took 0.194 seconds
[2026-08-13T13:42:28.857+0000] {processor.py:161} INFO - Started process (PID=2474) to work on /home/airflow/.local/lib/python3.12/site-packages/airflow/example_dags/example_latest_only_with_trigger.py
[2026-08-13T13:42:28.861+0000] {processor.py:830} INFO - Processing file /home/airflow/.local/lib/python3.12/site-packages/airflow/example_dags/example_latest_only_with_trigger.py for tasks to queue
[2026-08-13T13:42:28.868+0000] {logging_mixin.py:188} INFO - [2026-08-13T13:42:28.867+0000] {dagbag.py:545} INFO - Filling up the DagBag from /home/airflow/.local/lib/python3.12/site-packages/airflow/example_dags/example_latest_only_with_trigger.py
[2026-08-13T13:42:28.887+0000] {processor.py:840} INFO - DAG(s) 'latest_only_with_trigger' retrieved from /home/airflow/.local/lib/python3.12/site-packages/airflow/example_dags/example_latest_only_with_trigger.py
[2026-08-13T13:42:28.948+0000] {logging_mixin.py:188} INFO - [2026-08-13T13:42:28.947+0000] {dag.py:3089} INFO - Sync 1 DAGs
[2026-08-13T13:42:29.003+0000] {logging_mixin.py:188} INFO - [2026-08-13T13:42:29.003+0000] {dag.py:3947} INFO - Setting next_dagrun for latest_only_with_trigger to 2026-08-13 08:00:00+00:00, run_after=2026-08-13 12:00:00+00:00
[2026-08-13T13:42:29.057+0000] {processor.py:183} INFO - Processing /home/airflow/.local/lib/python3.12/site-packages/airflow/example_dags/example_latest_only_with_trigger.py took 0.215 seconds
[2026-08-13T13:42:59.350+0000] {processor.py:161} INFO - Started process (PID=2540) to work on /home/airflow/.local/lib/python3.12/site-packages/airflow/example_dags/example_latest_only_with_trigger.py
[2026-08-13T13:42:59.352+0000] {processor.py:830} INFO - Processing file /home/airflow/.local/lib/python3.12/site-packages/airflow/example_dags/example_latest_only_with_trigger.py for tasks to queue
[2026-08-13T13:42:59.357+0000] {logging_mixin.py:188} INFO - [2026-08-13T13:42:59.356+0000] {dagbag.py:545} INFO - Filling up the DagBag from /home/airflow/.local/lib/python3.12/site-packages/airflow/example_dags/example_latest_only_with_trigger.py
[2026-08-13T13:42:59.368+0000] {processor.py:840} INFO - DAG(s) 'latest_only_with_trigger' retrieved from /home/airflow/.local/lib/python3.12/site-packages/airflow/example_dags/example_latest_only_with_trigger.py
[2026-08-13T13:42:59.414+0000] {logging_mixin.py:188} INFO - [2026-08-13T13:42:59.414+0000] {dag.py:3089} INFO - Sync 1 DAGs
[2026-08-13T13:42:59.464+0000] {logging_mixin.py:188} INFO - [2026-08-13T13:42:59.463+0000] {dag.py:3947} INFO - Setting next_dagrun for latest_only_with_trigger to 2026-08-13 08:00:00+00:00, run_after=2026-08-13 12:00:00+00:00
[2026-08-13T13:42:59.506+0000] {processor.py:183} INFO - Processing /home/airflow/.local/lib/python3.12/site-packages/airflow/example_dags/example_latest_only_with_trigger.py took 0.167 seconds
[2026-08-13T13:43:29.943+0000] {processor.py:161} INFO - Started process (PID=2612) to work on /home/airflow/.local/lib/python3.12/site-packages/airflow/example_dags/example_latest_only_with_trigger.py
[2026-08-13T13:43:29.961+0000] {processor.py:830} INFO - Processing file /home/airflow/.local/lib/python3.12/site-packages/airflow/example_dags/example_latest_only_with_trigger.py for tasks to queue
[2026-08-13T13:43:29.982+0000] {logging_mixin.py:188} INFO - [2026-08-13T13:43:29.981+0000] {dagbag.py:545} INFO - Filling up the DagBag from /home/airflow/.local/lib/python3.12/site-packages/airflow/example_dags/example_latest_only_with_trigger.py
[2026-08-13T13:43:30.053+0000] {processor.py:840} INFO - DAG(s) 'latest_only_with_trigger' retrieved from /home/airflow/.local/lib/python3.12/site-packages/airflow/example_dags/example_latest_only_with_trigger.py
[2026-08-13T13:43:30.190+0000] {logging_mixin.py:188} INFO - [2026-08-13T13:43:30.189+0000] {dag.py:3089} INFO - Sync 1 DAGs
[2026-08-13T13:43:30.314+0000] {logging_mixin.py:188} INFO - [2026-08-13T13:43:30.313+0000] {dag.py:3947} INFO - Setting next_dagrun for latest_only_with_trigger to 2026-08-13 08:00:00+00:00, run_after=2026-08-13 12:00:00+00:00
[2026-08-13T13:43:30.452+0000] {processor.py:183} INFO - Processing /home/airflow/.local/lib/python3.12/site-packages/airflow/example_dags/example_latest_only_with_trigger.py took 0.567 seconds
[2026-08-13T13:44:01.339+0000] {processor.py:161} INFO - Started process (PID=2684) to work on /home/airflow/.local/lib/python3.12/site-packages/airflow/example_dags/example_latest_only_with_trigger.py
[2026-08-13T13:44:01.343+0000] {processor.py:830} INFO - Processing file /home/airflow/.local/lib/python3.12/site-packages/airflow/example_dags/example_latest_only_with_trigger.py for tasks to queue
[2026-08-13T13:44:01.350+0000] {logging_mixin.py:188} INFO - [2026-08-13T13:44:01.349+0000] {dagbag.py:545} INFO - Filling up the DagBag from /home/airflow/.local/lib/python3.12/site-packages/airflow/example_dags/example_latest_only_with_trigger.py
[2026-08-13T13:44:01.367+0000] {processor.py:840} INFO - DAG(s) 'latest_only_with_trigger' retrieved from /home/airflow/.local/lib/python3.12/site-packages/airflow/example_dags/example_latest_only_with_trigger.py
[2026-08-13T13:44:01.418+0000] {logging_mixin.py:188} INFO - [2026-08-13T13:44:01.417+0000] {dag.py:3089} INFO - Sync 1 DAGs
[2026-08-13T13:44:01.468+0000] {logging_mixin.py:188} INFO - [2026-08-13T13:44:01.468+0000] {dag.py:3947} INFO - Setting next_dagrun for latest_only_with_trigger to 2026-08-13 08:00:00+00:00, run_after=2026-08-13 12:00:00+00:00
[2026-08-13T13:44:01.517+0000] {processor.py:183} INFO - Processing /home/airflow/.local/lib/python3.12/site-packages/airflow/example_dags/example_latest_only_with_trigger.py took 0.190 seconds
[2026-08-13T13:44:31.733+0000] {processor.py:161} INFO - Started process (PID=2757) to work on /home/airflow/.local/lib/python3.12/site-packages/airflow/example_dags/example_latest_only_with_trigger.py
[2026-08-13T13:44:31.737+0000] {processor.py:830} INFO - Processing file /home/airflow/.local/lib/python3.12/site-packages/airflow/example_dags/example_latest_only_with_trigger.py for tasks to queue
[2026-08-13T13:44:31.743+0000] {logging_mixin.py:188} INFO - [2026-08-13T13:44:31.742+0000] {dagbag.py:545} INFO - Filling up the DagBag from /home/airflow/.local/lib/python3.12/site-packages/airflow/example_dags/example_latest_only_with_trigger.py
[2026-08-13T13:44:31.761+0000] {processor.py:840} INFO - DAG(s) 'latest_only_with_trigger' retrieved from /home/airflow/.local/lib/python3.12/site-packages/airflow/example_dags/example_latest_only_with_trigger.py
[2026-08-13T13:44:31.825+0000] {logging_mixin.py:188} INFO - [2026-08-13T13:44:31.824+0000] {dag.py:3089} INFO - Sync 1 DAGs
[2026-08-13T13:44:31.876+0000] {logging_mixin.py:188} INFO - [2026-08-13T13:44:31.875+0000] {dag.py:3947} INFO - Setting next_dagrun for latest_only_with_trigger to 2026-08-13 08:00:00+00:00, run_after=2026-08-13 12:00:00+00:00
[2026-08-13T13:44:31.920+0000] {processor.py:183} INFO - Processing /home/airflow/.local/lib/python3.12/site-packages/airflow/example_dags/example_latest_only_with_trigger.py took 0.205 seconds
[2026-08-13T13:45:02.030+0000] {processor.py:161} INFO - Started process (PID=2828) to work on /home/airflow/.local/lib/python3.12/site-packages/airflow/example_dags/example_latest_only_with_trigger.py
[2026-08-13T13:45:02.033+0000] {processor.py:830} INFO - Processing file /home/airflow/.local/lib/python3.12/site-packages/airflow/example_dags/example_latest_only_with_trigger.py for tasks to queue
[2026-08-13T13:45:02.038+0000] {logging_mixin.py:188} INFO - [2026-08-13T13:45:02.037+0000] {dagbag.py:545} INFO - Filling up the DagBag from /home/airflow/.local/lib/python3.12/site-packages/airflow/example_dags/example_latest_only_with_trigger.py
[2026-08-13T13:45:02.052+0000] {processor.py:840} INFO - DAG(s) 'latest_only_with_trigger' retrieved from /home/airflow/.local/lib/python3.12/site-packages/airflow/example_dags/example_latest_only_with_trigger.py
[2026-08-13T13:45:02.100+0000] {logging_mixin.py:188} INFO - [2026-08-13T13:45:02.100+0000] {dag.py:3089} INFO - Sync 1 DAGs
[2026-08-13T13:45:02.141+0000] {logging_mixin.py:188} INFO - [2026-08-13T13:45:02.141+0000] {dag.py:3947} INFO - Setting next_dagrun for latest_only_with_trigger to 2026-08-13 08:00:00+00:00, run_after=2026-08-13 12:00:00+00:00
[2026-08-13T13:45:02.198+0000] {processor.py:183} INFO - Processing /home/airflow/.local/lib/python3.12/site-packages/airflow/example_dags/example_latest_only_with_trigger.py took 0.177 seconds
[2026-08-13T13:45:32.855+0000] {processor.py:161} INFO - Started process (PID=2900) to work on /home/airflow/.local/lib/python3.12/site-packages/airflow/example_dags/example_latest_only_with_trigger.py
[2026-08-13T13:45:32.859+0000] {processor.py:830} INFO - Processing file /home/airflow/.local/lib/python3.12/site-packages/airflow/example_dags/example_latest_only_with_trigger.py for tasks to queue
[2026-08-13T13:45:32.865+0000] {logging_mixin.py:188} INFO - [2026-08-13T13:45:32.864+0000] {dagbag.py:545} INFO - Filling up the DagBag from /home/airflow/.local/lib/python3.12/site-packages/airflow/example_dags/example_latest_only_with_trigger.py
[2026-08-13T13:45:32.884+0000] {processor.py:840} INFO - DAG(s) 'latest_only_with_trigger' retrieved from /home/airflow/.local/lib/python3.12/site-packages/airflow/example_dags/example_latest_only_with_trigger.py
[2026-08-13T13:45:32.943+0000] {logging_mixin.py:188} INFO - [2026-08-13T13:45:32.942+0000] {dag.py:3089} INFO - Sync 1 DAGs
[2026-08-13T13:45:32.989+0000] {logging_mixin.py:188} INFO - [2026-08-13T13:45:32.988+0000] {dag.py:3947} INFO - Setting next_dagrun for latest_only_with_trigger to 2026-08-13 08:00:00+00:00, run_after=2026-08-13 12:00:00+00:00
[2026-08-13T13:45:33.031+0000] {processor.py:183} INFO - Processing /home/airflow/.local/lib/python3.12/site-packages/airflow/example_dags/example_latest_only_with_trigger.py took 0.191 seconds
[2026-08-13T13:46:03.305+0000] {processor.py:161} INFO - Started process (PID=2972) to work on /home/airflow/.local/lib/python3.12/site-packages/airflow/example_dags/example_latest_only_with_trigger.py
[2026-08-13T13:46:03.309+0000] {processor.py:830} INFO - Processing file /home/airflow/.local/lib/python3.12/site-packages/airflow/example_dags/example_latest_only_with_trigger.py for tasks to queue
[2026-08-13T13:46:03.315+0000] {logging_mixin.py:188} INFO - [2026-08-13T13:46:03.314+0000] {dagbag.py:545} INFO - Filling up the DagBag from /home/airflow/.local/lib/python3.12/site-packages/airflow/example_dags/example_latest_only_with_trigger.py
[2026-08-13T13:46:03.335+0000] {processor.py:840} INFO - DAG(s) 'latest_only_with_trigger' retrieved from /home/airflow/.local/lib/python3.12/site-packages/airflow/example_dags/example_latest_only_with_trigger.py
[2026-08-13T13:46:03.389+0000] {logging_mixin.py:188} INFO - [2026-08-13T13:46:03.388+0000] {dag.py:3089} INFO - Sync 1 DAGs
[2026-08-13T13:46:03.458+0000] {logging_mixin.py:188} INFO - [2026-08-13T13:46:03.457+0000] {dag.py:3947} INFO - Setting next_dagrun for latest_only_with_trigger to 2026-08-13 08:00:00+00:00, run_after=2026-08-13 12:00:00+00:00
[2026-08-13T13:46:03.520+0000] {processor.py:183} INFO - Processing /home/airflow/.local/lib/python3.12/site-packages/airflow/example_dags/example_latest_only_with_trigger.py took 0.232 seconds
[2026-08-13T13:46:33.797+0000] {processor.py:161} INFO - Started process (PID=3046) to work on /home/airflow/.local/lib/python3.12/site-packages/airflow/example_dags/example_latest_only_with_trigger.py
[2026-08-13T13:46:33.802+0000] {processor.py:830} INFO - Processing file /home/airflow/.local/lib/python3.12/site-packages/airflow/example_dags/example_latest_only_with_trigger.py for tasks to queue
[2026-08-13T13:46:33.825+0000] {logging_mixin.py:188} INFO - [2026-08-13T13:46:33.824+0000] {dagbag.py:545} INFO - Filling up the DagBag from /home/airflow/.local/lib/python3.12/site-packages/airflow/example_dags/example_latest_only_with_trigger.py
[2026-08-13T13:46:33.870+0000] {processor.py:840} INFO - DAG(s) 'latest_only_with_trigger' retrieved from /home/airflow/.local/lib/python3.12/site-packages/airflow/example_dags/example_latest_only_with_trigger.py
[2026-08-13T13:46:33.966+0000] {logging_mixin.py:188} INFO - [2026-08-13T13:46:33.965+0000] {dag.py:3089} INFO - Sync 1 DAGs
[2026-08-13T13:46:34.054+0000] {logging_mixin.py:188} INFO - [2026-08-13T13:46:34.054+0000] {dag.py:3947} INFO - Setting next_dagrun for latest_only_with_trigger to 2026-08-13 08:00:00+00:00, run_after=2026-08-13 12:00:00+00:00
[2026-08-13T13:46:34.115+0000] {processor.py:183} INFO - Processing /home/airflow/.local/lib/python3.12/site-packages/airflow/example_dags/example_latest_only_with_trigger.py took 0.337 seconds
[2026-08-13T13:47:04.516+0000] {processor.py:161} INFO - Started process (PID=3112) to work on /home/airflow/.local/lib/python3.12/site-packages/airflow/example_dags/example_latest_only_with_trigger.py
[2026-08-13T13:47:04.520+0000] {processor.py:830} INFO - Processing file /home/airflow/.local/lib/python3.12/site-packages/airflow/example_dags/example_latest_only_with_trigger.py for tasks to queue
[2026-08-13T13:47:04.527+0000] {logging_mixin.py:188} INFO - [2026-08-13T13:47:04.526+0000] {dagbag.py:545} INFO - Filling up the DagBag from /home/airflow/.local/lib/python3.12/site-packages/airflow/example_dags/example_latest_only_with_trigger.py
[2026-08-13T13:47:04.547+0000] {processor.py:840} INFO - DAG(s) 'latest_only_with_trigger' retrieved from /home/airflow/.local/lib/python3.12/site-packages/airflow/example_dags/example_latest_only_with_trigger.py
[2026-08-13T13:47:04.618+0000] {logging_mixin.py:188} INFO - [2026-08-13T13:47:04.617+0000] {dag.py:3089} INFO - Sync 1 DAGs
[2026-08-13T13:47:04.736+0000] {logging_mixin.py:188} INFO - [2026-08-13T13:47:04.736+0000] {dag.py:3947} INFO - Setting next_dagrun for latest_only_with_trigger to 2026-08-13 08:00:00+00:00, run_after=2026-08-13 12:00:00+00:00
[2026-08-13T13:47:04.807+0000] {processor.py:183} INFO - Processing /home/airflow/.local/lib/python3.12/site-packages/airflow/example_dags/example_latest_only_with_trigger.py took 0.305 seconds
[2026-08-13T13:47:35.107+0000] {processor.py:161} INFO - Started process (PID=3182) to work on /home/airflow/.local/lib/python3.12/site-packages/airflow/example_dags/example_latest_only_with_trigger.py
[2026-08-13T13:47:35.109+0000] {processor.py:830} INFO - Processing file /home/airflow/.local/lib/python3.12/site-packages/airflow/example_dags/example_latest_only_with_trigger.py for tasks to queue
[2026-08-13T13:47:35.114+0000] {logging_mixin.py:188} INFO - [2026-08-13T13:47:35.113+0000] {dagbag.py:545} INFO - Filling up the DagBag from /home/airflow/.local/lib/python3.12/site-packages/airflow/example_dags/example_latest_only_with_trigger.py
[2026-08-13T13:47:35.129+0000] {processor.py:840} INFO - DAG(s) 'latest_only_with_trigger' retrieved from /home/airflow/.local/lib/python3.12/site-packages/airflow/example_dags/example_latest_only_with_trigger.py
[2026-08-13T13:47:35.174+0000] {logging_mixin.py:188} INFO - [2026-08-13T13:47:35.174+0000] {dag.py:3089} INFO - Sync 1 DAGs
[2026-08-13T13:47:35.216+0000] {logging_mixin.py:188} INFO - [2026-08-13T13:47:35.215+0000] {dag.py:3947} INFO - Setting next_dagrun for latest_only_with_trigger to 2026-08-13 08:00:00+00:00, run_after=2026-08-13 12:00:00+00:00
[2026-08-13T13:47:35.262+0000] {processor.py:183} INFO - Processing /home/airflow/.local/lib/python3.12/site-packages/airflow/example_dags/example_latest_only_with_trigger.py took 0.169 seconds
[2026-08-13T13:48:05.867+0000] {processor.py:161} INFO - Started process (PID=3255) to work on /home/airflow/.local/lib/python3.12/site-packages/airflow/example_dags/example_latest_only_with_trigger.py
[2026-08-13T13:48:05.876+0000] {processor.py:830} INFO - Processing file /home/airflow/.local/lib/python3.12/site-packages/airflow/example_dags/example_latest_only_with_trigger.py for tasks to queue
[2026-08-13T13:48:05.885+0000] {logging_mixin.py:188} INFO - [2026-08-13T13:48:05.884+0000] {dagbag.py:545} INFO - Filling up the DagBag from /home/airflow/.local/lib/python3.12/site-packages/airflow/example_dags/example_latest_only_with_trigger.py
[2026-08-13T13:48:05.920+0000] {processor.py:840} INFO - DAG(s) 'latest_only_with_trigger' retrieved from /home/airflow/.local/lib/python3.12/site-packages/airflow/example_dags/example_latest_only_with_trigger.py
[2026-08-13T13:48:06.022+0000] {logging_mixin.py:188} INFO - [2026-08-13T13:48:06.021+0000] {dag.py:3089} INFO - Sync 1 DAGs
[2026-08-13T13:48:06.099+0000] {logging_mixin.py:188} INFO - [2026-08-13T13:48:06.099+0000] {dag.py:3947} INFO - Setting next_dagrun for latest_only_with_trigger to 2026-08-13 08:00:00+00:00, run_after=2026-08-13 12:00:00+00:00
[2026-08-13T13:48:06.174+0000] {processor.py:183} INFO - Processing /home/airflow/.local/lib/python3.12/site-packages/airflow/example_dags/example_latest_only_with_trigger.py took 0.342 seconds
[2026-08-13T13:48:36.482+0000] {processor.py:161} INFO - Started process (PID=3328) to work on /home/airflow/.local/lib/python3.12/site-packages/airflow/example_dags/example_latest_only_with_trigger.py
[2026-08-13T13:48:36.485+0000] {processor.py:830} INFO - Processing file /home/airflow/.local/lib/python3.12/site-packages/airflow/example_dags/example_latest_only_with_trigger.py for tasks to queue
[2026-08-13T13:48:36.490+0000] {logging_mixin.py:188} INFO - [2026-08-13T13:48:36.489+0000] {dagbag.py:545} INFO - Filling up the DagBag from /home/airflow/.local/lib/python3.12/site-packages/airflow/example_dags/example_latest_only_with_trigger.py
[2026-08-13T13:48:36.508+0000] {processor.py:840} INFO - DAG(s) 'latest_only_with_trigger' retrieved from /home/airflow/.local/lib/python3.12/site-packages/airflow/example_dags/example_latest_only_with_trigger.py
[2026-08-13T13:48:36.567+0000] {logging_mixin.py:188} INFO - [2026-08-13T13:48:36.566+0000] {dag.py:3089} INFO - Sync 1 DAGs
[2026-08-13T13:48:36.634+0000] {logging_mixin.py:188} INFO - [2026-08-13T13:48:36.633+0000] {dag.py:3947} INFO - Setting next_dagrun for latest_only_with_trigger to 2026-08-13 08:00:00+00:00, run_after=2026-08-13 12:00:00+00:00
[2026-08-13T13:48:36.696+0000] {processor.py:183} INFO - Processing /home/airflow/.local/lib/python3.12/site-packages/airflow/example_dags/example_latest_only_with_trigger.py took 0.223 seconds
[2026-08-13T13:49:07.311+0000] {processor.py:161} INFO - Started process (PID=3402) to work on /home/airflow/.local/lib/python3.12/site-packages/airflow/example_dags/example_latest_only_with_trigger.py
[2026-08-13T13:49:07.317+0000] {processor.py:830} INFO - Processing file /home/airflow/.local/lib/python3.12/site-packages/airflow/example_dags/example_latest_only_with_trigger.py for tasks to queue
[2026-08-13T13:49:07.325+0000] {logging_mixin.py:188} INFO - [2026-08-13T13:49:07.324+0000] {dagbag.py:545} INFO - Filling up the DagBag from /home/airflow/.local/lib/python3.12/site-packages/airflow/example_dags/example_latest_only_with_trigger.py
[2026-08-13T13:49:07.352+0000] {processor.py:840} INFO - DAG(s) 'latest_only_with_trigger' retrieved from /home/airflow/.local/lib/python3.12/site-packages/airflow/example_dags/example_latest_only_with_trigger.py
[2026-08-13T13:49:07.422+0000] {logging_mixin.py:188} INFO - [2026-08-13T13:49:07.421+0000] {dag.py:3089} INFO - Sync 1 DAGs
[2026-08-13T13:49:07.483+0000] {logging_mixin.py:188} INFO - [2026-08-13T13:49:07.483+0000] {dag.py:3947} INFO - Setting next_dagrun for latest_only_with_trigger to 2026-08-13 08:00:00+00:00, run_after=2026-08-13 12:00:00+00:00
[2026-08-13T13:49:07.537+0000] {processor.py:183} INFO - Processing /home/airflow/.local/lib/python3.12/site-packages/airflow/example_dags/example_latest_only_with_trigger.py took 0.246 seconds
[2026-08-13T13:49:42.627+0000] {processor.py:161} INFO - Started process (PID=3469) to work on /home/airflow/.local/lib/python3.12/site-packages/airflow/example_dags/example_latest_only_with_trigger.py
[2026-08-13T13:49:42.634+0000] {processor.py:830} INFO - Processing file /home/airflow/.local/lib/python3.12/site-packages/airflow/example_dags/example_latest_only_with_trigger.py for tasks to queue
[2026-08-13T13:49:42.651+0000] {logging_mixin.py:188} INFO - [2026-08-13T13:49:42.647+0000] {dagbag.py:545} INFO - Filling up the DagBag from /home/airflow/.local/lib/python3.12/site-packages/airflow/example_dags/example_latest_only_with_trigger.py
[2026-08-13T13:49:42.684+0000] {processor.py:840} INFO - DAG(s) 'latest_only_with_trigger' retrieved from /home/airflow/.local/lib/python3.12/site-packages/airflow/example_dags/example_latest_only_with_trigger.py
[2026-08-13T13:49:42.783+0000] {logging_mixin.py:188} INFO - [2026-08-13T13:49:42.782+0000] {dag.py:3089} INFO - Sync 1 DAGs
[2026-08-13T13:49:42.936+0000] {logging_mixin.py:188} INFO - [2026-08-13T13:49:42.927+0000] {dag.py:3947} INFO - Setting next_dagrun for latest_only_with_trigger to 2026-08-13 08:00:00+00:00, run_after=2026-08-13 12:00:00+00:00
[2026-08-13T13:49:43.017+0000] {processor.py:183} INFO - Processing /home/airflow/.local/lib/python3.12/site-packages/airflow/example_dags/example_latest_only_with_trigger.py took 0.427 seconds
