[2026-08-13T13:24:32.261+0000] {processor.py:161} INFO - Started process (PID=126) to work on /home/airflow/.local/lib/python3.12/site-packages/airflow/example_dags/example_python_decorator.py
[2026-08-13T13:24:32.264+0000] {processor.py:830} INFO - Processing file /home/airflow/.local/lib/python3.12/site-packages/airflow/example_dags/example_python_decorator.py for tasks to queue
[2026-08-13T13:24:32.274+0000] {logging_mixin.py:188} INFO - [2026-08-13T13:24:32.273+0000] {dagbag.py:545} INFO - Filling up the DagBag from /home/airflow/.local/lib/python3.12/site-packages/airflow/example_dags/example_python_decorator.py
[2026-08-13T13:24:32.332+0000] {processor.py:840} INFO - DAG(s) 'example_python_decorator' retrieved from /home/airflow/.local/lib/python3.12/site-packages/airflow/example_dags/example_python_decorator.py
[2026-08-13T13:24:32.729+0000] {logging_mixin.py:188} INFO - [2026-08-13T13:24:32.729+0000] {dag.py:3089} INFO - Sync 1 DAGs
[2026-08-13T13:24:32.761+0000] {logging_mixin.py:188} INFO - [2026-08-13T13:24:32.760+0000] {dag.py:3947} INFO - Setting next_dagrun for example_python_decorator to None, run_after=None
[2026-08-13T13:24:32.830+0000] {processor.py:183} INFO - Processing /home/airflow/.local/lib/python3.12/site-packages/airflow/example_dags/example_python_decorator.py took 0.579 seconds
[2026-08-13T13:25:04.655+0000] {processor.py:161} INFO - Started process (PID=198) to work on /home/airflow/.local/lib/python3.12/site-packages/airflow/example_dags/example_python_decorator.py
[2026-08-13T13:25:04.669+0000] {processor.py:830} INFO - Processing file /home/airflow/.local/lib/python3.12/site-packages/airflow/example_dags/example_python_decorator.py for tasks to queue
[2026-08-13T13:25:04.710+0000] {logging_mixin.py:188} INFO - [2026-08-13T13:25:04.709+0000] {dagbag.py:545} INFO - Filling up the DagBag from /home/airflow/.local/lib/python3.12/site-packages/airflow/example_dags/example_python_decorator.py
[2026-08-13T13:25:04.816+0000] {processor.py:840} INFO - DAG(s) 'example_python_decorator' retrieved from /home/airflow/.local/lib/python3.12/site-packages/airflow/example_dags/example_python_decorator.py
[2026-08-13T13:25:04.993+0000] {logging_mixin.py:188} INFO - [2026-08-13T13:25:04.991+0000] {dag.py:3089} INFO - Sync 1 DAGs
[2026-08-13T13:25:05.153+0000] {logging_mixin.py:188} INFO - [2026-08-13T13:25:05.136+0000] {dag.py:3947} INFO - Setting next_dagrun for example_python_decorator to None, run_after=None
[2026-08-13T13:25:05.291+0000] {processor.py:183} INFO - Processing /home/airflow/.local/lib/python3.12/site-packages/airflow/example_dags/example_python_decorator.py took 0.720 seconds
[2026-08-13T13:25:55.602+0000] {processor.py:161} INFO - Started process (PID=271) to work on /home/airflow/.local/lib/python3.12/site-packages/airflow/example_dags/example_python_decorator.py
[2026-08-13T13:25:55.606+0000] {processor.py:830} INFO - Processing file /home/airflow/.local/lib/python3.12/site-packages/airflow/example_dags/example_python_decorator.py for tasks to queue
[2026-08-13T13:25:55.612+0000] {logging_mixin.py:188} INFO - [2026-08-13T13:25:55.611+0000] {dagbag.py:545} INFO - Filling up the DagBag from /home/airflow/.local/lib/python3.12/site-packages/airflow/example_dags/example_python_decorator.py
[2026-08-13T13:25:55.649+0000] {processor.py:840} INFO - DAG(s) 'example_python_decorator' retrieved from /home/airflow/.local/lib/python3.12/site-packages/airflow/example_dags/example_python_decorator.py
[2026-08-13T13:25:55.715+0000] {logging_mixin.py:188} INFO - [2026-08-13T13:25:55.715+0000] {dag.py:3089} INFO - Sync 1 DAGs
[2026-08-13T13:25:55.747+0000] {logging_mixin.py:188} INFO - [2026-08-13T13:25:55.746+0000] {dag.py:3947} INFO - Setting next_dagrun for example_python_decorator to None, run_after=None
[2026-08-13T13:25:55.816+0000] {processor.py:183} INFO - Processing /home/airflow/.local/lib/python3.12/site-packages/airflow/example_dags/example_python_decorator.py took 0.229 seconds
[2026-08-13T13:26:28.802+0000] {processor.py:161} INFO - Started process (PID=344) to work on /home/airflow/.local/lib/python3.12/site-packages/airflow/example_dags/example_python_decorator.py
[2026-08-13T13:26:28.817+0000] {processor.py:830} INFO - Processing file /home/airflow/.local/lib/python3.12/site-packages/airflow/example_dags/example_python_decorator.py for tasks to queue
[2026-08-13T13:26:28.828+0000] {logging_mixin.py:188} INFO - [2026-08-13T13:26:28.827+0000] {dagbag.py:545} INFO - Filling up the DagBag from /home/airflow/.local/lib/python3.12/site-packages/airflow/example_dags/example_python_decorator.py
[2026-08-13T13:26:28.908+0000] {processor.py:840} INFO - DAG(s) 'example_python_decorator' retrieved from /home/airflow/.local/lib/python3.12/site-packages/airflow/example_dags/example_python_decorator.py
[2026-08-13T13:26:29.096+0000] {logging_mixin.py:188} INFO - [2026-08-13T13:26:29.095+0000] {dag.py:3089} INFO - Sync 1 DAGs
[2026-08-13T13:26:29.293+0000] {logging_mixin.py:188} INFO - [2026-08-13T13:26:29.291+0000] {dag.py:3947} INFO - Setting next_dagrun for example_python_decorator to None, run_after=None
[2026-08-13T13:26:29.431+0000] {processor.py:183} INFO - Processing /home/airflow/.local/lib/python3.12/site-packages/airflow/example_dags/example_python_decorator.py took 0.646 seconds
[2026-08-13T13:27:00.329+0000] {processor.py:161} INFO - Started process (PID=411) to work on /home/airflow/.local/lib/python3.12/site-packages/airflow/example_dags/example_python_decorator.py
[2026-08-13T13:27:00.359+0000] {processor.py:830} INFO - Processing file /home/airflow/.local/lib/python3.12/site-packages/airflow/example_dags/example_python_decorator.py for tasks to queue
[2026-08-13T13:27:00.381+0000] {logging_mixin.py:188} INFO - [2026-08-13T13:27:00.380+0000] {dagbag.py:545} INFO - Filling up the DagBag from /home/airflow/.local/lib/python3.12/site-packages/airflow/example_dags/example_python_decorator.py
[2026-08-13T13:27:00.464+0000] {processor.py:840} INFO - DAG(s) 'example_python_decorator' retrieved from /home/airflow/.local/lib/python3.12/site-packages/airflow/example_dags/example_python_decorator.py
[2026-08-13T13:27:00.538+0000] {logging_mixin.py:188} INFO - [2026-08-13T13:27:00.538+0000] {dag.py:3089} INFO - Sync 1 DAGs
[2026-08-13T13:27:00.593+0000] {logging_mixin.py:188} INFO - [2026-08-13T13:27:00.592+0000] {dag.py:3947} INFO - Setting next_dagrun for example_python_decorator to None, run_after=None
[2026-08-13T13:27:00.653+0000] {processor.py:183} INFO - Processing /home/airflow/.local/lib/python3.12/site-packages/airflow/example_dags/example_python_decorator.py took 0.382 seconds
[2026-08-13T13:27:31.476+0000] {processor.py:161} INFO - Started process (PID=483) to work on /home/airflow/.local/lib/python3.12/site-packages/airflow/example_dags/example_python_decorator.py
[2026-08-13T13:27:31.479+0000] {processor.py:830} INFO - Processing file /home/airflow/.local/lib/python3.12/site-packages/airflow/example_dags/example_python_decorator.py for tasks to queue
[2026-08-13T13:27:31.484+0000] {logging_mixin.py:188} INFO - [2026-08-13T13:27:31.483+0000] {dagbag.py:545} INFO - Filling up the DagBag from /home/airflow/.local/lib/python3.12/site-packages/airflow/example_dags/example_python_decorator.py
[2026-08-13T13:27:31.522+0000] {processor.py:840} INFO - DAG(s) 'example_python_decorator' retrieved from /home/airflow/.local/lib/python3.12/site-packages/airflow/example_dags/example_python_decorator.py
[2026-08-13T13:27:31.594+0000] {logging_mixin.py:188} INFO - [2026-08-13T13:27:31.593+0000] {dag.py:3089} INFO - Sync 1 DAGs
[2026-08-13T13:27:31.632+0000] {logging_mixin.py:188} INFO - [2026-08-13T13:27:31.632+0000] {dag.py:3947} INFO - Setting next_dagrun for example_python_decorator to None, run_after=None
[2026-08-13T13:27:31.688+0000] {processor.py:183} INFO - Processing /home/airflow/.local/lib/python3.12/site-packages/airflow/example_dags/example_python_decorator.py took 0.226 seconds
[2026-08-13T13:28:02.300+0000] {processor.py:161} INFO - Started process (PID=555) to work on /home/airflow/.local/lib/python3.12/site-packages/airflow/example_dags/example_python_decorator.py
[2026-08-13T13:28:02.303+0000] {processor.py:830} INFO - Processing file /home/airflow/.local/lib/python3.12/site-packages/airflow/example_dags/example_python_decorator.py for tasks to queue
[2026-08-13T13:28:02.312+0000] {logging_mixin.py:188} INFO - [2026-08-13T13:28:02.310+0000] {dagbag.py:545} INFO - Filling up the DagBag from /home/airflow/.local/lib/python3.12/site-packages/airflow/example_dags/example_python_decorator.py
[2026-08-13T13:28:02.356+0000] {processor.py:840} INFO - DAG(s) 'example_python_decorator' retrieved from /home/airflow/.local/lib/python3.12/site-packages/airflow/example_dags/example_python_decorator.py
[2026-08-13T13:28:02.430+0000] {logging_mixin.py:188} INFO - [2026-08-13T13:28:02.429+0000] {dag.py:3089} INFO - Sync 1 DAGs
[2026-08-13T13:28:02.466+0000] {logging_mixin.py:188} INFO - [2026-08-13T13:28:02.466+0000] {dag.py:3947} INFO - Setting next_dagrun for example_python_decorator to None, run_after=None
[2026-08-13T13:28:02.523+0000] {processor.py:183} INFO - Processing /home/airflow/.local/lib/python3.12/site-packages/airflow/example_dags/example_python_decorator.py took 0.240 seconds
[2026-08-13T13:28:32.716+0000] {processor.py:161} INFO - Started process (PID=626) to work on /home/airflow/.local/lib/python3.12/site-packages/airflow/example_dags/example_python_decorator.py
[2026-08-13T13:28:32.721+0000] {processor.py:830} INFO - Processing file /home/airflow/.local/lib/python3.12/site-packages/airflow/example_dags/example_python_decorator.py for tasks to queue
[2026-08-13T13:28:32.732+0000] {logging_mixin.py:188} INFO - [2026-08-13T13:28:32.730+0000] {dagbag.py:545} INFO - Filling up the DagBag from /home/airflow/.local/lib/python3.12/site-packages/airflow/example_dags/example_python_decorator.py
[2026-08-13T13:28:32.789+0000] {processor.py:840} INFO - DAG(s) 'example_python_decorator' retrieved from /home/airflow/.local/lib/python3.12/site-packages/airflow/example_dags/example_python_decorator.py
[2026-08-13T13:28:32.849+0000] {logging_mixin.py:188} INFO - [2026-08-13T13:28:32.848+0000] {dag.py:3089} INFO - Sync 1 DAGs
[2026-08-13T13:28:32.898+0000] {logging_mixin.py:188} INFO - [2026-08-13T13:28:32.896+0000] {dag.py:3947} INFO - Setting next_dagrun for example_python_decorator to None, run_after=None
[2026-08-13T13:28:32.984+0000] {processor.py:183} INFO - Processing /home/airflow/.local/lib/python3.12/site-packages/airflow/example_dags/example_python_decorator.py took 0.287 seconds
[2026-08-13T13:29:03.348+0000] {processor.py:161} INFO - Started process (PID=692) to work on /home/airflow/.local/lib/python3.12/site-packages/airflow/example_dags/example_python_decorator.py
[2026-08-13T13:29:03.351+0000] {processor.py:830} INFO - Processing file /home/airflow/.local/lib/python3.12/site-packages/airflow/example_dags/example_python_decorator.py for tasks to queue
[2026-08-13T13:29:03.357+0000] {logging_mixin.py:188} INFO - [2026-08-13T13:29:03.356+0000] {dagbag.py:545} INFO - Filling up the DagBag from /home/airflow/.local/lib/python3.12/site-packages/airflow/example_dags/example_python_decorator.py
[2026-08-13T13:29:03.382+0000] {processor.py:840} INFO - DAG(s) 'example_python_decorator' retrieved from /home/airflow/.local/lib/python3.12/site-packages/airflow/example_dags/example_python_decorator.py
[2026-08-13T13:29:03.439+0000] {logging_mixin.py:188} INFO - [2026-08-13T13:29:03.439+0000] {dag.py:3089} INFO - Sync 1 DAGs
[2026-08-13T13:29:03.470+0000] {logging_mixin.py:188} INFO - [2026-08-13T13:29:03.469+0000] {dag.py:3947} INFO - Setting next_dagrun for example_python_decorator to None, run_after=None
[2026-08-13T13:29:03.522+0000] {processor.py:183} INFO - Processing /home/airflow/.local/lib/python3.12/site-packages/airflow/example_dags/example_python_decorator.py took 0.187 seconds
[2026-08-13T13:29:36.443+0000] {processor.py:161} INFO - Started process (PID=767) to work on /home/airflow/.local/lib/python3.12/site-packages/airflow/example_dags/example_python_decorator.py
[2026-08-13T13:29:36.446+0000] {processor.py:830} INFO - Processing file /home/airflow/.local/lib/python3.12/site-packages/airflow/example_dags/example_python_decorator.py for tasks to queue
[2026-08-13T13:29:36.451+0000] {logging_mixin.py:188} INFO - [2026-08-13T13:29:36.450+0000] {dagbag.py:545} INFO - Filling up the DagBag from /home/airflow/.local/lib/python3.12/site-packages/airflow/example_dags/example_python_decorator.py
[2026-08-13T13:29:36.488+0000] {processor.py:840} INFO - DAG(s) 'example_python_decorator' retrieved from /home/airflow/.local/lib/python3.12/site-packages/airflow/example_dags/example_python_decorator.py
[2026-08-13T13:29:36.556+0000] {logging_mixin.py:188} INFO - [2026-08-13T13:29:36.555+0000] {dag.py:3089} INFO - Sync 1 DAGs
[2026-08-13T13:29:36.595+0000] {logging_mixin.py:188} INFO - [2026-08-13T13:29:36.594+0000] {dag.py:3947} INFO - Setting next_dagrun for example_python_decorator to None, run_after=None
[2026-08-13T13:29:36.655+0000] {processor.py:183} INFO - Processing /home/airflow/.local/lib/python3.12/site-packages/airflow/example_dags/example_python_decorator.py took 0.223 seconds
[2026-08-13T13:30:11.676+0000] {processor.py:161} INFO - Started process (PID=841) to work on /home/airflow/.local/lib/python3.12/site-packages/airflow/example_dags/example_python_decorator.py
[2026-08-13T13:30:11.679+0000] {processor.py:830} INFO - Processing file /home/airflow/.local/lib/python3.12/site-packages/airflow/example_dags/example_python_decorator.py for tasks to queue
[2026-08-13T13:30:11.684+0000] {logging_mixin.py:188} INFO - [2026-08-13T13:30:11.683+0000] {dagbag.py:545} INFO - Filling up the DagBag from /home/airflow/.local/lib/python3.12/site-packages/airflow/example_dags/example_python_decorator.py
[2026-08-13T13:30:11.720+0000] {processor.py:840} INFO - DAG(s) 'example_python_decorator' retrieved from /home/airflow/.local/lib/python3.12/site-packages/airflow/example_dags/example_python_decorator.py
[2026-08-13T13:30:11.771+0000] {logging_mixin.py:188} INFO - [2026-08-13T13:30:11.771+0000] {dag.py:3089} INFO - Sync 1 DAGs
[2026-08-13T13:30:11.801+0000] {logging_mixin.py:188} INFO - [2026-08-13T13:30:11.801+0000] {dag.py:3947} INFO - Setting next_dagrun for example_python_decorator to None, run_after=None
[2026-08-13T13:30:11.846+0000] {processor.py:183} INFO - Processing /home/airflow/.local/lib/python3.12/site-packages/airflow/example_dags/example_python_decorator.py took 0.184 seconds
[2026-08-13T13:30:43.747+0000] {processor.py:161} INFO - Started process (PID=914) to work on /home/airflow/.local/lib/python3.12/site-packages/airflow/example_dags/example_python_decorator.py
[2026-08-13T13:30:43.751+0000] {processor.py:830} INFO - Processing file /home/airflow/.local/lib/python3.12/site-packages/airflow/example_dags/example_python_decorator.py for tasks to queue
[2026-08-13T13:30:43.757+0000] {logging_mixin.py:188} INFO - [2026-08-13T13:30:43.756+0000] {dagbag.py:545} INFO - Filling up the DagBag from /home/airflow/.local/lib/python3.12/site-packages/airflow/example_dags/example_python_decorator.py
[2026-08-13T13:30:43.798+0000] {processor.py:840} INFO - DAG(s) 'example_python_decorator' retrieved from /home/airflow/.local/lib/python3.12/site-packages/airflow/example_dags/example_python_decorator.py
[2026-08-13T13:30:43.888+0000] {logging_mixin.py:188} INFO - [2026-08-13T13:30:43.888+0000] {dag.py:3089} INFO - Sync 1 DAGs
[2026-08-13T13:30:43.930+0000] {logging_mixin.py:188} INFO - [2026-08-13T13:30:43.929+0000] {dag.py:3947} INFO - Setting next_dagrun for example_python_decorator to None, run_after=None
[2026-08-13T13:30:43.982+0000] {processor.py:183} INFO - Processing /home/airflow/.local/lib/python3.12/site-packages/airflow/example_dags/example_python_decorator.py took 0.254 seconds
[2026-08-13T13:31:15.632+0000] {processor.py:161} INFO - Started process (PID=987) to work on /home/airflow/.local/lib/python3.12/site-packages/airflow/example_dags/example_python_decorator.py
[2026-08-13T13:31:15.636+0000] {processor.py:830} INFO - Processing file /home/airflow/.local/lib/python3.12/site-packages/airflow/example_dags/example_python_decorator.py for tasks to queue
[2026-08-13T13:31:15.647+0000] {logging_mixin.py:188} INFO - [2026-08-13T13:31:15.646+0000] {dagbag.py:545} INFO - Filling up the DagBag from /home/airflow/.local/lib/python3.12/site-packages/airflow/example_dags/example_python_decorator.py
[2026-08-13T13:31:15.694+0000] {processor.py:840} INFO - DAG(s) 'example_python_decorator' retrieved from /home/airflow/.local/lib/python3.12/site-packages/airflow/example_dags/example_python_decorator.py
[2026-08-13T13:31:15.761+0000] {logging_mixin.py:188} INFO - [2026-08-13T13:31:15.761+0000] {dag.py:3089} INFO - Sync 1 DAGs
[2026-08-13T13:31:15.802+0000] {logging_mixin.py:188} INFO - [2026-08-13T13:31:15.802+0000] {dag.py:3947} INFO - Setting next_dagrun for example_python_decorator to None, run_after=None
[2026-08-13T13:31:15.862+0000] {processor.py:183} INFO - Processing /home/airflow/.local/lib/python3.12/site-packages/airflow/example_dags/example_python_decorator.py took 0.262 seconds
[2026-08-13T13:31:47.290+0000] {processor.py:161} INFO - Started process (PID=1061) to work on /home/airflow/.local/lib/python3.12/site-packages/airflow/example_dags/example_python_decorator.py
[2026-08-13T13:31:47.294+0000] {processor.py:830} INFO - Processing file /home/airflow/.local/lib/python3.12/site-packages/airflow/example_dags/example_python_decorator.py for tasks to queue
[2026-08-13T13:31:47.302+0000] {logging_mixin.py:188} INFO - [2026-08-13T13:31:47.300+0000] {dagbag.py:545} INFO - Filling up the DagBag from /home/airflow/.local/lib/python3.12/site-packages/airflow/example_dags/example_python_decorator.py
[2026-08-13T13:31:47.365+0000] {processor.py:840} INFO - DAG(s) 'example_python_decorator' retrieved from /home/airflow/.local/lib/python3.12/site-packages/airflow/example_dags/example_python_decorator.py
[2026-08-13T13:31:47.440+0000] {logging_mixin.py:188} INFO - [2026-08-13T13:31:47.440+0000] {dag.py:3089} INFO - Sync 1 DAGs
[2026-08-13T13:31:47.484+0000] {logging_mixin.py:188} INFO - [2026-08-13T13:31:47.484+0000] {dag.py:3947} INFO - Setting next_dagrun for example_python_decorator to None, run_after=None
[2026-08-13T13:31:47.551+0000] {processor.py:183} INFO - Processing /home/airflow/.local/lib/python3.12/site-packages/airflow/example_dags/example_python_decorator.py took 0.279 seconds
[2026-08-13T13:32:18.756+0000] {processor.py:161} INFO - Started process (PID=1127) to work on /home/airflow/.local/lib/python3.12/site-packages/airflow/example_dags/example_python_decorator.py
[2026-08-13T13:32:18.760+0000] {processor.py:830} INFO - Processing file /home/airflow/.local/lib/python3.12/site-packages/airflow/example_dags/example_python_decorator.py for tasks to queue
[2026-08-13T13:32:18.767+0000] {logging_mixin.py:188} INFO - [2026-08-13T13:32:18.766+0000] {dagbag.py:545} INFO - Filling up the DagBag from /home/airflow/.local/lib/python3.12/site-packages/airflow/example_dags/example_python_decorator.py
[2026-08-13T13:32:18.804+0000] {processor.py:840} INFO - DAG(s) 'example_python_decorator' retrieved from /home/airflow/.local/lib/python3.12/site-packages/airflow/example_dags/example_python_decorator.py
[2026-08-13T13:32:18.854+0000] {logging_mixin.py:188} INFO - [2026-08-13T13:32:18.854+0000] {dag.py:3089} INFO - Sync 1 DAGs
[2026-08-13T13:32:18.881+0000] {logging_mixin.py:188} INFO - [2026-08-13T13:32:18.880+0000] {dag.py:3947} INFO - Setting next_dagrun for example_python_decorator to None, run_after=None
[2026-08-13T13:32:18.918+0000] {processor.py:183} INFO - Processing /home/airflow/.local/lib/python3.12/site-packages/airflow/example_dags/example_python_decorator.py took 0.181 seconds
[2026-08-13T13:32:54.009+0000] {processor.py:161} INFO - Started process (PID=1208) to work on /home/airflow/.local/lib/python3.12/site-packages/airflow/example_dags/example_python_decorator.py
[2026-08-13T13:32:54.015+0000] {processor.py:830} INFO - Processing file /home/airflow/.local/lib/python3.12/site-packages/airflow/example_dags/example_python_decorator.py for tasks to queue
[2026-08-13T13:32:54.022+0000] {logging_mixin.py:188} INFO - [2026-08-13T13:32:54.020+0000] {dagbag.py:545} INFO - Filling up the DagBag from /home/airflow/.local/lib/python3.12/site-packages/airflow/example_dags/example_python_decorator.py
[2026-08-13T13:32:54.064+0000] {processor.py:840} INFO - DAG(s) 'example_python_decorator' retrieved from /home/airflow/.local/lib/python3.12/site-packages/airflow/example_dags/example_python_decorator.py
[2026-08-13T13:32:54.134+0000] {logging_mixin.py:188} INFO - [2026-08-13T13:32:54.133+0000] {dag.py:3089} INFO - Sync 1 DAGs
[2026-08-13T13:32:54.168+0000] {logging_mixin.py:188} INFO - [2026-08-13T13:32:54.168+0000] {dag.py:3947} INFO - Setting next_dagrun for example_python_decorator to None, run_after=None
[2026-08-13T13:32:54.213+0000] {processor.py:183} INFO - Processing /home/airflow/.local/lib/python3.12/site-packages/airflow/example_dags/example_python_decorator.py took 0.218 seconds
[2026-08-13T13:33:24.792+0000] {processor.py:161} INFO - Started process (PID=1274) to work on /home/airflow/.local/lib/python3.12/site-packages/airflow/example_dags/example_python_decorator.py
[2026-08-13T13:33:24.795+0000] {processor.py:830} INFO - Processing file /home/airflow/.local/lib/python3.12/site-packages/airflow/example_dags/example_python_decorator.py for tasks to queue
[2026-08-13T13:33:24.800+0000] {logging_mixin.py:188} INFO - [2026-08-13T13:33:24.799+0000] {dagbag.py:545} INFO - Filling up the DagBag from /home/airflow/.local/lib/python3.12/site-packages/airflow/example_dags/example_python_decorator.py
[2026-08-13T13:33:24.826+0000] {processor.py:840} INFO - DAG(s) 'example_python_decorator' retrieved from /home/airflow/.local/lib/python3.12/site-packages/airflow/example_dags/example_python_decorator.py
[2026-08-13T13:33:24.872+0000] {logging_mixin.py:188} INFO - [2026-08-13T13:33:24.871+0000] {dag.py:3089} INFO - Sync 1 DAGs
[2026-08-13T13:33:24.917+0000] {logging_mixin.py:188} INFO - [2026-08-13T13:33:24.917+0000] {dag.py:3947} INFO - Setting next_dagrun for example_python_decorator to None, run_after=None
[2026-08-13T13:33:24.974+0000] {processor.py:183} INFO - Processing /home/airflow/.local/lib/python3.12/site-packages/airflow/example_dags/example_python_decorator.py took 0.197 seconds
[2026-08-13T13:34:02.209+0000] {processor.py:161} INFO - Started process (PID=1355) to work on /home/airflow/.local/lib/python3.12/site-packages/airflow/example_dags/example_python_decorator.py
[2026-08-13T13:34:02.213+0000] {processor.py:830} INFO - Processing file /home/airflow/.local/lib/python3.12/site-packages/airflow/example_dags/example_python_decorator.py for tasks to queue
[2026-08-13T13:34:02.219+0000] {logging_mixin.py:188} INFO - [2026-08-13T13:34:02.218+0000] {dagbag.py:545} INFO - Filling up the DagBag from /home/airflow/.local/lib/python3.12/site-packages/airflow/example_dags/example_python_decorator.py
[2026-08-13T13:34:02.246+0000] {processor.py:840} INFO - DAG(s) 'example_python_decorator' retrieved from /home/airflow/.local/lib/python3.12/site-packages/airflow/example_dags/example_python_decorator.py
[2026-08-13T13:34:02.308+0000] {logging_mixin.py:188} INFO - [2026-08-13T13:34:02.307+0000] {dag.py:3089} INFO - Sync 1 DAGs
[2026-08-13T13:34:02.336+0000] {logging_mixin.py:188} INFO - [2026-08-13T13:34:02.335+0000] {dag.py:3947} INFO - Setting next_dagrun for example_python_decorator to None, run_after=None
[2026-08-13T13:34:02.384+0000] {processor.py:183} INFO - Processing /home/airflow/.local/lib/python3.12/site-packages/airflow/example_dags/example_python_decorator.py took 0.188 seconds
[2026-08-13T13:34:32.810+0000] {processor.py:161} INFO - Started process (PID=1428) to work on /home/airflow/.local/lib/python3.12/site-packages/airflow/example_dags/example_python_decorator.py
[2026-08-13T13:34:32.815+0000] {processor.py:830} INFO - Processing file /home/airflow/.local/lib/python3.12/site-packages/airflow/example_dags/example_python_decorator.py for tasks to queue
[2026-08-13T13:34:32.822+0000] {logging_mixin.py:188} INFO - [2026-08-13T13:34:32.821+0000] {dagbag.py:545} INFO - Filling up the DagBag from /home/airflow/.local/lib/python3.12/site-packages/airflow/example_dags/example_python_decorator.py
[2026-08-13T13:34:32.867+0000] {processor.py:840} INFO - DAG(s) 'example_python_decorator' retrieved from /home/airflow/.local/lib/python3.12/site-packages/airflow/example_dags/example_python_decorator.py
[2026-08-13T13:34:32.938+0000] {logging_mixin.py:188} INFO - [2026-08-13T13:34:32.937+0000] {dag.py:3089} INFO - Sync 1 DAGs
[2026-08-13T13:34:33.026+0000] {logging_mixin.py:188} INFO - [2026-08-13T13:34:33.025+0000] {dag.py:3947} INFO - Setting next_dagrun for example_python_decorator to None, run_after=None
[2026-08-13T13:34:33.091+0000] {processor.py:183} INFO - Processing /home/airflow/.local/lib/python3.12/site-packages/airflow/example_dags/example_python_decorator.py took 0.298 seconds
[2026-08-13T13:35:03.975+0000] {processor.py:161} INFO - Started process (PID=1495) to work on /home/airflow/.local/lib/python3.12/site-packages/airflow/example_dags/example_python_decorator.py
[2026-08-13T13:35:03.978+0000] {processor.py:830} INFO - Processing file /home/airflow/.local/lib/python3.12/site-packages/airflow/example_dags/example_python_decorator.py for tasks to queue
[2026-08-13T13:35:03.986+0000] {logging_mixin.py:188} INFO - [2026-08-13T13:35:03.985+0000] {dagbag.py:545} INFO - Filling up the DagBag from /home/airflow/.local/lib/python3.12/site-packages/airflow/example_dags/example_python_decorator.py
[2026-08-13T13:35:04.020+0000] {processor.py:840} INFO - DAG(s) 'example_python_decorator' retrieved from /home/airflow/.local/lib/python3.12/site-packages/airflow/example_dags/example_python_decorator.py
[2026-08-13T13:35:04.086+0000] {logging_mixin.py:188} INFO - [2026-08-13T13:35:04.085+0000] {dag.py:3089} INFO - Sync 1 DAGs
[2026-08-13T13:35:04.121+0000] {logging_mixin.py:188} INFO - [2026-08-13T13:35:04.120+0000] {dag.py:3947} INFO - Setting next_dagrun for example_python_decorator to None, run_after=None
[2026-08-13T13:35:04.176+0000] {processor.py:183} INFO - Processing /home/airflow/.local/lib/python3.12/site-packages/airflow/example_dags/example_python_decorator.py took 0.216 seconds
[2026-08-13T13:35:36.903+0000] {processor.py:161} INFO - Started process (PID=1568) to work on /home/airflow/.local/lib/python3.12/site-packages/airflow/example_dags/example_python_decorator.py
[2026-08-13T13:35:36.907+0000] {processor.py:830} INFO - Processing file /home/airflow/.local/lib/python3.12/site-packages/airflow/example_dags/example_python_decorator.py for tasks to queue
[2026-08-13T13:35:36.914+0000] {logging_mixin.py:188} INFO - [2026-08-13T13:35:36.913+0000] {dagbag.py:545} INFO - Filling up the DagBag from /home/airflow/.local/lib/python3.12/site-packages/airflow/example_dags/example_python_decorator.py
[2026-08-13T13:35:36.952+0000] {processor.py:840} INFO - DAG(s) 'example_python_decorator' retrieved from /home/airflow/.local/lib/python3.12/site-packages/airflow/example_dags/example_python_decorator.py
[2026-08-13T13:35:37.008+0000] {logging_mixin.py:188} INFO - [2026-08-13T13:35:37.008+0000] {dag.py:3089} INFO - Sync 1 DAGs
[2026-08-13T13:35:37.063+0000] {logging_mixin.py:188} INFO - [2026-08-13T13:35:37.062+0000] {dag.py:3947} INFO - Setting next_dagrun for example_python_decorator to None, run_after=None
[2026-08-13T13:35:37.128+0000] {processor.py:183} INFO - Processing /home/airflow/.local/lib/python3.12/site-packages/airflow/example_dags/example_python_decorator.py took 0.244 seconds
[2026-08-13T13:36:09.645+0000] {processor.py:161} INFO - Started process (PID=1641) to work on /home/airflow/.local/lib/python3.12/site-packages/airflow/example_dags/example_python_decorator.py
[2026-08-13T13:36:09.655+0000] {processor.py:830} INFO - Processing file /home/airflow/.local/lib/python3.12/site-packages/airflow/example_dags/example_python_decorator.py for tasks to queue
[2026-08-13T13:36:09.670+0000] {logging_mixin.py:188} INFO - [2026-08-13T13:36:09.669+0000] {dagbag.py:545} INFO - Filling up the DagBag from /home/airflow/.local/lib/python3.12/site-packages/airflow/example_dags/example_python_decorator.py
[2026-08-13T13:36:09.754+0000] {processor.py:840} INFO - DAG(s) 'example_python_decorator' retrieved from /home/airflow/.local/lib/python3.12/site-packages/airflow/example_dags/example_python_decorator.py
[2026-08-13T13:36:09.867+0000] {logging_mixin.py:188} INFO - [2026-08-13T13:36:09.867+0000] {dag.py:3089} INFO - Sync 1 DAGs
[2026-08-13T13:36:09.956+0000] {logging_mixin.py:188} INFO - [2026-08-13T13:36:09.956+0000] {dag.py:3947} INFO - Setting next_dagrun for example_python_decorator to None, run_after=None
[2026-08-13T13:36:10.078+0000] {processor.py:183} INFO - Processing /home/airflow/.local/lib/python3.12/site-packages/airflow/example_dags/example_python_decorator.py took 0.472 seconds
[2026-08-13T13:36:42.477+0000] {processor.py:161} INFO - Started process (PID=1714) to work on /home/airflow/.local/lib/python3.12/site-packages/airflow/example_dags/example_python_decorator.py
[2026-08-13T13:36:42.488+0000] {processor.py:830} INFO - Processing file /home/airflow/.local/lib/python3.12/site-packages/airflow/example_dags/example_python_decorator.py for tasks to queue
[2026-08-13T13:36:42.504+0000] {logging_mixin.py:188} INFO - [2026-08-13T13:36:42.501+0000] {dagbag.py:545} INFO - Filling up the DagBag from /home/airflow/.local/lib/python3.12/site-packages/airflow/example_dags/example_python_decorator.py
[2026-08-13T13:36:42.621+0000] {processor.py:840} INFO - DAG(s) 'example_python_decorator' retrieved from /home/airflow/.local/lib/python3.12/site-packages/airflow/example_dags/example_python_decorator.py
[2026-08-13T13:36:42.698+0000] {logging_mixin.py:188} INFO - [2026-08-13T13:36:42.697+0000] {dag.py:3089} INFO - Sync 1 DAGs
[2026-08-13T13:36:42.749+0000] {logging_mixin.py:188} INFO - [2026-08-13T13:36:42.749+0000] {dag.py:3947} INFO - Setting next_dagrun for example_python_decorator to None, run_after=None
[2026-08-13T13:36:42.810+0000] {processor.py:183} INFO - Processing /home/airflow/.local/lib/python3.12/site-packages/airflow/example_dags/example_python_decorator.py took 0.371 seconds
[2026-08-13T13:37:14.270+0000] {processor.py:161} INFO - Started process (PID=1787) to work on /home/airflow/.local/lib/python3.12/site-packages/airflow/example_dags/example_python_decorator.py
[2026-08-13T13:37:14.274+0000] {processor.py:830} INFO - Processing file /home/airflow/.local/lib/python3.12/site-packages/airflow/example_dags/example_python_decorator.py for tasks to queue
[2026-08-13T13:37:14.282+0000] {logging_mixin.py:188} INFO - [2026-08-13T13:37:14.280+0000] {dagbag.py:545} INFO - Filling up the DagBag from /home/airflow/.local/lib/python3.12/site-packages/airflow/example_dags/example_python_decorator.py
[2026-08-13T13:37:14.324+0000] {processor.py:840} INFO - DAG(s) 'example_python_decorator' retrieved from /home/airflow/.local/lib/python3.12/site-packages/airflow/example_dags/example_python_decorator.py
[2026-08-13T13:37:14.395+0000] {logging_mixin.py:188} INFO - [2026-08-13T13:37:14.394+0000] {dag.py:3089} INFO - Sync 1 DAGs
[2026-08-13T13:37:14.510+0000] {logging_mixin.py:188} INFO - [2026-08-13T13:37:14.510+0000] {dag.py:3947} INFO - Setting next_dagrun for example_python_decorator to None, run_after=None
[2026-08-13T13:37:14.572+0000] {processor.py:183} INFO - Processing /home/airflow/.local/lib/python3.12/site-packages/airflow/example_dags/example_python_decorator.py took 0.328 seconds
[2026-08-13T13:37:47.013+0000] {processor.py:161} INFO - Started process (PID=1861) to work on /home/airflow/.local/lib/python3.12/site-packages/airflow/example_dags/example_python_decorator.py
[2026-08-13T13:37:47.017+0000] {processor.py:830} INFO - Processing file /home/airflow/.local/lib/python3.12/site-packages/airflow/example_dags/example_python_decorator.py for tasks to queue
[2026-08-13T13:37:47.024+0000] {logging_mixin.py:188} INFO - [2026-08-13T13:37:47.023+0000] {dagbag.py:545} INFO - Filling up the DagBag from /home/airflow/.local/lib/python3.12/site-packages/airflow/example_dags/example_python_decorator.py
[2026-08-13T13:37:47.074+0000] {processor.py:840} INFO - DAG(s) 'example_python_decorator' retrieved from /home/airflow/.local/lib/python3.12/site-packages/airflow/example_dags/example_python_decorator.py
[2026-08-13T13:37:47.151+0000] {logging_mixin.py:188} INFO - [2026-08-13T13:37:47.150+0000] {dag.py:3089} INFO - Sync 1 DAGs
[2026-08-13T13:37:47.185+0000] {logging_mixin.py:188} INFO - [2026-08-13T13:37:47.184+0000] {dag.py:3947} INFO - Setting next_dagrun for example_python_decorator to None, run_after=None
[2026-08-13T13:37:47.231+0000] {processor.py:183} INFO - Processing /home/airflow/.local/lib/python3.12/site-packages/airflow/example_dags/example_python_decorator.py took 0.229 seconds
[2026-08-13T13:38:20.568+0000] {processor.py:161} INFO - Started process (PID=1935) to work on /home/airflow/.local/lib/python3.12/site-packages/airflow/example_dags/example_python_decorator.py
[2026-08-13T13:38:20.572+0000] {processor.py:830} INFO - Processing file /home/airflow/.local/lib/python3.12/site-packages/airflow/example_dags/example_python_decorator.py for tasks to queue
[2026-08-13T13:38:20.581+0000] {logging_mixin.py:188} INFO - [2026-08-13T13:38:20.579+0000] {dagbag.py:545} INFO - Filling up the DagBag from /home/airflow/.local/lib/python3.12/site-packages/airflow/example_dags/example_python_decorator.py
[2026-08-13T13:38:20.644+0000] {processor.py:840} INFO - DAG(s) 'example_python_decorator' retrieved from /home/airflow/.local/lib/python3.12/site-packages/airflow/example_dags/example_python_decorator.py
[2026-08-13T13:38:20.708+0000] {logging_mixin.py:188} INFO - [2026-08-13T13:38:20.708+0000] {dag.py:3089} INFO - Sync 1 DAGs
[2026-08-13T13:38:20.751+0000] {logging_mixin.py:188} INFO - [2026-08-13T13:38:20.750+0000] {dag.py:3947} INFO - Setting next_dagrun for example_python_decorator to None, run_after=None
[2026-08-13T13:38:20.812+0000] {processor.py:183} INFO - Processing /home/airflow/.local/lib/python3.12/site-packages/airflow/example_dags/example_python_decorator.py took 0.259 seconds
[2026-08-13T13:38:53.941+0000] {processor.py:161} INFO - Started process (PID=2009) to work on /home/airflow/.local/lib/python3.12/site-packages/airflow/example_dags/example_python_decorator.py
[2026-08-13T13:38:53.943+0000] {processor.py:830} INFO - Processing file /home/airflow/.local/lib/python3.12/site-packages/airflow/example_dags/example_python_decorator.py for tasks to queue
[2026-08-13T13:38:53.949+0000] {logging_mixin.py:188} INFO - [2026-08-13T13:38:53.948+0000] {dagbag.py:545} INFO - Filling up the DagBag from /home/airflow/.local/lib/python3.12/site-packages/airflow/example_dags/example_python_decorator.py
[2026-08-13T13:38:53.975+0000] {processor.py:840} INFO - DAG(s) 'example_python_decorator' retrieved from /home/airflow/.local/lib/python3.12/site-packages/airflow/example_dags/example_python_decorator.py
[2026-08-13T13:38:54.022+0000] {logging_mixin.py:188} INFO - [2026-08-13T13:38:54.022+0000] {dag.py:3089} INFO - Sync 1 DAGs
[2026-08-13T13:38:54.053+0000] {logging_mixin.py:188} INFO - [2026-08-13T13:38:54.053+0000] {dag.py:3947} INFO - Setting next_dagrun for example_python_decorator to None, run_after=None
[2026-08-13T13:38:54.088+0000] {processor.py:183} INFO - Processing /home/airflow/.local/lib/python3.12/site-packages/airflow/example_dags/example_python_decorator.py took 0.159 seconds
[2026-08-13T13:39:28.038+0000] {processor.py:161} INFO - Started process (PID=2083) to work on /home/airflow/.local/lib/python3.12/site-packages/airflow/example_dags/example_python_decorator.py
[2026-08-13T13:39:28.041+0000] {processor.py:830} INFO - Processing file /home/airflow/.local/lib/python3.12/site-packages/airflow/example_dags/example_python_decorator.py for tasks to queue
[2026-08-13T13:39:28.050+0000] {logging_mixin.py:188} INFO - [2026-08-13T13:39:28.049+0000] {dagbag.py:545} INFO - Filling up the DagBag from /home/airflow/.local/lib/python3.12/site-packages/airflow/example_dags/example_python_decorator.py
[2026-08-13T13:39:28.085+0000] {processor.py:840} INFO - DAG(s) 'example_python_decorator' retrieved from /home/airflow/.local/lib/python3.12/site-packages/airflow/example_dags/example_python_decorator.py
[2026-08-13T13:39:28.153+0000] {logging_mixin.py:188} INFO - [2026-08-13T13:39:28.152+0000] {dag.py:3089} INFO - Sync 1 DAGs
[2026-08-13T13:39:28.185+0000] {logging_mixin.py:188} INFO - [2026-08-13T13:39:28.185+0000] {dag.py:3947} INFO - Setting next_dagrun for example_python_decorator to None, run_after=None
[2026-08-13T13:39:28.249+0000] {processor.py:183} INFO - Processing /home/airflow/.local/lib/python3.12/site-packages/airflow/example_dags/example_python_decorator.py took 0.229 seconds
[2026-08-13T13:40:01.623+0000] {processor.py:161} INFO - Started process (PID=2156) to work on /home/airflow/.local/lib/python3.12/site-packages/airflow/example_dags/example_python_decorator.py
[2026-08-13T13:40:01.627+0000] {processor.py:830} INFO - Processing file /home/airflow/.local/lib/python3.12/site-packages/airflow/example_dags/example_python_decorator.py for tasks to queue
[2026-08-13T13:40:01.640+0000] {logging_mixin.py:188} INFO - [2026-08-13T13:40:01.639+0000] {dagbag.py:545} INFO - Filling up the DagBag from /home/airflow/.local/lib/python3.12/site-packages/airflow/example_dags/example_python_decorator.py
[2026-08-13T13:40:01.674+0000] {processor.py:840} INFO - DAG(s) 'example_python_decorator' retrieved from /home/airflow/.local/lib/python3.12/site-packages/airflow/example_dags/example_python_decorator.py
[2026-08-13T13:40:01.743+0000] {logging_mixin.py:188} INFO - [2026-08-13T13:40:01.742+0000] {dag.py:3089} INFO - Sync 1 DAGs
[2026-08-13T13:40:01.791+0000] {logging_mixin.py:188} INFO - [2026-08-13T13:40:01.791+0000] {dag.py:3947} INFO - Setting next_dagrun for example_python_decorator to None, run_after=None
[2026-08-13T13:40:02.303+0000] {processor.py:183} INFO - Processing /home/airflow/.local/lib/python3.12/site-packages/airflow/example_dags/example_python_decorator.py took 0.694 seconds
[2026-08-13T13:40:33.811+0000] {processor.py:161} INFO - Started process (PID=2228) to work on /home/airflow/.local/lib/python3.12/site-packages/airflow/example_dags/example_python_decorator.py
[2026-08-13T13:40:33.816+0000] {processor.py:830} INFO - Processing file /home/airflow/.local/lib/python3.12/site-packages/airflow/example_dags/example_python_decorator.py for tasks to queue
[2026-08-13T13:40:33.838+0000] {logging_mixin.py:188} INFO - [2026-08-13T13:40:33.837+0000] {dagbag.py:545} INFO - Filling up the DagBag from /home/airflow/.local/lib/python3.12/site-packages/airflow/example_dags/example_python_decorator.py
[2026-08-13T13:40:33.885+0000] {processor.py:840} INFO - DAG(s) 'example_python_decorator' retrieved from /home/airflow/.local/lib/python3.12/site-packages/airflow/example_dags/example_python_decorator.py
[2026-08-13T13:40:33.954+0000] {logging_mixin.py:188} INFO - [2026-08-13T13:40:33.953+0000] {dag.py:3089} INFO - Sync 1 DAGs
[2026-08-13T13:40:33.996+0000] {logging_mixin.py:188} INFO - [2026-08-13T13:40:33.995+0000] {dag.py:3947} INFO - Setting next_dagrun for example_python_decorator to None, run_after=None
[2026-08-13T13:40:34.056+0000] {processor.py:183} INFO - Processing /home/airflow/.local/lib/python3.12/site-packages/airflow/example_dags/example_python_decorator.py took 0.278 seconds
[2026-08-13T13:41:08.440+0000] {processor.py:161} INFO - Started process (PID=2302) to work on /home/airflow/.local/lib/python3.12/site-packages/airflow/example_dags/example_python_decorator.py
[2026-08-13T13:41:08.444+0000] {processor.py:830} INFO - Processing file /home/airflow/.local/lib/python3.12/site-packages/airflow/example_dags/example_python_decorator.py for tasks to queue
[2026-08-13T13:41:08.450+0000] {logging_mixin.py:188} INFO - [2026-08-13T13:41:08.449+0000] {dagbag.py:545} INFO - Filling up the DagBag from /home/airflow/.local/lib/python3.12/site-packages/airflow/example_dags/example_python_decorator.py
[2026-08-13T13:41:08.487+0000] {processor.py:840} INFO - DAG(s) 'example_python_decorator' retrieved from /home/airflow/.local/lib/python3.12/site-packages/airflow/example_dags/example_python_decorator.py
[2026-08-13T13:41:08.544+0000] {logging_mixin.py:188} INFO - [2026-08-13T13:41:08.543+0000] {dag.py:3089} INFO - Sync 1 DAGs
[2026-08-13T13:41:08.580+0000] {logging_mixin.py:188} INFO - [2026-08-13T13:41:08.580+0000] {dag.py:3947} INFO - Setting next_dagrun for example_python_decorator to None, run_after=None
[2026-08-13T13:41:08.637+0000] {processor.py:183} INFO - Processing /home/airflow/.local/lib/python3.12/site-packages/airflow/example_dags/example_python_decorator.py took 0.209 seconds
[2026-08-13T13:41:45.693+0000] {processor.py:161} INFO - Started process (PID=2375) to work on /home/airflow/.local/lib/python3.12/site-packages/airflow/example_dags/example_python_decorator.py
[2026-08-13T13:41:45.696+0000] {processor.py:830} INFO - Processing file /home/airflow/.local/lib/python3.12/site-packages/airflow/example_dags/example_python_decorator.py for tasks to queue
[2026-08-13T13:41:45.703+0000] {logging_mixin.py:188} INFO - [2026-08-13T13:41:45.702+0000] {dagbag.py:545} INFO - Filling up the DagBag from /home/airflow/.local/lib/python3.12/site-packages/airflow/example_dags/example_python_decorator.py
[2026-08-13T13:41:45.740+0000] {processor.py:840} INFO - DAG(s) 'example_python_decorator' retrieved from /home/airflow/.local/lib/python3.12/site-packages/airflow/example_dags/example_python_decorator.py
[2026-08-13T13:41:45.798+0000] {logging_mixin.py:188} INFO - [2026-08-13T13:41:45.797+0000] {dag.py:3089} INFO - Sync 1 DAGs
[2026-08-13T13:41:45.838+0000] {logging_mixin.py:188} INFO - [2026-08-13T13:41:45.838+0000] {dag.py:3947} INFO - Setting next_dagrun for example_python_decorator to None, run_after=None
[2026-08-13T13:41:45.891+0000] {processor.py:183} INFO - Processing /home/airflow/.local/lib/python3.12/site-packages/airflow/example_dags/example_python_decorator.py took 0.212 seconds
[2026-08-13T13:42:17.558+0000] {processor.py:161} INFO - Started process (PID=2448) to work on /home/airflow/.local/lib/python3.12/site-packages/airflow/example_dags/example_python_decorator.py
[2026-08-13T13:42:17.562+0000] {processor.py:830} INFO - Processing file /home/airflow/.local/lib/python3.12/site-packages/airflow/example_dags/example_python_decorator.py for tasks to queue
[2026-08-13T13:42:17.567+0000] {logging_mixin.py:188} INFO - [2026-08-13T13:42:17.566+0000] {dagbag.py:545} INFO - Filling up the DagBag from /home/airflow/.local/lib/python3.12/site-packages/airflow/example_dags/example_python_decorator.py
[2026-08-13T13:42:17.596+0000] {processor.py:840} INFO - DAG(s) 'example_python_decorator' retrieved from /home/airflow/.local/lib/python3.12/site-packages/airflow/example_dags/example_python_decorator.py
[2026-08-13T13:42:17.642+0000] {logging_mixin.py:188} INFO - [2026-08-13T13:42:17.641+0000] {dag.py:3089} INFO - Sync 1 DAGs
[2026-08-13T13:42:17.961+0000] {logging_mixin.py:188} INFO - [2026-08-13T13:42:17.960+0000] {dag.py:3947} INFO - Setting next_dagrun for example_python_decorator to None, run_after=None
[2026-08-13T13:42:18.010+0000] {processor.py:183} INFO - Processing /home/airflow/.local/lib/python3.12/site-packages/airflow/example_dags/example_python_decorator.py took 0.463 seconds
[2026-08-13T13:42:48.589+0000] {processor.py:161} INFO - Started process (PID=2521) to work on /home/airflow/.local/lib/python3.12/site-packages/airflow/example_dags/example_python_decorator.py
[2026-08-13T13:42:48.592+0000] {processor.py:830} INFO - Processing file /home/airflow/.local/lib/python3.12/site-packages/airflow/example_dags/example_python_decorator.py for tasks to queue
[2026-08-13T13:42:48.602+0000] {logging_mixin.py:188} INFO - [2026-08-13T13:42:48.601+0000] {dagbag.py:545} INFO - Filling up the DagBag from /home/airflow/.local/lib/python3.12/site-packages/airflow/example_dags/example_python_decorator.py
[2026-08-13T13:42:48.635+0000] {processor.py:840} INFO - DAG(s) 'example_python_decorator' retrieved from /home/airflow/.local/lib/python3.12/site-packages/airflow/example_dags/example_python_decorator.py
[2026-08-13T13:42:48.693+0000] {logging_mixin.py:188} INFO - [2026-08-13T13:42:48.693+0000] {dag.py:3089} INFO - Sync 1 DAGs
[2026-08-13T13:42:48.728+0000] {logging_mixin.py:188} INFO - [2026-08-13T13:42:48.728+0000] {dag.py:3947} INFO - Setting next_dagrun for example_python_decorator to None, run_after=None
[2026-08-13T13:42:48.825+0000] {processor.py:183} INFO - Processing /home/airflow/.local/lib/python3.12/site-packages/airflow/example_dags/example_python_decorator.py took 0.258 seconds
[2026-08-13T13:43:18.968+0000] {processor.py:161} INFO - Started process (PID=2592) to work on /home/airflow/.local/lib/python3.12/site-packages/airflow/example_dags/example_python_decorator.py
[2026-08-13T13:43:18.971+0000] {processor.py:830} INFO - Processing file /home/airflow/.local/lib/python3.12/site-packages/airflow/example_dags/example_python_decorator.py for tasks to queue
[2026-08-13T13:43:18.976+0000] {logging_mixin.py:188} INFO - [2026-08-13T13:43:18.975+0000] {dagbag.py:545} INFO - Filling up the DagBag from /home/airflow/.local/lib/python3.12/site-packages/airflow/example_dags/example_python_decorator.py
[2026-08-13T13:43:19.008+0000] {processor.py:840} INFO - DAG(s) 'example_python_decorator' retrieved from /home/airflow/.local/lib/python3.12/site-packages/airflow/example_dags/example_python_decorator.py
[2026-08-13T13:43:19.067+0000] {logging_mixin.py:188} INFO - [2026-08-13T13:43:19.067+0000] {dag.py:3089} INFO - Sync 1 DAGs
[2026-08-13T13:43:19.118+0000] {logging_mixin.py:188} INFO - [2026-08-13T13:43:19.117+0000] {dag.py:3947} INFO - Setting next_dagrun for example_python_decorator to None, run_after=None
[2026-08-13T13:43:19.166+0000] {processor.py:183} INFO - Processing /home/airflow/.local/lib/python3.12/site-packages/airflow/example_dags/example_python_decorator.py took 0.215 seconds
[2026-08-13T13:43:49.919+0000] {processor.py:161} INFO - Started process (PID=2658) to work on /home/airflow/.local/lib/python3.12/site-packages/airflow/example_dags/example_python_decorator.py
[2026-08-13T13:43:49.924+0000] {processor.py:830} INFO - Processing file /home/airflow/.local/lib/python3.12/site-packages/airflow/example_dags/example_python_decorator.py for tasks to queue
[2026-08-13T13:43:49.937+0000] {logging_mixin.py:188} INFO - [2026-08-13T13:43:49.935+0000] {dagbag.py:545} INFO - Filling up the DagBag from /home/airflow/.local/lib/python3.12/site-packages/airflow/example_dags/example_python_decorator.py
[2026-08-13T13:43:50.014+0000] {processor.py:840} INFO - DAG(s) 'example_python_decorator' retrieved from /home/airflow/.local/lib/python3.12/site-packages/airflow/example_dags/example_python_decorator.py
[2026-08-13T13:43:50.099+0000] {logging_mixin.py:188} INFO - [2026-08-13T13:43:50.098+0000] {dag.py:3089} INFO - Sync 1 DAGs
[2026-08-13T13:43:50.190+0000] {logging_mixin.py:188} INFO - [2026-08-13T13:43:50.189+0000] {dag.py:3947} INFO - Setting next_dagrun for example_python_decorator to None, run_after=None
[2026-08-13T13:43:50.329+0000] {processor.py:183} INFO - Processing /home/airflow/.local/lib/python3.12/site-packages/airflow/example_dags/example_python_decorator.py took 0.442 seconds
[2026-08-13T13:44:20.993+0000] {processor.py:161} INFO - Started process (PID=2738) to work on /home/airflow/.local/lib/python3.12/site-packages/airflow/example_dags/example_python_decorator.py
[2026-08-13T13:44:20.996+0000] {processor.py:830} INFO - Processing file /home/airflow/.local/lib/python3.12/site-packages/airflow/example_dags/example_python_decorator.py for tasks to queue
[2026-08-13T13:44:21.001+0000] {logging_mixin.py:188} INFO - [2026-08-13T13:44:21.000+0000] {dagbag.py:545} INFO - Filling up the DagBag from /home/airflow/.local/lib/python3.12/site-packages/airflow/example_dags/example_python_decorator.py
[2026-08-13T13:44:21.037+0000] {processor.py:840} INFO - DAG(s) 'example_python_decorator' retrieved from /home/airflow/.local/lib/python3.12/site-packages/airflow/example_dags/example_python_decorator.py
[2026-08-13T13:44:21.100+0000] {logging_mixin.py:188} INFO - [2026-08-13T13:44:21.099+0000] {dag.py:3089} INFO - Sync 1 DAGs
[2026-08-13T13:44:21.136+0000] {logging_mixin.py:188} INFO - [2026-08-13T13:44:21.135+0000] {dag.py:3947} INFO - Setting next_dagrun for example_python_decorator to None, run_after=None
[2026-08-13T13:44:21.193+0000] {processor.py:183} INFO - Processing /home/airflow/.local/lib/python3.12/site-packages/airflow/example_dags/example_python_decorator.py took 0.209 seconds
[2026-08-13T13:44:51.423+0000] {processor.py:161} INFO - Started process (PID=2802) to work on /home/airflow/.local/lib/python3.12/site-packages/airflow/example_dags/example_python_decorator.py
[2026-08-13T13:44:51.428+0000] {processor.py:830} INFO - Processing file /home/airflow/.local/lib/python3.12/site-packages/airflow/example_dags/example_python_decorator.py for tasks to queue
[2026-08-13T13:44:51.438+0000] {logging_mixin.py:188} INFO - [2026-08-13T13:44:51.437+0000] {dagbag.py:545} INFO - Filling up the DagBag from /home/airflow/.local/lib/python3.12/site-packages/airflow/example_dags/example_python_decorator.py
[2026-08-13T13:44:51.490+0000] {processor.py:840} INFO - DAG(s) 'example_python_decorator' retrieved from /home/airflow/.local/lib/python3.12/site-packages/airflow/example_dags/example_python_decorator.py
[2026-08-13T13:44:51.560+0000] {logging_mixin.py:188} INFO - [2026-08-13T13:44:51.559+0000] {dag.py:3089} INFO - Sync 1 DAGs
[2026-08-13T13:44:51.598+0000] {logging_mixin.py:188} INFO - [2026-08-13T13:44:51.598+0000] {dag.py:3947} INFO - Setting next_dagrun for example_python_decorator to None, run_after=None
[2026-08-13T13:44:51.689+0000] {processor.py:183} INFO - Processing /home/airflow/.local/lib/python3.12/site-packages/airflow/example_dags/example_python_decorator.py took 0.292 seconds
[2026-08-13T13:45:21.929+0000] {processor.py:161} INFO - Started process (PID=2874) to work on /home/airflow/.local/lib/python3.12/site-packages/airflow/example_dags/example_python_decorator.py
[2026-08-13T13:45:21.933+0000] {processor.py:830} INFO - Processing file /home/airflow/.local/lib/python3.12/site-packages/airflow/example_dags/example_python_decorator.py for tasks to queue
[2026-08-13T13:45:21.938+0000] {logging_mixin.py:188} INFO - [2026-08-13T13:45:21.937+0000] {dagbag.py:545} INFO - Filling up the DagBag from /home/airflow/.local/lib/python3.12/site-packages/airflow/example_dags/example_python_decorator.py
[2026-08-13T13:45:21.973+0000] {processor.py:840} INFO - DAG(s) 'example_python_decorator' retrieved from /home/airflow/.local/lib/python3.12/site-packages/airflow/example_dags/example_python_decorator.py
[2026-08-13T13:45:22.027+0000] {logging_mixin.py:188} INFO - [2026-08-13T13:45:22.027+0000] {dag.py:3089} INFO - Sync 1 DAGs
[2026-08-13T13:45:22.055+0000] {logging_mixin.py:188} INFO - [2026-08-13T13:45:22.054+0000] {dag.py:3947} INFO - Setting next_dagrun for example_python_decorator to None, run_after=None
[2026-08-13T13:45:22.099+0000] {processor.py:183} INFO - Processing /home/airflow/.local/lib/python3.12/site-packages/airflow/example_dags/example_python_decorator.py took 0.186 seconds
[2026-08-13T13:45:53.760+0000] {processor.py:161} INFO - Started process (PID=2947) to work on /home/airflow/.local/lib/python3.12/site-packages/airflow/example_dags/example_python_decorator.py
[2026-08-13T13:45:53.766+0000] {processor.py:830} INFO - Processing file /home/airflow/.local/lib/python3.12/site-packages/airflow/example_dags/example_python_decorator.py for tasks to queue
[2026-08-13T13:45:53.772+0000] {logging_mixin.py:188} INFO - [2026-08-13T13:45:53.771+0000] {dagbag.py:545} INFO - Filling up the DagBag from /home/airflow/.local/lib/python3.12/site-packages/airflow/example_dags/example_python_decorator.py
[2026-08-13T13:45:53.815+0000] {processor.py:840} INFO - DAG(s) 'example_python_decorator' retrieved from /home/airflow/.local/lib/python3.12/site-packages/airflow/example_dags/example_python_decorator.py
[2026-08-13T13:45:53.899+0000] {logging_mixin.py:188} INFO - [2026-08-13T13:45:53.898+0000] {dag.py:3089} INFO - Sync 1 DAGs
[2026-08-13T13:45:53.936+0000] {logging_mixin.py:188} INFO - [2026-08-13T13:45:53.936+0000] {dag.py:3947} INFO - Setting next_dagrun for example_python_decorator to None, run_after=None
[2026-08-13T13:45:53.995+0000] {processor.py:183} INFO - Processing /home/airflow/.local/lib/python3.12/site-packages/airflow/example_dags/example_python_decorator.py took 0.251 seconds
[2026-08-13T13:46:25.364+0000] {processor.py:161} INFO - Started process (PID=3022) to work on /home/airflow/.local/lib/python3.12/site-packages/airflow/example_dags/example_python_decorator.py
[2026-08-13T13:46:25.367+0000] {processor.py:830} INFO - Processing file /home/airflow/.local/lib/python3.12/site-packages/airflow/example_dags/example_python_decorator.py for tasks to queue
[2026-08-13T13:46:25.372+0000] {logging_mixin.py:188} INFO - [2026-08-13T13:46:25.372+0000] {dagbag.py:545} INFO - Filling up the DagBag from /home/airflow/.local/lib/python3.12/site-packages/airflow/example_dags/example_python_decorator.py
[2026-08-13T13:46:25.401+0000] {processor.py:840} INFO - DAG(s) 'example_python_decorator' retrieved from /home/airflow/.local/lib/python3.12/site-packages/airflow/example_dags/example_python_decorator.py
[2026-08-13T13:46:25.456+0000] {logging_mixin.py:188} INFO - [2026-08-13T13:46:25.456+0000] {dag.py:3089} INFO - Sync 1 DAGs
[2026-08-13T13:46:25.487+0000] {logging_mixin.py:188} INFO - [2026-08-13T13:46:25.487+0000] {dag.py:3947} INFO - Setting next_dagrun for example_python_decorator to None, run_after=None
[2026-08-13T13:46:25.536+0000] {processor.py:183} INFO - Processing /home/airflow/.local/lib/python3.12/site-packages/airflow/example_dags/example_python_decorator.py took 0.184 seconds
[2026-08-13T13:46:56.129+0000] {processor.py:161} INFO - Started process (PID=3095) to work on /home/airflow/.local/lib/python3.12/site-packages/airflow/example_dags/example_python_decorator.py
[2026-08-13T13:46:56.132+0000] {processor.py:830} INFO - Processing file /home/airflow/.local/lib/python3.12/site-packages/airflow/example_dags/example_python_decorator.py for tasks to queue
[2026-08-13T13:46:56.136+0000] {logging_mixin.py:188} INFO - [2026-08-13T13:46:56.135+0000] {dagbag.py:545} INFO - Filling up the DagBag from /home/airflow/.local/lib/python3.12/site-packages/airflow/example_dags/example_python_decorator.py
[2026-08-13T13:46:56.159+0000] {processor.py:840} INFO - DAG(s) 'example_python_decorator' retrieved from /home/airflow/.local/lib/python3.12/site-packages/airflow/example_dags/example_python_decorator.py
[2026-08-13T13:46:56.215+0000] {logging_mixin.py:188} INFO - [2026-08-13T13:46:56.215+0000] {dag.py:3089} INFO - Sync 1 DAGs
[2026-08-13T13:46:56.245+0000] {logging_mixin.py:188} INFO - [2026-08-13T13:46:56.245+0000] {dag.py:3947} INFO - Setting next_dagrun for example_python_decorator to None, run_after=None
[2026-08-13T13:46:56.284+0000] {processor.py:183} INFO - Processing /home/airflow/.local/lib/python3.12/site-packages/airflow/example_dags/example_python_decorator.py took 0.164 seconds
[2026-08-13T13:47:27.644+0000] {processor.py:161} INFO - Started process (PID=3167) to work on /home/airflow/.local/lib/python3.12/site-packages/airflow/example_dags/example_python_decorator.py
[2026-08-13T13:47:27.652+0000] {processor.py:830} INFO - Processing file /home/airflow/.local/lib/python3.12/site-packages/airflow/example_dags/example_python_decorator.py for tasks to queue
[2026-08-13T13:47:27.661+0000] {logging_mixin.py:188} INFO - [2026-08-13T13:47:27.660+0000] {dagbag.py:545} INFO - Filling up the DagBag from /home/airflow/.local/lib/python3.12/site-packages/airflow/example_dags/example_python_decorator.py
[2026-08-13T13:47:27.714+0000] {processor.py:840} INFO - DAG(s) 'example_python_decorator' retrieved from /home/airflow/.local/lib/python3.12/site-packages/airflow/example_dags/example_python_decorator.py
[2026-08-13T13:47:27.793+0000] {logging_mixin.py:188} INFO - [2026-08-13T13:47:27.792+0000] {dag.py:3089} INFO - Sync 1 DAGs
[2026-08-13T13:47:27.840+0000] {logging_mixin.py:188} INFO - [2026-08-13T13:47:27.840+0000] {dag.py:3947} INFO - Setting next_dagrun for example_python_decorator to None, run_after=None
[2026-08-13T13:47:27.936+0000] {processor.py:183} INFO - Processing /home/airflow/.local/lib/python3.12/site-packages/airflow/example_dags/example_python_decorator.py took 0.315 seconds
[2026-08-13T13:47:59.267+0000] {processor.py:161} INFO - Started process (PID=3240) to work on /home/airflow/.local/lib/python3.12/site-packages/airflow/example_dags/example_python_decorator.py
[2026-08-13T13:47:59.277+0000] {processor.py:830} INFO - Processing file /home/airflow/.local/lib/python3.12/site-packages/airflow/example_dags/example_python_decorator.py for tasks to queue
[2026-08-13T13:47:59.290+0000] {logging_mixin.py:188} INFO - [2026-08-13T13:47:59.289+0000] {dagbag.py:545} INFO - Filling up the DagBag from /home/airflow/.local/lib/python3.12/site-packages/airflow/example_dags/example_python_decorator.py
[2026-08-13T13:47:59.341+0000] {processor.py:840} INFO - DAG(s) 'example_python_decorator' retrieved from /home/airflow/.local/lib/python3.12/site-packages/airflow/example_dags/example_python_decorator.py
[2026-08-13T13:47:59.454+0000] {logging_mixin.py:188} INFO - [2026-08-13T13:47:59.453+0000] {dag.py:3089} INFO - Sync 1 DAGs
[2026-08-13T13:47:59.508+0000] {logging_mixin.py:188} INFO - [2026-08-13T13:47:59.507+0000] {dag.py:3947} INFO - Setting next_dagrun for example_python_decorator to None, run_after=None
[2026-08-13T13:47:59.603+0000] {processor.py:183} INFO - Processing /home/airflow/.local/lib/python3.12/site-packages/airflow/example_dags/example_python_decorator.py took 0.371 seconds
[2026-08-13T13:48:30.733+0000] {processor.py:161} INFO - Started process (PID=3313) to work on /home/airflow/.local/lib/python3.12/site-packages/airflow/example_dags/example_python_decorator.py
[2026-08-13T13:48:30.737+0000] {processor.py:830} INFO - Processing file /home/airflow/.local/lib/python3.12/site-packages/airflow/example_dags/example_python_decorator.py for tasks to queue
[2026-08-13T13:48:30.749+0000] {logging_mixin.py:188} INFO - [2026-08-13T13:48:30.747+0000] {dagbag.py:545} INFO - Filling up the DagBag from /home/airflow/.local/lib/python3.12/site-packages/airflow/example_dags/example_python_decorator.py
[2026-08-13T13:48:30.786+0000] {processor.py:840} INFO - DAG(s) 'example_python_decorator' retrieved from /home/airflow/.local/lib/python3.12/site-packages/airflow/example_dags/example_python_decorator.py
[2026-08-13T13:48:30.911+0000] {logging_mixin.py:188} INFO - [2026-08-13T13:48:30.910+0000] {dag.py:3089} INFO - Sync 1 DAGs
[2026-08-13T13:48:30.968+0000] {logging_mixin.py:188} INFO - [2026-08-13T13:48:30.968+0000] {dag.py:3947} INFO - Setting next_dagrun for example_python_decorator to None, run_after=None
[2026-08-13T13:48:31.025+0000] {processor.py:183} INFO - Processing /home/airflow/.local/lib/python3.12/site-packages/airflow/example_dags/example_python_decorator.py took 0.317 seconds
[2026-08-13T13:49:02.404+0000] {processor.py:161} INFO - Started process (PID=3387) to work on /home/airflow/.local/lib/python3.12/site-packages/airflow/example_dags/example_python_decorator.py
[2026-08-13T13:49:02.408+0000] {processor.py:830} INFO - Processing file /home/airflow/.local/lib/python3.12/site-packages/airflow/example_dags/example_python_decorator.py for tasks to queue
[2026-08-13T13:49:02.414+0000] {logging_mixin.py:188} INFO - [2026-08-13T13:49:02.413+0000] {dagbag.py:545} INFO - Filling up the DagBag from /home/airflow/.local/lib/python3.12/site-packages/airflow/example_dags/example_python_decorator.py
[2026-08-13T13:49:02.456+0000] {processor.py:840} INFO - DAG(s) 'example_python_decorator' retrieved from /home/airflow/.local/lib/python3.12/site-packages/airflow/example_dags/example_python_decorator.py
[2026-08-13T13:49:02.543+0000] {logging_mixin.py:188} INFO - [2026-08-13T13:49:02.543+0000] {dag.py:3089} INFO - Sync 1 DAGs
[2026-08-13T13:49:02.586+0000] {logging_mixin.py:188} INFO - [2026-08-13T13:49:02.586+0000] {dag.py:3947} INFO - Setting next_dagrun for example_python_decorator to None, run_after=None
[2026-08-13T13:49:02.661+0000] {processor.py:183} INFO - Processing /home/airflow/.local/lib/python3.12/site-packages/airflow/example_dags/example_python_decorator.py took 0.279 seconds
[2026-08-13T13:49:39.279+0000] {processor.py:161} INFO - Started process (PID=3454) to work on /home/airflow/.local/lib/python3.12/site-packages/airflow/example_dags/example_python_decorator.py
[2026-08-13T13:49:39.286+0000] {processor.py:830} INFO - Processing file /home/airflow/.local/lib/python3.12/site-packages/airflow/example_dags/example_python_decorator.py for tasks to queue
[2026-08-13T13:49:39.292+0000] {logging_mixin.py:188} INFO - [2026-08-13T13:49:39.292+0000] {dagbag.py:545} INFO - Filling up the DagBag from /home/airflow/.local/lib/python3.12/site-packages/airflow/example_dags/example_python_decorator.py
[2026-08-13T13:49:39.334+0000] {processor.py:840} INFO - DAG(s) 'example_python_decorator' retrieved from /home/airflow/.local/lib/python3.12/site-packages/airflow/example_dags/example_python_decorator.py
[2026-08-13T13:49:39.403+0000] {logging_mixin.py:188} INFO - [2026-08-13T13:49:39.403+0000] {dag.py:3089} INFO - Sync 1 DAGs
[2026-08-13T13:49:39.438+0000] {logging_mixin.py:188} INFO - [2026-08-13T13:49:39.437+0000] {dag.py:3947} INFO - Setting next_dagrun for example_python_decorator to None, run_after=None
[2026-08-13T13:49:39.495+0000] {processor.py:183} INFO - Processing /home/airflow/.local/lib/python3.12/site-packages/airflow/example_dags/example_python_decorator.py took 0.233 seconds
[2026-08-13T13:50:16.104+0000] {processor.py:161} INFO - Started process (PID=3528) to work on /home/airflow/.local/lib/python3.12/site-packages/airflow/example_dags/example_python_decorator.py
[2026-08-13T13:50:16.177+0000] {processor.py:830} INFO - Processing file /home/airflow/.local/lib/python3.12/site-packages/airflow/example_dags/example_python_decorator.py for tasks to queue
[2026-08-13T13:50:16.324+0000] {logging_mixin.py:188} INFO - [2026-08-13T13:50:16.323+0000] {dagbag.py:545} INFO - Filling up the DagBag from /home/airflow/.local/lib/python3.12/site-packages/airflow/example_dags/example_python_decorator.py
[2026-08-13T13:50:16.780+0000] {processor.py:840} INFO - DAG(s) 'example_python_decorator' retrieved from /home/airflow/.local/lib/python3.12/site-packages/airflow/example_dags/example_python_decorator.py
[2026-08-13T13:50:17.381+0000] {logging_mixin.py:188} INFO - [2026-08-13T13:50:17.378+0000] {dag.py:3089} INFO - Sync 1 DAGs
[2026-08-13T13:50:17.603+0000] {logging_mixin.py:188} INFO - [2026-08-13T13:50:17.593+0000] {dag.py:3947} INFO - Setting next_dagrun for example_python_decorator to None, run_after=None
[2026-08-13T13:50:17.795+0000] {processor.py:183} INFO - Processing /home/airflow/.local/lib/python3.12/site-packages/airflow/example_dags/example_python_decorator.py took 1.824 seconds
