[2026-08-13T13:24:29.857+0000] {processor.py:161} INFO - Started process (PID=121) to work on /home/airflow/.local/lib/python3.12/site-packages/airflow/example_dags/example_params_trigger_ui.py
[2026-08-13T13:24:29.862+0000] {processor.py:830} INFO - Processing file /home/airflow/.local/lib/python3.12/site-packages/airflow/example_dags/example_params_trigger_ui.py for tasks to queue
[2026-08-13T13:24:29.876+0000] {logging_mixin.py:188} INFO - [2026-08-13T13:24:29.872+0000] {dagbag.py:545} INFO - Filling up the DagBag from /home/airflow/.local/lib/python3.12/site-packages/airflow/example_dags/example_params_trigger_ui.py
[2026-08-13T13:24:29.946+0000] {processor.py:840} INFO - DAG(s) 'example_params_trigger_ui' retrieved from /home/airflow/.local/lib/python3.12/site-packages/airflow/example_dags/example_params_trigger_ui.py
[2026-08-13T13:24:30.480+0000] {logging_mixin.py:188} INFO - [2026-08-13T13:24:30.478+0000] {dag.py:3089} INFO - Sync 1 DAGs
[2026-08-13T13:24:30.552+0000] {logging_mixin.py:188} INFO - [2026-08-13T13:24:30.551+0000] {dag.py:3947} INFO - Setting next_dagrun for example_params_trigger_ui to None, run_after=None
[2026-08-13T13:24:30.684+0000] {processor.py:183} INFO - Processing /home/airflow/.local/lib/python3.12/site-packages/airflow/example_dags/example_params_trigger_ui.py took 0.844 seconds
[2026-08-13T13:25:01.433+0000] {processor.py:161} INFO - Started process (PID=193) to work on /home/airflow/.local/lib/python3.12/site-packages/airflow/example_dags/example_params_trigger_ui.py
[2026-08-13T13:25:01.438+0000] {processor.py:830} INFO - Processing file /home/airflow/.local/lib/python3.12/site-packages/airflow/example_dags/example_params_trigger_ui.py for tasks to queue
[2026-08-13T13:25:01.462+0000] {logging_mixin.py:188} INFO - [2026-08-13T13:25:01.454+0000] {dagbag.py:545} INFO - Filling up the DagBag from /home/airflow/.local/lib/python3.12/site-packages/airflow/example_dags/example_params_trigger_ui.py
[2026-08-13T13:25:01.569+0000] {processor.py:840} INFO - DAG(s) 'example_params_trigger_ui' retrieved from /home/airflow/.local/lib/python3.12/site-packages/airflow/example_dags/example_params_trigger_ui.py
[2026-08-13T13:25:01.703+0000] {logging_mixin.py:188} INFO - [2026-08-13T13:25:01.702+0000] {dag.py:3089} INFO - Sync 1 DAGs
[2026-08-13T13:25:01.781+0000] {logging_mixin.py:188} INFO - [2026-08-13T13:25:01.780+0000] {dag.py:3947} INFO - Setting next_dagrun for example_params_trigger_ui to None, run_after=None
[2026-08-13T13:25:01.902+0000] {processor.py:183} INFO - Processing /home/airflow/.local/lib/python3.12/site-packages/airflow/example_dags/example_params_trigger_ui.py took 0.545 seconds
[2026-08-13T13:25:54.820+0000] {processor.py:161} INFO - Started process (PID=266) to work on /home/airflow/.local/lib/python3.12/site-packages/airflow/example_dags/example_params_trigger_ui.py
[2026-08-13T13:25:54.823+0000] {processor.py:830} INFO - Processing file /home/airflow/.local/lib/python3.12/site-packages/airflow/example_dags/example_params_trigger_ui.py for tasks to queue
[2026-08-13T13:25:54.830+0000] {logging_mixin.py:188} INFO - [2026-08-13T13:25:54.829+0000] {dagbag.py:545} INFO - Filling up the DagBag from /home/airflow/.local/lib/python3.12/site-packages/airflow/example_dags/example_params_trigger_ui.py
[2026-08-13T13:25:54.852+0000] {processor.py:840} INFO - DAG(s) 'example_params_trigger_ui' retrieved from /home/airflow/.local/lib/python3.12/site-packages/airflow/example_dags/example_params_trigger_ui.py
[2026-08-13T13:25:54.955+0000] {logging_mixin.py:188} INFO - [2026-08-13T13:25:54.955+0000] {dag.py:3089} INFO - Sync 1 DAGs
[2026-08-13T13:25:54.988+0000] {logging_mixin.py:188} INFO - [2026-08-13T13:25:54.987+0000] {dag.py:3947} INFO - Setting next_dagrun for example_params_trigger_ui to None, run_after=None
[2026-08-13T13:25:55.048+0000] {processor.py:183} INFO - Processing /home/airflow/.local/lib/python3.12/site-packages/airflow/example_dags/example_params_trigger_ui.py took 0.239 seconds
[2026-08-13T13:26:27.608+0000] {processor.py:161} INFO - Started process (PID=339) to work on /home/airflow/.local/lib/python3.12/site-packages/airflow/example_dags/example_params_trigger_ui.py
[2026-08-13T13:26:27.612+0000] {processor.py:830} INFO - Processing file /home/airflow/.local/lib/python3.12/site-packages/airflow/example_dags/example_params_trigger_ui.py for tasks to queue
[2026-08-13T13:26:27.619+0000] {logging_mixin.py:188} INFO - [2026-08-13T13:26:27.618+0000] {dagbag.py:545} INFO - Filling up the DagBag from /home/airflow/.local/lib/python3.12/site-packages/airflow/example_dags/example_params_trigger_ui.py
[2026-08-13T13:26:27.658+0000] {processor.py:840} INFO - DAG(s) 'example_params_trigger_ui' retrieved from /home/airflow/.local/lib/python3.12/site-packages/airflow/example_dags/example_params_trigger_ui.py
[2026-08-13T13:26:27.775+0000] {logging_mixin.py:188} INFO - [2026-08-13T13:26:27.774+0000] {dag.py:3089} INFO - Sync 1 DAGs
[2026-08-13T13:26:27.822+0000] {logging_mixin.py:188} INFO - [2026-08-13T13:26:27.822+0000] {dag.py:3947} INFO - Setting next_dagrun for example_params_trigger_ui to None, run_after=None
[2026-08-13T13:26:27.882+0000] {processor.py:183} INFO - Processing /home/airflow/.local/lib/python3.12/site-packages/airflow/example_dags/example_params_trigger_ui.py took 0.296 seconds
[2026-08-13T13:26:58.480+0000] {processor.py:161} INFO - Started process (PID=406) to work on /home/airflow/.local/lib/python3.12/site-packages/airflow/example_dags/example_params_trigger_ui.py
[2026-08-13T13:26:58.484+0000] {processor.py:830} INFO - Processing file /home/airflow/.local/lib/python3.12/site-packages/airflow/example_dags/example_params_trigger_ui.py for tasks to queue
[2026-08-13T13:26:58.489+0000] {logging_mixin.py:188} INFO - [2026-08-13T13:26:58.488+0000] {dagbag.py:545} INFO - Filling up the DagBag from /home/airflow/.local/lib/python3.12/site-packages/airflow/example_dags/example_params_trigger_ui.py
[2026-08-13T13:26:58.512+0000] {processor.py:840} INFO - DAG(s) 'example_params_trigger_ui' retrieved from /home/airflow/.local/lib/python3.12/site-packages/airflow/example_dags/example_params_trigger_ui.py
[2026-08-13T13:26:58.622+0000] {logging_mixin.py:188} INFO - [2026-08-13T13:26:58.622+0000] {dag.py:3089} INFO - Sync 1 DAGs
[2026-08-13T13:26:58.665+0000] {logging_mixin.py:188} INFO - [2026-08-13T13:26:58.664+0000] {dag.py:3947} INFO - Setting next_dagrun for example_params_trigger_ui to None, run_after=None
[2026-08-13T13:26:58.723+0000] {processor.py:183} INFO - Processing /home/airflow/.local/lib/python3.12/site-packages/airflow/example_dags/example_params_trigger_ui.py took 0.258 seconds
[2026-08-13T13:27:29.648+0000] {processor.py:161} INFO - Started process (PID=478) to work on /home/airflow/.local/lib/python3.12/site-packages/airflow/example_dags/example_params_trigger_ui.py
[2026-08-13T13:27:29.654+0000] {processor.py:830} INFO - Processing file /home/airflow/.local/lib/python3.12/site-packages/airflow/example_dags/example_params_trigger_ui.py for tasks to queue
[2026-08-13T13:27:29.667+0000] {logging_mixin.py:188} INFO - [2026-08-13T13:27:29.666+0000] {dagbag.py:545} INFO - Filling up the DagBag from /home/airflow/.local/lib/python3.12/site-packages/airflow/example_dags/example_params_trigger_ui.py
[2026-08-13T13:27:29.764+0000] {processor.py:840} INFO - DAG(s) 'example_params_trigger_ui' retrieved from /home/airflow/.local/lib/python3.12/site-packages/airflow/example_dags/example_params_trigger_ui.py
[2026-08-13T13:27:29.990+0000] {logging_mixin.py:188} INFO - [2026-08-13T13:27:29.990+0000] {dag.py:3089} INFO - Sync 1 DAGs
[2026-08-13T13:27:30.020+0000] {logging_mixin.py:188} INFO - [2026-08-13T13:27:30.019+0000] {dag.py:3947} INFO - Setting next_dagrun for example_params_trigger_ui to None, run_after=None
[2026-08-13T13:27:30.072+0000] {processor.py:183} INFO - Processing /home/airflow/.local/lib/python3.12/site-packages/airflow/example_dags/example_params_trigger_ui.py took 0.444 seconds
[2026-08-13T13:28:00.436+0000] {processor.py:161} INFO - Started process (PID=550) to work on /home/airflow/.local/lib/python3.12/site-packages/airflow/example_dags/example_params_trigger_ui.py
[2026-08-13T13:28:00.440+0000] {processor.py:830} INFO - Processing file /home/airflow/.local/lib/python3.12/site-packages/airflow/example_dags/example_params_trigger_ui.py for tasks to queue
[2026-08-13T13:28:00.452+0000] {logging_mixin.py:188} INFO - [2026-08-13T13:28:00.451+0000] {dagbag.py:545} INFO - Filling up the DagBag from /home/airflow/.local/lib/python3.12/site-packages/airflow/example_dags/example_params_trigger_ui.py
[2026-08-13T13:28:00.495+0000] {processor.py:840} INFO - DAG(s) 'example_params_trigger_ui' retrieved from /home/airflow/.local/lib/python3.12/site-packages/airflow/example_dags/example_params_trigger_ui.py
[2026-08-13T13:28:00.605+0000] {logging_mixin.py:188} INFO - [2026-08-13T13:28:00.605+0000] {dag.py:3089} INFO - Sync 1 DAGs
[2026-08-13T13:28:00.641+0000] {logging_mixin.py:188} INFO - [2026-08-13T13:28:00.641+0000] {dag.py:3947} INFO - Setting next_dagrun for example_params_trigger_ui to None, run_after=None
[2026-08-13T13:28:00.698+0000] {processor.py:183} INFO - Processing /home/airflow/.local/lib/python3.12/site-packages/airflow/example_dags/example_params_trigger_ui.py took 0.287 seconds
[2026-08-13T13:28:31.570+0000] {processor.py:161} INFO - Started process (PID=622) to work on /home/airflow/.local/lib/python3.12/site-packages/airflow/example_dags/example_params_trigger_ui.py
[2026-08-13T13:28:31.574+0000] {processor.py:830} INFO - Processing file /home/airflow/.local/lib/python3.12/site-packages/airflow/example_dags/example_params_trigger_ui.py for tasks to queue
[2026-08-13T13:28:31.581+0000] {logging_mixin.py:188} INFO - [2026-08-13T13:28:31.580+0000] {dagbag.py:545} INFO - Filling up the DagBag from /home/airflow/.local/lib/python3.12/site-packages/airflow/example_dags/example_params_trigger_ui.py
[2026-08-13T13:28:31.614+0000] {processor.py:840} INFO - DAG(s) 'example_params_trigger_ui' retrieved from /home/airflow/.local/lib/python3.12/site-packages/airflow/example_dags/example_params_trigger_ui.py
[2026-08-13T13:28:31.718+0000] {logging_mixin.py:188} INFO - [2026-08-13T13:28:31.717+0000] {dag.py:3089} INFO - Sync 1 DAGs
[2026-08-13T13:28:31.765+0000] {logging_mixin.py:188} INFO - [2026-08-13T13:28:31.765+0000] {dag.py:3947} INFO - Setting next_dagrun for example_params_trigger_ui to None, run_after=None
[2026-08-13T13:28:31.812+0000] {processor.py:183} INFO - Processing /home/airflow/.local/lib/python3.12/site-packages/airflow/example_dags/example_params_trigger_ui.py took 0.259 seconds
[2026-08-13T13:29:02.699+0000] {processor.py:161} INFO - Started process (PID=689) to work on /home/airflow/.local/lib/python3.12/site-packages/airflow/example_dags/example_params_trigger_ui.py
[2026-08-13T13:29:02.702+0000] {processor.py:830} INFO - Processing file /home/airflow/.local/lib/python3.12/site-packages/airflow/example_dags/example_params_trigger_ui.py for tasks to queue
[2026-08-13T13:29:02.709+0000] {logging_mixin.py:188} INFO - [2026-08-13T13:29:02.707+0000] {dagbag.py:545} INFO - Filling up the DagBag from /home/airflow/.local/lib/python3.12/site-packages/airflow/example_dags/example_params_trigger_ui.py
[2026-08-13T13:29:02.737+0000] {processor.py:840} INFO - DAG(s) 'example_params_trigger_ui' retrieved from /home/airflow/.local/lib/python3.12/site-packages/airflow/example_dags/example_params_trigger_ui.py
[2026-08-13T13:29:02.846+0000] {logging_mixin.py:188} INFO - [2026-08-13T13:29:02.845+0000] {dag.py:3089} INFO - Sync 1 DAGs
[2026-08-13T13:29:02.895+0000] {logging_mixin.py:188} INFO - [2026-08-13T13:29:02.895+0000] {dag.py:3947} INFO - Setting next_dagrun for example_params_trigger_ui to None, run_after=None
[2026-08-13T13:29:02.961+0000] {processor.py:183} INFO - Processing /home/airflow/.local/lib/python3.12/site-packages/airflow/example_dags/example_params_trigger_ui.py took 0.275 seconds
[2026-08-13T13:29:35.532+0000] {processor.py:161} INFO - Started process (PID=762) to work on /home/airflow/.local/lib/python3.12/site-packages/airflow/example_dags/example_params_trigger_ui.py
[2026-08-13T13:29:35.535+0000] {processor.py:830} INFO - Processing file /home/airflow/.local/lib/python3.12/site-packages/airflow/example_dags/example_params_trigger_ui.py for tasks to queue
[2026-08-13T13:29:35.544+0000] {logging_mixin.py:188} INFO - [2026-08-13T13:29:35.542+0000] {dagbag.py:545} INFO - Filling up the DagBag from /home/airflow/.local/lib/python3.12/site-packages/airflow/example_dags/example_params_trigger_ui.py
[2026-08-13T13:29:35.575+0000] {processor.py:840} INFO - DAG(s) 'example_params_trigger_ui' retrieved from /home/airflow/.local/lib/python3.12/site-packages/airflow/example_dags/example_params_trigger_ui.py
[2026-08-13T13:29:35.693+0000] {logging_mixin.py:188} INFO - [2026-08-13T13:29:35.693+0000] {dag.py:3089} INFO - Sync 1 DAGs
[2026-08-13T13:29:35.734+0000] {logging_mixin.py:188} INFO - [2026-08-13T13:29:35.734+0000] {dag.py:3947} INFO - Setting next_dagrun for example_params_trigger_ui to None, run_after=None
[2026-08-13T13:29:35.798+0000] {processor.py:183} INFO - Processing /home/airflow/.local/lib/python3.12/site-packages/airflow/example_dags/example_params_trigger_ui.py took 0.293 seconds
[2026-08-13T13:30:10.809+0000] {processor.py:161} INFO - Started process (PID=836) to work on /home/airflow/.local/lib/python3.12/site-packages/airflow/example_dags/example_params_trigger_ui.py
[2026-08-13T13:30:10.812+0000] {processor.py:830} INFO - Processing file /home/airflow/.local/lib/python3.12/site-packages/airflow/example_dags/example_params_trigger_ui.py for tasks to queue
[2026-08-13T13:30:10.822+0000] {logging_mixin.py:188} INFO - [2026-08-13T13:30:10.821+0000] {dagbag.py:545} INFO - Filling up the DagBag from /home/airflow/.local/lib/python3.12/site-packages/airflow/example_dags/example_params_trigger_ui.py
[2026-08-13T13:30:10.857+0000] {processor.py:840} INFO - DAG(s) 'example_params_trigger_ui' retrieved from /home/airflow/.local/lib/python3.12/site-packages/airflow/example_dags/example_params_trigger_ui.py
[2026-08-13T13:30:10.970+0000] {logging_mixin.py:188} INFO - [2026-08-13T13:30:10.969+0000] {dag.py:3089} INFO - Sync 1 DAGs
[2026-08-13T13:30:11.009+0000] {logging_mixin.py:188} INFO - [2026-08-13T13:30:11.008+0000] {dag.py:3947} INFO - Setting next_dagrun for example_params_trigger_ui to None, run_after=None
[2026-08-13T13:30:11.073+0000] {processor.py:183} INFO - Processing /home/airflow/.local/lib/python3.12/site-packages/airflow/example_dags/example_params_trigger_ui.py took 0.281 seconds
[2026-08-13T13:30:42.954+0000] {processor.py:161} INFO - Started process (PID=909) to work on /home/airflow/.local/lib/python3.12/site-packages/airflow/example_dags/example_params_trigger_ui.py
[2026-08-13T13:30:42.958+0000] {processor.py:830} INFO - Processing file /home/airflow/.local/lib/python3.12/site-packages/airflow/example_dags/example_params_trigger_ui.py for tasks to queue
[2026-08-13T13:30:42.964+0000] {logging_mixin.py:188} INFO - [2026-08-13T13:30:42.963+0000] {dagbag.py:545} INFO - Filling up the DagBag from /home/airflow/.local/lib/python3.12/site-packages/airflow/example_dags/example_params_trigger_ui.py
[2026-08-13T13:30:42.990+0000] {processor.py:840} INFO - DAG(s) 'example_params_trigger_ui' retrieved from /home/airflow/.local/lib/python3.12/site-packages/airflow/example_dags/example_params_trigger_ui.py
[2026-08-13T13:30:43.094+0000] {logging_mixin.py:188} INFO - [2026-08-13T13:30:43.094+0000] {dag.py:3089} INFO - Sync 1 DAGs
[2026-08-13T13:30:43.139+0000] {logging_mixin.py:188} INFO - [2026-08-13T13:30:43.137+0000] {dag.py:3947} INFO - Setting next_dagrun for example_params_trigger_ui to None, run_after=None
[2026-08-13T13:30:43.192+0000] {processor.py:183} INFO - Processing /home/airflow/.local/lib/python3.12/site-packages/airflow/example_dags/example_params_trigger_ui.py took 0.251 seconds
[2026-08-13T13:31:14.420+0000] {processor.py:161} INFO - Started process (PID=982) to work on /home/airflow/.local/lib/python3.12/site-packages/airflow/example_dags/example_params_trigger_ui.py
[2026-08-13T13:31:14.423+0000] {processor.py:830} INFO - Processing file /home/airflow/.local/lib/python3.12/site-packages/airflow/example_dags/example_params_trigger_ui.py for tasks to queue
[2026-08-13T13:31:14.429+0000] {logging_mixin.py:188} INFO - [2026-08-13T13:31:14.428+0000] {dagbag.py:545} INFO - Filling up the DagBag from /home/airflow/.local/lib/python3.12/site-packages/airflow/example_dags/example_params_trigger_ui.py
[2026-08-13T13:31:14.458+0000] {processor.py:840} INFO - DAG(s) 'example_params_trigger_ui' retrieved from /home/airflow/.local/lib/python3.12/site-packages/airflow/example_dags/example_params_trigger_ui.py
[2026-08-13T13:31:14.571+0000] {logging_mixin.py:188} INFO - [2026-08-13T13:31:14.571+0000] {dag.py:3089} INFO - Sync 1 DAGs
[2026-08-13T13:31:14.617+0000] {logging_mixin.py:188} INFO - [2026-08-13T13:31:14.617+0000] {dag.py:3947} INFO - Setting next_dagrun for example_params_trigger_ui to None, run_after=None
[2026-08-13T13:31:14.687+0000] {processor.py:183} INFO - Processing /home/airflow/.local/lib/python3.12/site-packages/airflow/example_dags/example_params_trigger_ui.py took 0.281 seconds
[2026-08-13T13:31:46.363+0000] {processor.py:161} INFO - Started process (PID=1056) to work on /home/airflow/.local/lib/python3.12/site-packages/airflow/example_dags/example_params_trigger_ui.py
[2026-08-13T13:31:46.368+0000] {processor.py:830} INFO - Processing file /home/airflow/.local/lib/python3.12/site-packages/airflow/example_dags/example_params_trigger_ui.py for tasks to queue
[2026-08-13T13:31:46.375+0000] {logging_mixin.py:188} INFO - [2026-08-13T13:31:46.374+0000] {dagbag.py:545} INFO - Filling up the DagBag from /home/airflow/.local/lib/python3.12/site-packages/airflow/example_dags/example_params_trigger_ui.py
[2026-08-13T13:31:46.409+0000] {processor.py:840} INFO - DAG(s) 'example_params_trigger_ui' retrieved from /home/airflow/.local/lib/python3.12/site-packages/airflow/example_dags/example_params_trigger_ui.py
[2026-08-13T13:31:46.530+0000] {logging_mixin.py:188} INFO - [2026-08-13T13:31:46.530+0000] {dag.py:3089} INFO - Sync 1 DAGs
[2026-08-13T13:31:46.585+0000] {logging_mixin.py:188} INFO - [2026-08-13T13:31:46.585+0000] {dag.py:3947} INFO - Setting next_dagrun for example_params_trigger_ui to None, run_after=None
[2026-08-13T13:31:46.642+0000] {processor.py:183} INFO - Processing /home/airflow/.local/lib/python3.12/site-packages/airflow/example_dags/example_params_trigger_ui.py took 0.305 seconds
[2026-08-13T13:32:17.768+0000] {processor.py:161} INFO - Started process (PID=1122) to work on /home/airflow/.local/lib/python3.12/site-packages/airflow/example_dags/example_params_trigger_ui.py
[2026-08-13T13:32:17.775+0000] {processor.py:830} INFO - Processing file /home/airflow/.local/lib/python3.12/site-packages/airflow/example_dags/example_params_trigger_ui.py for tasks to queue
[2026-08-13T13:32:17.781+0000] {logging_mixin.py:188} INFO - [2026-08-13T13:32:17.780+0000] {dagbag.py:545} INFO - Filling up the DagBag from /home/airflow/.local/lib/python3.12/site-packages/airflow/example_dags/example_params_trigger_ui.py
[2026-08-13T13:32:17.804+0000] {processor.py:840} INFO - DAG(s) 'example_params_trigger_ui' retrieved from /home/airflow/.local/lib/python3.12/site-packages/airflow/example_dags/example_params_trigger_ui.py
[2026-08-13T13:32:17.901+0000] {logging_mixin.py:188} INFO - [2026-08-13T13:32:17.900+0000] {dag.py:3089} INFO - Sync 1 DAGs
[2026-08-13T13:32:17.932+0000] {logging_mixin.py:188} INFO - [2026-08-13T13:32:17.932+0000] {dag.py:3947} INFO - Setting next_dagrun for example_params_trigger_ui to None, run_after=None
[2026-08-13T13:32:17.980+0000] {processor.py:183} INFO - Processing /home/airflow/.local/lib/python3.12/site-packages/airflow/example_dags/example_params_trigger_ui.py took 0.226 seconds
[2026-08-13T13:32:52.350+0000] {processor.py:161} INFO - Started process (PID=1195) to work on /home/airflow/.local/lib/python3.12/site-packages/airflow/example_dags/example_params_trigger_ui.py
[2026-08-13T13:32:52.353+0000] {processor.py:830} INFO - Processing file /home/airflow/.local/lib/python3.12/site-packages/airflow/example_dags/example_params_trigger_ui.py for tasks to queue
[2026-08-13T13:32:52.359+0000] {logging_mixin.py:188} INFO - [2026-08-13T13:32:52.358+0000] {dagbag.py:545} INFO - Filling up the DagBag from /home/airflow/.local/lib/python3.12/site-packages/airflow/example_dags/example_params_trigger_ui.py
[2026-08-13T13:32:52.393+0000] {processor.py:840} INFO - DAG(s) 'example_params_trigger_ui' retrieved from /home/airflow/.local/lib/python3.12/site-packages/airflow/example_dags/example_params_trigger_ui.py
[2026-08-13T13:32:52.567+0000] {logging_mixin.py:188} INFO - [2026-08-13T13:32:52.566+0000] {dag.py:3089} INFO - Sync 1 DAGs
[2026-08-13T13:32:52.605+0000] {logging_mixin.py:188} INFO - [2026-08-13T13:32:52.604+0000] {dag.py:3947} INFO - Setting next_dagrun for example_params_trigger_ui to None, run_after=None
[2026-08-13T13:32:52.653+0000] {processor.py:183} INFO - Processing /home/airflow/.local/lib/python3.12/site-packages/airflow/example_dags/example_params_trigger_ui.py took 0.317 seconds
[2026-08-13T13:33:23.854+0000] {processor.py:161} INFO - Started process (PID=1268) to work on /home/airflow/.local/lib/python3.12/site-packages/airflow/example_dags/example_params_trigger_ui.py
[2026-08-13T13:33:23.856+0000] {processor.py:830} INFO - Processing file /home/airflow/.local/lib/python3.12/site-packages/airflow/example_dags/example_params_trigger_ui.py for tasks to queue
[2026-08-13T13:33:23.861+0000] {logging_mixin.py:188} INFO - [2026-08-13T13:33:23.860+0000] {dagbag.py:545} INFO - Filling up the DagBag from /home/airflow/.local/lib/python3.12/site-packages/airflow/example_dags/example_params_trigger_ui.py
[2026-08-13T13:33:23.877+0000] {processor.py:840} INFO - DAG(s) 'example_params_trigger_ui' retrieved from /home/airflow/.local/lib/python3.12/site-packages/airflow/example_dags/example_params_trigger_ui.py
[2026-08-13T13:33:23.965+0000] {logging_mixin.py:188} INFO - [2026-08-13T13:33:23.965+0000] {dag.py:3089} INFO - Sync 1 DAGs
[2026-08-13T13:33:23.991+0000] {logging_mixin.py:188} INFO - [2026-08-13T13:33:23.990+0000] {dag.py:3947} INFO - Setting next_dagrun for example_params_trigger_ui to None, run_after=None
[2026-08-13T13:33:24.038+0000] {processor.py:183} INFO - Processing /home/airflow/.local/lib/python3.12/site-packages/airflow/example_dags/example_params_trigger_ui.py took 0.195 seconds
[2026-08-13T13:34:01.125+0000] {processor.py:161} INFO - Started process (PID=1350) to work on /home/airflow/.local/lib/python3.12/site-packages/airflow/example_dags/example_params_trigger_ui.py
[2026-08-13T13:34:01.130+0000] {processor.py:830} INFO - Processing file /home/airflow/.local/lib/python3.12/site-packages/airflow/example_dags/example_params_trigger_ui.py for tasks to queue
[2026-08-13T13:34:01.138+0000] {logging_mixin.py:188} INFO - [2026-08-13T13:34:01.137+0000] {dagbag.py:545} INFO - Filling up the DagBag from /home/airflow/.local/lib/python3.12/site-packages/airflow/example_dags/example_params_trigger_ui.py
[2026-08-13T13:34:01.169+0000] {processor.py:840} INFO - DAG(s) 'example_params_trigger_ui' retrieved from /home/airflow/.local/lib/python3.12/site-packages/airflow/example_dags/example_params_trigger_ui.py
[2026-08-13T13:34:01.289+0000] {logging_mixin.py:188} INFO - [2026-08-13T13:34:01.289+0000] {dag.py:3089} INFO - Sync 1 DAGs
[2026-08-13T13:34:01.325+0000] {logging_mixin.py:188} INFO - [2026-08-13T13:34:01.324+0000] {dag.py:3947} INFO - Setting next_dagrun for example_params_trigger_ui to None, run_after=None
[2026-08-13T13:34:01.403+0000] {processor.py:183} INFO - Processing /home/airflow/.local/lib/python3.12/site-packages/airflow/example_dags/example_params_trigger_ui.py took 0.308 seconds
[2026-08-13T13:34:31.547+0000] {processor.py:161} INFO - Started process (PID=1416) to work on /home/airflow/.local/lib/python3.12/site-packages/airflow/example_dags/example_params_trigger_ui.py
[2026-08-13T13:34:31.550+0000] {processor.py:830} INFO - Processing file /home/airflow/.local/lib/python3.12/site-packages/airflow/example_dags/example_params_trigger_ui.py for tasks to queue
[2026-08-13T13:34:31.554+0000] {logging_mixin.py:188} INFO - [2026-08-13T13:34:31.554+0000] {dagbag.py:545} INFO - Filling up the DagBag from /home/airflow/.local/lib/python3.12/site-packages/airflow/example_dags/example_params_trigger_ui.py
[2026-08-13T13:34:31.571+0000] {processor.py:840} INFO - DAG(s) 'example_params_trigger_ui' retrieved from /home/airflow/.local/lib/python3.12/site-packages/airflow/example_dags/example_params_trigger_ui.py
[2026-08-13T13:34:31.684+0000] {logging_mixin.py:188} INFO - [2026-08-13T13:34:31.684+0000] {dag.py:3089} INFO - Sync 1 DAGs
[2026-08-13T13:34:31.721+0000] {logging_mixin.py:188} INFO - [2026-08-13T13:34:31.720+0000] {dag.py:3947} INFO - Setting next_dagrun for example_params_trigger_ui to None, run_after=None
[2026-08-13T13:34:31.779+0000] {processor.py:183} INFO - Processing /home/airflow/.local/lib/python3.12/site-packages/airflow/example_dags/example_params_trigger_ui.py took 0.241 seconds
[2026-08-13T13:35:03.219+0000] {processor.py:161} INFO - Started process (PID=1490) to work on /home/airflow/.local/lib/python3.12/site-packages/airflow/example_dags/example_params_trigger_ui.py
[2026-08-13T13:35:03.222+0000] {processor.py:830} INFO - Processing file /home/airflow/.local/lib/python3.12/site-packages/airflow/example_dags/example_params_trigger_ui.py for tasks to queue
[2026-08-13T13:35:03.230+0000] {logging_mixin.py:188} INFO - [2026-08-13T13:35:03.228+0000] {dagbag.py:545} INFO - Filling up the DagBag from /home/airflow/.local/lib/python3.12/site-packages/airflow/example_dags/example_params_trigger_ui.py
[2026-08-13T13:35:03.257+0000] {processor.py:840} INFO - DAG(s) 'example_params_trigger_ui' retrieved from /home/airflow/.local/lib/python3.12/site-packages/airflow/example_dags/example_params_trigger_ui.py
[2026-08-13T13:35:03.356+0000] {logging_mixin.py:188} INFO - [2026-08-13T13:35:03.355+0000] {dag.py:3089} INFO - Sync 1 DAGs
[2026-08-13T13:35:03.388+0000] {logging_mixin.py:188} INFO - [2026-08-13T13:35:03.387+0000] {dag.py:3947} INFO - Setting next_dagrun for example_params_trigger_ui to None, run_after=None
[2026-08-13T13:35:03.432+0000] {processor.py:183} INFO - Processing /home/airflow/.local/lib/python3.12/site-packages/airflow/example_dags/example_params_trigger_ui.py took 0.225 seconds
[2026-08-13T13:35:35.795+0000] {processor.py:161} INFO - Started process (PID=1563) to work on /home/airflow/.local/lib/python3.12/site-packages/airflow/example_dags/example_params_trigger_ui.py
[2026-08-13T13:35:35.798+0000] {processor.py:830} INFO - Processing file /home/airflow/.local/lib/python3.12/site-packages/airflow/example_dags/example_params_trigger_ui.py for tasks to queue
[2026-08-13T13:35:35.804+0000] {logging_mixin.py:188} INFO - [2026-08-13T13:35:35.803+0000] {dagbag.py:545} INFO - Filling up the DagBag from /home/airflow/.local/lib/python3.12/site-packages/airflow/example_dags/example_params_trigger_ui.py
[2026-08-13T13:35:35.830+0000] {processor.py:840} INFO - DAG(s) 'example_params_trigger_ui' retrieved from /home/airflow/.local/lib/python3.12/site-packages/airflow/example_dags/example_params_trigger_ui.py
[2026-08-13T13:35:35.930+0000] {logging_mixin.py:188} INFO - [2026-08-13T13:35:35.930+0000] {dag.py:3089} INFO - Sync 1 DAGs
[2026-08-13T13:35:35.966+0000] {logging_mixin.py:188} INFO - [2026-08-13T13:35:35.965+0000] {dag.py:3947} INFO - Setting next_dagrun for example_params_trigger_ui to None, run_after=None
[2026-08-13T13:35:36.015+0000] {processor.py:183} INFO - Processing /home/airflow/.local/lib/python3.12/site-packages/airflow/example_dags/example_params_trigger_ui.py took 0.230 seconds
[2026-08-13T13:36:08.505+0000] {processor.py:161} INFO - Started process (PID=1636) to work on /home/airflow/.local/lib/python3.12/site-packages/airflow/example_dags/example_params_trigger_ui.py
[2026-08-13T13:36:08.508+0000] {processor.py:830} INFO - Processing file /home/airflow/.local/lib/python3.12/site-packages/airflow/example_dags/example_params_trigger_ui.py for tasks to queue
[2026-08-13T13:36:08.516+0000] {logging_mixin.py:188} INFO - [2026-08-13T13:36:08.515+0000] {dagbag.py:545} INFO - Filling up the DagBag from /home/airflow/.local/lib/python3.12/site-packages/airflow/example_dags/example_params_trigger_ui.py
[2026-08-13T13:36:08.542+0000] {processor.py:840} INFO - DAG(s) 'example_params_trigger_ui' retrieved from /home/airflow/.local/lib/python3.12/site-packages/airflow/example_dags/example_params_trigger_ui.py
[2026-08-13T13:36:08.656+0000] {logging_mixin.py:188} INFO - [2026-08-13T13:36:08.655+0000] {dag.py:3089} INFO - Sync 1 DAGs
[2026-08-13T13:36:08.697+0000] {logging_mixin.py:188} INFO - [2026-08-13T13:36:08.695+0000] {dag.py:3947} INFO - Setting next_dagrun for example_params_trigger_ui to None, run_after=None
[2026-08-13T13:36:08.768+0000] {processor.py:183} INFO - Processing /home/airflow/.local/lib/python3.12/site-packages/airflow/example_dags/example_params_trigger_ui.py took 0.277 seconds
[2026-08-13T13:36:41.755+0000] {processor.py:161} INFO - Started process (PID=1709) to work on /home/airflow/.local/lib/python3.12/site-packages/airflow/example_dags/example_params_trigger_ui.py
[2026-08-13T13:36:41.757+0000] {processor.py:830} INFO - Processing file /home/airflow/.local/lib/python3.12/site-packages/airflow/example_dags/example_params_trigger_ui.py for tasks to queue
[2026-08-13T13:36:41.762+0000] {logging_mixin.py:188} INFO - [2026-08-13T13:36:41.761+0000] {dagbag.py:545} INFO - Filling up the DagBag from /home/airflow/.local/lib/python3.12/site-packages/airflow/example_dags/example_params_trigger_ui.py
[2026-08-13T13:36:41.784+0000] {processor.py:840} INFO - DAG(s) 'example_params_trigger_ui' retrieved from /home/airflow/.local/lib/python3.12/site-packages/airflow/example_dags/example_params_trigger_ui.py
[2026-08-13T13:36:41.902+0000] {logging_mixin.py:188} INFO - [2026-08-13T13:36:41.902+0000] {dag.py:3089} INFO - Sync 1 DAGs
[2026-08-13T13:36:41.927+0000] {logging_mixin.py:188} INFO - [2026-08-13T13:36:41.927+0000] {dag.py:3947} INFO - Setting next_dagrun for example_params_trigger_ui to None, run_after=None
[2026-08-13T13:36:41.982+0000] {processor.py:183} INFO - Processing /home/airflow/.local/lib/python3.12/site-packages/airflow/example_dags/example_params_trigger_ui.py took 0.236 seconds
[2026-08-13T13:37:13.305+0000] {processor.py:161} INFO - Started process (PID=1782) to work on /home/airflow/.local/lib/python3.12/site-packages/airflow/example_dags/example_params_trigger_ui.py
[2026-08-13T13:37:13.309+0000] {processor.py:830} INFO - Processing file /home/airflow/.local/lib/python3.12/site-packages/airflow/example_dags/example_params_trigger_ui.py for tasks to queue
[2026-08-13T13:37:13.314+0000] {logging_mixin.py:188} INFO - [2026-08-13T13:37:13.314+0000] {dagbag.py:545} INFO - Filling up the DagBag from /home/airflow/.local/lib/python3.12/site-packages/airflow/example_dags/example_params_trigger_ui.py
[2026-08-13T13:37:13.339+0000] {processor.py:840} INFO - DAG(s) 'example_params_trigger_ui' retrieved from /home/airflow/.local/lib/python3.12/site-packages/airflow/example_dags/example_params_trigger_ui.py
[2026-08-13T13:37:13.456+0000] {logging_mixin.py:188} INFO - [2026-08-13T13:37:13.455+0000] {dag.py:3089} INFO - Sync 1 DAGs
[2026-08-13T13:37:13.496+0000] {logging_mixin.py:188} INFO - [2026-08-13T13:37:13.494+0000] {dag.py:3947} INFO - Setting next_dagrun for example_params_trigger_ui to None, run_after=None
[2026-08-13T13:37:13.573+0000] {processor.py:183} INFO - Processing /home/airflow/.local/lib/python3.12/site-packages/airflow/example_dags/example_params_trigger_ui.py took 0.283 seconds
[2026-08-13T13:37:46.204+0000] {processor.py:161} INFO - Started process (PID=1856) to work on /home/airflow/.local/lib/python3.12/site-packages/airflow/example_dags/example_params_trigger_ui.py
[2026-08-13T13:37:46.208+0000] {processor.py:830} INFO - Processing file /home/airflow/.local/lib/python3.12/site-packages/airflow/example_dags/example_params_trigger_ui.py for tasks to queue
[2026-08-13T13:37:46.215+0000] {logging_mixin.py:188} INFO - [2026-08-13T13:37:46.214+0000] {dagbag.py:545} INFO - Filling up the DagBag from /home/airflow/.local/lib/python3.12/site-packages/airflow/example_dags/example_params_trigger_ui.py
[2026-08-13T13:37:46.250+0000] {processor.py:840} INFO - DAG(s) 'example_params_trigger_ui' retrieved from /home/airflow/.local/lib/python3.12/site-packages/airflow/example_dags/example_params_trigger_ui.py
[2026-08-13T13:37:46.349+0000] {logging_mixin.py:188} INFO - [2026-08-13T13:37:46.349+0000] {dag.py:3089} INFO - Sync 1 DAGs
[2026-08-13T13:37:46.389+0000] {logging_mixin.py:188} INFO - [2026-08-13T13:37:46.388+0000] {dag.py:3947} INFO - Setting next_dagrun for example_params_trigger_ui to None, run_after=None
[2026-08-13T13:37:46.440+0000] {processor.py:183} INFO - Processing /home/airflow/.local/lib/python3.12/site-packages/airflow/example_dags/example_params_trigger_ui.py took 0.252 seconds
[2026-08-13T13:38:19.078+0000] {processor.py:161} INFO - Started process (PID=1930) to work on /home/airflow/.local/lib/python3.12/site-packages/airflow/example_dags/example_params_trigger_ui.py
[2026-08-13T13:38:19.083+0000] {processor.py:830} INFO - Processing file /home/airflow/.local/lib/python3.12/site-packages/airflow/example_dags/example_params_trigger_ui.py for tasks to queue
[2026-08-13T13:38:19.093+0000] {logging_mixin.py:188} INFO - [2026-08-13T13:38:19.091+0000] {dagbag.py:545} INFO - Filling up the DagBag from /home/airflow/.local/lib/python3.12/site-packages/airflow/example_dags/example_params_trigger_ui.py
[2026-08-13T13:38:19.120+0000] {processor.py:840} INFO - DAG(s) 'example_params_trigger_ui' retrieved from /home/airflow/.local/lib/python3.12/site-packages/airflow/example_dags/example_params_trigger_ui.py
[2026-08-13T13:38:19.223+0000] {logging_mixin.py:188} INFO - [2026-08-13T13:38:19.222+0000] {dag.py:3089} INFO - Sync 1 DAGs
[2026-08-13T13:38:19.255+0000] {logging_mixin.py:188} INFO - [2026-08-13T13:38:19.254+0000] {dag.py:3947} INFO - Setting next_dagrun for example_params_trigger_ui to None, run_after=None
[2026-08-13T13:38:19.310+0000] {processor.py:183} INFO - Processing /home/airflow/.local/lib/python3.12/site-packages/airflow/example_dags/example_params_trigger_ui.py took 0.251 seconds
[2026-08-13T13:38:53.126+0000] {processor.py:161} INFO - Started process (PID=2004) to work on /home/airflow/.local/lib/python3.12/site-packages/airflow/example_dags/example_params_trigger_ui.py
[2026-08-13T13:38:53.129+0000] {processor.py:830} INFO - Processing file /home/airflow/.local/lib/python3.12/site-packages/airflow/example_dags/example_params_trigger_ui.py for tasks to queue
[2026-08-13T13:38:53.135+0000] {logging_mixin.py:188} INFO - [2026-08-13T13:38:53.134+0000] {dagbag.py:545} INFO - Filling up the DagBag from /home/airflow/.local/lib/python3.12/site-packages/airflow/example_dags/example_params_trigger_ui.py
[2026-08-13T13:38:53.164+0000] {processor.py:840} INFO - DAG(s) 'example_params_trigger_ui' retrieved from /home/airflow/.local/lib/python3.12/site-packages/airflow/example_dags/example_params_trigger_ui.py
[2026-08-13T13:38:53.257+0000] {logging_mixin.py:188} INFO - [2026-08-13T13:38:53.257+0000] {dag.py:3089} INFO - Sync 1 DAGs
[2026-08-13T13:38:53.290+0000] {logging_mixin.py:188} INFO - [2026-08-13T13:38:53.289+0000] {dag.py:3947} INFO - Setting next_dagrun for example_params_trigger_ui to None, run_after=None
[2026-08-13T13:38:53.363+0000] {processor.py:183} INFO - Processing /home/airflow/.local/lib/python3.12/site-packages/airflow/example_dags/example_params_trigger_ui.py took 0.254 seconds
[2026-08-13T13:39:26.842+0000] {processor.py:161} INFO - Started process (PID=2078) to work on /home/airflow/.local/lib/python3.12/site-packages/airflow/example_dags/example_params_trigger_ui.py
[2026-08-13T13:39:26.845+0000] {processor.py:830} INFO - Processing file /home/airflow/.local/lib/python3.12/site-packages/airflow/example_dags/example_params_trigger_ui.py for tasks to queue
[2026-08-13T13:39:26.851+0000] {logging_mixin.py:188} INFO - [2026-08-13T13:39:26.850+0000] {dagbag.py:545} INFO - Filling up the DagBag from /home/airflow/.local/lib/python3.12/site-packages/airflow/example_dags/example_params_trigger_ui.py
[2026-08-13T13:39:26.877+0000] {processor.py:840} INFO - DAG(s) 'example_params_trigger_ui' retrieved from /home/airflow/.local/lib/python3.12/site-packages/airflow/example_dags/example_params_trigger_ui.py
[2026-08-13T13:39:26.992+0000] {logging_mixin.py:188} INFO - [2026-08-13T13:39:26.991+0000] {dag.py:3089} INFO - Sync 1 DAGs
[2026-08-13T13:39:27.027+0000] {logging_mixin.py:188} INFO - [2026-08-13T13:39:27.026+0000] {dag.py:3947} INFO - Setting next_dagrun for example_params_trigger_ui to None, run_after=None
[2026-08-13T13:39:27.084+0000] {processor.py:183} INFO - Processing /home/airflow/.local/lib/python3.12/site-packages/airflow/example_dags/example_params_trigger_ui.py took 0.256 seconds
[2026-08-13T13:39:59.530+0000] {processor.py:161} INFO - Started process (PID=2151) to work on /home/airflow/.local/lib/python3.12/site-packages/airflow/example_dags/example_params_trigger_ui.py
[2026-08-13T13:39:59.537+0000] {processor.py:830} INFO - Processing file /home/airflow/.local/lib/python3.12/site-packages/airflow/example_dags/example_params_trigger_ui.py for tasks to queue
[2026-08-13T13:39:59.546+0000] {logging_mixin.py:188} INFO - [2026-08-13T13:39:59.542+0000] {dagbag.py:545} INFO - Filling up the DagBag from /home/airflow/.local/lib/python3.12/site-packages/airflow/example_dags/example_params_trigger_ui.py
[2026-08-13T13:39:59.583+0000] {processor.py:840} INFO - DAG(s) 'example_params_trigger_ui' retrieved from /home/airflow/.local/lib/python3.12/site-packages/airflow/example_dags/example_params_trigger_ui.py
[2026-08-13T13:39:59.772+0000] {logging_mixin.py:188} INFO - [2026-08-13T13:39:59.771+0000] {dag.py:3089} INFO - Sync 1 DAGs
[2026-08-13T13:39:59.823+0000] {logging_mixin.py:188} INFO - [2026-08-13T13:39:59.822+0000] {dag.py:3947} INFO - Setting next_dagrun for example_params_trigger_ui to None, run_after=None
[2026-08-13T13:40:00.671+0000] {processor.py:183} INFO - Processing /home/airflow/.local/lib/python3.12/site-packages/airflow/example_dags/example_params_trigger_ui.py took 1.166 seconds
[2026-08-13T13:40:32.931+0000] {processor.py:161} INFO - Started process (PID=2223) to work on /home/airflow/.local/lib/python3.12/site-packages/airflow/example_dags/example_params_trigger_ui.py
[2026-08-13T13:40:32.935+0000] {processor.py:830} INFO - Processing file /home/airflow/.local/lib/python3.12/site-packages/airflow/example_dags/example_params_trigger_ui.py for tasks to queue
[2026-08-13T13:40:32.943+0000] {logging_mixin.py:188} INFO - [2026-08-13T13:40:32.941+0000] {dagbag.py:545} INFO - Filling up the DagBag from /home/airflow/.local/lib/python3.12/site-packages/airflow/example_dags/example_params_trigger_ui.py
[2026-08-13T13:40:32.981+0000] {processor.py:840} INFO - DAG(s) 'example_params_trigger_ui' retrieved from /home/airflow/.local/lib/python3.12/site-packages/airflow/example_dags/example_params_trigger_ui.py
[2026-08-13T13:40:33.094+0000] {logging_mixin.py:188} INFO - [2026-08-13T13:40:33.094+0000] {dag.py:3089} INFO - Sync 1 DAGs
[2026-08-13T13:40:33.130+0000] {logging_mixin.py:188} INFO - [2026-08-13T13:40:33.129+0000] {dag.py:3947} INFO - Setting next_dagrun for example_params_trigger_ui to None, run_after=None
[2026-08-13T13:40:33.222+0000] {processor.py:183} INFO - Processing /home/airflow/.local/lib/python3.12/site-packages/airflow/example_dags/example_params_trigger_ui.py took 0.322 seconds
[2026-08-13T13:41:07.266+0000] {processor.py:161} INFO - Started process (PID=2296) to work on /home/airflow/.local/lib/python3.12/site-packages/airflow/example_dags/example_params_trigger_ui.py
[2026-08-13T13:41:07.269+0000] {processor.py:830} INFO - Processing file /home/airflow/.local/lib/python3.12/site-packages/airflow/example_dags/example_params_trigger_ui.py for tasks to queue
[2026-08-13T13:41:07.274+0000] {logging_mixin.py:188} INFO - [2026-08-13T13:41:07.273+0000] {dagbag.py:545} INFO - Filling up the DagBag from /home/airflow/.local/lib/python3.12/site-packages/airflow/example_dags/example_params_trigger_ui.py
[2026-08-13T13:41:07.296+0000] {processor.py:840} INFO - DAG(s) 'example_params_trigger_ui' retrieved from /home/airflow/.local/lib/python3.12/site-packages/airflow/example_dags/example_params_trigger_ui.py
[2026-08-13T13:41:07.378+0000] {logging_mixin.py:188} INFO - [2026-08-13T13:41:07.377+0000] {dag.py:3089} INFO - Sync 1 DAGs
[2026-08-13T13:41:07.405+0000] {logging_mixin.py:188} INFO - [2026-08-13T13:41:07.405+0000] {dag.py:3947} INFO - Setting next_dagrun for example_params_trigger_ui to None, run_after=None
[2026-08-13T13:41:07.459+0000] {processor.py:183} INFO - Processing /home/airflow/.local/lib/python3.12/site-packages/airflow/example_dags/example_params_trigger_ui.py took 0.203 seconds
[2026-08-13T13:41:44.281+0000] {processor.py:161} INFO - Started process (PID=2370) to work on /home/airflow/.local/lib/python3.12/site-packages/airflow/example_dags/example_params_trigger_ui.py
[2026-08-13T13:41:44.284+0000] {processor.py:830} INFO - Processing file /home/airflow/.local/lib/python3.12/site-packages/airflow/example_dags/example_params_trigger_ui.py for tasks to queue
[2026-08-13T13:41:44.291+0000] {logging_mixin.py:188} INFO - [2026-08-13T13:41:44.290+0000] {dagbag.py:545} INFO - Filling up the DagBag from /home/airflow/.local/lib/python3.12/site-packages/airflow/example_dags/example_params_trigger_ui.py
[2026-08-13T13:41:44.319+0000] {processor.py:840} INFO - DAG(s) 'example_params_trigger_ui' retrieved from /home/airflow/.local/lib/python3.12/site-packages/airflow/example_dags/example_params_trigger_ui.py
[2026-08-13T13:41:44.840+0000] {logging_mixin.py:188} INFO - [2026-08-13T13:41:44.840+0000] {dag.py:3089} INFO - Sync 1 DAGs
[2026-08-13T13:41:44.873+0000] {logging_mixin.py:188} INFO - [2026-08-13T13:41:44.873+0000] {dag.py:3947} INFO - Setting next_dagrun for example_params_trigger_ui to None, run_after=None
[2026-08-13T13:41:44.920+0000] {processor.py:183} INFO - Processing /home/airflow/.local/lib/python3.12/site-packages/airflow/example_dags/example_params_trigger_ui.py took 0.654 seconds
[2026-08-13T13:42:16.034+0000] {processor.py:161} INFO - Started process (PID=2443) to work on /home/airflow/.local/lib/python3.12/site-packages/airflow/example_dags/example_params_trigger_ui.py
[2026-08-13T13:42:16.038+0000] {processor.py:830} INFO - Processing file /home/airflow/.local/lib/python3.12/site-packages/airflow/example_dags/example_params_trigger_ui.py for tasks to queue
[2026-08-13T13:42:16.050+0000] {logging_mixin.py:188} INFO - [2026-08-13T13:42:16.049+0000] {dagbag.py:545} INFO - Filling up the DagBag from /home/airflow/.local/lib/python3.12/site-packages/airflow/example_dags/example_params_trigger_ui.py
[2026-08-13T13:42:16.086+0000] {processor.py:840} INFO - DAG(s) 'example_params_trigger_ui' retrieved from /home/airflow/.local/lib/python3.12/site-packages/airflow/example_dags/example_params_trigger_ui.py
[2026-08-13T13:42:16.197+0000] {logging_mixin.py:188} INFO - [2026-08-13T13:42:16.196+0000] {dag.py:3089} INFO - Sync 1 DAGs
[2026-08-13T13:42:16.734+0000] {logging_mixin.py:188} INFO - [2026-08-13T13:42:16.734+0000] {dag.py:3947} INFO - Setting next_dagrun for example_params_trigger_ui to None, run_after=None
[2026-08-13T13:42:16.774+0000] {processor.py:183} INFO - Processing /home/airflow/.local/lib/python3.12/site-packages/airflow/example_dags/example_params_trigger_ui.py took 0.773 seconds
[2026-08-13T13:42:47.688+0000] {processor.py:161} INFO - Started process (PID=2516) to work on /home/airflow/.local/lib/python3.12/site-packages/airflow/example_dags/example_params_trigger_ui.py
[2026-08-13T13:42:47.692+0000] {processor.py:830} INFO - Processing file /home/airflow/.local/lib/python3.12/site-packages/airflow/example_dags/example_params_trigger_ui.py for tasks to queue
[2026-08-13T13:42:47.697+0000] {logging_mixin.py:188} INFO - [2026-08-13T13:42:47.696+0000] {dagbag.py:545} INFO - Filling up the DagBag from /home/airflow/.local/lib/python3.12/site-packages/airflow/example_dags/example_params_trigger_ui.py
[2026-08-13T13:42:47.718+0000] {processor.py:840} INFO - DAG(s) 'example_params_trigger_ui' retrieved from /home/airflow/.local/lib/python3.12/site-packages/airflow/example_dags/example_params_trigger_ui.py
[2026-08-13T13:42:47.811+0000] {logging_mixin.py:188} INFO - [2026-08-13T13:42:47.810+0000] {dag.py:3089} INFO - Sync 1 DAGs
[2026-08-13T13:42:47.845+0000] {logging_mixin.py:188} INFO - [2026-08-13T13:42:47.844+0000] {dag.py:3947} INFO - Setting next_dagrun for example_params_trigger_ui to None, run_after=None
[2026-08-13T13:42:47.900+0000] {processor.py:183} INFO - Processing /home/airflow/.local/lib/python3.12/site-packages/airflow/example_dags/example_params_trigger_ui.py took 0.223 seconds
[2026-08-13T13:43:18.292+0000] {processor.py:161} INFO - Started process (PID=2588) to work on /home/airflow/.local/lib/python3.12/site-packages/airflow/example_dags/example_params_trigger_ui.py
[2026-08-13T13:43:18.298+0000] {processor.py:830} INFO - Processing file /home/airflow/.local/lib/python3.12/site-packages/airflow/example_dags/example_params_trigger_ui.py for tasks to queue
[2026-08-13T13:43:18.311+0000] {logging_mixin.py:188} INFO - [2026-08-13T13:43:18.310+0000] {dagbag.py:545} INFO - Filling up the DagBag from /home/airflow/.local/lib/python3.12/site-packages/airflow/example_dags/example_params_trigger_ui.py
[2026-08-13T13:43:18.341+0000] {processor.py:840} INFO - DAG(s) 'example_params_trigger_ui' retrieved from /home/airflow/.local/lib/python3.12/site-packages/airflow/example_dags/example_params_trigger_ui.py
[2026-08-13T13:43:18.449+0000] {logging_mixin.py:188} INFO - [2026-08-13T13:43:18.448+0000] {dag.py:3089} INFO - Sync 1 DAGs
[2026-08-13T13:43:18.481+0000] {logging_mixin.py:188} INFO - [2026-08-13T13:43:18.480+0000] {dag.py:3947} INFO - Setting next_dagrun for example_params_trigger_ui to None, run_after=None
[2026-08-13T13:43:18.526+0000] {processor.py:183} INFO - Processing /home/airflow/.local/lib/python3.12/site-packages/airflow/example_dags/example_params_trigger_ui.py took 0.253 seconds
[2026-08-13T13:43:48.737+0000] {processor.py:161} INFO - Started process (PID=2653) to work on /home/airflow/.local/lib/python3.12/site-packages/airflow/example_dags/example_params_trigger_ui.py
[2026-08-13T13:43:48.744+0000] {processor.py:830} INFO - Processing file /home/airflow/.local/lib/python3.12/site-packages/airflow/example_dags/example_params_trigger_ui.py for tasks to queue
[2026-08-13T13:43:48.757+0000] {logging_mixin.py:188} INFO - [2026-08-13T13:43:48.756+0000] {dagbag.py:545} INFO - Filling up the DagBag from /home/airflow/.local/lib/python3.12/site-packages/airflow/example_dags/example_params_trigger_ui.py
[2026-08-13T13:43:48.789+0000] {processor.py:840} INFO - DAG(s) 'example_params_trigger_ui' retrieved from /home/airflow/.local/lib/python3.12/site-packages/airflow/example_dags/example_params_trigger_ui.py
[2026-08-13T13:43:48.907+0000] {logging_mixin.py:188} INFO - [2026-08-13T13:43:48.906+0000] {dag.py:3089} INFO - Sync 1 DAGs
[2026-08-13T13:43:48.941+0000] {logging_mixin.py:188} INFO - [2026-08-13T13:43:48.941+0000] {dag.py:3947} INFO - Setting next_dagrun for example_params_trigger_ui to None, run_after=None
[2026-08-13T13:43:48.990+0000] {processor.py:183} INFO - Processing /home/airflow/.local/lib/python3.12/site-packages/airflow/example_dags/example_params_trigger_ui.py took 0.281 seconds
[2026-08-13T13:44:19.356+0000] {processor.py:161} INFO - Started process (PID=2726) to work on /home/airflow/.local/lib/python3.12/site-packages/airflow/example_dags/example_params_trigger_ui.py
[2026-08-13T13:44:19.359+0000] {processor.py:830} INFO - Processing file /home/airflow/.local/lib/python3.12/site-packages/airflow/example_dags/example_params_trigger_ui.py for tasks to queue
[2026-08-13T13:44:19.363+0000] {logging_mixin.py:188} INFO - [2026-08-13T13:44:19.363+0000] {dagbag.py:545} INFO - Filling up the DagBag from /home/airflow/.local/lib/python3.12/site-packages/airflow/example_dags/example_params_trigger_ui.py
[2026-08-13T13:44:19.380+0000] {processor.py:840} INFO - DAG(s) 'example_params_trigger_ui' retrieved from /home/airflow/.local/lib/python3.12/site-packages/airflow/example_dags/example_params_trigger_ui.py
[2026-08-13T13:44:19.458+0000] {logging_mixin.py:188} INFO - [2026-08-13T13:44:19.458+0000] {dag.py:3089} INFO - Sync 1 DAGs
[2026-08-13T13:44:19.483+0000] {logging_mixin.py:188} INFO - [2026-08-13T13:44:19.482+0000] {dag.py:3947} INFO - Setting next_dagrun for example_params_trigger_ui to None, run_after=None
[2026-08-13T13:44:19.526+0000] {processor.py:183} INFO - Processing /home/airflow/.local/lib/python3.12/site-packages/airflow/example_dags/example_params_trigger_ui.py took 0.178 seconds
[2026-08-13T13:44:50.029+0000] {processor.py:161} INFO - Started process (PID=2798) to work on /home/airflow/.local/lib/python3.12/site-packages/airflow/example_dags/example_params_trigger_ui.py
[2026-08-13T13:44:50.040+0000] {processor.py:830} INFO - Processing file /home/airflow/.local/lib/python3.12/site-packages/airflow/example_dags/example_params_trigger_ui.py for tasks to queue
[2026-08-13T13:44:50.073+0000] {logging_mixin.py:188} INFO - [2026-08-13T13:44:50.072+0000] {dagbag.py:545} INFO - Filling up the DagBag from /home/airflow/.local/lib/python3.12/site-packages/airflow/example_dags/example_params_trigger_ui.py
[2026-08-13T13:44:50.172+0000] {processor.py:840} INFO - DAG(s) 'example_params_trigger_ui' retrieved from /home/airflow/.local/lib/python3.12/site-packages/airflow/example_dags/example_params_trigger_ui.py
[2026-08-13T13:44:50.471+0000] {logging_mixin.py:188} INFO - [2026-08-13T13:44:50.470+0000] {dag.py:3089} INFO - Sync 1 DAGs
[2026-08-13T13:44:50.505+0000] {logging_mixin.py:188} INFO - [2026-08-13T13:44:50.504+0000] {dag.py:3947} INFO - Setting next_dagrun for example_params_trigger_ui to None, run_after=None
[2026-08-13T13:44:50.607+0000] {processor.py:183} INFO - Processing /home/airflow/.local/lib/python3.12/site-packages/airflow/example_dags/example_params_trigger_ui.py took 0.628 seconds
[2026-08-13T13:45:20.992+0000] {processor.py:161} INFO - Started process (PID=2871) to work on /home/airflow/.local/lib/python3.12/site-packages/airflow/example_dags/example_params_trigger_ui.py
[2026-08-13T13:45:20.998+0000] {processor.py:830} INFO - Processing file /home/airflow/.local/lib/python3.12/site-packages/airflow/example_dags/example_params_trigger_ui.py for tasks to queue
[2026-08-13T13:45:21.003+0000] {logging_mixin.py:188} INFO - [2026-08-13T13:45:21.002+0000] {dagbag.py:545} INFO - Filling up the DagBag from /home/airflow/.local/lib/python3.12/site-packages/airflow/example_dags/example_params_trigger_ui.py
[2026-08-13T13:45:21.021+0000] {processor.py:840} INFO - DAG(s) 'example_params_trigger_ui' retrieved from /home/airflow/.local/lib/python3.12/site-packages/airflow/example_dags/example_params_trigger_ui.py
[2026-08-13T13:45:21.112+0000] {logging_mixin.py:188} INFO - [2026-08-13T13:45:21.112+0000] {dag.py:3089} INFO - Sync 1 DAGs
[2026-08-13T13:45:21.147+0000] {logging_mixin.py:188} INFO - [2026-08-13T13:45:21.146+0000] {dag.py:3947} INFO - Setting next_dagrun for example_params_trigger_ui to None, run_after=None
[2026-08-13T13:45:21.199+0000] {processor.py:183} INFO - Processing /home/airflow/.local/lib/python3.12/site-packages/airflow/example_dags/example_params_trigger_ui.py took 0.216 seconds
[2026-08-13T13:45:52.514+0000] {processor.py:161} INFO - Started process (PID=2943) to work on /home/airflow/.local/lib/python3.12/site-packages/airflow/example_dags/example_params_trigger_ui.py
[2026-08-13T13:45:52.530+0000] {processor.py:830} INFO - Processing file /home/airflow/.local/lib/python3.12/site-packages/airflow/example_dags/example_params_trigger_ui.py for tasks to queue
[2026-08-13T13:45:52.542+0000] {logging_mixin.py:188} INFO - [2026-08-13T13:45:52.541+0000] {dagbag.py:545} INFO - Filling up the DagBag from /home/airflow/.local/lib/python3.12/site-packages/airflow/example_dags/example_params_trigger_ui.py
[2026-08-13T13:45:52.609+0000] {processor.py:840} INFO - DAG(s) 'example_params_trigger_ui' retrieved from /home/airflow/.local/lib/python3.12/site-packages/airflow/example_dags/example_params_trigger_ui.py
[2026-08-13T13:45:52.758+0000] {logging_mixin.py:188} INFO - [2026-08-13T13:45:52.757+0000] {dag.py:3089} INFO - Sync 1 DAGs
[2026-08-13T13:45:52.804+0000] {logging_mixin.py:188} INFO - [2026-08-13T13:45:52.803+0000] {dag.py:3947} INFO - Setting next_dagrun for example_params_trigger_ui to None, run_after=None
[2026-08-13T13:45:52.867+0000] {processor.py:183} INFO - Processing /home/airflow/.local/lib/python3.12/site-packages/airflow/example_dags/example_params_trigger_ui.py took 0.388 seconds
[2026-08-13T13:46:24.337+0000] {processor.py:161} INFO - Started process (PID=3017) to work on /home/airflow/.local/lib/python3.12/site-packages/airflow/example_dags/example_params_trigger_ui.py
[2026-08-13T13:46:24.340+0000] {processor.py:830} INFO - Processing file /home/airflow/.local/lib/python3.12/site-packages/airflow/example_dags/example_params_trigger_ui.py for tasks to queue
[2026-08-13T13:46:24.347+0000] {logging_mixin.py:188} INFO - [2026-08-13T13:46:24.346+0000] {dagbag.py:545} INFO - Filling up the DagBag from /home/airflow/.local/lib/python3.12/site-packages/airflow/example_dags/example_params_trigger_ui.py
[2026-08-13T13:46:24.375+0000] {processor.py:840} INFO - DAG(s) 'example_params_trigger_ui' retrieved from /home/airflow/.local/lib/python3.12/site-packages/airflow/example_dags/example_params_trigger_ui.py
[2026-08-13T13:46:24.480+0000] {logging_mixin.py:188} INFO - [2026-08-13T13:46:24.479+0000] {dag.py:3089} INFO - Sync 1 DAGs
[2026-08-13T13:46:24.510+0000] {logging_mixin.py:188} INFO - [2026-08-13T13:46:24.510+0000] {dag.py:3947} INFO - Setting next_dagrun for example_params_trigger_ui to None, run_after=None
[2026-08-13T13:46:24.562+0000] {processor.py:183} INFO - Processing /home/airflow/.local/lib/python3.12/site-packages/airflow/example_dags/example_params_trigger_ui.py took 0.243 seconds
[2026-08-13T13:46:55.070+0000] {processor.py:161} INFO - Started process (PID=3090) to work on /home/airflow/.local/lib/python3.12/site-packages/airflow/example_dags/example_params_trigger_ui.py
[2026-08-13T13:46:55.080+0000] {processor.py:830} INFO - Processing file /home/airflow/.local/lib/python3.12/site-packages/airflow/example_dags/example_params_trigger_ui.py for tasks to queue
[2026-08-13T13:46:55.094+0000] {logging_mixin.py:188} INFO - [2026-08-13T13:46:55.086+0000] {dagbag.py:545} INFO - Filling up the DagBag from /home/airflow/.local/lib/python3.12/site-packages/airflow/example_dags/example_params_trigger_ui.py
[2026-08-13T13:46:55.127+0000] {processor.py:840} INFO - DAG(s) 'example_params_trigger_ui' retrieved from /home/airflow/.local/lib/python3.12/site-packages/airflow/example_dags/example_params_trigger_ui.py
[2026-08-13T13:46:55.277+0000] {logging_mixin.py:188} INFO - [2026-08-13T13:46:55.276+0000] {dag.py:3089} INFO - Sync 1 DAGs
[2026-08-13T13:46:55.344+0000] {logging_mixin.py:188} INFO - [2026-08-13T13:46:55.341+0000] {dag.py:3947} INFO - Setting next_dagrun for example_params_trigger_ui to None, run_after=None
[2026-08-13T13:46:55.399+0000] {processor.py:183} INFO - Processing /home/airflow/.local/lib/python3.12/site-packages/airflow/example_dags/example_params_trigger_ui.py took 0.363 seconds
[2026-08-13T13:47:26.415+0000] {processor.py:161} INFO - Started process (PID=3162) to work on /home/airflow/.local/lib/python3.12/site-packages/airflow/example_dags/example_params_trigger_ui.py
[2026-08-13T13:47:26.418+0000] {processor.py:830} INFO - Processing file /home/airflow/.local/lib/python3.12/site-packages/airflow/example_dags/example_params_trigger_ui.py for tasks to queue
[2026-08-13T13:47:26.423+0000] {logging_mixin.py:188} INFO - [2026-08-13T13:47:26.423+0000] {dagbag.py:545} INFO - Filling up the DagBag from /home/airflow/.local/lib/python3.12/site-packages/airflow/example_dags/example_params_trigger_ui.py
[2026-08-13T13:47:26.444+0000] {processor.py:840} INFO - DAG(s) 'example_params_trigger_ui' retrieved from /home/airflow/.local/lib/python3.12/site-packages/airflow/example_dags/example_params_trigger_ui.py
[2026-08-13T13:47:26.568+0000] {logging_mixin.py:188} INFO - [2026-08-13T13:47:26.567+0000] {dag.py:3089} INFO - Sync 1 DAGs
[2026-08-13T13:47:26.638+0000] {logging_mixin.py:188} INFO - [2026-08-13T13:47:26.638+0000] {dag.py:3947} INFO - Setting next_dagrun for example_params_trigger_ui to None, run_after=None
[2026-08-13T13:47:26.720+0000] {processor.py:183} INFO - Processing /home/airflow/.local/lib/python3.12/site-packages/airflow/example_dags/example_params_trigger_ui.py took 0.325 seconds
[2026-08-13T13:47:57.902+0000] {processor.py:161} INFO - Started process (PID=3235) to work on /home/airflow/.local/lib/python3.12/site-packages/airflow/example_dags/example_params_trigger_ui.py
[2026-08-13T13:47:57.911+0000] {processor.py:830} INFO - Processing file /home/airflow/.local/lib/python3.12/site-packages/airflow/example_dags/example_params_trigger_ui.py for tasks to queue
[2026-08-13T13:47:57.917+0000] {logging_mixin.py:188} INFO - [2026-08-13T13:47:57.916+0000] {dagbag.py:545} INFO - Filling up the DagBag from /home/airflow/.local/lib/python3.12/site-packages/airflow/example_dags/example_params_trigger_ui.py
[2026-08-13T13:47:57.950+0000] {processor.py:840} INFO - DAG(s) 'example_params_trigger_ui' retrieved from /home/airflow/.local/lib/python3.12/site-packages/airflow/example_dags/example_params_trigger_ui.py
[2026-08-13T13:47:58.044+0000] {logging_mixin.py:188} INFO - [2026-08-13T13:47:58.044+0000] {dag.py:3089} INFO - Sync 1 DAGs
[2026-08-13T13:47:58.107+0000] {logging_mixin.py:188} INFO - [2026-08-13T13:47:58.107+0000] {dag.py:3947} INFO - Setting next_dagrun for example_params_trigger_ui to None, run_after=None
[2026-08-13T13:47:58.182+0000] {processor.py:183} INFO - Processing /home/airflow/.local/lib/python3.12/site-packages/airflow/example_dags/example_params_trigger_ui.py took 0.294 seconds
[2026-08-13T13:48:28.754+0000] {processor.py:161} INFO - Started process (PID=3299) to work on /home/airflow/.local/lib/python3.12/site-packages/airflow/example_dags/example_params_trigger_ui.py
[2026-08-13T13:48:28.756+0000] {processor.py:830} INFO - Processing file /home/airflow/.local/lib/python3.12/site-packages/airflow/example_dags/example_params_trigger_ui.py for tasks to queue
[2026-08-13T13:48:28.761+0000] {logging_mixin.py:188} INFO - [2026-08-13T13:48:28.760+0000] {dagbag.py:545} INFO - Filling up the DagBag from /home/airflow/.local/lib/python3.12/site-packages/airflow/example_dags/example_params_trigger_ui.py
[2026-08-13T13:48:28.781+0000] {processor.py:840} INFO - DAG(s) 'example_params_trigger_ui' retrieved from /home/airflow/.local/lib/python3.12/site-packages/airflow/example_dags/example_params_trigger_ui.py
[2026-08-13T13:48:28.886+0000] {logging_mixin.py:188} INFO - [2026-08-13T13:48:28.886+0000] {dag.py:3089} INFO - Sync 1 DAGs
[2026-08-13T13:48:28.922+0000] {logging_mixin.py:188} INFO - [2026-08-13T13:48:28.921+0000] {dag.py:3947} INFO - Setting next_dagrun for example_params_trigger_ui to None, run_after=None
[2026-08-13T13:48:28.974+0000] {processor.py:183} INFO - Processing /home/airflow/.local/lib/python3.12/site-packages/airflow/example_dags/example_params_trigger_ui.py took 0.234 seconds
[2026-08-13T13:49:00.507+0000] {processor.py:161} INFO - Started process (PID=3372) to work on /home/airflow/.local/lib/python3.12/site-packages/airflow/example_dags/example_params_trigger_ui.py
[2026-08-13T13:49:00.514+0000] {processor.py:830} INFO - Processing file /home/airflow/.local/lib/python3.12/site-packages/airflow/example_dags/example_params_trigger_ui.py for tasks to queue
[2026-08-13T13:49:00.525+0000] {logging_mixin.py:188} INFO - [2026-08-13T13:49:00.524+0000] {dagbag.py:545} INFO - Filling up the DagBag from /home/airflow/.local/lib/python3.12/site-packages/airflow/example_dags/example_params_trigger_ui.py
[2026-08-13T13:49:00.575+0000] {processor.py:840} INFO - DAG(s) 'example_params_trigger_ui' retrieved from /home/airflow/.local/lib/python3.12/site-packages/airflow/example_dags/example_params_trigger_ui.py
[2026-08-13T13:49:00.767+0000] {logging_mixin.py:188} INFO - [2026-08-13T13:49:00.766+0000] {dag.py:3089} INFO - Sync 1 DAGs
[2026-08-13T13:49:00.845+0000] {logging_mixin.py:188} INFO - [2026-08-13T13:49:00.844+0000] {dag.py:3947} INFO - Setting next_dagrun for example_params_trigger_ui to None, run_after=None
[2026-08-13T13:49:00.935+0000] {processor.py:183} INFO - Processing /home/airflow/.local/lib/python3.12/site-packages/airflow/example_dags/example_params_trigger_ui.py took 0.462 seconds
[2026-08-13T13:49:37.972+0000] {processor.py:161} INFO - Started process (PID=3449) to work on /home/airflow/.local/lib/python3.12/site-packages/airflow/example_dags/example_params_trigger_ui.py
[2026-08-13T13:49:37.978+0000] {processor.py:830} INFO - Processing file /home/airflow/.local/lib/python3.12/site-packages/airflow/example_dags/example_params_trigger_ui.py for tasks to queue
[2026-08-13T13:49:37.989+0000] {logging_mixin.py:188} INFO - [2026-08-13T13:49:37.988+0000] {dagbag.py:545} INFO - Filling up the DagBag from /home/airflow/.local/lib/python3.12/site-packages/airflow/example_dags/example_params_trigger_ui.py
[2026-08-13T13:49:38.043+0000] {processor.py:840} INFO - DAG(s) 'example_params_trigger_ui' retrieved from /home/airflow/.local/lib/python3.12/site-packages/airflow/example_dags/example_params_trigger_ui.py
[2026-08-13T13:49:38.238+0000] {logging_mixin.py:188} INFO - [2026-08-13T13:49:38.237+0000] {dag.py:3089} INFO - Sync 1 DAGs
[2026-08-13T13:49:38.289+0000] {logging_mixin.py:188} INFO - [2026-08-13T13:49:38.289+0000] {dag.py:3947} INFO - Setting next_dagrun for example_params_trigger_ui to None, run_after=None
[2026-08-13T13:49:38.358+0000] {processor.py:183} INFO - Processing /home/airflow/.local/lib/python3.12/site-packages/airflow/example_dags/example_params_trigger_ui.py took 0.415 seconds
[2026-08-13T13:50:10.283+0000] {processor.py:161} INFO - Started process (PID=3522) to work on /home/airflow/.local/lib/python3.12/site-packages/airflow/example_dags/example_params_trigger_ui.py
[2026-08-13T13:50:10.288+0000] {processor.py:830} INFO - Processing file /home/airflow/.local/lib/python3.12/site-packages/airflow/example_dags/example_params_trigger_ui.py for tasks to queue
[2026-08-13T13:50:10.303+0000] {logging_mixin.py:188} INFO - [2026-08-13T13:50:10.300+0000] {dagbag.py:545} INFO - Filling up the DagBag from /home/airflow/.local/lib/python3.12/site-packages/airflow/example_dags/example_params_trigger_ui.py
[2026-08-13T13:50:10.428+0000] {processor.py:840} INFO - DAG(s) 'example_params_trigger_ui' retrieved from /home/airflow/.local/lib/python3.12/site-packages/airflow/example_dags/example_params_trigger_ui.py
[2026-08-13T13:50:10.650+0000] {logging_mixin.py:188} INFO - [2026-08-13T13:50:10.650+0000] {dag.py:3089} INFO - Sync 1 DAGs
[2026-08-13T13:50:10.731+0000] {logging_mixin.py:188} INFO - [2026-08-13T13:50:10.731+0000] {dag.py:3947} INFO - Setting next_dagrun for example_params_trigger_ui to None, run_after=None
[2026-08-13T13:50:10.941+0000] {processor.py:183} INFO - Processing /home/airflow/.local/lib/python3.12/site-packages/airflow/example_dags/example_params_trigger_ui.py took 0.696 seconds
