[2026-08-13T13:24:31.925+0000] {processor.py:161} INFO - Started process (PID=125) to work on /home/airflow/.local/lib/python3.12/site-packages/airflow/example_dags/example_kubernetes_executor.py
[2026-08-13T13:24:31.929+0000] {processor.py:830} INFO - Processing file /home/airflow/.local/lib/python3.12/site-packages/airflow/example_dags/example_kubernetes_executor.py for tasks to queue
[2026-08-13T13:24:31.941+0000] {logging_mixin.py:188} INFO - [2026-08-13T13:24:31.940+0000] {dagbag.py:545} INFO - Filling up the DagBag from /home/airflow/.local/lib/python3.12/site-packages/airflow/example_dags/example_kubernetes_executor.py
[2026-08-13T13:24:32.068+0000] {processor.py:840} INFO - DAG(s) 'example_kubernetes_executor' retrieved from /home/airflow/.local/lib/python3.12/site-packages/airflow/example_dags/example_kubernetes_executor.py
[2026-08-13T13:24:32.477+0000] {logging_mixin.py:188} INFO - [2026-08-13T13:24:32.476+0000] {dag.py:3089} INFO - Sync 1 DAGs
[2026-08-13T13:24:32.513+0000] {logging_mixin.py:188} INFO - [2026-08-13T13:24:32.513+0000] {dag.py:3947} INFO - Setting next_dagrun for example_kubernetes_executor to None, run_after=None
[2026-08-13T13:24:32.572+0000] {processor.py:183} INFO - Processing /home/airflow/.local/lib/python3.12/site-packages/airflow/example_dags/example_kubernetes_executor.py took 0.668 seconds
[2026-08-13T13:25:03.547+0000] {processor.py:161} INFO - Started process (PID=197) to work on /home/airflow/.local/lib/python3.12/site-packages/airflow/example_dags/example_kubernetes_executor.py
[2026-08-13T13:25:03.559+0000] {processor.py:830} INFO - Processing file /home/airflow/.local/lib/python3.12/site-packages/airflow/example_dags/example_kubernetes_executor.py for tasks to queue
[2026-08-13T13:25:03.612+0000] {logging_mixin.py:188} INFO - [2026-08-13T13:25:03.611+0000] {dagbag.py:545} INFO - Filling up the DagBag from /home/airflow/.local/lib/python3.12/site-packages/airflow/example_dags/example_kubernetes_executor.py
[2026-08-13T13:25:03.836+0000] {processor.py:840} INFO - DAG(s) 'example_kubernetes_executor' retrieved from /home/airflow/.local/lib/python3.12/site-packages/airflow/example_dags/example_kubernetes_executor.py
[2026-08-13T13:25:04.400+0000] {logging_mixin.py:188} INFO - [2026-08-13T13:25:04.398+0000] {dag.py:3089} INFO - Sync 1 DAGs
[2026-08-13T13:25:04.509+0000] {logging_mixin.py:188} INFO - [2026-08-13T13:25:04.508+0000] {dag.py:3947} INFO - Setting next_dagrun for example_kubernetes_executor to None, run_after=None
[2026-08-13T13:25:04.610+0000] {processor.py:183} INFO - Processing /home/airflow/.local/lib/python3.12/site-packages/airflow/example_dags/example_kubernetes_executor.py took 1.168 seconds
[2026-08-13T13:25:55.426+0000] {processor.py:161} INFO - Started process (PID=270) to work on /home/airflow/.local/lib/python3.12/site-packages/airflow/example_dags/example_kubernetes_executor.py
[2026-08-13T13:25:55.429+0000] {processor.py:830} INFO - Processing file /home/airflow/.local/lib/python3.12/site-packages/airflow/example_dags/example_kubernetes_executor.py for tasks to queue
[2026-08-13T13:25:55.435+0000] {logging_mixin.py:188} INFO - [2026-08-13T13:25:55.434+0000] {dagbag.py:545} INFO - Filling up the DagBag from /home/airflow/.local/lib/python3.12/site-packages/airflow/example_dags/example_kubernetes_executor.py
[2026-08-13T13:25:55.500+0000] {processor.py:840} INFO - DAG(s) 'example_kubernetes_executor' retrieved from /home/airflow/.local/lib/python3.12/site-packages/airflow/example_dags/example_kubernetes_executor.py
[2026-08-13T13:25:55.636+0000] {logging_mixin.py:188} INFO - [2026-08-13T13:25:55.635+0000] {dag.py:3089} INFO - Sync 1 DAGs
[2026-08-13T13:25:55.672+0000] {logging_mixin.py:188} INFO - [2026-08-13T13:25:55.671+0000] {dag.py:3947} INFO - Setting next_dagrun for example_kubernetes_executor to None, run_after=None
[2026-08-13T13:25:55.729+0000] {processor.py:183} INFO - Processing /home/airflow/.local/lib/python3.12/site-packages/airflow/example_dags/example_kubernetes_executor.py took 0.316 seconds
[2026-08-13T13:26:28.710+0000] {processor.py:161} INFO - Started process (PID=343) to work on /home/airflow/.local/lib/python3.12/site-packages/airflow/example_dags/example_kubernetes_executor.py
[2026-08-13T13:26:28.713+0000] {processor.py:830} INFO - Processing file /home/airflow/.local/lib/python3.12/site-packages/airflow/example_dags/example_kubernetes_executor.py for tasks to queue
[2026-08-13T13:26:28.724+0000] {logging_mixin.py:188} INFO - [2026-08-13T13:26:28.722+0000] {dagbag.py:545} INFO - Filling up the DagBag from /home/airflow/.local/lib/python3.12/site-packages/airflow/example_dags/example_kubernetes_executor.py
[2026-08-13T13:26:28.791+0000] {processor.py:840} INFO - DAG(s) 'example_kubernetes_executor' retrieved from /home/airflow/.local/lib/python3.12/site-packages/airflow/example_dags/example_kubernetes_executor.py
[2026-08-13T13:26:29.058+0000] {logging_mixin.py:188} INFO - [2026-08-13T13:26:29.057+0000] {dag.py:3089} INFO - Sync 1 DAGs
[2026-08-13T13:26:29.141+0000] {logging_mixin.py:188} INFO - [2026-08-13T13:26:29.141+0000] {dag.py:3947} INFO - Setting next_dagrun for example_kubernetes_executor to None, run_after=None
[2026-08-13T13:26:29.228+0000] {processor.py:183} INFO - Processing /home/airflow/.local/lib/python3.12/site-packages/airflow/example_dags/example_kubernetes_executor.py took 0.534 seconds
[2026-08-13T13:27:00.257+0000] {processor.py:161} INFO - Started process (PID=410) to work on /home/airflow/.local/lib/python3.12/site-packages/airflow/example_dags/example_kubernetes_executor.py
[2026-08-13T13:27:00.264+0000] {processor.py:830} INFO - Processing file /home/airflow/.local/lib/python3.12/site-packages/airflow/example_dags/example_kubernetes_executor.py for tasks to queue
[2026-08-13T13:27:00.272+0000] {logging_mixin.py:188} INFO - [2026-08-13T13:27:00.271+0000] {dagbag.py:545} INFO - Filling up the DagBag from /home/airflow/.local/lib/python3.12/site-packages/airflow/example_dags/example_kubernetes_executor.py
[2026-08-13T13:27:00.313+0000] {processor.py:840} INFO - DAG(s) 'example_kubernetes_executor' retrieved from /home/airflow/.local/lib/python3.12/site-packages/airflow/example_dags/example_kubernetes_executor.py
[2026-08-13T13:27:00.432+0000] {logging_mixin.py:188} INFO - [2026-08-13T13:27:00.431+0000] {dag.py:3089} INFO - Sync 1 DAGs
[2026-08-13T13:27:00.567+0000] {logging_mixin.py:188} INFO - [2026-08-13T13:27:00.566+0000] {dag.py:3947} INFO - Setting next_dagrun for example_kubernetes_executor to None, run_after=None
[2026-08-13T13:27:00.774+0000] {processor.py:183} INFO - Processing /home/airflow/.local/lib/python3.12/site-packages/airflow/example_dags/example_kubernetes_executor.py took 0.544 seconds
[2026-08-13T13:27:31.472+0000] {processor.py:161} INFO - Started process (PID=482) to work on /home/airflow/.local/lib/python3.12/site-packages/airflow/example_dags/example_kubernetes_executor.py
[2026-08-13T13:27:31.475+0000] {processor.py:830} INFO - Processing file /home/airflow/.local/lib/python3.12/site-packages/airflow/example_dags/example_kubernetes_executor.py for tasks to queue
[2026-08-13T13:27:31.482+0000] {logging_mixin.py:188} INFO - [2026-08-13T13:27:31.481+0000] {dagbag.py:545} INFO - Filling up the DagBag from /home/airflow/.local/lib/python3.12/site-packages/airflow/example_dags/example_kubernetes_executor.py
[2026-08-13T13:27:31.521+0000] {processor.py:840} INFO - DAG(s) 'example_kubernetes_executor' retrieved from /home/airflow/.local/lib/python3.12/site-packages/airflow/example_dags/example_kubernetes_executor.py
[2026-08-13T13:27:31.645+0000] {logging_mixin.py:188} INFO - [2026-08-13T13:27:31.644+0000] {dag.py:3089} INFO - Sync 1 DAGs
[2026-08-13T13:27:31.686+0000] {logging_mixin.py:188} INFO - [2026-08-13T13:27:31.686+0000] {dag.py:3947} INFO - Setting next_dagrun for example_kubernetes_executor to None, run_after=None
[2026-08-13T13:27:31.736+0000] {processor.py:183} INFO - Processing /home/airflow/.local/lib/python3.12/site-packages/airflow/example_dags/example_kubernetes_executor.py took 0.276 seconds
[2026-08-13T13:28:02.304+0000] {processor.py:161} INFO - Started process (PID=554) to work on /home/airflow/.local/lib/python3.12/site-packages/airflow/example_dags/example_kubernetes_executor.py
[2026-08-13T13:28:02.308+0000] {processor.py:830} INFO - Processing file /home/airflow/.local/lib/python3.12/site-packages/airflow/example_dags/example_kubernetes_executor.py for tasks to queue
[2026-08-13T13:28:02.316+0000] {logging_mixin.py:188} INFO - [2026-08-13T13:28:02.315+0000] {dagbag.py:545} INFO - Filling up the DagBag from /home/airflow/.local/lib/python3.12/site-packages/airflow/example_dags/example_kubernetes_executor.py
[2026-08-13T13:28:02.374+0000] {processor.py:840} INFO - DAG(s) 'example_kubernetes_executor' retrieved from /home/airflow/.local/lib/python3.12/site-packages/airflow/example_dags/example_kubernetes_executor.py
[2026-08-13T13:28:02.495+0000] {logging_mixin.py:188} INFO - [2026-08-13T13:28:02.494+0000] {dag.py:3089} INFO - Sync 1 DAGs
[2026-08-13T13:28:02.527+0000] {logging_mixin.py:188} INFO - [2026-08-13T13:28:02.526+0000] {dag.py:3947} INFO - Setting next_dagrun for example_kubernetes_executor to None, run_after=None
[2026-08-13T13:28:02.603+0000] {processor.py:183} INFO - Processing /home/airflow/.local/lib/python3.12/site-packages/airflow/example_dags/example_kubernetes_executor.py took 0.321 seconds
[2026-08-13T13:28:33.138+0000] {processor.py:161} INFO - Started process (PID=627) to work on /home/airflow/.local/lib/python3.12/site-packages/airflow/example_dags/example_kubernetes_executor.py
[2026-08-13T13:28:33.142+0000] {processor.py:830} INFO - Processing file /home/airflow/.local/lib/python3.12/site-packages/airflow/example_dags/example_kubernetes_executor.py for tasks to queue
[2026-08-13T13:28:33.150+0000] {logging_mixin.py:188} INFO - [2026-08-13T13:28:33.148+0000] {dagbag.py:545} INFO - Filling up the DagBag from /home/airflow/.local/lib/python3.12/site-packages/airflow/example_dags/example_kubernetes_executor.py
[2026-08-13T13:28:33.211+0000] {processor.py:840} INFO - DAG(s) 'example_kubernetes_executor' retrieved from /home/airflow/.local/lib/python3.12/site-packages/airflow/example_dags/example_kubernetes_executor.py
[2026-08-13T13:28:33.341+0000] {logging_mixin.py:188} INFO - [2026-08-13T13:28:33.341+0000] {dag.py:3089} INFO - Sync 1 DAGs
[2026-08-13T13:28:33.384+0000] {logging_mixin.py:188} INFO - [2026-08-13T13:28:33.384+0000] {dag.py:3947} INFO - Setting next_dagrun for example_kubernetes_executor to None, run_after=None
[2026-08-13T13:28:33.445+0000] {processor.py:183} INFO - Processing /home/airflow/.local/lib/python3.12/site-packages/airflow/example_dags/example_kubernetes_executor.py took 0.327 seconds
[2026-08-13T13:29:03.633+0000] {processor.py:161} INFO - Started process (PID=693) to work on /home/airflow/.local/lib/python3.12/site-packages/airflow/example_dags/example_kubernetes_executor.py
[2026-08-13T13:29:03.636+0000] {processor.py:830} INFO - Processing file /home/airflow/.local/lib/python3.12/site-packages/airflow/example_dags/example_kubernetes_executor.py for tasks to queue
[2026-08-13T13:29:03.641+0000] {logging_mixin.py:188} INFO - [2026-08-13T13:29:03.641+0000] {dagbag.py:545} INFO - Filling up the DagBag from /home/airflow/.local/lib/python3.12/site-packages/airflow/example_dags/example_kubernetes_executor.py
[2026-08-13T13:29:03.677+0000] {processor.py:840} INFO - DAG(s) 'example_kubernetes_executor' retrieved from /home/airflow/.local/lib/python3.12/site-packages/airflow/example_dags/example_kubernetes_executor.py
[2026-08-13T13:29:03.757+0000] {logging_mixin.py:188} INFO - [2026-08-13T13:29:03.756+0000] {dag.py:3089} INFO - Sync 1 DAGs
[2026-08-13T13:29:03.794+0000] {logging_mixin.py:188} INFO - [2026-08-13T13:29:03.794+0000] {dag.py:3947} INFO - Setting next_dagrun for example_kubernetes_executor to None, run_after=None
[2026-08-13T13:29:03.837+0000] {processor.py:183} INFO - Processing /home/airflow/.local/lib/python3.12/site-packages/airflow/example_dags/example_kubernetes_executor.py took 0.215 seconds
[2026-08-13T13:29:36.328+0000] {processor.py:161} INFO - Started process (PID=766) to work on /home/airflow/.local/lib/python3.12/site-packages/airflow/example_dags/example_kubernetes_executor.py
[2026-08-13T13:29:36.332+0000] {processor.py:830} INFO - Processing file /home/airflow/.local/lib/python3.12/site-packages/airflow/example_dags/example_kubernetes_executor.py for tasks to queue
[2026-08-13T13:29:36.337+0000] {logging_mixin.py:188} INFO - [2026-08-13T13:29:36.336+0000] {dagbag.py:545} INFO - Filling up the DagBag from /home/airflow/.local/lib/python3.12/site-packages/airflow/example_dags/example_kubernetes_executor.py
[2026-08-13T13:29:36.370+0000] {processor.py:840} INFO - DAG(s) 'example_kubernetes_executor' retrieved from /home/airflow/.local/lib/python3.12/site-packages/airflow/example_dags/example_kubernetes_executor.py
[2026-08-13T13:29:36.458+0000] {logging_mixin.py:188} INFO - [2026-08-13T13:29:36.458+0000] {dag.py:3089} INFO - Sync 1 DAGs
[2026-08-13T13:29:36.491+0000] {logging_mixin.py:188} INFO - [2026-08-13T13:29:36.491+0000] {dag.py:3947} INFO - Setting next_dagrun for example_kubernetes_executor to None, run_after=None
[2026-08-13T13:29:36.559+0000] {processor.py:183} INFO - Processing /home/airflow/.local/lib/python3.12/site-packages/airflow/example_dags/example_kubernetes_executor.py took 0.245 seconds
[2026-08-13T13:30:11.548+0000] {processor.py:161} INFO - Started process (PID=840) to work on /home/airflow/.local/lib/python3.12/site-packages/airflow/example_dags/example_kubernetes_executor.py
[2026-08-13T13:30:11.551+0000] {processor.py:830} INFO - Processing file /home/airflow/.local/lib/python3.12/site-packages/airflow/example_dags/example_kubernetes_executor.py for tasks to queue
[2026-08-13T13:30:11.557+0000] {logging_mixin.py:188} INFO - [2026-08-13T13:30:11.556+0000] {dagbag.py:545} INFO - Filling up the DagBag from /home/airflow/.local/lib/python3.12/site-packages/airflow/example_dags/example_kubernetes_executor.py
[2026-08-13T13:30:11.585+0000] {processor.py:840} INFO - DAG(s) 'example_kubernetes_executor' retrieved from /home/airflow/.local/lib/python3.12/site-packages/airflow/example_dags/example_kubernetes_executor.py
[2026-08-13T13:30:11.681+0000] {logging_mixin.py:188} INFO - [2026-08-13T13:30:11.680+0000] {dag.py:3089} INFO - Sync 1 DAGs
[2026-08-13T13:30:11.716+0000] {logging_mixin.py:188} INFO - [2026-08-13T13:30:11.715+0000] {dag.py:3947} INFO - Setting next_dagrun for example_kubernetes_executor to None, run_after=None
[2026-08-13T13:30:11.762+0000] {processor.py:183} INFO - Processing /home/airflow/.local/lib/python3.12/site-packages/airflow/example_dags/example_kubernetes_executor.py took 0.230 seconds
[2026-08-13T13:30:43.607+0000] {processor.py:161} INFO - Started process (PID=913) to work on /home/airflow/.local/lib/python3.12/site-packages/airflow/example_dags/example_kubernetes_executor.py
[2026-08-13T13:30:43.614+0000] {processor.py:830} INFO - Processing file /home/airflow/.local/lib/python3.12/site-packages/airflow/example_dags/example_kubernetes_executor.py for tasks to queue
[2026-08-13T13:30:43.622+0000] {logging_mixin.py:188} INFO - [2026-08-13T13:30:43.621+0000] {dagbag.py:545} INFO - Filling up the DagBag from /home/airflow/.local/lib/python3.12/site-packages/airflow/example_dags/example_kubernetes_executor.py
[2026-08-13T13:30:43.662+0000] {processor.py:840} INFO - DAG(s) 'example_kubernetes_executor' retrieved from /home/airflow/.local/lib/python3.12/site-packages/airflow/example_dags/example_kubernetes_executor.py
[2026-08-13T13:30:43.769+0000] {logging_mixin.py:188} INFO - [2026-08-13T13:30:43.768+0000] {dag.py:3089} INFO - Sync 1 DAGs
[2026-08-13T13:30:43.809+0000] {logging_mixin.py:188} INFO - [2026-08-13T13:30:43.808+0000] {dag.py:3947} INFO - Setting next_dagrun for example_kubernetes_executor to None, run_after=None
[2026-08-13T13:30:43.873+0000] {processor.py:183} INFO - Processing /home/airflow/.local/lib/python3.12/site-packages/airflow/example_dags/example_kubernetes_executor.py took 0.283 seconds
[2026-08-13T13:31:15.330+0000] {processor.py:161} INFO - Started process (PID=986) to work on /home/airflow/.local/lib/python3.12/site-packages/airflow/example_dags/example_kubernetes_executor.py
[2026-08-13T13:31:15.334+0000] {processor.py:830} INFO - Processing file /home/airflow/.local/lib/python3.12/site-packages/airflow/example_dags/example_kubernetes_executor.py for tasks to queue
[2026-08-13T13:31:15.341+0000] {logging_mixin.py:188} INFO - [2026-08-13T13:31:15.340+0000] {dagbag.py:545} INFO - Filling up the DagBag from /home/airflow/.local/lib/python3.12/site-packages/airflow/example_dags/example_kubernetes_executor.py
[2026-08-13T13:31:15.406+0000] {processor.py:840} INFO - DAG(s) 'example_kubernetes_executor' retrieved from /home/airflow/.local/lib/python3.12/site-packages/airflow/example_dags/example_kubernetes_executor.py
[2026-08-13T13:31:15.534+0000] {logging_mixin.py:188} INFO - [2026-08-13T13:31:15.533+0000] {dag.py:3089} INFO - Sync 1 DAGs
[2026-08-13T13:31:15.597+0000] {logging_mixin.py:188} INFO - [2026-08-13T13:31:15.596+0000] {dag.py:3947} INFO - Setting next_dagrun for example_kubernetes_executor to None, run_after=None
[2026-08-13T13:31:15.662+0000] {processor.py:183} INFO - Processing /home/airflow/.local/lib/python3.12/site-packages/airflow/example_dags/example_kubernetes_executor.py took 0.351 seconds
[2026-08-13T13:31:47.209+0000] {processor.py:161} INFO - Started process (PID=1060) to work on /home/airflow/.local/lib/python3.12/site-packages/airflow/example_dags/example_kubernetes_executor.py
[2026-08-13T13:31:47.212+0000] {processor.py:830} INFO - Processing file /home/airflow/.local/lib/python3.12/site-packages/airflow/example_dags/example_kubernetes_executor.py for tasks to queue
[2026-08-13T13:31:47.220+0000] {logging_mixin.py:188} INFO - [2026-08-13T13:31:47.219+0000] {dagbag.py:545} INFO - Filling up the DagBag from /home/airflow/.local/lib/python3.12/site-packages/airflow/example_dags/example_kubernetes_executor.py
[2026-08-13T13:31:47.271+0000] {processor.py:840} INFO - DAG(s) 'example_kubernetes_executor' retrieved from /home/airflow/.local/lib/python3.12/site-packages/airflow/example_dags/example_kubernetes_executor.py
[2026-08-13T13:31:47.411+0000] {logging_mixin.py:188} INFO - [2026-08-13T13:31:47.410+0000] {dag.py:3089} INFO - Sync 1 DAGs
[2026-08-13T13:31:47.453+0000] {logging_mixin.py:188} INFO - [2026-08-13T13:31:47.452+0000] {dag.py:3947} INFO - Setting next_dagrun for example_kubernetes_executor to None, run_after=None
[2026-08-13T13:31:47.524+0000] {processor.py:183} INFO - Processing /home/airflow/.local/lib/python3.12/site-packages/airflow/example_dags/example_kubernetes_executor.py took 0.336 seconds
[2026-08-13T13:32:18.734+0000] {processor.py:161} INFO - Started process (PID=1126) to work on /home/airflow/.local/lib/python3.12/site-packages/airflow/example_dags/example_kubernetes_executor.py
[2026-08-13T13:32:18.738+0000] {processor.py:830} INFO - Processing file /home/airflow/.local/lib/python3.12/site-packages/airflow/example_dags/example_kubernetes_executor.py for tasks to queue
[2026-08-13T13:32:18.745+0000] {logging_mixin.py:188} INFO - [2026-08-13T13:32:18.744+0000] {dagbag.py:545} INFO - Filling up the DagBag from /home/airflow/.local/lib/python3.12/site-packages/airflow/example_dags/example_kubernetes_executor.py
[2026-08-13T13:32:18.783+0000] {processor.py:840} INFO - DAG(s) 'example_kubernetes_executor' retrieved from /home/airflow/.local/lib/python3.12/site-packages/airflow/example_dags/example_kubernetes_executor.py
[2026-08-13T13:32:18.860+0000] {logging_mixin.py:188} INFO - [2026-08-13T13:32:18.859+0000] {dag.py:3089} INFO - Sync 1 DAGs
[2026-08-13T13:32:18.885+0000] {logging_mixin.py:188} INFO - [2026-08-13T13:32:18.885+0000] {dag.py:3947} INFO - Setting next_dagrun for example_kubernetes_executor to None, run_after=None
[2026-08-13T13:32:18.925+0000] {processor.py:183} INFO - Processing /home/airflow/.local/lib/python3.12/site-packages/airflow/example_dags/example_kubernetes_executor.py took 0.206 seconds
[2026-08-13T13:32:53.648+0000] {processor.py:161} INFO - Started process (PID=1207) to work on /home/airflow/.local/lib/python3.12/site-packages/airflow/example_dags/example_kubernetes_executor.py
[2026-08-13T13:32:53.651+0000] {processor.py:830} INFO - Processing file /home/airflow/.local/lib/python3.12/site-packages/airflow/example_dags/example_kubernetes_executor.py for tasks to queue
[2026-08-13T13:32:53.657+0000] {logging_mixin.py:188} INFO - [2026-08-13T13:32:53.656+0000] {dagbag.py:545} INFO - Filling up the DagBag from /home/airflow/.local/lib/python3.12/site-packages/airflow/example_dags/example_kubernetes_executor.py
[2026-08-13T13:32:53.697+0000] {processor.py:840} INFO - DAG(s) 'example_kubernetes_executor' retrieved from /home/airflow/.local/lib/python3.12/site-packages/airflow/example_dags/example_kubernetes_executor.py
[2026-08-13T13:32:53.807+0000] {logging_mixin.py:188} INFO - [2026-08-13T13:32:53.806+0000] {dag.py:3089} INFO - Sync 1 DAGs
[2026-08-13T13:32:53.851+0000] {logging_mixin.py:188} INFO - [2026-08-13T13:32:53.851+0000] {dag.py:3947} INFO - Setting next_dagrun for example_kubernetes_executor to None, run_after=None
[2026-08-13T13:32:53.904+0000] {processor.py:183} INFO - Processing /home/airflow/.local/lib/python3.12/site-packages/airflow/example_dags/example_kubernetes_executor.py took 0.269 seconds
[2026-08-13T13:33:24.447+0000] {processor.py:161} INFO - Started process (PID=1273) to work on /home/airflow/.local/lib/python3.12/site-packages/airflow/example_dags/example_kubernetes_executor.py
[2026-08-13T13:33:24.450+0000] {processor.py:830} INFO - Processing file /home/airflow/.local/lib/python3.12/site-packages/airflow/example_dags/example_kubernetes_executor.py for tasks to queue
[2026-08-13T13:33:24.456+0000] {logging_mixin.py:188} INFO - [2026-08-13T13:33:24.455+0000] {dagbag.py:545} INFO - Filling up the DagBag from /home/airflow/.local/lib/python3.12/site-packages/airflow/example_dags/example_kubernetes_executor.py
[2026-08-13T13:33:24.495+0000] {processor.py:840} INFO - DAG(s) 'example_kubernetes_executor' retrieved from /home/airflow/.local/lib/python3.12/site-packages/airflow/example_dags/example_kubernetes_executor.py
[2026-08-13T13:33:24.588+0000] {logging_mixin.py:188} INFO - [2026-08-13T13:33:24.587+0000] {dag.py:3089} INFO - Sync 1 DAGs
[2026-08-13T13:33:24.625+0000] {logging_mixin.py:188} INFO - [2026-08-13T13:33:24.625+0000] {dag.py:3947} INFO - Setting next_dagrun for example_kubernetes_executor to None, run_after=None
[2026-08-13T13:33:24.680+0000] {processor.py:183} INFO - Processing /home/airflow/.local/lib/python3.12/site-packages/airflow/example_dags/example_kubernetes_executor.py took 0.245 seconds
[2026-08-13T13:34:01.942+0000] {processor.py:161} INFO - Started process (PID=1354) to work on /home/airflow/.local/lib/python3.12/site-packages/airflow/example_dags/example_kubernetes_executor.py
[2026-08-13T13:34:01.945+0000] {processor.py:830} INFO - Processing file /home/airflow/.local/lib/python3.12/site-packages/airflow/example_dags/example_kubernetes_executor.py for tasks to queue
[2026-08-13T13:34:01.953+0000] {logging_mixin.py:188} INFO - [2026-08-13T13:34:01.952+0000] {dagbag.py:545} INFO - Filling up the DagBag from /home/airflow/.local/lib/python3.12/site-packages/airflow/example_dags/example_kubernetes_executor.py
[2026-08-13T13:34:01.988+0000] {processor.py:840} INFO - DAG(s) 'example_kubernetes_executor' retrieved from /home/airflow/.local/lib/python3.12/site-packages/airflow/example_dags/example_kubernetes_executor.py
[2026-08-13T13:34:02.094+0000] {logging_mixin.py:188} INFO - [2026-08-13T13:34:02.093+0000] {dag.py:3089} INFO - Sync 1 DAGs
[2026-08-13T13:34:02.130+0000] {logging_mixin.py:188} INFO - [2026-08-13T13:34:02.129+0000] {dag.py:3947} INFO - Setting next_dagrun for example_kubernetes_executor to None, run_after=None
[2026-08-13T13:34:02.180+0000] {processor.py:183} INFO - Processing /home/airflow/.local/lib/python3.12/site-packages/airflow/example_dags/example_kubernetes_executor.py took 0.257 seconds
[2026-08-13T13:34:32.733+0000] {processor.py:161} INFO - Started process (PID=1427) to work on /home/airflow/.local/lib/python3.12/site-packages/airflow/example_dags/example_kubernetes_executor.py
[2026-08-13T13:34:32.738+0000] {processor.py:830} INFO - Processing file /home/airflow/.local/lib/python3.12/site-packages/airflow/example_dags/example_kubernetes_executor.py for tasks to queue
[2026-08-13T13:34:32.752+0000] {logging_mixin.py:188} INFO - [2026-08-13T13:34:32.746+0000] {dagbag.py:545} INFO - Filling up the DagBag from /home/airflow/.local/lib/python3.12/site-packages/airflow/example_dags/example_kubernetes_executor.py
[2026-08-13T13:34:32.796+0000] {processor.py:840} INFO - DAG(s) 'example_kubernetes_executor' retrieved from /home/airflow/.local/lib/python3.12/site-packages/airflow/example_dags/example_kubernetes_executor.py
[2026-08-13T13:34:32.893+0000] {logging_mixin.py:188} INFO - [2026-08-13T13:34:32.892+0000] {dag.py:3089} INFO - Sync 1 DAGs
[2026-08-13T13:34:32.936+0000] {logging_mixin.py:188} INFO - [2026-08-13T13:34:32.935+0000] {dag.py:3947} INFO - Setting next_dagrun for example_kubernetes_executor to None, run_after=None
[2026-08-13T13:34:33.037+0000] {processor.py:183} INFO - Processing /home/airflow/.local/lib/python3.12/site-packages/airflow/example_dags/example_kubernetes_executor.py took 0.322 seconds
[2026-08-13T13:35:03.803+0000] {processor.py:161} INFO - Started process (PID=1494) to work on /home/airflow/.local/lib/python3.12/site-packages/airflow/example_dags/example_kubernetes_executor.py
[2026-08-13T13:35:03.808+0000] {processor.py:830} INFO - Processing file /home/airflow/.local/lib/python3.12/site-packages/airflow/example_dags/example_kubernetes_executor.py for tasks to queue
[2026-08-13T13:35:03.817+0000] {logging_mixin.py:188} INFO - [2026-08-13T13:35:03.815+0000] {dagbag.py:545} INFO - Filling up the DagBag from /home/airflow/.local/lib/python3.12/site-packages/airflow/example_dags/example_kubernetes_executor.py
[2026-08-13T13:35:03.862+0000] {processor.py:840} INFO - DAG(s) 'example_kubernetes_executor' retrieved from /home/airflow/.local/lib/python3.12/site-packages/airflow/example_dags/example_kubernetes_executor.py
[2026-08-13T13:35:03.933+0000] {logging_mixin.py:188} INFO - [2026-08-13T13:35:03.933+0000] {dag.py:3089} INFO - Sync 1 DAGs
[2026-08-13T13:35:03.962+0000] {logging_mixin.py:188} INFO - [2026-08-13T13:35:03.962+0000] {dag.py:3947} INFO - Setting next_dagrun for example_kubernetes_executor to None, run_after=None
[2026-08-13T13:35:04.003+0000] {processor.py:183} INFO - Processing /home/airflow/.local/lib/python3.12/site-packages/airflow/example_dags/example_kubernetes_executor.py took 0.217 seconds
[2026-08-13T13:35:36.493+0000] {processor.py:161} INFO - Started process (PID=1567) to work on /home/airflow/.local/lib/python3.12/site-packages/airflow/example_dags/example_kubernetes_executor.py
[2026-08-13T13:35:36.496+0000] {processor.py:830} INFO - Processing file /home/airflow/.local/lib/python3.12/site-packages/airflow/example_dags/example_kubernetes_executor.py for tasks to queue
[2026-08-13T13:35:36.503+0000] {logging_mixin.py:188} INFO - [2026-08-13T13:35:36.502+0000] {dagbag.py:545} INFO - Filling up the DagBag from /home/airflow/.local/lib/python3.12/site-packages/airflow/example_dags/example_kubernetes_executor.py
[2026-08-13T13:35:36.539+0000] {processor.py:840} INFO - DAG(s) 'example_kubernetes_executor' retrieved from /home/airflow/.local/lib/python3.12/site-packages/airflow/example_dags/example_kubernetes_executor.py
[2026-08-13T13:35:36.653+0000] {logging_mixin.py:188} INFO - [2026-08-13T13:35:36.652+0000] {dag.py:3089} INFO - Sync 1 DAGs
[2026-08-13T13:35:36.690+0000] {logging_mixin.py:188} INFO - [2026-08-13T13:35:36.690+0000] {dag.py:3947} INFO - Setting next_dagrun for example_kubernetes_executor to None, run_after=None
[2026-08-13T13:35:36.769+0000] {processor.py:183} INFO - Processing /home/airflow/.local/lib/python3.12/site-packages/airflow/example_dags/example_kubernetes_executor.py took 0.297 seconds
[2026-08-13T13:36:09.365+0000] {processor.py:161} INFO - Started process (PID=1640) to work on /home/airflow/.local/lib/python3.12/site-packages/airflow/example_dags/example_kubernetes_executor.py
[2026-08-13T13:36:09.369+0000] {processor.py:830} INFO - Processing file /home/airflow/.local/lib/python3.12/site-packages/airflow/example_dags/example_kubernetes_executor.py for tasks to queue
[2026-08-13T13:36:09.390+0000] {logging_mixin.py:188} INFO - [2026-08-13T13:36:09.387+0000] {dagbag.py:545} INFO - Filling up the DagBag from /home/airflow/.local/lib/python3.12/site-packages/airflow/example_dags/example_kubernetes_executor.py
[2026-08-13T13:36:09.464+0000] {processor.py:840} INFO - DAG(s) 'example_kubernetes_executor' retrieved from /home/airflow/.local/lib/python3.12/site-packages/airflow/example_dags/example_kubernetes_executor.py
[2026-08-13T13:36:09.588+0000] {logging_mixin.py:188} INFO - [2026-08-13T13:36:09.587+0000] {dag.py:3089} INFO - Sync 1 DAGs
[2026-08-13T13:36:09.654+0000] {logging_mixin.py:188} INFO - [2026-08-13T13:36:09.653+0000] {dag.py:3947} INFO - Setting next_dagrun for example_kubernetes_executor to None, run_after=None
[2026-08-13T13:36:09.767+0000] {processor.py:183} INFO - Processing /home/airflow/.local/lib/python3.12/site-packages/airflow/example_dags/example_kubernetes_executor.py took 0.441 seconds
[2026-08-13T13:36:42.345+0000] {processor.py:161} INFO - Started process (PID=1713) to work on /home/airflow/.local/lib/python3.12/site-packages/airflow/example_dags/example_kubernetes_executor.py
[2026-08-13T13:36:42.348+0000] {processor.py:830} INFO - Processing file /home/airflow/.local/lib/python3.12/site-packages/airflow/example_dags/example_kubernetes_executor.py for tasks to queue
[2026-08-13T13:36:42.352+0000] {logging_mixin.py:188} INFO - [2026-08-13T13:36:42.351+0000] {dagbag.py:545} INFO - Filling up the DagBag from /home/airflow/.local/lib/python3.12/site-packages/airflow/example_dags/example_kubernetes_executor.py
[2026-08-13T13:36:42.380+0000] {processor.py:840} INFO - DAG(s) 'example_kubernetes_executor' retrieved from /home/airflow/.local/lib/python3.12/site-packages/airflow/example_dags/example_kubernetes_executor.py
[2026-08-13T13:36:42.490+0000] {logging_mixin.py:188} INFO - [2026-08-13T13:36:42.489+0000] {dag.py:3089} INFO - Sync 1 DAGs
[2026-08-13T13:36:42.567+0000] {logging_mixin.py:188} INFO - [2026-08-13T13:36:42.566+0000] {dag.py:3947} INFO - Setting next_dagrun for example_kubernetes_executor to None, run_after=None
[2026-08-13T13:36:42.659+0000] {processor.py:183} INFO - Processing /home/airflow/.local/lib/python3.12/site-packages/airflow/example_dags/example_kubernetes_executor.py took 0.323 seconds
[2026-08-13T13:37:14.134+0000] {processor.py:161} INFO - Started process (PID=1786) to work on /home/airflow/.local/lib/python3.12/site-packages/airflow/example_dags/example_kubernetes_executor.py
[2026-08-13T13:37:14.138+0000] {processor.py:830} INFO - Processing file /home/airflow/.local/lib/python3.12/site-packages/airflow/example_dags/example_kubernetes_executor.py for tasks to queue
[2026-08-13T13:37:14.148+0000] {logging_mixin.py:188} INFO - [2026-08-13T13:37:14.146+0000] {dagbag.py:545} INFO - Filling up the DagBag from /home/airflow/.local/lib/python3.12/site-packages/airflow/example_dags/example_kubernetes_executor.py
[2026-08-13T13:37:14.197+0000] {processor.py:840} INFO - DAG(s) 'example_kubernetes_executor' retrieved from /home/airflow/.local/lib/python3.12/site-packages/airflow/example_dags/example_kubernetes_executor.py
[2026-08-13T13:37:14.322+0000] {logging_mixin.py:188} INFO - [2026-08-13T13:37:14.321+0000] {dag.py:3089} INFO - Sync 1 DAGs
[2026-08-13T13:37:14.364+0000] {logging_mixin.py:188} INFO - [2026-08-13T13:37:14.363+0000] {dag.py:3947} INFO - Setting next_dagrun for example_kubernetes_executor to None, run_after=None
[2026-08-13T13:37:14.443+0000] {processor.py:183} INFO - Processing /home/airflow/.local/lib/python3.12/site-packages/airflow/example_dags/example_kubernetes_executor.py took 0.336 seconds
[2026-08-13T13:37:46.915+0000] {processor.py:161} INFO - Started process (PID=1860) to work on /home/airflow/.local/lib/python3.12/site-packages/airflow/example_dags/example_kubernetes_executor.py
[2026-08-13T13:37:46.922+0000] {processor.py:830} INFO - Processing file /home/airflow/.local/lib/python3.12/site-packages/airflow/example_dags/example_kubernetes_executor.py for tasks to queue
[2026-08-13T13:37:46.929+0000] {logging_mixin.py:188} INFO - [2026-08-13T13:37:46.928+0000] {dagbag.py:545} INFO - Filling up the DagBag from /home/airflow/.local/lib/python3.12/site-packages/airflow/example_dags/example_kubernetes_executor.py
[2026-08-13T13:37:46.972+0000] {processor.py:840} INFO - DAG(s) 'example_kubernetes_executor' retrieved from /home/airflow/.local/lib/python3.12/site-packages/airflow/example_dags/example_kubernetes_executor.py
[2026-08-13T13:37:47.088+0000] {logging_mixin.py:188} INFO - [2026-08-13T13:37:47.088+0000] {dag.py:3089} INFO - Sync 1 DAGs
[2026-08-13T13:37:47.126+0000] {logging_mixin.py:188} INFO - [2026-08-13T13:37:47.125+0000] {dag.py:3947} INFO - Setting next_dagrun for example_kubernetes_executor to None, run_after=None
[2026-08-13T13:37:47.198+0000] {processor.py:183} INFO - Processing /home/airflow/.local/lib/python3.12/site-packages/airflow/example_dags/example_kubernetes_executor.py took 0.299 seconds
[2026-08-13T13:38:20.512+0000] {processor.py:161} INFO - Started process (PID=1934) to work on /home/airflow/.local/lib/python3.12/site-packages/airflow/example_dags/example_kubernetes_executor.py
[2026-08-13T13:38:20.517+0000] {processor.py:830} INFO - Processing file /home/airflow/.local/lib/python3.12/site-packages/airflow/example_dags/example_kubernetes_executor.py for tasks to queue
[2026-08-13T13:38:20.528+0000] {logging_mixin.py:188} INFO - [2026-08-13T13:38:20.527+0000] {dagbag.py:545} INFO - Filling up the DagBag from /home/airflow/.local/lib/python3.12/site-packages/airflow/example_dags/example_kubernetes_executor.py
[2026-08-13T13:38:20.576+0000] {processor.py:840} INFO - DAG(s) 'example_kubernetes_executor' retrieved from /home/airflow/.local/lib/python3.12/site-packages/airflow/example_dags/example_kubernetes_executor.py
[2026-08-13T13:38:20.705+0000] {logging_mixin.py:188} INFO - [2026-08-13T13:38:20.704+0000] {dag.py:3089} INFO - Sync 1 DAGs
[2026-08-13T13:38:20.747+0000] {logging_mixin.py:188} INFO - [2026-08-13T13:38:20.746+0000] {dag.py:3947} INFO - Setting next_dagrun for example_kubernetes_executor to None, run_after=None
[2026-08-13T13:38:20.805+0000] {processor.py:183} INFO - Processing /home/airflow/.local/lib/python3.12/site-packages/airflow/example_dags/example_kubernetes_executor.py took 0.311 seconds
[2026-08-13T13:38:53.666+0000] {processor.py:161} INFO - Started process (PID=2008) to work on /home/airflow/.local/lib/python3.12/site-packages/airflow/example_dags/example_kubernetes_executor.py
[2026-08-13T13:38:53.668+0000] {processor.py:830} INFO - Processing file /home/airflow/.local/lib/python3.12/site-packages/airflow/example_dags/example_kubernetes_executor.py for tasks to queue
[2026-08-13T13:38:53.673+0000] {logging_mixin.py:188} INFO - [2026-08-13T13:38:53.673+0000] {dagbag.py:545} INFO - Filling up the DagBag from /home/airflow/.local/lib/python3.12/site-packages/airflow/example_dags/example_kubernetes_executor.py
[2026-08-13T13:38:53.703+0000] {processor.py:840} INFO - DAG(s) 'example_kubernetes_executor' retrieved from /home/airflow/.local/lib/python3.12/site-packages/airflow/example_dags/example_kubernetes_executor.py
[2026-08-13T13:38:53.781+0000] {logging_mixin.py:188} INFO - [2026-08-13T13:38:53.781+0000] {dag.py:3089} INFO - Sync 1 DAGs
[2026-08-13T13:38:53.810+0000] {logging_mixin.py:188} INFO - [2026-08-13T13:38:53.810+0000] {dag.py:3947} INFO - Setting next_dagrun for example_kubernetes_executor to None, run_after=None
[2026-08-13T13:38:53.851+0000] {processor.py:183} INFO - Processing /home/airflow/.local/lib/python3.12/site-packages/airflow/example_dags/example_kubernetes_executor.py took 0.197 seconds
[2026-08-13T13:39:27.658+0000] {processor.py:161} INFO - Started process (PID=2082) to work on /home/airflow/.local/lib/python3.12/site-packages/airflow/example_dags/example_kubernetes_executor.py
[2026-08-13T13:39:27.661+0000] {processor.py:830} INFO - Processing file /home/airflow/.local/lib/python3.12/site-packages/airflow/example_dags/example_kubernetes_executor.py for tasks to queue
[2026-08-13T13:39:27.668+0000] {logging_mixin.py:188} INFO - [2026-08-13T13:39:27.667+0000] {dagbag.py:545} INFO - Filling up the DagBag from /home/airflow/.local/lib/python3.12/site-packages/airflow/example_dags/example_kubernetes_executor.py
[2026-08-13T13:39:27.696+0000] {processor.py:840} INFO - DAG(s) 'example_kubernetes_executor' retrieved from /home/airflow/.local/lib/python3.12/site-packages/airflow/example_dags/example_kubernetes_executor.py
[2026-08-13T13:39:27.796+0000] {logging_mixin.py:188} INFO - [2026-08-13T13:39:27.795+0000] {dag.py:3089} INFO - Sync 1 DAGs
[2026-08-13T13:39:27.831+0000] {logging_mixin.py:188} INFO - [2026-08-13T13:39:27.829+0000] {dag.py:3947} INFO - Setting next_dagrun for example_kubernetes_executor to None, run_after=None
[2026-08-13T13:39:27.894+0000] {processor.py:183} INFO - Processing /home/airflow/.local/lib/python3.12/site-packages/airflow/example_dags/example_kubernetes_executor.py took 0.250 seconds
[2026-08-13T13:40:01.209+0000] {processor.py:161} INFO - Started process (PID=2155) to work on /home/airflow/.local/lib/python3.12/site-packages/airflow/example_dags/example_kubernetes_executor.py
[2026-08-13T13:40:01.213+0000] {processor.py:830} INFO - Processing file /home/airflow/.local/lib/python3.12/site-packages/airflow/example_dags/example_kubernetes_executor.py for tasks to queue
[2026-08-13T13:40:01.221+0000] {logging_mixin.py:188} INFO - [2026-08-13T13:40:01.220+0000] {dagbag.py:545} INFO - Filling up the DagBag from /home/airflow/.local/lib/python3.12/site-packages/airflow/example_dags/example_kubernetes_executor.py
[2026-08-13T13:40:01.265+0000] {processor.py:840} INFO - DAG(s) 'example_kubernetes_executor' retrieved from /home/airflow/.local/lib/python3.12/site-packages/airflow/example_dags/example_kubernetes_executor.py
[2026-08-13T13:40:01.392+0000] {logging_mixin.py:188} INFO - [2026-08-13T13:40:01.392+0000] {dag.py:3089} INFO - Sync 1 DAGs
[2026-08-13T13:40:01.889+0000] {logging_mixin.py:188} INFO - [2026-08-13T13:40:01.888+0000] {dag.py:3947} INFO - Setting next_dagrun for example_kubernetes_executor to None, run_after=None
[2026-08-13T13:40:01.988+0000] {processor.py:183} INFO - Processing /home/airflow/.local/lib/python3.12/site-packages/airflow/example_dags/example_kubernetes_executor.py took 0.792 seconds
[2026-08-13T13:40:33.736+0000] {processor.py:161} INFO - Started process (PID=2227) to work on /home/airflow/.local/lib/python3.12/site-packages/airflow/example_dags/example_kubernetes_executor.py
[2026-08-13T13:40:33.740+0000] {processor.py:830} INFO - Processing file /home/airflow/.local/lib/python3.12/site-packages/airflow/example_dags/example_kubernetes_executor.py for tasks to queue
[2026-08-13T13:40:33.748+0000] {logging_mixin.py:188} INFO - [2026-08-13T13:40:33.746+0000] {dagbag.py:545} INFO - Filling up the DagBag from /home/airflow/.local/lib/python3.12/site-packages/airflow/example_dags/example_kubernetes_executor.py
[2026-08-13T13:40:33.808+0000] {processor.py:840} INFO - DAG(s) 'example_kubernetes_executor' retrieved from /home/airflow/.local/lib/python3.12/site-packages/airflow/example_dags/example_kubernetes_executor.py
[2026-08-13T13:40:33.928+0000] {logging_mixin.py:188} INFO - [2026-08-13T13:40:33.927+0000] {dag.py:3089} INFO - Sync 1 DAGs
[2026-08-13T13:40:33.972+0000] {logging_mixin.py:188} INFO - [2026-08-13T13:40:33.971+0000] {dag.py:3947} INFO - Setting next_dagrun for example_kubernetes_executor to None, run_after=None
[2026-08-13T13:40:34.031+0000] {processor.py:183} INFO - Processing /home/airflow/.local/lib/python3.12/site-packages/airflow/example_dags/example_kubernetes_executor.py took 0.308 seconds
[2026-08-13T13:41:08.090+0000] {processor.py:161} INFO - Started process (PID=2301) to work on /home/airflow/.local/lib/python3.12/site-packages/airflow/example_dags/example_kubernetes_executor.py
[2026-08-13T13:41:08.094+0000] {processor.py:830} INFO - Processing file /home/airflow/.local/lib/python3.12/site-packages/airflow/example_dags/example_kubernetes_executor.py for tasks to queue
[2026-08-13T13:41:08.102+0000] {logging_mixin.py:188} INFO - [2026-08-13T13:41:08.101+0000] {dagbag.py:545} INFO - Filling up the DagBag from /home/airflow/.local/lib/python3.12/site-packages/airflow/example_dags/example_kubernetes_executor.py
[2026-08-13T13:41:08.147+0000] {processor.py:840} INFO - DAG(s) 'example_kubernetes_executor' retrieved from /home/airflow/.local/lib/python3.12/site-packages/airflow/example_dags/example_kubernetes_executor.py
[2026-08-13T13:41:08.253+0000] {logging_mixin.py:188} INFO - [2026-08-13T13:41:08.253+0000] {dag.py:3089} INFO - Sync 1 DAGs
[2026-08-13T13:41:08.289+0000] {logging_mixin.py:188} INFO - [2026-08-13T13:41:08.288+0000] {dag.py:3947} INFO - Setting next_dagrun for example_kubernetes_executor to None, run_after=None
[2026-08-13T13:41:08.338+0000] {processor.py:183} INFO - Processing /home/airflow/.local/lib/python3.12/site-packages/airflow/example_dags/example_kubernetes_executor.py took 0.265 seconds
[2026-08-13T13:41:45.342+0000] {processor.py:161} INFO - Started process (PID=2374) to work on /home/airflow/.local/lib/python3.12/site-packages/airflow/example_dags/example_kubernetes_executor.py
[2026-08-13T13:41:45.348+0000] {processor.py:830} INFO - Processing file /home/airflow/.local/lib/python3.12/site-packages/airflow/example_dags/example_kubernetes_executor.py for tasks to queue
[2026-08-13T13:41:45.355+0000] {logging_mixin.py:188} INFO - [2026-08-13T13:41:45.354+0000] {dagbag.py:545} INFO - Filling up the DagBag from /home/airflow/.local/lib/python3.12/site-packages/airflow/example_dags/example_kubernetes_executor.py
[2026-08-13T13:41:45.391+0000] {processor.py:840} INFO - DAG(s) 'example_kubernetes_executor' retrieved from /home/airflow/.local/lib/python3.12/site-packages/airflow/example_dags/example_kubernetes_executor.py
[2026-08-13T13:41:45.490+0000] {logging_mixin.py:188} INFO - [2026-08-13T13:41:45.490+0000] {dag.py:3089} INFO - Sync 1 DAGs
[2026-08-13T13:41:45.525+0000] {logging_mixin.py:188} INFO - [2026-08-13T13:41:45.525+0000] {dag.py:3947} INFO - Setting next_dagrun for example_kubernetes_executor to None, run_after=None
[2026-08-13T13:41:45.592+0000] {processor.py:183} INFO - Processing /home/airflow/.local/lib/python3.12/site-packages/airflow/example_dags/example_kubernetes_executor.py took 0.262 seconds
[2026-08-13T13:42:17.516+0000] {processor.py:161} INFO - Started process (PID=2447) to work on /home/airflow/.local/lib/python3.12/site-packages/airflow/example_dags/example_kubernetes_executor.py
[2026-08-13T13:42:17.518+0000] {processor.py:830} INFO - Processing file /home/airflow/.local/lib/python3.12/site-packages/airflow/example_dags/example_kubernetes_executor.py for tasks to queue
[2026-08-13T13:42:17.523+0000] {logging_mixin.py:188} INFO - [2026-08-13T13:42:17.522+0000] {dagbag.py:545} INFO - Filling up the DagBag from /home/airflow/.local/lib/python3.12/site-packages/airflow/example_dags/example_kubernetes_executor.py
[2026-08-13T13:42:17.556+0000] {processor.py:840} INFO - DAG(s) 'example_kubernetes_executor' retrieved from /home/airflow/.local/lib/python3.12/site-packages/airflow/example_dags/example_kubernetes_executor.py
[2026-08-13T13:42:17.974+0000] {logging_mixin.py:188} INFO - [2026-08-13T13:42:17.974+0000] {dag.py:3089} INFO - Sync 1 DAGs
[2026-08-13T13:42:18.011+0000] {logging_mixin.py:188} INFO - [2026-08-13T13:42:18.010+0000] {dag.py:3947} INFO - Setting next_dagrun for example_kubernetes_executor to None, run_after=None
[2026-08-13T13:42:18.056+0000] {processor.py:183} INFO - Processing /home/airflow/.local/lib/python3.12/site-packages/airflow/example_dags/example_kubernetes_executor.py took 0.553 seconds
[2026-08-13T13:42:48.580+0000] {processor.py:161} INFO - Started process (PID=2520) to work on /home/airflow/.local/lib/python3.12/site-packages/airflow/example_dags/example_kubernetes_executor.py
[2026-08-13T13:42:48.583+0000] {processor.py:830} INFO - Processing file /home/airflow/.local/lib/python3.12/site-packages/airflow/example_dags/example_kubernetes_executor.py for tasks to queue
[2026-08-13T13:42:48.590+0000] {logging_mixin.py:188} INFO - [2026-08-13T13:42:48.589+0000] {dagbag.py:545} INFO - Filling up the DagBag from /home/airflow/.local/lib/python3.12/site-packages/airflow/example_dags/example_kubernetes_executor.py
[2026-08-13T13:42:48.624+0000] {processor.py:840} INFO - DAG(s) 'example_kubernetes_executor' retrieved from /home/airflow/.local/lib/python3.12/site-packages/airflow/example_dags/example_kubernetes_executor.py
[2026-08-13T13:42:48.726+0000] {logging_mixin.py:188} INFO - [2026-08-13T13:42:48.725+0000] {dag.py:3089} INFO - Sync 1 DAGs
[2026-08-13T13:42:48.760+0000] {logging_mixin.py:188} INFO - [2026-08-13T13:42:48.759+0000] {dag.py:3947} INFO - Setting next_dagrun for example_kubernetes_executor to None, run_after=None
[2026-08-13T13:42:48.877+0000] {processor.py:183} INFO - Processing /home/airflow/.local/lib/python3.12/site-packages/airflow/example_dags/example_kubernetes_executor.py took 0.319 seconds
[2026-08-13T13:43:19.301+0000] {processor.py:161} INFO - Started process (PID=2593) to work on /home/airflow/.local/lib/python3.12/site-packages/airflow/example_dags/example_kubernetes_executor.py
[2026-08-13T13:43:19.304+0000] {processor.py:830} INFO - Processing file /home/airflow/.local/lib/python3.12/site-packages/airflow/example_dags/example_kubernetes_executor.py for tasks to queue
[2026-08-13T13:43:19.310+0000] {logging_mixin.py:188} INFO - [2026-08-13T13:43:19.309+0000] {dagbag.py:545} INFO - Filling up the DagBag from /home/airflow/.local/lib/python3.12/site-packages/airflow/example_dags/example_kubernetes_executor.py
[2026-08-13T13:43:19.348+0000] {processor.py:840} INFO - DAG(s) 'example_kubernetes_executor' retrieved from /home/airflow/.local/lib/python3.12/site-packages/airflow/example_dags/example_kubernetes_executor.py
[2026-08-13T13:43:19.426+0000] {logging_mixin.py:188} INFO - [2026-08-13T13:43:19.426+0000] {dag.py:3089} INFO - Sync 1 DAGs
[2026-08-13T13:43:19.462+0000] {logging_mixin.py:188} INFO - [2026-08-13T13:43:19.462+0000] {dag.py:3947} INFO - Setting next_dagrun for example_kubernetes_executor to None, run_after=None
[2026-08-13T13:43:19.504+0000] {processor.py:183} INFO - Processing /home/airflow/.local/lib/python3.12/site-packages/airflow/example_dags/example_kubernetes_executor.py took 0.216 seconds
[2026-08-13T13:43:49.893+0000] {processor.py:161} INFO - Started process (PID=2657) to work on /home/airflow/.local/lib/python3.12/site-packages/airflow/example_dags/example_kubernetes_executor.py
[2026-08-13T13:43:49.916+0000] {processor.py:830} INFO - Processing file /home/airflow/.local/lib/python3.12/site-packages/airflow/example_dags/example_kubernetes_executor.py for tasks to queue
[2026-08-13T13:43:49.924+0000] {logging_mixin.py:188} INFO - [2026-08-13T13:43:49.923+0000] {dagbag.py:545} INFO - Filling up the DagBag from /home/airflow/.local/lib/python3.12/site-packages/airflow/example_dags/example_kubernetes_executor.py
[2026-08-13T13:43:49.985+0000] {processor.py:840} INFO - DAG(s) 'example_kubernetes_executor' retrieved from /home/airflow/.local/lib/python3.12/site-packages/airflow/example_dags/example_kubernetes_executor.py
[2026-08-13T13:43:50.153+0000] {logging_mixin.py:188} INFO - [2026-08-13T13:43:50.152+0000] {dag.py:3089} INFO - Sync 1 DAGs
[2026-08-13T13:43:50.305+0000] {logging_mixin.py:188} INFO - [2026-08-13T13:43:50.303+0000] {dag.py:3947} INFO - Setting next_dagrun for example_kubernetes_executor to None, run_after=None
[2026-08-13T13:43:50.376+0000] {processor.py:183} INFO - Processing /home/airflow/.local/lib/python3.12/site-packages/airflow/example_dags/example_kubernetes_executor.py took 0.501 seconds
[2026-08-13T13:44:20.994+0000] {processor.py:161} INFO - Started process (PID=2737) to work on /home/airflow/.local/lib/python3.12/site-packages/airflow/example_dags/example_kubernetes_executor.py
[2026-08-13T13:44:20.997+0000] {processor.py:830} INFO - Processing file /home/airflow/.local/lib/python3.12/site-packages/airflow/example_dags/example_kubernetes_executor.py for tasks to queue
[2026-08-13T13:44:21.004+0000] {logging_mixin.py:188} INFO - [2026-08-13T13:44:21.002+0000] {dagbag.py:545} INFO - Filling up the DagBag from /home/airflow/.local/lib/python3.12/site-packages/airflow/example_dags/example_kubernetes_executor.py
[2026-08-13T13:44:21.053+0000] {processor.py:840} INFO - DAG(s) 'example_kubernetes_executor' retrieved from /home/airflow/.local/lib/python3.12/site-packages/airflow/example_dags/example_kubernetes_executor.py
[2026-08-13T13:44:21.154+0000] {logging_mixin.py:188} INFO - [2026-08-13T13:44:21.153+0000] {dag.py:3089} INFO - Sync 1 DAGs
[2026-08-13T13:44:21.193+0000] {logging_mixin.py:188} INFO - [2026-08-13T13:44:21.192+0000] {dag.py:3947} INFO - Setting next_dagrun for example_kubernetes_executor to None, run_after=None
[2026-08-13T13:44:21.257+0000] {processor.py:183} INFO - Processing /home/airflow/.local/lib/python3.12/site-packages/airflow/example_dags/example_kubernetes_executor.py took 0.278 seconds
[2026-08-13T13:44:51.832+0000] {processor.py:161} INFO - Started process (PID=2803) to work on /home/airflow/.local/lib/python3.12/site-packages/airflow/example_dags/example_kubernetes_executor.py
[2026-08-13T13:44:51.836+0000] {processor.py:830} INFO - Processing file /home/airflow/.local/lib/python3.12/site-packages/airflow/example_dags/example_kubernetes_executor.py for tasks to queue
[2026-08-13T13:44:51.846+0000] {logging_mixin.py:188} INFO - [2026-08-13T13:44:51.845+0000] {dagbag.py:545} INFO - Filling up the DagBag from /home/airflow/.local/lib/python3.12/site-packages/airflow/example_dags/example_kubernetes_executor.py
[2026-08-13T13:44:51.888+0000] {processor.py:840} INFO - DAG(s) 'example_kubernetes_executor' retrieved from /home/airflow/.local/lib/python3.12/site-packages/airflow/example_dags/example_kubernetes_executor.py
[2026-08-13T13:44:52.009+0000] {logging_mixin.py:188} INFO - [2026-08-13T13:44:52.008+0000] {dag.py:3089} INFO - Sync 1 DAGs
[2026-08-13T13:44:52.074+0000] {logging_mixin.py:188} INFO - [2026-08-13T13:44:52.074+0000] {dag.py:3947} INFO - Setting next_dagrun for example_kubernetes_executor to None, run_after=None
[2026-08-13T13:44:52.135+0000] {processor.py:183} INFO - Processing /home/airflow/.local/lib/python3.12/site-packages/airflow/example_dags/example_kubernetes_executor.py took 0.320 seconds
[2026-08-13T13:45:23.024+0000] {processor.py:161} INFO - Started process (PID=2875) to work on /home/airflow/.local/lib/python3.12/site-packages/airflow/example_dags/example_kubernetes_executor.py
[2026-08-13T13:45:23.028+0000] {processor.py:830} INFO - Processing file /home/airflow/.local/lib/python3.12/site-packages/airflow/example_dags/example_kubernetes_executor.py for tasks to queue
[2026-08-13T13:45:23.036+0000] {logging_mixin.py:188} INFO - [2026-08-13T13:45:23.035+0000] {dagbag.py:545} INFO - Filling up the DagBag from /home/airflow/.local/lib/python3.12/site-packages/airflow/example_dags/example_kubernetes_executor.py
[2026-08-13T13:45:23.087+0000] {processor.py:840} INFO - DAG(s) 'example_kubernetes_executor' retrieved from /home/airflow/.local/lib/python3.12/site-packages/airflow/example_dags/example_kubernetes_executor.py
[2026-08-13T13:45:23.239+0000] {logging_mixin.py:188} INFO - [2026-08-13T13:45:23.239+0000] {dag.py:3089} INFO - Sync 1 DAGs
[2026-08-13T13:45:23.285+0000] {logging_mixin.py:188} INFO - [2026-08-13T13:45:23.284+0000] {dag.py:3947} INFO - Setting next_dagrun for example_kubernetes_executor to None, run_after=None
[2026-08-13T13:45:23.341+0000] {processor.py:183} INFO - Processing /home/airflow/.local/lib/python3.12/site-packages/airflow/example_dags/example_kubernetes_executor.py took 0.346 seconds
[2026-08-13T13:45:54.128+0000] {processor.py:161} INFO - Started process (PID=2948) to work on /home/airflow/.local/lib/python3.12/site-packages/airflow/example_dags/example_kubernetes_executor.py
[2026-08-13T13:45:54.136+0000] {processor.py:830} INFO - Processing file /home/airflow/.local/lib/python3.12/site-packages/airflow/example_dags/example_kubernetes_executor.py for tasks to queue
[2026-08-13T13:45:54.148+0000] {logging_mixin.py:188} INFO - [2026-08-13T13:45:54.147+0000] {dagbag.py:545} INFO - Filling up the DagBag from /home/airflow/.local/lib/python3.12/site-packages/airflow/example_dags/example_kubernetes_executor.py
[2026-08-13T13:45:54.188+0000] {processor.py:840} INFO - DAG(s) 'example_kubernetes_executor' retrieved from /home/airflow/.local/lib/python3.12/site-packages/airflow/example_dags/example_kubernetes_executor.py
[2026-08-13T13:45:54.297+0000] {logging_mixin.py:188} INFO - [2026-08-13T13:45:54.296+0000] {dag.py:3089} INFO - Sync 1 DAGs
[2026-08-13T13:45:54.332+0000] {logging_mixin.py:188} INFO - [2026-08-13T13:45:54.331+0000] {dag.py:3947} INFO - Setting next_dagrun for example_kubernetes_executor to None, run_after=None
[2026-08-13T13:45:54.406+0000] {processor.py:183} INFO - Processing /home/airflow/.local/lib/python3.12/site-packages/airflow/example_dags/example_kubernetes_executor.py took 0.295 seconds
[2026-08-13T13:46:25.032+0000] {processor.py:161} INFO - Started process (PID=3021) to work on /home/airflow/.local/lib/python3.12/site-packages/airflow/example_dags/example_kubernetes_executor.py
[2026-08-13T13:46:25.036+0000] {processor.py:830} INFO - Processing file /home/airflow/.local/lib/python3.12/site-packages/airflow/example_dags/example_kubernetes_executor.py for tasks to queue
[2026-08-13T13:46:25.041+0000] {logging_mixin.py:188} INFO - [2026-08-13T13:46:25.040+0000] {dagbag.py:545} INFO - Filling up the DagBag from /home/airflow/.local/lib/python3.12/site-packages/airflow/example_dags/example_kubernetes_executor.py
[2026-08-13T13:46:25.071+0000] {processor.py:840} INFO - DAG(s) 'example_kubernetes_executor' retrieved from /home/airflow/.local/lib/python3.12/site-packages/airflow/example_dags/example_kubernetes_executor.py
[2026-08-13T13:46:25.165+0000] {logging_mixin.py:188} INFO - [2026-08-13T13:46:25.165+0000] {dag.py:3089} INFO - Sync 1 DAGs
[2026-08-13T13:46:25.190+0000] {logging_mixin.py:188} INFO - [2026-08-13T13:46:25.189+0000] {dag.py:3947} INFO - Setting next_dagrun for example_kubernetes_executor to None, run_after=None
[2026-08-13T13:46:25.264+0000] {processor.py:183} INFO - Processing /home/airflow/.local/lib/python3.12/site-packages/airflow/example_dags/example_kubernetes_executor.py took 0.244 seconds
[2026-08-13T13:46:56.100+0000] {processor.py:161} INFO - Started process (PID=3094) to work on /home/airflow/.local/lib/python3.12/site-packages/airflow/example_dags/example_kubernetes_executor.py
[2026-08-13T13:46:56.105+0000] {processor.py:830} INFO - Processing file /home/airflow/.local/lib/python3.12/site-packages/airflow/example_dags/example_kubernetes_executor.py for tasks to queue
[2026-08-13T13:46:56.111+0000] {logging_mixin.py:188} INFO - [2026-08-13T13:46:56.110+0000] {dagbag.py:545} INFO - Filling up the DagBag from /home/airflow/.local/lib/python3.12/site-packages/airflow/example_dags/example_kubernetes_executor.py
[2026-08-13T13:46:56.142+0000] {processor.py:840} INFO - DAG(s) 'example_kubernetes_executor' retrieved from /home/airflow/.local/lib/python3.12/site-packages/airflow/example_dags/example_kubernetes_executor.py
[2026-08-13T13:46:56.237+0000] {logging_mixin.py:188} INFO - [2026-08-13T13:46:56.236+0000] {dag.py:3089} INFO - Sync 1 DAGs
[2026-08-13T13:46:56.268+0000] {logging_mixin.py:188} INFO - [2026-08-13T13:46:56.268+0000] {dag.py:3947} INFO - Setting next_dagrun for example_kubernetes_executor to None, run_after=None
[2026-08-13T13:46:56.316+0000] {processor.py:183} INFO - Processing /home/airflow/.local/lib/python3.12/site-packages/airflow/example_dags/example_kubernetes_executor.py took 0.231 seconds
[2026-08-13T13:47:27.440+0000] {processor.py:161} INFO - Started process (PID=3166) to work on /home/airflow/.local/lib/python3.12/site-packages/airflow/example_dags/example_kubernetes_executor.py
[2026-08-13T13:47:27.444+0000] {processor.py:830} INFO - Processing file /home/airflow/.local/lib/python3.12/site-packages/airflow/example_dags/example_kubernetes_executor.py for tasks to queue
[2026-08-13T13:47:27.452+0000] {logging_mixin.py:188} INFO - [2026-08-13T13:47:27.451+0000] {dagbag.py:545} INFO - Filling up the DagBag from /home/airflow/.local/lib/python3.12/site-packages/airflow/example_dags/example_kubernetes_executor.py
[2026-08-13T13:47:27.510+0000] {processor.py:840} INFO - DAG(s) 'example_kubernetes_executor' retrieved from /home/airflow/.local/lib/python3.12/site-packages/airflow/example_dags/example_kubernetes_executor.py
[2026-08-13T13:47:27.673+0000] {logging_mixin.py:188} INFO - [2026-08-13T13:47:27.671+0000] {dag.py:3089} INFO - Sync 1 DAGs
[2026-08-13T13:47:27.746+0000] {logging_mixin.py:188} INFO - [2026-08-13T13:47:27.745+0000] {dag.py:3947} INFO - Setting next_dagrun for example_kubernetes_executor to None, run_after=None
[2026-08-13T13:47:27.824+0000] {processor.py:183} INFO - Processing /home/airflow/.local/lib/python3.12/site-packages/airflow/example_dags/example_kubernetes_executor.py took 0.413 seconds
[2026-08-13T13:47:59.149+0000] {processor.py:161} INFO - Started process (PID=3239) to work on /home/airflow/.local/lib/python3.12/site-packages/airflow/example_dags/example_kubernetes_executor.py
[2026-08-13T13:47:59.153+0000] {processor.py:830} INFO - Processing file /home/airflow/.local/lib/python3.12/site-packages/airflow/example_dags/example_kubernetes_executor.py for tasks to queue
[2026-08-13T13:47:59.161+0000] {logging_mixin.py:188} INFO - [2026-08-13T13:47:59.159+0000] {dagbag.py:545} INFO - Filling up the DagBag from /home/airflow/.local/lib/python3.12/site-packages/airflow/example_dags/example_kubernetes_executor.py
[2026-08-13T13:47:59.217+0000] {processor.py:840} INFO - DAG(s) 'example_kubernetes_executor' retrieved from /home/airflow/.local/lib/python3.12/site-packages/airflow/example_dags/example_kubernetes_executor.py
[2026-08-13T13:47:59.359+0000] {logging_mixin.py:188} INFO - [2026-08-13T13:47:59.358+0000] {dag.py:3089} INFO - Sync 1 DAGs
[2026-08-13T13:47:59.406+0000] {logging_mixin.py:188} INFO - [2026-08-13T13:47:59.405+0000] {dag.py:3947} INFO - Setting next_dagrun for example_kubernetes_executor to None, run_after=None
[2026-08-13T13:47:59.485+0000] {processor.py:183} INFO - Processing /home/airflow/.local/lib/python3.12/site-packages/airflow/example_dags/example_kubernetes_executor.py took 0.356 seconds
[2026-08-13T13:48:30.597+0000] {processor.py:161} INFO - Started process (PID=3312) to work on /home/airflow/.local/lib/python3.12/site-packages/airflow/example_dags/example_kubernetes_executor.py
[2026-08-13T13:48:30.603+0000] {processor.py:830} INFO - Processing file /home/airflow/.local/lib/python3.12/site-packages/airflow/example_dags/example_kubernetes_executor.py for tasks to queue
[2026-08-13T13:48:30.615+0000] {logging_mixin.py:188} INFO - [2026-08-13T13:48:30.614+0000] {dagbag.py:545} INFO - Filling up the DagBag from /home/airflow/.local/lib/python3.12/site-packages/airflow/example_dags/example_kubernetes_executor.py
[2026-08-13T13:48:30.713+0000] {processor.py:840} INFO - DAG(s) 'example_kubernetes_executor' retrieved from /home/airflow/.local/lib/python3.12/site-packages/airflow/example_dags/example_kubernetes_executor.py
[2026-08-13T13:48:30.892+0000] {logging_mixin.py:188} INFO - [2026-08-13T13:48:30.891+0000] {dag.py:3089} INFO - Sync 1 DAGs
[2026-08-13T13:48:30.958+0000] {logging_mixin.py:188} INFO - [2026-08-13T13:48:30.957+0000] {dag.py:3947} INFO - Setting next_dagrun for example_kubernetes_executor to None, run_after=None
[2026-08-13T13:48:31.022+0000] {processor.py:183} INFO - Processing /home/airflow/.local/lib/python3.12/site-packages/airflow/example_dags/example_kubernetes_executor.py took 0.447 seconds
[2026-08-13T13:49:01.962+0000] {processor.py:161} INFO - Started process (PID=3377) to work on /home/airflow/.local/lib/python3.12/site-packages/airflow/example_dags/example_kubernetes_executor.py
[2026-08-13T13:49:01.965+0000] {processor.py:830} INFO - Processing file /home/airflow/.local/lib/python3.12/site-packages/airflow/example_dags/example_kubernetes_executor.py for tasks to queue
[2026-08-13T13:49:01.971+0000] {logging_mixin.py:188} INFO - [2026-08-13T13:49:01.971+0000] {dagbag.py:545} INFO - Filling up the DagBag from /home/airflow/.local/lib/python3.12/site-packages/airflow/example_dags/example_kubernetes_executor.py
[2026-08-13T13:49:01.994+0000] {processor.py:840} INFO - DAG(s) 'example_kubernetes_executor' retrieved from /home/airflow/.local/lib/python3.12/site-packages/airflow/example_dags/example_kubernetes_executor.py
[2026-08-13T13:49:02.151+0000] {logging_mixin.py:188} INFO - [2026-08-13T13:49:02.151+0000] {dag.py:3089} INFO - Sync 1 DAGs
[2026-08-13T13:49:02.203+0000] {logging_mixin.py:188} INFO - [2026-08-13T13:49:02.202+0000] {dag.py:3947} INFO - Setting next_dagrun for example_kubernetes_executor to None, run_after=None
[2026-08-13T13:49:02.256+0000] {processor.py:183} INFO - Processing /home/airflow/.local/lib/python3.12/site-packages/airflow/example_dags/example_kubernetes_executor.py took 0.304 seconds
[2026-08-13T13:49:39.154+0000] {processor.py:161} INFO - Started process (PID=3453) to work on /home/airflow/.local/lib/python3.12/site-packages/airflow/example_dags/example_kubernetes_executor.py
[2026-08-13T13:49:39.160+0000] {processor.py:830} INFO - Processing file /home/airflow/.local/lib/python3.12/site-packages/airflow/example_dags/example_kubernetes_executor.py for tasks to queue
[2026-08-13T13:49:39.167+0000] {logging_mixin.py:188} INFO - [2026-08-13T13:49:39.166+0000] {dagbag.py:545} INFO - Filling up the DagBag from /home/airflow/.local/lib/python3.12/site-packages/airflow/example_dags/example_kubernetes_executor.py
[2026-08-13T13:49:39.224+0000] {processor.py:840} INFO - DAG(s) 'example_kubernetes_executor' retrieved from /home/airflow/.local/lib/python3.12/site-packages/airflow/example_dags/example_kubernetes_executor.py
[2026-08-13T13:49:39.357+0000] {logging_mixin.py:188} INFO - [2026-08-13T13:49:39.356+0000] {dag.py:3089} INFO - Sync 1 DAGs
[2026-08-13T13:49:39.399+0000] {logging_mixin.py:188} INFO - [2026-08-13T13:49:39.399+0000] {dag.py:3947} INFO - Setting next_dagrun for example_kubernetes_executor to None, run_after=None
[2026-08-13T13:49:39.469+0000] {processor.py:183} INFO - Processing /home/airflow/.local/lib/python3.12/site-packages/airflow/example_dags/example_kubernetes_executor.py took 0.340 seconds
[2026-08-13T13:50:13.754+0000] {processor.py:161} INFO - Started process (PID=3527) to work on /home/airflow/.local/lib/python3.12/site-packages/airflow/example_dags/example_kubernetes_executor.py
[2026-08-13T13:50:13.760+0000] {processor.py:830} INFO - Processing file /home/airflow/.local/lib/python3.12/site-packages/airflow/example_dags/example_kubernetes_executor.py for tasks to queue
[2026-08-13T13:50:13.774+0000] {logging_mixin.py:188} INFO - [2026-08-13T13:50:13.773+0000] {dagbag.py:545} INFO - Filling up the DagBag from /home/airflow/.local/lib/python3.12/site-packages/airflow/example_dags/example_kubernetes_executor.py
[2026-08-13T13:50:13.885+0000] {processor.py:840} INFO - DAG(s) 'example_kubernetes_executor' retrieved from /home/airflow/.local/lib/python3.12/site-packages/airflow/example_dags/example_kubernetes_executor.py
[2026-08-13T13:50:14.311+0000] {logging_mixin.py:188} INFO - [2026-08-13T13:50:14.310+0000] {dag.py:3089} INFO - Sync 1 DAGs
[2026-08-13T13:50:15.099+0000] {logging_mixin.py:188} INFO - [2026-08-13T13:50:15.075+0000] {dag.py:3947} INFO - Setting next_dagrun for example_kubernetes_executor to None, run_after=None
[2026-08-13T13:50:15.256+0000] {processor.py:183} INFO - Processing /home/airflow/.local/lib/python3.12/site-packages/airflow/example_dags/example_kubernetes_executor.py took 1.571 seconds
