[2026-08-13T13:24:30.834+0000] {processor.py:161} INFO - Started process (PID=123) to work on /home/airflow/.local/lib/python3.12/site-packages/airflow/example_dags/example_task_group_decorator.py
[2026-08-13T13:24:30.837+0000] {processor.py:830} INFO - Processing file /home/airflow/.local/lib/python3.12/site-packages/airflow/example_dags/example_task_group_decorator.py for tasks to queue
[2026-08-13T13:24:30.843+0000] {logging_mixin.py:188} INFO - [2026-08-13T13:24:30.842+0000] {dagbag.py:545} INFO - Filling up the DagBag from /home/airflow/.local/lib/python3.12/site-packages/airflow/example_dags/example_task_group_decorator.py
[2026-08-13T13:24:30.886+0000] {processor.py:840} INFO - DAG(s) 'example_task_group_decorator' retrieved from /home/airflow/.local/lib/python3.12/site-packages/airflow/example_dags/example_task_group_decorator.py
[2026-08-13T13:24:31.265+0000] {logging_mixin.py:188} INFO - [2026-08-13T13:24:31.264+0000] {dag.py:3089} INFO - Sync 1 DAGs
[2026-08-13T13:24:31.334+0000] {logging_mixin.py:188} INFO - [2026-08-13T13:24:31.333+0000] {dag.py:3947} INFO - Setting next_dagrun for example_task_group_decorator to 2026-08-12 00:00:00+00:00, run_after=2026-08-13 00:00:00+00:00
[2026-08-13T13:24:31.417+0000] {processor.py:183} INFO - Processing /home/airflow/.local/lib/python3.12/site-packages/airflow/example_dags/example_task_group_decorator.py took 0.593 seconds
[2026-08-13T13:25:02.308+0000] {processor.py:161} INFO - Started process (PID=195) to work on /home/airflow/.local/lib/python3.12/site-packages/airflow/example_dags/example_task_group_decorator.py
[2026-08-13T13:25:02.318+0000] {processor.py:830} INFO - Processing file /home/airflow/.local/lib/python3.12/site-packages/airflow/example_dags/example_task_group_decorator.py for tasks to queue
[2026-08-13T13:25:02.352+0000] {logging_mixin.py:188} INFO - [2026-08-13T13:25:02.350+0000] {dagbag.py:545} INFO - Filling up the DagBag from /home/airflow/.local/lib/python3.12/site-packages/airflow/example_dags/example_task_group_decorator.py
[2026-08-13T13:25:02.578+0000] {processor.py:840} INFO - DAG(s) 'example_task_group_decorator' retrieved from /home/airflow/.local/lib/python3.12/site-packages/airflow/example_dags/example_task_group_decorator.py
[2026-08-13T13:25:02.799+0000] {logging_mixin.py:188} INFO - [2026-08-13T13:25:02.798+0000] {dag.py:3089} INFO - Sync 1 DAGs
[2026-08-13T13:25:02.908+0000] {logging_mixin.py:188} INFO - [2026-08-13T13:25:02.907+0000] {dag.py:3947} INFO - Setting next_dagrun for example_task_group_decorator to 2026-08-12 00:00:00+00:00, run_after=2026-08-13 00:00:00+00:00
[2026-08-13T13:25:03.021+0000] {processor.py:183} INFO - Processing /home/airflow/.local/lib/python3.12/site-packages/airflow/example_dags/example_task_group_decorator.py took 0.806 seconds
[2026-08-13T13:25:55.134+0000] {processor.py:161} INFO - Started process (PID=268) to work on /home/airflow/.local/lib/python3.12/site-packages/airflow/example_dags/example_task_group_decorator.py
[2026-08-13T13:25:55.138+0000] {processor.py:830} INFO - Processing file /home/airflow/.local/lib/python3.12/site-packages/airflow/example_dags/example_task_group_decorator.py for tasks to queue
[2026-08-13T13:25:55.145+0000] {logging_mixin.py:188} INFO - [2026-08-13T13:25:55.144+0000] {dagbag.py:545} INFO - Filling up the DagBag from /home/airflow/.local/lib/python3.12/site-packages/airflow/example_dags/example_task_group_decorator.py
[2026-08-13T13:25:55.181+0000] {processor.py:840} INFO - DAG(s) 'example_task_group_decorator' retrieved from /home/airflow/.local/lib/python3.12/site-packages/airflow/example_dags/example_task_group_decorator.py
[2026-08-13T13:25:55.232+0000] {logging_mixin.py:188} INFO - [2026-08-13T13:25:55.231+0000] {dag.py:3089} INFO - Sync 1 DAGs
[2026-08-13T13:25:55.284+0000] {logging_mixin.py:188} INFO - [2026-08-13T13:25:55.284+0000] {dag.py:3947} INFO - Setting next_dagrun for example_task_group_decorator to 2026-08-12 00:00:00+00:00, run_after=2026-08-13 00:00:00+00:00
[2026-08-13T13:25:55.341+0000] {processor.py:183} INFO - Processing /home/airflow/.local/lib/python3.12/site-packages/airflow/example_dags/example_task_group_decorator.py took 0.222 seconds
[2026-08-13T13:26:28.052+0000] {processor.py:161} INFO - Started process (PID=341) to work on /home/airflow/.local/lib/python3.12/site-packages/airflow/example_dags/example_task_group_decorator.py
[2026-08-13T13:26:28.057+0000] {processor.py:830} INFO - Processing file /home/airflow/.local/lib/python3.12/site-packages/airflow/example_dags/example_task_group_decorator.py for tasks to queue
[2026-08-13T13:26:28.077+0000] {logging_mixin.py:188} INFO - [2026-08-13T13:26:28.064+0000] {dagbag.py:545} INFO - Filling up the DagBag from /home/airflow/.local/lib/python3.12/site-packages/airflow/example_dags/example_task_group_decorator.py
[2026-08-13T13:26:28.133+0000] {processor.py:840} INFO - DAG(s) 'example_task_group_decorator' retrieved from /home/airflow/.local/lib/python3.12/site-packages/airflow/example_dags/example_task_group_decorator.py
[2026-08-13T13:26:28.265+0000] {logging_mixin.py:188} INFO - [2026-08-13T13:26:28.265+0000] {dag.py:3089} INFO - Sync 1 DAGs
[2026-08-13T13:26:28.350+0000] {logging_mixin.py:188} INFO - [2026-08-13T13:26:28.350+0000] {dag.py:3947} INFO - Setting next_dagrun for example_task_group_decorator to 2026-08-12 00:00:00+00:00, run_after=2026-08-13 00:00:00+00:00
[2026-08-13T13:26:28.418+0000] {processor.py:183} INFO - Processing /home/airflow/.local/lib/python3.12/site-packages/airflow/example_dags/example_task_group_decorator.py took 0.389 seconds
[2026-08-13T13:26:58.874+0000] {processor.py:161} INFO - Started process (PID=408) to work on /home/airflow/.local/lib/python3.12/site-packages/airflow/example_dags/example_task_group_decorator.py
[2026-08-13T13:26:58.877+0000] {processor.py:830} INFO - Processing file /home/airflow/.local/lib/python3.12/site-packages/airflow/example_dags/example_task_group_decorator.py for tasks to queue
[2026-08-13T13:26:58.888+0000] {logging_mixin.py:188} INFO - [2026-08-13T13:26:58.885+0000] {dagbag.py:545} INFO - Filling up the DagBag from /home/airflow/.local/lib/python3.12/site-packages/airflow/example_dags/example_task_group_decorator.py
[2026-08-13T13:26:58.952+0000] {processor.py:840} INFO - DAG(s) 'example_task_group_decorator' retrieved from /home/airflow/.local/lib/python3.12/site-packages/airflow/example_dags/example_task_group_decorator.py
[2026-08-13T13:26:59.141+0000] {logging_mixin.py:188} INFO - [2026-08-13T13:26:59.140+0000] {dag.py:3089} INFO - Sync 1 DAGs
[2026-08-13T13:26:59.217+0000] {logging_mixin.py:188} INFO - [2026-08-13T13:26:59.217+0000] {dag.py:3947} INFO - Setting next_dagrun for example_task_group_decorator to 2026-08-12 00:00:00+00:00, run_after=2026-08-13 00:00:00+00:00
[2026-08-13T13:26:59.332+0000] {processor.py:183} INFO - Processing /home/airflow/.local/lib/python3.12/site-packages/airflow/example_dags/example_task_group_decorator.py took 0.477 seconds
[2026-08-13T13:27:29.654+0000] {processor.py:161} INFO - Started process (PID=479) to work on /home/airflow/.local/lib/python3.12/site-packages/airflow/example_dags/example_task_group_decorator.py
[2026-08-13T13:27:29.659+0000] {processor.py:830} INFO - Processing file /home/airflow/.local/lib/python3.12/site-packages/airflow/example_dags/example_task_group_decorator.py for tasks to queue
[2026-08-13T13:27:29.670+0000] {logging_mixin.py:188} INFO - [2026-08-13T13:27:29.667+0000] {dagbag.py:545} INFO - Filling up the DagBag from /home/airflow/.local/lib/python3.12/site-packages/airflow/example_dags/example_task_group_decorator.py
[2026-08-13T13:27:29.799+0000] {processor.py:840} INFO - DAG(s) 'example_task_group_decorator' retrieved from /home/airflow/.local/lib/python3.12/site-packages/airflow/example_dags/example_task_group_decorator.py
[2026-08-13T13:27:29.959+0000] {logging_mixin.py:188} INFO - [2026-08-13T13:27:29.958+0000] {dag.py:3089} INFO - Sync 1 DAGs
[2026-08-13T13:27:30.023+0000] {logging_mixin.py:188} INFO - [2026-08-13T13:27:30.022+0000] {dag.py:3947} INFO - Setting next_dagrun for example_task_group_decorator to 2026-08-12 00:00:00+00:00, run_after=2026-08-13 00:00:00+00:00
[2026-08-13T13:27:30.075+0000] {processor.py:183} INFO - Processing /home/airflow/.local/lib/python3.12/site-packages/airflow/example_dags/example_task_group_decorator.py took 0.441 seconds
[2026-08-13T13:28:00.806+0000] {processor.py:161} INFO - Started process (PID=552) to work on /home/airflow/.local/lib/python3.12/site-packages/airflow/example_dags/example_task_group_decorator.py
[2026-08-13T13:28:00.809+0000] {processor.py:830} INFO - Processing file /home/airflow/.local/lib/python3.12/site-packages/airflow/example_dags/example_task_group_decorator.py for tasks to queue
[2026-08-13T13:28:00.816+0000] {logging_mixin.py:188} INFO - [2026-08-13T13:28:00.815+0000] {dagbag.py:545} INFO - Filling up the DagBag from /home/airflow/.local/lib/python3.12/site-packages/airflow/example_dags/example_task_group_decorator.py
[2026-08-13T13:28:00.849+0000] {processor.py:840} INFO - DAG(s) 'example_task_group_decorator' retrieved from /home/airflow/.local/lib/python3.12/site-packages/airflow/example_dags/example_task_group_decorator.py
[2026-08-13T13:28:00.917+0000] {logging_mixin.py:188} INFO - [2026-08-13T13:28:00.917+0000] {dag.py:3089} INFO - Sync 1 DAGs
[2026-08-13T13:28:00.999+0000] {logging_mixin.py:188} INFO - [2026-08-13T13:28:00.998+0000] {dag.py:3947} INFO - Setting next_dagrun for example_task_group_decorator to 2026-08-12 00:00:00+00:00, run_after=2026-08-13 00:00:00+00:00
[2026-08-13T13:28:01.084+0000] {processor.py:183} INFO - Processing /home/airflow/.local/lib/python3.12/site-packages/airflow/example_dags/example_task_group_decorator.py took 0.293 seconds
[2026-08-13T13:28:31.950+0000] {processor.py:161} INFO - Started process (PID=624) to work on /home/airflow/.local/lib/python3.12/site-packages/airflow/example_dags/example_task_group_decorator.py
[2026-08-13T13:28:31.954+0000] {processor.py:830} INFO - Processing file /home/airflow/.local/lib/python3.12/site-packages/airflow/example_dags/example_task_group_decorator.py for tasks to queue
[2026-08-13T13:28:31.960+0000] {logging_mixin.py:188} INFO - [2026-08-13T13:28:31.959+0000] {dagbag.py:545} INFO - Filling up the DagBag from /home/airflow/.local/lib/python3.12/site-packages/airflow/example_dags/example_task_group_decorator.py
[2026-08-13T13:28:32.001+0000] {processor.py:840} INFO - DAG(s) 'example_task_group_decorator' retrieved from /home/airflow/.local/lib/python3.12/site-packages/airflow/example_dags/example_task_group_decorator.py
[2026-08-13T13:28:32.068+0000] {logging_mixin.py:188} INFO - [2026-08-13T13:28:32.067+0000] {dag.py:3089} INFO - Sync 1 DAGs
[2026-08-13T13:28:32.126+0000] {logging_mixin.py:188} INFO - [2026-08-13T13:28:32.126+0000] {dag.py:3947} INFO - Setting next_dagrun for example_task_group_decorator to 2026-08-12 00:00:00+00:00, run_after=2026-08-13 00:00:00+00:00
[2026-08-13T13:28:32.178+0000] {processor.py:183} INFO - Processing /home/airflow/.local/lib/python3.12/site-packages/airflow/example_dags/example_task_group_decorator.py took 0.244 seconds
[2026-08-13T13:29:02.934+0000] {processor.py:161} INFO - Started process (PID=690) to work on /home/airflow/.local/lib/python3.12/site-packages/airflow/example_dags/example_task_group_decorator.py
[2026-08-13T13:29:02.938+0000] {processor.py:830} INFO - Processing file /home/airflow/.local/lib/python3.12/site-packages/airflow/example_dags/example_task_group_decorator.py for tasks to queue
[2026-08-13T13:29:02.944+0000] {logging_mixin.py:188} INFO - [2026-08-13T13:29:02.943+0000] {dagbag.py:545} INFO - Filling up the DagBag from /home/airflow/.local/lib/python3.12/site-packages/airflow/example_dags/example_task_group_decorator.py
[2026-08-13T13:29:02.999+0000] {processor.py:840} INFO - DAG(s) 'example_task_group_decorator' retrieved from /home/airflow/.local/lib/python3.12/site-packages/airflow/example_dags/example_task_group_decorator.py
[2026-08-13T13:29:03.079+0000] {logging_mixin.py:188} INFO - [2026-08-13T13:29:03.078+0000] {dag.py:3089} INFO - Sync 1 DAGs
[2026-08-13T13:29:03.146+0000] {logging_mixin.py:188} INFO - [2026-08-13T13:29:03.146+0000] {dag.py:3947} INFO - Setting next_dagrun for example_task_group_decorator to 2026-08-12 00:00:00+00:00, run_after=2026-08-13 00:00:00+00:00
[2026-08-13T13:29:03.208+0000] {processor.py:183} INFO - Processing /home/airflow/.local/lib/python3.12/site-packages/airflow/example_dags/example_task_group_decorator.py took 0.293 seconds
[2026-08-13T13:29:35.930+0000] {processor.py:161} INFO - Started process (PID=764) to work on /home/airflow/.local/lib/python3.12/site-packages/airflow/example_dags/example_task_group_decorator.py
[2026-08-13T13:29:35.933+0000] {processor.py:830} INFO - Processing file /home/airflow/.local/lib/python3.12/site-packages/airflow/example_dags/example_task_group_decorator.py for tasks to queue
[2026-08-13T13:29:35.941+0000] {logging_mixin.py:188} INFO - [2026-08-13T13:29:35.940+0000] {dagbag.py:545} INFO - Filling up the DagBag from /home/airflow/.local/lib/python3.12/site-packages/airflow/example_dags/example_task_group_decorator.py
[2026-08-13T13:29:35.992+0000] {processor.py:840} INFO - DAG(s) 'example_task_group_decorator' retrieved from /home/airflow/.local/lib/python3.12/site-packages/airflow/example_dags/example_task_group_decorator.py
[2026-08-13T13:29:36.072+0000] {logging_mixin.py:188} INFO - [2026-08-13T13:29:36.072+0000] {dag.py:3089} INFO - Sync 1 DAGs
[2026-08-13T13:29:36.148+0000] {logging_mixin.py:188} INFO - [2026-08-13T13:29:36.147+0000] {dag.py:3947} INFO - Setting next_dagrun for example_task_group_decorator to 2026-08-12 00:00:00+00:00, run_after=2026-08-13 00:00:00+00:00
[2026-08-13T13:29:36.201+0000] {processor.py:183} INFO - Processing /home/airflow/.local/lib/python3.12/site-packages/airflow/example_dags/example_task_group_decorator.py took 0.287 seconds
[2026-08-13T13:30:11.220+0000] {processor.py:161} INFO - Started process (PID=838) to work on /home/airflow/.local/lib/python3.12/site-packages/airflow/example_dags/example_task_group_decorator.py
[2026-08-13T13:30:11.224+0000] {processor.py:830} INFO - Processing file /home/airflow/.local/lib/python3.12/site-packages/airflow/example_dags/example_task_group_decorator.py for tasks to queue
[2026-08-13T13:30:11.237+0000] {logging_mixin.py:188} INFO - [2026-08-13T13:30:11.236+0000] {dagbag.py:545} INFO - Filling up the DagBag from /home/airflow/.local/lib/python3.12/site-packages/airflow/example_dags/example_task_group_decorator.py
[2026-08-13T13:30:11.273+0000] {processor.py:840} INFO - DAG(s) 'example_task_group_decorator' retrieved from /home/airflow/.local/lib/python3.12/site-packages/airflow/example_dags/example_task_group_decorator.py
[2026-08-13T13:30:11.345+0000] {logging_mixin.py:188} INFO - [2026-08-13T13:30:11.345+0000] {dag.py:3089} INFO - Sync 1 DAGs
[2026-08-13T13:30:11.399+0000] {logging_mixin.py:188} INFO - [2026-08-13T13:30:11.398+0000] {dag.py:3947} INFO - Setting next_dagrun for example_task_group_decorator to 2026-08-12 00:00:00+00:00, run_after=2026-08-13 00:00:00+00:00
[2026-08-13T13:30:11.449+0000] {processor.py:183} INFO - Processing /home/airflow/.local/lib/python3.12/site-packages/airflow/example_dags/example_task_group_decorator.py took 0.264 seconds
[2026-08-13T13:30:43.290+0000] {processor.py:161} INFO - Started process (PID=911) to work on /home/airflow/.local/lib/python3.12/site-packages/airflow/example_dags/example_task_group_decorator.py
[2026-08-13T13:30:43.295+0000] {processor.py:830} INFO - Processing file /home/airflow/.local/lib/python3.12/site-packages/airflow/example_dags/example_task_group_decorator.py for tasks to queue
[2026-08-13T13:30:43.302+0000] {logging_mixin.py:188} INFO - [2026-08-13T13:30:43.301+0000] {dagbag.py:545} INFO - Filling up the DagBag from /home/airflow/.local/lib/python3.12/site-packages/airflow/example_dags/example_task_group_decorator.py
[2026-08-13T13:30:43.338+0000] {processor.py:840} INFO - DAG(s) 'example_task_group_decorator' retrieved from /home/airflow/.local/lib/python3.12/site-packages/airflow/example_dags/example_task_group_decorator.py
[2026-08-13T13:30:43.400+0000] {logging_mixin.py:188} INFO - [2026-08-13T13:30:43.399+0000] {dag.py:3089} INFO - Sync 1 DAGs
[2026-08-13T13:30:43.458+0000] {logging_mixin.py:188} INFO - [2026-08-13T13:30:43.458+0000] {dag.py:3947} INFO - Setting next_dagrun for example_task_group_decorator to 2026-08-12 00:00:00+00:00, run_after=2026-08-13 00:00:00+00:00
[2026-08-13T13:30:43.506+0000] {processor.py:183} INFO - Processing /home/airflow/.local/lib/python3.12/site-packages/airflow/example_dags/example_task_group_decorator.py took 0.225 seconds
[2026-08-13T13:31:14.845+0000] {processor.py:161} INFO - Started process (PID=984) to work on /home/airflow/.local/lib/python3.12/site-packages/airflow/example_dags/example_task_group_decorator.py
[2026-08-13T13:31:14.848+0000] {processor.py:830} INFO - Processing file /home/airflow/.local/lib/python3.12/site-packages/airflow/example_dags/example_task_group_decorator.py for tasks to queue
[2026-08-13T13:31:14.854+0000] {logging_mixin.py:188} INFO - [2026-08-13T13:31:14.853+0000] {dagbag.py:545} INFO - Filling up the DagBag from /home/airflow/.local/lib/python3.12/site-packages/airflow/example_dags/example_task_group_decorator.py
[2026-08-13T13:31:14.889+0000] {processor.py:840} INFO - DAG(s) 'example_task_group_decorator' retrieved from /home/airflow/.local/lib/python3.12/site-packages/airflow/example_dags/example_task_group_decorator.py
[2026-08-13T13:31:15.043+0000] {logging_mixin.py:188} INFO - [2026-08-13T13:31:15.043+0000] {dag.py:3089} INFO - Sync 1 DAGs
[2026-08-13T13:31:15.125+0000] {logging_mixin.py:188} INFO - [2026-08-13T13:31:15.125+0000] {dag.py:3947} INFO - Setting next_dagrun for example_task_group_decorator to 2026-08-12 00:00:00+00:00, run_after=2026-08-13 00:00:00+00:00
[2026-08-13T13:31:15.189+0000] {processor.py:183} INFO - Processing /home/airflow/.local/lib/python3.12/site-packages/airflow/example_dags/example_task_group_decorator.py took 0.353 seconds
[2026-08-13T13:31:46.804+0000] {processor.py:161} INFO - Started process (PID=1058) to work on /home/airflow/.local/lib/python3.12/site-packages/airflow/example_dags/example_task_group_decorator.py
[2026-08-13T13:31:46.808+0000] {processor.py:830} INFO - Processing file /home/airflow/.local/lib/python3.12/site-packages/airflow/example_dags/example_task_group_decorator.py for tasks to queue
[2026-08-13T13:31:46.815+0000] {logging_mixin.py:188} INFO - [2026-08-13T13:31:46.814+0000] {dagbag.py:545} INFO - Filling up the DagBag from /home/airflow/.local/lib/python3.12/site-packages/airflow/example_dags/example_task_group_decorator.py
[2026-08-13T13:31:46.865+0000] {processor.py:840} INFO - DAG(s) 'example_task_group_decorator' retrieved from /home/airflow/.local/lib/python3.12/site-packages/airflow/example_dags/example_task_group_decorator.py
[2026-08-13T13:31:46.943+0000] {logging_mixin.py:188} INFO - [2026-08-13T13:31:46.943+0000] {dag.py:3089} INFO - Sync 1 DAGs
[2026-08-13T13:31:47.013+0000] {logging_mixin.py:188} INFO - [2026-08-13T13:31:47.013+0000] {dag.py:3947} INFO - Setting next_dagrun for example_task_group_decorator to 2026-08-12 00:00:00+00:00, run_after=2026-08-13 00:00:00+00:00
[2026-08-13T13:31:47.069+0000] {processor.py:183} INFO - Processing /home/airflow/.local/lib/python3.12/site-packages/airflow/example_dags/example_task_group_decorator.py took 0.282 seconds
[2026-08-13T13:32:18.394+0000] {processor.py:161} INFO - Started process (PID=1124) to work on /home/airflow/.local/lib/python3.12/site-packages/airflow/example_dags/example_task_group_decorator.py
[2026-08-13T13:32:18.402+0000] {processor.py:830} INFO - Processing file /home/airflow/.local/lib/python3.12/site-packages/airflow/example_dags/example_task_group_decorator.py for tasks to queue
[2026-08-13T13:32:18.415+0000] {logging_mixin.py:188} INFO - [2026-08-13T13:32:18.414+0000] {dagbag.py:545} INFO - Filling up the DagBag from /home/airflow/.local/lib/python3.12/site-packages/airflow/example_dags/example_task_group_decorator.py
[2026-08-13T13:32:18.468+0000] {processor.py:840} INFO - DAG(s) 'example_task_group_decorator' retrieved from /home/airflow/.local/lib/python3.12/site-packages/airflow/example_dags/example_task_group_decorator.py
[2026-08-13T13:32:18.535+0000] {logging_mixin.py:188} INFO - [2026-08-13T13:32:18.535+0000] {dag.py:3089} INFO - Sync 1 DAGs
[2026-08-13T13:32:18.595+0000] {logging_mixin.py:188} INFO - [2026-08-13T13:32:18.595+0000] {dag.py:3947} INFO - Setting next_dagrun for example_task_group_decorator to 2026-08-12 00:00:00+00:00, run_after=2026-08-13 00:00:00+00:00
[2026-08-13T13:32:18.644+0000] {processor.py:183} INFO - Processing /home/airflow/.local/lib/python3.12/site-packages/airflow/example_dags/example_task_group_decorator.py took 0.270 seconds
[2026-08-13T13:32:53.051+0000] {processor.py:161} INFO - Started process (PID=1198) to work on /home/airflow/.local/lib/python3.12/site-packages/airflow/example_dags/example_task_group_decorator.py
[2026-08-13T13:32:53.054+0000] {processor.py:830} INFO - Processing file /home/airflow/.local/lib/python3.12/site-packages/airflow/example_dags/example_task_group_decorator.py for tasks to queue
[2026-08-13T13:32:53.060+0000] {logging_mixin.py:188} INFO - [2026-08-13T13:32:53.059+0000] {dagbag.py:545} INFO - Filling up the DagBag from /home/airflow/.local/lib/python3.12/site-packages/airflow/example_dags/example_task_group_decorator.py
[2026-08-13T13:32:53.097+0000] {processor.py:840} INFO - DAG(s) 'example_task_group_decorator' retrieved from /home/airflow/.local/lib/python3.12/site-packages/airflow/example_dags/example_task_group_decorator.py
[2026-08-13T13:32:53.156+0000] {logging_mixin.py:188} INFO - [2026-08-13T13:32:53.155+0000] {dag.py:3089} INFO - Sync 1 DAGs
[2026-08-13T13:32:53.212+0000] {logging_mixin.py:188} INFO - [2026-08-13T13:32:53.211+0000] {dag.py:3947} INFO - Setting next_dagrun for example_task_group_decorator to 2026-08-12 00:00:00+00:00, run_after=2026-08-13 00:00:00+00:00
[2026-08-13T13:32:53.266+0000] {processor.py:183} INFO - Processing /home/airflow/.local/lib/python3.12/site-packages/airflow/example_dags/example_task_group_decorator.py took 0.232 seconds
[2026-08-13T13:33:24.111+0000] {processor.py:161} INFO - Started process (PID=1270) to work on /home/airflow/.local/lib/python3.12/site-packages/airflow/example_dags/example_task_group_decorator.py
[2026-08-13T13:33:24.115+0000] {processor.py:830} INFO - Processing file /home/airflow/.local/lib/python3.12/site-packages/airflow/example_dags/example_task_group_decorator.py for tasks to queue
[2026-08-13T13:33:24.120+0000] {logging_mixin.py:188} INFO - [2026-08-13T13:33:24.119+0000] {dagbag.py:545} INFO - Filling up the DagBag from /home/airflow/.local/lib/python3.12/site-packages/airflow/example_dags/example_task_group_decorator.py
[2026-08-13T13:33:24.154+0000] {processor.py:840} INFO - DAG(s) 'example_task_group_decorator' retrieved from /home/airflow/.local/lib/python3.12/site-packages/airflow/example_dags/example_task_group_decorator.py
[2026-08-13T13:33:24.213+0000] {logging_mixin.py:188} INFO - [2026-08-13T13:33:24.212+0000] {dag.py:3089} INFO - Sync 1 DAGs
[2026-08-13T13:33:24.262+0000] {logging_mixin.py:188} INFO - [2026-08-13T13:33:24.262+0000] {dag.py:3947} INFO - Setting next_dagrun for example_task_group_decorator to 2026-08-12 00:00:00+00:00, run_after=2026-08-13 00:00:00+00:00
[2026-08-13T13:33:24.309+0000] {processor.py:183} INFO - Processing /home/airflow/.local/lib/python3.12/site-packages/airflow/example_dags/example_task_group_decorator.py took 0.210 seconds
[2026-08-13T13:34:01.610+0000] {processor.py:161} INFO - Started process (PID=1352) to work on /home/airflow/.local/lib/python3.12/site-packages/airflow/example_dags/example_task_group_decorator.py
[2026-08-13T13:34:01.614+0000] {processor.py:830} INFO - Processing file /home/airflow/.local/lib/python3.12/site-packages/airflow/example_dags/example_task_group_decorator.py for tasks to queue
[2026-08-13T13:34:01.621+0000] {logging_mixin.py:188} INFO - [2026-08-13T13:34:01.620+0000] {dagbag.py:545} INFO - Filling up the DagBag from /home/airflow/.local/lib/python3.12/site-packages/airflow/example_dags/example_task_group_decorator.py
[2026-08-13T13:34:01.667+0000] {processor.py:840} INFO - DAG(s) 'example_task_group_decorator' retrieved from /home/airflow/.local/lib/python3.12/site-packages/airflow/example_dags/example_task_group_decorator.py
[2026-08-13T13:34:01.716+0000] {logging_mixin.py:188} INFO - [2026-08-13T13:34:01.715+0000] {dag.py:3089} INFO - Sync 1 DAGs
[2026-08-13T13:34:01.766+0000] {logging_mixin.py:188} INFO - [2026-08-13T13:34:01.765+0000] {dag.py:3947} INFO - Setting next_dagrun for example_task_group_decorator to 2026-08-12 00:00:00+00:00, run_after=2026-08-13 00:00:00+00:00
[2026-08-13T13:34:01.806+0000] {processor.py:183} INFO - Processing /home/airflow/.local/lib/python3.12/site-packages/airflow/example_dags/example_task_group_decorator.py took 0.220 seconds
[2026-08-13T13:34:32.286+0000] {processor.py:161} INFO - Started process (PID=1425) to work on /home/airflow/.local/lib/python3.12/site-packages/airflow/example_dags/example_task_group_decorator.py
[2026-08-13T13:34:32.291+0000] {processor.py:830} INFO - Processing file /home/airflow/.local/lib/python3.12/site-packages/airflow/example_dags/example_task_group_decorator.py for tasks to queue
[2026-08-13T13:34:32.309+0000] {logging_mixin.py:188} INFO - [2026-08-13T13:34:32.308+0000] {dagbag.py:545} INFO - Filling up the DagBag from /home/airflow/.local/lib/python3.12/site-packages/airflow/example_dags/example_task_group_decorator.py
[2026-08-13T13:34:32.420+0000] {processor.py:840} INFO - DAG(s) 'example_task_group_decorator' retrieved from /home/airflow/.local/lib/python3.12/site-packages/airflow/example_dags/example_task_group_decorator.py
[2026-08-13T13:34:32.519+0000] {logging_mixin.py:188} INFO - [2026-08-13T13:34:32.518+0000] {dag.py:3089} INFO - Sync 1 DAGs
[2026-08-13T13:34:32.596+0000] {logging_mixin.py:188} INFO - [2026-08-13T13:34:32.595+0000] {dag.py:3947} INFO - Setting next_dagrun for example_task_group_decorator to 2026-08-12 00:00:00+00:00, run_after=2026-08-13 00:00:00+00:00
[2026-08-13T13:34:32.661+0000] {processor.py:183} INFO - Processing /home/airflow/.local/lib/python3.12/site-packages/airflow/example_dags/example_task_group_decorator.py took 0.410 seconds
[2026-08-13T13:35:03.626+0000] {processor.py:161} INFO - Started process (PID=1493) to work on /home/airflow/.local/lib/python3.12/site-packages/airflow/example_dags/example_task_group_decorator.py
[2026-08-13T13:35:03.630+0000] {processor.py:830} INFO - Processing file /home/airflow/.local/lib/python3.12/site-packages/airflow/example_dags/example_task_group_decorator.py for tasks to queue
[2026-08-13T13:35:03.638+0000] {logging_mixin.py:188} INFO - [2026-08-13T13:35:03.637+0000] {dagbag.py:545} INFO - Filling up the DagBag from /home/airflow/.local/lib/python3.12/site-packages/airflow/example_dags/example_task_group_decorator.py
[2026-08-13T13:35:03.678+0000] {processor.py:840} INFO - DAG(s) 'example_task_group_decorator' retrieved from /home/airflow/.local/lib/python3.12/site-packages/airflow/example_dags/example_task_group_decorator.py
[2026-08-13T13:35:03.770+0000] {logging_mixin.py:188} INFO - [2026-08-13T13:35:03.770+0000] {dag.py:3089} INFO - Sync 1 DAGs
[2026-08-13T13:35:03.838+0000] {logging_mixin.py:188} INFO - [2026-08-13T13:35:03.838+0000] {dag.py:3947} INFO - Setting next_dagrun for example_task_group_decorator to 2026-08-12 00:00:00+00:00, run_after=2026-08-13 00:00:00+00:00
[2026-08-13T13:35:03.889+0000] {processor.py:183} INFO - Processing /home/airflow/.local/lib/python3.12/site-packages/airflow/example_dags/example_task_group_decorator.py took 0.280 seconds
[2026-08-13T13:35:36.098+0000] {processor.py:161} INFO - Started process (PID=1565) to work on /home/airflow/.local/lib/python3.12/site-packages/airflow/example_dags/example_task_group_decorator.py
[2026-08-13T13:35:36.100+0000] {processor.py:830} INFO - Processing file /home/airflow/.local/lib/python3.12/site-packages/airflow/example_dags/example_task_group_decorator.py for tasks to queue
[2026-08-13T13:35:36.108+0000] {logging_mixin.py:188} INFO - [2026-08-13T13:35:36.107+0000] {dagbag.py:545} INFO - Filling up the DagBag from /home/airflow/.local/lib/python3.12/site-packages/airflow/example_dags/example_task_group_decorator.py
[2026-08-13T13:35:36.148+0000] {processor.py:840} INFO - DAG(s) 'example_task_group_decorator' retrieved from /home/airflow/.local/lib/python3.12/site-packages/airflow/example_dags/example_task_group_decorator.py
[2026-08-13T13:35:36.221+0000] {logging_mixin.py:188} INFO - [2026-08-13T13:35:36.221+0000] {dag.py:3089} INFO - Sync 1 DAGs
[2026-08-13T13:35:36.299+0000] {logging_mixin.py:188} INFO - [2026-08-13T13:35:36.298+0000] {dag.py:3947} INFO - Setting next_dagrun for example_task_group_decorator to 2026-08-12 00:00:00+00:00, run_after=2026-08-13 00:00:00+00:00
[2026-08-13T13:35:36.361+0000] {processor.py:183} INFO - Processing /home/airflow/.local/lib/python3.12/site-packages/airflow/example_dags/example_task_group_decorator.py took 0.275 seconds
[2026-08-13T13:36:08.903+0000] {processor.py:161} INFO - Started process (PID=1638) to work on /home/airflow/.local/lib/python3.12/site-packages/airflow/example_dags/example_task_group_decorator.py
[2026-08-13T13:36:08.910+0000] {processor.py:830} INFO - Processing file /home/airflow/.local/lib/python3.12/site-packages/airflow/example_dags/example_task_group_decorator.py for tasks to queue
[2026-08-13T13:36:08.916+0000] {logging_mixin.py:188} INFO - [2026-08-13T13:36:08.916+0000] {dagbag.py:545} INFO - Filling up the DagBag from /home/airflow/.local/lib/python3.12/site-packages/airflow/example_dags/example_task_group_decorator.py
[2026-08-13T13:36:08.987+0000] {processor.py:840} INFO - DAG(s) 'example_task_group_decorator' retrieved from /home/airflow/.local/lib/python3.12/site-packages/airflow/example_dags/example_task_group_decorator.py
[2026-08-13T13:36:09.061+0000] {logging_mixin.py:188} INFO - [2026-08-13T13:36:09.061+0000] {dag.py:3089} INFO - Sync 1 DAGs
[2026-08-13T13:36:09.150+0000] {logging_mixin.py:188} INFO - [2026-08-13T13:36:09.149+0000] {dag.py:3947} INFO - Setting next_dagrun for example_task_group_decorator to 2026-08-12 00:00:00+00:00, run_after=2026-08-13 00:00:00+00:00
[2026-08-13T13:36:09.197+0000] {processor.py:183} INFO - Processing /home/airflow/.local/lib/python3.12/site-packages/airflow/example_dags/example_task_group_decorator.py took 0.309 seconds
[2026-08-13T13:36:42.062+0000] {processor.py:161} INFO - Started process (PID=1711) to work on /home/airflow/.local/lib/python3.12/site-packages/airflow/example_dags/example_task_group_decorator.py
[2026-08-13T13:36:42.069+0000] {processor.py:830} INFO - Processing file /home/airflow/.local/lib/python3.12/site-packages/airflow/example_dags/example_task_group_decorator.py for tasks to queue
[2026-08-13T13:36:42.079+0000] {logging_mixin.py:188} INFO - [2026-08-13T13:36:42.076+0000] {dagbag.py:545} INFO - Filling up the DagBag from /home/airflow/.local/lib/python3.12/site-packages/airflow/example_dags/example_task_group_decorator.py
[2026-08-13T13:36:42.112+0000] {processor.py:840} INFO - DAG(s) 'example_task_group_decorator' retrieved from /home/airflow/.local/lib/python3.12/site-packages/airflow/example_dags/example_task_group_decorator.py
[2026-08-13T13:36:42.164+0000] {logging_mixin.py:188} INFO - [2026-08-13T13:36:42.164+0000] {dag.py:3089} INFO - Sync 1 DAGs
[2026-08-13T13:36:42.217+0000] {logging_mixin.py:188} INFO - [2026-08-13T13:36:42.216+0000] {dag.py:3947} INFO - Setting next_dagrun for example_task_group_decorator to 2026-08-12 00:00:00+00:00, run_after=2026-08-13 00:00:00+00:00
[2026-08-13T13:36:42.259+0000] {processor.py:183} INFO - Processing /home/airflow/.local/lib/python3.12/site-packages/airflow/example_dags/example_task_group_decorator.py took 0.209 seconds
[2026-08-13T13:37:13.684+0000] {processor.py:161} INFO - Started process (PID=1784) to work on /home/airflow/.local/lib/python3.12/site-packages/airflow/example_dags/example_task_group_decorator.py
[2026-08-13T13:37:13.688+0000] {processor.py:830} INFO - Processing file /home/airflow/.local/lib/python3.12/site-packages/airflow/example_dags/example_task_group_decorator.py for tasks to queue
[2026-08-13T13:37:13.694+0000] {logging_mixin.py:188} INFO - [2026-08-13T13:37:13.693+0000] {dagbag.py:545} INFO - Filling up the DagBag from /home/airflow/.local/lib/python3.12/site-packages/airflow/example_dags/example_task_group_decorator.py
[2026-08-13T13:37:13.730+0000] {processor.py:840} INFO - DAG(s) 'example_task_group_decorator' retrieved from /home/airflow/.local/lib/python3.12/site-packages/airflow/example_dags/example_task_group_decorator.py
[2026-08-13T13:37:13.821+0000] {logging_mixin.py:188} INFO - [2026-08-13T13:37:13.821+0000] {dag.py:3089} INFO - Sync 1 DAGs
[2026-08-13T13:37:13.896+0000] {logging_mixin.py:188} INFO - [2026-08-13T13:37:13.896+0000] {dag.py:3947} INFO - Setting next_dagrun for example_task_group_decorator to 2026-08-12 00:00:00+00:00, run_after=2026-08-13 00:00:00+00:00
[2026-08-13T13:37:13.951+0000] {processor.py:183} INFO - Processing /home/airflow/.local/lib/python3.12/site-packages/airflow/example_dags/example_task_group_decorator.py took 0.288 seconds
[2026-08-13T13:37:46.548+0000] {processor.py:161} INFO - Started process (PID=1858) to work on /home/airflow/.local/lib/python3.12/site-packages/airflow/example_dags/example_task_group_decorator.py
[2026-08-13T13:37:46.555+0000] {processor.py:830} INFO - Processing file /home/airflow/.local/lib/python3.12/site-packages/airflow/example_dags/example_task_group_decorator.py for tasks to queue
[2026-08-13T13:37:46.569+0000] {logging_mixin.py:188} INFO - [2026-08-13T13:37:46.567+0000] {dagbag.py:545} INFO - Filling up the DagBag from /home/airflow/.local/lib/python3.12/site-packages/airflow/example_dags/example_task_group_decorator.py
[2026-08-13T13:37:46.616+0000] {processor.py:840} INFO - DAG(s) 'example_task_group_decorator' retrieved from /home/airflow/.local/lib/python3.12/site-packages/airflow/example_dags/example_task_group_decorator.py
[2026-08-13T13:37:46.689+0000] {logging_mixin.py:188} INFO - [2026-08-13T13:37:46.688+0000] {dag.py:3089} INFO - Sync 1 DAGs
[2026-08-13T13:37:46.764+0000] {logging_mixin.py:188} INFO - [2026-08-13T13:37:46.763+0000] {dag.py:3947} INFO - Setting next_dagrun for example_task_group_decorator to 2026-08-12 00:00:00+00:00, run_after=2026-08-13 00:00:00+00:00
[2026-08-13T13:37:46.820+0000] {processor.py:183} INFO - Processing /home/airflow/.local/lib/python3.12/site-packages/airflow/example_dags/example_task_group_decorator.py took 0.289 seconds
[2026-08-13T13:38:19.949+0000] {processor.py:161} INFO - Started process (PID=1932) to work on /home/airflow/.local/lib/python3.12/site-packages/airflow/example_dags/example_task_group_decorator.py
[2026-08-13T13:38:19.952+0000] {processor.py:830} INFO - Processing file /home/airflow/.local/lib/python3.12/site-packages/airflow/example_dags/example_task_group_decorator.py for tasks to queue
[2026-08-13T13:38:19.960+0000] {logging_mixin.py:188} INFO - [2026-08-13T13:38:19.959+0000] {dagbag.py:545} INFO - Filling up the DagBag from /home/airflow/.local/lib/python3.12/site-packages/airflow/example_dags/example_task_group_decorator.py
[2026-08-13T13:38:20.044+0000] {processor.py:840} INFO - DAG(s) 'example_task_group_decorator' retrieved from /home/airflow/.local/lib/python3.12/site-packages/airflow/example_dags/example_task_group_decorator.py
[2026-08-13T13:38:20.198+0000] {logging_mixin.py:188} INFO - [2026-08-13T13:38:20.197+0000] {dag.py:3089} INFO - Sync 1 DAGs
[2026-08-13T13:38:20.307+0000] {logging_mixin.py:188} INFO - [2026-08-13T13:38:20.306+0000] {dag.py:3947} INFO - Setting next_dagrun for example_task_group_decorator to 2026-08-12 00:00:00+00:00, run_after=2026-08-13 00:00:00+00:00
[2026-08-13T13:38:20.467+0000] {processor.py:183} INFO - Processing /home/airflow/.local/lib/python3.12/site-packages/airflow/example_dags/example_task_group_decorator.py took 0.540 seconds
[2026-08-13T13:38:53.436+0000] {processor.py:161} INFO - Started process (PID=2006) to work on /home/airflow/.local/lib/python3.12/site-packages/airflow/example_dags/example_task_group_decorator.py
[2026-08-13T13:38:53.440+0000] {processor.py:830} INFO - Processing file /home/airflow/.local/lib/python3.12/site-packages/airflow/example_dags/example_task_group_decorator.py for tasks to queue
[2026-08-13T13:38:53.446+0000] {logging_mixin.py:188} INFO - [2026-08-13T13:38:53.445+0000] {dagbag.py:545} INFO - Filling up the DagBag from /home/airflow/.local/lib/python3.12/site-packages/airflow/example_dags/example_task_group_decorator.py
[2026-08-13T13:38:53.472+0000] {processor.py:840} INFO - DAG(s) 'example_task_group_decorator' retrieved from /home/airflow/.local/lib/python3.12/site-packages/airflow/example_dags/example_task_group_decorator.py
[2026-08-13T13:38:53.514+0000] {logging_mixin.py:188} INFO - [2026-08-13T13:38:53.514+0000] {dag.py:3089} INFO - Sync 1 DAGs
[2026-08-13T13:38:53.552+0000] {logging_mixin.py:188} INFO - [2026-08-13T13:38:53.551+0000] {dag.py:3947} INFO - Setting next_dagrun for example_task_group_decorator to 2026-08-12 00:00:00+00:00, run_after=2026-08-13 00:00:00+00:00
[2026-08-13T13:38:53.596+0000] {processor.py:183} INFO - Processing /home/airflow/.local/lib/python3.12/site-packages/airflow/example_dags/example_task_group_decorator.py took 0.173 seconds
[2026-08-13T13:39:27.232+0000] {processor.py:161} INFO - Started process (PID=2080) to work on /home/airflow/.local/lib/python3.12/site-packages/airflow/example_dags/example_task_group_decorator.py
[2026-08-13T13:39:27.245+0000] {processor.py:830} INFO - Processing file /home/airflow/.local/lib/python3.12/site-packages/airflow/example_dags/example_task_group_decorator.py for tasks to queue
[2026-08-13T13:39:27.259+0000] {logging_mixin.py:188} INFO - [2026-08-13T13:39:27.256+0000] {dagbag.py:545} INFO - Filling up the DagBag from /home/airflow/.local/lib/python3.12/site-packages/airflow/example_dags/example_task_group_decorator.py
[2026-08-13T13:39:27.298+0000] {processor.py:840} INFO - DAG(s) 'example_task_group_decorator' retrieved from /home/airflow/.local/lib/python3.12/site-packages/airflow/example_dags/example_task_group_decorator.py
[2026-08-13T13:39:27.374+0000] {logging_mixin.py:188} INFO - [2026-08-13T13:39:27.374+0000] {dag.py:3089} INFO - Sync 1 DAGs
[2026-08-13T13:39:27.465+0000] {logging_mixin.py:188} INFO - [2026-08-13T13:39:27.464+0000] {dag.py:3947} INFO - Setting next_dagrun for example_task_group_decorator to 2026-08-12 00:00:00+00:00, run_after=2026-08-13 00:00:00+00:00
[2026-08-13T13:39:27.531+0000] {processor.py:183} INFO - Processing /home/airflow/.local/lib/python3.12/site-packages/airflow/example_dags/example_task_group_decorator.py took 0.319 seconds
[2026-08-13T13:40:00.831+0000] {processor.py:161} INFO - Started process (PID=2153) to work on /home/airflow/.local/lib/python3.12/site-packages/airflow/example_dags/example_task_group_decorator.py
[2026-08-13T13:40:00.836+0000] {processor.py:830} INFO - Processing file /home/airflow/.local/lib/python3.12/site-packages/airflow/example_dags/example_task_group_decorator.py for tasks to queue
[2026-08-13T13:40:00.843+0000] {logging_mixin.py:188} INFO - [2026-08-13T13:40:00.841+0000] {dagbag.py:545} INFO - Filling up the DagBag from /home/airflow/.local/lib/python3.12/site-packages/airflow/example_dags/example_task_group_decorator.py
[2026-08-13T13:40:00.891+0000] {processor.py:840} INFO - DAG(s) 'example_task_group_decorator' retrieved from /home/airflow/.local/lib/python3.12/site-packages/airflow/example_dags/example_task_group_decorator.py
[2026-08-13T13:40:00.954+0000] {logging_mixin.py:188} INFO - [2026-08-13T13:40:00.954+0000] {dag.py:3089} INFO - Sync 1 DAGs
[2026-08-13T13:40:01.021+0000] {logging_mixin.py:188} INFO - [2026-08-13T13:40:01.021+0000] {dag.py:3947} INFO - Setting next_dagrun for example_task_group_decorator to 2026-08-12 00:00:00+00:00, run_after=2026-08-13 00:00:00+00:00
[2026-08-13T13:40:01.506+0000] {processor.py:183} INFO - Processing /home/airflow/.local/lib/python3.12/site-packages/airflow/example_dags/example_task_group_decorator.py took 0.694 seconds
[2026-08-13T13:40:33.333+0000] {processor.py:161} INFO - Started process (PID=2225) to work on /home/airflow/.local/lib/python3.12/site-packages/airflow/example_dags/example_task_group_decorator.py
[2026-08-13T13:40:33.336+0000] {processor.py:830} INFO - Processing file /home/airflow/.local/lib/python3.12/site-packages/airflow/example_dags/example_task_group_decorator.py for tasks to queue
[2026-08-13T13:40:33.344+0000] {logging_mixin.py:188} INFO - [2026-08-13T13:40:33.343+0000] {dagbag.py:545} INFO - Filling up the DagBag from /home/airflow/.local/lib/python3.12/site-packages/airflow/example_dags/example_task_group_decorator.py
[2026-08-13T13:40:33.396+0000] {processor.py:840} INFO - DAG(s) 'example_task_group_decorator' retrieved from /home/airflow/.local/lib/python3.12/site-packages/airflow/example_dags/example_task_group_decorator.py
[2026-08-13T13:40:33.495+0000] {logging_mixin.py:188} INFO - [2026-08-13T13:40:33.493+0000] {dag.py:3089} INFO - Sync 1 DAGs
[2026-08-13T13:40:33.616+0000] {logging_mixin.py:188} INFO - [2026-08-13T13:40:33.616+0000] {dag.py:3947} INFO - Setting next_dagrun for example_task_group_decorator to 2026-08-12 00:00:00+00:00, run_after=2026-08-13 00:00:00+00:00
[2026-08-13T13:40:33.674+0000] {processor.py:183} INFO - Processing /home/airflow/.local/lib/python3.12/site-packages/airflow/example_dags/example_task_group_decorator.py took 0.370 seconds
[2026-08-13T13:41:07.787+0000] {processor.py:161} INFO - Started process (PID=2299) to work on /home/airflow/.local/lib/python3.12/site-packages/airflow/example_dags/example_task_group_decorator.py
[2026-08-13T13:41:07.790+0000] {processor.py:830} INFO - Processing file /home/airflow/.local/lib/python3.12/site-packages/airflow/example_dags/example_task_group_decorator.py for tasks to queue
[2026-08-13T13:41:07.794+0000] {logging_mixin.py:188} INFO - [2026-08-13T13:41:07.794+0000] {dagbag.py:545} INFO - Filling up the DagBag from /home/airflow/.local/lib/python3.12/site-packages/airflow/example_dags/example_task_group_decorator.py
[2026-08-13T13:41:07.820+0000] {processor.py:840} INFO - DAG(s) 'example_task_group_decorator' retrieved from /home/airflow/.local/lib/python3.12/site-packages/airflow/example_dags/example_task_group_decorator.py
[2026-08-13T13:41:07.887+0000] {logging_mixin.py:188} INFO - [2026-08-13T13:41:07.886+0000] {dag.py:3089} INFO - Sync 1 DAGs
[2026-08-13T13:41:07.939+0000] {logging_mixin.py:188} INFO - [2026-08-13T13:41:07.938+0000] {dag.py:3947} INFO - Setting next_dagrun for example_task_group_decorator to 2026-08-12 00:00:00+00:00, run_after=2026-08-13 00:00:00+00:00
[2026-08-13T13:41:07.987+0000] {processor.py:183} INFO - Processing /home/airflow/.local/lib/python3.12/site-packages/airflow/example_dags/example_task_group_decorator.py took 0.212 seconds
[2026-08-13T13:41:45.028+0000] {processor.py:161} INFO - Started process (PID=2372) to work on /home/airflow/.local/lib/python3.12/site-packages/airflow/example_dags/example_task_group_decorator.py
[2026-08-13T13:41:45.032+0000] {processor.py:830} INFO - Processing file /home/airflow/.local/lib/python3.12/site-packages/airflow/example_dags/example_task_group_decorator.py for tasks to queue
[2026-08-13T13:41:45.041+0000] {logging_mixin.py:188} INFO - [2026-08-13T13:41:45.039+0000] {dagbag.py:545} INFO - Filling up the DagBag from /home/airflow/.local/lib/python3.12/site-packages/airflow/example_dags/example_task_group_decorator.py
[2026-08-13T13:41:45.080+0000] {processor.py:840} INFO - DAG(s) 'example_task_group_decorator' retrieved from /home/airflow/.local/lib/python3.12/site-packages/airflow/example_dags/example_task_group_decorator.py
[2026-08-13T13:41:45.145+0000] {logging_mixin.py:188} INFO - [2026-08-13T13:41:45.145+0000] {dag.py:3089} INFO - Sync 1 DAGs
[2026-08-13T13:41:45.201+0000] {logging_mixin.py:188} INFO - [2026-08-13T13:41:45.200+0000] {dag.py:3947} INFO - Setting next_dagrun for example_task_group_decorator to 2026-08-12 00:00:00+00:00, run_after=2026-08-13 00:00:00+00:00
[2026-08-13T13:41:45.257+0000] {processor.py:183} INFO - Processing /home/airflow/.local/lib/python3.12/site-packages/airflow/example_dags/example_task_group_decorator.py took 0.245 seconds
[2026-08-13T13:42:16.885+0000] {processor.py:161} INFO - Started process (PID=2445) to work on /home/airflow/.local/lib/python3.12/site-packages/airflow/example_dags/example_task_group_decorator.py
[2026-08-13T13:42:16.888+0000] {processor.py:830} INFO - Processing file /home/airflow/.local/lib/python3.12/site-packages/airflow/example_dags/example_task_group_decorator.py for tasks to queue
[2026-08-13T13:42:16.894+0000] {logging_mixin.py:188} INFO - [2026-08-13T13:42:16.893+0000] {dagbag.py:545} INFO - Filling up the DagBag from /home/airflow/.local/lib/python3.12/site-packages/airflow/example_dags/example_task_group_decorator.py
[2026-08-13T13:42:16.924+0000] {processor.py:840} INFO - DAG(s) 'example_task_group_decorator' retrieved from /home/airflow/.local/lib/python3.12/site-packages/airflow/example_dags/example_task_group_decorator.py
[2026-08-13T13:42:16.982+0000] {logging_mixin.py:188} INFO - [2026-08-13T13:42:16.981+0000] {dag.py:3089} INFO - Sync 1 DAGs
[2026-08-13T13:42:17.380+0000] {logging_mixin.py:188} INFO - [2026-08-13T13:42:17.380+0000] {dag.py:3947} INFO - Setting next_dagrun for example_task_group_decorator to 2026-08-12 00:00:00+00:00, run_after=2026-08-13 00:00:00+00:00
[2026-08-13T13:42:17.427+0000] {processor.py:183} INFO - Processing /home/airflow/.local/lib/python3.12/site-packages/airflow/example_dags/example_task_group_decorator.py took 0.556 seconds
[2026-08-13T13:42:47.974+0000] {processor.py:161} INFO - Started process (PID=2518) to work on /home/airflow/.local/lib/python3.12/site-packages/airflow/example_dags/example_task_group_decorator.py
[2026-08-13T13:42:47.977+0000] {processor.py:830} INFO - Processing file /home/airflow/.local/lib/python3.12/site-packages/airflow/example_dags/example_task_group_decorator.py for tasks to queue
[2026-08-13T13:42:47.983+0000] {logging_mixin.py:188} INFO - [2026-08-13T13:42:47.981+0000] {dagbag.py:545} INFO - Filling up the DagBag from /home/airflow/.local/lib/python3.12/site-packages/airflow/example_dags/example_task_group_decorator.py
[2026-08-13T13:42:48.022+0000] {processor.py:840} INFO - DAG(s) 'example_task_group_decorator' retrieved from /home/airflow/.local/lib/python3.12/site-packages/airflow/example_dags/example_task_group_decorator.py
[2026-08-13T13:42:48.087+0000] {logging_mixin.py:188} INFO - [2026-08-13T13:42:48.086+0000] {dag.py:3089} INFO - Sync 1 DAGs
[2026-08-13T13:42:48.151+0000] {logging_mixin.py:188} INFO - [2026-08-13T13:42:48.150+0000] {dag.py:3947} INFO - Setting next_dagrun for example_task_group_decorator to 2026-08-12 00:00:00+00:00, run_after=2026-08-13 00:00:00+00:00
[2026-08-13T13:42:48.195+0000] {processor.py:183} INFO - Processing /home/airflow/.local/lib/python3.12/site-packages/airflow/example_dags/example_task_group_decorator.py took 0.232 seconds
[2026-08-13T13:43:18.638+0000] {processor.py:161} INFO - Started process (PID=2590) to work on /home/airflow/.local/lib/python3.12/site-packages/airflow/example_dags/example_task_group_decorator.py
[2026-08-13T13:43:18.642+0000] {processor.py:830} INFO - Processing file /home/airflow/.local/lib/python3.12/site-packages/airflow/example_dags/example_task_group_decorator.py for tasks to queue
[2026-08-13T13:43:18.647+0000] {logging_mixin.py:188} INFO - [2026-08-13T13:43:18.646+0000] {dagbag.py:545} INFO - Filling up the DagBag from /home/airflow/.local/lib/python3.12/site-packages/airflow/example_dags/example_task_group_decorator.py
[2026-08-13T13:43:18.687+0000] {processor.py:840} INFO - DAG(s) 'example_task_group_decorator' retrieved from /home/airflow/.local/lib/python3.12/site-packages/airflow/example_dags/example_task_group_decorator.py
[2026-08-13T13:43:18.745+0000] {logging_mixin.py:188} INFO - [2026-08-13T13:43:18.744+0000] {dag.py:3089} INFO - Sync 1 DAGs
[2026-08-13T13:43:18.799+0000] {logging_mixin.py:188} INFO - [2026-08-13T13:43:18.798+0000] {dag.py:3947} INFO - Setting next_dagrun for example_task_group_decorator to 2026-08-12 00:00:00+00:00, run_after=2026-08-13 00:00:00+00:00
[2026-08-13T13:43:18.850+0000] {processor.py:183} INFO - Processing /home/airflow/.local/lib/python3.12/site-packages/airflow/example_dags/example_task_group_decorator.py took 0.226 seconds
[2026-08-13T13:43:49.110+0000] {processor.py:161} INFO - Started process (PID=2655) to work on /home/airflow/.local/lib/python3.12/site-packages/airflow/example_dags/example_task_group_decorator.py
[2026-08-13T13:43:49.113+0000] {processor.py:830} INFO - Processing file /home/airflow/.local/lib/python3.12/site-packages/airflow/example_dags/example_task_group_decorator.py for tasks to queue
[2026-08-13T13:43:49.119+0000] {logging_mixin.py:188} INFO - [2026-08-13T13:43:49.118+0000] {dagbag.py:545} INFO - Filling up the DagBag from /home/airflow/.local/lib/python3.12/site-packages/airflow/example_dags/example_task_group_decorator.py
[2026-08-13T13:43:49.162+0000] {processor.py:840} INFO - DAG(s) 'example_task_group_decorator' retrieved from /home/airflow/.local/lib/python3.12/site-packages/airflow/example_dags/example_task_group_decorator.py
[2026-08-13T13:43:49.236+0000] {logging_mixin.py:188} INFO - [2026-08-13T13:43:49.236+0000] {dag.py:3089} INFO - Sync 1 DAGs
[2026-08-13T13:43:49.309+0000] {logging_mixin.py:188} INFO - [2026-08-13T13:43:49.308+0000] {dag.py:3947} INFO - Setting next_dagrun for example_task_group_decorator to 2026-08-12 00:00:00+00:00, run_after=2026-08-13 00:00:00+00:00
[2026-08-13T13:43:49.359+0000] {processor.py:183} INFO - Processing /home/airflow/.local/lib/python3.12/site-packages/airflow/example_dags/example_task_group_decorator.py took 0.261 seconds
[2026-08-13T13:44:19.599+0000] {processor.py:161} INFO - Started process (PID=2728) to work on /home/airflow/.local/lib/python3.12/site-packages/airflow/example_dags/example_task_group_decorator.py
[2026-08-13T13:44:19.601+0000] {processor.py:830} INFO - Processing file /home/airflow/.local/lib/python3.12/site-packages/airflow/example_dags/example_task_group_decorator.py for tasks to queue
[2026-08-13T13:44:19.606+0000] {logging_mixin.py:188} INFO - [2026-08-13T13:44:19.605+0000] {dagbag.py:545} INFO - Filling up the DagBag from /home/airflow/.local/lib/python3.12/site-packages/airflow/example_dags/example_task_group_decorator.py
[2026-08-13T13:44:19.629+0000] {processor.py:840} INFO - DAG(s) 'example_task_group_decorator' retrieved from /home/airflow/.local/lib/python3.12/site-packages/airflow/example_dags/example_task_group_decorator.py
[2026-08-13T13:44:19.665+0000] {logging_mixin.py:188} INFO - [2026-08-13T13:44:19.665+0000] {dag.py:3089} INFO - Sync 1 DAGs
[2026-08-13T13:44:19.729+0000] {logging_mixin.py:188} INFO - [2026-08-13T13:44:19.727+0000] {dag.py:3947} INFO - Setting next_dagrun for example_task_group_decorator to 2026-08-12 00:00:00+00:00, run_after=2026-08-13 00:00:00+00:00
[2026-08-13T13:44:19.806+0000] {processor.py:183} INFO - Processing /home/airflow/.local/lib/python3.12/site-packages/airflow/example_dags/example_task_group_decorator.py took 0.215 seconds
[2026-08-13T13:44:50.642+0000] {processor.py:161} INFO - Started process (PID=2800) to work on /home/airflow/.local/lib/python3.12/site-packages/airflow/example_dags/example_task_group_decorator.py
[2026-08-13T13:44:50.655+0000] {processor.py:830} INFO - Processing file /home/airflow/.local/lib/python3.12/site-packages/airflow/example_dags/example_task_group_decorator.py for tasks to queue
[2026-08-13T13:44:50.684+0000] {logging_mixin.py:188} INFO - [2026-08-13T13:44:50.674+0000] {dagbag.py:545} INFO - Filling up the DagBag from /home/airflow/.local/lib/python3.12/site-packages/airflow/example_dags/example_task_group_decorator.py
[2026-08-13T13:44:50.748+0000] {processor.py:840} INFO - DAG(s) 'example_task_group_decorator' retrieved from /home/airflow/.local/lib/python3.12/site-packages/airflow/example_dags/example_task_group_decorator.py
[2026-08-13T13:44:50.855+0000] {logging_mixin.py:188} INFO - [2026-08-13T13:44:50.854+0000] {dag.py:3089} INFO - Sync 1 DAGs
[2026-08-13T13:44:50.999+0000] {logging_mixin.py:188} INFO - [2026-08-13T13:44:50.998+0000] {dag.py:3947} INFO - Setting next_dagrun for example_task_group_decorator to 2026-08-12 00:00:00+00:00, run_after=2026-08-13 00:00:00+00:00
[2026-08-13T13:44:51.118+0000] {processor.py:183} INFO - Processing /home/airflow/.local/lib/python3.12/site-packages/airflow/example_dags/example_task_group_decorator.py took 0.541 seconds
[2026-08-13T13:45:21.320+0000] {processor.py:161} INFO - Started process (PID=2872) to work on /home/airflow/.local/lib/python3.12/site-packages/airflow/example_dags/example_task_group_decorator.py
[2026-08-13T13:45:21.324+0000] {processor.py:830} INFO - Processing file /home/airflow/.local/lib/python3.12/site-packages/airflow/example_dags/example_task_group_decorator.py for tasks to queue
[2026-08-13T13:45:21.331+0000] {logging_mixin.py:188} INFO - [2026-08-13T13:45:21.330+0000] {dagbag.py:545} INFO - Filling up the DagBag from /home/airflow/.local/lib/python3.12/site-packages/airflow/example_dags/example_task_group_decorator.py
[2026-08-13T13:45:21.373+0000] {processor.py:840} INFO - DAG(s) 'example_task_group_decorator' retrieved from /home/airflow/.local/lib/python3.12/site-packages/airflow/example_dags/example_task_group_decorator.py
[2026-08-13T13:45:21.422+0000] {logging_mixin.py:188} INFO - [2026-08-13T13:45:21.421+0000] {dag.py:3089} INFO - Sync 1 DAGs
[2026-08-13T13:45:21.477+0000] {logging_mixin.py:188} INFO - [2026-08-13T13:45:21.476+0000] {dag.py:3947} INFO - Setting next_dagrun for example_task_group_decorator to 2026-08-12 00:00:00+00:00, run_after=2026-08-13 00:00:00+00:00
[2026-08-13T13:45:21.525+0000] {processor.py:183} INFO - Processing /home/airflow/.local/lib/python3.12/site-packages/airflow/example_dags/example_task_group_decorator.py took 0.222 seconds
[2026-08-13T13:45:53.015+0000] {processor.py:161} INFO - Started process (PID=2945) to work on /home/airflow/.local/lib/python3.12/site-packages/airflow/example_dags/example_task_group_decorator.py
[2026-08-13T13:45:53.019+0000] {processor.py:830} INFO - Processing file /home/airflow/.local/lib/python3.12/site-packages/airflow/example_dags/example_task_group_decorator.py for tasks to queue
[2026-08-13T13:45:53.024+0000] {logging_mixin.py:188} INFO - [2026-08-13T13:45:53.023+0000] {dagbag.py:545} INFO - Filling up the DagBag from /home/airflow/.local/lib/python3.12/site-packages/airflow/example_dags/example_task_group_decorator.py
[2026-08-13T13:45:53.105+0000] {processor.py:840} INFO - DAG(s) 'example_task_group_decorator' retrieved from /home/airflow/.local/lib/python3.12/site-packages/airflow/example_dags/example_task_group_decorator.py
[2026-08-13T13:45:53.198+0000] {logging_mixin.py:188} INFO - [2026-08-13T13:45:53.197+0000] {dag.py:3089} INFO - Sync 1 DAGs
[2026-08-13T13:45:53.259+0000] {logging_mixin.py:188} INFO - [2026-08-13T13:45:53.258+0000] {dag.py:3947} INFO - Setting next_dagrun for example_task_group_decorator to 2026-08-12 00:00:00+00:00, run_after=2026-08-13 00:00:00+00:00
[2026-08-13T13:45:53.320+0000] {processor.py:183} INFO - Processing /home/airflow/.local/lib/python3.12/site-packages/airflow/example_dags/example_task_group_decorator.py took 0.316 seconds
[2026-08-13T13:46:24.670+0000] {processor.py:161} INFO - Started process (PID=3019) to work on /home/airflow/.local/lib/python3.12/site-packages/airflow/example_dags/example_task_group_decorator.py
[2026-08-13T13:46:24.674+0000] {processor.py:830} INFO - Processing file /home/airflow/.local/lib/python3.12/site-packages/airflow/example_dags/example_task_group_decorator.py for tasks to queue
[2026-08-13T13:46:24.684+0000] {logging_mixin.py:188} INFO - [2026-08-13T13:46:24.683+0000] {dagbag.py:545} INFO - Filling up the DagBag from /home/airflow/.local/lib/python3.12/site-packages/airflow/example_dags/example_task_group_decorator.py
[2026-08-13T13:46:24.726+0000] {processor.py:840} INFO - DAG(s) 'example_task_group_decorator' retrieved from /home/airflow/.local/lib/python3.12/site-packages/airflow/example_dags/example_task_group_decorator.py
[2026-08-13T13:46:24.789+0000] {logging_mixin.py:188} INFO - [2026-08-13T13:46:24.789+0000] {dag.py:3089} INFO - Sync 1 DAGs
[2026-08-13T13:46:24.851+0000] {logging_mixin.py:188} INFO - [2026-08-13T13:46:24.851+0000] {dag.py:3947} INFO - Setting next_dagrun for example_task_group_decorator to 2026-08-12 00:00:00+00:00, run_after=2026-08-13 00:00:00+00:00
[2026-08-13T13:46:24.917+0000] {processor.py:183} INFO - Processing /home/airflow/.local/lib/python3.12/site-packages/airflow/example_dags/example_task_group_decorator.py took 0.261 seconds
[2026-08-13T13:46:55.765+0000] {processor.py:161} INFO - Started process (PID=3092) to work on /home/airflow/.local/lib/python3.12/site-packages/airflow/example_dags/example_task_group_decorator.py
[2026-08-13T13:46:55.770+0000] {processor.py:830} INFO - Processing file /home/airflow/.local/lib/python3.12/site-packages/airflow/example_dags/example_task_group_decorator.py for tasks to queue
[2026-08-13T13:46:55.777+0000] {logging_mixin.py:188} INFO - [2026-08-13T13:46:55.776+0000] {dagbag.py:545} INFO - Filling up the DagBag from /home/airflow/.local/lib/python3.12/site-packages/airflow/example_dags/example_task_group_decorator.py
[2026-08-13T13:46:55.838+0000] {processor.py:840} INFO - DAG(s) 'example_task_group_decorator' retrieved from /home/airflow/.local/lib/python3.12/site-packages/airflow/example_dags/example_task_group_decorator.py
[2026-08-13T13:46:55.891+0000] {logging_mixin.py:188} INFO - [2026-08-13T13:46:55.891+0000] {dag.py:3089} INFO - Sync 1 DAGs
[2026-08-13T13:46:55.944+0000] {logging_mixin.py:188} INFO - [2026-08-13T13:46:55.944+0000] {dag.py:3947} INFO - Setting next_dagrun for example_task_group_decorator to 2026-08-12 00:00:00+00:00, run_after=2026-08-13 00:00:00+00:00
[2026-08-13T13:46:55.990+0000] {processor.py:183} INFO - Processing /home/airflow/.local/lib/python3.12/site-packages/airflow/example_dags/example_task_group_decorator.py took 0.258 seconds
[2026-08-13T13:47:26.918+0000] {processor.py:161} INFO - Started process (PID=3164) to work on /home/airflow/.local/lib/python3.12/site-packages/airflow/example_dags/example_task_group_decorator.py
[2026-08-13T13:47:26.922+0000] {processor.py:830} INFO - Processing file /home/airflow/.local/lib/python3.12/site-packages/airflow/example_dags/example_task_group_decorator.py for tasks to queue
[2026-08-13T13:47:26.935+0000] {logging_mixin.py:188} INFO - [2026-08-13T13:47:26.933+0000] {dagbag.py:545} INFO - Filling up the DagBag from /home/airflow/.local/lib/python3.12/site-packages/airflow/example_dags/example_task_group_decorator.py
[2026-08-13T13:47:26.989+0000] {processor.py:840} INFO - DAG(s) 'example_task_group_decorator' retrieved from /home/airflow/.local/lib/python3.12/site-packages/airflow/example_dags/example_task_group_decorator.py
[2026-08-13T13:47:27.118+0000] {logging_mixin.py:188} INFO - [2026-08-13T13:47:27.117+0000] {dag.py:3089} INFO - Sync 1 DAGs
[2026-08-13T13:47:27.207+0000] {logging_mixin.py:188} INFO - [2026-08-13T13:47:27.207+0000] {dag.py:3947} INFO - Setting next_dagrun for example_task_group_decorator to 2026-08-12 00:00:00+00:00, run_after=2026-08-13 00:00:00+00:00
[2026-08-13T13:47:27.292+0000] {processor.py:183} INFO - Processing /home/airflow/.local/lib/python3.12/site-packages/airflow/example_dags/example_task_group_decorator.py took 0.416 seconds
[2026-08-13T13:47:58.705+0000] {processor.py:161} INFO - Started process (PID=3237) to work on /home/airflow/.local/lib/python3.12/site-packages/airflow/example_dags/example_task_group_decorator.py
[2026-08-13T13:47:58.709+0000] {processor.py:830} INFO - Processing file /home/airflow/.local/lib/python3.12/site-packages/airflow/example_dags/example_task_group_decorator.py for tasks to queue
[2026-08-13T13:47:58.715+0000] {logging_mixin.py:188} INFO - [2026-08-13T13:47:58.713+0000] {dagbag.py:545} INFO - Filling up the DagBag from /home/airflow/.local/lib/python3.12/site-packages/airflow/example_dags/example_task_group_decorator.py
[2026-08-13T13:47:58.757+0000] {processor.py:840} INFO - DAG(s) 'example_task_group_decorator' retrieved from /home/airflow/.local/lib/python3.12/site-packages/airflow/example_dags/example_task_group_decorator.py
[2026-08-13T13:47:58.850+0000] {logging_mixin.py:188} INFO - [2026-08-13T13:47:58.850+0000] {dag.py:3089} INFO - Sync 1 DAGs
[2026-08-13T13:47:58.955+0000] {logging_mixin.py:188} INFO - [2026-08-13T13:47:58.954+0000] {dag.py:3947} INFO - Setting next_dagrun for example_task_group_decorator to 2026-08-12 00:00:00+00:00, run_after=2026-08-13 00:00:00+00:00
[2026-08-13T13:47:59.013+0000] {processor.py:183} INFO - Processing /home/airflow/.local/lib/python3.12/site-packages/airflow/example_dags/example_task_group_decorator.py took 0.321 seconds
[2026-08-13T13:48:29.817+0000] {processor.py:161} INFO - Started process (PID=3303) to work on /home/airflow/.local/lib/python3.12/site-packages/airflow/example_dags/example_task_group_decorator.py
[2026-08-13T13:48:29.820+0000] {processor.py:830} INFO - Processing file /home/airflow/.local/lib/python3.12/site-packages/airflow/example_dags/example_task_group_decorator.py for tasks to queue
[2026-08-13T13:48:29.824+0000] {logging_mixin.py:188} INFO - [2026-08-13T13:48:29.824+0000] {dagbag.py:545} INFO - Filling up the DagBag from /home/airflow/.local/lib/python3.12/site-packages/airflow/example_dags/example_task_group_decorator.py
[2026-08-13T13:48:29.857+0000] {processor.py:840} INFO - DAG(s) 'example_task_group_decorator' retrieved from /home/airflow/.local/lib/python3.12/site-packages/airflow/example_dags/example_task_group_decorator.py
[2026-08-13T13:48:29.935+0000] {logging_mixin.py:188} INFO - [2026-08-13T13:48:29.934+0000] {dag.py:3089} INFO - Sync 1 DAGs
[2026-08-13T13:48:30.011+0000] {logging_mixin.py:188} INFO - [2026-08-13T13:48:30.010+0000] {dag.py:3947} INFO - Setting next_dagrun for example_task_group_decorator to 2026-08-12 00:00:00+00:00, run_after=2026-08-13 00:00:00+00:00
[2026-08-13T13:48:30.100+0000] {processor.py:183} INFO - Processing /home/airflow/.local/lib/python3.12/site-packages/airflow/example_dags/example_task_group_decorator.py took 0.296 seconds
[2026-08-13T13:49:01.146+0000] {processor.py:161} INFO - Started process (PID=3374) to work on /home/airflow/.local/lib/python3.12/site-packages/airflow/example_dags/example_task_group_decorator.py
[2026-08-13T13:49:01.152+0000] {processor.py:830} INFO - Processing file /home/airflow/.local/lib/python3.12/site-packages/airflow/example_dags/example_task_group_decorator.py for tasks to queue
[2026-08-13T13:49:01.164+0000] {logging_mixin.py:188} INFO - [2026-08-13T13:49:01.163+0000] {dagbag.py:545} INFO - Filling up the DagBag from /home/airflow/.local/lib/python3.12/site-packages/airflow/example_dags/example_task_group_decorator.py
[2026-08-13T13:49:01.239+0000] {processor.py:840} INFO - DAG(s) 'example_task_group_decorator' retrieved from /home/airflow/.local/lib/python3.12/site-packages/airflow/example_dags/example_task_group_decorator.py
[2026-08-13T13:49:01.405+0000] {logging_mixin.py:188} INFO - [2026-08-13T13:49:01.403+0000] {dag.py:3089} INFO - Sync 1 DAGs
[2026-08-13T13:49:01.499+0000] {logging_mixin.py:188} INFO - [2026-08-13T13:49:01.498+0000] {dag.py:3947} INFO - Setting next_dagrun for example_task_group_decorator to 2026-08-12 00:00:00+00:00, run_after=2026-08-13 00:00:00+00:00
[2026-08-13T13:49:01.553+0000] {processor.py:183} INFO - Processing /home/airflow/.local/lib/python3.12/site-packages/airflow/example_dags/example_task_group_decorator.py took 0.434 seconds
[2026-08-13T13:49:38.574+0000] {processor.py:161} INFO - Started process (PID=3451) to work on /home/airflow/.local/lib/python3.12/site-packages/airflow/example_dags/example_task_group_decorator.py
[2026-08-13T13:49:38.591+0000] {processor.py:830} INFO - Processing file /home/airflow/.local/lib/python3.12/site-packages/airflow/example_dags/example_task_group_decorator.py for tasks to queue
[2026-08-13T13:49:38.604+0000] {logging_mixin.py:188} INFO - [2026-08-13T13:49:38.603+0000] {dagbag.py:545} INFO - Filling up the DagBag from /home/airflow/.local/lib/python3.12/site-packages/airflow/example_dags/example_task_group_decorator.py
[2026-08-13T13:49:38.716+0000] {processor.py:840} INFO - DAG(s) 'example_task_group_decorator' retrieved from /home/airflow/.local/lib/python3.12/site-packages/airflow/example_dags/example_task_group_decorator.py
[2026-08-13T13:49:38.806+0000] {logging_mixin.py:188} INFO - [2026-08-13T13:49:38.805+0000] {dag.py:3089} INFO - Sync 1 DAGs
[2026-08-13T13:49:38.879+0000] {logging_mixin.py:188} INFO - [2026-08-13T13:49:38.878+0000] {dag.py:3947} INFO - Setting next_dagrun for example_task_group_decorator to 2026-08-12 00:00:00+00:00, run_after=2026-08-13 00:00:00+00:00
[2026-08-13T13:49:38.962+0000] {processor.py:183} INFO - Processing /home/airflow/.local/lib/python3.12/site-packages/airflow/example_dags/example_task_group_decorator.py took 0.435 seconds
[2026-08-13T13:50:12.342+0000] {processor.py:161} INFO - Started process (PID=3525) to work on /home/airflow/.local/lib/python3.12/site-packages/airflow/example_dags/example_task_group_decorator.py
[2026-08-13T13:50:12.355+0000] {processor.py:830} INFO - Processing file /home/airflow/.local/lib/python3.12/site-packages/airflow/example_dags/example_task_group_decorator.py for tasks to queue
[2026-08-13T13:50:12.365+0000] {logging_mixin.py:188} INFO - [2026-08-13T13:50:12.364+0000] {dagbag.py:545} INFO - Filling up the DagBag from /home/airflow/.local/lib/python3.12/site-packages/airflow/example_dags/example_task_group_decorator.py
[2026-08-13T13:50:12.448+0000] {processor.py:840} INFO - DAG(s) 'example_task_group_decorator' retrieved from /home/airflow/.local/lib/python3.12/site-packages/airflow/example_dags/example_task_group_decorator.py
[2026-08-13T13:50:12.631+0000] {logging_mixin.py:188} INFO - [2026-08-13T13:50:12.631+0000] {dag.py:3089} INFO - Sync 1 DAGs
[2026-08-13T13:50:12.920+0000] {logging_mixin.py:188} INFO - [2026-08-13T13:50:12.920+0000] {dag.py:3947} INFO - Setting next_dagrun for example_task_group_decorator to 2026-08-12 00:00:00+00:00, run_after=2026-08-13 00:00:00+00:00
[2026-08-13T13:50:13.066+0000] {processor.py:183} INFO - Processing /home/airflow/.local/lib/python3.12/site-packages/airflow/example_dags/example_task_group_decorator.py took 0.758 seconds
