[2026-08-13T13:24:28.356+0000] {processor.py:161} INFO - Started process (PID=120) to work on /home/airflow/.local/lib/python3.12/site-packages/airflow/example_dags/example_branch_python_dop_operator_3.py
[2026-08-13T13:24:28.363+0000] {processor.py:830} INFO - Processing file /home/airflow/.local/lib/python3.12/site-packages/airflow/example_dags/example_branch_python_dop_operator_3.py for tasks to queue
[2026-08-13T13:24:28.370+0000] {logging_mixin.py:188} INFO - [2026-08-13T13:24:28.369+0000] {dagbag.py:545} INFO - Filling up the DagBag from /home/airflow/.local/lib/python3.12/site-packages/airflow/example_dags/example_branch_python_dop_operator_3.py
[2026-08-13T13:24:28.455+0000] {processor.py:840} INFO - DAG(s) 'example_branch_dop_operator_v3' retrieved from /home/airflow/.local/lib/python3.12/site-packages/airflow/example_dags/example_branch_python_dop_operator_3.py
[2026-08-13T13:24:29.477+0000] {logging_mixin.py:188} INFO - [2026-08-13T13:24:29.476+0000] {dag.py:3089} INFO - Sync 1 DAGs
[2026-08-13T13:24:29.642+0000] {logging_mixin.py:188} INFO - [2026-08-13T13:24:29.641+0000] {dag.py:3947} INFO - Setting next_dagrun for example_branch_dop_operator_v3 to 2026-08-13 13:23:00+00:00, run_after=2026-08-13 13:24:00+00:00
[2026-08-13T13:24:29.867+0000] {processor.py:183} INFO - Processing /home/airflow/.local/lib/python3.12/site-packages/airflow/example_dags/example_branch_python_dop_operator_3.py took 1.538 seconds
[2026-08-13T13:25:00.741+0000] {processor.py:161} INFO - Started process (PID=192) to work on /home/airflow/.local/lib/python3.12/site-packages/airflow/example_dags/example_branch_python_dop_operator_3.py
[2026-08-13T13:25:00.761+0000] {processor.py:830} INFO - Processing file /home/airflow/.local/lib/python3.12/site-packages/airflow/example_dags/example_branch_python_dop_operator_3.py for tasks to queue
[2026-08-13T13:25:00.794+0000] {logging_mixin.py:188} INFO - [2026-08-13T13:25:00.793+0000] {dagbag.py:545} INFO - Filling up the DagBag from /home/airflow/.local/lib/python3.12/site-packages/airflow/example_dags/example_branch_python_dop_operator_3.py
[2026-08-13T13:25:01.024+0000] {processor.py:840} INFO - DAG(s) 'example_branch_dop_operator_v3' retrieved from /home/airflow/.local/lib/python3.12/site-packages/airflow/example_dags/example_branch_python_dop_operator_3.py
[2026-08-13T13:25:01.205+0000] {logging_mixin.py:188} INFO - [2026-08-13T13:25:01.204+0000] {dag.py:3089} INFO - Sync 1 DAGs
[2026-08-13T13:25:01.323+0000] {logging_mixin.py:188} INFO - [2026-08-13T13:25:01.323+0000] {dag.py:3947} INFO - Setting next_dagrun for example_branch_dop_operator_v3 to 2026-08-13 13:24:00+00:00, run_after=2026-08-13 13:25:00+00:00
[2026-08-13T13:25:01.395+0000] {processor.py:183} INFO - Processing /home/airflow/.local/lib/python3.12/site-packages/airflow/example_dags/example_branch_python_dop_operator_3.py took 0.795 seconds
[2026-08-13T13:25:54.751+0000] {processor.py:161} INFO - Started process (PID=265) to work on /home/airflow/.local/lib/python3.12/site-packages/airflow/example_dags/example_branch_python_dop_operator_3.py
[2026-08-13T13:25:54.754+0000] {processor.py:830} INFO - Processing file /home/airflow/.local/lib/python3.12/site-packages/airflow/example_dags/example_branch_python_dop_operator_3.py for tasks to queue
[2026-08-13T13:25:54.761+0000] {logging_mixin.py:188} INFO - [2026-08-13T13:25:54.760+0000] {dagbag.py:545} INFO - Filling up the DagBag from /home/airflow/.local/lib/python3.12/site-packages/airflow/example_dags/example_branch_python_dop_operator_3.py
[2026-08-13T13:25:54.787+0000] {processor.py:840} INFO - DAG(s) 'example_branch_dop_operator_v3' retrieved from /home/airflow/.local/lib/python3.12/site-packages/airflow/example_dags/example_branch_python_dop_operator_3.py
[2026-08-13T13:25:54.835+0000] {logging_mixin.py:188} INFO - [2026-08-13T13:25:54.834+0000] {dag.py:3089} INFO - Sync 1 DAGs
[2026-08-13T13:25:54.891+0000] {logging_mixin.py:188} INFO - [2026-08-13T13:25:54.891+0000] {dag.py:3947} INFO - Setting next_dagrun for example_branch_dop_operator_v3 to 2026-08-13 13:24:00+00:00, run_after=2026-08-13 13:25:00+00:00
[2026-08-13T13:25:54.944+0000] {processor.py:183} INFO - Processing /home/airflow/.local/lib/python3.12/site-packages/airflow/example_dags/example_branch_python_dop_operator_3.py took 0.206 seconds
[2026-08-13T13:26:27.396+0000] {processor.py:161} INFO - Started process (PID=338) to work on /home/airflow/.local/lib/python3.12/site-packages/airflow/example_dags/example_branch_python_dop_operator_3.py
[2026-08-13T13:26:27.401+0000] {processor.py:830} INFO - Processing file /home/airflow/.local/lib/python3.12/site-packages/airflow/example_dags/example_branch_python_dop_operator_3.py for tasks to queue
[2026-08-13T13:26:27.407+0000] {logging_mixin.py:188} INFO - [2026-08-13T13:26:27.406+0000] {dagbag.py:545} INFO - Filling up the DagBag from /home/airflow/.local/lib/python3.12/site-packages/airflow/example_dags/example_branch_python_dop_operator_3.py
[2026-08-13T13:26:27.436+0000] {processor.py:840} INFO - DAG(s) 'example_branch_dop_operator_v3' retrieved from /home/airflow/.local/lib/python3.12/site-packages/airflow/example_dags/example_branch_python_dop_operator_3.py
[2026-08-13T13:26:27.531+0000] {logging_mixin.py:188} INFO - [2026-08-13T13:26:27.530+0000] {dag.py:3089} INFO - Sync 1 DAGs
[2026-08-13T13:26:27.607+0000] {logging_mixin.py:188} INFO - [2026-08-13T13:26:27.606+0000] {dag.py:3947} INFO - Setting next_dagrun for example_branch_dop_operator_v3 to 2026-08-13 13:25:00+00:00, run_after=2026-08-13 13:26:00+00:00
[2026-08-13T13:26:27.666+0000] {processor.py:183} INFO - Processing /home/airflow/.local/lib/python3.12/site-packages/airflow/example_dags/example_branch_python_dop_operator_3.py took 0.287 seconds
[2026-08-13T13:26:58.092+0000] {processor.py:161} INFO - Started process (PID=405) to work on /home/airflow/.local/lib/python3.12/site-packages/airflow/example_dags/example_branch_python_dop_operator_3.py
[2026-08-13T13:26:58.096+0000] {processor.py:830} INFO - Processing file /home/airflow/.local/lib/python3.12/site-packages/airflow/example_dags/example_branch_python_dop_operator_3.py for tasks to queue
[2026-08-13T13:26:58.104+0000] {logging_mixin.py:188} INFO - [2026-08-13T13:26:58.102+0000] {dagbag.py:545} INFO - Filling up the DagBag from /home/airflow/.local/lib/python3.12/site-packages/airflow/example_dags/example_branch_python_dop_operator_3.py
[2026-08-13T13:26:58.126+0000] {processor.py:840} INFO - DAG(s) 'example_branch_dop_operator_v3' retrieved from /home/airflow/.local/lib/python3.12/site-packages/airflow/example_dags/example_branch_python_dop_operator_3.py
[2026-08-13T13:26:58.198+0000] {logging_mixin.py:188} INFO - [2026-08-13T13:26:58.197+0000] {dag.py:3089} INFO - Sync 1 DAGs
[2026-08-13T13:26:58.291+0000] {logging_mixin.py:188} INFO - [2026-08-13T13:26:58.291+0000] {dag.py:3947} INFO - Setting next_dagrun for example_branch_dop_operator_v3 to 2026-08-13 13:25:00+00:00, run_after=2026-08-13 13:26:00+00:00
[2026-08-13T13:26:58.346+0000] {processor.py:183} INFO - Processing /home/airflow/.local/lib/python3.12/site-packages/airflow/example_dags/example_branch_python_dop_operator_3.py took 0.273 seconds
[2026-08-13T13:27:28.460+0000] {processor.py:161} INFO - Started process (PID=477) to work on /home/airflow/.local/lib/python3.12/site-packages/airflow/example_dags/example_branch_python_dop_operator_3.py
[2026-08-13T13:27:28.464+0000] {processor.py:830} INFO - Processing file /home/airflow/.local/lib/python3.12/site-packages/airflow/example_dags/example_branch_python_dop_operator_3.py for tasks to queue
[2026-08-13T13:27:28.470+0000] {logging_mixin.py:188} INFO - [2026-08-13T13:27:28.469+0000] {dagbag.py:545} INFO - Filling up the DagBag from /home/airflow/.local/lib/python3.12/site-packages/airflow/example_dags/example_branch_python_dop_operator_3.py
[2026-08-13T13:27:28.498+0000] {processor.py:840} INFO - DAG(s) 'example_branch_dop_operator_v3' retrieved from /home/airflow/.local/lib/python3.12/site-packages/airflow/example_dags/example_branch_python_dop_operator_3.py
[2026-08-13T13:27:28.544+0000] {logging_mixin.py:188} INFO - [2026-08-13T13:27:28.543+0000] {dag.py:3089} INFO - Sync 1 DAGs
[2026-08-13T13:27:28.606+0000] {logging_mixin.py:188} INFO - [2026-08-13T13:27:28.606+0000] {dag.py:3947} INFO - Setting next_dagrun for example_branch_dop_operator_v3 to 2026-08-13 13:26:00+00:00, run_after=2026-08-13 13:27:00+00:00
[2026-08-13T13:27:28.656+0000] {processor.py:183} INFO - Processing /home/airflow/.local/lib/python3.12/site-packages/airflow/example_dags/example_branch_python_dop_operator_3.py took 0.210 seconds
[2026-08-13T13:28:00.326+0000] {processor.py:161} INFO - Started process (PID=549) to work on /home/airflow/.local/lib/python3.12/site-packages/airflow/example_dags/example_branch_python_dop_operator_3.py
[2026-08-13T13:28:00.331+0000] {processor.py:830} INFO - Processing file /home/airflow/.local/lib/python3.12/site-packages/airflow/example_dags/example_branch_python_dop_operator_3.py for tasks to queue
[2026-08-13T13:28:00.339+0000] {logging_mixin.py:188} INFO - [2026-08-13T13:28:00.338+0000] {dagbag.py:545} INFO - Filling up the DagBag from /home/airflow/.local/lib/python3.12/site-packages/airflow/example_dags/example_branch_python_dop_operator_3.py
[2026-08-13T13:28:00.365+0000] {processor.py:840} INFO - DAG(s) 'example_branch_dop_operator_v3' retrieved from /home/airflow/.local/lib/python3.12/site-packages/airflow/example_dags/example_branch_python_dop_operator_3.py
[2026-08-13T13:28:00.421+0000] {logging_mixin.py:188} INFO - [2026-08-13T13:28:00.420+0000] {dag.py:3089} INFO - Sync 1 DAGs
[2026-08-13T13:28:00.501+0000] {logging_mixin.py:188} INFO - [2026-08-13T13:28:00.501+0000] {dag.py:3947} INFO - Setting next_dagrun for example_branch_dop_operator_v3 to 2026-08-13 13:27:00+00:00, run_after=2026-08-13 13:28:00+00:00
[2026-08-13T13:28:00.553+0000] {processor.py:183} INFO - Processing /home/airflow/.local/lib/python3.12/site-packages/airflow/example_dags/example_branch_python_dop_operator_3.py took 0.242 seconds
[2026-08-13T13:28:31.219+0000] {processor.py:161} INFO - Started process (PID=621) to work on /home/airflow/.local/lib/python3.12/site-packages/airflow/example_dags/example_branch_python_dop_operator_3.py
[2026-08-13T13:28:31.229+0000] {processor.py:830} INFO - Processing file /home/airflow/.local/lib/python3.12/site-packages/airflow/example_dags/example_branch_python_dop_operator_3.py for tasks to queue
[2026-08-13T13:28:31.244+0000] {logging_mixin.py:188} INFO - [2026-08-13T13:28:31.243+0000] {dagbag.py:545} INFO - Filling up the DagBag from /home/airflow/.local/lib/python3.12/site-packages/airflow/example_dags/example_branch_python_dop_operator_3.py
[2026-08-13T13:28:31.277+0000] {processor.py:840} INFO - DAG(s) 'example_branch_dop_operator_v3' retrieved from /home/airflow/.local/lib/python3.12/site-packages/airflow/example_dags/example_branch_python_dop_operator_3.py
[2026-08-13T13:28:31.334+0000] {logging_mixin.py:188} INFO - [2026-08-13T13:28:31.333+0000] {dag.py:3089} INFO - Sync 1 DAGs
[2026-08-13T13:28:31.396+0000] {logging_mixin.py:188} INFO - [2026-08-13T13:28:31.396+0000] {dag.py:3947} INFO - Setting next_dagrun for example_branch_dop_operator_v3 to 2026-08-13 13:27:00+00:00, run_after=2026-08-13 13:28:00+00:00
[2026-08-13T13:28:31.457+0000] {processor.py:183} INFO - Processing /home/airflow/.local/lib/python3.12/site-packages/airflow/example_dags/example_branch_python_dop_operator_3.py took 0.275 seconds
[2026-08-13T13:29:01.826+0000] {processor.py:161} INFO - Started process (PID=686) to work on /home/airflow/.local/lib/python3.12/site-packages/airflow/example_dags/example_branch_python_dop_operator_3.py
[2026-08-13T13:29:01.831+0000] {processor.py:830} INFO - Processing file /home/airflow/.local/lib/python3.12/site-packages/airflow/example_dags/example_branch_python_dop_operator_3.py for tasks to queue
[2026-08-13T13:29:01.838+0000] {logging_mixin.py:188} INFO - [2026-08-13T13:29:01.837+0000] {dagbag.py:545} INFO - Filling up the DagBag from /home/airflow/.local/lib/python3.12/site-packages/airflow/example_dags/example_branch_python_dop_operator_3.py
[2026-08-13T13:29:01.867+0000] {processor.py:840} INFO - DAG(s) 'example_branch_dop_operator_v3' retrieved from /home/airflow/.local/lib/python3.12/site-packages/airflow/example_dags/example_branch_python_dop_operator_3.py
[2026-08-13T13:29:01.928+0000] {logging_mixin.py:188} INFO - [2026-08-13T13:29:01.927+0000] {dag.py:3089} INFO - Sync 1 DAGs
[2026-08-13T13:29:02.002+0000] {logging_mixin.py:188} INFO - [2026-08-13T13:29:02.001+0000] {dag.py:3947} INFO - Setting next_dagrun for example_branch_dop_operator_v3 to 2026-08-13 13:28:00+00:00, run_after=2026-08-13 13:29:00+00:00
[2026-08-13T13:29:02.060+0000] {processor.py:183} INFO - Processing /home/airflow/.local/lib/python3.12/site-packages/airflow/example_dags/example_branch_python_dop_operator_3.py took 0.253 seconds
[2026-08-13T13:29:35.423+0000] {processor.py:161} INFO - Started process (PID=761) to work on /home/airflow/.local/lib/python3.12/site-packages/airflow/example_dags/example_branch_python_dop_operator_3.py
[2026-08-13T13:29:35.427+0000] {processor.py:830} INFO - Processing file /home/airflow/.local/lib/python3.12/site-packages/airflow/example_dags/example_branch_python_dop_operator_3.py for tasks to queue
[2026-08-13T13:29:35.435+0000] {logging_mixin.py:188} INFO - [2026-08-13T13:29:35.434+0000] {dagbag.py:545} INFO - Filling up the DagBag from /home/airflow/.local/lib/python3.12/site-packages/airflow/example_dags/example_branch_python_dop_operator_3.py
[2026-08-13T13:29:35.469+0000] {processor.py:840} INFO - DAG(s) 'example_branch_dop_operator_v3' retrieved from /home/airflow/.local/lib/python3.12/site-packages/airflow/example_dags/example_branch_python_dop_operator_3.py
[2026-08-13T13:29:35.529+0000] {logging_mixin.py:188} INFO - [2026-08-13T13:29:35.529+0000] {dag.py:3089} INFO - Sync 1 DAGs
[2026-08-13T13:29:35.597+0000] {logging_mixin.py:188} INFO - [2026-08-13T13:29:35.597+0000] {dag.py:3947} INFO - Setting next_dagrun for example_branch_dop_operator_v3 to 2026-08-13 13:28:00+00:00, run_after=2026-08-13 13:29:00+00:00
[2026-08-13T13:29:35.648+0000] {processor.py:183} INFO - Processing /home/airflow/.local/lib/python3.12/site-packages/airflow/example_dags/example_branch_python_dop_operator_3.py took 0.244 seconds
[2026-08-13T13:30:10.773+0000] {processor.py:161} INFO - Started process (PID=835) to work on /home/airflow/.local/lib/python3.12/site-packages/airflow/example_dags/example_branch_python_dop_operator_3.py
[2026-08-13T13:30:10.776+0000] {processor.py:830} INFO - Processing file /home/airflow/.local/lib/python3.12/site-packages/airflow/example_dags/example_branch_python_dop_operator_3.py for tasks to queue
[2026-08-13T13:30:10.782+0000] {logging_mixin.py:188} INFO - [2026-08-13T13:30:10.781+0000] {dagbag.py:545} INFO - Filling up the DagBag from /home/airflow/.local/lib/python3.12/site-packages/airflow/example_dags/example_branch_python_dop_operator_3.py
[2026-08-13T13:30:10.804+0000] {processor.py:840} INFO - DAG(s) 'example_branch_dop_operator_v3' retrieved from /home/airflow/.local/lib/python3.12/site-packages/airflow/example_dags/example_branch_python_dop_operator_3.py
[2026-08-13T13:30:10.866+0000] {logging_mixin.py:188} INFO - [2026-08-13T13:30:10.865+0000] {dag.py:3089} INFO - Sync 1 DAGs
[2026-08-13T13:30:10.936+0000] {logging_mixin.py:188} INFO - [2026-08-13T13:30:10.935+0000] {dag.py:3947} INFO - Setting next_dagrun for example_branch_dop_operator_v3 to 2026-08-13 13:29:00+00:00, run_after=2026-08-13 13:30:00+00:00
[2026-08-13T13:30:10.991+0000] {processor.py:183} INFO - Processing /home/airflow/.local/lib/python3.12/site-packages/airflow/example_dags/example_branch_python_dop_operator_3.py took 0.230 seconds
[2026-08-13T13:30:42.853+0000] {processor.py:161} INFO - Started process (PID=908) to work on /home/airflow/.local/lib/python3.12/site-packages/airflow/example_dags/example_branch_python_dop_operator_3.py
[2026-08-13T13:30:42.857+0000] {processor.py:830} INFO - Processing file /home/airflow/.local/lib/python3.12/site-packages/airflow/example_dags/example_branch_python_dop_operator_3.py for tasks to queue
[2026-08-13T13:30:42.865+0000] {logging_mixin.py:188} INFO - [2026-08-13T13:30:42.864+0000] {dagbag.py:545} INFO - Filling up the DagBag from /home/airflow/.local/lib/python3.12/site-packages/airflow/example_dags/example_branch_python_dop_operator_3.py
[2026-08-13T13:30:42.893+0000] {processor.py:840} INFO - DAG(s) 'example_branch_dop_operator_v3' retrieved from /home/airflow/.local/lib/python3.12/site-packages/airflow/example_dags/example_branch_python_dop_operator_3.py
[2026-08-13T13:30:42.949+0000] {logging_mixin.py:188} INFO - [2026-08-13T13:30:42.949+0000] {dag.py:3089} INFO - Sync 1 DAGs
[2026-08-13T13:30:43.009+0000] {logging_mixin.py:188} INFO - [2026-08-13T13:30:43.008+0000] {dag.py:3947} INFO - Setting next_dagrun for example_branch_dop_operator_v3 to 2026-08-13 13:29:00+00:00, run_after=2026-08-13 13:30:00+00:00
[2026-08-13T13:30:43.062+0000] {processor.py:183} INFO - Processing /home/airflow/.local/lib/python3.12/site-packages/airflow/example_dags/example_branch_python_dop_operator_3.py took 0.226 seconds
[2026-08-13T13:31:14.296+0000] {processor.py:161} INFO - Started process (PID=981) to work on /home/airflow/.local/lib/python3.12/site-packages/airflow/example_dags/example_branch_python_dop_operator_3.py
[2026-08-13T13:31:14.300+0000] {processor.py:830} INFO - Processing file /home/airflow/.local/lib/python3.12/site-packages/airflow/example_dags/example_branch_python_dop_operator_3.py for tasks to queue
[2026-08-13T13:31:14.308+0000] {logging_mixin.py:188} INFO - [2026-08-13T13:31:14.307+0000] {dagbag.py:545} INFO - Filling up the DagBag from /home/airflow/.local/lib/python3.12/site-packages/airflow/example_dags/example_branch_python_dop_operator_3.py
[2026-08-13T13:31:14.332+0000] {processor.py:840} INFO - DAG(s) 'example_branch_dop_operator_v3' retrieved from /home/airflow/.local/lib/python3.12/site-packages/airflow/example_dags/example_branch_python_dop_operator_3.py
[2026-08-13T13:31:14.406+0000] {logging_mixin.py:188} INFO - [2026-08-13T13:31:14.406+0000] {dag.py:3089} INFO - Sync 1 DAGs
[2026-08-13T13:31:14.476+0000] {logging_mixin.py:188} INFO - [2026-08-13T13:31:14.475+0000] {dag.py:3947} INFO - Setting next_dagrun for example_branch_dop_operator_v3 to 2026-08-13 13:30:00+00:00, run_after=2026-08-13 13:31:00+00:00
[2026-08-13T13:31:14.532+0000] {processor.py:183} INFO - Processing /home/airflow/.local/lib/python3.12/site-packages/airflow/example_dags/example_branch_python_dop_operator_3.py took 0.257 seconds
[2026-08-13T13:31:46.134+0000] {processor.py:161} INFO - Started process (PID=1055) to work on /home/airflow/.local/lib/python3.12/site-packages/airflow/example_dags/example_branch_python_dop_operator_3.py
[2026-08-13T13:31:46.137+0000] {processor.py:830} INFO - Processing file /home/airflow/.local/lib/python3.12/site-packages/airflow/example_dags/example_branch_python_dop_operator_3.py for tasks to queue
[2026-08-13T13:31:46.144+0000] {logging_mixin.py:188} INFO - [2026-08-13T13:31:46.143+0000] {dagbag.py:545} INFO - Filling up the DagBag from /home/airflow/.local/lib/python3.12/site-packages/airflow/example_dags/example_branch_python_dop_operator_3.py
[2026-08-13T13:31:46.167+0000] {processor.py:840} INFO - DAG(s) 'example_branch_dop_operator_v3' retrieved from /home/airflow/.local/lib/python3.12/site-packages/airflow/example_dags/example_branch_python_dop_operator_3.py
[2026-08-13T13:31:46.226+0000] {logging_mixin.py:188} INFO - [2026-08-13T13:31:46.226+0000] {dag.py:3089} INFO - Sync 1 DAGs
[2026-08-13T13:31:46.318+0000] {logging_mixin.py:188} INFO - [2026-08-13T13:31:46.317+0000] {dag.py:3947} INFO - Setting next_dagrun for example_branch_dop_operator_v3 to 2026-08-13 13:30:00+00:00, run_after=2026-08-13 13:31:00+00:00
[2026-08-13T13:31:46.384+0000] {processor.py:183} INFO - Processing /home/airflow/.local/lib/python3.12/site-packages/airflow/example_dags/example_branch_python_dop_operator_3.py took 0.265 seconds
[2026-08-13T13:32:17.768+0000] {processor.py:161} INFO - Started process (PID=1121) to work on /home/airflow/.local/lib/python3.12/site-packages/airflow/example_dags/example_branch_python_dop_operator_3.py
[2026-08-13T13:32:17.775+0000] {processor.py:830} INFO - Processing file /home/airflow/.local/lib/python3.12/site-packages/airflow/example_dags/example_branch_python_dop_operator_3.py for tasks to queue
[2026-08-13T13:32:17.781+0000] {logging_mixin.py:188} INFO - [2026-08-13T13:32:17.780+0000] {dagbag.py:545} INFO - Filling up the DagBag from /home/airflow/.local/lib/python3.12/site-packages/airflow/example_dags/example_branch_python_dop_operator_3.py
[2026-08-13T13:32:17.806+0000] {processor.py:840} INFO - DAG(s) 'example_branch_dop_operator_v3' retrieved from /home/airflow/.local/lib/python3.12/site-packages/airflow/example_dags/example_branch_python_dop_operator_3.py
[2026-08-13T13:32:17.859+0000] {logging_mixin.py:188} INFO - [2026-08-13T13:32:17.859+0000] {dag.py:3089} INFO - Sync 1 DAGs
[2026-08-13T13:32:17.932+0000] {logging_mixin.py:188} INFO - [2026-08-13T13:32:17.932+0000] {dag.py:3947} INFO - Setting next_dagrun for example_branch_dop_operator_v3 to 2026-08-13 13:31:00+00:00, run_after=2026-08-13 13:32:00+00:00
[2026-08-13T13:32:17.982+0000] {processor.py:183} INFO - Processing /home/airflow/.local/lib/python3.12/site-packages/airflow/example_dags/example_branch_python_dop_operator_3.py took 0.228 seconds
[2026-08-13T13:32:52.077+0000] {processor.py:161} INFO - Started process (PID=1194) to work on /home/airflow/.local/lib/python3.12/site-packages/airflow/example_dags/example_branch_python_dop_operator_3.py
[2026-08-13T13:32:52.080+0000] {processor.py:830} INFO - Processing file /home/airflow/.local/lib/python3.12/site-packages/airflow/example_dags/example_branch_python_dop_operator_3.py for tasks to queue
[2026-08-13T13:32:52.085+0000] {logging_mixin.py:188} INFO - [2026-08-13T13:32:52.085+0000] {dagbag.py:545} INFO - Filling up the DagBag from /home/airflow/.local/lib/python3.12/site-packages/airflow/example_dags/example_branch_python_dop_operator_3.py
[2026-08-13T13:32:52.107+0000] {processor.py:840} INFO - DAG(s) 'example_branch_dop_operator_v3' retrieved from /home/airflow/.local/lib/python3.12/site-packages/airflow/example_dags/example_branch_python_dop_operator_3.py
[2026-08-13T13:32:52.154+0000] {logging_mixin.py:188} INFO - [2026-08-13T13:32:52.153+0000] {dag.py:3089} INFO - Sync 1 DAGs
[2026-08-13T13:32:52.212+0000] {logging_mixin.py:188} INFO - [2026-08-13T13:32:52.212+0000] {dag.py:3947} INFO - Setting next_dagrun for example_branch_dop_operator_v3 to 2026-08-13 13:31:00+00:00, run_after=2026-08-13 13:32:00+00:00
[2026-08-13T13:32:52.258+0000] {processor.py:183} INFO - Processing /home/airflow/.local/lib/python3.12/site-packages/airflow/example_dags/example_branch_python_dop_operator_3.py took 0.191 seconds
[2026-08-13T13:33:23.730+0000] {processor.py:161} INFO - Started process (PID=1267) to work on /home/airflow/.local/lib/python3.12/site-packages/airflow/example_dags/example_branch_python_dop_operator_3.py
[2026-08-13T13:33:23.733+0000] {processor.py:830} INFO - Processing file /home/airflow/.local/lib/python3.12/site-packages/airflow/example_dags/example_branch_python_dop_operator_3.py for tasks to queue
[2026-08-13T13:33:23.738+0000] {logging_mixin.py:188} INFO - [2026-08-13T13:33:23.737+0000] {dagbag.py:545} INFO - Filling up the DagBag from /home/airflow/.local/lib/python3.12/site-packages/airflow/example_dags/example_branch_python_dop_operator_3.py
[2026-08-13T13:33:23.759+0000] {processor.py:840} INFO - DAG(s) 'example_branch_dop_operator_v3' retrieved from /home/airflow/.local/lib/python3.12/site-packages/airflow/example_dags/example_branch_python_dop_operator_3.py
[2026-08-13T13:33:23.812+0000] {logging_mixin.py:188} INFO - [2026-08-13T13:33:23.812+0000] {dag.py:3089} INFO - Sync 1 DAGs
[2026-08-13T13:33:23.868+0000] {logging_mixin.py:188} INFO - [2026-08-13T13:33:23.867+0000] {dag.py:3947} INFO - Setting next_dagrun for example_branch_dop_operator_v3 to 2026-08-13 13:32:00+00:00, run_after=2026-08-13 13:33:00+00:00
[2026-08-13T13:33:23.911+0000] {processor.py:183} INFO - Processing /home/airflow/.local/lib/python3.12/site-packages/airflow/example_dags/example_branch_python_dop_operator_3.py took 0.191 seconds
[2026-08-13T13:34:00.704+0000] {processor.py:161} INFO - Started process (PID=1349) to work on /home/airflow/.local/lib/python3.12/site-packages/airflow/example_dags/example_branch_python_dop_operator_3.py
[2026-08-13T13:34:00.713+0000] {processor.py:830} INFO - Processing file /home/airflow/.local/lib/python3.12/site-packages/airflow/example_dags/example_branch_python_dop_operator_3.py for tasks to queue
[2026-08-13T13:34:00.723+0000] {logging_mixin.py:188} INFO - [2026-08-13T13:34:00.721+0000] {dagbag.py:545} INFO - Filling up the DagBag from /home/airflow/.local/lib/python3.12/site-packages/airflow/example_dags/example_branch_python_dop_operator_3.py
[2026-08-13T13:34:00.758+0000] {processor.py:840} INFO - DAG(s) 'example_branch_dop_operator_v3' retrieved from /home/airflow/.local/lib/python3.12/site-packages/airflow/example_dags/example_branch_python_dop_operator_3.py
[2026-08-13T13:34:00.830+0000] {logging_mixin.py:188} INFO - [2026-08-13T13:34:00.829+0000] {dag.py:3089} INFO - Sync 1 DAGs
[2026-08-13T13:34:00.917+0000] {logging_mixin.py:188} INFO - [2026-08-13T13:34:00.917+0000] {dag.py:3947} INFO - Setting next_dagrun for example_branch_dop_operator_v3 to 2026-08-13 13:33:00+00:00, run_after=2026-08-13 13:34:00+00:00
[2026-08-13T13:34:00.981+0000] {processor.py:183} INFO - Processing /home/airflow/.local/lib/python3.12/site-packages/airflow/example_dags/example_branch_python_dop_operator_3.py took 0.350 seconds
[2026-08-13T13:34:31.273+0000] {processor.py:161} INFO - Started process (PID=1415) to work on /home/airflow/.local/lib/python3.12/site-packages/airflow/example_dags/example_branch_python_dop_operator_3.py
[2026-08-13T13:34:31.276+0000] {processor.py:830} INFO - Processing file /home/airflow/.local/lib/python3.12/site-packages/airflow/example_dags/example_branch_python_dop_operator_3.py for tasks to queue
[2026-08-13T13:34:31.282+0000] {logging_mixin.py:188} INFO - [2026-08-13T13:34:31.281+0000] {dagbag.py:545} INFO - Filling up the DagBag from /home/airflow/.local/lib/python3.12/site-packages/airflow/example_dags/example_branch_python_dop_operator_3.py
[2026-08-13T13:34:31.306+0000] {processor.py:840} INFO - DAG(s) 'example_branch_dop_operator_v3' retrieved from /home/airflow/.local/lib/python3.12/site-packages/airflow/example_dags/example_branch_python_dop_operator_3.py
[2026-08-13T13:34:31.363+0000] {logging_mixin.py:188} INFO - [2026-08-13T13:34:31.362+0000] {dag.py:3089} INFO - Sync 1 DAGs
[2026-08-13T13:34:31.421+0000] {logging_mixin.py:188} INFO - [2026-08-13T13:34:31.421+0000] {dag.py:3947} INFO - Setting next_dagrun for example_branch_dop_operator_v3 to 2026-08-13 13:33:00+00:00, run_after=2026-08-13 13:34:00+00:00
[2026-08-13T13:34:31.460+0000] {processor.py:183} INFO - Processing /home/airflow/.local/lib/python3.12/site-packages/airflow/example_dags/example_branch_python_dop_operator_3.py took 0.199 seconds
[2026-08-13T13:35:02.983+0000] {processor.py:161} INFO - Started process (PID=1489) to work on /home/airflow/.local/lib/python3.12/site-packages/airflow/example_dags/example_branch_python_dop_operator_3.py
[2026-08-13T13:35:02.987+0000] {processor.py:830} INFO - Processing file /home/airflow/.local/lib/python3.12/site-packages/airflow/example_dags/example_branch_python_dop_operator_3.py for tasks to queue
[2026-08-13T13:35:02.994+0000] {logging_mixin.py:188} INFO - [2026-08-13T13:35:02.993+0000] {dagbag.py:545} INFO - Filling up the DagBag from /home/airflow/.local/lib/python3.12/site-packages/airflow/example_dags/example_branch_python_dop_operator_3.py
[2026-08-13T13:35:03.017+0000] {processor.py:840} INFO - DAG(s) 'example_branch_dop_operator_v3' retrieved from /home/airflow/.local/lib/python3.12/site-packages/airflow/example_dags/example_branch_python_dop_operator_3.py
[2026-08-13T13:35:03.074+0000] {logging_mixin.py:188} INFO - [2026-08-13T13:35:03.074+0000] {dag.py:3089} INFO - Sync 1 DAGs
[2026-08-13T13:35:03.204+0000] {logging_mixin.py:188} INFO - [2026-08-13T13:35:03.203+0000] {dag.py:3947} INFO - Setting next_dagrun for example_branch_dop_operator_v3 to 2026-08-13 13:34:00+00:00, run_after=2026-08-13 13:35:00+00:00
[2026-08-13T13:35:03.247+0000] {processor.py:183} INFO - Processing /home/airflow/.local/lib/python3.12/site-packages/airflow/example_dags/example_branch_python_dop_operator_3.py took 0.279 seconds
[2026-08-13T13:35:35.579+0000] {processor.py:161} INFO - Started process (PID=1562) to work on /home/airflow/.local/lib/python3.12/site-packages/airflow/example_dags/example_branch_python_dop_operator_3.py
[2026-08-13T13:35:35.582+0000] {processor.py:830} INFO - Processing file /home/airflow/.local/lib/python3.12/site-packages/airflow/example_dags/example_branch_python_dop_operator_3.py for tasks to queue
[2026-08-13T13:35:35.591+0000] {logging_mixin.py:188} INFO - [2026-08-13T13:35:35.590+0000] {dagbag.py:545} INFO - Filling up the DagBag from /home/airflow/.local/lib/python3.12/site-packages/airflow/example_dags/example_branch_python_dop_operator_3.py
[2026-08-13T13:35:35.619+0000] {processor.py:840} INFO - DAG(s) 'example_branch_dop_operator_v3' retrieved from /home/airflow/.local/lib/python3.12/site-packages/airflow/example_dags/example_branch_python_dop_operator_3.py
[2026-08-13T13:35:35.672+0000] {logging_mixin.py:188} INFO - [2026-08-13T13:35:35.671+0000] {dag.py:3089} INFO - Sync 1 DAGs
[2026-08-13T13:35:35.735+0000] {logging_mixin.py:188} INFO - [2026-08-13T13:35:35.734+0000] {dag.py:3947} INFO - Setting next_dagrun for example_branch_dop_operator_v3 to 2026-08-13 13:34:00+00:00, run_after=2026-08-13 13:35:00+00:00
[2026-08-13T13:35:35.778+0000] {processor.py:183} INFO - Processing /home/airflow/.local/lib/python3.12/site-packages/airflow/example_dags/example_branch_python_dop_operator_3.py took 0.212 seconds
[2026-08-13T13:36:08.432+0000] {processor.py:161} INFO - Started process (PID=1635) to work on /home/airflow/.local/lib/python3.12/site-packages/airflow/example_dags/example_branch_python_dop_operator_3.py
[2026-08-13T13:36:08.436+0000] {processor.py:830} INFO - Processing file /home/airflow/.local/lib/python3.12/site-packages/airflow/example_dags/example_branch_python_dop_operator_3.py for tasks to queue
[2026-08-13T13:36:08.446+0000] {logging_mixin.py:188} INFO - [2026-08-13T13:36:08.445+0000] {dagbag.py:545} INFO - Filling up the DagBag from /home/airflow/.local/lib/python3.12/site-packages/airflow/example_dags/example_branch_python_dop_operator_3.py
[2026-08-13T13:36:08.473+0000] {processor.py:840} INFO - DAG(s) 'example_branch_dop_operator_v3' retrieved from /home/airflow/.local/lib/python3.12/site-packages/airflow/example_dags/example_branch_python_dop_operator_3.py
[2026-08-13T13:36:08.530+0000] {logging_mixin.py:188} INFO - [2026-08-13T13:36:08.529+0000] {dag.py:3089} INFO - Sync 1 DAGs
[2026-08-13T13:36:08.601+0000] {logging_mixin.py:188} INFO - [2026-08-13T13:36:08.600+0000] {dag.py:3947} INFO - Setting next_dagrun for example_branch_dop_operator_v3 to 2026-08-13 13:35:00+00:00, run_after=2026-08-13 13:36:00+00:00
[2026-08-13T13:36:08.662+0000] {processor.py:183} INFO - Processing /home/airflow/.local/lib/python3.12/site-packages/airflow/example_dags/example_branch_python_dop_operator_3.py took 0.248 seconds
[2026-08-13T13:36:41.678+0000] {processor.py:161} INFO - Started process (PID=1708) to work on /home/airflow/.local/lib/python3.12/site-packages/airflow/example_dags/example_branch_python_dop_operator_3.py
[2026-08-13T13:36:41.681+0000] {processor.py:830} INFO - Processing file /home/airflow/.local/lib/python3.12/site-packages/airflow/example_dags/example_branch_python_dop_operator_3.py for tasks to queue
[2026-08-13T13:36:41.687+0000] {logging_mixin.py:188} INFO - [2026-08-13T13:36:41.686+0000] {dagbag.py:545} INFO - Filling up the DagBag from /home/airflow/.local/lib/python3.12/site-packages/airflow/example_dags/example_branch_python_dop_operator_3.py
[2026-08-13T13:36:41.715+0000] {processor.py:840} INFO - DAG(s) 'example_branch_dop_operator_v3' retrieved from /home/airflow/.local/lib/python3.12/site-packages/airflow/example_dags/example_branch_python_dop_operator_3.py
[2026-08-13T13:36:41.758+0000] {logging_mixin.py:188} INFO - [2026-08-13T13:36:41.758+0000] {dag.py:3089} INFO - Sync 1 DAGs
[2026-08-13T13:36:41.835+0000] {logging_mixin.py:188} INFO - [2026-08-13T13:36:41.834+0000] {dag.py:3947} INFO - Setting next_dagrun for example_branch_dop_operator_v3 to 2026-08-13 13:35:00+00:00, run_after=2026-08-13 13:36:00+00:00
[2026-08-13T13:36:41.880+0000] {processor.py:183} INFO - Processing /home/airflow/.local/lib/python3.12/site-packages/airflow/example_dags/example_branch_python_dop_operator_3.py took 0.217 seconds
[2026-08-13T13:37:13.179+0000] {processor.py:161} INFO - Started process (PID=1781) to work on /home/airflow/.local/lib/python3.12/site-packages/airflow/example_dags/example_branch_python_dop_operator_3.py
[2026-08-13T13:37:13.183+0000] {processor.py:830} INFO - Processing file /home/airflow/.local/lib/python3.12/site-packages/airflow/example_dags/example_branch_python_dop_operator_3.py for tasks to queue
[2026-08-13T13:37:13.188+0000] {logging_mixin.py:188} INFO - [2026-08-13T13:37:13.188+0000] {dagbag.py:545} INFO - Filling up the DagBag from /home/airflow/.local/lib/python3.12/site-packages/airflow/example_dags/example_branch_python_dop_operator_3.py
[2026-08-13T13:37:13.205+0000] {processor.py:840} INFO - DAG(s) 'example_branch_dop_operator_v3' retrieved from /home/airflow/.local/lib/python3.12/site-packages/airflow/example_dags/example_branch_python_dop_operator_3.py
[2026-08-13T13:37:13.257+0000] {logging_mixin.py:188} INFO - [2026-08-13T13:37:13.257+0000] {dag.py:3089} INFO - Sync 1 DAGs
[2026-08-13T13:37:13.327+0000] {logging_mixin.py:188} INFO - [2026-08-13T13:37:13.327+0000] {dag.py:3947} INFO - Setting next_dagrun for example_branch_dop_operator_v3 to 2026-08-13 13:36:00+00:00, run_after=2026-08-13 13:37:00+00:00
[2026-08-13T13:37:13.377+0000] {processor.py:183} INFO - Processing /home/airflow/.local/lib/python3.12/site-packages/airflow/example_dags/example_branch_python_dop_operator_3.py took 0.210 seconds
[2026-08-13T13:37:46.084+0000] {processor.py:161} INFO - Started process (PID=1855) to work on /home/airflow/.local/lib/python3.12/site-packages/airflow/example_dags/example_branch_python_dop_operator_3.py
[2026-08-13T13:37:46.087+0000] {processor.py:830} INFO - Processing file /home/airflow/.local/lib/python3.12/site-packages/airflow/example_dags/example_branch_python_dop_operator_3.py for tasks to queue
[2026-08-13T13:37:46.095+0000] {logging_mixin.py:188} INFO - [2026-08-13T13:37:46.094+0000] {dagbag.py:545} INFO - Filling up the DagBag from /home/airflow/.local/lib/python3.12/site-packages/airflow/example_dags/example_branch_python_dop_operator_3.py
[2026-08-13T13:37:46.124+0000] {processor.py:840} INFO - DAG(s) 'example_branch_dop_operator_v3' retrieved from /home/airflow/.local/lib/python3.12/site-packages/airflow/example_dags/example_branch_python_dop_operator_3.py
[2026-08-13T13:37:46.171+0000] {logging_mixin.py:188} INFO - [2026-08-13T13:37:46.171+0000] {dag.py:3089} INFO - Sync 1 DAGs
[2026-08-13T13:37:46.240+0000] {logging_mixin.py:188} INFO - [2026-08-13T13:37:46.239+0000] {dag.py:3947} INFO - Setting next_dagrun for example_branch_dop_operator_v3 to 2026-08-13 13:36:00+00:00, run_after=2026-08-13 13:37:00+00:00
[2026-08-13T13:37:46.289+0000] {processor.py:183} INFO - Processing /home/airflow/.local/lib/python3.12/site-packages/airflow/example_dags/example_branch_python_dop_operator_3.py took 0.222 seconds
[2026-08-13T13:38:19.085+0000] {processor.py:161} INFO - Started process (PID=1929) to work on /home/airflow/.local/lib/python3.12/site-packages/airflow/example_dags/example_branch_python_dop_operator_3.py
[2026-08-13T13:38:19.090+0000] {processor.py:830} INFO - Processing file /home/airflow/.local/lib/python3.12/site-packages/airflow/example_dags/example_branch_python_dop_operator_3.py for tasks to queue
[2026-08-13T13:38:19.103+0000] {logging_mixin.py:188} INFO - [2026-08-13T13:38:19.101+0000] {dagbag.py:545} INFO - Filling up the DagBag from /home/airflow/.local/lib/python3.12/site-packages/airflow/example_dags/example_branch_python_dop_operator_3.py
[2026-08-13T13:38:19.136+0000] {processor.py:840} INFO - DAG(s) 'example_branch_dop_operator_v3' retrieved from /home/airflow/.local/lib/python3.12/site-packages/airflow/example_dags/example_branch_python_dop_operator_3.py
[2026-08-13T13:38:19.192+0000] {logging_mixin.py:188} INFO - [2026-08-13T13:38:19.191+0000] {dag.py:3089} INFO - Sync 1 DAGs
[2026-08-13T13:38:19.266+0000] {logging_mixin.py:188} INFO - [2026-08-13T13:38:19.266+0000] {dag.py:3947} INFO - Setting next_dagrun for example_branch_dop_operator_v3 to 2026-08-13 13:37:00+00:00, run_after=2026-08-13 13:38:00+00:00
[2026-08-13T13:38:19.324+0000] {processor.py:183} INFO - Processing /home/airflow/.local/lib/python3.12/site-packages/airflow/example_dags/example_branch_python_dop_operator_3.py took 0.269 seconds
[2026-08-13T13:38:52.968+0000] {processor.py:161} INFO - Started process (PID=2003) to work on /home/airflow/.local/lib/python3.12/site-packages/airflow/example_dags/example_branch_python_dop_operator_3.py
[2026-08-13T13:38:52.970+0000] {processor.py:830} INFO - Processing file /home/airflow/.local/lib/python3.12/site-packages/airflow/example_dags/example_branch_python_dop_operator_3.py for tasks to queue
[2026-08-13T13:38:52.975+0000] {logging_mixin.py:188} INFO - [2026-08-13T13:38:52.974+0000] {dagbag.py:545} INFO - Filling up the DagBag from /home/airflow/.local/lib/python3.12/site-packages/airflow/example_dags/example_branch_python_dop_operator_3.py
[2026-08-13T13:38:52.993+0000] {processor.py:840} INFO - DAG(s) 'example_branch_dop_operator_v3' retrieved from /home/airflow/.local/lib/python3.12/site-packages/airflow/example_dags/example_branch_python_dop_operator_3.py
[2026-08-13T13:38:53.032+0000] {logging_mixin.py:188} INFO - [2026-08-13T13:38:53.032+0000] {dag.py:3089} INFO - Sync 1 DAGs
[2026-08-13T13:38:53.084+0000] {logging_mixin.py:188} INFO - [2026-08-13T13:38:53.084+0000] {dag.py:3947} INFO - Setting next_dagrun for example_branch_dop_operator_v3 to 2026-08-13 13:37:00+00:00, run_after=2026-08-13 13:38:00+00:00
[2026-08-13T13:38:53.137+0000] {processor.py:183} INFO - Processing /home/airflow/.local/lib/python3.12/site-packages/airflow/example_dags/example_branch_python_dop_operator_3.py took 0.178 seconds
[2026-08-13T13:39:26.675+0000] {processor.py:161} INFO - Started process (PID=2077) to work on /home/airflow/.local/lib/python3.12/site-packages/airflow/example_dags/example_branch_python_dop_operator_3.py
[2026-08-13T13:39:26.679+0000] {processor.py:830} INFO - Processing file /home/airflow/.local/lib/python3.12/site-packages/airflow/example_dags/example_branch_python_dop_operator_3.py for tasks to queue
[2026-08-13T13:39:26.686+0000] {logging_mixin.py:188} INFO - [2026-08-13T13:39:26.685+0000] {dagbag.py:545} INFO - Filling up the DagBag from /home/airflow/.local/lib/python3.12/site-packages/airflow/example_dags/example_branch_python_dop_operator_3.py
[2026-08-13T13:39:26.713+0000] {processor.py:840} INFO - DAG(s) 'example_branch_dop_operator_v3' retrieved from /home/airflow/.local/lib/python3.12/site-packages/airflow/example_dags/example_branch_python_dop_operator_3.py
[2026-08-13T13:39:26.769+0000] {logging_mixin.py:188} INFO - [2026-08-13T13:39:26.768+0000] {dag.py:3089} INFO - Sync 1 DAGs
[2026-08-13T13:39:26.840+0000] {logging_mixin.py:188} INFO - [2026-08-13T13:39:26.840+0000] {dag.py:3947} INFO - Setting next_dagrun for example_branch_dop_operator_v3 to 2026-08-13 13:38:00+00:00, run_after=2026-08-13 13:39:00+00:00
[2026-08-13T13:39:26.904+0000] {processor.py:183} INFO - Processing /home/airflow/.local/lib/python3.12/site-packages/airflow/example_dags/example_branch_python_dop_operator_3.py took 0.245 seconds
[2026-08-13T13:39:59.199+0000] {processor.py:161} INFO - Started process (PID=2150) to work on /home/airflow/.local/lib/python3.12/site-packages/airflow/example_dags/example_branch_python_dop_operator_3.py
[2026-08-13T13:39:59.207+0000] {processor.py:830} INFO - Processing file /home/airflow/.local/lib/python3.12/site-packages/airflow/example_dags/example_branch_python_dop_operator_3.py for tasks to queue
[2026-08-13T13:39:59.230+0000] {logging_mixin.py:188} INFO - [2026-08-13T13:39:59.230+0000] {dagbag.py:545} INFO - Filling up the DagBag from /home/airflow/.local/lib/python3.12/site-packages/airflow/example_dags/example_branch_python_dop_operator_3.py
[2026-08-13T13:39:59.285+0000] {processor.py:840} INFO - DAG(s) 'example_branch_dop_operator_v3' retrieved from /home/airflow/.local/lib/python3.12/site-packages/airflow/example_dags/example_branch_python_dop_operator_3.py
[2026-08-13T13:39:59.370+0000] {logging_mixin.py:188} INFO - [2026-08-13T13:39:59.369+0000] {dag.py:3089} INFO - Sync 1 DAGs
[2026-08-13T13:39:59.439+0000] {logging_mixin.py:188} INFO - [2026-08-13T13:39:59.438+0000] {dag.py:3947} INFO - Setting next_dagrun for example_branch_dop_operator_v3 to 2026-08-13 13:38:00+00:00, run_after=2026-08-13 13:39:00+00:00
[2026-08-13T13:39:59.505+0000] {processor.py:183} INFO - Processing /home/airflow/.local/lib/python3.12/site-packages/airflow/example_dags/example_branch_python_dop_operator_3.py took 0.326 seconds
[2026-08-13T13:40:32.544+0000] {processor.py:161} INFO - Started process (PID=2222) to work on /home/airflow/.local/lib/python3.12/site-packages/airflow/example_dags/example_branch_python_dop_operator_3.py
[2026-08-13T13:40:32.547+0000] {processor.py:830} INFO - Processing file /home/airflow/.local/lib/python3.12/site-packages/airflow/example_dags/example_branch_python_dop_operator_3.py for tasks to queue
[2026-08-13T13:40:32.551+0000] {logging_mixin.py:188} INFO - [2026-08-13T13:40:32.551+0000] {dagbag.py:545} INFO - Filling up the DagBag from /home/airflow/.local/lib/python3.12/site-packages/airflow/example_dags/example_branch_python_dop_operator_3.py
[2026-08-13T13:40:32.566+0000] {processor.py:840} INFO - DAG(s) 'example_branch_dop_operator_v3' retrieved from /home/airflow/.local/lib/python3.12/site-packages/airflow/example_dags/example_branch_python_dop_operator_3.py
[2026-08-13T13:40:32.619+0000] {logging_mixin.py:188} INFO - [2026-08-13T13:40:32.618+0000] {dag.py:3089} INFO - Sync 1 DAGs
[2026-08-13T13:40:32.718+0000] {logging_mixin.py:188} INFO - [2026-08-13T13:40:32.717+0000] {dag.py:3947} INFO - Setting next_dagrun for example_branch_dop_operator_v3 to 2026-08-13 13:39:00+00:00, run_after=2026-08-13 13:40:00+00:00
[2026-08-13T13:40:32.810+0000] {processor.py:183} INFO - Processing /home/airflow/.local/lib/python3.12/site-packages/airflow/example_dags/example_branch_python_dop_operator_3.py took 0.279 seconds
[2026-08-13T13:41:07.002+0000] {processor.py:161} INFO - Started process (PID=2295) to work on /home/airflow/.local/lib/python3.12/site-packages/airflow/example_dags/example_branch_python_dop_operator_3.py
[2026-08-13T13:41:07.006+0000] {processor.py:830} INFO - Processing file /home/airflow/.local/lib/python3.12/site-packages/airflow/example_dags/example_branch_python_dop_operator_3.py for tasks to queue
[2026-08-13T13:41:07.013+0000] {logging_mixin.py:188} INFO - [2026-08-13T13:41:07.012+0000] {dagbag.py:545} INFO - Filling up the DagBag from /home/airflow/.local/lib/python3.12/site-packages/airflow/example_dags/example_branch_python_dop_operator_3.py
[2026-08-13T13:41:07.038+0000] {processor.py:840} INFO - DAG(s) 'example_branch_dop_operator_v3' retrieved from /home/airflow/.local/lib/python3.12/site-packages/airflow/example_dags/example_branch_python_dop_operator_3.py
[2026-08-13T13:41:07.096+0000] {logging_mixin.py:188} INFO - [2026-08-13T13:41:07.095+0000] {dag.py:3089} INFO - Sync 1 DAGs
[2026-08-13T13:41:07.158+0000] {logging_mixin.py:188} INFO - [2026-08-13T13:41:07.158+0000] {dag.py:3947} INFO - Setting next_dagrun for example_branch_dop_operator_v3 to 2026-08-13 13:40:00+00:00, run_after=2026-08-13 13:41:00+00:00
[2026-08-13T13:41:07.204+0000] {processor.py:183} INFO - Processing /home/airflow/.local/lib/python3.12/site-packages/airflow/example_dags/example_branch_python_dop_operator_3.py took 0.215 seconds
[2026-08-13T13:41:43.526+0000] {processor.py:161} INFO - Started process (PID=2369) to work on /home/airflow/.local/lib/python3.12/site-packages/airflow/example_dags/example_branch_python_dop_operator_3.py
[2026-08-13T13:41:43.531+0000] {processor.py:830} INFO - Processing file /home/airflow/.local/lib/python3.12/site-packages/airflow/example_dags/example_branch_python_dop_operator_3.py for tasks to queue
[2026-08-13T13:41:43.540+0000] {logging_mixin.py:188} INFO - [2026-08-13T13:41:43.539+0000] {dagbag.py:545} INFO - Filling up the DagBag from /home/airflow/.local/lib/python3.12/site-packages/airflow/example_dags/example_branch_python_dop_operator_3.py
[2026-08-13T13:41:43.577+0000] {processor.py:840} INFO - DAG(s) 'example_branch_dop_operator_v3' retrieved from /home/airflow/.local/lib/python3.12/site-packages/airflow/example_dags/example_branch_python_dop_operator_3.py
[2026-08-13T13:41:43.685+0000] {logging_mixin.py:188} INFO - [2026-08-13T13:41:43.684+0000] {dag.py:3089} INFO - Sync 1 DAGs
[2026-08-13T13:41:44.267+0000] {logging_mixin.py:188} INFO - [2026-08-13T13:41:44.267+0000] {dag.py:3947} INFO - Setting next_dagrun for example_branch_dop_operator_v3 to 2026-08-13 13:40:00+00:00, run_after=2026-08-13 13:41:00+00:00
[2026-08-13T13:41:44.313+0000] {processor.py:183} INFO - Processing /home/airflow/.local/lib/python3.12/site-packages/airflow/example_dags/example_branch_python_dop_operator_3.py took 0.803 seconds
[2026-08-13T13:42:15.246+0000] {processor.py:161} INFO - Started process (PID=2442) to work on /home/airflow/.local/lib/python3.12/site-packages/airflow/example_dags/example_branch_python_dop_operator_3.py
[2026-08-13T13:42:15.252+0000] {processor.py:830} INFO - Processing file /home/airflow/.local/lib/python3.12/site-packages/airflow/example_dags/example_branch_python_dop_operator_3.py for tasks to queue
[2026-08-13T13:42:15.260+0000] {logging_mixin.py:188} INFO - [2026-08-13T13:42:15.259+0000] {dagbag.py:545} INFO - Filling up the DagBag from /home/airflow/.local/lib/python3.12/site-packages/airflow/example_dags/example_branch_python_dop_operator_3.py
[2026-08-13T13:42:15.288+0000] {processor.py:840} INFO - DAG(s) 'example_branch_dop_operator_v3' retrieved from /home/airflow/.local/lib/python3.12/site-packages/airflow/example_dags/example_branch_python_dop_operator_3.py
[2026-08-13T13:42:15.351+0000] {logging_mixin.py:188} INFO - [2026-08-13T13:42:15.350+0000] {dag.py:3089} INFO - Sync 1 DAGs
[2026-08-13T13:42:15.437+0000] {logging_mixin.py:188} INFO - [2026-08-13T13:42:15.436+0000] {dag.py:3947} INFO - Setting next_dagrun for example_branch_dop_operator_v3 to 2026-08-13 13:41:00+00:00, run_after=2026-08-13 13:42:00+00:00
[2026-08-13T13:42:15.981+0000] {processor.py:183} INFO - Processing /home/airflow/.local/lib/python3.12/site-packages/airflow/example_dags/example_branch_python_dop_operator_3.py took 0.754 seconds
[2026-08-13T13:42:46.453+0000] {processor.py:161} INFO - Started process (PID=2515) to work on /home/airflow/.local/lib/python3.12/site-packages/airflow/example_dags/example_branch_python_dop_operator_3.py
[2026-08-13T13:42:46.457+0000] {processor.py:830} INFO - Processing file /home/airflow/.local/lib/python3.12/site-packages/airflow/example_dags/example_branch_python_dop_operator_3.py for tasks to queue
[2026-08-13T13:42:46.463+0000] {logging_mixin.py:188} INFO - [2026-08-13T13:42:46.462+0000] {dagbag.py:545} INFO - Filling up the DagBag from /home/airflow/.local/lib/python3.12/site-packages/airflow/example_dags/example_branch_python_dop_operator_3.py
[2026-08-13T13:42:46.483+0000] {processor.py:840} INFO - DAG(s) 'example_branch_dop_operator_v3' retrieved from /home/airflow/.local/lib/python3.12/site-packages/airflow/example_dags/example_branch_python_dop_operator_3.py
[2026-08-13T13:42:46.537+0000] {logging_mixin.py:188} INFO - [2026-08-13T13:42:46.536+0000] {dag.py:3089} INFO - Sync 1 DAGs
[2026-08-13T13:42:46.589+0000] {logging_mixin.py:188} INFO - [2026-08-13T13:42:46.588+0000] {dag.py:3947} INFO - Setting next_dagrun for example_branch_dop_operator_v3 to 2026-08-13 13:41:00+00:00, run_after=2026-08-13 13:42:00+00:00
[2026-08-13T13:42:46.639+0000] {processor.py:183} INFO - Processing /home/airflow/.local/lib/python3.12/site-packages/airflow/example_dags/example_branch_python_dop_operator_3.py took 0.198 seconds
[2026-08-13T13:43:16.833+0000] {processor.py:161} INFO - Started process (PID=2581) to work on /home/airflow/.local/lib/python3.12/site-packages/airflow/example_dags/example_branch_python_dop_operator_3.py
[2026-08-13T13:43:16.837+0000] {processor.py:830} INFO - Processing file /home/airflow/.local/lib/python3.12/site-packages/airflow/example_dags/example_branch_python_dop_operator_3.py for tasks to queue
[2026-08-13T13:43:16.846+0000] {logging_mixin.py:188} INFO - [2026-08-13T13:43:16.844+0000] {dagbag.py:545} INFO - Filling up the DagBag from /home/airflow/.local/lib/python3.12/site-packages/airflow/example_dags/example_branch_python_dop_operator_3.py
[2026-08-13T13:43:16.872+0000] {processor.py:840} INFO - DAG(s) 'example_branch_dop_operator_v3' retrieved from /home/airflow/.local/lib/python3.12/site-packages/airflow/example_dags/example_branch_python_dop_operator_3.py
[2026-08-13T13:43:16.936+0000] {logging_mixin.py:188} INFO - [2026-08-13T13:43:16.935+0000] {dag.py:3089} INFO - Sync 1 DAGs
[2026-08-13T13:43:17.014+0000] {logging_mixin.py:188} INFO - [2026-08-13T13:43:17.013+0000] {dag.py:3947} INFO - Setting next_dagrun for example_branch_dop_operator_v3 to 2026-08-13 13:42:00+00:00, run_after=2026-08-13 13:43:00+00:00
[2026-08-13T13:43:17.109+0000] {processor.py:183} INFO - Processing /home/airflow/.local/lib/python3.12/site-packages/airflow/example_dags/example_branch_python_dop_operator_3.py took 0.293 seconds
[2026-08-13T13:43:47.323+0000] {processor.py:161} INFO - Started process (PID=2652) to work on /home/airflow/.local/lib/python3.12/site-packages/airflow/example_dags/example_branch_python_dop_operator_3.py
[2026-08-13T13:43:47.329+0000] {processor.py:830} INFO - Processing file /home/airflow/.local/lib/python3.12/site-packages/airflow/example_dags/example_branch_python_dop_operator_3.py for tasks to queue
[2026-08-13T13:43:47.336+0000] {logging_mixin.py:188} INFO - [2026-08-13T13:43:47.336+0000] {dagbag.py:545} INFO - Filling up the DagBag from /home/airflow/.local/lib/python3.12/site-packages/airflow/example_dags/example_branch_python_dop_operator_3.py
[2026-08-13T13:43:47.372+0000] {processor.py:840} INFO - DAG(s) 'example_branch_dop_operator_v3' retrieved from /home/airflow/.local/lib/python3.12/site-packages/airflow/example_dags/example_branch_python_dop_operator_3.py
[2026-08-13T13:43:47.446+0000] {logging_mixin.py:188} INFO - [2026-08-13T13:43:47.445+0000] {dag.py:3089} INFO - Sync 1 DAGs
[2026-08-13T13:43:47.524+0000] {logging_mixin.py:188} INFO - [2026-08-13T13:43:47.523+0000] {dag.py:3947} INFO - Setting next_dagrun for example_branch_dop_operator_v3 to 2026-08-13 13:42:00+00:00, run_after=2026-08-13 13:43:00+00:00
[2026-08-13T13:43:47.580+0000] {processor.py:183} INFO - Processing /home/airflow/.local/lib/python3.12/site-packages/airflow/example_dags/example_branch_python_dop_operator_3.py took 0.273 seconds
[2026-08-13T13:44:18.242+0000] {processor.py:161} INFO - Started process (PID=2725) to work on /home/airflow/.local/lib/python3.12/site-packages/airflow/example_dags/example_branch_python_dop_operator_3.py
[2026-08-13T13:44:18.245+0000] {processor.py:830} INFO - Processing file /home/airflow/.local/lib/python3.12/site-packages/airflow/example_dags/example_branch_python_dop_operator_3.py for tasks to queue
[2026-08-13T13:44:18.251+0000] {logging_mixin.py:188} INFO - [2026-08-13T13:44:18.250+0000] {dagbag.py:545} INFO - Filling up the DagBag from /home/airflow/.local/lib/python3.12/site-packages/airflow/example_dags/example_branch_python_dop_operator_3.py
[2026-08-13T13:44:18.282+0000] {processor.py:840} INFO - DAG(s) 'example_branch_dop_operator_v3' retrieved from /home/airflow/.local/lib/python3.12/site-packages/airflow/example_dags/example_branch_python_dop_operator_3.py
[2026-08-13T13:44:18.330+0000] {logging_mixin.py:188} INFO - [2026-08-13T13:44:18.329+0000] {dag.py:3089} INFO - Sync 1 DAGs
[2026-08-13T13:44:18.389+0000] {logging_mixin.py:188} INFO - [2026-08-13T13:44:18.388+0000] {dag.py:3947} INFO - Setting next_dagrun for example_branch_dop_operator_v3 to 2026-08-13 13:43:00+00:00, run_after=2026-08-13 13:44:00+00:00
[2026-08-13T13:44:18.437+0000] {processor.py:183} INFO - Processing /home/airflow/.local/lib/python3.12/site-packages/airflow/example_dags/example_branch_python_dop_operator_3.py took 0.215 seconds
[2026-08-13T13:44:48.648+0000] {processor.py:161} INFO - Started process (PID=2797) to work on /home/airflow/.local/lib/python3.12/site-packages/airflow/example_dags/example_branch_python_dop_operator_3.py
[2026-08-13T13:44:48.651+0000] {processor.py:830} INFO - Processing file /home/airflow/.local/lib/python3.12/site-packages/airflow/example_dags/example_branch_python_dop_operator_3.py for tasks to queue
[2026-08-13T13:44:48.656+0000] {logging_mixin.py:188} INFO - [2026-08-13T13:44:48.655+0000] {dagbag.py:545} INFO - Filling up the DagBag from /home/airflow/.local/lib/python3.12/site-packages/airflow/example_dags/example_branch_python_dop_operator_3.py
[2026-08-13T13:44:48.673+0000] {processor.py:840} INFO - DAG(s) 'example_branch_dop_operator_v3' retrieved from /home/airflow/.local/lib/python3.12/site-packages/airflow/example_dags/example_branch_python_dop_operator_3.py
[2026-08-13T13:44:48.720+0000] {logging_mixin.py:188} INFO - [2026-08-13T13:44:48.719+0000] {dag.py:3089} INFO - Sync 1 DAGs
[2026-08-13T13:44:48.780+0000] {logging_mixin.py:188} INFO - [2026-08-13T13:44:48.779+0000] {dag.py:3947} INFO - Setting next_dagrun for example_branch_dop_operator_v3 to 2026-08-13 13:43:00+00:00, run_after=2026-08-13 13:44:00+00:00
[2026-08-13T13:44:48.819+0000] {processor.py:183} INFO - Processing /home/airflow/.local/lib/python3.12/site-packages/airflow/example_dags/example_branch_python_dop_operator_3.py took 0.182 seconds
[2026-08-13T13:45:19.291+0000] {processor.py:161} INFO - Started process (PID=2868) to work on /home/airflow/.local/lib/python3.12/site-packages/airflow/example_dags/example_branch_python_dop_operator_3.py
[2026-08-13T13:45:19.293+0000] {processor.py:830} INFO - Processing file /home/airflow/.local/lib/python3.12/site-packages/airflow/example_dags/example_branch_python_dop_operator_3.py for tasks to queue
[2026-08-13T13:45:19.297+0000] {logging_mixin.py:188} INFO - [2026-08-13T13:45:19.297+0000] {dagbag.py:545} INFO - Filling up the DagBag from /home/airflow/.local/lib/python3.12/site-packages/airflow/example_dags/example_branch_python_dop_operator_3.py
[2026-08-13T13:45:19.316+0000] {processor.py:840} INFO - DAG(s) 'example_branch_dop_operator_v3' retrieved from /home/airflow/.local/lib/python3.12/site-packages/airflow/example_dags/example_branch_python_dop_operator_3.py
[2026-08-13T13:45:19.367+0000] {logging_mixin.py:188} INFO - [2026-08-13T13:45:19.367+0000] {dag.py:3089} INFO - Sync 1 DAGs
[2026-08-13T13:45:19.420+0000] {logging_mixin.py:188} INFO - [2026-08-13T13:45:19.420+0000] {dag.py:3947} INFO - Setting next_dagrun for example_branch_dop_operator_v3 to 2026-08-13 13:44:00+00:00, run_after=2026-08-13 13:45:00+00:00
[2026-08-13T13:45:19.467+0000] {processor.py:183} INFO - Processing /home/airflow/.local/lib/python3.12/site-packages/airflow/example_dags/example_branch_python_dop_operator_3.py took 0.185 seconds
[2026-08-13T13:45:52.102+0000] {processor.py:161} INFO - Started process (PID=2942) to work on /home/airflow/.local/lib/python3.12/site-packages/airflow/example_dags/example_branch_python_dop_operator_3.py
[2026-08-13T13:45:52.106+0000] {processor.py:830} INFO - Processing file /home/airflow/.local/lib/python3.12/site-packages/airflow/example_dags/example_branch_python_dop_operator_3.py for tasks to queue
[2026-08-13T13:45:52.117+0000] {logging_mixin.py:188} INFO - [2026-08-13T13:45:52.116+0000] {dagbag.py:545} INFO - Filling up the DagBag from /home/airflow/.local/lib/python3.12/site-packages/airflow/example_dags/example_branch_python_dop_operator_3.py
[2026-08-13T13:45:52.147+0000] {processor.py:840} INFO - DAG(s) 'example_branch_dop_operator_v3' retrieved from /home/airflow/.local/lib/python3.12/site-packages/airflow/example_dags/example_branch_python_dop_operator_3.py
[2026-08-13T13:45:52.205+0000] {logging_mixin.py:188} INFO - [2026-08-13T13:45:52.204+0000] {dag.py:3089} INFO - Sync 1 DAGs
[2026-08-13T13:45:52.268+0000] {logging_mixin.py:188} INFO - [2026-08-13T13:45:52.268+0000] {dag.py:3947} INFO - Setting next_dagrun for example_branch_dop_operator_v3 to 2026-08-13 13:44:00+00:00, run_after=2026-08-13 13:45:00+00:00
[2026-08-13T13:45:52.345+0000] {processor.py:183} INFO - Processing /home/airflow/.local/lib/python3.12/site-packages/airflow/example_dags/example_branch_python_dop_operator_3.py took 0.256 seconds
[2026-08-13T13:46:24.016+0000] {processor.py:161} INFO - Started process (PID=3016) to work on /home/airflow/.local/lib/python3.12/site-packages/airflow/example_dags/example_branch_python_dop_operator_3.py
[2026-08-13T13:46:24.019+0000] {processor.py:830} INFO - Processing file /home/airflow/.local/lib/python3.12/site-packages/airflow/example_dags/example_branch_python_dop_operator_3.py for tasks to queue
[2026-08-13T13:46:24.026+0000] {logging_mixin.py:188} INFO - [2026-08-13T13:46:24.025+0000] {dagbag.py:545} INFO - Filling up the DagBag from /home/airflow/.local/lib/python3.12/site-packages/airflow/example_dags/example_branch_python_dop_operator_3.py
[2026-08-13T13:46:24.055+0000] {processor.py:840} INFO - DAG(s) 'example_branch_dop_operator_v3' retrieved from /home/airflow/.local/lib/python3.12/site-packages/airflow/example_dags/example_branch_python_dop_operator_3.py
[2026-08-13T13:46:24.105+0000] {logging_mixin.py:188} INFO - [2026-08-13T13:46:24.104+0000] {dag.py:3089} INFO - Sync 1 DAGs
[2026-08-13T13:46:24.157+0000] {logging_mixin.py:188} INFO - [2026-08-13T13:46:24.156+0000] {dag.py:3947} INFO - Setting next_dagrun for example_branch_dop_operator_v3 to 2026-08-13 13:45:00+00:00, run_after=2026-08-13 13:46:00+00:00
[2026-08-13T13:46:24.213+0000] {processor.py:183} INFO - Processing /home/airflow/.local/lib/python3.12/site-packages/airflow/example_dags/example_branch_python_dop_operator_3.py took 0.207 seconds
[2026-08-13T13:46:54.406+0000] {processor.py:161} INFO - Started process (PID=3088) to work on /home/airflow/.local/lib/python3.12/site-packages/airflow/example_dags/example_branch_python_dop_operator_3.py
[2026-08-13T13:46:54.410+0000] {processor.py:830} INFO - Processing file /home/airflow/.local/lib/python3.12/site-packages/airflow/example_dags/example_branch_python_dop_operator_3.py for tasks to queue
[2026-08-13T13:46:54.417+0000] {logging_mixin.py:188} INFO - [2026-08-13T13:46:54.415+0000] {dagbag.py:545} INFO - Filling up the DagBag from /home/airflow/.local/lib/python3.12/site-packages/airflow/example_dags/example_branch_python_dop_operator_3.py
[2026-08-13T13:46:54.440+0000] {processor.py:840} INFO - DAG(s) 'example_branch_dop_operator_v3' retrieved from /home/airflow/.local/lib/python3.12/site-packages/airflow/example_dags/example_branch_python_dop_operator_3.py
[2026-08-13T13:46:54.491+0000] {logging_mixin.py:188} INFO - [2026-08-13T13:46:54.490+0000] {dag.py:3089} INFO - Sync 1 DAGs
[2026-08-13T13:46:54.557+0000] {logging_mixin.py:188} INFO - [2026-08-13T13:46:54.557+0000] {dag.py:3947} INFO - Setting next_dagrun for example_branch_dop_operator_v3 to 2026-08-13 13:45:00+00:00, run_after=2026-08-13 13:46:00+00:00
[2026-08-13T13:46:54.625+0000] {processor.py:183} INFO - Processing /home/airflow/.local/lib/python3.12/site-packages/airflow/example_dags/example_branch_python_dop_operator_3.py took 0.233 seconds
[2026-08-13T13:47:24.822+0000] {processor.py:161} INFO - Started process (PID=3158) to work on /home/airflow/.local/lib/python3.12/site-packages/airflow/example_dags/example_branch_python_dop_operator_3.py
[2026-08-13T13:47:24.825+0000] {processor.py:830} INFO - Processing file /home/airflow/.local/lib/python3.12/site-packages/airflow/example_dags/example_branch_python_dop_operator_3.py for tasks to queue
[2026-08-13T13:47:24.829+0000] {logging_mixin.py:188} INFO - [2026-08-13T13:47:24.828+0000] {dagbag.py:545} INFO - Filling up the DagBag from /home/airflow/.local/lib/python3.12/site-packages/airflow/example_dags/example_branch_python_dop_operator_3.py
[2026-08-13T13:47:24.847+0000] {processor.py:840} INFO - DAG(s) 'example_branch_dop_operator_v3' retrieved from /home/airflow/.local/lib/python3.12/site-packages/airflow/example_dags/example_branch_python_dop_operator_3.py
[2026-08-13T13:47:24.893+0000] {logging_mixin.py:188} INFO - [2026-08-13T13:47:24.893+0000] {dag.py:3089} INFO - Sync 1 DAGs
[2026-08-13T13:47:24.944+0000] {logging_mixin.py:188} INFO - [2026-08-13T13:47:24.943+0000] {dag.py:3947} INFO - Setting next_dagrun for example_branch_dop_operator_v3 to 2026-08-13 13:46:00+00:00, run_after=2026-08-13 13:47:00+00:00
[2026-08-13T13:47:24.982+0000] {processor.py:183} INFO - Processing /home/airflow/.local/lib/python3.12/site-packages/airflow/example_dags/example_branch_python_dop_operator_3.py took 0.169 seconds
[2026-08-13T13:47:56.018+0000] {processor.py:161} INFO - Started process (PID=3224) to work on /home/airflow/.local/lib/python3.12/site-packages/airflow/example_dags/example_branch_python_dop_operator_3.py
[2026-08-13T13:47:56.021+0000] {processor.py:830} INFO - Processing file /home/airflow/.local/lib/python3.12/site-packages/airflow/example_dags/example_branch_python_dop_operator_3.py for tasks to queue
[2026-08-13T13:47:56.026+0000] {logging_mixin.py:188} INFO - [2026-08-13T13:47:56.025+0000] {dagbag.py:545} INFO - Filling up the DagBag from /home/airflow/.local/lib/python3.12/site-packages/airflow/example_dags/example_branch_python_dop_operator_3.py
[2026-08-13T13:47:56.047+0000] {processor.py:840} INFO - DAG(s) 'example_branch_dop_operator_v3' retrieved from /home/airflow/.local/lib/python3.12/site-packages/airflow/example_dags/example_branch_python_dop_operator_3.py
[2026-08-13T13:47:56.093+0000] {logging_mixin.py:188} INFO - [2026-08-13T13:47:56.092+0000] {dag.py:3089} INFO - Sync 1 DAGs
[2026-08-13T13:47:56.145+0000] {logging_mixin.py:188} INFO - [2026-08-13T13:47:56.144+0000] {dag.py:3947} INFO - Setting next_dagrun for example_branch_dop_operator_v3 to 2026-08-13 13:46:00+00:00, run_after=2026-08-13 13:47:00+00:00
[2026-08-13T13:47:56.187+0000] {processor.py:183} INFO - Processing /home/airflow/.local/lib/python3.12/site-packages/airflow/example_dags/example_branch_python_dop_operator_3.py took 0.180 seconds
[2026-08-13T13:48:27.701+0000] {processor.py:161} INFO - Started process (PID=3297) to work on /home/airflow/.local/lib/python3.12/site-packages/airflow/example_dags/example_branch_python_dop_operator_3.py
[2026-08-13T13:48:27.704+0000] {processor.py:830} INFO - Processing file /home/airflow/.local/lib/python3.12/site-packages/airflow/example_dags/example_branch_python_dop_operator_3.py for tasks to queue
[2026-08-13T13:48:27.710+0000] {logging_mixin.py:188} INFO - [2026-08-13T13:48:27.709+0000] {dagbag.py:545} INFO - Filling up the DagBag from /home/airflow/.local/lib/python3.12/site-packages/airflow/example_dags/example_branch_python_dop_operator_3.py
[2026-08-13T13:48:27.725+0000] {processor.py:840} INFO - DAG(s) 'example_branch_dop_operator_v3' retrieved from /home/airflow/.local/lib/python3.12/site-packages/airflow/example_dags/example_branch_python_dop_operator_3.py
[2026-08-13T13:48:27.776+0000] {logging_mixin.py:188} INFO - [2026-08-13T13:48:27.775+0000] {dag.py:3089} INFO - Sync 1 DAGs
[2026-08-13T13:48:27.842+0000] {logging_mixin.py:188} INFO - [2026-08-13T13:48:27.841+0000] {dag.py:3947} INFO - Setting next_dagrun for example_branch_dop_operator_v3 to 2026-08-13 13:47:00+00:00, run_after=2026-08-13 13:48:00+00:00
[2026-08-13T13:48:27.905+0000] {processor.py:183} INFO - Processing /home/airflow/.local/lib/python3.12/site-packages/airflow/example_dags/example_branch_python_dop_operator_3.py took 0.217 seconds
[2026-08-13T13:48:59.949+0000] {processor.py:161} INFO - Started process (PID=3371) to work on /home/airflow/.local/lib/python3.12/site-packages/airflow/example_dags/example_branch_python_dop_operator_3.py
[2026-08-13T13:48:59.954+0000] {processor.py:830} INFO - Processing file /home/airflow/.local/lib/python3.12/site-packages/airflow/example_dags/example_branch_python_dop_operator_3.py for tasks to queue
[2026-08-13T13:48:59.963+0000] {logging_mixin.py:188} INFO - [2026-08-13T13:48:59.962+0000] {dagbag.py:545} INFO - Filling up the DagBag from /home/airflow/.local/lib/python3.12/site-packages/airflow/example_dags/example_branch_python_dop_operator_3.py
[2026-08-13T13:49:00.001+0000] {processor.py:840} INFO - DAG(s) 'example_branch_dop_operator_v3' retrieved from /home/airflow/.local/lib/python3.12/site-packages/airflow/example_dags/example_branch_python_dop_operator_3.py
[2026-08-13T13:49:00.110+0000] {logging_mixin.py:188} INFO - [2026-08-13T13:49:00.110+0000] {dag.py:3089} INFO - Sync 1 DAGs
[2026-08-13T13:49:00.223+0000] {logging_mixin.py:188} INFO - [2026-08-13T13:49:00.221+0000] {dag.py:3947} INFO - Setting next_dagrun for example_branch_dop_operator_v3 to 2026-08-13 13:48:00+00:00, run_after=2026-08-13 13:49:00+00:00
[2026-08-13T13:49:00.305+0000] {processor.py:183} INFO - Processing /home/airflow/.local/lib/python3.12/site-packages/airflow/example_dags/example_branch_python_dop_operator_3.py took 0.392 seconds
[2026-08-13T13:49:37.245+0000] {processor.py:161} INFO - Started process (PID=3448) to work on /home/airflow/.local/lib/python3.12/site-packages/airflow/example_dags/example_branch_python_dop_operator_3.py
[2026-08-13T13:49:37.249+0000] {processor.py:830} INFO - Processing file /home/airflow/.local/lib/python3.12/site-packages/airflow/example_dags/example_branch_python_dop_operator_3.py for tasks to queue
[2026-08-13T13:49:37.279+0000] {logging_mixin.py:188} INFO - [2026-08-13T13:49:37.265+0000] {dagbag.py:545} INFO - Filling up the DagBag from /home/airflow/.local/lib/python3.12/site-packages/airflow/example_dags/example_branch_python_dop_operator_3.py
[2026-08-13T13:49:37.348+0000] {processor.py:840} INFO - DAG(s) 'example_branch_dop_operator_v3' retrieved from /home/airflow/.local/lib/python3.12/site-packages/airflow/example_dags/example_branch_python_dop_operator_3.py
[2026-08-13T13:49:37.490+0000] {logging_mixin.py:188} INFO - [2026-08-13T13:49:37.485+0000] {dag.py:3089} INFO - Sync 1 DAGs
[2026-08-13T13:49:37.595+0000] {logging_mixin.py:188} INFO - [2026-08-13T13:49:37.594+0000] {dag.py:3947} INFO - Setting next_dagrun for example_branch_dop_operator_v3 to 2026-08-13 13:48:00+00:00, run_after=2026-08-13 13:49:00+00:00
[2026-08-13T13:49:37.682+0000] {processor.py:183} INFO - Processing /home/airflow/.local/lib/python3.12/site-packages/airflow/example_dags/example_branch_python_dop_operator_3.py took 0.472 seconds
[2026-08-13T13:50:08.597+0000] {processor.py:161} INFO - Started process (PID=3520) to work on /home/airflow/.local/lib/python3.12/site-packages/airflow/example_dags/example_branch_python_dop_operator_3.py
[2026-08-13T13:50:08.607+0000] {processor.py:830} INFO - Processing file /home/airflow/.local/lib/python3.12/site-packages/airflow/example_dags/example_branch_python_dop_operator_3.py for tasks to queue
[2026-08-13T13:50:08.644+0000] {logging_mixin.py:188} INFO - [2026-08-13T13:50:08.642+0000] {dagbag.py:545} INFO - Filling up the DagBag from /home/airflow/.local/lib/python3.12/site-packages/airflow/example_dags/example_branch_python_dop_operator_3.py
[2026-08-13T13:50:08.685+0000] {processor.py:840} INFO - DAG(s) 'example_branch_dop_operator_v3' retrieved from /home/airflow/.local/lib/python3.12/site-packages/airflow/example_dags/example_branch_python_dop_operator_3.py
[2026-08-13T13:50:08.765+0000] {logging_mixin.py:188} INFO - [2026-08-13T13:50:08.765+0000] {dag.py:3089} INFO - Sync 1 DAGs
[2026-08-13T13:50:08.860+0000] {logging_mixin.py:188} INFO - [2026-08-13T13:50:08.859+0000] {dag.py:3947} INFO - Setting next_dagrun for example_branch_dop_operator_v3 to 2026-08-13 13:49:00+00:00, run_after=2026-08-13 13:50:00+00:00
[2026-08-13T13:50:08.940+0000] {processor.py:183} INFO - Processing /home/airflow/.local/lib/python3.12/site-packages/airflow/example_dags/example_branch_python_dop_operator_3.py took 0.435 seconds
