[2026-08-13T13:24:32.944+0000] {processor.py:161} INFO - Started process (PID=128) to work on /home/airflow/.local/lib/python3.12/site-packages/airflow/example_dags/example_task_group.py
[2026-08-13T13:24:32.951+0000] {processor.py:830} INFO - Processing file /home/airflow/.local/lib/python3.12/site-packages/airflow/example_dags/example_task_group.py for tasks to queue
[2026-08-13T13:24:32.957+0000] {logging_mixin.py:188} INFO - [2026-08-13T13:24:32.957+0000] {dagbag.py:545} INFO - Filling up the DagBag from /home/airflow/.local/lib/python3.12/site-packages/airflow/example_dags/example_task_group.py
[2026-08-13T13:24:32.989+0000] {processor.py:840} INFO - DAG(s) 'example_task_group' retrieved from /home/airflow/.local/lib/python3.12/site-packages/airflow/example_dags/example_task_group.py
[2026-08-13T13:24:33.248+0000] {logging_mixin.py:188} INFO - [2026-08-13T13:24:33.247+0000] {dag.py:3089} INFO - Sync 1 DAGs
[2026-08-13T13:24:33.293+0000] {logging_mixin.py:188} INFO - [2026-08-13T13:24:33.293+0000] {dag.py:3947} INFO - Setting next_dagrun for example_task_group to 2026-08-12 00:00:00+00:00, run_after=2026-08-13 00:00:00+00:00
[2026-08-13T13:24:33.340+0000] {processor.py:183} INFO - Processing /home/airflow/.local/lib/python3.12/site-packages/airflow/example_dags/example_task_group.py took 0.411 seconds
[2026-08-13T13:25:05.650+0000] {processor.py:161} INFO - Started process (PID=200) to work on /home/airflow/.local/lib/python3.12/site-packages/airflow/example_dags/example_task_group.py
[2026-08-13T13:25:05.660+0000] {processor.py:830} INFO - Processing file /home/airflow/.local/lib/python3.12/site-packages/airflow/example_dags/example_task_group.py for tasks to queue
[2026-08-13T13:25:05.686+0000] {logging_mixin.py:188} INFO - [2026-08-13T13:25:05.685+0000] {dagbag.py:545} INFO - Filling up the DagBag from /home/airflow/.local/lib/python3.12/site-packages/airflow/example_dags/example_task_group.py
[2026-08-13T13:25:05.765+0000] {processor.py:840} INFO - DAG(s) 'example_task_group' retrieved from /home/airflow/.local/lib/python3.12/site-packages/airflow/example_dags/example_task_group.py
[2026-08-13T13:25:05.913+0000] {logging_mixin.py:188} INFO - [2026-08-13T13:25:05.908+0000] {dag.py:3089} INFO - Sync 1 DAGs
[2026-08-13T13:25:06.074+0000] {logging_mixin.py:188} INFO - [2026-08-13T13:25:06.074+0000] {dag.py:3947} INFO - Setting next_dagrun for example_task_group to 2026-08-12 00:00:00+00:00, run_after=2026-08-13 00:00:00+00:00
[2026-08-13T13:25:06.152+0000] {processor.py:183} INFO - Processing /home/airflow/.local/lib/python3.12/site-packages/airflow/example_dags/example_task_group.py took 0.598 seconds
[2026-08-13T13:25:55.916+0000] {processor.py:161} INFO - Started process (PID=273) to work on /home/airflow/.local/lib/python3.12/site-packages/airflow/example_dags/example_task_group.py
[2026-08-13T13:25:55.919+0000] {processor.py:830} INFO - Processing file /home/airflow/.local/lib/python3.12/site-packages/airflow/example_dags/example_task_group.py for tasks to queue
[2026-08-13T13:25:55.924+0000] {logging_mixin.py:188} INFO - [2026-08-13T13:25:55.923+0000] {dagbag.py:545} INFO - Filling up the DagBag from /home/airflow/.local/lib/python3.12/site-packages/airflow/example_dags/example_task_group.py
[2026-08-13T13:25:55.945+0000] {processor.py:840} INFO - DAG(s) 'example_task_group' retrieved from /home/airflow/.local/lib/python3.12/site-packages/airflow/example_dags/example_task_group.py
[2026-08-13T13:25:55.995+0000] {logging_mixin.py:188} INFO - [2026-08-13T13:25:55.995+0000] {dag.py:3089} INFO - Sync 1 DAGs
[2026-08-13T13:25:56.068+0000] {logging_mixin.py:188} INFO - [2026-08-13T13:25:56.067+0000] {dag.py:3947} INFO - Setting next_dagrun for example_task_group to 2026-08-12 00:00:00+00:00, run_after=2026-08-13 00:00:00+00:00
[2026-08-13T13:25:56.159+0000] {processor.py:183} INFO - Processing /home/airflow/.local/lib/python3.12/site-packages/airflow/example_dags/example_task_group.py took 0.256 seconds
[2026-08-13T13:26:29.660+0000] {processor.py:161} INFO - Started process (PID=346) to work on /home/airflow/.local/lib/python3.12/site-packages/airflow/example_dags/example_task_group.py
[2026-08-13T13:26:29.670+0000] {processor.py:830} INFO - Processing file /home/airflow/.local/lib/python3.12/site-packages/airflow/example_dags/example_task_group.py for tasks to queue
[2026-08-13T13:26:29.726+0000] {logging_mixin.py:188} INFO - [2026-08-13T13:26:29.725+0000] {dagbag.py:545} INFO - Filling up the DagBag from /home/airflow/.local/lib/python3.12/site-packages/airflow/example_dags/example_task_group.py
[2026-08-13T13:26:29.766+0000] {processor.py:840} INFO - DAG(s) 'example_task_group' retrieved from /home/airflow/.local/lib/python3.12/site-packages/airflow/example_dags/example_task_group.py
[2026-08-13T13:26:29.953+0000] {logging_mixin.py:188} INFO - [2026-08-13T13:26:29.952+0000] {dag.py:3089} INFO - Sync 1 DAGs
[2026-08-13T13:26:30.055+0000] {logging_mixin.py:188} INFO - [2026-08-13T13:26:30.054+0000] {dag.py:3947} INFO - Setting next_dagrun for example_task_group to 2026-08-12 00:00:00+00:00, run_after=2026-08-13 00:00:00+00:00
[2026-08-13T13:26:30.149+0000] {processor.py:183} INFO - Processing /home/airflow/.local/lib/python3.12/site-packages/airflow/example_dags/example_task_group.py took 0.541 seconds
[2026-08-13T13:27:00.972+0000] {processor.py:161} INFO - Started process (PID=413) to work on /home/airflow/.local/lib/python3.12/site-packages/airflow/example_dags/example_task_group.py
[2026-08-13T13:27:00.980+0000] {processor.py:830} INFO - Processing file /home/airflow/.local/lib/python3.12/site-packages/airflow/example_dags/example_task_group.py for tasks to queue
[2026-08-13T13:27:00.992+0000] {logging_mixin.py:188} INFO - [2026-08-13T13:27:00.991+0000] {dagbag.py:545} INFO - Filling up the DagBag from /home/airflow/.local/lib/python3.12/site-packages/airflow/example_dags/example_task_group.py
[2026-08-13T13:27:01.027+0000] {processor.py:840} INFO - DAG(s) 'example_task_group' retrieved from /home/airflow/.local/lib/python3.12/site-packages/airflow/example_dags/example_task_group.py
[2026-08-13T13:27:01.122+0000] {logging_mixin.py:188} INFO - [2026-08-13T13:27:01.121+0000] {dag.py:3089} INFO - Sync 1 DAGs
[2026-08-13T13:27:01.289+0000] {logging_mixin.py:188} INFO - [2026-08-13T13:27:01.289+0000] {dag.py:3947} INFO - Setting next_dagrun for example_task_group to 2026-08-12 00:00:00+00:00, run_after=2026-08-13 00:00:00+00:00
[2026-08-13T13:27:01.471+0000] {processor.py:183} INFO - Processing /home/airflow/.local/lib/python3.12/site-packages/airflow/example_dags/example_task_group.py took 0.545 seconds
[2026-08-13T13:27:31.876+0000] {processor.py:161} INFO - Started process (PID=485) to work on /home/airflow/.local/lib/python3.12/site-packages/airflow/example_dags/example_task_group.py
[2026-08-13T13:27:31.883+0000] {processor.py:830} INFO - Processing file /home/airflow/.local/lib/python3.12/site-packages/airflow/example_dags/example_task_group.py for tasks to queue
[2026-08-13T13:27:31.892+0000] {logging_mixin.py:188} INFO - [2026-08-13T13:27:31.891+0000] {dagbag.py:545} INFO - Filling up the DagBag from /home/airflow/.local/lib/python3.12/site-packages/airflow/example_dags/example_task_group.py
[2026-08-13T13:27:31.928+0000] {processor.py:840} INFO - DAG(s) 'example_task_group' retrieved from /home/airflow/.local/lib/python3.12/site-packages/airflow/example_dags/example_task_group.py
[2026-08-13T13:27:32.085+0000] {logging_mixin.py:188} INFO - [2026-08-13T13:27:32.084+0000] {dag.py:3089} INFO - Sync 1 DAGs
[2026-08-13T13:27:32.167+0000] {logging_mixin.py:188} INFO - [2026-08-13T13:27:32.166+0000] {dag.py:3947} INFO - Setting next_dagrun for example_task_group to 2026-08-12 00:00:00+00:00, run_after=2026-08-13 00:00:00+00:00
[2026-08-13T13:27:32.222+0000] {processor.py:183} INFO - Processing /home/airflow/.local/lib/python3.12/site-packages/airflow/example_dags/example_task_group.py took 0.389 seconds
[2026-08-13T13:28:02.869+0000] {processor.py:161} INFO - Started process (PID=557) to work on /home/airflow/.local/lib/python3.12/site-packages/airflow/example_dags/example_task_group.py
[2026-08-13T13:28:02.873+0000] {processor.py:830} INFO - Processing file /home/airflow/.local/lib/python3.12/site-packages/airflow/example_dags/example_task_group.py for tasks to queue
[2026-08-13T13:28:02.881+0000] {logging_mixin.py:188} INFO - [2026-08-13T13:28:02.880+0000] {dagbag.py:545} INFO - Filling up the DagBag from /home/airflow/.local/lib/python3.12/site-packages/airflow/example_dags/example_task_group.py
[2026-08-13T13:28:02.925+0000] {processor.py:840} INFO - DAG(s) 'example_task_group' retrieved from /home/airflow/.local/lib/python3.12/site-packages/airflow/example_dags/example_task_group.py
[2026-08-13T13:28:03.006+0000] {logging_mixin.py:188} INFO - [2026-08-13T13:28:03.006+0000] {dag.py:3089} INFO - Sync 1 DAGs
[2026-08-13T13:28:03.126+0000] {logging_mixin.py:188} INFO - [2026-08-13T13:28:03.125+0000] {dag.py:3947} INFO - Setting next_dagrun for example_task_group to 2026-08-12 00:00:00+00:00, run_after=2026-08-13 00:00:00+00:00
[2026-08-13T13:28:03.183+0000] {processor.py:183} INFO - Processing /home/airflow/.local/lib/python3.12/site-packages/airflow/example_dags/example_task_group.py took 0.333 seconds
[2026-08-13T13:28:33.688+0000] {processor.py:161} INFO - Started process (PID=629) to work on /home/airflow/.local/lib/python3.12/site-packages/airflow/example_dags/example_task_group.py
[2026-08-13T13:28:33.700+0000] {processor.py:830} INFO - Processing file /home/airflow/.local/lib/python3.12/site-packages/airflow/example_dags/example_task_group.py for tasks to queue
[2026-08-13T13:28:33.709+0000] {logging_mixin.py:188} INFO - [2026-08-13T13:28:33.708+0000] {dagbag.py:545} INFO - Filling up the DagBag from /home/airflow/.local/lib/python3.12/site-packages/airflow/example_dags/example_task_group.py
[2026-08-13T13:28:33.735+0000] {processor.py:840} INFO - DAG(s) 'example_task_group' retrieved from /home/airflow/.local/lib/python3.12/site-packages/airflow/example_dags/example_task_group.py
[2026-08-13T13:28:33.804+0000] {logging_mixin.py:188} INFO - [2026-08-13T13:28:33.803+0000] {dag.py:3089} INFO - Sync 1 DAGs
[2026-08-13T13:28:33.877+0000] {logging_mixin.py:188} INFO - [2026-08-13T13:28:33.876+0000] {dag.py:3947} INFO - Setting next_dagrun for example_task_group to 2026-08-12 00:00:00+00:00, run_after=2026-08-13 00:00:00+00:00
[2026-08-13T13:28:33.945+0000] {processor.py:183} INFO - Processing /home/airflow/.local/lib/python3.12/site-packages/airflow/example_dags/example_task_group.py took 0.317 seconds
[2026-08-13T13:29:04.657+0000] {processor.py:161} INFO - Started process (PID=695) to work on /home/airflow/.local/lib/python3.12/site-packages/airflow/example_dags/example_task_group.py
[2026-08-13T13:29:04.661+0000] {processor.py:830} INFO - Processing file /home/airflow/.local/lib/python3.12/site-packages/airflow/example_dags/example_task_group.py for tasks to queue
[2026-08-13T13:29:04.668+0000] {logging_mixin.py:188} INFO - [2026-08-13T13:29:04.667+0000] {dagbag.py:545} INFO - Filling up the DagBag from /home/airflow/.local/lib/python3.12/site-packages/airflow/example_dags/example_task_group.py
[2026-08-13T13:29:04.682+0000] {processor.py:840} INFO - DAG(s) 'example_task_group' retrieved from /home/airflow/.local/lib/python3.12/site-packages/airflow/example_dags/example_task_group.py
[2026-08-13T13:29:04.729+0000] {logging_mixin.py:188} INFO - [2026-08-13T13:29:04.728+0000] {dag.py:3089} INFO - Sync 1 DAGs
[2026-08-13T13:29:04.792+0000] {logging_mixin.py:188} INFO - [2026-08-13T13:29:04.791+0000] {dag.py:3947} INFO - Setting next_dagrun for example_task_group to 2026-08-12 00:00:00+00:00, run_after=2026-08-13 00:00:00+00:00
[2026-08-13T13:29:04.849+0000] {processor.py:183} INFO - Processing /home/airflow/.local/lib/python3.12/site-packages/airflow/example_dags/example_task_group.py took 0.202 seconds
[2026-08-13T13:29:36.750+0000] {processor.py:161} INFO - Started process (PID=769) to work on /home/airflow/.local/lib/python3.12/site-packages/airflow/example_dags/example_task_group.py
[2026-08-13T13:29:36.753+0000] {processor.py:830} INFO - Processing file /home/airflow/.local/lib/python3.12/site-packages/airflow/example_dags/example_task_group.py for tasks to queue
[2026-08-13T13:29:36.759+0000] {logging_mixin.py:188} INFO - [2026-08-13T13:29:36.758+0000] {dagbag.py:545} INFO - Filling up the DagBag from /home/airflow/.local/lib/python3.12/site-packages/airflow/example_dags/example_task_group.py
[2026-08-13T13:29:36.779+0000] {processor.py:840} INFO - DAG(s) 'example_task_group' retrieved from /home/airflow/.local/lib/python3.12/site-packages/airflow/example_dags/example_task_group.py
[2026-08-13T13:29:36.838+0000] {logging_mixin.py:188} INFO - [2026-08-13T13:29:36.838+0000] {dag.py:3089} INFO - Sync 1 DAGs
[2026-08-13T13:29:36.898+0000] {logging_mixin.py:188} INFO - [2026-08-13T13:29:36.898+0000] {dag.py:3947} INFO - Setting next_dagrun for example_task_group to 2026-08-12 00:00:00+00:00, run_after=2026-08-13 00:00:00+00:00
[2026-08-13T13:29:36.957+0000] {processor.py:183} INFO - Processing /home/airflow/.local/lib/python3.12/site-packages/airflow/example_dags/example_task_group.py took 0.221 seconds
[2026-08-13T13:30:11.939+0000] {processor.py:161} INFO - Started process (PID=843) to work on /home/airflow/.local/lib/python3.12/site-packages/airflow/example_dags/example_task_group.py
[2026-08-13T13:30:11.942+0000] {processor.py:830} INFO - Processing file /home/airflow/.local/lib/python3.12/site-packages/airflow/example_dags/example_task_group.py for tasks to queue
[2026-08-13T13:30:11.948+0000] {logging_mixin.py:188} INFO - [2026-08-13T13:30:11.947+0000] {dagbag.py:545} INFO - Filling up the DagBag from /home/airflow/.local/lib/python3.12/site-packages/airflow/example_dags/example_task_group.py
[2026-08-13T13:30:11.966+0000] {processor.py:840} INFO - DAG(s) 'example_task_group' retrieved from /home/airflow/.local/lib/python3.12/site-packages/airflow/example_dags/example_task_group.py
[2026-08-13T13:30:12.022+0000] {logging_mixin.py:188} INFO - [2026-08-13T13:30:12.021+0000] {dag.py:3089} INFO - Sync 1 DAGs
[2026-08-13T13:30:12.114+0000] {logging_mixin.py:188} INFO - [2026-08-13T13:30:12.114+0000] {dag.py:3947} INFO - Setting next_dagrun for example_task_group to 2026-08-12 00:00:00+00:00, run_after=2026-08-13 00:00:00+00:00
[2026-08-13T13:30:12.187+0000] {processor.py:183} INFO - Processing /home/airflow/.local/lib/python3.12/site-packages/airflow/example_dags/example_task_group.py took 0.262 seconds
[2026-08-13T13:30:44.078+0000] {processor.py:161} INFO - Started process (PID=916) to work on /home/airflow/.local/lib/python3.12/site-packages/airflow/example_dags/example_task_group.py
[2026-08-13T13:30:44.081+0000] {processor.py:830} INFO - Processing file /home/airflow/.local/lib/python3.12/site-packages/airflow/example_dags/example_task_group.py for tasks to queue
[2026-08-13T13:30:44.089+0000] {logging_mixin.py:188} INFO - [2026-08-13T13:30:44.088+0000] {dagbag.py:545} INFO - Filling up the DagBag from /home/airflow/.local/lib/python3.12/site-packages/airflow/example_dags/example_task_group.py
[2026-08-13T13:30:44.104+0000] {processor.py:840} INFO - DAG(s) 'example_task_group' retrieved from /home/airflow/.local/lib/python3.12/site-packages/airflow/example_dags/example_task_group.py
[2026-08-13T13:30:44.160+0000] {logging_mixin.py:188} INFO - [2026-08-13T13:30:44.160+0000] {dag.py:3089} INFO - Sync 1 DAGs
[2026-08-13T13:30:44.222+0000] {logging_mixin.py:188} INFO - [2026-08-13T13:30:44.222+0000] {dag.py:3947} INFO - Setting next_dagrun for example_task_group to 2026-08-12 00:00:00+00:00, run_after=2026-08-13 00:00:00+00:00
[2026-08-13T13:30:44.271+0000] {processor.py:183} INFO - Processing /home/airflow/.local/lib/python3.12/site-packages/airflow/example_dags/example_task_group.py took 0.206 seconds
[2026-08-13T13:31:15.991+0000] {processor.py:161} INFO - Started process (PID=989) to work on /home/airflow/.local/lib/python3.12/site-packages/airflow/example_dags/example_task_group.py
[2026-08-13T13:31:16.002+0000] {processor.py:830} INFO - Processing file /home/airflow/.local/lib/python3.12/site-packages/airflow/example_dags/example_task_group.py for tasks to queue
[2026-08-13T13:31:16.011+0000] {logging_mixin.py:188} INFO - [2026-08-13T13:31:16.008+0000] {dagbag.py:545} INFO - Filling up the DagBag from /home/airflow/.local/lib/python3.12/site-packages/airflow/example_dags/example_task_group.py
[2026-08-13T13:31:16.041+0000] {processor.py:840} INFO - DAG(s) 'example_task_group' retrieved from /home/airflow/.local/lib/python3.12/site-packages/airflow/example_dags/example_task_group.py
[2026-08-13T13:31:16.110+0000] {logging_mixin.py:188} INFO - [2026-08-13T13:31:16.109+0000] {dag.py:3089} INFO - Sync 1 DAGs
[2026-08-13T13:31:16.234+0000] {logging_mixin.py:188} INFO - [2026-08-13T13:31:16.233+0000] {dag.py:3947} INFO - Setting next_dagrun for example_task_group to 2026-08-12 00:00:00+00:00, run_after=2026-08-13 00:00:00+00:00
[2026-08-13T13:31:16.405+0000] {processor.py:183} INFO - Processing /home/airflow/.local/lib/python3.12/site-packages/airflow/example_dags/example_task_group.py took 0.439 seconds
[2026-08-13T13:31:48.175+0000] {processor.py:161} INFO - Started process (PID=1063) to work on /home/airflow/.local/lib/python3.12/site-packages/airflow/example_dags/example_task_group.py
[2026-08-13T13:31:48.184+0000] {processor.py:830} INFO - Processing file /home/airflow/.local/lib/python3.12/site-packages/airflow/example_dags/example_task_group.py for tasks to queue
[2026-08-13T13:31:48.213+0000] {logging_mixin.py:188} INFO - [2026-08-13T13:31:48.212+0000] {dagbag.py:545} INFO - Filling up the DagBag from /home/airflow/.local/lib/python3.12/site-packages/airflow/example_dags/example_task_group.py
[2026-08-13T13:31:48.267+0000] {processor.py:840} INFO - DAG(s) 'example_task_group' retrieved from /home/airflow/.local/lib/python3.12/site-packages/airflow/example_dags/example_task_group.py
[2026-08-13T13:31:48.408+0000] {logging_mixin.py:188} INFO - [2026-08-13T13:31:48.407+0000] {dag.py:3089} INFO - Sync 1 DAGs
[2026-08-13T13:31:48.473+0000] {logging_mixin.py:188} INFO - [2026-08-13T13:31:48.473+0000] {dag.py:3947} INFO - Setting next_dagrun for example_task_group to 2026-08-12 00:00:00+00:00, run_after=2026-08-13 00:00:00+00:00
[2026-08-13T13:31:48.529+0000] {processor.py:183} INFO - Processing /home/airflow/.local/lib/python3.12/site-packages/airflow/example_dags/example_task_group.py took 0.380 seconds
[2026-08-13T13:32:19.545+0000] {processor.py:161} INFO - Started process (PID=1136) to work on /home/airflow/.local/lib/python3.12/site-packages/airflow/example_dags/example_task_group.py
[2026-08-13T13:32:19.552+0000] {processor.py:830} INFO - Processing file /home/airflow/.local/lib/python3.12/site-packages/airflow/example_dags/example_task_group.py for tasks to queue
[2026-08-13T13:32:19.560+0000] {logging_mixin.py:188} INFO - [2026-08-13T13:32:19.559+0000] {dagbag.py:545} INFO - Filling up the DagBag from /home/airflow/.local/lib/python3.12/site-packages/airflow/example_dags/example_task_group.py
[2026-08-13T13:32:19.589+0000] {processor.py:840} INFO - DAG(s) 'example_task_group' retrieved from /home/airflow/.local/lib/python3.12/site-packages/airflow/example_dags/example_task_group.py
[2026-08-13T13:32:19.702+0000] {logging_mixin.py:188} INFO - [2026-08-13T13:32:19.701+0000] {dag.py:3089} INFO - Sync 1 DAGs
[2026-08-13T13:32:19.782+0000] {logging_mixin.py:188} INFO - [2026-08-13T13:32:19.782+0000] {dag.py:3947} INFO - Setting next_dagrun for example_task_group to 2026-08-12 00:00:00+00:00, run_after=2026-08-13 00:00:00+00:00
[2026-08-13T13:32:19.865+0000] {processor.py:183} INFO - Processing /home/airflow/.local/lib/python3.12/site-packages/airflow/example_dags/example_task_group.py took 0.350 seconds
[2026-08-13T13:32:54.592+0000] {processor.py:161} INFO - Started process (PID=1210) to work on /home/airflow/.local/lib/python3.12/site-packages/airflow/example_dags/example_task_group.py
[2026-08-13T13:32:54.596+0000] {processor.py:830} INFO - Processing file /home/airflow/.local/lib/python3.12/site-packages/airflow/example_dags/example_task_group.py for tasks to queue
[2026-08-13T13:32:54.607+0000] {logging_mixin.py:188} INFO - [2026-08-13T13:32:54.605+0000] {dagbag.py:545} INFO - Filling up the DagBag from /home/airflow/.local/lib/python3.12/site-packages/airflow/example_dags/example_task_group.py
[2026-08-13T13:32:54.630+0000] {processor.py:840} INFO - DAG(s) 'example_task_group' retrieved from /home/airflow/.local/lib/python3.12/site-packages/airflow/example_dags/example_task_group.py
[2026-08-13T13:32:54.684+0000] {logging_mixin.py:188} INFO - [2026-08-13T13:32:54.683+0000] {dag.py:3089} INFO - Sync 1 DAGs
[2026-08-13T13:32:54.750+0000] {logging_mixin.py:188} INFO - [2026-08-13T13:32:54.749+0000] {dag.py:3947} INFO - Setting next_dagrun for example_task_group to 2026-08-12 00:00:00+00:00, run_after=2026-08-13 00:00:00+00:00
[2026-08-13T13:32:54.801+0000] {processor.py:183} INFO - Processing /home/airflow/.local/lib/python3.12/site-packages/airflow/example_dags/example_task_group.py took 0.220 seconds
[2026-08-13T13:33:25.201+0000] {processor.py:161} INFO - Started process (PID=1276) to work on /home/airflow/.local/lib/python3.12/site-packages/airflow/example_dags/example_task_group.py
[2026-08-13T13:33:25.204+0000] {processor.py:830} INFO - Processing file /home/airflow/.local/lib/python3.12/site-packages/airflow/example_dags/example_task_group.py for tasks to queue
[2026-08-13T13:33:25.209+0000] {logging_mixin.py:188} INFO - [2026-08-13T13:33:25.209+0000] {dagbag.py:545} INFO - Filling up the DagBag from /home/airflow/.local/lib/python3.12/site-packages/airflow/example_dags/example_task_group.py
[2026-08-13T13:33:25.230+0000] {processor.py:840} INFO - DAG(s) 'example_task_group' retrieved from /home/airflow/.local/lib/python3.12/site-packages/airflow/example_dags/example_task_group.py
[2026-08-13T13:33:25.285+0000] {logging_mixin.py:188} INFO - [2026-08-13T13:33:25.285+0000] {dag.py:3089} INFO - Sync 1 DAGs
[2026-08-13T13:33:25.372+0000] {logging_mixin.py:188} INFO - [2026-08-13T13:33:25.371+0000] {dag.py:3947} INFO - Setting next_dagrun for example_task_group to 2026-08-12 00:00:00+00:00, run_after=2026-08-13 00:00:00+00:00
[2026-08-13T13:33:25.427+0000] {processor.py:183} INFO - Processing /home/airflow/.local/lib/python3.12/site-packages/airflow/example_dags/example_task_group.py took 0.239 seconds
[2026-08-13T13:34:02.505+0000] {processor.py:161} INFO - Started process (PID=1357) to work on /home/airflow/.local/lib/python3.12/site-packages/airflow/example_dags/example_task_group.py
[2026-08-13T13:34:02.510+0000] {processor.py:830} INFO - Processing file /home/airflow/.local/lib/python3.12/site-packages/airflow/example_dags/example_task_group.py for tasks to queue
[2026-08-13T13:34:02.528+0000] {logging_mixin.py:188} INFO - [2026-08-13T13:34:02.526+0000] {dagbag.py:545} INFO - Filling up the DagBag from /home/airflow/.local/lib/python3.12/site-packages/airflow/example_dags/example_task_group.py
[2026-08-13T13:34:02.560+0000] {processor.py:840} INFO - DAG(s) 'example_task_group' retrieved from /home/airflow/.local/lib/python3.12/site-packages/airflow/example_dags/example_task_group.py
[2026-08-13T13:34:02.622+0000] {logging_mixin.py:188} INFO - [2026-08-13T13:34:02.621+0000] {dag.py:3089} INFO - Sync 1 DAGs
[2026-08-13T13:34:02.698+0000] {logging_mixin.py:188} INFO - [2026-08-13T13:34:02.697+0000] {dag.py:3947} INFO - Setting next_dagrun for example_task_group to 2026-08-12 00:00:00+00:00, run_after=2026-08-13 00:00:00+00:00
[2026-08-13T13:34:02.795+0000] {processor.py:183} INFO - Processing /home/airflow/.local/lib/python3.12/site-packages/airflow/example_dags/example_task_group.py took 0.308 seconds
[2026-08-13T13:34:33.245+0000] {processor.py:161} INFO - Started process (PID=1430) to work on /home/airflow/.local/lib/python3.12/site-packages/airflow/example_dags/example_task_group.py
[2026-08-13T13:34:33.248+0000] {processor.py:830} INFO - Processing file /home/airflow/.local/lib/python3.12/site-packages/airflow/example_dags/example_task_group.py for tasks to queue
[2026-08-13T13:34:33.256+0000] {logging_mixin.py:188} INFO - [2026-08-13T13:34:33.255+0000] {dagbag.py:545} INFO - Filling up the DagBag from /home/airflow/.local/lib/python3.12/site-packages/airflow/example_dags/example_task_group.py
[2026-08-13T13:34:33.288+0000] {processor.py:840} INFO - DAG(s) 'example_task_group' retrieved from /home/airflow/.local/lib/python3.12/site-packages/airflow/example_dags/example_task_group.py
[2026-08-13T13:34:33.374+0000] {logging_mixin.py:188} INFO - [2026-08-13T13:34:33.373+0000] {dag.py:3089} INFO - Sync 1 DAGs
[2026-08-13T13:34:33.466+0000] {logging_mixin.py:188} INFO - [2026-08-13T13:34:33.465+0000] {dag.py:3947} INFO - Setting next_dagrun for example_task_group to 2026-08-12 00:00:00+00:00, run_after=2026-08-13 00:00:00+00:00
[2026-08-13T13:34:33.552+0000] {processor.py:183} INFO - Processing /home/airflow/.local/lib/python3.12/site-packages/airflow/example_dags/example_task_group.py took 0.324 seconds
[2026-08-13T13:35:04.305+0000] {processor.py:161} INFO - Started process (PID=1497) to work on /home/airflow/.local/lib/python3.12/site-packages/airflow/example_dags/example_task_group.py
[2026-08-13T13:35:04.309+0000] {processor.py:830} INFO - Processing file /home/airflow/.local/lib/python3.12/site-packages/airflow/example_dags/example_task_group.py for tasks to queue
[2026-08-13T13:35:04.317+0000] {logging_mixin.py:188} INFO - [2026-08-13T13:35:04.316+0000] {dagbag.py:545} INFO - Filling up the DagBag from /home/airflow/.local/lib/python3.12/site-packages/airflow/example_dags/example_task_group.py
[2026-08-13T13:35:04.344+0000] {processor.py:840} INFO - DAG(s) 'example_task_group' retrieved from /home/airflow/.local/lib/python3.12/site-packages/airflow/example_dags/example_task_group.py
[2026-08-13T13:35:04.415+0000] {logging_mixin.py:188} INFO - [2026-08-13T13:35:04.415+0000] {dag.py:3089} INFO - Sync 1 DAGs
[2026-08-13T13:35:04.484+0000] {logging_mixin.py:188} INFO - [2026-08-13T13:35:04.484+0000] {dag.py:3947} INFO - Setting next_dagrun for example_task_group to 2026-08-12 00:00:00+00:00, run_after=2026-08-13 00:00:00+00:00
[2026-08-13T13:35:04.539+0000] {processor.py:183} INFO - Processing /home/airflow/.local/lib/python3.12/site-packages/airflow/example_dags/example_task_group.py took 0.255 seconds
[2026-08-13T13:35:37.263+0000] {processor.py:161} INFO - Started process (PID=1570) to work on /home/airflow/.local/lib/python3.12/site-packages/airflow/example_dags/example_task_group.py
[2026-08-13T13:35:37.267+0000] {processor.py:830} INFO - Processing file /home/airflow/.local/lib/python3.12/site-packages/airflow/example_dags/example_task_group.py for tasks to queue
[2026-08-13T13:35:37.277+0000] {logging_mixin.py:188} INFO - [2026-08-13T13:35:37.276+0000] {dagbag.py:545} INFO - Filling up the DagBag from /home/airflow/.local/lib/python3.12/site-packages/airflow/example_dags/example_task_group.py
[2026-08-13T13:35:37.298+0000] {processor.py:840} INFO - DAG(s) 'example_task_group' retrieved from /home/airflow/.local/lib/python3.12/site-packages/airflow/example_dags/example_task_group.py
[2026-08-13T13:35:37.355+0000] {logging_mixin.py:188} INFO - [2026-08-13T13:35:37.355+0000] {dag.py:3089} INFO - Sync 1 DAGs
[2026-08-13T13:35:37.419+0000] {logging_mixin.py:188} INFO - [2026-08-13T13:35:37.418+0000] {dag.py:3947} INFO - Setting next_dagrun for example_task_group to 2026-08-12 00:00:00+00:00, run_after=2026-08-13 00:00:00+00:00
[2026-08-13T13:35:37.473+0000] {processor.py:183} INFO - Processing /home/airflow/.local/lib/python3.12/site-packages/airflow/example_dags/example_task_group.py took 0.233 seconds
[2026-08-13T13:36:10.386+0000] {processor.py:161} INFO - Started process (PID=1643) to work on /home/airflow/.local/lib/python3.12/site-packages/airflow/example_dags/example_task_group.py
[2026-08-13T13:36:10.393+0000] {processor.py:830} INFO - Processing file /home/airflow/.local/lib/python3.12/site-packages/airflow/example_dags/example_task_group.py for tasks to queue
[2026-08-13T13:36:10.414+0000] {logging_mixin.py:188} INFO - [2026-08-13T13:36:10.411+0000] {dagbag.py:545} INFO - Filling up the DagBag from /home/airflow/.local/lib/python3.12/site-packages/airflow/example_dags/example_task_group.py
[2026-08-13T13:36:10.526+0000] {processor.py:840} INFO - DAG(s) 'example_task_group' retrieved from /home/airflow/.local/lib/python3.12/site-packages/airflow/example_dags/example_task_group.py
[2026-08-13T13:36:10.607+0000] {logging_mixin.py:188} INFO - [2026-08-13T13:36:10.607+0000] {dag.py:3089} INFO - Sync 1 DAGs
[2026-08-13T13:36:10.675+0000] {logging_mixin.py:188} INFO - [2026-08-13T13:36:10.674+0000] {dag.py:3947} INFO - Setting next_dagrun for example_task_group to 2026-08-12 00:00:00+00:00, run_after=2026-08-13 00:00:00+00:00
[2026-08-13T13:36:10.731+0000] {processor.py:183} INFO - Processing /home/airflow/.local/lib/python3.12/site-packages/airflow/example_dags/example_task_group.py took 0.411 seconds
[2026-08-13T13:36:42.921+0000] {processor.py:161} INFO - Started process (PID=1716) to work on /home/airflow/.local/lib/python3.12/site-packages/airflow/example_dags/example_task_group.py
[2026-08-13T13:36:42.930+0000] {processor.py:830} INFO - Processing file /home/airflow/.local/lib/python3.12/site-packages/airflow/example_dags/example_task_group.py for tasks to queue
[2026-08-13T13:36:42.945+0000] {logging_mixin.py:188} INFO - [2026-08-13T13:36:42.944+0000] {dagbag.py:545} INFO - Filling up the DagBag from /home/airflow/.local/lib/python3.12/site-packages/airflow/example_dags/example_task_group.py
[2026-08-13T13:36:42.970+0000] {processor.py:840} INFO - DAG(s) 'example_task_group' retrieved from /home/airflow/.local/lib/python3.12/site-packages/airflow/example_dags/example_task_group.py
[2026-08-13T13:36:43.035+0000] {logging_mixin.py:188} INFO - [2026-08-13T13:36:43.034+0000] {dag.py:3089} INFO - Sync 1 DAGs
[2026-08-13T13:36:43.091+0000] {logging_mixin.py:188} INFO - [2026-08-13T13:36:43.090+0000] {dag.py:3947} INFO - Setting next_dagrun for example_task_group to 2026-08-12 00:00:00+00:00, run_after=2026-08-13 00:00:00+00:00
[2026-08-13T13:36:43.152+0000] {processor.py:183} INFO - Processing /home/airflow/.local/lib/python3.12/site-packages/airflow/example_dags/example_task_group.py took 0.252 seconds
[2026-08-13T13:37:14.697+0000] {processor.py:161} INFO - Started process (PID=1789) to work on /home/airflow/.local/lib/python3.12/site-packages/airflow/example_dags/example_task_group.py
[2026-08-13T13:37:14.701+0000] {processor.py:830} INFO - Processing file /home/airflow/.local/lib/python3.12/site-packages/airflow/example_dags/example_task_group.py for tasks to queue
[2026-08-13T13:37:14.711+0000] {logging_mixin.py:188} INFO - [2026-08-13T13:37:14.710+0000] {dagbag.py:545} INFO - Filling up the DagBag from /home/airflow/.local/lib/python3.12/site-packages/airflow/example_dags/example_task_group.py
[2026-08-13T13:37:14.736+0000] {processor.py:840} INFO - DAG(s) 'example_task_group' retrieved from /home/airflow/.local/lib/python3.12/site-packages/airflow/example_dags/example_task_group.py
[2026-08-13T13:37:14.804+0000] {logging_mixin.py:188} INFO - [2026-08-13T13:37:14.803+0000] {dag.py:3089} INFO - Sync 1 DAGs
[2026-08-13T13:37:14.881+0000] {logging_mixin.py:188} INFO - [2026-08-13T13:37:14.880+0000] {dag.py:3947} INFO - Setting next_dagrun for example_task_group to 2026-08-12 00:00:00+00:00, run_after=2026-08-13 00:00:00+00:00
[2026-08-13T13:37:14.942+0000] {processor.py:183} INFO - Processing /home/airflow/.local/lib/python3.12/site-packages/airflow/example_dags/example_task_group.py took 0.263 seconds
[2026-08-13T13:37:47.336+0000] {processor.py:161} INFO - Started process (PID=1863) to work on /home/airflow/.local/lib/python3.12/site-packages/airflow/example_dags/example_task_group.py
[2026-08-13T13:37:47.340+0000] {processor.py:830} INFO - Processing file /home/airflow/.local/lib/python3.12/site-packages/airflow/example_dags/example_task_group.py for tasks to queue
[2026-08-13T13:37:47.351+0000] {logging_mixin.py:188} INFO - [2026-08-13T13:37:47.350+0000] {dagbag.py:545} INFO - Filling up the DagBag from /home/airflow/.local/lib/python3.12/site-packages/airflow/example_dags/example_task_group.py
[2026-08-13T13:37:47.375+0000] {processor.py:840} INFO - DAG(s) 'example_task_group' retrieved from /home/airflow/.local/lib/python3.12/site-packages/airflow/example_dags/example_task_group.py
[2026-08-13T13:37:47.439+0000] {logging_mixin.py:188} INFO - [2026-08-13T13:37:47.439+0000] {dag.py:3089} INFO - Sync 1 DAGs
[2026-08-13T13:37:47.499+0000] {logging_mixin.py:188} INFO - [2026-08-13T13:37:47.499+0000] {dag.py:3947} INFO - Setting next_dagrun for example_task_group to 2026-08-12 00:00:00+00:00, run_after=2026-08-13 00:00:00+00:00
[2026-08-13T13:37:47.552+0000] {processor.py:183} INFO - Processing /home/airflow/.local/lib/python3.12/site-packages/airflow/example_dags/example_task_group.py took 0.232 seconds
[2026-08-13T13:38:21.255+0000] {processor.py:161} INFO - Started process (PID=1937) to work on /home/airflow/.local/lib/python3.12/site-packages/airflow/example_dags/example_task_group.py
[2026-08-13T13:38:21.260+0000] {processor.py:830} INFO - Processing file /home/airflow/.local/lib/python3.12/site-packages/airflow/example_dags/example_task_group.py for tasks to queue
[2026-08-13T13:38:21.267+0000] {logging_mixin.py:188} INFO - [2026-08-13T13:38:21.266+0000] {dagbag.py:545} INFO - Filling up the DagBag from /home/airflow/.local/lib/python3.12/site-packages/airflow/example_dags/example_task_group.py
[2026-08-13T13:38:21.290+0000] {processor.py:840} INFO - DAG(s) 'example_task_group' retrieved from /home/airflow/.local/lib/python3.12/site-packages/airflow/example_dags/example_task_group.py
[2026-08-13T13:38:21.371+0000] {logging_mixin.py:188} INFO - [2026-08-13T13:38:21.370+0000] {dag.py:3089} INFO - Sync 1 DAGs
[2026-08-13T13:38:21.458+0000] {logging_mixin.py:188} INFO - [2026-08-13T13:38:21.458+0000] {dag.py:3947} INFO - Setting next_dagrun for example_task_group to 2026-08-12 00:00:00+00:00, run_after=2026-08-13 00:00:00+00:00
[2026-08-13T13:38:21.512+0000] {processor.py:183} INFO - Processing /home/airflow/.local/lib/python3.12/site-packages/airflow/example_dags/example_task_group.py took 0.272 seconds
[2026-08-13T13:38:54.180+0000] {processor.py:161} INFO - Started process (PID=2011) to work on /home/airflow/.local/lib/python3.12/site-packages/airflow/example_dags/example_task_group.py
[2026-08-13T13:38:54.182+0000] {processor.py:830} INFO - Processing file /home/airflow/.local/lib/python3.12/site-packages/airflow/example_dags/example_task_group.py for tasks to queue
[2026-08-13T13:38:54.188+0000] {logging_mixin.py:188} INFO - [2026-08-13T13:38:54.188+0000] {dagbag.py:545} INFO - Filling up the DagBag from /home/airflow/.local/lib/python3.12/site-packages/airflow/example_dags/example_task_group.py
[2026-08-13T13:38:54.207+0000] {processor.py:840} INFO - DAG(s) 'example_task_group' retrieved from /home/airflow/.local/lib/python3.12/site-packages/airflow/example_dags/example_task_group.py
[2026-08-13T13:38:54.256+0000] {logging_mixin.py:188} INFO - [2026-08-13T13:38:54.256+0000] {dag.py:3089} INFO - Sync 1 DAGs
[2026-08-13T13:38:54.305+0000] {logging_mixin.py:188} INFO - [2026-08-13T13:38:54.304+0000] {dag.py:3947} INFO - Setting next_dagrun for example_task_group to 2026-08-12 00:00:00+00:00, run_after=2026-08-13 00:00:00+00:00
[2026-08-13T13:38:54.356+0000] {processor.py:183} INFO - Processing /home/airflow/.local/lib/python3.12/site-packages/airflow/example_dags/example_task_group.py took 0.188 seconds
[2026-08-13T13:39:28.353+0000] {processor.py:161} INFO - Started process (PID=2085) to work on /home/airflow/.local/lib/python3.12/site-packages/airflow/example_dags/example_task_group.py
[2026-08-13T13:39:28.357+0000] {processor.py:830} INFO - Processing file /home/airflow/.local/lib/python3.12/site-packages/airflow/example_dags/example_task_group.py for tasks to queue
[2026-08-13T13:39:28.364+0000] {logging_mixin.py:188} INFO - [2026-08-13T13:39:28.363+0000] {dagbag.py:545} INFO - Filling up the DagBag from /home/airflow/.local/lib/python3.12/site-packages/airflow/example_dags/example_task_group.py
[2026-08-13T13:39:28.381+0000] {processor.py:840} INFO - DAG(s) 'example_task_group' retrieved from /home/airflow/.local/lib/python3.12/site-packages/airflow/example_dags/example_task_group.py
[2026-08-13T13:39:28.439+0000] {logging_mixin.py:188} INFO - [2026-08-13T13:39:28.438+0000] {dag.py:3089} INFO - Sync 1 DAGs
[2026-08-13T13:39:28.500+0000] {logging_mixin.py:188} INFO - [2026-08-13T13:39:28.500+0000] {dag.py:3947} INFO - Setting next_dagrun for example_task_group to 2026-08-12 00:00:00+00:00, run_after=2026-08-13 00:00:00+00:00
[2026-08-13T13:39:28.554+0000] {processor.py:183} INFO - Processing /home/airflow/.local/lib/python3.12/site-packages/airflow/example_dags/example_task_group.py took 0.212 seconds
[2026-08-13T13:40:02.414+0000] {processor.py:161} INFO - Started process (PID=2158) to work on /home/airflow/.local/lib/python3.12/site-packages/airflow/example_dags/example_task_group.py
[2026-08-13T13:40:02.418+0000] {processor.py:830} INFO - Processing file /home/airflow/.local/lib/python3.12/site-packages/airflow/example_dags/example_task_group.py for tasks to queue
[2026-08-13T13:40:02.426+0000] {logging_mixin.py:188} INFO - [2026-08-13T13:40:02.425+0000] {dagbag.py:545} INFO - Filling up the DagBag from /home/airflow/.local/lib/python3.12/site-packages/airflow/example_dags/example_task_group.py
[2026-08-13T13:40:02.444+0000] {processor.py:840} INFO - DAG(s) 'example_task_group' retrieved from /home/airflow/.local/lib/python3.12/site-packages/airflow/example_dags/example_task_group.py
[2026-08-13T13:40:02.499+0000] {logging_mixin.py:188} INFO - [2026-08-13T13:40:02.499+0000] {dag.py:3089} INFO - Sync 1 DAGs
[2026-08-13T13:40:02.567+0000] {logging_mixin.py:188} INFO - [2026-08-13T13:40:02.567+0000] {dag.py:3947} INFO - Setting next_dagrun for example_task_group to 2026-08-12 00:00:00+00:00, run_after=2026-08-13 00:00:00+00:00
[2026-08-13T13:40:03.069+0000] {processor.py:183} INFO - Processing /home/airflow/.local/lib/python3.12/site-packages/airflow/example_dags/example_task_group.py took 0.671 seconds
[2026-08-13T13:40:34.164+0000] {processor.py:161} INFO - Started process (PID=2230) to work on /home/airflow/.local/lib/python3.12/site-packages/airflow/example_dags/example_task_group.py
[2026-08-13T13:40:34.167+0000] {processor.py:830} INFO - Processing file /home/airflow/.local/lib/python3.12/site-packages/airflow/example_dags/example_task_group.py for tasks to queue
[2026-08-13T13:40:34.173+0000] {logging_mixin.py:188} INFO - [2026-08-13T13:40:34.172+0000] {dagbag.py:545} INFO - Filling up the DagBag from /home/airflow/.local/lib/python3.12/site-packages/airflow/example_dags/example_task_group.py
[2026-08-13T13:40:34.193+0000] {processor.py:840} INFO - DAG(s) 'example_task_group' retrieved from /home/airflow/.local/lib/python3.12/site-packages/airflow/example_dags/example_task_group.py
[2026-08-13T13:40:34.255+0000] {logging_mixin.py:188} INFO - [2026-08-13T13:40:34.255+0000] {dag.py:3089} INFO - Sync 1 DAGs
[2026-08-13T13:40:34.313+0000] {logging_mixin.py:188} INFO - [2026-08-13T13:40:34.313+0000] {dag.py:3947} INFO - Setting next_dagrun for example_task_group to 2026-08-12 00:00:00+00:00, run_after=2026-08-13 00:00:00+00:00
[2026-08-13T13:40:34.374+0000] {processor.py:183} INFO - Processing /home/airflow/.local/lib/python3.12/site-packages/airflow/example_dags/example_task_group.py took 0.224 seconds
[2026-08-13T13:41:08.747+0000] {processor.py:161} INFO - Started process (PID=2304) to work on /home/airflow/.local/lib/python3.12/site-packages/airflow/example_dags/example_task_group.py
[2026-08-13T13:41:08.750+0000] {processor.py:830} INFO - Processing file /home/airflow/.local/lib/python3.12/site-packages/airflow/example_dags/example_task_group.py for tasks to queue
[2026-08-13T13:41:08.757+0000] {logging_mixin.py:188} INFO - [2026-08-13T13:41:08.756+0000] {dagbag.py:545} INFO - Filling up the DagBag from /home/airflow/.local/lib/python3.12/site-packages/airflow/example_dags/example_task_group.py
[2026-08-13T13:41:08.786+0000] {processor.py:840} INFO - DAG(s) 'example_task_group' retrieved from /home/airflow/.local/lib/python3.12/site-packages/airflow/example_dags/example_task_group.py
[2026-08-13T13:41:08.852+0000] {logging_mixin.py:188} INFO - [2026-08-13T13:41:08.851+0000] {dag.py:3089} INFO - Sync 1 DAGs
[2026-08-13T13:41:08.912+0000] {logging_mixin.py:188} INFO - [2026-08-13T13:41:08.912+0000] {dag.py:3947} INFO - Setting next_dagrun for example_task_group to 2026-08-12 00:00:00+00:00, run_after=2026-08-13 00:00:00+00:00
[2026-08-13T13:41:08.961+0000] {processor.py:183} INFO - Processing /home/airflow/.local/lib/python3.12/site-packages/airflow/example_dags/example_task_group.py took 0.235 seconds
[2026-08-13T13:41:46.000+0000] {processor.py:161} INFO - Started process (PID=2377) to work on /home/airflow/.local/lib/python3.12/site-packages/airflow/example_dags/example_task_group.py
[2026-08-13T13:41:46.004+0000] {processor.py:830} INFO - Processing file /home/airflow/.local/lib/python3.12/site-packages/airflow/example_dags/example_task_group.py for tasks to queue
[2026-08-13T13:41:46.011+0000] {logging_mixin.py:188} INFO - [2026-08-13T13:41:46.010+0000] {dagbag.py:545} INFO - Filling up the DagBag from /home/airflow/.local/lib/python3.12/site-packages/airflow/example_dags/example_task_group.py
[2026-08-13T13:41:46.033+0000] {processor.py:840} INFO - DAG(s) 'example_task_group' retrieved from /home/airflow/.local/lib/python3.12/site-packages/airflow/example_dags/example_task_group.py
[2026-08-13T13:41:46.107+0000] {logging_mixin.py:188} INFO - [2026-08-13T13:41:46.107+0000] {dag.py:3089} INFO - Sync 1 DAGs
[2026-08-13T13:41:46.166+0000] {logging_mixin.py:188} INFO - [2026-08-13T13:41:46.165+0000] {dag.py:3947} INFO - Setting next_dagrun for example_task_group to 2026-08-12 00:00:00+00:00, run_after=2026-08-13 00:00:00+00:00
[2026-08-13T13:41:46.215+0000] {processor.py:183} INFO - Processing /home/airflow/.local/lib/python3.12/site-packages/airflow/example_dags/example_task_group.py took 0.237 seconds
[2026-08-13T13:42:18.159+0000] {processor.py:161} INFO - Started process (PID=2450) to work on /home/airflow/.local/lib/python3.12/site-packages/airflow/example_dags/example_task_group.py
[2026-08-13T13:42:18.163+0000] {processor.py:830} INFO - Processing file /home/airflow/.local/lib/python3.12/site-packages/airflow/example_dags/example_task_group.py for tasks to queue
[2026-08-13T13:42:18.170+0000] {logging_mixin.py:188} INFO - [2026-08-13T13:42:18.169+0000] {dagbag.py:545} INFO - Filling up the DagBag from /home/airflow/.local/lib/python3.12/site-packages/airflow/example_dags/example_task_group.py
[2026-08-13T13:42:18.189+0000] {processor.py:840} INFO - DAG(s) 'example_task_group' retrieved from /home/airflow/.local/lib/python3.12/site-packages/airflow/example_dags/example_task_group.py
[2026-08-13T13:42:18.250+0000] {logging_mixin.py:188} INFO - [2026-08-13T13:42:18.249+0000] {dag.py:3089} INFO - Sync 1 DAGs
[2026-08-13T13:42:18.721+0000] {logging_mixin.py:188} INFO - [2026-08-13T13:42:18.721+0000] {dag.py:3947} INFO - Setting next_dagrun for example_task_group to 2026-08-12 00:00:00+00:00, run_after=2026-08-13 00:00:00+00:00
[2026-08-13T13:42:18.765+0000] {processor.py:183} INFO - Processing /home/airflow/.local/lib/python3.12/site-packages/airflow/example_dags/example_task_group.py took 0.621 seconds
[2026-08-13T13:42:49.356+0000] {processor.py:161} INFO - Started process (PID=2523) to work on /home/airflow/.local/lib/python3.12/site-packages/airflow/example_dags/example_task_group.py
[2026-08-13T13:42:49.360+0000] {processor.py:830} INFO - Processing file /home/airflow/.local/lib/python3.12/site-packages/airflow/example_dags/example_task_group.py for tasks to queue
[2026-08-13T13:42:49.369+0000] {logging_mixin.py:188} INFO - [2026-08-13T13:42:49.367+0000] {dagbag.py:545} INFO - Filling up the DagBag from /home/airflow/.local/lib/python3.12/site-packages/airflow/example_dags/example_task_group.py
[2026-08-13T13:42:49.396+0000] {processor.py:840} INFO - DAG(s) 'example_task_group' retrieved from /home/airflow/.local/lib/python3.12/site-packages/airflow/example_dags/example_task_group.py
[2026-08-13T13:42:49.470+0000] {logging_mixin.py:188} INFO - [2026-08-13T13:42:49.469+0000] {dag.py:3089} INFO - Sync 1 DAGs
[2026-08-13T13:42:49.534+0000] {logging_mixin.py:188} INFO - [2026-08-13T13:42:49.533+0000] {dag.py:3947} INFO - Setting next_dagrun for example_task_group to 2026-08-12 00:00:00+00:00, run_after=2026-08-13 00:00:00+00:00
[2026-08-13T13:42:49.589+0000] {processor.py:183} INFO - Processing /home/airflow/.local/lib/python3.12/site-packages/airflow/example_dags/example_task_group.py took 0.250 seconds
[2026-08-13T13:43:20.171+0000] {processor.py:161} INFO - Started process (PID=2595) to work on /home/airflow/.local/lib/python3.12/site-packages/airflow/example_dags/example_task_group.py
[2026-08-13T13:43:20.180+0000] {processor.py:830} INFO - Processing file /home/airflow/.local/lib/python3.12/site-packages/airflow/example_dags/example_task_group.py for tasks to queue
[2026-08-13T13:43:20.188+0000] {logging_mixin.py:188} INFO - [2026-08-13T13:43:20.187+0000] {dagbag.py:545} INFO - Filling up the DagBag from /home/airflow/.local/lib/python3.12/site-packages/airflow/example_dags/example_task_group.py
[2026-08-13T13:43:20.225+0000] {processor.py:840} INFO - DAG(s) 'example_task_group' retrieved from /home/airflow/.local/lib/python3.12/site-packages/airflow/example_dags/example_task_group.py
[2026-08-13T13:43:20.325+0000] {logging_mixin.py:188} INFO - [2026-08-13T13:43:20.325+0000] {dag.py:3089} INFO - Sync 1 DAGs
[2026-08-13T13:43:20.399+0000] {logging_mixin.py:188} INFO - [2026-08-13T13:43:20.399+0000] {dag.py:3947} INFO - Setting next_dagrun for example_task_group to 2026-08-12 00:00:00+00:00, run_after=2026-08-13 00:00:00+00:00
[2026-08-13T13:43:20.486+0000] {processor.py:183} INFO - Processing /home/airflow/.local/lib/python3.12/site-packages/airflow/example_dags/example_task_group.py took 0.336 seconds
[2026-08-13T13:43:50.988+0000] {processor.py:161} INFO - Started process (PID=2667) to work on /home/airflow/.local/lib/python3.12/site-packages/airflow/example_dags/example_task_group.py
[2026-08-13T13:43:50.992+0000] {processor.py:830} INFO - Processing file /home/airflow/.local/lib/python3.12/site-packages/airflow/example_dags/example_task_group.py for tasks to queue
[2026-08-13T13:43:50.997+0000] {logging_mixin.py:188} INFO - [2026-08-13T13:43:50.996+0000] {dagbag.py:545} INFO - Filling up the DagBag from /home/airflow/.local/lib/python3.12/site-packages/airflow/example_dags/example_task_group.py
[2026-08-13T13:43:51.020+0000] {processor.py:840} INFO - DAG(s) 'example_task_group' retrieved from /home/airflow/.local/lib/python3.12/site-packages/airflow/example_dags/example_task_group.py
[2026-08-13T13:43:51.082+0000] {logging_mixin.py:188} INFO - [2026-08-13T13:43:51.082+0000] {dag.py:3089} INFO - Sync 1 DAGs
[2026-08-13T13:43:51.132+0000] {logging_mixin.py:188} INFO - [2026-08-13T13:43:51.132+0000] {dag.py:3947} INFO - Setting next_dagrun for example_task_group to 2026-08-12 00:00:00+00:00, run_after=2026-08-13 00:00:00+00:00
[2026-08-13T13:43:51.183+0000] {processor.py:183} INFO - Processing /home/airflow/.local/lib/python3.12/site-packages/airflow/example_dags/example_task_group.py took 0.211 seconds
[2026-08-13T13:44:21.383+0000] {processor.py:161} INFO - Started process (PID=2740) to work on /home/airflow/.local/lib/python3.12/site-packages/airflow/example_dags/example_task_group.py
[2026-08-13T13:44:21.388+0000] {processor.py:830} INFO - Processing file /home/airflow/.local/lib/python3.12/site-packages/airflow/example_dags/example_task_group.py for tasks to queue
[2026-08-13T13:44:21.393+0000] {logging_mixin.py:188} INFO - [2026-08-13T13:44:21.392+0000] {dagbag.py:545} INFO - Filling up the DagBag from /home/airflow/.local/lib/python3.12/site-packages/airflow/example_dags/example_task_group.py
[2026-08-13T13:44:21.414+0000] {processor.py:840} INFO - DAG(s) 'example_task_group' retrieved from /home/airflow/.local/lib/python3.12/site-packages/airflow/example_dags/example_task_group.py
[2026-08-13T13:44:21.470+0000] {logging_mixin.py:188} INFO - [2026-08-13T13:44:21.470+0000] {dag.py:3089} INFO - Sync 1 DAGs
[2026-08-13T13:44:21.557+0000] {logging_mixin.py:188} INFO - [2026-08-13T13:44:21.555+0000] {dag.py:3947} INFO - Setting next_dagrun for example_task_group to 2026-08-12 00:00:00+00:00, run_after=2026-08-13 00:00:00+00:00
[2026-08-13T13:44:21.633+0000] {processor.py:183} INFO - Processing /home/airflow/.local/lib/python3.12/site-packages/airflow/example_dags/example_task_group.py took 0.269 seconds
[2026-08-13T13:44:52.286+0000] {processor.py:161} INFO - Started process (PID=2805) to work on /home/airflow/.local/lib/python3.12/site-packages/airflow/example_dags/example_task_group.py
[2026-08-13T13:44:52.289+0000] {processor.py:830} INFO - Processing file /home/airflow/.local/lib/python3.12/site-packages/airflow/example_dags/example_task_group.py for tasks to queue
[2026-08-13T13:44:52.298+0000] {logging_mixin.py:188} INFO - [2026-08-13T13:44:52.297+0000] {dagbag.py:545} INFO - Filling up the DagBag from /home/airflow/.local/lib/python3.12/site-packages/airflow/example_dags/example_task_group.py
[2026-08-13T13:44:52.326+0000] {processor.py:840} INFO - DAG(s) 'example_task_group' retrieved from /home/airflow/.local/lib/python3.12/site-packages/airflow/example_dags/example_task_group.py
[2026-08-13T13:44:52.397+0000] {logging_mixin.py:188} INFO - [2026-08-13T13:44:52.397+0000] {dag.py:3089} INFO - Sync 1 DAGs
[2026-08-13T13:44:52.443+0000] {logging_mixin.py:188} INFO - [2026-08-13T13:44:52.443+0000] {dag.py:3947} INFO - Setting next_dagrun for example_task_group to 2026-08-12 00:00:00+00:00, run_after=2026-08-13 00:00:00+00:00
[2026-08-13T13:44:52.491+0000] {processor.py:183} INFO - Processing /home/airflow/.local/lib/python3.12/site-packages/airflow/example_dags/example_task_group.py took 0.221 seconds
[2026-08-13T13:45:23.482+0000] {processor.py:161} INFO - Started process (PID=2877) to work on /home/airflow/.local/lib/python3.12/site-packages/airflow/example_dags/example_task_group.py
[2026-08-13T13:45:23.486+0000] {processor.py:830} INFO - Processing file /home/airflow/.local/lib/python3.12/site-packages/airflow/example_dags/example_task_group.py for tasks to queue
[2026-08-13T13:45:23.496+0000] {logging_mixin.py:188} INFO - [2026-08-13T13:45:23.494+0000] {dagbag.py:545} INFO - Filling up the DagBag from /home/airflow/.local/lib/python3.12/site-packages/airflow/example_dags/example_task_group.py
[2026-08-13T13:45:23.525+0000] {processor.py:840} INFO - DAG(s) 'example_task_group' retrieved from /home/airflow/.local/lib/python3.12/site-packages/airflow/example_dags/example_task_group.py
[2026-08-13T13:45:23.593+0000] {logging_mixin.py:188} INFO - [2026-08-13T13:45:23.593+0000] {dag.py:3089} INFO - Sync 1 DAGs
[2026-08-13T13:45:23.734+0000] {logging_mixin.py:188} INFO - [2026-08-13T13:45:23.734+0000] {dag.py:3947} INFO - Setting next_dagrun for example_task_group to 2026-08-12 00:00:00+00:00, run_after=2026-08-13 00:00:00+00:00
[2026-08-13T13:45:23.824+0000] {processor.py:183} INFO - Processing /home/airflow/.local/lib/python3.12/site-packages/airflow/example_dags/example_task_group.py took 0.361 seconds
[2026-08-13T13:45:54.524+0000] {processor.py:161} INFO - Started process (PID=2950) to work on /home/airflow/.local/lib/python3.12/site-packages/airflow/example_dags/example_task_group.py
[2026-08-13T13:45:54.527+0000] {processor.py:830} INFO - Processing file /home/airflow/.local/lib/python3.12/site-packages/airflow/example_dags/example_task_group.py for tasks to queue
[2026-08-13T13:45:54.532+0000] {logging_mixin.py:188} INFO - [2026-08-13T13:45:54.531+0000] {dagbag.py:545} INFO - Filling up the DagBag from /home/airflow/.local/lib/python3.12/site-packages/airflow/example_dags/example_task_group.py
[2026-08-13T13:45:54.552+0000] {processor.py:840} INFO - DAG(s) 'example_task_group' retrieved from /home/airflow/.local/lib/python3.12/site-packages/airflow/example_dags/example_task_group.py
[2026-08-13T13:45:54.613+0000] {logging_mixin.py:188} INFO - [2026-08-13T13:45:54.613+0000] {dag.py:3089} INFO - Sync 1 DAGs
[2026-08-13T13:45:54.669+0000] {logging_mixin.py:188} INFO - [2026-08-13T13:45:54.669+0000] {dag.py:3947} INFO - Setting next_dagrun for example_task_group to 2026-08-12 00:00:00+00:00, run_after=2026-08-13 00:00:00+00:00
[2026-08-13T13:45:54.733+0000] {processor.py:183} INFO - Processing /home/airflow/.local/lib/python3.12/site-packages/airflow/example_dags/example_task_group.py took 0.218 seconds
[2026-08-13T13:46:25.635+0000] {processor.py:161} INFO - Started process (PID=3024) to work on /home/airflow/.local/lib/python3.12/site-packages/airflow/example_dags/example_task_group.py
[2026-08-13T13:46:25.639+0000] {processor.py:830} INFO - Processing file /home/airflow/.local/lib/python3.12/site-packages/airflow/example_dags/example_task_group.py for tasks to queue
[2026-08-13T13:46:25.643+0000] {logging_mixin.py:188} INFO - [2026-08-13T13:46:25.642+0000] {dagbag.py:545} INFO - Filling up the DagBag from /home/airflow/.local/lib/python3.12/site-packages/airflow/example_dags/example_task_group.py
[2026-08-13T13:46:25.657+0000] {processor.py:840} INFO - DAG(s) 'example_task_group' retrieved from /home/airflow/.local/lib/python3.12/site-packages/airflow/example_dags/example_task_group.py
[2026-08-13T13:46:25.703+0000] {logging_mixin.py:188} INFO - [2026-08-13T13:46:25.703+0000] {dag.py:3089} INFO - Sync 1 DAGs
[2026-08-13T13:46:25.751+0000] {logging_mixin.py:188} INFO - [2026-08-13T13:46:25.750+0000] {dag.py:3947} INFO - Setting next_dagrun for example_task_group to 2026-08-12 00:00:00+00:00, run_after=2026-08-13 00:00:00+00:00
[2026-08-13T13:46:25.802+0000] {processor.py:183} INFO - Processing /home/airflow/.local/lib/python3.12/site-packages/airflow/example_dags/example_task_group.py took 0.175 seconds
[2026-08-13T13:46:56.419+0000] {processor.py:161} INFO - Started process (PID=3097) to work on /home/airflow/.local/lib/python3.12/site-packages/airflow/example_dags/example_task_group.py
[2026-08-13T13:46:56.425+0000] {processor.py:830} INFO - Processing file /home/airflow/.local/lib/python3.12/site-packages/airflow/example_dags/example_task_group.py for tasks to queue
[2026-08-13T13:46:56.431+0000] {logging_mixin.py:188} INFO - [2026-08-13T13:46:56.430+0000] {dagbag.py:545} INFO - Filling up the DagBag from /home/airflow/.local/lib/python3.12/site-packages/airflow/example_dags/example_task_group.py
[2026-08-13T13:46:56.449+0000] {processor.py:840} INFO - DAG(s) 'example_task_group' retrieved from /home/airflow/.local/lib/python3.12/site-packages/airflow/example_dags/example_task_group.py
[2026-08-13T13:46:56.502+0000] {logging_mixin.py:188} INFO - [2026-08-13T13:46:56.501+0000] {dag.py:3089} INFO - Sync 1 DAGs
[2026-08-13T13:46:56.554+0000] {logging_mixin.py:188} INFO - [2026-08-13T13:46:56.553+0000] {dag.py:3947} INFO - Setting next_dagrun for example_task_group to 2026-08-12 00:00:00+00:00, run_after=2026-08-13 00:00:00+00:00
[2026-08-13T13:46:56.602+0000] {processor.py:183} INFO - Processing /home/airflow/.local/lib/python3.12/site-packages/airflow/example_dags/example_task_group.py took 0.196 seconds
[2026-08-13T13:47:28.066+0000] {processor.py:161} INFO - Started process (PID=3169) to work on /home/airflow/.local/lib/python3.12/site-packages/airflow/example_dags/example_task_group.py
[2026-08-13T13:47:28.070+0000] {processor.py:830} INFO - Processing file /home/airflow/.local/lib/python3.12/site-packages/airflow/example_dags/example_task_group.py for tasks to queue
[2026-08-13T13:47:28.078+0000] {logging_mixin.py:188} INFO - [2026-08-13T13:47:28.076+0000] {dagbag.py:545} INFO - Filling up the DagBag from /home/airflow/.local/lib/python3.12/site-packages/airflow/example_dags/example_task_group.py
[2026-08-13T13:47:28.100+0000] {processor.py:840} INFO - DAG(s) 'example_task_group' retrieved from /home/airflow/.local/lib/python3.12/site-packages/airflow/example_dags/example_task_group.py
[2026-08-13T13:47:28.172+0000] {logging_mixin.py:188} INFO - [2026-08-13T13:47:28.171+0000] {dag.py:3089} INFO - Sync 1 DAGs
[2026-08-13T13:47:28.233+0000] {logging_mixin.py:188} INFO - [2026-08-13T13:47:28.233+0000] {dag.py:3947} INFO - Setting next_dagrun for example_task_group to 2026-08-12 00:00:00+00:00, run_after=2026-08-13 00:00:00+00:00
[2026-08-13T13:47:28.296+0000] {processor.py:183} INFO - Processing /home/airflow/.local/lib/python3.12/site-packages/airflow/example_dags/example_task_group.py took 0.246 seconds
[2026-08-13T13:47:59.760+0000] {processor.py:161} INFO - Started process (PID=3242) to work on /home/airflow/.local/lib/python3.12/site-packages/airflow/example_dags/example_task_group.py
[2026-08-13T13:47:59.771+0000] {processor.py:830} INFO - Processing file /home/airflow/.local/lib/python3.12/site-packages/airflow/example_dags/example_task_group.py for tasks to queue
[2026-08-13T13:47:59.780+0000] {logging_mixin.py:188} INFO - [2026-08-13T13:47:59.779+0000] {dagbag.py:545} INFO - Filling up the DagBag from /home/airflow/.local/lib/python3.12/site-packages/airflow/example_dags/example_task_group.py
[2026-08-13T13:47:59.811+0000] {processor.py:840} INFO - DAG(s) 'example_task_group' retrieved from /home/airflow/.local/lib/python3.12/site-packages/airflow/example_dags/example_task_group.py
[2026-08-13T13:47:59.996+0000] {logging_mixin.py:188} INFO - [2026-08-13T13:47:59.993+0000] {dag.py:3089} INFO - Sync 1 DAGs
[2026-08-13T13:48:00.105+0000] {logging_mixin.py:188} INFO - [2026-08-13T13:48:00.104+0000] {dag.py:3947} INFO - Setting next_dagrun for example_task_group to 2026-08-12 00:00:00+00:00, run_after=2026-08-13 00:00:00+00:00
[2026-08-13T13:48:00.220+0000] {processor.py:183} INFO - Processing /home/airflow/.local/lib/python3.12/site-packages/airflow/example_dags/example_task_group.py took 0.477 seconds
[2026-08-13T13:48:31.405+0000] {processor.py:161} INFO - Started process (PID=3315) to work on /home/airflow/.local/lib/python3.12/site-packages/airflow/example_dags/example_task_group.py
[2026-08-13T13:48:31.408+0000] {processor.py:830} INFO - Processing file /home/airflow/.local/lib/python3.12/site-packages/airflow/example_dags/example_task_group.py for tasks to queue
[2026-08-13T13:48:31.415+0000] {logging_mixin.py:188} INFO - [2026-08-13T13:48:31.414+0000] {dagbag.py:545} INFO - Filling up the DagBag from /home/airflow/.local/lib/python3.12/site-packages/airflow/example_dags/example_task_group.py
[2026-08-13T13:48:31.435+0000] {processor.py:840} INFO - DAG(s) 'example_task_group' retrieved from /home/airflow/.local/lib/python3.12/site-packages/airflow/example_dags/example_task_group.py
[2026-08-13T13:48:31.496+0000] {logging_mixin.py:188} INFO - [2026-08-13T13:48:31.495+0000] {dag.py:3089} INFO - Sync 1 DAGs
[2026-08-13T13:48:31.554+0000] {logging_mixin.py:188} INFO - [2026-08-13T13:48:31.554+0000] {dag.py:3947} INFO - Setting next_dagrun for example_task_group to 2026-08-12 00:00:00+00:00, run_after=2026-08-13 00:00:00+00:00
[2026-08-13T13:48:31.599+0000] {processor.py:183} INFO - Processing /home/airflow/.local/lib/python3.12/site-packages/airflow/example_dags/example_task_group.py took 0.211 seconds
[2026-08-13T13:49:03.174+0000] {processor.py:161} INFO - Started process (PID=3389) to work on /home/airflow/.local/lib/python3.12/site-packages/airflow/example_dags/example_task_group.py
[2026-08-13T13:49:03.177+0000] {processor.py:830} INFO - Processing file /home/airflow/.local/lib/python3.12/site-packages/airflow/example_dags/example_task_group.py for tasks to queue
[2026-08-13T13:49:03.183+0000] {logging_mixin.py:188} INFO - [2026-08-13T13:49:03.182+0000] {dagbag.py:545} INFO - Filling up the DagBag from /home/airflow/.local/lib/python3.12/site-packages/airflow/example_dags/example_task_group.py
[2026-08-13T13:49:03.203+0000] {processor.py:840} INFO - DAG(s) 'example_task_group' retrieved from /home/airflow/.local/lib/python3.12/site-packages/airflow/example_dags/example_task_group.py
[2026-08-13T13:49:03.262+0000] {logging_mixin.py:188} INFO - [2026-08-13T13:49:03.261+0000] {dag.py:3089} INFO - Sync 1 DAGs
[2026-08-13T13:49:03.356+0000] {logging_mixin.py:188} INFO - [2026-08-13T13:49:03.356+0000] {dag.py:3947} INFO - Setting next_dagrun for example_task_group to 2026-08-12 00:00:00+00:00, run_after=2026-08-13 00:00:00+00:00
[2026-08-13T13:49:03.434+0000] {processor.py:183} INFO - Processing /home/airflow/.local/lib/python3.12/site-packages/airflow/example_dags/example_task_group.py took 0.274 seconds
[2026-08-13T13:49:40.199+0000] {processor.py:161} INFO - Started process (PID=3456) to work on /home/airflow/.local/lib/python3.12/site-packages/airflow/example_dags/example_task_group.py
[2026-08-13T13:49:40.206+0000] {processor.py:830} INFO - Processing file /home/airflow/.local/lib/python3.12/site-packages/airflow/example_dags/example_task_group.py for tasks to queue
[2026-08-13T13:49:40.226+0000] {logging_mixin.py:188} INFO - [2026-08-13T13:49:40.225+0000] {dagbag.py:545} INFO - Filling up the DagBag from /home/airflow/.local/lib/python3.12/site-packages/airflow/example_dags/example_task_group.py
[2026-08-13T13:49:40.300+0000] {processor.py:840} INFO - DAG(s) 'example_task_group' retrieved from /home/airflow/.local/lib/python3.12/site-packages/airflow/example_dags/example_task_group.py
[2026-08-13T13:49:40.502+0000] {logging_mixin.py:188} INFO - [2026-08-13T13:49:40.502+0000] {dag.py:3089} INFO - Sync 1 DAGs
[2026-08-13T13:49:40.795+0000] {logging_mixin.py:188} INFO - [2026-08-13T13:49:40.795+0000] {dag.py:3947} INFO - Setting next_dagrun for example_task_group to 2026-08-12 00:00:00+00:00, run_after=2026-08-13 00:00:00+00:00
[2026-08-13T13:49:41.044+0000] {processor.py:183} INFO - Processing /home/airflow/.local/lib/python3.12/site-packages/airflow/example_dags/example_task_group.py took 0.864 seconds
