[2026-08-13T13:24:12.563+0000] {processor.py:161} INFO - Started process (PID=91) to work on /home/airflow/.local/lib/python3.12/site-packages/airflow/example_dags/example_python_operator.py
[2026-08-13T13:24:12.580+0000] {processor.py:830} INFO - Processing file /home/airflow/.local/lib/python3.12/site-packages/airflow/example_dags/example_python_operator.py for tasks to queue
[2026-08-13T13:24:12.604+0000] {logging_mixin.py:188} INFO - [2026-08-13T13:24:12.597+0000] {dagbag.py:545} INFO - Filling up the DagBag from /home/airflow/.local/lib/python3.12/site-packages/airflow/example_dags/example_python_operator.py
[2026-08-13T13:24:12.799+0000] {processor.py:840} INFO - DAG(s) 'example_python_operator' retrieved from /home/airflow/.local/lib/python3.12/site-packages/airflow/example_dags/example_python_operator.py
[2026-08-13T13:24:13.299+0000] {logging_mixin.py:188} INFO - [2026-08-13T13:24:13.298+0000] {dag.py:3089} INFO - Sync 1 DAGs
[2026-08-13T13:24:13.378+0000] {logging_mixin.py:188} INFO - [2026-08-13T13:24:13.378+0000] {dag.py:3947} INFO - Setting next_dagrun for example_python_operator to None, run_after=None
[2026-08-13T13:24:13.534+0000] {processor.py:183} INFO - Processing /home/airflow/.local/lib/python3.12/site-packages/airflow/example_dags/example_python_operator.py took 1.012 seconds
[2026-08-13T13:24:48.427+0000] {processor.py:161} INFO - Started process (PID=164) to work on /home/airflow/.local/lib/python3.12/site-packages/airflow/example_dags/example_python_operator.py
[2026-08-13T13:24:48.456+0000] {processor.py:830} INFO - Processing file /home/airflow/.local/lib/python3.12/site-packages/airflow/example_dags/example_python_operator.py for tasks to queue
[2026-08-13T13:24:48.513+0000] {logging_mixin.py:188} INFO - [2026-08-13T13:24:48.512+0000] {dagbag.py:545} INFO - Filling up the DagBag from /home/airflow/.local/lib/python3.12/site-packages/airflow/example_dags/example_python_operator.py
[2026-08-13T13:24:48.600+0000] {processor.py:840} INFO - DAG(s) 'example_python_operator' retrieved from /home/airflow/.local/lib/python3.12/site-packages/airflow/example_dags/example_python_operator.py
[2026-08-13T13:24:48.756+0000] {logging_mixin.py:188} INFO - [2026-08-13T13:24:48.749+0000] {dag.py:3089} INFO - Sync 1 DAGs
[2026-08-13T13:24:48.910+0000] {logging_mixin.py:188} INFO - [2026-08-13T13:24:48.904+0000] {dag.py:3947} INFO - Setting next_dagrun for example_python_operator to None, run_after=None
[2026-08-13T13:24:49.118+0000] {processor.py:183} INFO - Processing /home/airflow/.local/lib/python3.12/site-packages/airflow/example_dags/example_python_operator.py took 1.030 seconds
[2026-08-13T13:25:43.904+0000] {processor.py:161} INFO - Started process (PID=243) to work on /home/airflow/.local/lib/python3.12/site-packages/airflow/example_dags/example_python_operator.py
[2026-08-13T13:25:43.919+0000] {processor.py:830} INFO - Processing file /home/airflow/.local/lib/python3.12/site-packages/airflow/example_dags/example_python_operator.py for tasks to queue
[2026-08-13T13:25:43.949+0000] {logging_mixin.py:188} INFO - [2026-08-13T13:25:43.948+0000] {dagbag.py:545} INFO - Filling up the DagBag from /home/airflow/.local/lib/python3.12/site-packages/airflow/example_dags/example_python_operator.py
[2026-08-13T13:25:44.193+0000] {processor.py:840} INFO - DAG(s) 'example_python_operator' retrieved from /home/airflow/.local/lib/python3.12/site-packages/airflow/example_dags/example_python_operator.py
[2026-08-13T13:25:44.439+0000] {logging_mixin.py:188} INFO - [2026-08-13T13:25:44.438+0000] {dag.py:3089} INFO - Sync 1 DAGs
[2026-08-13T13:25:44.553+0000] {logging_mixin.py:188} INFO - [2026-08-13T13:25:44.553+0000] {dag.py:3947} INFO - Setting next_dagrun for example_python_operator to None, run_after=None
[2026-08-13T13:25:44.664+0000] {processor.py:183} INFO - Processing /home/airflow/.local/lib/python3.12/site-packages/airflow/example_dags/example_python_operator.py took 0.884 seconds
[2026-08-13T13:26:15.134+0000] {processor.py:161} INFO - Started process (PID=309) to work on /home/airflow/.local/lib/python3.12/site-packages/airflow/example_dags/example_python_operator.py
[2026-08-13T13:26:15.138+0000] {processor.py:830} INFO - Processing file /home/airflow/.local/lib/python3.12/site-packages/airflow/example_dags/example_python_operator.py for tasks to queue
[2026-08-13T13:26:15.146+0000] {logging_mixin.py:188} INFO - [2026-08-13T13:26:15.145+0000] {dagbag.py:545} INFO - Filling up the DagBag from /home/airflow/.local/lib/python3.12/site-packages/airflow/example_dags/example_python_operator.py
[2026-08-13T13:26:15.176+0000] {processor.py:840} INFO - DAG(s) 'example_python_operator' retrieved from /home/airflow/.local/lib/python3.12/site-packages/airflow/example_dags/example_python_operator.py
[2026-08-13T13:26:15.258+0000] {logging_mixin.py:188} INFO - [2026-08-13T13:26:15.257+0000] {dag.py:3089} INFO - Sync 1 DAGs
[2026-08-13T13:26:15.302+0000] {logging_mixin.py:188} INFO - [2026-08-13T13:26:15.301+0000] {dag.py:3947} INFO - Setting next_dagrun for example_python_operator to None, run_after=None
[2026-08-13T13:26:15.370+0000] {processor.py:183} INFO - Processing /home/airflow/.local/lib/python3.12/site-packages/airflow/example_dags/example_python_operator.py took 0.253 seconds
[2026-08-13T13:26:48.616+0000] {processor.py:161} INFO - Started process (PID=383) to work on /home/airflow/.local/lib/python3.12/site-packages/airflow/example_dags/example_python_operator.py
[2026-08-13T13:26:48.620+0000] {processor.py:830} INFO - Processing file /home/airflow/.local/lib/python3.12/site-packages/airflow/example_dags/example_python_operator.py for tasks to queue
[2026-08-13T13:26:48.636+0000] {logging_mixin.py:188} INFO - [2026-08-13T13:26:48.635+0000] {dagbag.py:545} INFO - Filling up the DagBag from /home/airflow/.local/lib/python3.12/site-packages/airflow/example_dags/example_python_operator.py
[2026-08-13T13:26:48.712+0000] {processor.py:840} INFO - DAG(s) 'example_python_operator' retrieved from /home/airflow/.local/lib/python3.12/site-packages/airflow/example_dags/example_python_operator.py
[2026-08-13T13:26:48.817+0000] {logging_mixin.py:188} INFO - [2026-08-13T13:26:48.817+0000] {dag.py:3089} INFO - Sync 1 DAGs
[2026-08-13T13:26:48.885+0000] {logging_mixin.py:188} INFO - [2026-08-13T13:26:48.885+0000] {dag.py:3947} INFO - Setting next_dagrun for example_python_operator to None, run_after=None
[2026-08-13T13:26:49.027+0000] {processor.py:183} INFO - Processing /home/airflow/.local/lib/python3.12/site-packages/airflow/example_dags/example_python_operator.py took 0.448 seconds
[2026-08-13T13:27:20.398+0000] {processor.py:161} INFO - Started process (PID=448) to work on /home/airflow/.local/lib/python3.12/site-packages/airflow/example_dags/example_python_operator.py
[2026-08-13T13:27:20.403+0000] {processor.py:830} INFO - Processing file /home/airflow/.local/lib/python3.12/site-packages/airflow/example_dags/example_python_operator.py for tasks to queue
[2026-08-13T13:27:20.413+0000] {logging_mixin.py:188} INFO - [2026-08-13T13:27:20.411+0000] {dagbag.py:545} INFO - Filling up the DagBag from /home/airflow/.local/lib/python3.12/site-packages/airflow/example_dags/example_python_operator.py
[2026-08-13T13:27:20.467+0000] {processor.py:840} INFO - DAG(s) 'example_python_operator' retrieved from /home/airflow/.local/lib/python3.12/site-packages/airflow/example_dags/example_python_operator.py
[2026-08-13T13:27:20.543+0000] {logging_mixin.py:188} INFO - [2026-08-13T13:27:20.542+0000] {dag.py:3089} INFO - Sync 1 DAGs
[2026-08-13T13:27:20.586+0000] {logging_mixin.py:188} INFO - [2026-08-13T13:27:20.586+0000] {dag.py:3947} INFO - Setting next_dagrun for example_python_operator to None, run_after=None
[2026-08-13T13:27:20.657+0000] {processor.py:183} INFO - Processing /home/airflow/.local/lib/python3.12/site-packages/airflow/example_dags/example_python_operator.py took 0.282 seconds
[2026-08-13T13:27:51.171+0000] {processor.py:161} INFO - Started process (PID=521) to work on /home/airflow/.local/lib/python3.12/site-packages/airflow/example_dags/example_python_operator.py
[2026-08-13T13:27:51.174+0000] {processor.py:830} INFO - Processing file /home/airflow/.local/lib/python3.12/site-packages/airflow/example_dags/example_python_operator.py for tasks to queue
[2026-08-13T13:27:51.179+0000] {logging_mixin.py:188} INFO - [2026-08-13T13:27:51.178+0000] {dagbag.py:545} INFO - Filling up the DagBag from /home/airflow/.local/lib/python3.12/site-packages/airflow/example_dags/example_python_operator.py
[2026-08-13T13:27:51.199+0000] {processor.py:840} INFO - DAG(s) 'example_python_operator' retrieved from /home/airflow/.local/lib/python3.12/site-packages/airflow/example_dags/example_python_operator.py
[2026-08-13T13:27:51.235+0000] {logging_mixin.py:188} INFO - [2026-08-13T13:27:51.234+0000] {dag.py:3089} INFO - Sync 1 DAGs
[2026-08-13T13:27:51.257+0000] {logging_mixin.py:188} INFO - [2026-08-13T13:27:51.256+0000] {dag.py:3947} INFO - Setting next_dagrun for example_python_operator to None, run_after=None
[2026-08-13T13:27:51.291+0000] {processor.py:183} INFO - Processing /home/airflow/.local/lib/python3.12/site-packages/airflow/example_dags/example_python_operator.py took 0.130 seconds
[2026-08-13T13:28:24.027+0000] {processor.py:161} INFO - Started process (PID=592) to work on /home/airflow/.local/lib/python3.12/site-packages/airflow/example_dags/example_python_operator.py
[2026-08-13T13:28:24.034+0000] {processor.py:830} INFO - Processing file /home/airflow/.local/lib/python3.12/site-packages/airflow/example_dags/example_python_operator.py for tasks to queue
[2026-08-13T13:28:24.041+0000] {logging_mixin.py:188} INFO - [2026-08-13T13:28:24.040+0000] {dagbag.py:545} INFO - Filling up the DagBag from /home/airflow/.local/lib/python3.12/site-packages/airflow/example_dags/example_python_operator.py
[2026-08-13T13:28:24.076+0000] {processor.py:840} INFO - DAG(s) 'example_python_operator' retrieved from /home/airflow/.local/lib/python3.12/site-packages/airflow/example_dags/example_python_operator.py
[2026-08-13T13:28:24.145+0000] {logging_mixin.py:188} INFO - [2026-08-13T13:28:24.144+0000] {dag.py:3089} INFO - Sync 1 DAGs
[2026-08-13T13:28:24.183+0000] {logging_mixin.py:188} INFO - [2026-08-13T13:28:24.182+0000] {dag.py:3947} INFO - Setting next_dagrun for example_python_operator to None, run_after=None
[2026-08-13T13:28:24.240+0000] {processor.py:183} INFO - Processing /home/airflow/.local/lib/python3.12/site-packages/airflow/example_dags/example_python_operator.py took 0.236 seconds
[2026-08-13T13:28:57.265+0000] {processor.py:161} INFO - Started process (PID=665) to work on /home/airflow/.local/lib/python3.12/site-packages/airflow/example_dags/example_python_operator.py
[2026-08-13T13:28:57.267+0000] {processor.py:830} INFO - Processing file /home/airflow/.local/lib/python3.12/site-packages/airflow/example_dags/example_python_operator.py for tasks to queue
[2026-08-13T13:28:57.273+0000] {logging_mixin.py:188} INFO - [2026-08-13T13:28:57.273+0000] {dagbag.py:545} INFO - Filling up the DagBag from /home/airflow/.local/lib/python3.12/site-packages/airflow/example_dags/example_python_operator.py
[2026-08-13T13:28:57.293+0000] {processor.py:840} INFO - DAG(s) 'example_python_operator' retrieved from /home/airflow/.local/lib/python3.12/site-packages/airflow/example_dags/example_python_operator.py
[2026-08-13T13:28:57.351+0000] {logging_mixin.py:188} INFO - [2026-08-13T13:28:57.350+0000] {dag.py:3089} INFO - Sync 1 DAGs
[2026-08-13T13:28:57.378+0000] {logging_mixin.py:188} INFO - [2026-08-13T13:28:57.378+0000] {dag.py:3947} INFO - Setting next_dagrun for example_python_operator to None, run_after=None
[2026-08-13T13:28:57.420+0000] {processor.py:183} INFO - Processing /home/airflow/.local/lib/python3.12/site-packages/airflow/example_dags/example_python_operator.py took 0.167 seconds
[2026-08-13T13:29:30.990+0000] {processor.py:161} INFO - Started process (PID=739) to work on /home/airflow/.local/lib/python3.12/site-packages/airflow/example_dags/example_python_operator.py
[2026-08-13T13:29:30.996+0000] {processor.py:830} INFO - Processing file /home/airflow/.local/lib/python3.12/site-packages/airflow/example_dags/example_python_operator.py for tasks to queue
[2026-08-13T13:29:31.003+0000] {logging_mixin.py:188} INFO - [2026-08-13T13:29:31.002+0000] {dagbag.py:545} INFO - Filling up the DagBag from /home/airflow/.local/lib/python3.12/site-packages/airflow/example_dags/example_python_operator.py
[2026-08-13T13:29:31.062+0000] {processor.py:840} INFO - DAG(s) 'example_python_operator' retrieved from /home/airflow/.local/lib/python3.12/site-packages/airflow/example_dags/example_python_operator.py
[2026-08-13T13:29:31.132+0000] {logging_mixin.py:188} INFO - [2026-08-13T13:29:31.131+0000] {dag.py:3089} INFO - Sync 1 DAGs
[2026-08-13T13:29:31.189+0000] {logging_mixin.py:188} INFO - [2026-08-13T13:29:31.189+0000] {dag.py:3947} INFO - Setting next_dagrun for example_python_operator to None, run_after=None
[2026-08-13T13:29:31.244+0000] {processor.py:183} INFO - Processing /home/airflow/.local/lib/python3.12/site-packages/airflow/example_dags/example_python_operator.py took 0.274 seconds
[2026-08-13T13:30:04.062+0000] {processor.py:161} INFO - Started process (PID=812) to work on /home/airflow/.local/lib/python3.12/site-packages/airflow/example_dags/example_python_operator.py
[2026-08-13T13:30:04.072+0000] {processor.py:830} INFO - Processing file /home/airflow/.local/lib/python3.12/site-packages/airflow/example_dags/example_python_operator.py for tasks to queue
[2026-08-13T13:30:04.081+0000] {logging_mixin.py:188} INFO - [2026-08-13T13:30:04.079+0000] {dagbag.py:545} INFO - Filling up the DagBag from /home/airflow/.local/lib/python3.12/site-packages/airflow/example_dags/example_python_operator.py
[2026-08-13T13:30:04.120+0000] {processor.py:840} INFO - DAG(s) 'example_python_operator' retrieved from /home/airflow/.local/lib/python3.12/site-packages/airflow/example_dags/example_python_operator.py
[2026-08-13T13:30:04.201+0000] {logging_mixin.py:188} INFO - [2026-08-13T13:30:04.200+0000] {dag.py:3089} INFO - Sync 1 DAGs
[2026-08-13T13:30:04.251+0000] {logging_mixin.py:188} INFO - [2026-08-13T13:30:04.250+0000] {dag.py:3947} INFO - Setting next_dagrun for example_python_operator to None, run_after=None
[2026-08-13T13:30:04.323+0000] {processor.py:183} INFO - Processing /home/airflow/.local/lib/python3.12/site-packages/airflow/example_dags/example_python_operator.py took 0.281 seconds
[2026-08-13T13:30:36.831+0000] {processor.py:161} INFO - Started process (PID=885) to work on /home/airflow/.local/lib/python3.12/site-packages/airflow/example_dags/example_python_operator.py
[2026-08-13T13:30:36.835+0000] {processor.py:830} INFO - Processing file /home/airflow/.local/lib/python3.12/site-packages/airflow/example_dags/example_python_operator.py for tasks to queue
[2026-08-13T13:30:36.843+0000] {logging_mixin.py:188} INFO - [2026-08-13T13:30:36.842+0000] {dagbag.py:545} INFO - Filling up the DagBag from /home/airflow/.local/lib/python3.12/site-packages/airflow/example_dags/example_python_operator.py
[2026-08-13T13:30:36.877+0000] {processor.py:840} INFO - DAG(s) 'example_python_operator' retrieved from /home/airflow/.local/lib/python3.12/site-packages/airflow/example_dags/example_python_operator.py
[2026-08-13T13:30:36.958+0000] {logging_mixin.py:188} INFO - [2026-08-13T13:30:36.958+0000] {dag.py:3089} INFO - Sync 1 DAGs
[2026-08-13T13:30:36.999+0000] {logging_mixin.py:188} INFO - [2026-08-13T13:30:36.998+0000] {dag.py:3947} INFO - Setting next_dagrun for example_python_operator to None, run_after=None
[2026-08-13T13:30:37.061+0000] {processor.py:183} INFO - Processing /home/airflow/.local/lib/python3.12/site-packages/airflow/example_dags/example_python_operator.py took 0.250 seconds
[2026-08-13T13:31:08.366+0000] {processor.py:161} INFO - Started process (PID=951) to work on /home/airflow/.local/lib/python3.12/site-packages/airflow/example_dags/example_python_operator.py
[2026-08-13T13:31:08.371+0000] {processor.py:830} INFO - Processing file /home/airflow/.local/lib/python3.12/site-packages/airflow/example_dags/example_python_operator.py for tasks to queue
[2026-08-13T13:31:08.378+0000] {logging_mixin.py:188} INFO - [2026-08-13T13:31:08.377+0000] {dagbag.py:545} INFO - Filling up the DagBag from /home/airflow/.local/lib/python3.12/site-packages/airflow/example_dags/example_python_operator.py
[2026-08-13T13:31:08.420+0000] {processor.py:840} INFO - DAG(s) 'example_python_operator' retrieved from /home/airflow/.local/lib/python3.12/site-packages/airflow/example_dags/example_python_operator.py
[2026-08-13T13:31:08.490+0000] {logging_mixin.py:188} INFO - [2026-08-13T13:31:08.488+0000] {dag.py:3089} INFO - Sync 1 DAGs
[2026-08-13T13:31:08.536+0000] {logging_mixin.py:188} INFO - [2026-08-13T13:31:08.536+0000] {dag.py:3947} INFO - Setting next_dagrun for example_python_operator to None, run_after=None
[2026-08-13T13:31:08.592+0000] {processor.py:183} INFO - Processing /home/airflow/.local/lib/python3.12/site-packages/airflow/example_dags/example_python_operator.py took 0.245 seconds
[2026-08-13T13:31:41.550+0000] {processor.py:161} INFO - Started process (PID=1025) to work on /home/airflow/.local/lib/python3.12/site-packages/airflow/example_dags/example_python_operator.py
[2026-08-13T13:31:41.558+0000] {processor.py:830} INFO - Processing file /home/airflow/.local/lib/python3.12/site-packages/airflow/example_dags/example_python_operator.py for tasks to queue
[2026-08-13T13:31:41.564+0000] {logging_mixin.py:188} INFO - [2026-08-13T13:31:41.563+0000] {dagbag.py:545} INFO - Filling up the DagBag from /home/airflow/.local/lib/python3.12/site-packages/airflow/example_dags/example_python_operator.py
[2026-08-13T13:31:41.597+0000] {processor.py:840} INFO - DAG(s) 'example_python_operator' retrieved from /home/airflow/.local/lib/python3.12/site-packages/airflow/example_dags/example_python_operator.py
[2026-08-13T13:31:41.664+0000] {logging_mixin.py:188} INFO - [2026-08-13T13:31:41.663+0000] {dag.py:3089} INFO - Sync 1 DAGs
[2026-08-13T13:31:41.725+0000] {logging_mixin.py:188} INFO - [2026-08-13T13:31:41.724+0000] {dag.py:3947} INFO - Setting next_dagrun for example_python_operator to None, run_after=None
[2026-08-13T13:31:41.778+0000] {processor.py:183} INFO - Processing /home/airflow/.local/lib/python3.12/site-packages/airflow/example_dags/example_python_operator.py took 0.247 seconds
[2026-08-13T13:32:13.710+0000] {processor.py:161} INFO - Started process (PID=1098) to work on /home/airflow/.local/lib/python3.12/site-packages/airflow/example_dags/example_python_operator.py
[2026-08-13T13:32:13.713+0000] {processor.py:830} INFO - Processing file /home/airflow/.local/lib/python3.12/site-packages/airflow/example_dags/example_python_operator.py for tasks to queue
[2026-08-13T13:32:13.718+0000] {logging_mixin.py:188} INFO - [2026-08-13T13:32:13.717+0000] {dagbag.py:545} INFO - Filling up the DagBag from /home/airflow/.local/lib/python3.12/site-packages/airflow/example_dags/example_python_operator.py
[2026-08-13T13:32:13.748+0000] {processor.py:840} INFO - DAG(s) 'example_python_operator' retrieved from /home/airflow/.local/lib/python3.12/site-packages/airflow/example_dags/example_python_operator.py
[2026-08-13T13:32:13.802+0000] {logging_mixin.py:188} INFO - [2026-08-13T13:32:13.802+0000] {dag.py:3089} INFO - Sync 1 DAGs
[2026-08-13T13:32:13.832+0000] {logging_mixin.py:188} INFO - [2026-08-13T13:32:13.831+0000] {dag.py:3947} INFO - Setting next_dagrun for example_python_operator to None, run_after=None
[2026-08-13T13:32:13.878+0000] {processor.py:183} INFO - Processing /home/airflow/.local/lib/python3.12/site-packages/airflow/example_dags/example_python_operator.py took 0.182 seconds
[2026-08-13T13:32:47.249+0000] {processor.py:161} INFO - Started process (PID=1172) to work on /home/airflow/.local/lib/python3.12/site-packages/airflow/example_dags/example_python_operator.py
[2026-08-13T13:32:47.253+0000] {processor.py:830} INFO - Processing file /home/airflow/.local/lib/python3.12/site-packages/airflow/example_dags/example_python_operator.py for tasks to queue
[2026-08-13T13:32:47.260+0000] {logging_mixin.py:188} INFO - [2026-08-13T13:32:47.259+0000] {dagbag.py:545} INFO - Filling up the DagBag from /home/airflow/.local/lib/python3.12/site-packages/airflow/example_dags/example_python_operator.py
[2026-08-13T13:32:47.313+0000] {processor.py:840} INFO - DAG(s) 'example_python_operator' retrieved from /home/airflow/.local/lib/python3.12/site-packages/airflow/example_dags/example_python_operator.py
[2026-08-13T13:32:47.374+0000] {logging_mixin.py:188} INFO - [2026-08-13T13:32:47.374+0000] {dag.py:3089} INFO - Sync 1 DAGs
[2026-08-13T13:32:47.411+0000] {logging_mixin.py:188} INFO - [2026-08-13T13:32:47.411+0000] {dag.py:3947} INFO - Setting next_dagrun for example_python_operator to None, run_after=None
[2026-08-13T13:32:47.462+0000] {processor.py:183} INFO - Processing /home/airflow/.local/lib/python3.12/site-packages/airflow/example_dags/example_python_operator.py took 0.231 seconds
[2026-08-13T13:33:19.123+0000] {processor.py:161} INFO - Started process (PID=1245) to work on /home/airflow/.local/lib/python3.12/site-packages/airflow/example_dags/example_python_operator.py
[2026-08-13T13:33:19.126+0000] {processor.py:830} INFO - Processing file /home/airflow/.local/lib/python3.12/site-packages/airflow/example_dags/example_python_operator.py for tasks to queue
[2026-08-13T13:33:19.134+0000] {logging_mixin.py:188} INFO - [2026-08-13T13:33:19.133+0000] {dagbag.py:545} INFO - Filling up the DagBag from /home/airflow/.local/lib/python3.12/site-packages/airflow/example_dags/example_python_operator.py
[2026-08-13T13:33:19.181+0000] {processor.py:840} INFO - DAG(s) 'example_python_operator' retrieved from /home/airflow/.local/lib/python3.12/site-packages/airflow/example_dags/example_python_operator.py
[2026-08-13T13:33:19.277+0000] {logging_mixin.py:188} INFO - [2026-08-13T13:33:19.276+0000] {dag.py:3089} INFO - Sync 1 DAGs
[2026-08-13T13:33:19.326+0000] {logging_mixin.py:188} INFO - [2026-08-13T13:33:19.325+0000] {dag.py:3947} INFO - Setting next_dagrun for example_python_operator to None, run_after=None
[2026-08-13T13:33:19.394+0000] {processor.py:183} INFO - Processing /home/airflow/.local/lib/python3.12/site-packages/airflow/example_dags/example_python_operator.py took 0.284 seconds
[2026-08-13T13:33:52.603+0000] {processor.py:161} INFO - Started process (PID=1319) to work on /home/airflow/.local/lib/python3.12/site-packages/airflow/example_dags/example_python_operator.py
[2026-08-13T13:33:52.607+0000] {processor.py:830} INFO - Processing file /home/airflow/.local/lib/python3.12/site-packages/airflow/example_dags/example_python_operator.py for tasks to queue
[2026-08-13T13:33:52.624+0000] {logging_mixin.py:188} INFO - [2026-08-13T13:33:52.623+0000] {dagbag.py:545} INFO - Filling up the DagBag from /home/airflow/.local/lib/python3.12/site-packages/airflow/example_dags/example_python_operator.py
[2026-08-13T13:33:52.669+0000] {processor.py:840} INFO - DAG(s) 'example_python_operator' retrieved from /home/airflow/.local/lib/python3.12/site-packages/airflow/example_dags/example_python_operator.py
[2026-08-13T13:33:52.761+0000] {logging_mixin.py:188} INFO - [2026-08-13T13:33:52.761+0000] {dag.py:3089} INFO - Sync 1 DAGs
[2026-08-13T13:33:52.857+0000] {logging_mixin.py:188} INFO - [2026-08-13T13:33:52.856+0000] {dag.py:3947} INFO - Setting next_dagrun for example_python_operator to None, run_after=None
[2026-08-13T13:33:52.971+0000] {processor.py:183} INFO - Processing /home/airflow/.local/lib/python3.12/site-packages/airflow/example_dags/example_python_operator.py took 0.390 seconds
[2026-08-13T13:34:24.490+0000] {processor.py:161} INFO - Started process (PID=1392) to work on /home/airflow/.local/lib/python3.12/site-packages/airflow/example_dags/example_python_operator.py
[2026-08-13T13:34:24.493+0000] {processor.py:830} INFO - Processing file /home/airflow/.local/lib/python3.12/site-packages/airflow/example_dags/example_python_operator.py for tasks to queue
[2026-08-13T13:34:24.498+0000] {logging_mixin.py:188} INFO - [2026-08-13T13:34:24.497+0000] {dagbag.py:545} INFO - Filling up the DagBag from /home/airflow/.local/lib/python3.12/site-packages/airflow/example_dags/example_python_operator.py
[2026-08-13T13:34:24.520+0000] {processor.py:840} INFO - DAG(s) 'example_python_operator' retrieved from /home/airflow/.local/lib/python3.12/site-packages/airflow/example_dags/example_python_operator.py
[2026-08-13T13:34:24.571+0000] {logging_mixin.py:188} INFO - [2026-08-13T13:34:24.570+0000] {dag.py:3089} INFO - Sync 1 DAGs
[2026-08-13T13:34:24.603+0000] {logging_mixin.py:188} INFO - [2026-08-13T13:34:24.603+0000] {dag.py:3947} INFO - Setting next_dagrun for example_python_operator to None, run_after=None
[2026-08-13T13:34:24.660+0000] {processor.py:183} INFO - Processing /home/airflow/.local/lib/python3.12/site-packages/airflow/example_dags/example_python_operator.py took 0.182 seconds
[2026-08-13T13:34:57.304+0000] {processor.py:161} INFO - Started process (PID=1466) to work on /home/airflow/.local/lib/python3.12/site-packages/airflow/example_dags/example_python_operator.py
[2026-08-13T13:34:57.308+0000] {processor.py:830} INFO - Processing file /home/airflow/.local/lib/python3.12/site-packages/airflow/example_dags/example_python_operator.py for tasks to queue
[2026-08-13T13:34:57.315+0000] {logging_mixin.py:188} INFO - [2026-08-13T13:34:57.314+0000] {dagbag.py:545} INFO - Filling up the DagBag from /home/airflow/.local/lib/python3.12/site-packages/airflow/example_dags/example_python_operator.py
[2026-08-13T13:34:57.355+0000] {processor.py:840} INFO - DAG(s) 'example_python_operator' retrieved from /home/airflow/.local/lib/python3.12/site-packages/airflow/example_dags/example_python_operator.py
[2026-08-13T13:34:57.418+0000] {logging_mixin.py:188} INFO - [2026-08-13T13:34:57.418+0000] {dag.py:3089} INFO - Sync 1 DAGs
[2026-08-13T13:34:57.457+0000] {logging_mixin.py:188} INFO - [2026-08-13T13:34:57.457+0000] {dag.py:3947} INFO - Setting next_dagrun for example_python_operator to None, run_after=None
[2026-08-13T13:34:57.508+0000] {processor.py:183} INFO - Processing /home/airflow/.local/lib/python3.12/site-packages/airflow/example_dags/example_python_operator.py took 0.232 seconds
[2026-08-13T13:35:30.129+0000] {processor.py:161} INFO - Started process (PID=1539) to work on /home/airflow/.local/lib/python3.12/site-packages/airflow/example_dags/example_python_operator.py
[2026-08-13T13:35:30.134+0000] {processor.py:830} INFO - Processing file /home/airflow/.local/lib/python3.12/site-packages/airflow/example_dags/example_python_operator.py for tasks to queue
[2026-08-13T13:35:30.141+0000] {logging_mixin.py:188} INFO - [2026-08-13T13:35:30.140+0000] {dagbag.py:545} INFO - Filling up the DagBag from /home/airflow/.local/lib/python3.12/site-packages/airflow/example_dags/example_python_operator.py
[2026-08-13T13:35:30.189+0000] {processor.py:840} INFO - DAG(s) 'example_python_operator' retrieved from /home/airflow/.local/lib/python3.12/site-packages/airflow/example_dags/example_python_operator.py
[2026-08-13T13:35:30.286+0000] {logging_mixin.py:188} INFO - [2026-08-13T13:35:30.285+0000] {dag.py:3089} INFO - Sync 1 DAGs
[2026-08-13T13:35:30.353+0000] {logging_mixin.py:188} INFO - [2026-08-13T13:35:30.352+0000] {dag.py:3947} INFO - Setting next_dagrun for example_python_operator to None, run_after=None
[2026-08-13T13:35:30.451+0000] {processor.py:183} INFO - Processing /home/airflow/.local/lib/python3.12/site-packages/airflow/example_dags/example_python_operator.py took 0.342 seconds
[2026-08-13T13:36:02.341+0000] {processor.py:161} INFO - Started process (PID=1612) to work on /home/airflow/.local/lib/python3.12/site-packages/airflow/example_dags/example_python_operator.py
[2026-08-13T13:36:02.344+0000] {processor.py:830} INFO - Processing file /home/airflow/.local/lib/python3.12/site-packages/airflow/example_dags/example_python_operator.py for tasks to queue
[2026-08-13T13:36:02.350+0000] {logging_mixin.py:188} INFO - [2026-08-13T13:36:02.349+0000] {dagbag.py:545} INFO - Filling up the DagBag from /home/airflow/.local/lib/python3.12/site-packages/airflow/example_dags/example_python_operator.py
[2026-08-13T13:36:02.374+0000] {processor.py:840} INFO - DAG(s) 'example_python_operator' retrieved from /home/airflow/.local/lib/python3.12/site-packages/airflow/example_dags/example_python_operator.py
[2026-08-13T13:36:02.420+0000] {logging_mixin.py:188} INFO - [2026-08-13T13:36:02.420+0000] {dag.py:3089} INFO - Sync 1 DAGs
[2026-08-13T13:36:02.450+0000] {logging_mixin.py:188} INFO - [2026-08-13T13:36:02.449+0000] {dag.py:3947} INFO - Setting next_dagrun for example_python_operator to None, run_after=None
[2026-08-13T13:36:02.490+0000] {processor.py:183} INFO - Processing /home/airflow/.local/lib/python3.12/site-packages/airflow/example_dags/example_python_operator.py took 0.162 seconds
[2026-08-13T13:36:35.376+0000] {processor.py:161} INFO - Started process (PID=1685) to work on /home/airflow/.local/lib/python3.12/site-packages/airflow/example_dags/example_python_operator.py
[2026-08-13T13:36:35.380+0000] {processor.py:830} INFO - Processing file /home/airflow/.local/lib/python3.12/site-packages/airflow/example_dags/example_python_operator.py for tasks to queue
[2026-08-13T13:36:35.387+0000] {logging_mixin.py:188} INFO - [2026-08-13T13:36:35.386+0000] {dagbag.py:545} INFO - Filling up the DagBag from /home/airflow/.local/lib/python3.12/site-packages/airflow/example_dags/example_python_operator.py
[2026-08-13T13:36:35.451+0000] {processor.py:840} INFO - DAG(s) 'example_python_operator' retrieved from /home/airflow/.local/lib/python3.12/site-packages/airflow/example_dags/example_python_operator.py
[2026-08-13T13:36:35.551+0000] {logging_mixin.py:188} INFO - [2026-08-13T13:36:35.551+0000] {dag.py:3089} INFO - Sync 1 DAGs
[2026-08-13T13:36:35.612+0000] {logging_mixin.py:188} INFO - [2026-08-13T13:36:35.612+0000] {dag.py:3947} INFO - Setting next_dagrun for example_python_operator to None, run_after=None
[2026-08-13T13:36:35.708+0000] {processor.py:183} INFO - Processing /home/airflow/.local/lib/python3.12/site-packages/airflow/example_dags/example_python_operator.py took 0.351 seconds
[2026-08-13T13:37:07.911+0000] {processor.py:161} INFO - Started process (PID=1758) to work on /home/airflow/.local/lib/python3.12/site-packages/airflow/example_dags/example_python_operator.py
[2026-08-13T13:37:07.913+0000] {processor.py:830} INFO - Processing file /home/airflow/.local/lib/python3.12/site-packages/airflow/example_dags/example_python_operator.py for tasks to queue
[2026-08-13T13:37:07.917+0000] {logging_mixin.py:188} INFO - [2026-08-13T13:37:07.916+0000] {dagbag.py:545} INFO - Filling up the DagBag from /home/airflow/.local/lib/python3.12/site-packages/airflow/example_dags/example_python_operator.py
[2026-08-13T13:37:07.938+0000] {processor.py:840} INFO - DAG(s) 'example_python_operator' retrieved from /home/airflow/.local/lib/python3.12/site-packages/airflow/example_dags/example_python_operator.py
[2026-08-13T13:37:07.975+0000] {logging_mixin.py:188} INFO - [2026-08-13T13:37:07.974+0000] {dag.py:3089} INFO - Sync 1 DAGs
[2026-08-13T13:37:07.998+0000] {logging_mixin.py:188} INFO - [2026-08-13T13:37:07.998+0000] {dag.py:3947} INFO - Setting next_dagrun for example_python_operator to None, run_after=None
[2026-08-13T13:37:08.043+0000] {processor.py:183} INFO - Processing /home/airflow/.local/lib/python3.12/site-packages/airflow/example_dags/example_python_operator.py took 0.144 seconds
[2026-08-13T13:37:41.100+0000] {processor.py:161} INFO - Started process (PID=1832) to work on /home/airflow/.local/lib/python3.12/site-packages/airflow/example_dags/example_python_operator.py
[2026-08-13T13:37:41.104+0000] {processor.py:830} INFO - Processing file /home/airflow/.local/lib/python3.12/site-packages/airflow/example_dags/example_python_operator.py for tasks to queue
[2026-08-13T13:37:41.111+0000] {logging_mixin.py:188} INFO - [2026-08-13T13:37:41.110+0000] {dagbag.py:545} INFO - Filling up the DagBag from /home/airflow/.local/lib/python3.12/site-packages/airflow/example_dags/example_python_operator.py
[2026-08-13T13:37:41.147+0000] {processor.py:840} INFO - DAG(s) 'example_python_operator' retrieved from /home/airflow/.local/lib/python3.12/site-packages/airflow/example_dags/example_python_operator.py
[2026-08-13T13:37:41.226+0000] {logging_mixin.py:188} INFO - [2026-08-13T13:37:41.225+0000] {dag.py:3089} INFO - Sync 1 DAGs
[2026-08-13T13:37:41.262+0000] {logging_mixin.py:188} INFO - [2026-08-13T13:37:41.262+0000] {dag.py:3947} INFO - Setting next_dagrun for example_python_operator to None, run_after=None
[2026-08-13T13:37:41.328+0000] {processor.py:183} INFO - Processing /home/airflow/.local/lib/python3.12/site-packages/airflow/example_dags/example_python_operator.py took 0.244 seconds
[2026-08-13T13:38:13.694+0000] {processor.py:161} INFO - Started process (PID=1906) to work on /home/airflow/.local/lib/python3.12/site-packages/airflow/example_dags/example_python_operator.py
[2026-08-13T13:38:13.696+0000] {processor.py:830} INFO - Processing file /home/airflow/.local/lib/python3.12/site-packages/airflow/example_dags/example_python_operator.py for tasks to queue
[2026-08-13T13:38:13.702+0000] {logging_mixin.py:188} INFO - [2026-08-13T13:38:13.701+0000] {dagbag.py:545} INFO - Filling up the DagBag from /home/airflow/.local/lib/python3.12/site-packages/airflow/example_dags/example_python_operator.py
[2026-08-13T13:38:13.720+0000] {processor.py:840} INFO - DAG(s) 'example_python_operator' retrieved from /home/airflow/.local/lib/python3.12/site-packages/airflow/example_dags/example_python_operator.py
[2026-08-13T13:38:13.758+0000] {logging_mixin.py:188} INFO - [2026-08-13T13:38:13.758+0000] {dag.py:3089} INFO - Sync 1 DAGs
[2026-08-13T13:38:13.779+0000] {logging_mixin.py:188} INFO - [2026-08-13T13:38:13.778+0000] {dag.py:3947} INFO - Setting next_dagrun for example_python_operator to None, run_after=None
[2026-08-13T13:38:13.816+0000] {processor.py:183} INFO - Processing /home/airflow/.local/lib/python3.12/site-packages/airflow/example_dags/example_python_operator.py took 0.133 seconds
[2026-08-13T13:38:47.981+0000] {processor.py:161} INFO - Started process (PID=1980) to work on /home/airflow/.local/lib/python3.12/site-packages/airflow/example_dags/example_python_operator.py
[2026-08-13T13:38:47.985+0000] {processor.py:830} INFO - Processing file /home/airflow/.local/lib/python3.12/site-packages/airflow/example_dags/example_python_operator.py for tasks to queue
[2026-08-13T13:38:47.992+0000] {logging_mixin.py:188} INFO - [2026-08-13T13:38:47.991+0000] {dagbag.py:545} INFO - Filling up the DagBag from /home/airflow/.local/lib/python3.12/site-packages/airflow/example_dags/example_python_operator.py
[2026-08-13T13:38:48.030+0000] {processor.py:840} INFO - DAG(s) 'example_python_operator' retrieved from /home/airflow/.local/lib/python3.12/site-packages/airflow/example_dags/example_python_operator.py
[2026-08-13T13:38:48.102+0000] {logging_mixin.py:188} INFO - [2026-08-13T13:38:48.101+0000] {dag.py:3089} INFO - Sync 1 DAGs
[2026-08-13T13:38:48.144+0000] {logging_mixin.py:188} INFO - [2026-08-13T13:38:48.143+0000] {dag.py:3947} INFO - Setting next_dagrun for example_python_operator to None, run_after=None
[2026-08-13T13:38:48.191+0000] {processor.py:183} INFO - Processing /home/airflow/.local/lib/python3.12/site-packages/airflow/example_dags/example_python_operator.py took 0.232 seconds
[2026-08-13T13:39:20.871+0000] {processor.py:161} INFO - Started process (PID=2054) to work on /home/airflow/.local/lib/python3.12/site-packages/airflow/example_dags/example_python_operator.py
[2026-08-13T13:39:20.873+0000] {processor.py:830} INFO - Processing file /home/airflow/.local/lib/python3.12/site-packages/airflow/example_dags/example_python_operator.py for tasks to queue
[2026-08-13T13:39:20.877+0000] {logging_mixin.py:188} INFO - [2026-08-13T13:39:20.876+0000] {dagbag.py:545} INFO - Filling up the DagBag from /home/airflow/.local/lib/python3.12/site-packages/airflow/example_dags/example_python_operator.py
[2026-08-13T13:39:20.894+0000] {processor.py:840} INFO - DAG(s) 'example_python_operator' retrieved from /home/airflow/.local/lib/python3.12/site-packages/airflow/example_dags/example_python_operator.py
[2026-08-13T13:39:20.938+0000] {logging_mixin.py:188} INFO - [2026-08-13T13:39:20.938+0000] {dag.py:3089} INFO - Sync 1 DAGs
[2026-08-13T13:39:20.968+0000] {logging_mixin.py:188} INFO - [2026-08-13T13:39:20.967+0000] {dag.py:3947} INFO - Setting next_dagrun for example_python_operator to None, run_after=None
[2026-08-13T13:39:21.014+0000] {processor.py:183} INFO - Processing /home/airflow/.local/lib/python3.12/site-packages/airflow/example_dags/example_python_operator.py took 0.152 seconds
[2026-08-13T13:39:54.178+0000] {processor.py:161} INFO - Started process (PID=2127) to work on /home/airflow/.local/lib/python3.12/site-packages/airflow/example_dags/example_python_operator.py
[2026-08-13T13:39:54.181+0000] {processor.py:830} INFO - Processing file /home/airflow/.local/lib/python3.12/site-packages/airflow/example_dags/example_python_operator.py for tasks to queue
[2026-08-13T13:39:54.187+0000] {logging_mixin.py:188} INFO - [2026-08-13T13:39:54.187+0000] {dagbag.py:545} INFO - Filling up the DagBag from /home/airflow/.local/lib/python3.12/site-packages/airflow/example_dags/example_python_operator.py
[2026-08-13T13:39:54.217+0000] {processor.py:840} INFO - DAG(s) 'example_python_operator' retrieved from /home/airflow/.local/lib/python3.12/site-packages/airflow/example_dags/example_python_operator.py
[2026-08-13T13:39:54.283+0000] {logging_mixin.py:188} INFO - [2026-08-13T13:39:54.283+0000] {dag.py:3089} INFO - Sync 1 DAGs
[2026-08-13T13:39:54.316+0000] {logging_mixin.py:188} INFO - [2026-08-13T13:39:54.316+0000] {dag.py:3947} INFO - Setting next_dagrun for example_python_operator to None, run_after=None
[2026-08-13T13:39:54.363+0000] {processor.py:183} INFO - Processing /home/airflow/.local/lib/python3.12/site-packages/airflow/example_dags/example_python_operator.py took 0.206 seconds
[2026-08-13T13:40:26.850+0000] {processor.py:161} INFO - Started process (PID=2199) to work on /home/airflow/.local/lib/python3.12/site-packages/airflow/example_dags/example_python_operator.py
[2026-08-13T13:40:26.858+0000] {processor.py:830} INFO - Processing file /home/airflow/.local/lib/python3.12/site-packages/airflow/example_dags/example_python_operator.py for tasks to queue
[2026-08-13T13:40:26.866+0000] {logging_mixin.py:188} INFO - [2026-08-13T13:40:26.865+0000] {dagbag.py:545} INFO - Filling up the DagBag from /home/airflow/.local/lib/python3.12/site-packages/airflow/example_dags/example_python_operator.py
[2026-08-13T13:40:26.905+0000] {processor.py:840} INFO - DAG(s) 'example_python_operator' retrieved from /home/airflow/.local/lib/python3.12/site-packages/airflow/example_dags/example_python_operator.py
[2026-08-13T13:40:26.969+0000] {logging_mixin.py:188} INFO - [2026-08-13T13:40:26.968+0000] {dag.py:3089} INFO - Sync 1 DAGs
[2026-08-13T13:40:27.012+0000] {logging_mixin.py:188} INFO - [2026-08-13T13:40:27.011+0000] {dag.py:3947} INFO - Setting next_dagrun for example_python_operator to None, run_after=None
[2026-08-13T13:40:27.078+0000] {processor.py:183} INFO - Processing /home/airflow/.local/lib/python3.12/site-packages/airflow/example_dags/example_python_operator.py took 0.255 seconds
[2026-08-13T13:41:01.201+0000] {processor.py:161} INFO - Started process (PID=2272) to work on /home/airflow/.local/lib/python3.12/site-packages/airflow/example_dags/example_python_operator.py
[2026-08-13T13:41:01.210+0000] {processor.py:830} INFO - Processing file /home/airflow/.local/lib/python3.12/site-packages/airflow/example_dags/example_python_operator.py for tasks to queue
[2026-08-13T13:41:01.223+0000] {logging_mixin.py:188} INFO - [2026-08-13T13:41:01.222+0000] {dagbag.py:545} INFO - Filling up the DagBag from /home/airflow/.local/lib/python3.12/site-packages/airflow/example_dags/example_python_operator.py
[2026-08-13T13:41:01.280+0000] {processor.py:840} INFO - DAG(s) 'example_python_operator' retrieved from /home/airflow/.local/lib/python3.12/site-packages/airflow/example_dags/example_python_operator.py
[2026-08-13T13:41:01.405+0000] {logging_mixin.py:188} INFO - [2026-08-13T13:41:01.405+0000] {dag.py:3089} INFO - Sync 1 DAGs
[2026-08-13T13:41:01.459+0000] {logging_mixin.py:188} INFO - [2026-08-13T13:41:01.459+0000] {dag.py:3947} INFO - Setting next_dagrun for example_python_operator to None, run_after=None
[2026-08-13T13:41:01.530+0000] {processor.py:183} INFO - Processing /home/airflow/.local/lib/python3.12/site-packages/airflow/example_dags/example_python_operator.py took 0.367 seconds
[2026-08-13T13:41:32.597+0000] {processor.py:161} INFO - Started process (PID=2338) to work on /home/airflow/.local/lib/python3.12/site-packages/airflow/example_dags/example_python_operator.py
[2026-08-13T13:41:32.601+0000] {processor.py:830} INFO - Processing file /home/airflow/.local/lib/python3.12/site-packages/airflow/example_dags/example_python_operator.py for tasks to queue
[2026-08-13T13:41:32.608+0000] {logging_mixin.py:188} INFO - [2026-08-13T13:41:32.607+0000] {dagbag.py:545} INFO - Filling up the DagBag from /home/airflow/.local/lib/python3.12/site-packages/airflow/example_dags/example_python_operator.py
[2026-08-13T13:41:32.648+0000] {processor.py:840} INFO - DAG(s) 'example_python_operator' retrieved from /home/airflow/.local/lib/python3.12/site-packages/airflow/example_dags/example_python_operator.py
[2026-08-13T13:41:32.728+0000] {logging_mixin.py:188} INFO - [2026-08-13T13:41:32.728+0000] {dag.py:3089} INFO - Sync 1 DAGs
[2026-08-13T13:41:32.775+0000] {logging_mixin.py:188} INFO - [2026-08-13T13:41:32.775+0000] {dag.py:3947} INFO - Setting next_dagrun for example_python_operator to None, run_after=None
[2026-08-13T13:41:32.955+0000] {processor.py:183} INFO - Processing /home/airflow/.local/lib/python3.12/site-packages/airflow/example_dags/example_python_operator.py took 0.371 seconds
[2026-08-13T13:42:03.730+0000] {processor.py:161} INFO - Started process (PID=2410) to work on /home/airflow/.local/lib/python3.12/site-packages/airflow/example_dags/example_python_operator.py
[2026-08-13T13:42:03.733+0000] {processor.py:830} INFO - Processing file /home/airflow/.local/lib/python3.12/site-packages/airflow/example_dags/example_python_operator.py for tasks to queue
[2026-08-13T13:42:03.738+0000] {logging_mixin.py:188} INFO - [2026-08-13T13:42:03.737+0000] {dagbag.py:545} INFO - Filling up the DagBag from /home/airflow/.local/lib/python3.12/site-packages/airflow/example_dags/example_python_operator.py
[2026-08-13T13:42:03.760+0000] {processor.py:840} INFO - DAG(s) 'example_python_operator' retrieved from /home/airflow/.local/lib/python3.12/site-packages/airflow/example_dags/example_python_operator.py
[2026-08-13T13:42:03.804+0000] {logging_mixin.py:188} INFO - [2026-08-13T13:42:03.804+0000] {dag.py:3089} INFO - Sync 1 DAGs
[2026-08-13T13:42:03.835+0000] {logging_mixin.py:188} INFO - [2026-08-13T13:42:03.835+0000] {dag.py:3947} INFO - Setting next_dagrun for example_python_operator to None, run_after=None
[2026-08-13T13:42:03.893+0000] {processor.py:183} INFO - Processing /home/airflow/.local/lib/python3.12/site-packages/airflow/example_dags/example_python_operator.py took 0.172 seconds
[2026-08-13T13:42:34.523+0000] {processor.py:161} INFO - Started process (PID=2482) to work on /home/airflow/.local/lib/python3.12/site-packages/airflow/example_dags/example_python_operator.py
[2026-08-13T13:42:34.525+0000] {processor.py:830} INFO - Processing file /home/airflow/.local/lib/python3.12/site-packages/airflow/example_dags/example_python_operator.py for tasks to queue
[2026-08-13T13:42:34.529+0000] {logging_mixin.py:188} INFO - [2026-08-13T13:42:34.529+0000] {dagbag.py:545} INFO - Filling up the DagBag from /home/airflow/.local/lib/python3.12/site-packages/airflow/example_dags/example_python_operator.py
[2026-08-13T13:42:34.549+0000] {processor.py:840} INFO - DAG(s) 'example_python_operator' retrieved from /home/airflow/.local/lib/python3.12/site-packages/airflow/example_dags/example_python_operator.py
[2026-08-13T13:42:34.611+0000] {logging_mixin.py:188} INFO - [2026-08-13T13:42:34.610+0000] {dag.py:3089} INFO - Sync 1 DAGs
[2026-08-13T13:42:34.641+0000] {logging_mixin.py:188} INFO - [2026-08-13T13:42:34.641+0000] {dag.py:3947} INFO - Setting next_dagrun for example_python_operator to None, run_after=None
[2026-08-13T13:42:34.682+0000] {processor.py:183} INFO - Processing /home/airflow/.local/lib/python3.12/site-packages/airflow/example_dags/example_python_operator.py took 0.168 seconds
[2026-08-13T13:43:05.773+0000] {processor.py:161} INFO - Started process (PID=2554) to work on /home/airflow/.local/lib/python3.12/site-packages/airflow/example_dags/example_python_operator.py
[2026-08-13T13:43:05.776+0000] {processor.py:830} INFO - Processing file /home/airflow/.local/lib/python3.12/site-packages/airflow/example_dags/example_python_operator.py for tasks to queue
[2026-08-13T13:43:05.782+0000] {logging_mixin.py:188} INFO - [2026-08-13T13:43:05.781+0000] {dagbag.py:545} INFO - Filling up the DagBag from /home/airflow/.local/lib/python3.12/site-packages/airflow/example_dags/example_python_operator.py
[2026-08-13T13:43:05.801+0000] {processor.py:840} INFO - DAG(s) 'example_python_operator' retrieved from /home/airflow/.local/lib/python3.12/site-packages/airflow/example_dags/example_python_operator.py
[2026-08-13T13:43:05.858+0000] {logging_mixin.py:188} INFO - [2026-08-13T13:43:05.858+0000] {dag.py:3089} INFO - Sync 1 DAGs
[2026-08-13T13:43:05.900+0000] {logging_mixin.py:188} INFO - [2026-08-13T13:43:05.899+0000] {dag.py:3947} INFO - Setting next_dagrun for example_python_operator to None, run_after=None
[2026-08-13T13:43:05.956+0000] {processor.py:183} INFO - Processing /home/airflow/.local/lib/python3.12/site-packages/airflow/example_dags/example_python_operator.py took 0.197 seconds
[2026-08-13T13:43:36.274+0000] {processor.py:161} INFO - Started process (PID=2624) to work on /home/airflow/.local/lib/python3.12/site-packages/airflow/example_dags/example_python_operator.py
[2026-08-13T13:43:36.278+0000] {processor.py:830} INFO - Processing file /home/airflow/.local/lib/python3.12/site-packages/airflow/example_dags/example_python_operator.py for tasks to queue
[2026-08-13T13:43:36.282+0000] {logging_mixin.py:188} INFO - [2026-08-13T13:43:36.282+0000] {dagbag.py:545} INFO - Filling up the DagBag from /home/airflow/.local/lib/python3.12/site-packages/airflow/example_dags/example_python_operator.py
[2026-08-13T13:43:36.304+0000] {processor.py:840} INFO - DAG(s) 'example_python_operator' retrieved from /home/airflow/.local/lib/python3.12/site-packages/airflow/example_dags/example_python_operator.py
[2026-08-13T13:43:36.356+0000] {logging_mixin.py:188} INFO - [2026-08-13T13:43:36.355+0000] {dag.py:3089} INFO - Sync 1 DAGs
[2026-08-13T13:43:36.379+0000] {logging_mixin.py:188} INFO - [2026-08-13T13:43:36.378+0000] {dag.py:3947} INFO - Setting next_dagrun for example_python_operator to None, run_after=None
[2026-08-13T13:43:36.429+0000] {processor.py:183} INFO - Processing /home/airflow/.local/lib/python3.12/site-packages/airflow/example_dags/example_python_operator.py took 0.169 seconds
[2026-08-13T13:44:06.698+0000] {processor.py:161} INFO - Started process (PID=2697) to work on /home/airflow/.local/lib/python3.12/site-packages/airflow/example_dags/example_python_operator.py
[2026-08-13T13:44:06.701+0000] {processor.py:830} INFO - Processing file /home/airflow/.local/lib/python3.12/site-packages/airflow/example_dags/example_python_operator.py for tasks to queue
[2026-08-13T13:44:06.706+0000] {logging_mixin.py:188} INFO - [2026-08-13T13:44:06.705+0000] {dagbag.py:545} INFO - Filling up the DagBag from /home/airflow/.local/lib/python3.12/site-packages/airflow/example_dags/example_python_operator.py
[2026-08-13T13:44:06.725+0000] {processor.py:840} INFO - DAG(s) 'example_python_operator' retrieved from /home/airflow/.local/lib/python3.12/site-packages/airflow/example_dags/example_python_operator.py
[2026-08-13T13:44:06.771+0000] {logging_mixin.py:188} INFO - [2026-08-13T13:44:06.771+0000] {dag.py:3089} INFO - Sync 1 DAGs
[2026-08-13T13:44:06.800+0000] {logging_mixin.py:188} INFO - [2026-08-13T13:44:06.800+0000] {dag.py:3947} INFO - Setting next_dagrun for example_python_operator to None, run_after=None
[2026-08-13T13:44:06.841+0000] {processor.py:183} INFO - Processing /home/airflow/.local/lib/python3.12/site-packages/airflow/example_dags/example_python_operator.py took 0.154 seconds
[2026-08-13T13:44:37.617+0000] {processor.py:161} INFO - Started process (PID=2769) to work on /home/airflow/.local/lib/python3.12/site-packages/airflow/example_dags/example_python_operator.py
[2026-08-13T13:44:37.621+0000] {processor.py:830} INFO - Processing file /home/airflow/.local/lib/python3.12/site-packages/airflow/example_dags/example_python_operator.py for tasks to queue
[2026-08-13T13:44:37.627+0000] {logging_mixin.py:188} INFO - [2026-08-13T13:44:37.626+0000] {dagbag.py:545} INFO - Filling up the DagBag from /home/airflow/.local/lib/python3.12/site-packages/airflow/example_dags/example_python_operator.py
[2026-08-13T13:44:37.656+0000] {processor.py:840} INFO - DAG(s) 'example_python_operator' retrieved from /home/airflow/.local/lib/python3.12/site-packages/airflow/example_dags/example_python_operator.py
[2026-08-13T13:44:37.721+0000] {logging_mixin.py:188} INFO - [2026-08-13T13:44:37.721+0000] {dag.py:3089} INFO - Sync 1 DAGs
[2026-08-13T13:44:37.757+0000] {logging_mixin.py:188} INFO - [2026-08-13T13:44:37.756+0000] {dag.py:3947} INFO - Setting next_dagrun for example_python_operator to None, run_after=None
[2026-08-13T13:44:37.823+0000] {processor.py:183} INFO - Processing /home/airflow/.local/lib/python3.12/site-packages/airflow/example_dags/example_python_operator.py took 0.234 seconds
[2026-08-13T13:45:08.146+0000] {processor.py:161} INFO - Started process (PID=2834) to work on /home/airflow/.local/lib/python3.12/site-packages/airflow/example_dags/example_python_operator.py
[2026-08-13T13:45:08.149+0000] {processor.py:830} INFO - Processing file /home/airflow/.local/lib/python3.12/site-packages/airflow/example_dags/example_python_operator.py for tasks to queue
[2026-08-13T13:45:08.157+0000] {logging_mixin.py:188} INFO - [2026-08-13T13:45:08.156+0000] {dagbag.py:545} INFO - Filling up the DagBag from /home/airflow/.local/lib/python3.12/site-packages/airflow/example_dags/example_python_operator.py
[2026-08-13T13:45:08.192+0000] {processor.py:840} INFO - DAG(s) 'example_python_operator' retrieved from /home/airflow/.local/lib/python3.12/site-packages/airflow/example_dags/example_python_operator.py
[2026-08-13T13:45:08.272+0000] {logging_mixin.py:188} INFO - [2026-08-13T13:45:08.272+0000] {dag.py:3089} INFO - Sync 1 DAGs
[2026-08-13T13:45:08.320+0000] {logging_mixin.py:188} INFO - [2026-08-13T13:45:08.320+0000] {dag.py:3947} INFO - Setting next_dagrun for example_python_operator to None, run_after=None
[2026-08-13T13:45:08.374+0000] {processor.py:183} INFO - Processing /home/airflow/.local/lib/python3.12/site-packages/airflow/example_dags/example_python_operator.py took 0.245 seconds
[2026-08-13T13:45:38.826+0000] {processor.py:161} INFO - Started process (PID=2907) to work on /home/airflow/.local/lib/python3.12/site-packages/airflow/example_dags/example_python_operator.py
[2026-08-13T13:45:38.830+0000] {processor.py:830} INFO - Processing file /home/airflow/.local/lib/python3.12/site-packages/airflow/example_dags/example_python_operator.py for tasks to queue
[2026-08-13T13:45:38.836+0000] {logging_mixin.py:188} INFO - [2026-08-13T13:45:38.835+0000] {dagbag.py:545} INFO - Filling up the DagBag from /home/airflow/.local/lib/python3.12/site-packages/airflow/example_dags/example_python_operator.py
[2026-08-13T13:45:38.863+0000] {processor.py:840} INFO - DAG(s) 'example_python_operator' retrieved from /home/airflow/.local/lib/python3.12/site-packages/airflow/example_dags/example_python_operator.py
[2026-08-13T13:45:38.911+0000] {logging_mixin.py:188} INFO - [2026-08-13T13:45:38.910+0000] {dag.py:3089} INFO - Sync 1 DAGs
[2026-08-13T13:45:38.940+0000] {logging_mixin.py:188} INFO - [2026-08-13T13:45:38.940+0000] {dag.py:3947} INFO - Setting next_dagrun for example_python_operator to None, run_after=None
[2026-08-13T13:45:38.989+0000] {processor.py:183} INFO - Processing /home/airflow/.local/lib/python3.12/site-packages/airflow/example_dags/example_python_operator.py took 0.175 seconds
[2026-08-13T13:46:09.307+0000] {processor.py:161} INFO - Started process (PID=2980) to work on /home/airflow/.local/lib/python3.12/site-packages/airflow/example_dags/example_python_operator.py
[2026-08-13T13:46:09.311+0000] {processor.py:830} INFO - Processing file /home/airflow/.local/lib/python3.12/site-packages/airflow/example_dags/example_python_operator.py for tasks to queue
[2026-08-13T13:46:09.323+0000] {logging_mixin.py:188} INFO - [2026-08-13T13:46:09.321+0000] {dagbag.py:545} INFO - Filling up the DagBag from /home/airflow/.local/lib/python3.12/site-packages/airflow/example_dags/example_python_operator.py
[2026-08-13T13:46:09.355+0000] {processor.py:840} INFO - DAG(s) 'example_python_operator' retrieved from /home/airflow/.local/lib/python3.12/site-packages/airflow/example_dags/example_python_operator.py
[2026-08-13T13:46:09.418+0000] {logging_mixin.py:188} INFO - [2026-08-13T13:46:09.418+0000] {dag.py:3089} INFO - Sync 1 DAGs
[2026-08-13T13:46:09.474+0000] {logging_mixin.py:188} INFO - [2026-08-13T13:46:09.473+0000] {dag.py:3947} INFO - Setting next_dagrun for example_python_operator to None, run_after=None
[2026-08-13T13:46:09.532+0000] {processor.py:183} INFO - Processing /home/airflow/.local/lib/python3.12/site-packages/airflow/example_dags/example_python_operator.py took 0.240 seconds
[2026-08-13T13:46:40.528+0000] {processor.py:161} INFO - Started process (PID=3054) to work on /home/airflow/.local/lib/python3.12/site-packages/airflow/example_dags/example_python_operator.py
[2026-08-13T13:46:40.532+0000] {processor.py:830} INFO - Processing file /home/airflow/.local/lib/python3.12/site-packages/airflow/example_dags/example_python_operator.py for tasks to queue
[2026-08-13T13:46:40.542+0000] {logging_mixin.py:188} INFO - [2026-08-13T13:46:40.539+0000] {dagbag.py:545} INFO - Filling up the DagBag from /home/airflow/.local/lib/python3.12/site-packages/airflow/example_dags/example_python_operator.py
[2026-08-13T13:46:40.641+0000] {processor.py:840} INFO - DAG(s) 'example_python_operator' retrieved from /home/airflow/.local/lib/python3.12/site-packages/airflow/example_dags/example_python_operator.py
[2026-08-13T13:46:40.720+0000] {logging_mixin.py:188} INFO - [2026-08-13T13:46:40.720+0000] {dag.py:3089} INFO - Sync 1 DAGs
[2026-08-13T13:46:40.749+0000] {logging_mixin.py:188} INFO - [2026-08-13T13:46:40.749+0000] {dag.py:3947} INFO - Setting next_dagrun for example_python_operator to None, run_after=None
[2026-08-13T13:46:40.797+0000] {processor.py:183} INFO - Processing /home/airflow/.local/lib/python3.12/site-packages/airflow/example_dags/example_python_operator.py took 0.290 seconds
[2026-08-13T13:47:11.572+0000] {processor.py:161} INFO - Started process (PID=3126) to work on /home/airflow/.local/lib/python3.12/site-packages/airflow/example_dags/example_python_operator.py
[2026-08-13T13:47:11.575+0000] {processor.py:830} INFO - Processing file /home/airflow/.local/lib/python3.12/site-packages/airflow/example_dags/example_python_operator.py for tasks to queue
[2026-08-13T13:47:11.584+0000] {logging_mixin.py:188} INFO - [2026-08-13T13:47:11.583+0000] {dagbag.py:545} INFO - Filling up the DagBag from /home/airflow/.local/lib/python3.12/site-packages/airflow/example_dags/example_python_operator.py
[2026-08-13T13:47:11.614+0000] {processor.py:840} INFO - DAG(s) 'example_python_operator' retrieved from /home/airflow/.local/lib/python3.12/site-packages/airflow/example_dags/example_python_operator.py
[2026-08-13T13:47:11.679+0000] {logging_mixin.py:188} INFO - [2026-08-13T13:47:11.679+0000] {dag.py:3089} INFO - Sync 1 DAGs
[2026-08-13T13:47:11.722+0000] {logging_mixin.py:188} INFO - [2026-08-13T13:47:11.721+0000] {dag.py:3947} INFO - Setting next_dagrun for example_python_operator to None, run_after=None
[2026-08-13T13:47:11.782+0000] {processor.py:183} INFO - Processing /home/airflow/.local/lib/python3.12/site-packages/airflow/example_dags/example_python_operator.py took 0.219 seconds
[2026-08-13T13:47:42.111+0000] {processor.py:161} INFO - Started process (PID=3199) to work on /home/airflow/.local/lib/python3.12/site-packages/airflow/example_dags/example_python_operator.py
[2026-08-13T13:47:42.117+0000] {processor.py:830} INFO - Processing file /home/airflow/.local/lib/python3.12/site-packages/airflow/example_dags/example_python_operator.py for tasks to queue
[2026-08-13T13:47:42.130+0000] {logging_mixin.py:188} INFO - [2026-08-13T13:47:42.126+0000] {dagbag.py:545} INFO - Filling up the DagBag from /home/airflow/.local/lib/python3.12/site-packages/airflow/example_dags/example_python_operator.py
[2026-08-13T13:47:42.157+0000] {processor.py:840} INFO - DAG(s) 'example_python_operator' retrieved from /home/airflow/.local/lib/python3.12/site-packages/airflow/example_dags/example_python_operator.py
[2026-08-13T13:47:42.203+0000] {logging_mixin.py:188} INFO - [2026-08-13T13:47:42.202+0000] {dag.py:3089} INFO - Sync 1 DAGs
[2026-08-13T13:47:42.232+0000] {logging_mixin.py:188} INFO - [2026-08-13T13:47:42.231+0000] {dag.py:3947} INFO - Setting next_dagrun for example_python_operator to None, run_after=None
[2026-08-13T13:47:42.282+0000] {processor.py:183} INFO - Processing /home/airflow/.local/lib/python3.12/site-packages/airflow/example_dags/example_python_operator.py took 0.189 seconds
[2026-08-13T13:48:13.070+0000] {processor.py:161} INFO - Started process (PID=3264) to work on /home/airflow/.local/lib/python3.12/site-packages/airflow/example_dags/example_python_operator.py
[2026-08-13T13:48:13.074+0000] {processor.py:830} INFO - Processing file /home/airflow/.local/lib/python3.12/site-packages/airflow/example_dags/example_python_operator.py for tasks to queue
[2026-08-13T13:48:13.080+0000] {logging_mixin.py:188} INFO - [2026-08-13T13:48:13.079+0000] {dagbag.py:545} INFO - Filling up the DagBag from /home/airflow/.local/lib/python3.12/site-packages/airflow/example_dags/example_python_operator.py
[2026-08-13T13:48:13.111+0000] {processor.py:840} INFO - DAG(s) 'example_python_operator' retrieved from /home/airflow/.local/lib/python3.12/site-packages/airflow/example_dags/example_python_operator.py
[2026-08-13T13:48:13.180+0000] {logging_mixin.py:188} INFO - [2026-08-13T13:48:13.179+0000] {dag.py:3089} INFO - Sync 1 DAGs
[2026-08-13T13:48:13.231+0000] {logging_mixin.py:188} INFO - [2026-08-13T13:48:13.230+0000] {dag.py:3947} INFO - Setting next_dagrun for example_python_operator to None, run_after=None
[2026-08-13T13:48:13.332+0000] {processor.py:183} INFO - Processing /home/airflow/.local/lib/python3.12/site-packages/airflow/example_dags/example_python_operator.py took 0.274 seconds
[2026-08-13T13:48:43.659+0000] {processor.py:161} INFO - Started process (PID=3336) to work on /home/airflow/.local/lib/python3.12/site-packages/airflow/example_dags/example_python_operator.py
[2026-08-13T13:48:43.662+0000] {processor.py:830} INFO - Processing file /home/airflow/.local/lib/python3.12/site-packages/airflow/example_dags/example_python_operator.py for tasks to queue
[2026-08-13T13:48:43.667+0000] {logging_mixin.py:188} INFO - [2026-08-13T13:48:43.666+0000] {dagbag.py:545} INFO - Filling up the DagBag from /home/airflow/.local/lib/python3.12/site-packages/airflow/example_dags/example_python_operator.py
[2026-08-13T13:48:43.695+0000] {processor.py:840} INFO - DAG(s) 'example_python_operator' retrieved from /home/airflow/.local/lib/python3.12/site-packages/airflow/example_dags/example_python_operator.py
[2026-08-13T13:48:43.747+0000] {logging_mixin.py:188} INFO - [2026-08-13T13:48:43.747+0000] {dag.py:3089} INFO - Sync 1 DAGs
[2026-08-13T13:48:43.793+0000] {logging_mixin.py:188} INFO - [2026-08-13T13:48:43.792+0000] {dag.py:3947} INFO - Setting next_dagrun for example_python_operator to None, run_after=None
[2026-08-13T13:48:43.851+0000] {processor.py:183} INFO - Processing /home/airflow/.local/lib/python3.12/site-packages/airflow/example_dags/example_python_operator.py took 0.207 seconds
[2026-08-13T13:49:15.043+0000] {processor.py:161} INFO - Started process (PID=3410) to work on /home/airflow/.local/lib/python3.12/site-packages/airflow/example_dags/example_python_operator.py
[2026-08-13T13:49:15.058+0000] {processor.py:830} INFO - Processing file /home/airflow/.local/lib/python3.12/site-packages/airflow/example_dags/example_python_operator.py for tasks to queue
[2026-08-13T13:49:15.083+0000] {logging_mixin.py:188} INFO - [2026-08-13T13:49:15.082+0000] {dagbag.py:545} INFO - Filling up the DagBag from /home/airflow/.local/lib/python3.12/site-packages/airflow/example_dags/example_python_operator.py
[2026-08-13T13:49:15.162+0000] {processor.py:840} INFO - DAG(s) 'example_python_operator' retrieved from /home/airflow/.local/lib/python3.12/site-packages/airflow/example_dags/example_python_operator.py
[2026-08-13T13:49:15.236+0000] {logging_mixin.py:188} INFO - [2026-08-13T13:49:15.235+0000] {dag.py:3089} INFO - Sync 1 DAGs
[2026-08-13T13:49:15.288+0000] {logging_mixin.py:188} INFO - [2026-08-13T13:49:15.287+0000] {dag.py:3947} INFO - Setting next_dagrun for example_python_operator to None, run_after=None
[2026-08-13T13:49:15.462+0000] {processor.py:183} INFO - Processing /home/airflow/.local/lib/python3.12/site-packages/airflow/example_dags/example_python_operator.py took 0.440 seconds
[2026-08-13T13:49:46.270+0000] {processor.py:161} INFO - Started process (PID=3485) to work on /home/airflow/.local/lib/python3.12/site-packages/airflow/example_dags/example_python_operator.py
[2026-08-13T13:49:46.273+0000] {processor.py:830} INFO - Processing file /home/airflow/.local/lib/python3.12/site-packages/airflow/example_dags/example_python_operator.py for tasks to queue
[2026-08-13T13:49:46.279+0000] {logging_mixin.py:188} INFO - [2026-08-13T13:49:46.278+0000] {dagbag.py:545} INFO - Filling up the DagBag from /home/airflow/.local/lib/python3.12/site-packages/airflow/example_dags/example_python_operator.py
[2026-08-13T13:49:46.308+0000] {processor.py:840} INFO - DAG(s) 'example_python_operator' retrieved from /home/airflow/.local/lib/python3.12/site-packages/airflow/example_dags/example_python_operator.py
[2026-08-13T13:49:46.372+0000] {logging_mixin.py:188} INFO - [2026-08-13T13:49:46.372+0000] {dag.py:3089} INFO - Sync 1 DAGs
[2026-08-13T13:49:46.407+0000] {logging_mixin.py:188} INFO - [2026-08-13T13:49:46.407+0000] {dag.py:3947} INFO - Setting next_dagrun for example_python_operator to None, run_after=None
[2026-08-13T13:49:46.459+0000] {processor.py:183} INFO - Processing /home/airflow/.local/lib/python3.12/site-packages/airflow/example_dags/example_python_operator.py took 0.206 seconds
