[2026-08-13T13:24:06.078+0000] {processor.py:161} INFO - Started process (PID=82) to work on /home/airflow/.local/lib/python3.12/site-packages/airflow/example_dags/example_external_task_marker_dag.py
[2026-08-13T13:24:06.085+0000] {processor.py:830} INFO - Processing file /home/airflow/.local/lib/python3.12/site-packages/airflow/example_dags/example_external_task_marker_dag.py for tasks to queue
[2026-08-13T13:24:06.107+0000] {logging_mixin.py:188} INFO - [2026-08-13T13:24:06.104+0000] {dagbag.py:545} INFO - Filling up the DagBag from /home/airflow/.local/lib/python3.12/site-packages/airflow/example_dags/example_external_task_marker_dag.py
[2026-08-13T13:24:06.146+0000] {processor.py:840} INFO - DAG(s) 'example_external_task_marker_parent', 'example_external_task_marker_child' retrieved from /home/airflow/.local/lib/python3.12/site-packages/airflow/example_dags/example_external_task_marker_dag.py
[2026-08-13T13:24:06.910+0000] {logging_mixin.py:188} INFO - [2026-08-13T13:24:06.909+0000] {dag.py:3089} INFO - Sync 2 DAGs
[2026-08-13T13:24:07.055+0000] {logging_mixin.py:188} INFO - [2026-08-13T13:24:07.054+0000] {dag.py:3947} INFO - Setting next_dagrun for example_external_task_marker_child to None, run_after=None
[2026-08-13T13:24:07.067+0000] {logging_mixin.py:188} INFO - [2026-08-13T13:24:07.067+0000] {dag.py:3947} INFO - Setting next_dagrun for example_external_task_marker_parent to None, run_after=None
[2026-08-13T13:24:07.212+0000] {processor.py:183} INFO - Processing /home/airflow/.local/lib/python3.12/site-packages/airflow/example_dags/example_external_task_marker_dag.py took 1.177 seconds
[2026-08-13T13:24:43.103+0000] {processor.py:161} INFO - Started process (PID=155) to work on /home/airflow/.local/lib/python3.12/site-packages/airflow/example_dags/example_external_task_marker_dag.py
[2026-08-13T13:24:43.109+0000] {processor.py:830} INFO - Processing file /home/airflow/.local/lib/python3.12/site-packages/airflow/example_dags/example_external_task_marker_dag.py for tasks to queue
[2026-08-13T13:24:43.117+0000] {logging_mixin.py:188} INFO - [2026-08-13T13:24:43.116+0000] {dagbag.py:545} INFO - Filling up the DagBag from /home/airflow/.local/lib/python3.12/site-packages/airflow/example_dags/example_external_task_marker_dag.py
[2026-08-13T13:24:43.150+0000] {processor.py:840} INFO - DAG(s) 'example_external_task_marker_child', 'example_external_task_marker_parent' retrieved from /home/airflow/.local/lib/python3.12/site-packages/airflow/example_dags/example_external_task_marker_dag.py
[2026-08-13T13:24:43.453+0000] {logging_mixin.py:188} INFO - [2026-08-13T13:24:43.452+0000] {dag.py:3089} INFO - Sync 2 DAGs
[2026-08-13T13:24:43.564+0000] {logging_mixin.py:188} INFO - [2026-08-13T13:24:43.559+0000] {dag.py:3947} INFO - Setting next_dagrun for example_external_task_marker_child to None, run_after=None
[2026-08-13T13:24:43.587+0000] {logging_mixin.py:188} INFO - [2026-08-13T13:24:43.586+0000] {dag.py:3947} INFO - Setting next_dagrun for example_external_task_marker_parent to None, run_after=None
[2026-08-13T13:24:43.845+0000] {processor.py:183} INFO - Processing /home/airflow/.local/lib/python3.12/site-packages/airflow/example_dags/example_external_task_marker_dag.py took 0.760 seconds
[2026-08-13T13:25:38.177+0000] {processor.py:161} INFO - Started process (PID=227) to work on /home/airflow/.local/lib/python3.12/site-packages/airflow/example_dags/example_external_task_marker_dag.py
[2026-08-13T13:25:38.221+0000] {processor.py:830} INFO - Processing file /home/airflow/.local/lib/python3.12/site-packages/airflow/example_dags/example_external_task_marker_dag.py for tasks to queue
[2026-08-13T13:25:38.291+0000] {logging_mixin.py:188} INFO - [2026-08-13T13:25:38.274+0000] {dagbag.py:545} INFO - Filling up the DagBag from /home/airflow/.local/lib/python3.12/site-packages/airflow/example_dags/example_external_task_marker_dag.py
[2026-08-13T13:25:38.332+0000] {processor.py:840} INFO - DAG(s) 'example_external_task_marker_parent', 'example_external_task_marker_child' retrieved from /home/airflow/.local/lib/python3.12/site-packages/airflow/example_dags/example_external_task_marker_dag.py
[2026-08-13T13:25:38.444+0000] {logging_mixin.py:188} INFO - [2026-08-13T13:25:38.443+0000] {dag.py:3089} INFO - Sync 2 DAGs
[2026-08-13T13:25:38.564+0000] {logging_mixin.py:188} INFO - [2026-08-13T13:25:38.563+0000] {dag.py:3947} INFO - Setting next_dagrun for example_external_task_marker_child to None, run_after=None
[2026-08-13T13:25:38.580+0000] {logging_mixin.py:188} INFO - [2026-08-13T13:25:38.580+0000] {dag.py:3947} INFO - Setting next_dagrun for example_external_task_marker_parent to None, run_after=None
[2026-08-13T13:25:38.697+0000] {processor.py:183} INFO - Processing /home/airflow/.local/lib/python3.12/site-packages/airflow/example_dags/example_external_task_marker_dag.py took 0.557 seconds
[2026-08-13T13:26:11.581+0000] {processor.py:161} INFO - Started process (PID=300) to work on /home/airflow/.local/lib/python3.12/site-packages/airflow/example_dags/example_external_task_marker_dag.py
[2026-08-13T13:26:11.584+0000] {processor.py:830} INFO - Processing file /home/airflow/.local/lib/python3.12/site-packages/airflow/example_dags/example_external_task_marker_dag.py for tasks to queue
[2026-08-13T13:26:11.590+0000] {logging_mixin.py:188} INFO - [2026-08-13T13:26:11.589+0000] {dagbag.py:545} INFO - Filling up the DagBag from /home/airflow/.local/lib/python3.12/site-packages/airflow/example_dags/example_external_task_marker_dag.py
[2026-08-13T13:26:11.609+0000] {processor.py:840} INFO - DAG(s) 'example_external_task_marker_child', 'example_external_task_marker_parent' retrieved from /home/airflow/.local/lib/python3.12/site-packages/airflow/example_dags/example_external_task_marker_dag.py
[2026-08-13T13:26:11.675+0000] {logging_mixin.py:188} INFO - [2026-08-13T13:26:11.674+0000] {dag.py:3089} INFO - Sync 2 DAGs
[2026-08-13T13:26:11.720+0000] {logging_mixin.py:188} INFO - [2026-08-13T13:26:11.719+0000] {dag.py:3947} INFO - Setting next_dagrun for example_external_task_marker_child to None, run_after=None
[2026-08-13T13:26:11.732+0000] {logging_mixin.py:188} INFO - [2026-08-13T13:26:11.732+0000] {dag.py:3947} INFO - Setting next_dagrun for example_external_task_marker_parent to None, run_after=None
[2026-08-13T13:26:11.788+0000] {processor.py:183} INFO - Processing /home/airflow/.local/lib/python3.12/site-packages/airflow/example_dags/example_external_task_marker_dag.py took 0.219 seconds
[2026-08-13T13:26:45.861+0000] {processor.py:161} INFO - Started process (PID=374) to work on /home/airflow/.local/lib/python3.12/site-packages/airflow/example_dags/example_external_task_marker_dag.py
[2026-08-13T13:26:45.865+0000] {processor.py:830} INFO - Processing file /home/airflow/.local/lib/python3.12/site-packages/airflow/example_dags/example_external_task_marker_dag.py for tasks to queue
[2026-08-13T13:26:45.873+0000] {logging_mixin.py:188} INFO - [2026-08-13T13:26:45.872+0000] {dagbag.py:545} INFO - Filling up the DagBag from /home/airflow/.local/lib/python3.12/site-packages/airflow/example_dags/example_external_task_marker_dag.py
[2026-08-13T13:26:45.896+0000] {processor.py:840} INFO - DAG(s) 'example_external_task_marker_parent', 'example_external_task_marker_child' retrieved from /home/airflow/.local/lib/python3.12/site-packages/airflow/example_dags/example_external_task_marker_dag.py
[2026-08-13T13:26:45.972+0000] {logging_mixin.py:188} INFO - [2026-08-13T13:26:45.971+0000] {dag.py:3089} INFO - Sync 2 DAGs
[2026-08-13T13:26:46.012+0000] {logging_mixin.py:188} INFO - [2026-08-13T13:26:46.012+0000] {dag.py:3947} INFO - Setting next_dagrun for example_external_task_marker_child to None, run_after=None
[2026-08-13T13:26:46.052+0000] {logging_mixin.py:188} INFO - [2026-08-13T13:26:46.052+0000] {dag.py:3947} INFO - Setting next_dagrun for example_external_task_marker_parent to None, run_after=None
[2026-08-13T13:26:46.106+0000] {processor.py:183} INFO - Processing /home/airflow/.local/lib/python3.12/site-packages/airflow/example_dags/example_external_task_marker_dag.py took 0.312 seconds
[2026-08-13T13:27:17.834+0000] {processor.py:161} INFO - Started process (PID=439) to work on /home/airflow/.local/lib/python3.12/site-packages/airflow/example_dags/example_external_task_marker_dag.py
[2026-08-13T13:27:17.837+0000] {processor.py:830} INFO - Processing file /home/airflow/.local/lib/python3.12/site-packages/airflow/example_dags/example_external_task_marker_dag.py for tasks to queue
[2026-08-13T13:27:17.843+0000] {logging_mixin.py:188} INFO - [2026-08-13T13:27:17.842+0000] {dagbag.py:545} INFO - Filling up the DagBag from /home/airflow/.local/lib/python3.12/site-packages/airflow/example_dags/example_external_task_marker_dag.py
[2026-08-13T13:27:17.856+0000] {processor.py:840} INFO - DAG(s) 'example_external_task_marker_parent', 'example_external_task_marker_child' retrieved from /home/airflow/.local/lib/python3.12/site-packages/airflow/example_dags/example_external_task_marker_dag.py
[2026-08-13T13:27:17.907+0000] {logging_mixin.py:188} INFO - [2026-08-13T13:27:17.906+0000] {dag.py:3089} INFO - Sync 2 DAGs
[2026-08-13T13:27:17.938+0000] {logging_mixin.py:188} INFO - [2026-08-13T13:27:17.937+0000] {dag.py:3947} INFO - Setting next_dagrun for example_external_task_marker_child to None, run_after=None
[2026-08-13T13:27:17.949+0000] {logging_mixin.py:188} INFO - [2026-08-13T13:27:17.948+0000] {dag.py:3947} INFO - Setting next_dagrun for example_external_task_marker_parent to None, run_after=None
[2026-08-13T13:27:18.005+0000] {processor.py:183} INFO - Processing /home/airflow/.local/lib/python3.12/site-packages/airflow/example_dags/example_external_task_marker_dag.py took 0.180 seconds
[2026-08-13T13:27:49.831+0000] {processor.py:161} INFO - Started process (PID=512) to work on /home/airflow/.local/lib/python3.12/site-packages/airflow/example_dags/example_external_task_marker_dag.py
[2026-08-13T13:27:49.839+0000] {processor.py:830} INFO - Processing file /home/airflow/.local/lib/python3.12/site-packages/airflow/example_dags/example_external_task_marker_dag.py for tasks to queue
[2026-08-13T13:27:49.852+0000] {logging_mixin.py:188} INFO - [2026-08-13T13:27:49.851+0000] {dagbag.py:545} INFO - Filling up the DagBag from /home/airflow/.local/lib/python3.12/site-packages/airflow/example_dags/example_external_task_marker_dag.py
[2026-08-13T13:27:49.887+0000] {processor.py:840} INFO - DAG(s) 'example_external_task_marker_child', 'example_external_task_marker_parent' retrieved from /home/airflow/.local/lib/python3.12/site-packages/airflow/example_dags/example_external_task_marker_dag.py
[2026-08-13T13:27:49.950+0000] {logging_mixin.py:188} INFO - [2026-08-13T13:27:49.949+0000] {dag.py:3089} INFO - Sync 2 DAGs
[2026-08-13T13:27:49.979+0000] {logging_mixin.py:188} INFO - [2026-08-13T13:27:49.979+0000] {dag.py:3947} INFO - Setting next_dagrun for example_external_task_marker_child to None, run_after=None
[2026-08-13T13:27:49.988+0000] {logging_mixin.py:188} INFO - [2026-08-13T13:27:49.988+0000] {dag.py:3947} INFO - Setting next_dagrun for example_external_task_marker_parent to None, run_after=None
[2026-08-13T13:27:50.026+0000] {processor.py:183} INFO - Processing /home/airflow/.local/lib/python3.12/site-packages/airflow/example_dags/example_external_task_marker_dag.py took 0.233 seconds
[2026-08-13T13:28:22.319+0000] {processor.py:161} INFO - Started process (PID=583) to work on /home/airflow/.local/lib/python3.12/site-packages/airflow/example_dags/example_external_task_marker_dag.py
[2026-08-13T13:28:22.324+0000] {processor.py:830} INFO - Processing file /home/airflow/.local/lib/python3.12/site-packages/airflow/example_dags/example_external_task_marker_dag.py for tasks to queue
[2026-08-13T13:28:22.334+0000] {logging_mixin.py:188} INFO - [2026-08-13T13:28:22.333+0000] {dagbag.py:545} INFO - Filling up the DagBag from /home/airflow/.local/lib/python3.12/site-packages/airflow/example_dags/example_external_task_marker_dag.py
[2026-08-13T13:28:22.354+0000] {processor.py:840} INFO - DAG(s) 'example_external_task_marker_parent', 'example_external_task_marker_child' retrieved from /home/airflow/.local/lib/python3.12/site-packages/airflow/example_dags/example_external_task_marker_dag.py
[2026-08-13T13:28:22.417+0000] {logging_mixin.py:188} INFO - [2026-08-13T13:28:22.417+0000] {dag.py:3089} INFO - Sync 2 DAGs
[2026-08-13T13:28:22.458+0000] {logging_mixin.py:188} INFO - [2026-08-13T13:28:22.457+0000] {dag.py:3947} INFO - Setting next_dagrun for example_external_task_marker_child to None, run_after=None
[2026-08-13T13:28:22.467+0000] {logging_mixin.py:188} INFO - [2026-08-13T13:28:22.467+0000] {dag.py:3947} INFO - Setting next_dagrun for example_external_task_marker_parent to None, run_after=None
[2026-08-13T13:28:22.519+0000] {processor.py:183} INFO - Processing /home/airflow/.local/lib/python3.12/site-packages/airflow/example_dags/example_external_task_marker_dag.py took 0.219 seconds
[2026-08-13T13:28:55.972+0000] {processor.py:161} INFO - Started process (PID=656) to work on /home/airflow/.local/lib/python3.12/site-packages/airflow/example_dags/example_external_task_marker_dag.py
[2026-08-13T13:28:55.974+0000] {processor.py:830} INFO - Processing file /home/airflow/.local/lib/python3.12/site-packages/airflow/example_dags/example_external_task_marker_dag.py for tasks to queue
[2026-08-13T13:28:55.979+0000] {logging_mixin.py:188} INFO - [2026-08-13T13:28:55.978+0000] {dagbag.py:545} INFO - Filling up the DagBag from /home/airflow/.local/lib/python3.12/site-packages/airflow/example_dags/example_external_task_marker_dag.py
[2026-08-13T13:28:55.991+0000] {processor.py:840} INFO - DAG(s) 'example_external_task_marker_parent', 'example_external_task_marker_child' retrieved from /home/airflow/.local/lib/python3.12/site-packages/airflow/example_dags/example_external_task_marker_dag.py
[2026-08-13T13:28:56.057+0000] {logging_mixin.py:188} INFO - [2026-08-13T13:28:56.056+0000] {dag.py:3089} INFO - Sync 2 DAGs
[2026-08-13T13:28:56.109+0000] {logging_mixin.py:188} INFO - [2026-08-13T13:28:56.108+0000] {dag.py:3947} INFO - Setting next_dagrun for example_external_task_marker_child to None, run_after=None
[2026-08-13T13:28:56.121+0000] {logging_mixin.py:188} INFO - [2026-08-13T13:28:56.121+0000] {dag.py:3947} INFO - Setting next_dagrun for example_external_task_marker_parent to None, run_after=None
[2026-08-13T13:28:56.163+0000] {processor.py:183} INFO - Processing /home/airflow/.local/lib/python3.12/site-packages/airflow/example_dags/example_external_task_marker_dag.py took 0.200 seconds
[2026-08-13T13:29:29.163+0000] {processor.py:161} INFO - Started process (PID=730) to work on /home/airflow/.local/lib/python3.12/site-packages/airflow/example_dags/example_external_task_marker_dag.py
[2026-08-13T13:29:29.167+0000] {processor.py:830} INFO - Processing file /home/airflow/.local/lib/python3.12/site-packages/airflow/example_dags/example_external_task_marker_dag.py for tasks to queue
[2026-08-13T13:29:29.175+0000] {logging_mixin.py:188} INFO - [2026-08-13T13:29:29.174+0000] {dagbag.py:545} INFO - Filling up the DagBag from /home/airflow/.local/lib/python3.12/site-packages/airflow/example_dags/example_external_task_marker_dag.py
[2026-08-13T13:29:29.207+0000] {processor.py:840} INFO - DAG(s) 'example_external_task_marker_child', 'example_external_task_marker_parent' retrieved from /home/airflow/.local/lib/python3.12/site-packages/airflow/example_dags/example_external_task_marker_dag.py
[2026-08-13T13:29:29.381+0000] {logging_mixin.py:188} INFO - [2026-08-13T13:29:29.381+0000] {dag.py:3089} INFO - Sync 2 DAGs
[2026-08-13T13:29:29.490+0000] {logging_mixin.py:188} INFO - [2026-08-13T13:29:29.489+0000] {dag.py:3947} INFO - Setting next_dagrun for example_external_task_marker_child to None, run_after=None
[2026-08-13T13:29:29.509+0000] {logging_mixin.py:188} INFO - [2026-08-13T13:29:29.508+0000] {dag.py:3947} INFO - Setting next_dagrun for example_external_task_marker_parent to None, run_after=None
[2026-08-13T13:29:29.574+0000] {processor.py:183} INFO - Processing /home/airflow/.local/lib/python3.12/site-packages/airflow/example_dags/example_external_task_marker_dag.py took 0.447 seconds
[2026-08-13T13:30:02.152+0000] {processor.py:161} INFO - Started process (PID=803) to work on /home/airflow/.local/lib/python3.12/site-packages/airflow/example_dags/example_external_task_marker_dag.py
[2026-08-13T13:30:02.156+0000] {processor.py:830} INFO - Processing file /home/airflow/.local/lib/python3.12/site-packages/airflow/example_dags/example_external_task_marker_dag.py for tasks to queue
[2026-08-13T13:30:02.161+0000] {logging_mixin.py:188} INFO - [2026-08-13T13:30:02.161+0000] {dagbag.py:545} INFO - Filling up the DagBag from /home/airflow/.local/lib/python3.12/site-packages/airflow/example_dags/example_external_task_marker_dag.py
[2026-08-13T13:30:02.186+0000] {processor.py:840} INFO - DAG(s) 'example_external_task_marker_child', 'example_external_task_marker_parent' retrieved from /home/airflow/.local/lib/python3.12/site-packages/airflow/example_dags/example_external_task_marker_dag.py
[2026-08-13T13:30:02.251+0000] {logging_mixin.py:188} INFO - [2026-08-13T13:30:02.251+0000] {dag.py:3089} INFO - Sync 2 DAGs
[2026-08-13T13:30:02.289+0000] {logging_mixin.py:188} INFO - [2026-08-13T13:30:02.288+0000] {dag.py:3947} INFO - Setting next_dagrun for example_external_task_marker_child to None, run_after=None
[2026-08-13T13:30:02.300+0000] {logging_mixin.py:188} INFO - [2026-08-13T13:30:02.300+0000] {dag.py:3947} INFO - Setting next_dagrun for example_external_task_marker_parent to None, run_after=None
[2026-08-13T13:30:02.345+0000] {processor.py:183} INFO - Processing /home/airflow/.local/lib/python3.12/site-packages/airflow/example_dags/example_external_task_marker_dag.py took 0.209 seconds
[2026-08-13T13:30:34.992+0000] {processor.py:161} INFO - Started process (PID=869) to work on /home/airflow/.local/lib/python3.12/site-packages/airflow/example_dags/example_external_task_marker_dag.py
[2026-08-13T13:30:34.996+0000] {processor.py:830} INFO - Processing file /home/airflow/.local/lib/python3.12/site-packages/airflow/example_dags/example_external_task_marker_dag.py for tasks to queue
[2026-08-13T13:30:35.001+0000] {logging_mixin.py:188} INFO - [2026-08-13T13:30:35.000+0000] {dagbag.py:545} INFO - Filling up the DagBag from /home/airflow/.local/lib/python3.12/site-packages/airflow/example_dags/example_external_task_marker_dag.py
[2026-08-13T13:30:35.019+0000] {processor.py:840} INFO - DAG(s) 'example_external_task_marker_child', 'example_external_task_marker_parent' retrieved from /home/airflow/.local/lib/python3.12/site-packages/airflow/example_dags/example_external_task_marker_dag.py
[2026-08-13T13:30:35.088+0000] {logging_mixin.py:188} INFO - [2026-08-13T13:30:35.087+0000] {dag.py:3089} INFO - Sync 2 DAGs
[2026-08-13T13:30:35.132+0000] {logging_mixin.py:188} INFO - [2026-08-13T13:30:35.131+0000] {dag.py:3947} INFO - Setting next_dagrun for example_external_task_marker_child to None, run_after=None
[2026-08-13T13:30:35.145+0000] {logging_mixin.py:188} INFO - [2026-08-13T13:30:35.144+0000] {dag.py:3947} INFO - Setting next_dagrun for example_external_task_marker_parent to None, run_after=None
[2026-08-13T13:30:35.207+0000] {processor.py:183} INFO - Processing /home/airflow/.local/lib/python3.12/site-packages/airflow/example_dags/example_external_task_marker_dag.py took 0.228 seconds
[2026-08-13T13:31:07.152+0000] {processor.py:161} INFO - Started process (PID=942) to work on /home/airflow/.local/lib/python3.12/site-packages/airflow/example_dags/example_external_task_marker_dag.py
[2026-08-13T13:31:07.157+0000] {processor.py:830} INFO - Processing file /home/airflow/.local/lib/python3.12/site-packages/airflow/example_dags/example_external_task_marker_dag.py for tasks to queue
[2026-08-13T13:31:07.163+0000] {logging_mixin.py:188} INFO - [2026-08-13T13:31:07.163+0000] {dagbag.py:545} INFO - Filling up the DagBag from /home/airflow/.local/lib/python3.12/site-packages/airflow/example_dags/example_external_task_marker_dag.py
[2026-08-13T13:31:07.181+0000] {processor.py:840} INFO - DAG(s) 'example_external_task_marker_parent', 'example_external_task_marker_child' retrieved from /home/airflow/.local/lib/python3.12/site-packages/airflow/example_dags/example_external_task_marker_dag.py
[2026-08-13T13:31:07.234+0000] {logging_mixin.py:188} INFO - [2026-08-13T13:31:07.234+0000] {dag.py:3089} INFO - Sync 2 DAGs
[2026-08-13T13:31:07.264+0000] {logging_mixin.py:188} INFO - [2026-08-13T13:31:07.263+0000] {dag.py:3947} INFO - Setting next_dagrun for example_external_task_marker_child to None, run_after=None
[2026-08-13T13:31:07.275+0000] {logging_mixin.py:188} INFO - [2026-08-13T13:31:07.274+0000] {dag.py:3947} INFO - Setting next_dagrun for example_external_task_marker_parent to None, run_after=None
[2026-08-13T13:31:07.317+0000] {processor.py:183} INFO - Processing /home/airflow/.local/lib/python3.12/site-packages/airflow/example_dags/example_external_task_marker_dag.py took 0.179 seconds
[2026-08-13T13:31:39.830+0000] {processor.py:161} INFO - Started process (PID=1016) to work on /home/airflow/.local/lib/python3.12/site-packages/airflow/example_dags/example_external_task_marker_dag.py
[2026-08-13T13:31:39.835+0000] {processor.py:830} INFO - Processing file /home/airflow/.local/lib/python3.12/site-packages/airflow/example_dags/example_external_task_marker_dag.py for tasks to queue
[2026-08-13T13:31:39.842+0000] {logging_mixin.py:188} INFO - [2026-08-13T13:31:39.841+0000] {dagbag.py:545} INFO - Filling up the DagBag from /home/airflow/.local/lib/python3.12/site-packages/airflow/example_dags/example_external_task_marker_dag.py
[2026-08-13T13:31:39.868+0000] {processor.py:840} INFO - DAG(s) 'example_external_task_marker_child', 'example_external_task_marker_parent' retrieved from /home/airflow/.local/lib/python3.12/site-packages/airflow/example_dags/example_external_task_marker_dag.py
[2026-08-13T13:31:39.935+0000] {logging_mixin.py:188} INFO - [2026-08-13T13:31:39.934+0000] {dag.py:3089} INFO - Sync 2 DAGs
[2026-08-13T13:31:40.003+0000] {logging_mixin.py:188} INFO - [2026-08-13T13:31:40.003+0000] {dag.py:3947} INFO - Setting next_dagrun for example_external_task_marker_child to None, run_after=None
[2026-08-13T13:31:40.040+0000] {logging_mixin.py:188} INFO - [2026-08-13T13:31:40.040+0000] {dag.py:3947} INFO - Setting next_dagrun for example_external_task_marker_parent to None, run_after=None
[2026-08-13T13:31:40.126+0000] {processor.py:183} INFO - Processing /home/airflow/.local/lib/python3.12/site-packages/airflow/example_dags/example_external_task_marker_dag.py took 0.314 seconds
[2026-08-13T13:32:12.374+0000] {processor.py:161} INFO - Started process (PID=1089) to work on /home/airflow/.local/lib/python3.12/site-packages/airflow/example_dags/example_external_task_marker_dag.py
[2026-08-13T13:32:12.383+0000] {processor.py:830} INFO - Processing file /home/airflow/.local/lib/python3.12/site-packages/airflow/example_dags/example_external_task_marker_dag.py for tasks to queue
[2026-08-13T13:32:12.395+0000] {logging_mixin.py:188} INFO - [2026-08-13T13:32:12.394+0000] {dagbag.py:545} INFO - Filling up the DagBag from /home/airflow/.local/lib/python3.12/site-packages/airflow/example_dags/example_external_task_marker_dag.py
[2026-08-13T13:32:12.425+0000] {processor.py:840} INFO - DAG(s) 'example_external_task_marker_child', 'example_external_task_marker_parent' retrieved from /home/airflow/.local/lib/python3.12/site-packages/airflow/example_dags/example_external_task_marker_dag.py
[2026-08-13T13:32:12.487+0000] {logging_mixin.py:188} INFO - [2026-08-13T13:32:12.486+0000] {dag.py:3089} INFO - Sync 2 DAGs
[2026-08-13T13:32:12.529+0000] {logging_mixin.py:188} INFO - [2026-08-13T13:32:12.528+0000] {dag.py:3947} INFO - Setting next_dagrun for example_external_task_marker_child to None, run_after=None
[2026-08-13T13:32:12.543+0000] {logging_mixin.py:188} INFO - [2026-08-13T13:32:12.542+0000] {dag.py:3947} INFO - Setting next_dagrun for example_external_task_marker_parent to None, run_after=None
[2026-08-13T13:32:12.596+0000] {processor.py:183} INFO - Processing /home/airflow/.local/lib/python3.12/site-packages/airflow/example_dags/example_external_task_marker_dag.py took 0.258 seconds
[2026-08-13T13:32:44.837+0000] {processor.py:161} INFO - Started process (PID=1163) to work on /home/airflow/.local/lib/python3.12/site-packages/airflow/example_dags/example_external_task_marker_dag.py
[2026-08-13T13:32:44.840+0000] {processor.py:830} INFO - Processing file /home/airflow/.local/lib/python3.12/site-packages/airflow/example_dags/example_external_task_marker_dag.py for tasks to queue
[2026-08-13T13:32:44.849+0000] {logging_mixin.py:188} INFO - [2026-08-13T13:32:44.847+0000] {dagbag.py:545} INFO - Filling up the DagBag from /home/airflow/.local/lib/python3.12/site-packages/airflow/example_dags/example_external_task_marker_dag.py
[2026-08-13T13:32:44.864+0000] {processor.py:840} INFO - DAG(s) 'example_external_task_marker_child', 'example_external_task_marker_parent' retrieved from /home/airflow/.local/lib/python3.12/site-packages/airflow/example_dags/example_external_task_marker_dag.py
[2026-08-13T13:32:44.922+0000] {logging_mixin.py:188} INFO - [2026-08-13T13:32:44.921+0000] {dag.py:3089} INFO - Sync 2 DAGs
[2026-08-13T13:32:44.959+0000] {logging_mixin.py:188} INFO - [2026-08-13T13:32:44.958+0000] {dag.py:3947} INFO - Setting next_dagrun for example_external_task_marker_child to None, run_after=None
[2026-08-13T13:32:44.971+0000] {logging_mixin.py:188} INFO - [2026-08-13T13:32:44.971+0000] {dag.py:3947} INFO - Setting next_dagrun for example_external_task_marker_parent to None, run_after=None
[2026-08-13T13:32:45.027+0000] {processor.py:183} INFO - Processing /home/airflow/.local/lib/python3.12/site-packages/airflow/example_dags/example_external_task_marker_dag.py took 0.201 seconds
[2026-08-13T13:33:17.926+0000] {processor.py:161} INFO - Started process (PID=1236) to work on /home/airflow/.local/lib/python3.12/site-packages/airflow/example_dags/example_external_task_marker_dag.py
[2026-08-13T13:33:17.929+0000] {processor.py:830} INFO - Processing file /home/airflow/.local/lib/python3.12/site-packages/airflow/example_dags/example_external_task_marker_dag.py for tasks to queue
[2026-08-13T13:33:17.935+0000] {logging_mixin.py:188} INFO - [2026-08-13T13:33:17.934+0000] {dagbag.py:545} INFO - Filling up the DagBag from /home/airflow/.local/lib/python3.12/site-packages/airflow/example_dags/example_external_task_marker_dag.py
[2026-08-13T13:33:17.951+0000] {processor.py:840} INFO - DAG(s) 'example_external_task_marker_parent', 'example_external_task_marker_child' retrieved from /home/airflow/.local/lib/python3.12/site-packages/airflow/example_dags/example_external_task_marker_dag.py
[2026-08-13T13:33:18.008+0000] {logging_mixin.py:188} INFO - [2026-08-13T13:33:18.008+0000] {dag.py:3089} INFO - Sync 2 DAGs
[2026-08-13T13:33:18.048+0000] {logging_mixin.py:188} INFO - [2026-08-13T13:33:18.048+0000] {dag.py:3947} INFO - Setting next_dagrun for example_external_task_marker_child to None, run_after=None
[2026-08-13T13:33:18.057+0000] {logging_mixin.py:188} INFO - [2026-08-13T13:33:18.057+0000] {dag.py:3947} INFO - Setting next_dagrun for example_external_task_marker_parent to None, run_after=None
[2026-08-13T13:33:18.105+0000] {processor.py:183} INFO - Processing /home/airflow/.local/lib/python3.12/site-packages/airflow/example_dags/example_external_task_marker_dag.py took 0.191 seconds
[2026-08-13T13:33:50.646+0000] {processor.py:161} INFO - Started process (PID=1310) to work on /home/airflow/.local/lib/python3.12/site-packages/airflow/example_dags/example_external_task_marker_dag.py
[2026-08-13T13:33:50.648+0000] {processor.py:830} INFO - Processing file /home/airflow/.local/lib/python3.12/site-packages/airflow/example_dags/example_external_task_marker_dag.py for tasks to queue
[2026-08-13T13:33:50.653+0000] {logging_mixin.py:188} INFO - [2026-08-13T13:33:50.652+0000] {dagbag.py:545} INFO - Filling up the DagBag from /home/airflow/.local/lib/python3.12/site-packages/airflow/example_dags/example_external_task_marker_dag.py
[2026-08-13T13:33:50.666+0000] {processor.py:840} INFO - DAG(s) 'example_external_task_marker_parent', 'example_external_task_marker_child' retrieved from /home/airflow/.local/lib/python3.12/site-packages/airflow/example_dags/example_external_task_marker_dag.py
[2026-08-13T13:33:50.706+0000] {logging_mixin.py:188} INFO - [2026-08-13T13:33:50.706+0000] {dag.py:3089} INFO - Sync 2 DAGs
[2026-08-13T13:33:50.727+0000] {logging_mixin.py:188} INFO - [2026-08-13T13:33:50.726+0000] {dag.py:3947} INFO - Setting next_dagrun for example_external_task_marker_child to None, run_after=None
[2026-08-13T13:33:50.738+0000] {logging_mixin.py:188} INFO - [2026-08-13T13:33:50.737+0000] {dag.py:3947} INFO - Setting next_dagrun for example_external_task_marker_parent to None, run_after=None
[2026-08-13T13:33:50.784+0000] {processor.py:183} INFO - Processing /home/airflow/.local/lib/python3.12/site-packages/airflow/example_dags/example_external_task_marker_dag.py took 0.147 seconds
[2026-08-13T13:34:23.387+0000] {processor.py:161} INFO - Started process (PID=1383) to work on /home/airflow/.local/lib/python3.12/site-packages/airflow/example_dags/example_external_task_marker_dag.py
[2026-08-13T13:34:23.390+0000] {processor.py:830} INFO - Processing file /home/airflow/.local/lib/python3.12/site-packages/airflow/example_dags/example_external_task_marker_dag.py for tasks to queue
[2026-08-13T13:34:23.396+0000] {logging_mixin.py:188} INFO - [2026-08-13T13:34:23.395+0000] {dagbag.py:545} INFO - Filling up the DagBag from /home/airflow/.local/lib/python3.12/site-packages/airflow/example_dags/example_external_task_marker_dag.py
[2026-08-13T13:34:23.409+0000] {processor.py:840} INFO - DAG(s) 'example_external_task_marker_parent', 'example_external_task_marker_child' retrieved from /home/airflow/.local/lib/python3.12/site-packages/airflow/example_dags/example_external_task_marker_dag.py
[2026-08-13T13:34:23.454+0000] {logging_mixin.py:188} INFO - [2026-08-13T13:34:23.454+0000] {dag.py:3089} INFO - Sync 2 DAGs
[2026-08-13T13:34:23.485+0000] {logging_mixin.py:188} INFO - [2026-08-13T13:34:23.485+0000] {dag.py:3947} INFO - Setting next_dagrun for example_external_task_marker_child to None, run_after=None
[2026-08-13T13:34:23.493+0000] {logging_mixin.py:188} INFO - [2026-08-13T13:34:23.492+0000] {dag.py:3947} INFO - Setting next_dagrun for example_external_task_marker_parent to None, run_after=None
[2026-08-13T13:34:23.527+0000] {processor.py:183} INFO - Processing /home/airflow/.local/lib/python3.12/site-packages/airflow/example_dags/example_external_task_marker_dag.py took 0.149 seconds
[2026-08-13T13:34:55.997+0000] {processor.py:161} INFO - Started process (PID=1457) to work on /home/airflow/.local/lib/python3.12/site-packages/airflow/example_dags/example_external_task_marker_dag.py
[2026-08-13T13:34:56.002+0000] {processor.py:830} INFO - Processing file /home/airflow/.local/lib/python3.12/site-packages/airflow/example_dags/example_external_task_marker_dag.py for tasks to queue
[2026-08-13T13:34:56.011+0000] {logging_mixin.py:188} INFO - [2026-08-13T13:34:56.010+0000] {dagbag.py:545} INFO - Filling up the DagBag from /home/airflow/.local/lib/python3.12/site-packages/airflow/example_dags/example_external_task_marker_dag.py
[2026-08-13T13:34:56.027+0000] {processor.py:840} INFO - DAG(s) 'example_external_task_marker_child', 'example_external_task_marker_parent' retrieved from /home/airflow/.local/lib/python3.12/site-packages/airflow/example_dags/example_external_task_marker_dag.py
[2026-08-13T13:34:56.089+0000] {logging_mixin.py:188} INFO - [2026-08-13T13:34:56.088+0000] {dag.py:3089} INFO - Sync 2 DAGs
[2026-08-13T13:34:56.122+0000] {logging_mixin.py:188} INFO - [2026-08-13T13:34:56.121+0000] {dag.py:3947} INFO - Setting next_dagrun for example_external_task_marker_child to None, run_after=None
[2026-08-13T13:34:56.133+0000] {logging_mixin.py:188} INFO - [2026-08-13T13:34:56.132+0000] {dag.py:3947} INFO - Setting next_dagrun for example_external_task_marker_parent to None, run_after=None
[2026-08-13T13:34:56.182+0000] {processor.py:183} INFO - Processing /home/airflow/.local/lib/python3.12/site-packages/airflow/example_dags/example_external_task_marker_dag.py took 0.198 seconds
[2026-08-13T13:35:28.470+0000] {processor.py:161} INFO - Started process (PID=1530) to work on /home/airflow/.local/lib/python3.12/site-packages/airflow/example_dags/example_external_task_marker_dag.py
[2026-08-13T13:35:28.474+0000] {processor.py:830} INFO - Processing file /home/airflow/.local/lib/python3.12/site-packages/airflow/example_dags/example_external_task_marker_dag.py for tasks to queue
[2026-08-13T13:35:28.480+0000] {logging_mixin.py:188} INFO - [2026-08-13T13:35:28.480+0000] {dagbag.py:545} INFO - Filling up the DagBag from /home/airflow/.local/lib/python3.12/site-packages/airflow/example_dags/example_external_task_marker_dag.py
[2026-08-13T13:35:28.500+0000] {processor.py:840} INFO - DAG(s) 'example_external_task_marker_parent', 'example_external_task_marker_child' retrieved from /home/airflow/.local/lib/python3.12/site-packages/airflow/example_dags/example_external_task_marker_dag.py
[2026-08-13T13:35:28.557+0000] {logging_mixin.py:188} INFO - [2026-08-13T13:35:28.557+0000] {dag.py:3089} INFO - Sync 2 DAGs
[2026-08-13T13:35:28.597+0000] {logging_mixin.py:188} INFO - [2026-08-13T13:35:28.596+0000] {dag.py:3947} INFO - Setting next_dagrun for example_external_task_marker_child to None, run_after=None
[2026-08-13T13:35:28.606+0000] {logging_mixin.py:188} INFO - [2026-08-13T13:35:28.605+0000] {dag.py:3947} INFO - Setting next_dagrun for example_external_task_marker_parent to None, run_after=None
[2026-08-13T13:35:28.651+0000] {processor.py:183} INFO - Processing /home/airflow/.local/lib/python3.12/site-packages/airflow/example_dags/example_external_task_marker_dag.py took 0.194 seconds
[2026-08-13T13:36:01.234+0000] {processor.py:161} INFO - Started process (PID=1603) to work on /home/airflow/.local/lib/python3.12/site-packages/airflow/example_dags/example_external_task_marker_dag.py
[2026-08-13T13:36:01.237+0000] {processor.py:830} INFO - Processing file /home/airflow/.local/lib/python3.12/site-packages/airflow/example_dags/example_external_task_marker_dag.py for tasks to queue
[2026-08-13T13:36:01.242+0000] {logging_mixin.py:188} INFO - [2026-08-13T13:36:01.241+0000] {dagbag.py:545} INFO - Filling up the DagBag from /home/airflow/.local/lib/python3.12/site-packages/airflow/example_dags/example_external_task_marker_dag.py
[2026-08-13T13:36:01.256+0000] {processor.py:840} INFO - DAG(s) 'example_external_task_marker_parent', 'example_external_task_marker_child' retrieved from /home/airflow/.local/lib/python3.12/site-packages/airflow/example_dags/example_external_task_marker_dag.py
[2026-08-13T13:36:01.306+0000] {logging_mixin.py:188} INFO - [2026-08-13T13:36:01.305+0000] {dag.py:3089} INFO - Sync 2 DAGs
[2026-08-13T13:36:01.348+0000] {logging_mixin.py:188} INFO - [2026-08-13T13:36:01.348+0000] {dag.py:3947} INFO - Setting next_dagrun for example_external_task_marker_child to None, run_after=None
[2026-08-13T13:36:01.360+0000] {logging_mixin.py:188} INFO - [2026-08-13T13:36:01.360+0000] {dag.py:3947} INFO - Setting next_dagrun for example_external_task_marker_parent to None, run_after=None
[2026-08-13T13:36:01.409+0000] {processor.py:183} INFO - Processing /home/airflow/.local/lib/python3.12/site-packages/airflow/example_dags/example_external_task_marker_dag.py took 0.183 seconds
[2026-08-13T13:36:33.553+0000] {processor.py:161} INFO - Started process (PID=1676) to work on /home/airflow/.local/lib/python3.12/site-packages/airflow/example_dags/example_external_task_marker_dag.py
[2026-08-13T13:36:33.559+0000] {processor.py:830} INFO - Processing file /home/airflow/.local/lib/python3.12/site-packages/airflow/example_dags/example_external_task_marker_dag.py for tasks to queue
[2026-08-13T13:36:33.566+0000] {logging_mixin.py:188} INFO - [2026-08-13T13:36:33.565+0000] {dagbag.py:545} INFO - Filling up the DagBag from /home/airflow/.local/lib/python3.12/site-packages/airflow/example_dags/example_external_task_marker_dag.py
[2026-08-13T13:36:33.586+0000] {processor.py:840} INFO - DAG(s) 'example_external_task_marker_child', 'example_external_task_marker_parent' retrieved from /home/airflow/.local/lib/python3.12/site-packages/airflow/example_dags/example_external_task_marker_dag.py
[2026-08-13T13:36:33.642+0000] {logging_mixin.py:188} INFO - [2026-08-13T13:36:33.641+0000] {dag.py:3089} INFO - Sync 2 DAGs
[2026-08-13T13:36:33.666+0000] {logging_mixin.py:188} INFO - [2026-08-13T13:36:33.666+0000] {dag.py:3947} INFO - Setting next_dagrun for example_external_task_marker_child to None, run_after=None
[2026-08-13T13:36:33.677+0000] {logging_mixin.py:188} INFO - [2026-08-13T13:36:33.677+0000] {dag.py:3947} INFO - Setting next_dagrun for example_external_task_marker_parent to None, run_after=None
[2026-08-13T13:36:33.735+0000] {processor.py:183} INFO - Processing /home/airflow/.local/lib/python3.12/site-packages/airflow/example_dags/example_external_task_marker_dag.py took 0.201 seconds
[2026-08-13T13:37:06.619+0000] {processor.py:161} INFO - Started process (PID=1749) to work on /home/airflow/.local/lib/python3.12/site-packages/airflow/example_dags/example_external_task_marker_dag.py
[2026-08-13T13:37:06.623+0000] {processor.py:830} INFO - Processing file /home/airflow/.local/lib/python3.12/site-packages/airflow/example_dags/example_external_task_marker_dag.py for tasks to queue
[2026-08-13T13:37:06.629+0000] {logging_mixin.py:188} INFO - [2026-08-13T13:37:06.628+0000] {dagbag.py:545} INFO - Filling up the DagBag from /home/airflow/.local/lib/python3.12/site-packages/airflow/example_dags/example_external_task_marker_dag.py
[2026-08-13T13:37:06.649+0000] {processor.py:840} INFO - DAG(s) 'example_external_task_marker_parent', 'example_external_task_marker_child' retrieved from /home/airflow/.local/lib/python3.12/site-packages/airflow/example_dags/example_external_task_marker_dag.py
[2026-08-13T13:37:06.710+0000] {logging_mixin.py:188} INFO - [2026-08-13T13:37:06.709+0000] {dag.py:3089} INFO - Sync 2 DAGs
[2026-08-13T13:37:06.738+0000] {logging_mixin.py:188} INFO - [2026-08-13T13:37:06.738+0000] {dag.py:3947} INFO - Setting next_dagrun for example_external_task_marker_child to None, run_after=None
[2026-08-13T13:37:06.750+0000] {logging_mixin.py:188} INFO - [2026-08-13T13:37:06.749+0000] {dag.py:3947} INFO - Setting next_dagrun for example_external_task_marker_parent to None, run_after=None
[2026-08-13T13:37:06.791+0000] {processor.py:183} INFO - Processing /home/airflow/.local/lib/python3.12/site-packages/airflow/example_dags/example_external_task_marker_dag.py took 0.184 seconds
[2026-08-13T13:37:39.068+0000] {processor.py:161} INFO - Started process (PID=1823) to work on /home/airflow/.local/lib/python3.12/site-packages/airflow/example_dags/example_external_task_marker_dag.py
[2026-08-13T13:37:39.072+0000] {processor.py:830} INFO - Processing file /home/airflow/.local/lib/python3.12/site-packages/airflow/example_dags/example_external_task_marker_dag.py for tasks to queue
[2026-08-13T13:37:39.080+0000] {logging_mixin.py:188} INFO - [2026-08-13T13:37:39.079+0000] {dagbag.py:545} INFO - Filling up the DagBag from /home/airflow/.local/lib/python3.12/site-packages/airflow/example_dags/example_external_task_marker_dag.py
[2026-08-13T13:37:39.092+0000] {processor.py:840} INFO - DAG(s) 'example_external_task_marker_parent', 'example_external_task_marker_child' retrieved from /home/airflow/.local/lib/python3.12/site-packages/airflow/example_dags/example_external_task_marker_dag.py
[2026-08-13T13:37:39.149+0000] {logging_mixin.py:188} INFO - [2026-08-13T13:37:39.148+0000] {dag.py:3089} INFO - Sync 2 DAGs
[2026-08-13T13:37:39.181+0000] {logging_mixin.py:188} INFO - [2026-08-13T13:37:39.181+0000] {dag.py:3947} INFO - Setting next_dagrun for example_external_task_marker_child to None, run_after=None
[2026-08-13T13:37:39.192+0000] {logging_mixin.py:188} INFO - [2026-08-13T13:37:39.191+0000] {dag.py:3947} INFO - Setting next_dagrun for example_external_task_marker_parent to None, run_after=None
[2026-08-13T13:37:39.233+0000] {processor.py:183} INFO - Processing /home/airflow/.local/lib/python3.12/site-packages/airflow/example_dags/example_external_task_marker_dag.py took 0.177 seconds
[2026-08-13T13:38:12.387+0000] {processor.py:161} INFO - Started process (PID=1897) to work on /home/airflow/.local/lib/python3.12/site-packages/airflow/example_dags/example_external_task_marker_dag.py
[2026-08-13T13:38:12.391+0000] {processor.py:830} INFO - Processing file /home/airflow/.local/lib/python3.12/site-packages/airflow/example_dags/example_external_task_marker_dag.py for tasks to queue
[2026-08-13T13:38:12.397+0000] {logging_mixin.py:188} INFO - [2026-08-13T13:38:12.396+0000] {dagbag.py:545} INFO - Filling up the DagBag from /home/airflow/.local/lib/python3.12/site-packages/airflow/example_dags/example_external_task_marker_dag.py
[2026-08-13T13:38:12.411+0000] {processor.py:840} INFO - DAG(s) 'example_external_task_marker_parent', 'example_external_task_marker_child' retrieved from /home/airflow/.local/lib/python3.12/site-packages/airflow/example_dags/example_external_task_marker_dag.py
[2026-08-13T13:38:12.465+0000] {logging_mixin.py:188} INFO - [2026-08-13T13:38:12.465+0000] {dag.py:3089} INFO - Sync 2 DAGs
[2026-08-13T13:38:12.494+0000] {logging_mixin.py:188} INFO - [2026-08-13T13:38:12.493+0000] {dag.py:3947} INFO - Setting next_dagrun for example_external_task_marker_child to None, run_after=None
[2026-08-13T13:38:12.505+0000] {logging_mixin.py:188} INFO - [2026-08-13T13:38:12.505+0000] {dag.py:3947} INFO - Setting next_dagrun for example_external_task_marker_parent to None, run_after=None
[2026-08-13T13:38:12.551+0000] {processor.py:183} INFO - Processing /home/airflow/.local/lib/python3.12/site-packages/airflow/example_dags/example_external_task_marker_dag.py took 0.180 seconds
[2026-08-13T13:38:45.728+0000] {processor.py:161} INFO - Started process (PID=1971) to work on /home/airflow/.local/lib/python3.12/site-packages/airflow/example_dags/example_external_task_marker_dag.py
[2026-08-13T13:38:45.731+0000] {processor.py:830} INFO - Processing file /home/airflow/.local/lib/python3.12/site-packages/airflow/example_dags/example_external_task_marker_dag.py for tasks to queue
[2026-08-13T13:38:45.737+0000] {logging_mixin.py:188} INFO - [2026-08-13T13:38:45.737+0000] {dagbag.py:545} INFO - Filling up the DagBag from /home/airflow/.local/lib/python3.12/site-packages/airflow/example_dags/example_external_task_marker_dag.py
[2026-08-13T13:38:45.754+0000] {processor.py:840} INFO - DAG(s) 'example_external_task_marker_child', 'example_external_task_marker_parent' retrieved from /home/airflow/.local/lib/python3.12/site-packages/airflow/example_dags/example_external_task_marker_dag.py
[2026-08-13T13:38:45.826+0000] {logging_mixin.py:188} INFO - [2026-08-13T13:38:45.825+0000] {dag.py:3089} INFO - Sync 2 DAGs
[2026-08-13T13:38:45.868+0000] {logging_mixin.py:188} INFO - [2026-08-13T13:38:45.868+0000] {dag.py:3947} INFO - Setting next_dagrun for example_external_task_marker_child to None, run_after=None
[2026-08-13T13:38:45.879+0000] {logging_mixin.py:188} INFO - [2026-08-13T13:38:45.879+0000] {dag.py:3947} INFO - Setting next_dagrun for example_external_task_marker_parent to None, run_after=None
[2026-08-13T13:38:45.928+0000] {processor.py:183} INFO - Processing /home/airflow/.local/lib/python3.12/site-packages/airflow/example_dags/example_external_task_marker_dag.py took 0.214 seconds
[2026-08-13T13:39:19.038+0000] {processor.py:161} INFO - Started process (PID=2045) to work on /home/airflow/.local/lib/python3.12/site-packages/airflow/example_dags/example_external_task_marker_dag.py
[2026-08-13T13:39:19.041+0000] {processor.py:830} INFO - Processing file /home/airflow/.local/lib/python3.12/site-packages/airflow/example_dags/example_external_task_marker_dag.py for tasks to queue
[2026-08-13T13:39:19.047+0000] {logging_mixin.py:188} INFO - [2026-08-13T13:39:19.047+0000] {dagbag.py:545} INFO - Filling up the DagBag from /home/airflow/.local/lib/python3.12/site-packages/airflow/example_dags/example_external_task_marker_dag.py
[2026-08-13T13:39:19.066+0000] {processor.py:840} INFO - DAG(s) 'example_external_task_marker_child', 'example_external_task_marker_parent' retrieved from /home/airflow/.local/lib/python3.12/site-packages/airflow/example_dags/example_external_task_marker_dag.py
[2026-08-13T13:39:19.132+0000] {logging_mixin.py:188} INFO - [2026-08-13T13:39:19.132+0000] {dag.py:3089} INFO - Sync 2 DAGs
[2026-08-13T13:39:19.166+0000] {logging_mixin.py:188} INFO - [2026-08-13T13:39:19.165+0000] {dag.py:3947} INFO - Setting next_dagrun for example_external_task_marker_child to None, run_after=None
[2026-08-13T13:39:19.180+0000] {logging_mixin.py:188} INFO - [2026-08-13T13:39:19.179+0000] {dag.py:3947} INFO - Setting next_dagrun for example_external_task_marker_parent to None, run_after=None
[2026-08-13T13:39:19.223+0000] {processor.py:183} INFO - Processing /home/airflow/.local/lib/python3.12/site-packages/airflow/example_dags/example_external_task_marker_dag.py took 0.201 seconds
[2026-08-13T13:39:51.773+0000] {processor.py:161} INFO - Started process (PID=2118) to work on /home/airflow/.local/lib/python3.12/site-packages/airflow/example_dags/example_external_task_marker_dag.py
[2026-08-13T13:39:51.778+0000] {processor.py:830} INFO - Processing file /home/airflow/.local/lib/python3.12/site-packages/airflow/example_dags/example_external_task_marker_dag.py for tasks to queue
[2026-08-13T13:39:51.786+0000] {logging_mixin.py:188} INFO - [2026-08-13T13:39:51.785+0000] {dagbag.py:545} INFO - Filling up the DagBag from /home/airflow/.local/lib/python3.12/site-packages/airflow/example_dags/example_external_task_marker_dag.py
[2026-08-13T13:39:51.808+0000] {processor.py:840} INFO - DAG(s) 'example_external_task_marker_child', 'example_external_task_marker_parent' retrieved from /home/airflow/.local/lib/python3.12/site-packages/airflow/example_dags/example_external_task_marker_dag.py
[2026-08-13T13:39:51.898+0000] {logging_mixin.py:188} INFO - [2026-08-13T13:39:51.897+0000] {dag.py:3089} INFO - Sync 2 DAGs
[2026-08-13T13:39:51.941+0000] {logging_mixin.py:188} INFO - [2026-08-13T13:39:51.941+0000] {dag.py:3947} INFO - Setting next_dagrun for example_external_task_marker_child to None, run_after=None
[2026-08-13T13:39:51.954+0000] {logging_mixin.py:188} INFO - [2026-08-13T13:39:51.952+0000] {dag.py:3947} INFO - Setting next_dagrun for example_external_task_marker_parent to None, run_after=None
[2026-08-13T13:39:52.010+0000] {processor.py:183} INFO - Processing /home/airflow/.local/lib/python3.12/site-packages/airflow/example_dags/example_external_task_marker_dag.py took 0.289 seconds
[2026-08-13T13:40:22.356+0000] {processor.py:161} INFO - Started process (PID=2180) to work on /home/airflow/.local/lib/python3.12/site-packages/airflow/example_dags/example_external_task_marker_dag.py
[2026-08-13T13:40:22.366+0000] {processor.py:830} INFO - Processing file /home/airflow/.local/lib/python3.12/site-packages/airflow/example_dags/example_external_task_marker_dag.py for tasks to queue
[2026-08-13T13:40:22.377+0000] {logging_mixin.py:188} INFO - [2026-08-13T13:40:22.376+0000] {dagbag.py:545} INFO - Filling up the DagBag from /home/airflow/.local/lib/python3.12/site-packages/airflow/example_dags/example_external_task_marker_dag.py
[2026-08-13T13:40:22.406+0000] {processor.py:840} INFO - DAG(s) 'example_external_task_marker_child', 'example_external_task_marker_parent' retrieved from /home/airflow/.local/lib/python3.12/site-packages/airflow/example_dags/example_external_task_marker_dag.py
[2026-08-13T13:40:22.467+0000] {logging_mixin.py:188} INFO - [2026-08-13T13:40:22.466+0000] {dag.py:3089} INFO - Sync 2 DAGs
[2026-08-13T13:40:22.506+0000] {logging_mixin.py:188} INFO - [2026-08-13T13:40:22.506+0000] {dag.py:3947} INFO - Setting next_dagrun for example_external_task_marker_child to None, run_after=None
[2026-08-13T13:40:22.519+0000] {logging_mixin.py:188} INFO - [2026-08-13T13:40:22.518+0000] {dag.py:3947} INFO - Setting next_dagrun for example_external_task_marker_parent to None, run_after=None
[2026-08-13T13:40:22.569+0000] {processor.py:183} INFO - Processing /home/airflow/.local/lib/python3.12/site-packages/airflow/example_dags/example_external_task_marker_dag.py took 0.239 seconds
[2026-08-13T13:40:53.427+0000] {processor.py:161} INFO - Started process (PID=2252) to work on /home/airflow/.local/lib/python3.12/site-packages/airflow/example_dags/example_external_task_marker_dag.py
[2026-08-13T13:40:53.431+0000] {processor.py:830} INFO - Processing file /home/airflow/.local/lib/python3.12/site-packages/airflow/example_dags/example_external_task_marker_dag.py for tasks to queue
[2026-08-13T13:40:53.438+0000] {logging_mixin.py:188} INFO - [2026-08-13T13:40:53.437+0000] {dagbag.py:545} INFO - Filling up the DagBag from /home/airflow/.local/lib/python3.12/site-packages/airflow/example_dags/example_external_task_marker_dag.py
[2026-08-13T13:40:53.456+0000] {processor.py:840} INFO - DAG(s) 'example_external_task_marker_parent', 'example_external_task_marker_child' retrieved from /home/airflow/.local/lib/python3.12/site-packages/airflow/example_dags/example_external_task_marker_dag.py
[2026-08-13T13:40:53.524+0000] {logging_mixin.py:188} INFO - [2026-08-13T13:40:53.524+0000] {dag.py:3089} INFO - Sync 2 DAGs
[2026-08-13T13:40:53.569+0000] {logging_mixin.py:188} INFO - [2026-08-13T13:40:53.569+0000] {dag.py:3947} INFO - Setting next_dagrun for example_external_task_marker_child to None, run_after=None
[2026-08-13T13:40:53.582+0000] {logging_mixin.py:188} INFO - [2026-08-13T13:40:53.581+0000] {dag.py:3947} INFO - Setting next_dagrun for example_external_task_marker_parent to None, run_after=None
[2026-08-13T13:40:54.109+0000] {processor.py:183} INFO - Processing /home/airflow/.local/lib/python3.12/site-packages/airflow/example_dags/example_external_task_marker_dag.py took 0.694 seconds
[2026-08-13T13:41:24.967+0000] {processor.py:161} INFO - Started process (PID=2325) to work on /home/airflow/.local/lib/python3.12/site-packages/airflow/example_dags/example_external_task_marker_dag.py
[2026-08-13T13:41:24.971+0000] {processor.py:830} INFO - Processing file /home/airflow/.local/lib/python3.12/site-packages/airflow/example_dags/example_external_task_marker_dag.py for tasks to queue
[2026-08-13T13:41:24.979+0000] {logging_mixin.py:188} INFO - [2026-08-13T13:41:24.978+0000] {dagbag.py:545} INFO - Filling up the DagBag from /home/airflow/.local/lib/python3.12/site-packages/airflow/example_dags/example_external_task_marker_dag.py
[2026-08-13T13:41:24.999+0000] {processor.py:840} INFO - DAG(s) 'example_external_task_marker_parent', 'example_external_task_marker_child' retrieved from /home/airflow/.local/lib/python3.12/site-packages/airflow/example_dags/example_external_task_marker_dag.py
[2026-08-13T13:41:25.073+0000] {logging_mixin.py:188} INFO - [2026-08-13T13:41:25.073+0000] {dag.py:3089} INFO - Sync 2 DAGs
[2026-08-13T13:41:25.112+0000] {logging_mixin.py:188} INFO - [2026-08-13T13:41:25.111+0000] {dag.py:3947} INFO - Setting next_dagrun for example_external_task_marker_child to None, run_after=None
[2026-08-13T13:41:25.123+0000] {logging_mixin.py:188} INFO - [2026-08-13T13:41:25.123+0000] {dag.py:3947} INFO - Setting next_dagrun for example_external_task_marker_parent to None, run_after=None
[2026-08-13T13:41:25.179+0000] {processor.py:183} INFO - Processing /home/airflow/.local/lib/python3.12/site-packages/airflow/example_dags/example_external_task_marker_dag.py took 0.229 seconds
[2026-08-13T13:41:55.581+0000] {processor.py:161} INFO - Started process (PID=2398) to work on /home/airflow/.local/lib/python3.12/site-packages/airflow/example_dags/example_external_task_marker_dag.py
[2026-08-13T13:41:55.586+0000] {processor.py:830} INFO - Processing file /home/airflow/.local/lib/python3.12/site-packages/airflow/example_dags/example_external_task_marker_dag.py for tasks to queue
[2026-08-13T13:41:55.593+0000] {logging_mixin.py:188} INFO - [2026-08-13T13:41:55.592+0000] {dagbag.py:545} INFO - Filling up the DagBag from /home/airflow/.local/lib/python3.12/site-packages/airflow/example_dags/example_external_task_marker_dag.py
[2026-08-13T13:41:55.612+0000] {processor.py:840} INFO - DAG(s) 'example_external_task_marker_child', 'example_external_task_marker_parent' retrieved from /home/airflow/.local/lib/python3.12/site-packages/airflow/example_dags/example_external_task_marker_dag.py
[2026-08-13T13:41:55.708+0000] {logging_mixin.py:188} INFO - [2026-08-13T13:41:55.707+0000] {dag.py:3089} INFO - Sync 2 DAGs
[2026-08-13T13:41:55.743+0000] {logging_mixin.py:188} INFO - [2026-08-13T13:41:55.743+0000] {dag.py:3947} INFO - Setting next_dagrun for example_external_task_marker_child to None, run_after=None
[2026-08-13T13:41:55.755+0000] {logging_mixin.py:188} INFO - [2026-08-13T13:41:55.754+0000] {dag.py:3947} INFO - Setting next_dagrun for example_external_task_marker_parent to None, run_after=None
[2026-08-13T13:41:55.808+0000] {processor.py:183} INFO - Processing /home/airflow/.local/lib/python3.12/site-packages/airflow/example_dags/example_external_task_marker_dag.py took 0.249 seconds
[2026-08-13T13:42:26.417+0000] {processor.py:161} INFO - Started process (PID=2464) to work on /home/airflow/.local/lib/python3.12/site-packages/airflow/example_dags/example_external_task_marker_dag.py
[2026-08-13T13:42:26.421+0000] {processor.py:830} INFO - Processing file /home/airflow/.local/lib/python3.12/site-packages/airflow/example_dags/example_external_task_marker_dag.py for tasks to queue
[2026-08-13T13:42:26.430+0000] {logging_mixin.py:188} INFO - [2026-08-13T13:42:26.429+0000] {dagbag.py:545} INFO - Filling up the DagBag from /home/airflow/.local/lib/python3.12/site-packages/airflow/example_dags/example_external_task_marker_dag.py
[2026-08-13T13:42:26.467+0000] {processor.py:840} INFO - DAG(s) 'example_external_task_marker_parent', 'example_external_task_marker_child' retrieved from /home/airflow/.local/lib/python3.12/site-packages/airflow/example_dags/example_external_task_marker_dag.py
[2026-08-13T13:42:26.543+0000] {logging_mixin.py:188} INFO - [2026-08-13T13:42:26.542+0000] {dag.py:3089} INFO - Sync 2 DAGs
[2026-08-13T13:42:26.589+0000] {logging_mixin.py:188} INFO - [2026-08-13T13:42:26.588+0000] {dag.py:3947} INFO - Setting next_dagrun for example_external_task_marker_child to None, run_after=None
[2026-08-13T13:42:26.604+0000] {logging_mixin.py:188} INFO - [2026-08-13T13:42:26.603+0000] {dag.py:3947} INFO - Setting next_dagrun for example_external_task_marker_parent to None, run_after=None
[2026-08-13T13:42:26.664+0000] {processor.py:183} INFO - Processing /home/airflow/.local/lib/python3.12/site-packages/airflow/example_dags/example_external_task_marker_dag.py took 0.302 seconds
[2026-08-13T13:42:56.794+0000] {processor.py:161} INFO - Started process (PID=2537) to work on /home/airflow/.local/lib/python3.12/site-packages/airflow/example_dags/example_external_task_marker_dag.py
[2026-08-13T13:42:56.798+0000] {processor.py:830} INFO - Processing file /home/airflow/.local/lib/python3.12/site-packages/airflow/example_dags/example_external_task_marker_dag.py for tasks to queue
[2026-08-13T13:42:56.807+0000] {logging_mixin.py:188} INFO - [2026-08-13T13:42:56.805+0000] {dagbag.py:545} INFO - Filling up the DagBag from /home/airflow/.local/lib/python3.12/site-packages/airflow/example_dags/example_external_task_marker_dag.py
[2026-08-13T13:42:56.832+0000] {processor.py:840} INFO - DAG(s) 'example_external_task_marker_child', 'example_external_task_marker_parent' retrieved from /home/airflow/.local/lib/python3.12/site-packages/airflow/example_dags/example_external_task_marker_dag.py
[2026-08-13T13:42:56.904+0000] {logging_mixin.py:188} INFO - [2026-08-13T13:42:56.904+0000] {dag.py:3089} INFO - Sync 2 DAGs
[2026-08-13T13:42:56.940+0000] {logging_mixin.py:188} INFO - [2026-08-13T13:42:56.940+0000] {dag.py:3947} INFO - Setting next_dagrun for example_external_task_marker_child to None, run_after=None
[2026-08-13T13:42:56.953+0000] {logging_mixin.py:188} INFO - [2026-08-13T13:42:56.953+0000] {dag.py:3947} INFO - Setting next_dagrun for example_external_task_marker_parent to None, run_after=None
[2026-08-13T13:42:57.001+0000] {processor.py:183} INFO - Processing /home/airflow/.local/lib/python3.12/site-packages/airflow/example_dags/example_external_task_marker_dag.py took 0.223 seconds
[2026-08-13T13:43:27.408+0000] {processor.py:161} INFO - Started process (PID=2609) to work on /home/airflow/.local/lib/python3.12/site-packages/airflow/example_dags/example_external_task_marker_dag.py
[2026-08-13T13:43:27.412+0000] {processor.py:830} INFO - Processing file /home/airflow/.local/lib/python3.12/site-packages/airflow/example_dags/example_external_task_marker_dag.py for tasks to queue
[2026-08-13T13:43:27.419+0000] {logging_mixin.py:188} INFO - [2026-08-13T13:43:27.418+0000] {dagbag.py:545} INFO - Filling up the DagBag from /home/airflow/.local/lib/python3.12/site-packages/airflow/example_dags/example_external_task_marker_dag.py
[2026-08-13T13:43:27.438+0000] {processor.py:840} INFO - DAG(s) 'example_external_task_marker_parent', 'example_external_task_marker_child' retrieved from /home/airflow/.local/lib/python3.12/site-packages/airflow/example_dags/example_external_task_marker_dag.py
[2026-08-13T13:43:27.503+0000] {logging_mixin.py:188} INFO - [2026-08-13T13:43:27.502+0000] {dag.py:3089} INFO - Sync 2 DAGs
[2026-08-13T13:43:27.550+0000] {logging_mixin.py:188} INFO - [2026-08-13T13:43:27.549+0000] {dag.py:3947} INFO - Setting next_dagrun for example_external_task_marker_child to None, run_after=None
[2026-08-13T13:43:27.561+0000] {logging_mixin.py:188} INFO - [2026-08-13T13:43:27.560+0000] {dag.py:3947} INFO - Setting next_dagrun for example_external_task_marker_parent to None, run_after=None
[2026-08-13T13:43:27.605+0000] {processor.py:183} INFO - Processing /home/airflow/.local/lib/python3.12/site-packages/airflow/example_dags/example_external_task_marker_dag.py took 0.216 seconds
[2026-08-13T13:43:57.878+0000] {processor.py:161} INFO - Started process (PID=2681) to work on /home/airflow/.local/lib/python3.12/site-packages/airflow/example_dags/example_external_task_marker_dag.py
[2026-08-13T13:43:57.882+0000] {processor.py:830} INFO - Processing file /home/airflow/.local/lib/python3.12/site-packages/airflow/example_dags/example_external_task_marker_dag.py for tasks to queue
[2026-08-13T13:43:57.889+0000] {logging_mixin.py:188} INFO - [2026-08-13T13:43:57.888+0000] {dagbag.py:545} INFO - Filling up the DagBag from /home/airflow/.local/lib/python3.12/site-packages/airflow/example_dags/example_external_task_marker_dag.py
[2026-08-13T13:43:57.910+0000] {processor.py:840} INFO - DAG(s) 'example_external_task_marker_parent', 'example_external_task_marker_child' retrieved from /home/airflow/.local/lib/python3.12/site-packages/airflow/example_dags/example_external_task_marker_dag.py
[2026-08-13T13:43:57.973+0000] {logging_mixin.py:188} INFO - [2026-08-13T13:43:57.972+0000] {dag.py:3089} INFO - Sync 2 DAGs
[2026-08-13T13:43:58.021+0000] {logging_mixin.py:188} INFO - [2026-08-13T13:43:58.020+0000] {dag.py:3947} INFO - Setting next_dagrun for example_external_task_marker_child to None, run_after=None
[2026-08-13T13:43:58.045+0000] {logging_mixin.py:188} INFO - [2026-08-13T13:43:58.042+0000] {dag.py:3947} INFO - Setting next_dagrun for example_external_task_marker_parent to None, run_after=None
[2026-08-13T13:43:58.108+0000] {processor.py:183} INFO - Processing /home/airflow/.local/lib/python3.12/site-packages/airflow/example_dags/example_external_task_marker_dag.py took 0.247 seconds
[2026-08-13T13:44:29.067+0000] {processor.py:161} INFO - Started process (PID=2753) to work on /home/airflow/.local/lib/python3.12/site-packages/airflow/example_dags/example_external_task_marker_dag.py
[2026-08-13T13:44:29.071+0000] {processor.py:830} INFO - Processing file /home/airflow/.local/lib/python3.12/site-packages/airflow/example_dags/example_external_task_marker_dag.py for tasks to queue
[2026-08-13T13:44:29.079+0000] {logging_mixin.py:188} INFO - [2026-08-13T13:44:29.078+0000] {dagbag.py:545} INFO - Filling up the DagBag from /home/airflow/.local/lib/python3.12/site-packages/airflow/example_dags/example_external_task_marker_dag.py
[2026-08-13T13:44:29.098+0000] {processor.py:840} INFO - DAG(s) 'example_external_task_marker_child', 'example_external_task_marker_parent' retrieved from /home/airflow/.local/lib/python3.12/site-packages/airflow/example_dags/example_external_task_marker_dag.py
[2026-08-13T13:44:29.160+0000] {logging_mixin.py:188} INFO - [2026-08-13T13:44:29.159+0000] {dag.py:3089} INFO - Sync 2 DAGs
[2026-08-13T13:44:29.194+0000] {logging_mixin.py:188} INFO - [2026-08-13T13:44:29.193+0000] {dag.py:3947} INFO - Setting next_dagrun for example_external_task_marker_child to None, run_after=None
[2026-08-13T13:44:29.203+0000] {logging_mixin.py:188} INFO - [2026-08-13T13:44:29.202+0000] {dag.py:3947} INFO - Setting next_dagrun for example_external_task_marker_parent to None, run_after=None
[2026-08-13T13:44:29.267+0000] {processor.py:183} INFO - Processing /home/airflow/.local/lib/python3.12/site-packages/airflow/example_dags/example_external_task_marker_dag.py took 0.217 seconds
[2026-08-13T13:44:59.532+0000] {processor.py:161} INFO - Started process (PID=2823) to work on /home/airflow/.local/lib/python3.12/site-packages/airflow/example_dags/example_external_task_marker_dag.py
[2026-08-13T13:44:59.534+0000] {processor.py:830} INFO - Processing file /home/airflow/.local/lib/python3.12/site-packages/airflow/example_dags/example_external_task_marker_dag.py for tasks to queue
[2026-08-13T13:44:59.538+0000] {logging_mixin.py:188} INFO - [2026-08-13T13:44:59.537+0000] {dagbag.py:545} INFO - Filling up the DagBag from /home/airflow/.local/lib/python3.12/site-packages/airflow/example_dags/example_external_task_marker_dag.py
[2026-08-13T13:44:59.550+0000] {processor.py:840} INFO - DAG(s) 'example_external_task_marker_parent', 'example_external_task_marker_child' retrieved from /home/airflow/.local/lib/python3.12/site-packages/airflow/example_dags/example_external_task_marker_dag.py
[2026-08-13T13:44:59.591+0000] {logging_mixin.py:188} INFO - [2026-08-13T13:44:59.591+0000] {dag.py:3089} INFO - Sync 2 DAGs
[2026-08-13T13:44:59.621+0000] {logging_mixin.py:188} INFO - [2026-08-13T13:44:59.621+0000] {dag.py:3947} INFO - Setting next_dagrun for example_external_task_marker_child to None, run_after=None
[2026-08-13T13:44:59.632+0000] {logging_mixin.py:188} INFO - [2026-08-13T13:44:59.632+0000] {dag.py:3947} INFO - Setting next_dagrun for example_external_task_marker_parent to None, run_after=None
[2026-08-13T13:44:59.667+0000] {processor.py:183} INFO - Processing /home/airflow/.local/lib/python3.12/site-packages/airflow/example_dags/example_external_task_marker_dag.py took 0.145 seconds
[2026-08-13T13:45:30.983+0000] {processor.py:161} INFO - Started process (PID=2896) to work on /home/airflow/.local/lib/python3.12/site-packages/airflow/example_dags/example_external_task_marker_dag.py
[2026-08-13T13:45:30.991+0000] {processor.py:830} INFO - Processing file /home/airflow/.local/lib/python3.12/site-packages/airflow/example_dags/example_external_task_marker_dag.py for tasks to queue
[2026-08-13T13:45:31.031+0000] {logging_mixin.py:188} INFO - [2026-08-13T13:45:31.014+0000] {dagbag.py:545} INFO - Filling up the DagBag from /home/airflow/.local/lib/python3.12/site-packages/airflow/example_dags/example_external_task_marker_dag.py
[2026-08-13T13:45:31.157+0000] {processor.py:840} INFO - DAG(s) 'example_external_task_marker_parent', 'example_external_task_marker_child' retrieved from /home/airflow/.local/lib/python3.12/site-packages/airflow/example_dags/example_external_task_marker_dag.py
[2026-08-13T13:45:31.240+0000] {logging_mixin.py:188} INFO - [2026-08-13T13:45:31.240+0000] {dag.py:3089} INFO - Sync 2 DAGs
[2026-08-13T13:45:31.288+0000] {logging_mixin.py:188} INFO - [2026-08-13T13:45:31.287+0000] {dag.py:3947} INFO - Setting next_dagrun for example_external_task_marker_child to None, run_after=None
[2026-08-13T13:45:31.299+0000] {logging_mixin.py:188} INFO - [2026-08-13T13:45:31.299+0000] {dag.py:3947} INFO - Setting next_dagrun for example_external_task_marker_parent to None, run_after=None
[2026-08-13T13:45:31.350+0000] {processor.py:183} INFO - Processing /home/airflow/.local/lib/python3.12/site-packages/airflow/example_dags/example_external_task_marker_dag.py took 0.416 seconds
[2026-08-13T13:46:01.622+0000] {processor.py:161} INFO - Started process (PID=2969) to work on /home/airflow/.local/lib/python3.12/site-packages/airflow/example_dags/example_external_task_marker_dag.py
[2026-08-13T13:46:01.627+0000] {processor.py:830} INFO - Processing file /home/airflow/.local/lib/python3.12/site-packages/airflow/example_dags/example_external_task_marker_dag.py for tasks to queue
[2026-08-13T13:46:01.633+0000] {logging_mixin.py:188} INFO - [2026-08-13T13:46:01.632+0000] {dagbag.py:545} INFO - Filling up the DagBag from /home/airflow/.local/lib/python3.12/site-packages/airflow/example_dags/example_external_task_marker_dag.py
[2026-08-13T13:46:01.650+0000] {processor.py:840} INFO - DAG(s) 'example_external_task_marker_parent', 'example_external_task_marker_child' retrieved from /home/airflow/.local/lib/python3.12/site-packages/airflow/example_dags/example_external_task_marker_dag.py
[2026-08-13T13:46:01.710+0000] {logging_mixin.py:188} INFO - [2026-08-13T13:46:01.710+0000] {dag.py:3089} INFO - Sync 2 DAGs
[2026-08-13T13:46:01.745+0000] {logging_mixin.py:188} INFO - [2026-08-13T13:46:01.744+0000] {dag.py:3947} INFO - Setting next_dagrun for example_external_task_marker_child to None, run_after=None
[2026-08-13T13:46:01.756+0000] {logging_mixin.py:188} INFO - [2026-08-13T13:46:01.755+0000] {dag.py:3947} INFO - Setting next_dagrun for example_external_task_marker_parent to None, run_after=None
[2026-08-13T13:46:01.822+0000] {processor.py:183} INFO - Processing /home/airflow/.local/lib/python3.12/site-packages/airflow/example_dags/example_external_task_marker_dag.py took 0.215 seconds
[2026-08-13T13:46:32.045+0000] {processor.py:161} INFO - Started process (PID=3034) to work on /home/airflow/.local/lib/python3.12/site-packages/airflow/example_dags/example_external_task_marker_dag.py
[2026-08-13T13:46:32.048+0000] {processor.py:830} INFO - Processing file /home/airflow/.local/lib/python3.12/site-packages/airflow/example_dags/example_external_task_marker_dag.py for tasks to queue
[2026-08-13T13:46:32.053+0000] {logging_mixin.py:188} INFO - [2026-08-13T13:46:32.052+0000] {dagbag.py:545} INFO - Filling up the DagBag from /home/airflow/.local/lib/python3.12/site-packages/airflow/example_dags/example_external_task_marker_dag.py
[2026-08-13T13:46:32.067+0000] {processor.py:840} INFO - DAG(s) 'example_external_task_marker_parent', 'example_external_task_marker_child' retrieved from /home/airflow/.local/lib/python3.12/site-packages/airflow/example_dags/example_external_task_marker_dag.py
[2026-08-13T13:46:32.124+0000] {logging_mixin.py:188} INFO - [2026-08-13T13:46:32.124+0000] {dag.py:3089} INFO - Sync 2 DAGs
[2026-08-13T13:46:32.155+0000] {logging_mixin.py:188} INFO - [2026-08-13T13:46:32.154+0000] {dag.py:3947} INFO - Setting next_dagrun for example_external_task_marker_child to None, run_after=None
[2026-08-13T13:46:32.164+0000] {logging_mixin.py:188} INFO - [2026-08-13T13:46:32.163+0000] {dag.py:3947} INFO - Setting next_dagrun for example_external_task_marker_parent to None, run_after=None
[2026-08-13T13:46:32.212+0000] {processor.py:183} INFO - Processing /home/airflow/.local/lib/python3.12/site-packages/airflow/example_dags/example_external_task_marker_dag.py took 0.180 seconds
[2026-08-13T13:47:03.160+0000] {processor.py:161} INFO - Started process (PID=3107) to work on /home/airflow/.local/lib/python3.12/site-packages/airflow/example_dags/example_external_task_marker_dag.py
[2026-08-13T13:47:03.165+0000] {processor.py:830} INFO - Processing file /home/airflow/.local/lib/python3.12/site-packages/airflow/example_dags/example_external_task_marker_dag.py for tasks to queue
[2026-08-13T13:47:03.178+0000] {logging_mixin.py:188} INFO - [2026-08-13T13:47:03.177+0000] {dagbag.py:545} INFO - Filling up the DagBag from /home/airflow/.local/lib/python3.12/site-packages/airflow/example_dags/example_external_task_marker_dag.py
[2026-08-13T13:47:03.207+0000] {processor.py:840} INFO - DAG(s) 'example_external_task_marker_child', 'example_external_task_marker_parent' retrieved from /home/airflow/.local/lib/python3.12/site-packages/airflow/example_dags/example_external_task_marker_dag.py
[2026-08-13T13:47:03.317+0000] {logging_mixin.py:188} INFO - [2026-08-13T13:47:03.316+0000] {dag.py:3089} INFO - Sync 2 DAGs
[2026-08-13T13:47:03.366+0000] {logging_mixin.py:188} INFO - [2026-08-13T13:47:03.366+0000] {dag.py:3947} INFO - Setting next_dagrun for example_external_task_marker_child to None, run_after=None
[2026-08-13T13:47:03.386+0000] {logging_mixin.py:188} INFO - [2026-08-13T13:47:03.385+0000] {dag.py:3947} INFO - Setting next_dagrun for example_external_task_marker_parent to None, run_after=None
[2026-08-13T13:47:03.464+0000] {processor.py:183} INFO - Processing /home/airflow/.local/lib/python3.12/site-packages/airflow/example_dags/example_external_task_marker_dag.py took 0.361 seconds
[2026-08-13T13:47:34.500+0000] {processor.py:161} INFO - Started process (PID=3179) to work on /home/airflow/.local/lib/python3.12/site-packages/airflow/example_dags/example_external_task_marker_dag.py
[2026-08-13T13:47:34.504+0000] {processor.py:830} INFO - Processing file /home/airflow/.local/lib/python3.12/site-packages/airflow/example_dags/example_external_task_marker_dag.py for tasks to queue
[2026-08-13T13:47:34.511+0000] {logging_mixin.py:188} INFO - [2026-08-13T13:47:34.509+0000] {dagbag.py:545} INFO - Filling up the DagBag from /home/airflow/.local/lib/python3.12/site-packages/airflow/example_dags/example_external_task_marker_dag.py
[2026-08-13T13:47:34.529+0000] {processor.py:840} INFO - DAG(s) 'example_external_task_marker_child', 'example_external_task_marker_parent' retrieved from /home/airflow/.local/lib/python3.12/site-packages/airflow/example_dags/example_external_task_marker_dag.py
[2026-08-13T13:47:34.594+0000] {logging_mixin.py:188} INFO - [2026-08-13T13:47:34.594+0000] {dag.py:3089} INFO - Sync 2 DAGs
[2026-08-13T13:47:34.635+0000] {logging_mixin.py:188} INFO - [2026-08-13T13:47:34.635+0000] {dag.py:3947} INFO - Setting next_dagrun for example_external_task_marker_child to None, run_after=None
[2026-08-13T13:47:34.646+0000] {logging_mixin.py:188} INFO - [2026-08-13T13:47:34.646+0000] {dag.py:3947} INFO - Setting next_dagrun for example_external_task_marker_parent to None, run_after=None
[2026-08-13T13:47:34.694+0000] {processor.py:183} INFO - Processing /home/airflow/.local/lib/python3.12/site-packages/airflow/example_dags/example_external_task_marker_dag.py took 0.206 seconds
[2026-08-13T13:48:05.012+0000] {processor.py:161} INFO - Started process (PID=3252) to work on /home/airflow/.local/lib/python3.12/site-packages/airflow/example_dags/example_external_task_marker_dag.py
[2026-08-13T13:48:05.018+0000] {processor.py:830} INFO - Processing file /home/airflow/.local/lib/python3.12/site-packages/airflow/example_dags/example_external_task_marker_dag.py for tasks to queue
[2026-08-13T13:48:05.026+0000] {logging_mixin.py:188} INFO - [2026-08-13T13:48:05.025+0000] {dagbag.py:545} INFO - Filling up the DagBag from /home/airflow/.local/lib/python3.12/site-packages/airflow/example_dags/example_external_task_marker_dag.py
[2026-08-13T13:48:05.046+0000] {processor.py:840} INFO - DAG(s) 'example_external_task_marker_parent', 'example_external_task_marker_child' retrieved from /home/airflow/.local/lib/python3.12/site-packages/airflow/example_dags/example_external_task_marker_dag.py
[2026-08-13T13:48:05.131+0000] {logging_mixin.py:188} INFO - [2026-08-13T13:48:05.130+0000] {dag.py:3089} INFO - Sync 2 DAGs
[2026-08-13T13:48:05.195+0000] {logging_mixin.py:188} INFO - [2026-08-13T13:48:05.194+0000] {dag.py:3947} INFO - Setting next_dagrun for example_external_task_marker_child to None, run_after=None
[2026-08-13T13:48:05.211+0000] {logging_mixin.py:188} INFO - [2026-08-13T13:48:05.210+0000] {dag.py:3947} INFO - Setting next_dagrun for example_external_task_marker_parent to None, run_after=None
[2026-08-13T13:48:05.286+0000] {processor.py:183} INFO - Processing /home/airflow/.local/lib/python3.12/site-packages/airflow/example_dags/example_external_task_marker_dag.py took 0.297 seconds
[2026-08-13T13:48:35.921+0000] {processor.py:161} INFO - Started process (PID=3325) to work on /home/airflow/.local/lib/python3.12/site-packages/airflow/example_dags/example_external_task_marker_dag.py
[2026-08-13T13:48:35.924+0000] {processor.py:830} INFO - Processing file /home/airflow/.local/lib/python3.12/site-packages/airflow/example_dags/example_external_task_marker_dag.py for tasks to queue
[2026-08-13T13:48:35.931+0000] {logging_mixin.py:188} INFO - [2026-08-13T13:48:35.930+0000] {dagbag.py:545} INFO - Filling up the DagBag from /home/airflow/.local/lib/python3.12/site-packages/airflow/example_dags/example_external_task_marker_dag.py
[2026-08-13T13:48:35.946+0000] {processor.py:840} INFO - DAG(s) 'example_external_task_marker_parent', 'example_external_task_marker_child' retrieved from /home/airflow/.local/lib/python3.12/site-packages/airflow/example_dags/example_external_task_marker_dag.py
[2026-08-13T13:48:35.999+0000] {logging_mixin.py:188} INFO - [2026-08-13T13:48:35.999+0000] {dag.py:3089} INFO - Sync 2 DAGs
[2026-08-13T13:48:36.037+0000] {logging_mixin.py:188} INFO - [2026-08-13T13:48:36.036+0000] {dag.py:3947} INFO - Setting next_dagrun for example_external_task_marker_child to None, run_after=None
[2026-08-13T13:48:36.052+0000] {logging_mixin.py:188} INFO - [2026-08-13T13:48:36.052+0000] {dag.py:3947} INFO - Setting next_dagrun for example_external_task_marker_parent to None, run_after=None
[2026-08-13T13:48:36.096+0000] {processor.py:183} INFO - Processing /home/airflow/.local/lib/python3.12/site-packages/airflow/example_dags/example_external_task_marker_dag.py took 0.189 seconds
[2026-08-13T13:49:06.346+0000] {processor.py:161} INFO - Started process (PID=3399) to work on /home/airflow/.local/lib/python3.12/site-packages/airflow/example_dags/example_external_task_marker_dag.py
[2026-08-13T13:49:06.353+0000] {processor.py:830} INFO - Processing file /home/airflow/.local/lib/python3.12/site-packages/airflow/example_dags/example_external_task_marker_dag.py for tasks to queue
[2026-08-13T13:49:06.365+0000] {logging_mixin.py:188} INFO - [2026-08-13T13:49:06.363+0000] {dagbag.py:545} INFO - Filling up the DagBag from /home/airflow/.local/lib/python3.12/site-packages/airflow/example_dags/example_external_task_marker_dag.py
[2026-08-13T13:49:06.406+0000] {processor.py:840} INFO - DAG(s) 'example_external_task_marker_parent', 'example_external_task_marker_child' retrieved from /home/airflow/.local/lib/python3.12/site-packages/airflow/example_dags/example_external_task_marker_dag.py
[2026-08-13T13:49:06.506+0000] {logging_mixin.py:188} INFO - [2026-08-13T13:49:06.505+0000] {dag.py:3089} INFO - Sync 2 DAGs
[2026-08-13T13:49:06.555+0000] {logging_mixin.py:188} INFO - [2026-08-13T13:49:06.555+0000] {dag.py:3947} INFO - Setting next_dagrun for example_external_task_marker_child to None, run_after=None
[2026-08-13T13:49:06.566+0000] {logging_mixin.py:188} INFO - [2026-08-13T13:49:06.565+0000] {dag.py:3947} INFO - Setting next_dagrun for example_external_task_marker_parent to None, run_after=None
[2026-08-13T13:49:06.621+0000] {processor.py:183} INFO - Processing /home/airflow/.local/lib/python3.12/site-packages/airflow/example_dags/example_external_task_marker_dag.py took 0.291 seconds
[2026-08-13T13:49:41.903+0000] {processor.py:161} INFO - Started process (PID=3466) to work on /home/airflow/.local/lib/python3.12/site-packages/airflow/example_dags/example_external_task_marker_dag.py
[2026-08-13T13:49:42.004+0000] {processor.py:830} INFO - Processing file /home/airflow/.local/lib/python3.12/site-packages/airflow/example_dags/example_external_task_marker_dag.py for tasks to queue
[2026-08-13T13:49:42.036+0000] {logging_mixin.py:188} INFO - [2026-08-13T13:49:42.028+0000] {dagbag.py:545} INFO - Filling up the DagBag from /home/airflow/.local/lib/python3.12/site-packages/airflow/example_dags/example_external_task_marker_dag.py
[2026-08-13T13:49:42.130+0000] {processor.py:840} INFO - DAG(s) 'example_external_task_marker_child', 'example_external_task_marker_parent' retrieved from /home/airflow/.local/lib/python3.12/site-packages/airflow/example_dags/example_external_task_marker_dag.py
[2026-08-13T13:49:42.235+0000] {logging_mixin.py:188} INFO - [2026-08-13T13:49:42.234+0000] {dag.py:3089} INFO - Sync 2 DAGs
[2026-08-13T13:49:42.292+0000] {logging_mixin.py:188} INFO - [2026-08-13T13:49:42.291+0000] {dag.py:3947} INFO - Setting next_dagrun for example_external_task_marker_child to None, run_after=None
[2026-08-13T13:49:42.314+0000] {logging_mixin.py:188} INFO - [2026-08-13T13:49:42.313+0000] {dag.py:3947} INFO - Setting next_dagrun for example_external_task_marker_parent to None, run_after=None
[2026-08-13T13:49:42.377+0000] {processor.py:183} INFO - Processing /home/airflow/.local/lib/python3.12/site-packages/airflow/example_dags/example_external_task_marker_dag.py took 0.530 seconds
