[2026-08-13T13:24:20.336+0000] {processor.py:161} INFO - Started process (PID=111) to work on /home/airflow/.local/lib/python3.12/site-packages/airflow/example_dags/example_short_circuit_decorator.py
[2026-08-13T13:24:20.341+0000] {processor.py:830} INFO - Processing file /home/airflow/.local/lib/python3.12/site-packages/airflow/example_dags/example_short_circuit_decorator.py for tasks to queue
[2026-08-13T13:24:20.347+0000] {logging_mixin.py:188} INFO - [2026-08-13T13:24:20.346+0000] {dagbag.py:545} INFO - Filling up the DagBag from /home/airflow/.local/lib/python3.12/site-packages/airflow/example_dags/example_short_circuit_decorator.py
[2026-08-13T13:24:20.403+0000] {processor.py:840} INFO - DAG(s) 'example_short_circuit_decorator' retrieved from /home/airflow/.local/lib/python3.12/site-packages/airflow/example_dags/example_short_circuit_decorator.py
[2026-08-13T13:24:21.001+0000] {logging_mixin.py:188} INFO - [2026-08-13T13:24:20.996+0000] {dag.py:3089} INFO - Sync 1 DAGs
[2026-08-13T13:24:21.204+0000] {logging_mixin.py:188} INFO - [2026-08-13T13:24:21.203+0000] {dag.py:3947} INFO - Setting next_dagrun for example_short_circuit_decorator to 2026-08-12 00:00:00+00:00, run_after=2026-08-13 00:00:00+00:00
[2026-08-13T13:24:21.533+0000] {processor.py:183} INFO - Processing /home/airflow/.local/lib/python3.12/site-packages/airflow/example_dags/example_short_circuit_decorator.py took 1.223 seconds
[2026-08-13T13:24:52.841+0000] {processor.py:161} INFO - Started process (PID=177) to work on /home/airflow/.local/lib/python3.12/site-packages/airflow/example_dags/example_short_circuit_decorator.py
[2026-08-13T13:24:52.844+0000] {processor.py:830} INFO - Processing file /home/airflow/.local/lib/python3.12/site-packages/airflow/example_dags/example_short_circuit_decorator.py for tasks to queue
[2026-08-13T13:24:52.849+0000] {logging_mixin.py:188} INFO - [2026-08-13T13:24:52.848+0000] {dagbag.py:545} INFO - Filling up the DagBag from /home/airflow/.local/lib/python3.12/site-packages/airflow/example_dags/example_short_circuit_decorator.py
[2026-08-13T13:24:52.871+0000] {processor.py:840} INFO - DAG(s) 'example_short_circuit_decorator' retrieved from /home/airflow/.local/lib/python3.12/site-packages/airflow/example_dags/example_short_circuit_decorator.py
[2026-08-13T13:24:52.924+0000] {logging_mixin.py:188} INFO - [2026-08-13T13:24:52.923+0000] {dag.py:3089} INFO - Sync 1 DAGs
[2026-08-13T13:24:52.983+0000] {logging_mixin.py:188} INFO - [2026-08-13T13:24:52.983+0000] {dag.py:3947} INFO - Setting next_dagrun for example_short_circuit_decorator to 2026-08-12 00:00:00+00:00, run_after=2026-08-13 00:00:00+00:00
[2026-08-13T13:24:53.036+0000] {processor.py:183} INFO - Processing /home/airflow/.local/lib/python3.12/site-packages/airflow/example_dags/example_short_circuit_decorator.py took 0.207 seconds
[2026-08-13T13:25:52.621+0000] {processor.py:161} INFO - Started process (PID=256) to work on /home/airflow/.local/lib/python3.12/site-packages/airflow/example_dags/example_short_circuit_decorator.py
[2026-08-13T13:25:52.628+0000] {processor.py:830} INFO - Processing file /home/airflow/.local/lib/python3.12/site-packages/airflow/example_dags/example_short_circuit_decorator.py for tasks to queue
[2026-08-13T13:25:52.636+0000] {logging_mixin.py:188} INFO - [2026-08-13T13:25:52.634+0000] {dagbag.py:545} INFO - Filling up the DagBag from /home/airflow/.local/lib/python3.12/site-packages/airflow/example_dags/example_short_circuit_decorator.py
[2026-08-13T13:25:52.670+0000] {processor.py:840} INFO - DAG(s) 'example_short_circuit_decorator' retrieved from /home/airflow/.local/lib/python3.12/site-packages/airflow/example_dags/example_short_circuit_decorator.py
[2026-08-13T13:25:52.765+0000] {logging_mixin.py:188} INFO - [2026-08-13T13:25:52.764+0000] {dag.py:3089} INFO - Sync 1 DAGs
[2026-08-13T13:25:52.849+0000] {logging_mixin.py:188} INFO - [2026-08-13T13:25:52.848+0000] {dag.py:3947} INFO - Setting next_dagrun for example_short_circuit_decorator to 2026-08-12 00:00:00+00:00, run_after=2026-08-13 00:00:00+00:00
[2026-08-13T13:25:52.903+0000] {processor.py:183} INFO - Processing /home/airflow/.local/lib/python3.12/site-packages/airflow/example_dags/example_short_circuit_decorator.py took 0.301 seconds
[2026-08-13T13:26:23.923+0000] {processor.py:161} INFO - Started process (PID=329) to work on /home/airflow/.local/lib/python3.12/site-packages/airflow/example_dags/example_short_circuit_decorator.py
[2026-08-13T13:26:23.926+0000] {processor.py:830} INFO - Processing file /home/airflow/.local/lib/python3.12/site-packages/airflow/example_dags/example_short_circuit_decorator.py for tasks to queue
[2026-08-13T13:26:23.934+0000] {logging_mixin.py:188} INFO - [2026-08-13T13:26:23.933+0000] {dagbag.py:545} INFO - Filling up the DagBag from /home/airflow/.local/lib/python3.12/site-packages/airflow/example_dags/example_short_circuit_decorator.py
[2026-08-13T13:26:23.972+0000] {processor.py:840} INFO - DAG(s) 'example_short_circuit_decorator' retrieved from /home/airflow/.local/lib/python3.12/site-packages/airflow/example_dags/example_short_circuit_decorator.py
[2026-08-13T13:26:24.135+0000] {logging_mixin.py:188} INFO - [2026-08-13T13:26:24.135+0000] {dag.py:3089} INFO - Sync 1 DAGs
[2026-08-13T13:26:24.336+0000] {logging_mixin.py:188} INFO - [2026-08-13T13:26:24.315+0000] {dag.py:3947} INFO - Setting next_dagrun for example_short_circuit_decorator to 2026-08-12 00:00:00+00:00, run_after=2026-08-13 00:00:00+00:00
[2026-08-13T13:26:24.472+0000] {processor.py:183} INFO - Processing /home/airflow/.local/lib/python3.12/site-packages/airflow/example_dags/example_short_circuit_decorator.py took 0.596 seconds
[2026-08-13T13:26:54.723+0000] {processor.py:161} INFO - Started process (PID=396) to work on /home/airflow/.local/lib/python3.12/site-packages/airflow/example_dags/example_short_circuit_decorator.py
[2026-08-13T13:26:54.726+0000] {processor.py:830} INFO - Processing file /home/airflow/.local/lib/python3.12/site-packages/airflow/example_dags/example_short_circuit_decorator.py for tasks to queue
[2026-08-13T13:26:54.735+0000] {logging_mixin.py:188} INFO - [2026-08-13T13:26:54.734+0000] {dagbag.py:545} INFO - Filling up the DagBag from /home/airflow/.local/lib/python3.12/site-packages/airflow/example_dags/example_short_circuit_decorator.py
[2026-08-13T13:26:54.758+0000] {processor.py:840} INFO - DAG(s) 'example_short_circuit_decorator' retrieved from /home/airflow/.local/lib/python3.12/site-packages/airflow/example_dags/example_short_circuit_decorator.py
[2026-08-13T13:26:54.802+0000] {logging_mixin.py:188} INFO - [2026-08-13T13:26:54.802+0000] {dag.py:3089} INFO - Sync 1 DAGs
[2026-08-13T13:26:54.856+0000] {logging_mixin.py:188} INFO - [2026-08-13T13:26:54.855+0000] {dag.py:3947} INFO - Setting next_dagrun for example_short_circuit_decorator to 2026-08-12 00:00:00+00:00, run_after=2026-08-13 00:00:00+00:00
[2026-08-13T13:26:54.899+0000] {processor.py:183} INFO - Processing /home/airflow/.local/lib/python3.12/site-packages/airflow/example_dags/example_short_circuit_decorator.py took 0.188 seconds
[2026-08-13T13:27:25.240+0000] {processor.py:161} INFO - Started process (PID=468) to work on /home/airflow/.local/lib/python3.12/site-packages/airflow/example_dags/example_short_circuit_decorator.py
[2026-08-13T13:27:25.246+0000] {processor.py:830} INFO - Processing file /home/airflow/.local/lib/python3.12/site-packages/airflow/example_dags/example_short_circuit_decorator.py for tasks to queue
[2026-08-13T13:27:25.261+0000] {logging_mixin.py:188} INFO - [2026-08-13T13:27:25.255+0000] {dagbag.py:545} INFO - Filling up the DagBag from /home/airflow/.local/lib/python3.12/site-packages/airflow/example_dags/example_short_circuit_decorator.py
[2026-08-13T13:27:25.295+0000] {processor.py:840} INFO - DAG(s) 'example_short_circuit_decorator' retrieved from /home/airflow/.local/lib/python3.12/site-packages/airflow/example_dags/example_short_circuit_decorator.py
[2026-08-13T13:27:25.371+0000] {logging_mixin.py:188} INFO - [2026-08-13T13:27:25.370+0000] {dag.py:3089} INFO - Sync 1 DAGs
[2026-08-13T13:27:25.433+0000] {logging_mixin.py:188} INFO - [2026-08-13T13:27:25.433+0000] {dag.py:3947} INFO - Setting next_dagrun for example_short_circuit_decorator to 2026-08-12 00:00:00+00:00, run_after=2026-08-13 00:00:00+00:00
[2026-08-13T13:27:25.511+0000] {processor.py:183} INFO - Processing /home/airflow/.local/lib/python3.12/site-packages/airflow/example_dags/example_short_circuit_decorator.py took 0.286 seconds
[2026-08-13T13:27:56.417+0000] {processor.py:161} INFO - Started process (PID=534) to work on /home/airflow/.local/lib/python3.12/site-packages/airflow/example_dags/example_short_circuit_decorator.py
[2026-08-13T13:27:56.425+0000] {processor.py:830} INFO - Processing file /home/airflow/.local/lib/python3.12/site-packages/airflow/example_dags/example_short_circuit_decorator.py for tasks to queue
[2026-08-13T13:27:56.442+0000] {logging_mixin.py:188} INFO - [2026-08-13T13:27:56.441+0000] {dagbag.py:545} INFO - Filling up the DagBag from /home/airflow/.local/lib/python3.12/site-packages/airflow/example_dags/example_short_circuit_decorator.py
[2026-08-13T13:27:56.539+0000] {processor.py:840} INFO - DAG(s) 'example_short_circuit_decorator' retrieved from /home/airflow/.local/lib/python3.12/site-packages/airflow/example_dags/example_short_circuit_decorator.py
[2026-08-13T13:27:56.711+0000] {logging_mixin.py:188} INFO - [2026-08-13T13:27:56.710+0000] {dag.py:3089} INFO - Sync 1 DAGs
[2026-08-13T13:27:56.786+0000] {logging_mixin.py:188} INFO - [2026-08-13T13:27:56.786+0000] {dag.py:3947} INFO - Setting next_dagrun for example_short_circuit_decorator to 2026-08-12 00:00:00+00:00, run_after=2026-08-13 00:00:00+00:00
[2026-08-13T13:27:56.846+0000] {processor.py:183} INFO - Processing /home/airflow/.local/lib/python3.12/site-packages/airflow/example_dags/example_short_circuit_decorator.py took 0.516 seconds
[2026-08-13T13:28:27.245+0000] {processor.py:161} INFO - Started process (PID=606) to work on /home/airflow/.local/lib/python3.12/site-packages/airflow/example_dags/example_short_circuit_decorator.py
[2026-08-13T13:28:27.249+0000] {processor.py:830} INFO - Processing file /home/airflow/.local/lib/python3.12/site-packages/airflow/example_dags/example_short_circuit_decorator.py for tasks to queue
[2026-08-13T13:28:27.257+0000] {logging_mixin.py:188} INFO - [2026-08-13T13:28:27.256+0000] {dagbag.py:545} INFO - Filling up the DagBag from /home/airflow/.local/lib/python3.12/site-packages/airflow/example_dags/example_short_circuit_decorator.py
[2026-08-13T13:28:27.283+0000] {processor.py:840} INFO - DAG(s) 'example_short_circuit_decorator' retrieved from /home/airflow/.local/lib/python3.12/site-packages/airflow/example_dags/example_short_circuit_decorator.py
[2026-08-13T13:28:27.340+0000] {logging_mixin.py:188} INFO - [2026-08-13T13:28:27.339+0000] {dag.py:3089} INFO - Sync 1 DAGs
[2026-08-13T13:28:27.400+0000] {logging_mixin.py:188} INFO - [2026-08-13T13:28:27.399+0000] {dag.py:3947} INFO - Setting next_dagrun for example_short_circuit_decorator to 2026-08-12 00:00:00+00:00, run_after=2026-08-13 00:00:00+00:00
[2026-08-13T13:28:27.456+0000] {processor.py:183} INFO - Processing /home/airflow/.local/lib/python3.12/site-packages/airflow/example_dags/example_short_circuit_decorator.py took 0.232 seconds
[2026-08-13T13:28:58.983+0000] {processor.py:161} INFO - Started process (PID=678) to work on /home/airflow/.local/lib/python3.12/site-packages/airflow/example_dags/example_short_circuit_decorator.py
[2026-08-13T13:28:58.986+0000] {processor.py:830} INFO - Processing file /home/airflow/.local/lib/python3.12/site-packages/airflow/example_dags/example_short_circuit_decorator.py for tasks to queue
[2026-08-13T13:28:58.992+0000] {logging_mixin.py:188} INFO - [2026-08-13T13:28:58.991+0000] {dagbag.py:545} INFO - Filling up the DagBag from /home/airflow/.local/lib/python3.12/site-packages/airflow/example_dags/example_short_circuit_decorator.py
[2026-08-13T13:28:59.040+0000] {processor.py:840} INFO - DAG(s) 'example_short_circuit_decorator' retrieved from /home/airflow/.local/lib/python3.12/site-packages/airflow/example_dags/example_short_circuit_decorator.py
[2026-08-13T13:28:59.152+0000] {logging_mixin.py:188} INFO - [2026-08-13T13:28:59.151+0000] {dag.py:3089} INFO - Sync 1 DAGs
[2026-08-13T13:28:59.230+0000] {logging_mixin.py:188} INFO - [2026-08-13T13:28:59.230+0000] {dag.py:3947} INFO - Setting next_dagrun for example_short_circuit_decorator to 2026-08-12 00:00:00+00:00, run_after=2026-08-13 00:00:00+00:00
[2026-08-13T13:28:59.321+0000] {processor.py:183} INFO - Processing /home/airflow/.local/lib/python3.12/site-packages/airflow/example_dags/example_short_circuit_decorator.py took 0.355 seconds
[2026-08-13T13:29:33.501+0000] {processor.py:161} INFO - Started process (PID=752) to work on /home/airflow/.local/lib/python3.12/site-packages/airflow/example_dags/example_short_circuit_decorator.py
[2026-08-13T13:29:33.504+0000] {processor.py:830} INFO - Processing file /home/airflow/.local/lib/python3.12/site-packages/airflow/example_dags/example_short_circuit_decorator.py for tasks to queue
[2026-08-13T13:29:33.510+0000] {logging_mixin.py:188} INFO - [2026-08-13T13:29:33.509+0000] {dagbag.py:545} INFO - Filling up the DagBag from /home/airflow/.local/lib/python3.12/site-packages/airflow/example_dags/example_short_circuit_decorator.py
[2026-08-13T13:29:33.542+0000] {processor.py:840} INFO - DAG(s) 'example_short_circuit_decorator' retrieved from /home/airflow/.local/lib/python3.12/site-packages/airflow/example_dags/example_short_circuit_decorator.py
[2026-08-13T13:29:33.600+0000] {logging_mixin.py:188} INFO - [2026-08-13T13:29:33.600+0000] {dag.py:3089} INFO - Sync 1 DAGs
[2026-08-13T13:29:33.671+0000] {logging_mixin.py:188} INFO - [2026-08-13T13:29:33.671+0000] {dag.py:3947} INFO - Setting next_dagrun for example_short_circuit_decorator to 2026-08-12 00:00:00+00:00, run_after=2026-08-13 00:00:00+00:00
[2026-08-13T13:29:33.731+0000] {processor.py:183} INFO - Processing /home/airflow/.local/lib/python3.12/site-packages/airflow/example_dags/example_short_circuit_decorator.py took 0.248 seconds
[2026-08-13T13:30:07.220+0000] {processor.py:161} INFO - Started process (PID=825) to work on /home/airflow/.local/lib/python3.12/site-packages/airflow/example_dags/example_short_circuit_decorator.py
[2026-08-13T13:30:07.224+0000] {processor.py:830} INFO - Processing file /home/airflow/.local/lib/python3.12/site-packages/airflow/example_dags/example_short_circuit_decorator.py for tasks to queue
[2026-08-13T13:30:07.230+0000] {logging_mixin.py:188} INFO - [2026-08-13T13:30:07.229+0000] {dagbag.py:545} INFO - Filling up the DagBag from /home/airflow/.local/lib/python3.12/site-packages/airflow/example_dags/example_short_circuit_decorator.py
[2026-08-13T13:30:07.258+0000] {processor.py:840} INFO - DAG(s) 'example_short_circuit_decorator' retrieved from /home/airflow/.local/lib/python3.12/site-packages/airflow/example_dags/example_short_circuit_decorator.py
[2026-08-13T13:30:07.328+0000] {logging_mixin.py:188} INFO - [2026-08-13T13:30:07.328+0000] {dag.py:3089} INFO - Sync 1 DAGs
[2026-08-13T13:30:07.404+0000] {logging_mixin.py:188} INFO - [2026-08-13T13:30:07.403+0000] {dag.py:3947} INFO - Setting next_dagrun for example_short_circuit_decorator to 2026-08-12 00:00:00+00:00, run_after=2026-08-13 00:00:00+00:00
[2026-08-13T13:30:07.454+0000] {processor.py:183} INFO - Processing /home/airflow/.local/lib/python3.12/site-packages/airflow/example_dags/example_short_circuit_decorator.py took 0.248 seconds
[2026-08-13T13:30:40.519+0000] {processor.py:161} INFO - Started process (PID=898) to work on /home/airflow/.local/lib/python3.12/site-packages/airflow/example_dags/example_short_circuit_decorator.py
[2026-08-13T13:30:40.523+0000] {processor.py:830} INFO - Processing file /home/airflow/.local/lib/python3.12/site-packages/airflow/example_dags/example_short_circuit_decorator.py for tasks to queue
[2026-08-13T13:30:40.563+0000] {logging_mixin.py:188} INFO - [2026-08-13T13:30:40.557+0000] {dagbag.py:545} INFO - Filling up the DagBag from /home/airflow/.local/lib/python3.12/site-packages/airflow/example_dags/example_short_circuit_decorator.py
[2026-08-13T13:30:40.610+0000] {processor.py:840} INFO - DAG(s) 'example_short_circuit_decorator' retrieved from /home/airflow/.local/lib/python3.12/site-packages/airflow/example_dags/example_short_circuit_decorator.py
[2026-08-13T13:30:40.700+0000] {logging_mixin.py:188} INFO - [2026-08-13T13:30:40.700+0000] {dag.py:3089} INFO - Sync 1 DAGs
[2026-08-13T13:30:40.780+0000] {logging_mixin.py:188} INFO - [2026-08-13T13:30:40.779+0000] {dag.py:3947} INFO - Setting next_dagrun for example_short_circuit_decorator to 2026-08-12 00:00:00+00:00, run_after=2026-08-13 00:00:00+00:00
[2026-08-13T13:30:40.888+0000] {processor.py:183} INFO - Processing /home/airflow/.local/lib/python3.12/site-packages/airflow/example_dags/example_short_circuit_decorator.py took 0.404 seconds
[2026-08-13T13:31:11.977+0000] {processor.py:161} INFO - Started process (PID=972) to work on /home/airflow/.local/lib/python3.12/site-packages/airflow/example_dags/example_short_circuit_decorator.py
[2026-08-13T13:31:11.981+0000] {processor.py:830} INFO - Processing file /home/airflow/.local/lib/python3.12/site-packages/airflow/example_dags/example_short_circuit_decorator.py for tasks to queue
[2026-08-13T13:31:11.991+0000] {logging_mixin.py:188} INFO - [2026-08-13T13:31:11.990+0000] {dagbag.py:545} INFO - Filling up the DagBag from /home/airflow/.local/lib/python3.12/site-packages/airflow/example_dags/example_short_circuit_decorator.py
[2026-08-13T13:31:12.020+0000] {processor.py:840} INFO - DAG(s) 'example_short_circuit_decorator' retrieved from /home/airflow/.local/lib/python3.12/site-packages/airflow/example_dags/example_short_circuit_decorator.py
[2026-08-13T13:31:12.091+0000] {logging_mixin.py:188} INFO - [2026-08-13T13:31:12.090+0000] {dag.py:3089} INFO - Sync 1 DAGs
[2026-08-13T13:31:12.150+0000] {logging_mixin.py:188} INFO - [2026-08-13T13:31:12.149+0000] {dag.py:3947} INFO - Setting next_dagrun for example_short_circuit_decorator to 2026-08-12 00:00:00+00:00, run_after=2026-08-13 00:00:00+00:00
[2026-08-13T13:31:12.202+0000] {processor.py:183} INFO - Processing /home/airflow/.local/lib/python3.12/site-packages/airflow/example_dags/example_short_circuit_decorator.py took 0.252 seconds
[2026-08-13T13:31:44.112+0000] {processor.py:161} INFO - Started process (PID=1045) to work on /home/airflow/.local/lib/python3.12/site-packages/airflow/example_dags/example_short_circuit_decorator.py
[2026-08-13T13:31:44.116+0000] {processor.py:830} INFO - Processing file /home/airflow/.local/lib/python3.12/site-packages/airflow/example_dags/example_short_circuit_decorator.py for tasks to queue
[2026-08-13T13:31:44.125+0000] {logging_mixin.py:188} INFO - [2026-08-13T13:31:44.124+0000] {dagbag.py:545} INFO - Filling up the DagBag from /home/airflow/.local/lib/python3.12/site-packages/airflow/example_dags/example_short_circuit_decorator.py
[2026-08-13T13:31:44.152+0000] {processor.py:840} INFO - DAG(s) 'example_short_circuit_decorator' retrieved from /home/airflow/.local/lib/python3.12/site-packages/airflow/example_dags/example_short_circuit_decorator.py
[2026-08-13T13:31:44.228+0000] {logging_mixin.py:188} INFO - [2026-08-13T13:31:44.227+0000] {dag.py:3089} INFO - Sync 1 DAGs
[2026-08-13T13:31:44.290+0000] {logging_mixin.py:188} INFO - [2026-08-13T13:31:44.289+0000] {dag.py:3947} INFO - Setting next_dagrun for example_short_circuit_decorator to 2026-08-12 00:00:00+00:00, run_after=2026-08-13 00:00:00+00:00
[2026-08-13T13:31:44.357+0000] {processor.py:183} INFO - Processing /home/airflow/.local/lib/python3.12/site-packages/airflow/example_dags/example_short_circuit_decorator.py took 0.262 seconds
[2026-08-13T13:32:15.661+0000] {processor.py:161} INFO - Started process (PID=1112) to work on /home/airflow/.local/lib/python3.12/site-packages/airflow/example_dags/example_short_circuit_decorator.py
[2026-08-13T13:32:15.664+0000] {processor.py:830} INFO - Processing file /home/airflow/.local/lib/python3.12/site-packages/airflow/example_dags/example_short_circuit_decorator.py for tasks to queue
[2026-08-13T13:32:15.671+0000] {logging_mixin.py:188} INFO - [2026-08-13T13:32:15.670+0000] {dagbag.py:545} INFO - Filling up the DagBag from /home/airflow/.local/lib/python3.12/site-packages/airflow/example_dags/example_short_circuit_decorator.py
[2026-08-13T13:32:15.696+0000] {processor.py:840} INFO - DAG(s) 'example_short_circuit_decorator' retrieved from /home/airflow/.local/lib/python3.12/site-packages/airflow/example_dags/example_short_circuit_decorator.py
[2026-08-13T13:32:15.748+0000] {logging_mixin.py:188} INFO - [2026-08-13T13:32:15.748+0000] {dag.py:3089} INFO - Sync 1 DAGs
[2026-08-13T13:32:15.807+0000] {logging_mixin.py:188} INFO - [2026-08-13T13:32:15.807+0000] {dag.py:3947} INFO - Setting next_dagrun for example_short_circuit_decorator to 2026-08-12 00:00:00+00:00, run_after=2026-08-13 00:00:00+00:00
[2026-08-13T13:32:15.857+0000] {processor.py:183} INFO - Processing /home/airflow/.local/lib/python3.12/site-packages/airflow/example_dags/example_short_circuit_decorator.py took 0.214 seconds
[2026-08-13T13:32:49.999+0000] {processor.py:161} INFO - Started process (PID=1185) to work on /home/airflow/.local/lib/python3.12/site-packages/airflow/example_dags/example_short_circuit_decorator.py
[2026-08-13T13:32:50.004+0000] {processor.py:830} INFO - Processing file /home/airflow/.local/lib/python3.12/site-packages/airflow/example_dags/example_short_circuit_decorator.py for tasks to queue
[2026-08-13T13:32:50.013+0000] {logging_mixin.py:188} INFO - [2026-08-13T13:32:50.012+0000] {dagbag.py:545} INFO - Filling up the DagBag from /home/airflow/.local/lib/python3.12/site-packages/airflow/example_dags/example_short_circuit_decorator.py
[2026-08-13T13:32:50.055+0000] {processor.py:840} INFO - DAG(s) 'example_short_circuit_decorator' retrieved from /home/airflow/.local/lib/python3.12/site-packages/airflow/example_dags/example_short_circuit_decorator.py
[2026-08-13T13:32:50.156+0000] {logging_mixin.py:188} INFO - [2026-08-13T13:32:50.156+0000] {dag.py:3089} INFO - Sync 1 DAGs
[2026-08-13T13:32:50.248+0000] {logging_mixin.py:188} INFO - [2026-08-13T13:32:50.247+0000] {dag.py:3947} INFO - Setting next_dagrun for example_short_circuit_decorator to 2026-08-12 00:00:00+00:00, run_after=2026-08-13 00:00:00+00:00
[2026-08-13T13:32:50.411+0000] {processor.py:183} INFO - Processing /home/airflow/.local/lib/python3.12/site-packages/airflow/example_dags/example_short_circuit_decorator.py took 0.433 seconds
[2026-08-13T13:33:21.962+0000] {processor.py:161} INFO - Started process (PID=1258) to work on /home/airflow/.local/lib/python3.12/site-packages/airflow/example_dags/example_short_circuit_decorator.py
[2026-08-13T13:33:21.965+0000] {processor.py:830} INFO - Processing file /home/airflow/.local/lib/python3.12/site-packages/airflow/example_dags/example_short_circuit_decorator.py for tasks to queue
[2026-08-13T13:33:21.972+0000] {logging_mixin.py:188} INFO - [2026-08-13T13:33:21.971+0000] {dagbag.py:545} INFO - Filling up the DagBag from /home/airflow/.local/lib/python3.12/site-packages/airflow/example_dags/example_short_circuit_decorator.py
[2026-08-13T13:33:21.999+0000] {processor.py:840} INFO - DAG(s) 'example_short_circuit_decorator' retrieved from /home/airflow/.local/lib/python3.12/site-packages/airflow/example_dags/example_short_circuit_decorator.py
[2026-08-13T13:33:22.071+0000] {logging_mixin.py:188} INFO - [2026-08-13T13:33:22.070+0000] {dag.py:3089} INFO - Sync 1 DAGs
[2026-08-13T13:33:22.141+0000] {logging_mixin.py:188} INFO - [2026-08-13T13:33:22.140+0000] {dag.py:3947} INFO - Setting next_dagrun for example_short_circuit_decorator to 2026-08-12 00:00:00+00:00, run_after=2026-08-13 00:00:00+00:00
[2026-08-13T13:33:22.194+0000] {processor.py:183} INFO - Processing /home/airflow/.local/lib/python3.12/site-packages/airflow/example_dags/example_short_circuit_decorator.py took 0.245 seconds
[2026-08-13T13:33:56.157+0000] {processor.py:161} INFO - Started process (PID=1332) to work on /home/airflow/.local/lib/python3.12/site-packages/airflow/example_dags/example_short_circuit_decorator.py
[2026-08-13T13:33:56.173+0000] {processor.py:830} INFO - Processing file /home/airflow/.local/lib/python3.12/site-packages/airflow/example_dags/example_short_circuit_decorator.py for tasks to queue
[2026-08-13T13:33:56.190+0000] {logging_mixin.py:188} INFO - [2026-08-13T13:33:56.189+0000] {dagbag.py:545} INFO - Filling up the DagBag from /home/airflow/.local/lib/python3.12/site-packages/airflow/example_dags/example_short_circuit_decorator.py
[2026-08-13T13:33:56.271+0000] {processor.py:840} INFO - DAG(s) 'example_short_circuit_decorator' retrieved from /home/airflow/.local/lib/python3.12/site-packages/airflow/example_dags/example_short_circuit_decorator.py
[2026-08-13T13:33:56.361+0000] {logging_mixin.py:188} INFO - [2026-08-13T13:33:56.360+0000] {dag.py:3089} INFO - Sync 1 DAGs
[2026-08-13T13:33:56.466+0000] {logging_mixin.py:188} INFO - [2026-08-13T13:33:56.465+0000] {dag.py:3947} INFO - Setting next_dagrun for example_short_circuit_decorator to 2026-08-12 00:00:00+00:00, run_after=2026-08-13 00:00:00+00:00
[2026-08-13T13:33:56.577+0000] {processor.py:183} INFO - Processing /home/airflow/.local/lib/python3.12/site-packages/airflow/example_dags/example_short_circuit_decorator.py took 0.450 seconds
[2026-08-13T13:34:26.883+0000] {processor.py:161} INFO - Started process (PID=1405) to work on /home/airflow/.local/lib/python3.12/site-packages/airflow/example_dags/example_short_circuit_decorator.py
[2026-08-13T13:34:26.895+0000] {processor.py:830} INFO - Processing file /home/airflow/.local/lib/python3.12/site-packages/airflow/example_dags/example_short_circuit_decorator.py for tasks to queue
[2026-08-13T13:34:26.906+0000] {logging_mixin.py:188} INFO - [2026-08-13T13:34:26.903+0000] {dagbag.py:545} INFO - Filling up the DagBag from /home/airflow/.local/lib/python3.12/site-packages/airflow/example_dags/example_short_circuit_decorator.py
[2026-08-13T13:34:26.959+0000] {processor.py:840} INFO - DAG(s) 'example_short_circuit_decorator' retrieved from /home/airflow/.local/lib/python3.12/site-packages/airflow/example_dags/example_short_circuit_decorator.py
[2026-08-13T13:34:27.056+0000] {logging_mixin.py:188} INFO - [2026-08-13T13:34:27.056+0000] {dag.py:3089} INFO - Sync 1 DAGs
[2026-08-13T13:34:27.157+0000] {logging_mixin.py:188} INFO - [2026-08-13T13:34:27.156+0000] {dag.py:3947} INFO - Setting next_dagrun for example_short_circuit_decorator to 2026-08-12 00:00:00+00:00, run_after=2026-08-13 00:00:00+00:00
[2026-08-13T13:34:27.231+0000] {processor.py:183} INFO - Processing /home/airflow/.local/lib/python3.12/site-packages/airflow/example_dags/example_short_circuit_decorator.py took 0.375 seconds
[2026-08-13T13:34:58.978+0000] {processor.py:161} INFO - Started process (PID=1479) to work on /home/airflow/.local/lib/python3.12/site-packages/airflow/example_dags/example_short_circuit_decorator.py
[2026-08-13T13:34:58.981+0000] {processor.py:830} INFO - Processing file /home/airflow/.local/lib/python3.12/site-packages/airflow/example_dags/example_short_circuit_decorator.py for tasks to queue
[2026-08-13T13:34:58.988+0000] {logging_mixin.py:188} INFO - [2026-08-13T13:34:58.987+0000] {dagbag.py:545} INFO - Filling up the DagBag from /home/airflow/.local/lib/python3.12/site-packages/airflow/example_dags/example_short_circuit_decorator.py
[2026-08-13T13:34:59.015+0000] {processor.py:840} INFO - DAG(s) 'example_short_circuit_decorator' retrieved from /home/airflow/.local/lib/python3.12/site-packages/airflow/example_dags/example_short_circuit_decorator.py
[2026-08-13T13:34:59.075+0000] {logging_mixin.py:188} INFO - [2026-08-13T13:34:59.075+0000] {dag.py:3089} INFO - Sync 1 DAGs
[2026-08-13T13:34:59.134+0000] {logging_mixin.py:188} INFO - [2026-08-13T13:34:59.133+0000] {dag.py:3947} INFO - Setting next_dagrun for example_short_circuit_decorator to 2026-08-12 00:00:00+00:00, run_after=2026-08-13 00:00:00+00:00
[2026-08-13T13:34:59.183+0000] {processor.py:183} INFO - Processing /home/airflow/.local/lib/python3.12/site-packages/airflow/example_dags/example_short_circuit_decorator.py took 0.224 seconds
[2026-08-13T13:35:32.855+0000] {processor.py:161} INFO - Started process (PID=1552) to work on /home/airflow/.local/lib/python3.12/site-packages/airflow/example_dags/example_short_circuit_decorator.py
[2026-08-13T13:35:32.858+0000] {processor.py:830} INFO - Processing file /home/airflow/.local/lib/python3.12/site-packages/airflow/example_dags/example_short_circuit_decorator.py for tasks to queue
[2026-08-13T13:35:32.866+0000] {logging_mixin.py:188} INFO - [2026-08-13T13:35:32.865+0000] {dagbag.py:545} INFO - Filling up the DagBag from /home/airflow/.local/lib/python3.12/site-packages/airflow/example_dags/example_short_circuit_decorator.py
[2026-08-13T13:35:32.890+0000] {processor.py:840} INFO - DAG(s) 'example_short_circuit_decorator' retrieved from /home/airflow/.local/lib/python3.12/site-packages/airflow/example_dags/example_short_circuit_decorator.py
[2026-08-13T13:35:32.979+0000] {logging_mixin.py:188} INFO - [2026-08-13T13:35:32.978+0000] {dag.py:3089} INFO - Sync 1 DAGs
[2026-08-13T13:35:33.050+0000] {logging_mixin.py:188} INFO - [2026-08-13T13:35:33.049+0000] {dag.py:3947} INFO - Setting next_dagrun for example_short_circuit_decorator to 2026-08-12 00:00:00+00:00, run_after=2026-08-13 00:00:00+00:00
[2026-08-13T13:35:33.108+0000] {processor.py:183} INFO - Processing /home/airflow/.local/lib/python3.12/site-packages/airflow/example_dags/example_short_circuit_decorator.py took 0.270 seconds
[2026-08-13T13:36:04.975+0000] {processor.py:161} INFO - Started process (PID=1625) to work on /home/airflow/.local/lib/python3.12/site-packages/airflow/example_dags/example_short_circuit_decorator.py
[2026-08-13T13:36:04.979+0000] {processor.py:830} INFO - Processing file /home/airflow/.local/lib/python3.12/site-packages/airflow/example_dags/example_short_circuit_decorator.py for tasks to queue
[2026-08-13T13:36:04.986+0000] {logging_mixin.py:188} INFO - [2026-08-13T13:36:04.985+0000] {dagbag.py:545} INFO - Filling up the DagBag from /home/airflow/.local/lib/python3.12/site-packages/airflow/example_dags/example_short_circuit_decorator.py
[2026-08-13T13:36:05.010+0000] {processor.py:840} INFO - DAG(s) 'example_short_circuit_decorator' retrieved from /home/airflow/.local/lib/python3.12/site-packages/airflow/example_dags/example_short_circuit_decorator.py
[2026-08-13T13:36:05.075+0000] {logging_mixin.py:188} INFO - [2026-08-13T13:36:05.074+0000] {dag.py:3089} INFO - Sync 1 DAGs
[2026-08-13T13:36:05.134+0000] {logging_mixin.py:188} INFO - [2026-08-13T13:36:05.134+0000] {dag.py:3947} INFO - Setting next_dagrun for example_short_circuit_decorator to 2026-08-12 00:00:00+00:00, run_after=2026-08-13 00:00:00+00:00
[2026-08-13T13:36:05.200+0000] {processor.py:183} INFO - Processing /home/airflow/.local/lib/python3.12/site-packages/airflow/example_dags/example_short_circuit_decorator.py took 0.238 seconds
[2026-08-13T13:36:38.725+0000] {processor.py:161} INFO - Started process (PID=1698) to work on /home/airflow/.local/lib/python3.12/site-packages/airflow/example_dags/example_short_circuit_decorator.py
[2026-08-13T13:36:38.729+0000] {processor.py:830} INFO - Processing file /home/airflow/.local/lib/python3.12/site-packages/airflow/example_dags/example_short_circuit_decorator.py for tasks to queue
[2026-08-13T13:36:38.744+0000] {logging_mixin.py:188} INFO - [2026-08-13T13:36:38.743+0000] {dagbag.py:545} INFO - Filling up the DagBag from /home/airflow/.local/lib/python3.12/site-packages/airflow/example_dags/example_short_circuit_decorator.py
[2026-08-13T13:36:38.771+0000] {processor.py:840} INFO - DAG(s) 'example_short_circuit_decorator' retrieved from /home/airflow/.local/lib/python3.12/site-packages/airflow/example_dags/example_short_circuit_decorator.py
[2026-08-13T13:36:38.825+0000] {logging_mixin.py:188} INFO - [2026-08-13T13:36:38.824+0000] {dag.py:3089} INFO - Sync 1 DAGs
[2026-08-13T13:36:38.877+0000] {logging_mixin.py:188} INFO - [2026-08-13T13:36:38.876+0000] {dag.py:3947} INFO - Setting next_dagrun for example_short_circuit_decorator to 2026-08-12 00:00:00+00:00, run_after=2026-08-13 00:00:00+00:00
[2026-08-13T13:36:38.936+0000] {processor.py:183} INFO - Processing /home/airflow/.local/lib/python3.12/site-packages/airflow/example_dags/example_short_circuit_decorator.py took 0.234 seconds
[2026-08-13T13:37:09.428+0000] {processor.py:161} INFO - Started process (PID=1771) to work on /home/airflow/.local/lib/python3.12/site-packages/airflow/example_dags/example_short_circuit_decorator.py
[2026-08-13T13:37:09.431+0000] {processor.py:830} INFO - Processing file /home/airflow/.local/lib/python3.12/site-packages/airflow/example_dags/example_short_circuit_decorator.py for tasks to queue
[2026-08-13T13:37:09.441+0000] {logging_mixin.py:188} INFO - [2026-08-13T13:37:09.440+0000] {dagbag.py:545} INFO - Filling up the DagBag from /home/airflow/.local/lib/python3.12/site-packages/airflow/example_dags/example_short_circuit_decorator.py
[2026-08-13T13:37:09.477+0000] {processor.py:840} INFO - DAG(s) 'example_short_circuit_decorator' retrieved from /home/airflow/.local/lib/python3.12/site-packages/airflow/example_dags/example_short_circuit_decorator.py
[2026-08-13T13:37:09.546+0000] {logging_mixin.py:188} INFO - [2026-08-13T13:37:09.545+0000] {dag.py:3089} INFO - Sync 1 DAGs
[2026-08-13T13:37:09.622+0000] {logging_mixin.py:188} INFO - [2026-08-13T13:37:09.621+0000] {dag.py:3947} INFO - Setting next_dagrun for example_short_circuit_decorator to 2026-08-12 00:00:00+00:00, run_after=2026-08-13 00:00:00+00:00
[2026-08-13T13:37:09.679+0000] {processor.py:183} INFO - Processing /home/airflow/.local/lib/python3.12/site-packages/airflow/example_dags/example_short_circuit_decorator.py took 0.265 seconds
[2026-08-13T13:37:44.302+0000] {processor.py:161} INFO - Started process (PID=1846) to work on /home/airflow/.local/lib/python3.12/site-packages/airflow/example_dags/example_short_circuit_decorator.py
[2026-08-13T13:37:44.306+0000] {processor.py:830} INFO - Processing file /home/airflow/.local/lib/python3.12/site-packages/airflow/example_dags/example_short_circuit_decorator.py for tasks to queue
[2026-08-13T13:37:44.313+0000] {logging_mixin.py:188} INFO - [2026-08-13T13:37:44.311+0000] {dagbag.py:545} INFO - Filling up the DagBag from /home/airflow/.local/lib/python3.12/site-packages/airflow/example_dags/example_short_circuit_decorator.py
[2026-08-13T13:37:44.343+0000] {processor.py:840} INFO - DAG(s) 'example_short_circuit_decorator' retrieved from /home/airflow/.local/lib/python3.12/site-packages/airflow/example_dags/example_short_circuit_decorator.py
[2026-08-13T13:37:44.418+0000] {logging_mixin.py:188} INFO - [2026-08-13T13:37:44.417+0000] {dag.py:3089} INFO - Sync 1 DAGs
[2026-08-13T13:37:44.479+0000] {logging_mixin.py:188} INFO - [2026-08-13T13:37:44.478+0000] {dag.py:3947} INFO - Setting next_dagrun for example_short_circuit_decorator to 2026-08-12 00:00:00+00:00, run_after=2026-08-13 00:00:00+00:00
[2026-08-13T13:37:44.536+0000] {processor.py:183} INFO - Processing /home/airflow/.local/lib/python3.12/site-packages/airflow/example_dags/example_short_circuit_decorator.py took 0.249 seconds
[2026-08-13T13:38:15.639+0000] {processor.py:161} INFO - Started process (PID=1920) to work on /home/airflow/.local/lib/python3.12/site-packages/airflow/example_dags/example_short_circuit_decorator.py
[2026-08-13T13:38:15.642+0000] {processor.py:830} INFO - Processing file /home/airflow/.local/lib/python3.12/site-packages/airflow/example_dags/example_short_circuit_decorator.py for tasks to queue
[2026-08-13T13:38:15.648+0000] {logging_mixin.py:188} INFO - [2026-08-13T13:38:15.647+0000] {dagbag.py:545} INFO - Filling up the DagBag from /home/airflow/.local/lib/python3.12/site-packages/airflow/example_dags/example_short_circuit_decorator.py
[2026-08-13T13:38:15.675+0000] {processor.py:840} INFO - DAG(s) 'example_short_circuit_decorator' retrieved from /home/airflow/.local/lib/python3.12/site-packages/airflow/example_dags/example_short_circuit_decorator.py
[2026-08-13T13:38:15.736+0000] {logging_mixin.py:188} INFO - [2026-08-13T13:38:15.735+0000] {dag.py:3089} INFO - Sync 1 DAGs
[2026-08-13T13:38:15.787+0000] {logging_mixin.py:188} INFO - [2026-08-13T13:38:15.787+0000] {dag.py:3947} INFO - Setting next_dagrun for example_short_circuit_decorator to 2026-08-12 00:00:00+00:00, run_after=2026-08-13 00:00:00+00:00
[2026-08-13T13:38:15.846+0000] {processor.py:183} INFO - Processing /home/airflow/.local/lib/python3.12/site-packages/airflow/example_dags/example_short_circuit_decorator.py took 0.224 seconds
[2026-08-13T13:38:50.581+0000] {processor.py:161} INFO - Started process (PID=1993) to work on /home/airflow/.local/lib/python3.12/site-packages/airflow/example_dags/example_short_circuit_decorator.py
[2026-08-13T13:38:50.584+0000] {processor.py:830} INFO - Processing file /home/airflow/.local/lib/python3.12/site-packages/airflow/example_dags/example_short_circuit_decorator.py for tasks to queue
[2026-08-13T13:38:50.591+0000] {logging_mixin.py:188} INFO - [2026-08-13T13:38:50.590+0000] {dagbag.py:545} INFO - Filling up the DagBag from /home/airflow/.local/lib/python3.12/site-packages/airflow/example_dags/example_short_circuit_decorator.py
[2026-08-13T13:38:50.619+0000] {processor.py:840} INFO - DAG(s) 'example_short_circuit_decorator' retrieved from /home/airflow/.local/lib/python3.12/site-packages/airflow/example_dags/example_short_circuit_decorator.py
[2026-08-13T13:38:50.674+0000] {logging_mixin.py:188} INFO - [2026-08-13T13:38:50.674+0000] {dag.py:3089} INFO - Sync 1 DAGs
[2026-08-13T13:38:50.722+0000] {logging_mixin.py:188} INFO - [2026-08-13T13:38:50.722+0000] {dag.py:3947} INFO - Setting next_dagrun for example_short_circuit_decorator to 2026-08-12 00:00:00+00:00, run_after=2026-08-13 00:00:00+00:00
[2026-08-13T13:38:50.774+0000] {processor.py:183} INFO - Processing /home/airflow/.local/lib/python3.12/site-packages/airflow/example_dags/example_short_circuit_decorator.py took 0.207 seconds
[2026-08-13T13:39:23.118+0000] {processor.py:161} INFO - Started process (PID=2067) to work on /home/airflow/.local/lib/python3.12/site-packages/airflow/example_dags/example_short_circuit_decorator.py
[2026-08-13T13:39:23.121+0000] {processor.py:830} INFO - Processing file /home/airflow/.local/lib/python3.12/site-packages/airflow/example_dags/example_short_circuit_decorator.py for tasks to queue
[2026-08-13T13:39:23.126+0000] {logging_mixin.py:188} INFO - [2026-08-13T13:39:23.125+0000] {dagbag.py:545} INFO - Filling up the DagBag from /home/airflow/.local/lib/python3.12/site-packages/airflow/example_dags/example_short_circuit_decorator.py
[2026-08-13T13:39:23.142+0000] {processor.py:840} INFO - DAG(s) 'example_short_circuit_decorator' retrieved from /home/airflow/.local/lib/python3.12/site-packages/airflow/example_dags/example_short_circuit_decorator.py
[2026-08-13T13:39:23.187+0000] {logging_mixin.py:188} INFO - [2026-08-13T13:39:23.187+0000] {dag.py:3089} INFO - Sync 1 DAGs
[2026-08-13T13:39:23.224+0000] {logging_mixin.py:188} INFO - [2026-08-13T13:39:23.224+0000] {dag.py:3947} INFO - Setting next_dagrun for example_short_circuit_decorator to 2026-08-12 00:00:00+00:00, run_after=2026-08-13 00:00:00+00:00
[2026-08-13T13:39:23.563+0000] {processor.py:183} INFO - Processing /home/airflow/.local/lib/python3.12/site-packages/airflow/example_dags/example_short_circuit_decorator.py took 0.455 seconds
[2026-08-13T13:39:57.272+0000] {processor.py:161} INFO - Started process (PID=2141) to work on /home/airflow/.local/lib/python3.12/site-packages/airflow/example_dags/example_short_circuit_decorator.py
[2026-08-13T13:39:57.275+0000] {processor.py:830} INFO - Processing file /home/airflow/.local/lib/python3.12/site-packages/airflow/example_dags/example_short_circuit_decorator.py for tasks to queue
[2026-08-13T13:39:57.280+0000] {logging_mixin.py:188} INFO - [2026-08-13T13:39:57.280+0000] {dagbag.py:545} INFO - Filling up the DagBag from /home/airflow/.local/lib/python3.12/site-packages/airflow/example_dags/example_short_circuit_decorator.py
[2026-08-13T13:39:57.301+0000] {processor.py:840} INFO - DAG(s) 'example_short_circuit_decorator' retrieved from /home/airflow/.local/lib/python3.12/site-packages/airflow/example_dags/example_short_circuit_decorator.py
[2026-08-13T13:39:57.351+0000] {logging_mixin.py:188} INFO - [2026-08-13T13:39:57.351+0000] {dag.py:3089} INFO - Sync 1 DAGs
[2026-08-13T13:39:57.396+0000] {logging_mixin.py:188} INFO - [2026-08-13T13:39:57.396+0000] {dag.py:3947} INFO - Setting next_dagrun for example_short_circuit_decorator to 2026-08-12 00:00:00+00:00, run_after=2026-08-13 00:00:00+00:00
[2026-08-13T13:39:57.445+0000] {processor.py:183} INFO - Processing /home/airflow/.local/lib/python3.12/site-packages/airflow/example_dags/example_short_circuit_decorator.py took 0.184 seconds
[2026-08-13T13:40:30.484+0000] {processor.py:161} INFO - Started process (PID=2213) to work on /home/airflow/.local/lib/python3.12/site-packages/airflow/example_dags/example_short_circuit_decorator.py
[2026-08-13T13:40:30.490+0000] {processor.py:830} INFO - Processing file /home/airflow/.local/lib/python3.12/site-packages/airflow/example_dags/example_short_circuit_decorator.py for tasks to queue
[2026-08-13T13:40:30.503+0000] {logging_mixin.py:188} INFO - [2026-08-13T13:40:30.501+0000] {dagbag.py:545} INFO - Filling up the DagBag from /home/airflow/.local/lib/python3.12/site-packages/airflow/example_dags/example_short_circuit_decorator.py
[2026-08-13T13:40:30.539+0000] {processor.py:840} INFO - DAG(s) 'example_short_circuit_decorator' retrieved from /home/airflow/.local/lib/python3.12/site-packages/airflow/example_dags/example_short_circuit_decorator.py
[2026-08-13T13:40:30.678+0000] {logging_mixin.py:188} INFO - [2026-08-13T13:40:30.677+0000] {dag.py:3089} INFO - Sync 1 DAGs
[2026-08-13T13:40:30.737+0000] {logging_mixin.py:188} INFO - [2026-08-13T13:40:30.736+0000] {dag.py:3947} INFO - Setting next_dagrun for example_short_circuit_decorator to 2026-08-12 00:00:00+00:00, run_after=2026-08-13 00:00:00+00:00
[2026-08-13T13:40:30.783+0000] {processor.py:183} INFO - Processing /home/airflow/.local/lib/python3.12/site-packages/airflow/example_dags/example_short_circuit_decorator.py took 0.319 seconds
[2026-08-13T13:41:05.238+0000] {processor.py:161} INFO - Started process (PID=2286) to work on /home/airflow/.local/lib/python3.12/site-packages/airflow/example_dags/example_short_circuit_decorator.py
[2026-08-13T13:41:05.241+0000] {processor.py:830} INFO - Processing file /home/airflow/.local/lib/python3.12/site-packages/airflow/example_dags/example_short_circuit_decorator.py for tasks to queue
[2026-08-13T13:41:05.248+0000] {logging_mixin.py:188} INFO - [2026-08-13T13:41:05.247+0000] {dagbag.py:545} INFO - Filling up the DagBag from /home/airflow/.local/lib/python3.12/site-packages/airflow/example_dags/example_short_circuit_decorator.py
[2026-08-13T13:41:05.277+0000] {processor.py:840} INFO - DAG(s) 'example_short_circuit_decorator' retrieved from /home/airflow/.local/lib/python3.12/site-packages/airflow/example_dags/example_short_circuit_decorator.py
[2026-08-13T13:41:05.335+0000] {logging_mixin.py:188} INFO - [2026-08-13T13:41:05.334+0000] {dag.py:3089} INFO - Sync 1 DAGs
[2026-08-13T13:41:05.395+0000] {logging_mixin.py:188} INFO - [2026-08-13T13:41:05.395+0000] {dag.py:3947} INFO - Setting next_dagrun for example_short_circuit_decorator to 2026-08-12 00:00:00+00:00, run_after=2026-08-13 00:00:00+00:00
[2026-08-13T13:41:05.459+0000] {processor.py:183} INFO - Processing /home/airflow/.local/lib/python3.12/site-packages/airflow/example_dags/example_short_circuit_decorator.py took 0.239 seconds
[2026-08-13T13:41:39.022+0000] {processor.py:161} INFO - Started process (PID=2359) to work on /home/airflow/.local/lib/python3.12/site-packages/airflow/example_dags/example_short_circuit_decorator.py
[2026-08-13T13:41:39.025+0000] {processor.py:830} INFO - Processing file /home/airflow/.local/lib/python3.12/site-packages/airflow/example_dags/example_short_circuit_decorator.py for tasks to queue
[2026-08-13T13:41:39.032+0000] {logging_mixin.py:188} INFO - [2026-08-13T13:41:39.031+0000] {dagbag.py:545} INFO - Filling up the DagBag from /home/airflow/.local/lib/python3.12/site-packages/airflow/example_dags/example_short_circuit_decorator.py
[2026-08-13T13:41:39.057+0000] {processor.py:840} INFO - DAG(s) 'example_short_circuit_decorator' retrieved from /home/airflow/.local/lib/python3.12/site-packages/airflow/example_dags/example_short_circuit_decorator.py
[2026-08-13T13:41:39.118+0000] {logging_mixin.py:188} INFO - [2026-08-13T13:41:39.118+0000] {dag.py:3089} INFO - Sync 1 DAGs
[2026-08-13T13:41:39.632+0000] {logging_mixin.py:188} INFO - [2026-08-13T13:41:39.632+0000] {dag.py:3947} INFO - Setting next_dagrun for example_short_circuit_decorator to 2026-08-12 00:00:00+00:00, run_after=2026-08-13 00:00:00+00:00
[2026-08-13T13:41:39.712+0000] {processor.py:183} INFO - Processing /home/airflow/.local/lib/python3.12/site-packages/airflow/example_dags/example_short_circuit_decorator.py took 0.704 seconds
[2026-08-13T13:42:11.182+0000] {processor.py:161} INFO - Started process (PID=2432) to work on /home/airflow/.local/lib/python3.12/site-packages/airflow/example_dags/example_short_circuit_decorator.py
[2026-08-13T13:42:11.186+0000] {processor.py:830} INFO - Processing file /home/airflow/.local/lib/python3.12/site-packages/airflow/example_dags/example_short_circuit_decorator.py for tasks to queue
[2026-08-13T13:42:11.194+0000] {logging_mixin.py:188} INFO - [2026-08-13T13:42:11.193+0000] {dagbag.py:545} INFO - Filling up the DagBag from /home/airflow/.local/lib/python3.12/site-packages/airflow/example_dags/example_short_circuit_decorator.py
[2026-08-13T13:42:11.227+0000] {processor.py:840} INFO - DAG(s) 'example_short_circuit_decorator' retrieved from /home/airflow/.local/lib/python3.12/site-packages/airflow/example_dags/example_short_circuit_decorator.py
[2026-08-13T13:42:11.306+0000] {logging_mixin.py:188} INFO - [2026-08-13T13:42:11.306+0000] {dag.py:3089} INFO - Sync 1 DAGs
[2026-08-13T13:42:11.374+0000] {logging_mixin.py:188} INFO - [2026-08-13T13:42:11.373+0000] {dag.py:3947} INFO - Setting next_dagrun for example_short_circuit_decorator to 2026-08-12 00:00:00+00:00, run_after=2026-08-13 00:00:00+00:00
[2026-08-13T13:42:11.962+0000] {processor.py:183} INFO - Processing /home/airflow/.local/lib/python3.12/site-packages/airflow/example_dags/example_short_circuit_decorator.py took 0.794 seconds
[2026-08-13T13:42:42.557+0000] {processor.py:161} INFO - Started process (PID=2498) to work on /home/airflow/.local/lib/python3.12/site-packages/airflow/example_dags/example_short_circuit_decorator.py
[2026-08-13T13:42:42.560+0000] {processor.py:830} INFO - Processing file /home/airflow/.local/lib/python3.12/site-packages/airflow/example_dags/example_short_circuit_decorator.py for tasks to queue
[2026-08-13T13:42:42.567+0000] {logging_mixin.py:188} INFO - [2026-08-13T13:42:42.566+0000] {dagbag.py:545} INFO - Filling up the DagBag from /home/airflow/.local/lib/python3.12/site-packages/airflow/example_dags/example_short_circuit_decorator.py
[2026-08-13T13:42:42.591+0000] {processor.py:840} INFO - DAG(s) 'example_short_circuit_decorator' retrieved from /home/airflow/.local/lib/python3.12/site-packages/airflow/example_dags/example_short_circuit_decorator.py
[2026-08-13T13:42:42.653+0000] {logging_mixin.py:188} INFO - [2026-08-13T13:42:42.652+0000] {dag.py:3089} INFO - Sync 1 DAGs
[2026-08-13T13:42:42.716+0000] {logging_mixin.py:188} INFO - [2026-08-13T13:42:42.716+0000] {dag.py:3947} INFO - Setting next_dagrun for example_short_circuit_decorator to 2026-08-12 00:00:00+00:00, run_after=2026-08-13 00:00:00+00:00
[2026-08-13T13:42:42.778+0000] {processor.py:183} INFO - Processing /home/airflow/.local/lib/python3.12/site-packages/airflow/example_dags/example_short_circuit_decorator.py took 0.233 seconds
[2026-08-13T13:43:12.988+0000] {processor.py:161} INFO - Started process (PID=2570) to work on /home/airflow/.local/lib/python3.12/site-packages/airflow/example_dags/example_short_circuit_decorator.py
[2026-08-13T13:43:12.992+0000] {processor.py:830} INFO - Processing file /home/airflow/.local/lib/python3.12/site-packages/airflow/example_dags/example_short_circuit_decorator.py for tasks to queue
[2026-08-13T13:43:12.999+0000] {logging_mixin.py:188} INFO - [2026-08-13T13:43:12.998+0000] {dagbag.py:545} INFO - Filling up the DagBag from /home/airflow/.local/lib/python3.12/site-packages/airflow/example_dags/example_short_circuit_decorator.py
[2026-08-13T13:43:13.023+0000] {processor.py:840} INFO - DAG(s) 'example_short_circuit_decorator' retrieved from /home/airflow/.local/lib/python3.12/site-packages/airflow/example_dags/example_short_circuit_decorator.py
[2026-08-13T13:43:13.085+0000] {logging_mixin.py:188} INFO - [2026-08-13T13:43:13.084+0000] {dag.py:3089} INFO - Sync 1 DAGs
[2026-08-13T13:43:13.145+0000] {logging_mixin.py:188} INFO - [2026-08-13T13:43:13.144+0000] {dag.py:3947} INFO - Setting next_dagrun for example_short_circuit_decorator to 2026-08-12 00:00:00+00:00, run_after=2026-08-13 00:00:00+00:00
[2026-08-13T13:43:13.220+0000] {processor.py:183} INFO - Processing /home/airflow/.local/lib/python3.12/site-packages/airflow/example_dags/example_short_circuit_decorator.py took 0.252 seconds
[2026-08-13T13:43:43.494+0000] {processor.py:161} INFO - Started process (PID=2641) to work on /home/airflow/.local/lib/python3.12/site-packages/airflow/example_dags/example_short_circuit_decorator.py
[2026-08-13T13:43:43.498+0000] {processor.py:830} INFO - Processing file /home/airflow/.local/lib/python3.12/site-packages/airflow/example_dags/example_short_circuit_decorator.py for tasks to queue
[2026-08-13T13:43:43.506+0000] {logging_mixin.py:188} INFO - [2026-08-13T13:43:43.503+0000] {dagbag.py:545} INFO - Filling up the DagBag from /home/airflow/.local/lib/python3.12/site-packages/airflow/example_dags/example_short_circuit_decorator.py
[2026-08-13T13:43:43.548+0000] {processor.py:840} INFO - DAG(s) 'example_short_circuit_decorator' retrieved from /home/airflow/.local/lib/python3.12/site-packages/airflow/example_dags/example_short_circuit_decorator.py
[2026-08-13T13:43:43.635+0000] {logging_mixin.py:188} INFO - [2026-08-13T13:43:43.630+0000] {dag.py:3089} INFO - Sync 1 DAGs
[2026-08-13T13:43:43.725+0000] {logging_mixin.py:188} INFO - [2026-08-13T13:43:43.725+0000] {dag.py:3947} INFO - Setting next_dagrun for example_short_circuit_decorator to 2026-08-12 00:00:00+00:00, run_after=2026-08-13 00:00:00+00:00
[2026-08-13T13:43:43.809+0000] {processor.py:183} INFO - Processing /home/airflow/.local/lib/python3.12/site-packages/airflow/example_dags/example_short_circuit_decorator.py took 0.361 seconds
[2026-08-13T13:44:14.340+0000] {processor.py:161} INFO - Started process (PID=2714) to work on /home/airflow/.local/lib/python3.12/site-packages/airflow/example_dags/example_short_circuit_decorator.py
[2026-08-13T13:44:14.344+0000] {processor.py:830} INFO - Processing file /home/airflow/.local/lib/python3.12/site-packages/airflow/example_dags/example_short_circuit_decorator.py for tasks to queue
[2026-08-13T13:44:14.352+0000] {logging_mixin.py:188} INFO - [2026-08-13T13:44:14.350+0000] {dagbag.py:545} INFO - Filling up the DagBag from /home/airflow/.local/lib/python3.12/site-packages/airflow/example_dags/example_short_circuit_decorator.py
[2026-08-13T13:44:14.376+0000] {processor.py:840} INFO - DAG(s) 'example_short_circuit_decorator' retrieved from /home/airflow/.local/lib/python3.12/site-packages/airflow/example_dags/example_short_circuit_decorator.py
[2026-08-13T13:44:14.441+0000] {logging_mixin.py:188} INFO - [2026-08-13T13:44:14.440+0000] {dag.py:3089} INFO - Sync 1 DAGs
[2026-08-13T13:44:14.504+0000] {logging_mixin.py:188} INFO - [2026-08-13T13:44:14.504+0000] {dag.py:3947} INFO - Setting next_dagrun for example_short_circuit_decorator to 2026-08-12 00:00:00+00:00, run_after=2026-08-13 00:00:00+00:00
[2026-08-13T13:44:14.557+0000] {processor.py:183} INFO - Processing /home/airflow/.local/lib/python3.12/site-packages/airflow/example_dags/example_short_circuit_decorator.py took 0.235 seconds
[2026-08-13T13:44:45.429+0000] {processor.py:161} INFO - Started process (PID=2785) to work on /home/airflow/.local/lib/python3.12/site-packages/airflow/example_dags/example_short_circuit_decorator.py
[2026-08-13T13:44:45.432+0000] {processor.py:830} INFO - Processing file /home/airflow/.local/lib/python3.12/site-packages/airflow/example_dags/example_short_circuit_decorator.py for tasks to queue
[2026-08-13T13:44:45.437+0000] {logging_mixin.py:188} INFO - [2026-08-13T13:44:45.436+0000] {dagbag.py:545} INFO - Filling up the DagBag from /home/airflow/.local/lib/python3.12/site-packages/airflow/example_dags/example_short_circuit_decorator.py
[2026-08-13T13:44:45.455+0000] {processor.py:840} INFO - DAG(s) 'example_short_circuit_decorator' retrieved from /home/airflow/.local/lib/python3.12/site-packages/airflow/example_dags/example_short_circuit_decorator.py
[2026-08-13T13:44:45.505+0000] {logging_mixin.py:188} INFO - [2026-08-13T13:44:45.504+0000] {dag.py:3089} INFO - Sync 1 DAGs
[2026-08-13T13:44:45.560+0000] {logging_mixin.py:188} INFO - [2026-08-13T13:44:45.559+0000] {dag.py:3947} INFO - Setting next_dagrun for example_short_circuit_decorator to 2026-08-12 00:00:00+00:00, run_after=2026-08-13 00:00:00+00:00
[2026-08-13T13:44:45.603+0000] {processor.py:183} INFO - Processing /home/airflow/.local/lib/python3.12/site-packages/airflow/example_dags/example_short_circuit_decorator.py took 0.185 seconds
[2026-08-13T13:45:15.849+0000] {processor.py:161} INFO - Started process (PID=2855) to work on /home/airflow/.local/lib/python3.12/site-packages/airflow/example_dags/example_short_circuit_decorator.py
[2026-08-13T13:45:15.851+0000] {processor.py:830} INFO - Processing file /home/airflow/.local/lib/python3.12/site-packages/airflow/example_dags/example_short_circuit_decorator.py for tasks to queue
[2026-08-13T13:45:15.856+0000] {logging_mixin.py:188} INFO - [2026-08-13T13:45:15.855+0000] {dagbag.py:545} INFO - Filling up the DagBag from /home/airflow/.local/lib/python3.12/site-packages/airflow/example_dags/example_short_circuit_decorator.py
[2026-08-13T13:45:15.871+0000] {processor.py:840} INFO - DAG(s) 'example_short_circuit_decorator' retrieved from /home/airflow/.local/lib/python3.12/site-packages/airflow/example_dags/example_short_circuit_decorator.py
[2026-08-13T13:45:15.914+0000] {logging_mixin.py:188} INFO - [2026-08-13T13:45:15.914+0000] {dag.py:3089} INFO - Sync 1 DAGs
[2026-08-13T13:45:15.973+0000] {logging_mixin.py:188} INFO - [2026-08-13T13:45:15.973+0000] {dag.py:3947} INFO - Setting next_dagrun for example_short_circuit_decorator to 2026-08-12 00:00:00+00:00, run_after=2026-08-13 00:00:00+00:00
[2026-08-13T13:45:16.030+0000] {processor.py:183} INFO - Processing /home/airflow/.local/lib/python3.12/site-packages/airflow/example_dags/example_short_circuit_decorator.py took 0.191 seconds
[2026-08-13T13:45:46.929+0000] {processor.py:161} INFO - Started process (PID=2928) to work on /home/airflow/.local/lib/python3.12/site-packages/airflow/example_dags/example_short_circuit_decorator.py
[2026-08-13T13:45:46.932+0000] {processor.py:830} INFO - Processing file /home/airflow/.local/lib/python3.12/site-packages/airflow/example_dags/example_short_circuit_decorator.py for tasks to queue
[2026-08-13T13:45:46.939+0000] {logging_mixin.py:188} INFO - [2026-08-13T13:45:46.938+0000] {dagbag.py:545} INFO - Filling up the DagBag from /home/airflow/.local/lib/python3.12/site-packages/airflow/example_dags/example_short_circuit_decorator.py
[2026-08-13T13:45:46.962+0000] {processor.py:840} INFO - DAG(s) 'example_short_circuit_decorator' retrieved from /home/airflow/.local/lib/python3.12/site-packages/airflow/example_dags/example_short_circuit_decorator.py
[2026-08-13T13:45:47.005+0000] {logging_mixin.py:188} INFO - [2026-08-13T13:45:47.005+0000] {dag.py:3089} INFO - Sync 1 DAGs
[2026-08-13T13:45:47.059+0000] {logging_mixin.py:188} INFO - [2026-08-13T13:45:47.059+0000] {dag.py:3947} INFO - Setting next_dagrun for example_short_circuit_decorator to 2026-08-12 00:00:00+00:00, run_after=2026-08-13 00:00:00+00:00
[2026-08-13T13:45:47.107+0000] {processor.py:183} INFO - Processing /home/airflow/.local/lib/python3.12/site-packages/airflow/example_dags/example_short_circuit_decorator.py took 0.187 seconds
[2026-08-13T13:46:17.707+0000] {processor.py:161} INFO - Started process (PID=3001) to work on /home/airflow/.local/lib/python3.12/site-packages/airflow/example_dags/example_short_circuit_decorator.py
[2026-08-13T13:46:17.710+0000] {processor.py:830} INFO - Processing file /home/airflow/.local/lib/python3.12/site-packages/airflow/example_dags/example_short_circuit_decorator.py for tasks to queue
[2026-08-13T13:46:17.715+0000] {logging_mixin.py:188} INFO - [2026-08-13T13:46:17.715+0000] {dagbag.py:545} INFO - Filling up the DagBag from /home/airflow/.local/lib/python3.12/site-packages/airflow/example_dags/example_short_circuit_decorator.py
[2026-08-13T13:46:17.739+0000] {processor.py:840} INFO - DAG(s) 'example_short_circuit_decorator' retrieved from /home/airflow/.local/lib/python3.12/site-packages/airflow/example_dags/example_short_circuit_decorator.py
[2026-08-13T13:46:17.786+0000] {logging_mixin.py:188} INFO - [2026-08-13T13:46:17.786+0000] {dag.py:3089} INFO - Sync 1 DAGs
[2026-08-13T13:46:17.835+0000] {logging_mixin.py:188} INFO - [2026-08-13T13:46:17.834+0000] {dag.py:3947} INFO - Setting next_dagrun for example_short_circuit_decorator to 2026-08-12 00:00:00+00:00, run_after=2026-08-13 00:00:00+00:00
[2026-08-13T13:46:17.882+0000] {processor.py:183} INFO - Processing /home/airflow/.local/lib/python3.12/site-packages/airflow/example_dags/example_short_circuit_decorator.py took 0.190 seconds
[2026-08-13T13:46:48.587+0000] {processor.py:161} INFO - Started process (PID=3066) to work on /home/airflow/.local/lib/python3.12/site-packages/airflow/example_dags/example_short_circuit_decorator.py
[2026-08-13T13:46:48.592+0000] {processor.py:830} INFO - Processing file /home/airflow/.local/lib/python3.12/site-packages/airflow/example_dags/example_short_circuit_decorator.py for tasks to queue
[2026-08-13T13:46:48.599+0000] {logging_mixin.py:188} INFO - [2026-08-13T13:46:48.598+0000] {dagbag.py:545} INFO - Filling up the DagBag from /home/airflow/.local/lib/python3.12/site-packages/airflow/example_dags/example_short_circuit_decorator.py
[2026-08-13T13:46:48.633+0000] {processor.py:840} INFO - DAG(s) 'example_short_circuit_decorator' retrieved from /home/airflow/.local/lib/python3.12/site-packages/airflow/example_dags/example_short_circuit_decorator.py
[2026-08-13T13:46:48.726+0000] {logging_mixin.py:188} INFO - [2026-08-13T13:46:48.725+0000] {dag.py:3089} INFO - Sync 1 DAGs
[2026-08-13T13:46:48.819+0000] {logging_mixin.py:188} INFO - [2026-08-13T13:46:48.818+0000] {dag.py:3947} INFO - Setting next_dagrun for example_short_circuit_decorator to 2026-08-12 00:00:00+00:00, run_after=2026-08-13 00:00:00+00:00
[2026-08-13T13:46:48.891+0000] {processor.py:183} INFO - Processing /home/airflow/.local/lib/python3.12/site-packages/airflow/example_dags/example_short_circuit_decorator.py took 0.320 seconds
[2026-08-13T13:47:19.199+0000] {processor.py:161} INFO - Started process (PID=3138) to work on /home/airflow/.local/lib/python3.12/site-packages/airflow/example_dags/example_short_circuit_decorator.py
[2026-08-13T13:47:19.203+0000] {processor.py:830} INFO - Processing file /home/airflow/.local/lib/python3.12/site-packages/airflow/example_dags/example_short_circuit_decorator.py for tasks to queue
[2026-08-13T13:47:19.209+0000] {logging_mixin.py:188} INFO - [2026-08-13T13:47:19.208+0000] {dagbag.py:545} INFO - Filling up the DagBag from /home/airflow/.local/lib/python3.12/site-packages/airflow/example_dags/example_short_circuit_decorator.py
[2026-08-13T13:47:19.239+0000] {processor.py:840} INFO - DAG(s) 'example_short_circuit_decorator' retrieved from /home/airflow/.local/lib/python3.12/site-packages/airflow/example_dags/example_short_circuit_decorator.py
[2026-08-13T13:47:19.305+0000] {logging_mixin.py:188} INFO - [2026-08-13T13:47:19.305+0000] {dag.py:3089} INFO - Sync 1 DAGs
[2026-08-13T13:47:19.349+0000] {logging_mixin.py:188} INFO - [2026-08-13T13:47:19.348+0000] {dag.py:3947} INFO - Setting next_dagrun for example_short_circuit_decorator to 2026-08-12 00:00:00+00:00, run_after=2026-08-13 00:00:00+00:00
[2026-08-13T13:47:19.426+0000] {processor.py:183} INFO - Processing /home/airflow/.local/lib/python3.12/site-packages/airflow/example_dags/example_short_circuit_decorator.py took 0.242 seconds
[2026-08-13T13:47:50.376+0000] {processor.py:161} INFO - Started process (PID=3211) to work on /home/airflow/.local/lib/python3.12/site-packages/airflow/example_dags/example_short_circuit_decorator.py
[2026-08-13T13:47:50.379+0000] {processor.py:830} INFO - Processing file /home/airflow/.local/lib/python3.12/site-packages/airflow/example_dags/example_short_circuit_decorator.py for tasks to queue
[2026-08-13T13:47:50.387+0000] {logging_mixin.py:188} INFO - [2026-08-13T13:47:50.386+0000] {dagbag.py:545} INFO - Filling up the DagBag from /home/airflow/.local/lib/python3.12/site-packages/airflow/example_dags/example_short_circuit_decorator.py
[2026-08-13T13:47:50.433+0000] {processor.py:840} INFO - DAG(s) 'example_short_circuit_decorator' retrieved from /home/airflow/.local/lib/python3.12/site-packages/airflow/example_dags/example_short_circuit_decorator.py
[2026-08-13T13:47:50.502+0000] {logging_mixin.py:188} INFO - [2026-08-13T13:47:50.501+0000] {dag.py:3089} INFO - Sync 1 DAGs
[2026-08-13T13:47:50.596+0000] {logging_mixin.py:188} INFO - [2026-08-13T13:47:50.595+0000] {dag.py:3947} INFO - Setting next_dagrun for example_short_circuit_decorator to 2026-08-12 00:00:00+00:00, run_after=2026-08-13 00:00:00+00:00
[2026-08-13T13:47:50.692+0000] {processor.py:183} INFO - Processing /home/airflow/.local/lib/python3.12/site-packages/airflow/example_dags/example_short_circuit_decorator.py took 0.333 seconds
[2026-08-13T13:48:21.237+0000] {processor.py:161} INFO - Started process (PID=3284) to work on /home/airflow/.local/lib/python3.12/site-packages/airflow/example_dags/example_short_circuit_decorator.py
[2026-08-13T13:48:21.240+0000] {processor.py:830} INFO - Processing file /home/airflow/.local/lib/python3.12/site-packages/airflow/example_dags/example_short_circuit_decorator.py for tasks to queue
[2026-08-13T13:48:21.248+0000] {logging_mixin.py:188} INFO - [2026-08-13T13:48:21.247+0000] {dagbag.py:545} INFO - Filling up the DagBag from /home/airflow/.local/lib/python3.12/site-packages/airflow/example_dags/example_short_circuit_decorator.py
[2026-08-13T13:48:21.271+0000] {processor.py:840} INFO - DAG(s) 'example_short_circuit_decorator' retrieved from /home/airflow/.local/lib/python3.12/site-packages/airflow/example_dags/example_short_circuit_decorator.py
[2026-08-13T13:48:21.323+0000] {logging_mixin.py:188} INFO - [2026-08-13T13:48:21.322+0000] {dag.py:3089} INFO - Sync 1 DAGs
[2026-08-13T13:48:21.364+0000] {logging_mixin.py:188} INFO - [2026-08-13T13:48:21.364+0000] {dag.py:3947} INFO - Setting next_dagrun for example_short_circuit_decorator to 2026-08-12 00:00:00+00:00, run_after=2026-08-13 00:00:00+00:00
[2026-08-13T13:48:21.412+0000] {processor.py:183} INFO - Processing /home/airflow/.local/lib/python3.12/site-packages/airflow/example_dags/example_short_circuit_decorator.py took 0.190 seconds
[2026-08-13T13:48:51.675+0000] {processor.py:161} INFO - Started process (PID=3357) to work on /home/airflow/.local/lib/python3.12/site-packages/airflow/example_dags/example_short_circuit_decorator.py
[2026-08-13T13:48:51.681+0000] {processor.py:830} INFO - Processing file /home/airflow/.local/lib/python3.12/site-packages/airflow/example_dags/example_short_circuit_decorator.py for tasks to queue
[2026-08-13T13:48:51.691+0000] {logging_mixin.py:188} INFO - [2026-08-13T13:48:51.690+0000] {dagbag.py:545} INFO - Filling up the DagBag from /home/airflow/.local/lib/python3.12/site-packages/airflow/example_dags/example_short_circuit_decorator.py
[2026-08-13T13:48:51.731+0000] {processor.py:840} INFO - DAG(s) 'example_short_circuit_decorator' retrieved from /home/airflow/.local/lib/python3.12/site-packages/airflow/example_dags/example_short_circuit_decorator.py
[2026-08-13T13:48:51.836+0000] {logging_mixin.py:188} INFO - [2026-08-13T13:48:51.832+0000] {dag.py:3089} INFO - Sync 1 DAGs
[2026-08-13T13:48:51.906+0000] {logging_mixin.py:188} INFO - [2026-08-13T13:48:51.905+0000] {dag.py:3947} INFO - Setting next_dagrun for example_short_circuit_decorator to 2026-08-12 00:00:00+00:00, run_after=2026-08-13 00:00:00+00:00
[2026-08-13T13:48:51.955+0000] {processor.py:183} INFO - Processing /home/airflow/.local/lib/python3.12/site-packages/airflow/example_dags/example_short_circuit_decorator.py took 0.291 seconds
[2026-08-13T13:49:22.342+0000] {processor.py:161} INFO - Started process (PID=3432) to work on /home/airflow/.local/lib/python3.12/site-packages/airflow/example_dags/example_short_circuit_decorator.py
[2026-08-13T13:49:22.346+0000] {processor.py:830} INFO - Processing file /home/airflow/.local/lib/python3.12/site-packages/airflow/example_dags/example_short_circuit_decorator.py for tasks to queue
[2026-08-13T13:49:22.352+0000] {logging_mixin.py:188} INFO - [2026-08-13T13:49:22.351+0000] {dagbag.py:545} INFO - Filling up the DagBag from /home/airflow/.local/lib/python3.12/site-packages/airflow/example_dags/example_short_circuit_decorator.py
[2026-08-13T13:49:22.385+0000] {processor.py:840} INFO - DAG(s) 'example_short_circuit_decorator' retrieved from /home/airflow/.local/lib/python3.12/site-packages/airflow/example_dags/example_short_circuit_decorator.py
[2026-08-13T13:49:22.484+0000] {logging_mixin.py:188} INFO - [2026-08-13T13:49:22.484+0000] {dag.py:3089} INFO - Sync 1 DAGs
[2026-08-13T13:49:22.575+0000] {logging_mixin.py:188} INFO - [2026-08-13T13:49:22.574+0000] {dag.py:3947} INFO - Setting next_dagrun for example_short_circuit_decorator to 2026-08-12 00:00:00+00:00, run_after=2026-08-13 00:00:00+00:00
[2026-08-13T13:49:22.635+0000] {processor.py:183} INFO - Processing /home/airflow/.local/lib/python3.12/site-packages/airflow/example_dags/example_short_circuit_decorator.py took 0.357 seconds
[2026-08-13T13:49:54.498+0000] {processor.py:161} INFO - Started process (PID=3499) to work on /home/airflow/.local/lib/python3.12/site-packages/airflow/example_dags/example_short_circuit_decorator.py
[2026-08-13T13:49:54.515+0000] {processor.py:830} INFO - Processing file /home/airflow/.local/lib/python3.12/site-packages/airflow/example_dags/example_short_circuit_decorator.py for tasks to queue
[2026-08-13T13:49:54.533+0000] {logging_mixin.py:188} INFO - [2026-08-13T13:49:54.532+0000] {dagbag.py:545} INFO - Filling up the DagBag from /home/airflow/.local/lib/python3.12/site-packages/airflow/example_dags/example_short_circuit_decorator.py
[2026-08-13T13:49:54.601+0000] {processor.py:840} INFO - DAG(s) 'example_short_circuit_decorator' retrieved from /home/airflow/.local/lib/python3.12/site-packages/airflow/example_dags/example_short_circuit_decorator.py
[2026-08-13T13:49:54.723+0000] {logging_mixin.py:188} INFO - [2026-08-13T13:49:54.722+0000] {dag.py:3089} INFO - Sync 1 DAGs
[2026-08-13T13:49:54.809+0000] {logging_mixin.py:188} INFO - [2026-08-13T13:49:54.808+0000] {dag.py:3947} INFO - Setting next_dagrun for example_short_circuit_decorator to 2026-08-12 00:00:00+00:00, run_after=2026-08-13 00:00:00+00:00
[2026-08-13T13:49:54.867+0000] {processor.py:183} INFO - Processing /home/airflow/.local/lib/python3.12/site-packages/airflow/example_dags/example_short_circuit_decorator.py took 0.443 seconds
