[2026-08-13T13:24:30.147+0000] {processor.py:161} INFO - Started process (PID=122) to work on /home/airflow/.local/lib/python3.12/site-packages/airflow/example_dags/example_sla_dag.py
[2026-08-13T13:24:30.161+0000] {processor.py:830} INFO - Processing file /home/airflow/.local/lib/python3.12/site-packages/airflow/example_dags/example_sla_dag.py for tasks to queue
[2026-08-13T13:24:30.178+0000] {logging_mixin.py:188} INFO - [2026-08-13T13:24:30.177+0000] {dagbag.py:545} INFO - Filling up the DagBag from /home/airflow/.local/lib/python3.12/site-packages/airflow/example_dags/example_sla_dag.py
[2026-08-13T13:24:30.231+0000] {processor.py:840} INFO - DAG(s) 'example_sla_dag' retrieved from /home/airflow/.local/lib/python3.12/site-packages/airflow/example_dags/example_sla_dag.py
[2026-08-13T13:24:30.588+0000] {logging_mixin.py:188} INFO - [2026-08-13T13:24:30.587+0000] {dag.py:3089} INFO - Sync 1 DAGs
[2026-08-13T13:24:30.665+0000] {logging_mixin.py:188} INFO - [2026-08-13T13:24:30.664+0000] {dag.py:3947} INFO - Setting next_dagrun for example_sla_dag to 2026-08-13 13:22:00+00:00, run_after=2026-08-13 13:24:00+00:00
[2026-08-13T13:24:30.720+0000] {processor.py:183} INFO - Processing /home/airflow/.local/lib/python3.12/site-packages/airflow/example_dags/example_sla_dag.py took 0.649 seconds
[2026-08-13T13:25:01.851+0000] {processor.py:161} INFO - Started process (PID=194) to work on /home/airflow/.local/lib/python3.12/site-packages/airflow/example_dags/example_sla_dag.py
[2026-08-13T13:25:01.856+0000] {processor.py:830} INFO - Processing file /home/airflow/.local/lib/python3.12/site-packages/airflow/example_dags/example_sla_dag.py for tasks to queue
[2026-08-13T13:25:01.871+0000] {logging_mixin.py:188} INFO - [2026-08-13T13:25:01.870+0000] {dagbag.py:545} INFO - Filling up the DagBag from /home/airflow/.local/lib/python3.12/site-packages/airflow/example_dags/example_sla_dag.py
[2026-08-13T13:25:01.977+0000] {processor.py:840} INFO - DAG(s) 'example_sla_dag' retrieved from /home/airflow/.local/lib/python3.12/site-packages/airflow/example_dags/example_sla_dag.py
[2026-08-13T13:25:02.098+0000] {logging_mixin.py:188} INFO - [2026-08-13T13:25:02.097+0000] {dag.py:3089} INFO - Sync 1 DAGs
[2026-08-13T13:25:02.365+0000] {logging_mixin.py:188} INFO - [2026-08-13T13:25:02.364+0000] {dag.py:3947} INFO - Setting next_dagrun for example_sla_dag to 2026-08-13 13:22:00+00:00, run_after=2026-08-13 13:24:00+00:00
[2026-08-13T13:25:02.599+0000] {processor.py:183} INFO - Processing /home/airflow/.local/lib/python3.12/site-packages/airflow/example_dags/example_sla_dag.py took 0.860 seconds
[2026-08-13T13:25:55.058+0000] {processor.py:161} INFO - Started process (PID=267) to work on /home/airflow/.local/lib/python3.12/site-packages/airflow/example_dags/example_sla_dag.py
[2026-08-13T13:25:55.061+0000] {processor.py:830} INFO - Processing file /home/airflow/.local/lib/python3.12/site-packages/airflow/example_dags/example_sla_dag.py for tasks to queue
[2026-08-13T13:25:55.067+0000] {logging_mixin.py:188} INFO - [2026-08-13T13:25:55.066+0000] {dagbag.py:545} INFO - Filling up the DagBag from /home/airflow/.local/lib/python3.12/site-packages/airflow/example_dags/example_sla_dag.py
[2026-08-13T13:25:55.093+0000] {processor.py:840} INFO - DAG(s) 'example_sla_dag' retrieved from /home/airflow/.local/lib/python3.12/site-packages/airflow/example_dags/example_sla_dag.py
[2026-08-13T13:25:55.140+0000] {logging_mixin.py:188} INFO - [2026-08-13T13:25:55.140+0000] {dag.py:3089} INFO - Sync 1 DAGs
[2026-08-13T13:25:55.197+0000] {logging_mixin.py:188} INFO - [2026-08-13T13:25:55.197+0000] {dag.py:3947} INFO - Setting next_dagrun for example_sla_dag to 2026-08-13 13:22:00+00:00, run_after=2026-08-13 13:24:00+00:00
[2026-08-13T13:25:55.239+0000] {processor.py:183} INFO - Processing /home/airflow/.local/lib/python3.12/site-packages/airflow/example_dags/example_sla_dag.py took 0.203 seconds
[2026-08-13T13:26:27.784+0000] {processor.py:161} INFO - Started process (PID=340) to work on /home/airflow/.local/lib/python3.12/site-packages/airflow/example_dags/example_sla_dag.py
[2026-08-13T13:26:27.788+0000] {processor.py:830} INFO - Processing file /home/airflow/.local/lib/python3.12/site-packages/airflow/example_dags/example_sla_dag.py for tasks to queue
[2026-08-13T13:26:27.795+0000] {logging_mixin.py:188} INFO - [2026-08-13T13:26:27.794+0000] {dagbag.py:545} INFO - Filling up the DagBag from /home/airflow/.local/lib/python3.12/site-packages/airflow/example_dags/example_sla_dag.py
[2026-08-13T13:26:27.824+0000] {processor.py:840} INFO - DAG(s) 'example_sla_dag' retrieved from /home/airflow/.local/lib/python3.12/site-packages/airflow/example_dags/example_sla_dag.py
[2026-08-13T13:26:27.894+0000] {logging_mixin.py:188} INFO - [2026-08-13T13:26:27.893+0000] {dag.py:3089} INFO - Sync 1 DAGs
[2026-08-13T13:26:28.026+0000] {logging_mixin.py:188} INFO - [2026-08-13T13:26:28.026+0000] {dag.py:3947} INFO - Setting next_dagrun for example_sla_dag to 2026-08-13 13:24:00+00:00, run_after=2026-08-13 13:26:00+00:00
[2026-08-13T13:26:28.148+0000] {processor.py:183} INFO - Processing /home/airflow/.local/lib/python3.12/site-packages/airflow/example_dags/example_sla_dag.py took 0.388 seconds
[2026-08-13T13:26:58.880+0000] {processor.py:161} INFO - Started process (PID=407) to work on /home/airflow/.local/lib/python3.12/site-packages/airflow/example_dags/example_sla_dag.py
[2026-08-13T13:26:58.884+0000] {processor.py:830} INFO - Processing file /home/airflow/.local/lib/python3.12/site-packages/airflow/example_dags/example_sla_dag.py for tasks to queue
[2026-08-13T13:26:58.891+0000] {logging_mixin.py:188} INFO - [2026-08-13T13:26:58.890+0000] {dagbag.py:545} INFO - Filling up the DagBag from /home/airflow/.local/lib/python3.12/site-packages/airflow/example_dags/example_sla_dag.py
[2026-08-13T13:26:58.929+0000] {processor.py:840} INFO - DAG(s) 'example_sla_dag' retrieved from /home/airflow/.local/lib/python3.12/site-packages/airflow/example_dags/example_sla_dag.py
[2026-08-13T13:26:59.103+0000] {logging_mixin.py:188} INFO - [2026-08-13T13:26:59.102+0000] {dag.py:3089} INFO - Sync 1 DAGs
[2026-08-13T13:26:59.215+0000] {logging_mixin.py:188} INFO - [2026-08-13T13:26:59.214+0000] {dag.py:3947} INFO - Setting next_dagrun for example_sla_dag to 2026-08-13 13:24:00+00:00, run_after=2026-08-13 13:26:00+00:00
[2026-08-13T13:26:59.436+0000] {processor.py:183} INFO - Processing /home/airflow/.local/lib/python3.12/site-packages/airflow/example_dags/example_sla_dag.py took 0.577 seconds
[2026-08-13T13:27:30.165+0000] {processor.py:161} INFO - Started process (PID=480) to work on /home/airflow/.local/lib/python3.12/site-packages/airflow/example_dags/example_sla_dag.py
[2026-08-13T13:27:30.169+0000] {processor.py:830} INFO - Processing file /home/airflow/.local/lib/python3.12/site-packages/airflow/example_dags/example_sla_dag.py for tasks to queue
[2026-08-13T13:27:30.173+0000] {logging_mixin.py:188} INFO - [2026-08-13T13:27:30.173+0000] {dagbag.py:545} INFO - Filling up the DagBag from /home/airflow/.local/lib/python3.12/site-packages/airflow/example_dags/example_sla_dag.py
[2026-08-13T13:27:30.190+0000] {processor.py:840} INFO - DAG(s) 'example_sla_dag' retrieved from /home/airflow/.local/lib/python3.12/site-packages/airflow/example_dags/example_sla_dag.py
[2026-08-13T13:27:30.232+0000] {logging_mixin.py:188} INFO - [2026-08-13T13:27:30.232+0000] {dag.py:3089} INFO - Sync 1 DAGs
[2026-08-13T13:27:30.284+0000] {logging_mixin.py:188} INFO - [2026-08-13T13:27:30.283+0000] {dag.py:3947} INFO - Setting next_dagrun for example_sla_dag to 2026-08-13 13:24:00+00:00, run_after=2026-08-13 13:26:00+00:00
[2026-08-13T13:27:30.328+0000] {processor.py:183} INFO - Processing /home/airflow/.local/lib/python3.12/site-packages/airflow/example_dags/example_sla_dag.py took 0.175 seconds
[2026-08-13T13:28:00.645+0000] {processor.py:161} INFO - Started process (PID=551) to work on /home/airflow/.local/lib/python3.12/site-packages/airflow/example_dags/example_sla_dag.py
[2026-08-13T13:28:00.648+0000] {processor.py:830} INFO - Processing file /home/airflow/.local/lib/python3.12/site-packages/airflow/example_dags/example_sla_dag.py for tasks to queue
[2026-08-13T13:28:00.654+0000] {logging_mixin.py:188} INFO - [2026-08-13T13:28:00.653+0000] {dagbag.py:545} INFO - Filling up the DagBag from /home/airflow/.local/lib/python3.12/site-packages/airflow/example_dags/example_sla_dag.py
[2026-08-13T13:28:00.678+0000] {processor.py:840} INFO - DAG(s) 'example_sla_dag' retrieved from /home/airflow/.local/lib/python3.12/site-packages/airflow/example_dags/example_sla_dag.py
[2026-08-13T13:28:00.738+0000] {logging_mixin.py:188} INFO - [2026-08-13T13:28:00.738+0000] {dag.py:3089} INFO - Sync 1 DAGs
[2026-08-13T13:28:00.804+0000] {logging_mixin.py:188} INFO - [2026-08-13T13:28:00.803+0000] {dag.py:3947} INFO - Setting next_dagrun for example_sla_dag to 2026-08-13 13:26:00+00:00, run_after=2026-08-13 13:28:00+00:00
[2026-08-13T13:28:00.860+0000] {processor.py:183} INFO - Processing /home/airflow/.local/lib/python3.12/site-packages/airflow/example_dags/example_sla_dag.py took 0.228 seconds
[2026-08-13T13:28:31.586+0000] {processor.py:161} INFO - Started process (PID=623) to work on /home/airflow/.local/lib/python3.12/site-packages/airflow/example_dags/example_sla_dag.py
[2026-08-13T13:28:31.591+0000] {processor.py:830} INFO - Processing file /home/airflow/.local/lib/python3.12/site-packages/airflow/example_dags/example_sla_dag.py for tasks to queue
[2026-08-13T13:28:31.599+0000] {logging_mixin.py:188} INFO - [2026-08-13T13:28:31.598+0000] {dagbag.py:545} INFO - Filling up the DagBag from /home/airflow/.local/lib/python3.12/site-packages/airflow/example_dags/example_sla_dag.py
[2026-08-13T13:28:31.627+0000] {processor.py:840} INFO - DAG(s) 'example_sla_dag' retrieved from /home/airflow/.local/lib/python3.12/site-packages/airflow/example_dags/example_sla_dag.py
[2026-08-13T13:28:31.681+0000] {logging_mixin.py:188} INFO - [2026-08-13T13:28:31.680+0000] {dag.py:3089} INFO - Sync 1 DAGs
[2026-08-13T13:28:31.751+0000] {logging_mixin.py:188} INFO - [2026-08-13T13:28:31.751+0000] {dag.py:3947} INFO - Setting next_dagrun for example_sla_dag to 2026-08-13 13:26:00+00:00, run_after=2026-08-13 13:28:00+00:00
[2026-08-13T13:28:31.801+0000] {processor.py:183} INFO - Processing /home/airflow/.local/lib/python3.12/site-packages/airflow/example_dags/example_sla_dag.py took 0.228 seconds
[2026-08-13T13:29:02.210+0000] {processor.py:161} INFO - Started process (PID=688) to work on /home/airflow/.local/lib/python3.12/site-packages/airflow/example_dags/example_sla_dag.py
[2026-08-13T13:29:02.213+0000] {processor.py:830} INFO - Processing file /home/airflow/.local/lib/python3.12/site-packages/airflow/example_dags/example_sla_dag.py for tasks to queue
[2026-08-13T13:29:02.225+0000] {logging_mixin.py:188} INFO - [2026-08-13T13:29:02.224+0000] {dagbag.py:545} INFO - Filling up the DagBag from /home/airflow/.local/lib/python3.12/site-packages/airflow/example_dags/example_sla_dag.py
[2026-08-13T13:29:02.294+0000] {processor.py:840} INFO - DAG(s) 'example_sla_dag' retrieved from /home/airflow/.local/lib/python3.12/site-packages/airflow/example_dags/example_sla_dag.py
[2026-08-13T13:29:02.396+0000] {logging_mixin.py:188} INFO - [2026-08-13T13:29:02.395+0000] {dag.py:3089} INFO - Sync 1 DAGs
[2026-08-13T13:29:02.521+0000] {logging_mixin.py:188} INFO - [2026-08-13T13:29:02.520+0000] {dag.py:3947} INFO - Setting next_dagrun for example_sla_dag to 2026-08-13 13:26:00+00:00, run_after=2026-08-13 13:28:00+00:00
[2026-08-13T13:29:02.585+0000] {processor.py:183} INFO - Processing /home/airflow/.local/lib/python3.12/site-packages/airflow/example_dags/example_sla_dag.py took 0.399 seconds
[2026-08-13T13:29:35.769+0000] {processor.py:161} INFO - Started process (PID=763) to work on /home/airflow/.local/lib/python3.12/site-packages/airflow/example_dags/example_sla_dag.py
[2026-08-13T13:29:35.774+0000] {processor.py:830} INFO - Processing file /home/airflow/.local/lib/python3.12/site-packages/airflow/example_dags/example_sla_dag.py for tasks to queue
[2026-08-13T13:29:35.782+0000] {logging_mixin.py:188} INFO - [2026-08-13T13:29:35.781+0000] {dagbag.py:545} INFO - Filling up the DagBag from /home/airflow/.local/lib/python3.12/site-packages/airflow/example_dags/example_sla_dag.py
[2026-08-13T13:29:35.810+0000] {processor.py:840} INFO - DAG(s) 'example_sla_dag' retrieved from /home/airflow/.local/lib/python3.12/site-packages/airflow/example_dags/example_sla_dag.py
[2026-08-13T13:29:35.876+0000] {logging_mixin.py:188} INFO - [2026-08-13T13:29:35.875+0000] {dag.py:3089} INFO - Sync 1 DAGs
[2026-08-13T13:29:35.956+0000] {logging_mixin.py:188} INFO - [2026-08-13T13:29:35.955+0000] {dag.py:3947} INFO - Setting next_dagrun for example_sla_dag to 2026-08-13 13:26:00+00:00, run_after=2026-08-13 13:28:00+00:00
[2026-08-13T13:29:36.010+0000] {processor.py:183} INFO - Processing /home/airflow/.local/lib/python3.12/site-packages/airflow/example_dags/example_sla_dag.py took 0.259 seconds
[2026-08-13T13:30:11.105+0000] {processor.py:161} INFO - Started process (PID=837) to work on /home/airflow/.local/lib/python3.12/site-packages/airflow/example_dags/example_sla_dag.py
[2026-08-13T13:30:11.109+0000] {processor.py:830} INFO - Processing file /home/airflow/.local/lib/python3.12/site-packages/airflow/example_dags/example_sla_dag.py for tasks to queue
[2026-08-13T13:30:11.119+0000] {logging_mixin.py:188} INFO - [2026-08-13T13:30:11.118+0000] {dagbag.py:545} INFO - Filling up the DagBag from /home/airflow/.local/lib/python3.12/site-packages/airflow/example_dags/example_sla_dag.py
[2026-08-13T13:30:11.152+0000] {processor.py:840} INFO - DAG(s) 'example_sla_dag' retrieved from /home/airflow/.local/lib/python3.12/site-packages/airflow/example_dags/example_sla_dag.py
[2026-08-13T13:30:11.218+0000] {logging_mixin.py:188} INFO - [2026-08-13T13:30:11.217+0000] {dag.py:3089} INFO - Sync 1 DAGs
[2026-08-13T13:30:11.293+0000] {logging_mixin.py:188} INFO - [2026-08-13T13:30:11.293+0000] {dag.py:3947} INFO - Setting next_dagrun for example_sla_dag to 2026-08-13 13:28:00+00:00, run_after=2026-08-13 13:30:00+00:00
[2026-08-13T13:30:11.345+0000] {processor.py:183} INFO - Processing /home/airflow/.local/lib/python3.12/site-packages/airflow/example_dags/example_sla_dag.py took 0.259 seconds
[2026-08-13T13:30:43.178+0000] {processor.py:161} INFO - Started process (PID=910) to work on /home/airflow/.local/lib/python3.12/site-packages/airflow/example_dags/example_sla_dag.py
[2026-08-13T13:30:43.181+0000] {processor.py:830} INFO - Processing file /home/airflow/.local/lib/python3.12/site-packages/airflow/example_dags/example_sla_dag.py for tasks to queue
[2026-08-13T13:30:43.188+0000] {logging_mixin.py:188} INFO - [2026-08-13T13:30:43.187+0000] {dagbag.py:545} INFO - Filling up the DagBag from /home/airflow/.local/lib/python3.12/site-packages/airflow/example_dags/example_sla_dag.py
[2026-08-13T13:30:43.211+0000] {processor.py:840} INFO - DAG(s) 'example_sla_dag' retrieved from /home/airflow/.local/lib/python3.12/site-packages/airflow/example_dags/example_sla_dag.py
[2026-08-13T13:30:43.260+0000] {logging_mixin.py:188} INFO - [2026-08-13T13:30:43.259+0000] {dag.py:3089} INFO - Sync 1 DAGs
[2026-08-13T13:30:43.328+0000] {logging_mixin.py:188} INFO - [2026-08-13T13:30:43.327+0000] {dag.py:3947} INFO - Setting next_dagrun for example_sla_dag to 2026-08-13 13:28:00+00:00, run_after=2026-08-13 13:30:00+00:00
[2026-08-13T13:30:43.375+0000] {processor.py:183} INFO - Processing /home/airflow/.local/lib/python3.12/site-packages/airflow/example_dags/example_sla_dag.py took 0.209 seconds
[2026-08-13T13:31:14.697+0000] {processor.py:161} INFO - Started process (PID=983) to work on /home/airflow/.local/lib/python3.12/site-packages/airflow/example_dags/example_sla_dag.py
[2026-08-13T13:31:14.708+0000] {processor.py:830} INFO - Processing file /home/airflow/.local/lib/python3.12/site-packages/airflow/example_dags/example_sla_dag.py for tasks to queue
[2026-08-13T13:31:14.719+0000] {logging_mixin.py:188} INFO - [2026-08-13T13:31:14.717+0000] {dagbag.py:545} INFO - Filling up the DagBag from /home/airflow/.local/lib/python3.12/site-packages/airflow/example_dags/example_sla_dag.py
[2026-08-13T13:31:14.750+0000] {processor.py:840} INFO - DAG(s) 'example_sla_dag' retrieved from /home/airflow/.local/lib/python3.12/site-packages/airflow/example_dags/example_sla_dag.py
[2026-08-13T13:31:14.828+0000] {logging_mixin.py:188} INFO - [2026-08-13T13:31:14.828+0000] {dag.py:3089} INFO - Sync 1 DAGs
[2026-08-13T13:31:14.888+0000] {logging_mixin.py:188} INFO - [2026-08-13T13:31:14.888+0000] {dag.py:3947} INFO - Setting next_dagrun for example_sla_dag to 2026-08-13 13:28:00+00:00, run_after=2026-08-13 13:30:00+00:00
[2026-08-13T13:31:15.000+0000] {processor.py:183} INFO - Processing /home/airflow/.local/lib/python3.12/site-packages/airflow/example_dags/example_sla_dag.py took 0.325 seconds
[2026-08-13T13:31:46.513+0000] {processor.py:161} INFO - Started process (PID=1057) to work on /home/airflow/.local/lib/python3.12/site-packages/airflow/example_dags/example_sla_dag.py
[2026-08-13T13:31:46.517+0000] {processor.py:830} INFO - Processing file /home/airflow/.local/lib/python3.12/site-packages/airflow/example_dags/example_sla_dag.py for tasks to queue
[2026-08-13T13:31:46.529+0000] {logging_mixin.py:188} INFO - [2026-08-13T13:31:46.528+0000] {dagbag.py:545} INFO - Filling up the DagBag from /home/airflow/.local/lib/python3.12/site-packages/airflow/example_dags/example_sla_dag.py
[2026-08-13T13:31:46.557+0000] {processor.py:840} INFO - DAG(s) 'example_sla_dag' retrieved from /home/airflow/.local/lib/python3.12/site-packages/airflow/example_dags/example_sla_dag.py
[2026-08-13T13:31:46.630+0000] {logging_mixin.py:188} INFO - [2026-08-13T13:31:46.629+0000] {dag.py:3089} INFO - Sync 1 DAGs
[2026-08-13T13:31:46.700+0000] {logging_mixin.py:188} INFO - [2026-08-13T13:31:46.699+0000] {dag.py:3947} INFO - Setting next_dagrun for example_sla_dag to 2026-08-13 13:28:00+00:00, run_after=2026-08-13 13:30:00+00:00
[2026-08-13T13:31:46.778+0000] {processor.py:183} INFO - Processing /home/airflow/.local/lib/python3.12/site-packages/airflow/example_dags/example_sla_dag.py took 0.284 seconds
[2026-08-13T13:32:18.090+0000] {processor.py:161} INFO - Started process (PID=1123) to work on /home/airflow/.local/lib/python3.12/site-packages/airflow/example_dags/example_sla_dag.py
[2026-08-13T13:32:18.094+0000] {processor.py:830} INFO - Processing file /home/airflow/.local/lib/python3.12/site-packages/airflow/example_dags/example_sla_dag.py for tasks to queue
[2026-08-13T13:32:18.101+0000] {logging_mixin.py:188} INFO - [2026-08-13T13:32:18.099+0000] {dagbag.py:545} INFO - Filling up the DagBag from /home/airflow/.local/lib/python3.12/site-packages/airflow/example_dags/example_sla_dag.py
[2026-08-13T13:32:18.122+0000] {processor.py:840} INFO - DAG(s) 'example_sla_dag' retrieved from /home/airflow/.local/lib/python3.12/site-packages/airflow/example_dags/example_sla_dag.py
[2026-08-13T13:32:18.182+0000] {logging_mixin.py:188} INFO - [2026-08-13T13:32:18.182+0000] {dag.py:3089} INFO - Sync 1 DAGs
[2026-08-13T13:32:18.246+0000] {logging_mixin.py:188} INFO - [2026-08-13T13:32:18.245+0000] {dag.py:3947} INFO - Setting next_dagrun for example_sla_dag to 2026-08-13 13:30:00+00:00, run_after=2026-08-13 13:32:00+00:00
[2026-08-13T13:32:18.290+0000] {processor.py:183} INFO - Processing /home/airflow/.local/lib/python3.12/site-packages/airflow/example_dags/example_sla_dag.py took 0.216 seconds
[2026-08-13T13:32:52.747+0000] {processor.py:161} INFO - Started process (PID=1196) to work on /home/airflow/.local/lib/python3.12/site-packages/airflow/example_dags/example_sla_dag.py
[2026-08-13T13:32:52.750+0000] {processor.py:830} INFO - Processing file /home/airflow/.local/lib/python3.12/site-packages/airflow/example_dags/example_sla_dag.py for tasks to queue
[2026-08-13T13:32:52.755+0000] {logging_mixin.py:188} INFO - [2026-08-13T13:32:52.755+0000] {dagbag.py:545} INFO - Filling up the DagBag from /home/airflow/.local/lib/python3.12/site-packages/airflow/example_dags/example_sla_dag.py
[2026-08-13T13:32:52.773+0000] {processor.py:840} INFO - DAG(s) 'example_sla_dag' retrieved from /home/airflow/.local/lib/python3.12/site-packages/airflow/example_dags/example_sla_dag.py
[2026-08-13T13:32:52.824+0000] {logging_mixin.py:188} INFO - [2026-08-13T13:32:52.824+0000] {dag.py:3089} INFO - Sync 1 DAGs
[2026-08-13T13:32:52.878+0000] {logging_mixin.py:188} INFO - [2026-08-13T13:32:52.877+0000] {dag.py:3947} INFO - Setting next_dagrun for example_sla_dag to 2026-08-13 13:30:00+00:00, run_after=2026-08-13 13:32:00+00:00
[2026-08-13T13:32:52.915+0000] {processor.py:183} INFO - Processing /home/airflow/.local/lib/python3.12/site-packages/airflow/example_dags/example_sla_dag.py took 0.181 seconds
[2026-08-13T13:33:23.993+0000] {processor.py:161} INFO - Started process (PID=1269) to work on /home/airflow/.local/lib/python3.12/site-packages/airflow/example_dags/example_sla_dag.py
[2026-08-13T13:33:23.996+0000] {processor.py:830} INFO - Processing file /home/airflow/.local/lib/python3.12/site-packages/airflow/example_dags/example_sla_dag.py for tasks to queue
[2026-08-13T13:33:24.001+0000] {logging_mixin.py:188} INFO - [2026-08-13T13:33:24.000+0000] {dagbag.py:545} INFO - Filling up the DagBag from /home/airflow/.local/lib/python3.12/site-packages/airflow/example_dags/example_sla_dag.py
[2026-08-13T13:33:24.021+0000] {processor.py:840} INFO - DAG(s) 'example_sla_dag' retrieved from /home/airflow/.local/lib/python3.12/site-packages/airflow/example_dags/example_sla_dag.py
[2026-08-13T13:33:24.061+0000] {logging_mixin.py:188} INFO - [2026-08-13T13:33:24.060+0000] {dag.py:3089} INFO - Sync 1 DAGs
[2026-08-13T13:33:24.103+0000] {logging_mixin.py:188} INFO - [2026-08-13T13:33:24.103+0000] {dag.py:3947} INFO - Setting next_dagrun for example_sla_dag to 2026-08-13 13:30:00+00:00, run_after=2026-08-13 13:32:00+00:00
[2026-08-13T13:33:24.142+0000] {processor.py:183} INFO - Processing /home/airflow/.local/lib/python3.12/site-packages/airflow/example_dags/example_sla_dag.py took 0.164 seconds
[2026-08-13T13:34:01.171+0000] {processor.py:161} INFO - Started process (PID=1351) to work on /home/airflow/.local/lib/python3.12/site-packages/airflow/example_dags/example_sla_dag.py
[2026-08-13T13:34:01.174+0000] {processor.py:830} INFO - Processing file /home/airflow/.local/lib/python3.12/site-packages/airflow/example_dags/example_sla_dag.py for tasks to queue
[2026-08-13T13:34:01.182+0000] {logging_mixin.py:188} INFO - [2026-08-13T13:34:01.181+0000] {dagbag.py:545} INFO - Filling up the DagBag from /home/airflow/.local/lib/python3.12/site-packages/airflow/example_dags/example_sla_dag.py
[2026-08-13T13:34:01.208+0000] {processor.py:840} INFO - DAG(s) 'example_sla_dag' retrieved from /home/airflow/.local/lib/python3.12/site-packages/airflow/example_dags/example_sla_dag.py
[2026-08-13T13:34:01.266+0000] {logging_mixin.py:188} INFO - [2026-08-13T13:34:01.265+0000] {dag.py:3089} INFO - Sync 1 DAGs
[2026-08-13T13:34:01.336+0000] {logging_mixin.py:188} INFO - [2026-08-13T13:34:01.335+0000] {dag.py:3947} INFO - Setting next_dagrun for example_sla_dag to 2026-08-13 13:32:00+00:00, run_after=2026-08-13 13:34:00+00:00
[2026-08-13T13:34:01.416+0000] {processor.py:183} INFO - Processing /home/airflow/.local/lib/python3.12/site-packages/airflow/example_dags/example_sla_dag.py took 0.262 seconds
[2026-08-13T13:34:31.905+0000] {processor.py:161} INFO - Started process (PID=1417) to work on /home/airflow/.local/lib/python3.12/site-packages/airflow/example_dags/example_sla_dag.py
[2026-08-13T13:34:31.908+0000] {processor.py:830} INFO - Processing file /home/airflow/.local/lib/python3.12/site-packages/airflow/example_dags/example_sla_dag.py for tasks to queue
[2026-08-13T13:34:31.915+0000] {logging_mixin.py:188} INFO - [2026-08-13T13:34:31.914+0000] {dagbag.py:545} INFO - Filling up the DagBag from /home/airflow/.local/lib/python3.12/site-packages/airflow/example_dags/example_sla_dag.py
[2026-08-13T13:34:31.934+0000] {processor.py:840} INFO - DAG(s) 'example_sla_dag' retrieved from /home/airflow/.local/lib/python3.12/site-packages/airflow/example_dags/example_sla_dag.py
[2026-08-13T13:34:32.027+0000] {logging_mixin.py:188} INFO - [2026-08-13T13:34:32.026+0000] {dag.py:3089} INFO - Sync 1 DAGs
[2026-08-13T13:34:32.086+0000] {logging_mixin.py:188} INFO - [2026-08-13T13:34:32.085+0000] {dag.py:3947} INFO - Setting next_dagrun for example_sla_dag to 2026-08-13 13:32:00+00:00, run_after=2026-08-13 13:34:00+00:00
[2026-08-13T13:34:32.132+0000] {processor.py:183} INFO - Processing /home/airflow/.local/lib/python3.12/site-packages/airflow/example_dags/example_sla_dag.py took 0.241 seconds
[2026-08-13T13:35:03.339+0000] {processor.py:161} INFO - Started process (PID=1491) to work on /home/airflow/.local/lib/python3.12/site-packages/airflow/example_dags/example_sla_dag.py
[2026-08-13T13:35:03.342+0000] {processor.py:830} INFO - Processing file /home/airflow/.local/lib/python3.12/site-packages/airflow/example_dags/example_sla_dag.py for tasks to queue
[2026-08-13T13:35:03.347+0000] {logging_mixin.py:188} INFO - [2026-08-13T13:35:03.347+0000] {dagbag.py:545} INFO - Filling up the DagBag from /home/airflow/.local/lib/python3.12/site-packages/airflow/example_dags/example_sla_dag.py
[2026-08-13T13:35:03.363+0000] {processor.py:840} INFO - DAG(s) 'example_sla_dag' retrieved from /home/airflow/.local/lib/python3.12/site-packages/airflow/example_dags/example_sla_dag.py
[2026-08-13T13:35:03.411+0000] {logging_mixin.py:188} INFO - [2026-08-13T13:35:03.410+0000] {dag.py:3089} INFO - Sync 1 DAGs
[2026-08-13T13:35:03.476+0000] {logging_mixin.py:188} INFO - [2026-08-13T13:35:03.475+0000] {dag.py:3947} INFO - Setting next_dagrun for example_sla_dag to 2026-08-13 13:32:00+00:00, run_after=2026-08-13 13:34:00+00:00
[2026-08-13T13:35:03.522+0000] {processor.py:183} INFO - Processing /home/airflow/.local/lib/python3.12/site-packages/airflow/example_dags/example_sla_dag.py took 0.196 seconds
[2026-08-13T13:35:35.877+0000] {processor.py:161} INFO - Started process (PID=1564) to work on /home/airflow/.local/lib/python3.12/site-packages/airflow/example_dags/example_sla_dag.py
[2026-08-13T13:35:35.880+0000] {processor.py:830} INFO - Processing file /home/airflow/.local/lib/python3.12/site-packages/airflow/example_dags/example_sla_dag.py for tasks to queue
[2026-08-13T13:35:35.885+0000] {logging_mixin.py:188} INFO - [2026-08-13T13:35:35.885+0000] {dagbag.py:545} INFO - Filling up the DagBag from /home/airflow/.local/lib/python3.12/site-packages/airflow/example_dags/example_sla_dag.py
[2026-08-13T13:35:35.908+0000] {processor.py:840} INFO - DAG(s) 'example_sla_dag' retrieved from /home/airflow/.local/lib/python3.12/site-packages/airflow/example_dags/example_sla_dag.py
[2026-08-13T13:35:35.967+0000] {logging_mixin.py:188} INFO - [2026-08-13T13:35:35.966+0000] {dag.py:3089} INFO - Sync 1 DAGs
[2026-08-13T13:35:36.033+0000] {logging_mixin.py:188} INFO - [2026-08-13T13:35:36.032+0000] {dag.py:3947} INFO - Setting next_dagrun for example_sla_dag to 2026-08-13 13:32:00+00:00, run_after=2026-08-13 13:34:00+00:00
[2026-08-13T13:35:36.082+0000] {processor.py:183} INFO - Processing /home/airflow/.local/lib/python3.12/site-packages/airflow/example_dags/example_sla_dag.py took 0.227 seconds
[2026-08-13T13:36:08.806+0000] {processor.py:161} INFO - Started process (PID=1637) to work on /home/airflow/.local/lib/python3.12/site-packages/airflow/example_dags/example_sla_dag.py
[2026-08-13T13:36:08.815+0000] {processor.py:830} INFO - Processing file /home/airflow/.local/lib/python3.12/site-packages/airflow/example_dags/example_sla_dag.py for tasks to queue
[2026-08-13T13:36:08.825+0000] {logging_mixin.py:188} INFO - [2026-08-13T13:36:08.824+0000] {dagbag.py:545} INFO - Filling up the DagBag from /home/airflow/.local/lib/python3.12/site-packages/airflow/example_dags/example_sla_dag.py
[2026-08-13T13:36:08.859+0000] {processor.py:840} INFO - DAG(s) 'example_sla_dag' retrieved from /home/airflow/.local/lib/python3.12/site-packages/airflow/example_dags/example_sla_dag.py
[2026-08-13T13:36:08.920+0000] {logging_mixin.py:188} INFO - [2026-08-13T13:36:08.920+0000] {dag.py:3089} INFO - Sync 1 DAGs
[2026-08-13T13:36:09.004+0000] {logging_mixin.py:188} INFO - [2026-08-13T13:36:09.004+0000] {dag.py:3947} INFO - Setting next_dagrun for example_sla_dag to 2026-08-13 13:34:00+00:00, run_after=2026-08-13 13:36:00+00:00
[2026-08-13T13:36:09.058+0000] {processor.py:183} INFO - Processing /home/airflow/.local/lib/python3.12/site-packages/airflow/example_dags/example_sla_dag.py took 0.280 seconds
[2026-08-13T13:36:41.972+0000] {processor.py:161} INFO - Started process (PID=1710) to work on /home/airflow/.local/lib/python3.12/site-packages/airflow/example_dags/example_sla_dag.py
[2026-08-13T13:36:41.975+0000] {processor.py:830} INFO - Processing file /home/airflow/.local/lib/python3.12/site-packages/airflow/example_dags/example_sla_dag.py for tasks to queue
[2026-08-13T13:36:41.980+0000] {logging_mixin.py:188} INFO - [2026-08-13T13:36:41.979+0000] {dagbag.py:545} INFO - Filling up the DagBag from /home/airflow/.local/lib/python3.12/site-packages/airflow/example_dags/example_sla_dag.py
[2026-08-13T13:36:42.000+0000] {processor.py:840} INFO - DAG(s) 'example_sla_dag' retrieved from /home/airflow/.local/lib/python3.12/site-packages/airflow/example_dags/example_sla_dag.py
[2026-08-13T13:36:42.044+0000] {logging_mixin.py:188} INFO - [2026-08-13T13:36:42.043+0000] {dag.py:3089} INFO - Sync 1 DAGs
[2026-08-13T13:36:42.098+0000] {logging_mixin.py:188} INFO - [2026-08-13T13:36:42.098+0000] {dag.py:3947} INFO - Setting next_dagrun for example_sla_dag to 2026-08-13 13:34:00+00:00, run_after=2026-08-13 13:36:00+00:00
[2026-08-13T13:36:42.140+0000] {processor.py:183} INFO - Processing /home/airflow/.local/lib/python3.12/site-packages/airflow/example_dags/example_sla_dag.py took 0.181 seconds
[2026-08-13T13:37:13.482+0000] {processor.py:161} INFO - Started process (PID=1783) to work on /home/airflow/.local/lib/python3.12/site-packages/airflow/example_dags/example_sla_dag.py
[2026-08-13T13:37:13.491+0000] {processor.py:830} INFO - Processing file /home/airflow/.local/lib/python3.12/site-packages/airflow/example_dags/example_sla_dag.py for tasks to queue
[2026-08-13T13:37:13.510+0000] {logging_mixin.py:188} INFO - [2026-08-13T13:37:13.508+0000] {dagbag.py:545} INFO - Filling up the DagBag from /home/airflow/.local/lib/python3.12/site-packages/airflow/example_dags/example_sla_dag.py
[2026-08-13T13:37:13.552+0000] {processor.py:840} INFO - DAG(s) 'example_sla_dag' retrieved from /home/airflow/.local/lib/python3.12/site-packages/airflow/example_dags/example_sla_dag.py
[2026-08-13T13:37:13.622+0000] {logging_mixin.py:188} INFO - [2026-08-13T13:37:13.622+0000] {dag.py:3089} INFO - Sync 1 DAGs
[2026-08-13T13:37:13.691+0000] {logging_mixin.py:188} INFO - [2026-08-13T13:37:13.690+0000] {dag.py:3947} INFO - Setting next_dagrun for example_sla_dag to 2026-08-13 13:34:00+00:00, run_after=2026-08-13 13:36:00+00:00
[2026-08-13T13:37:13.739+0000] {processor.py:183} INFO - Processing /home/airflow/.local/lib/python3.12/site-packages/airflow/example_dags/example_sla_dag.py took 0.279 seconds
[2026-08-13T13:37:46.396+0000] {processor.py:161} INFO - Started process (PID=1857) to work on /home/airflow/.local/lib/python3.12/site-packages/airflow/example_dags/example_sla_dag.py
[2026-08-13T13:37:46.402+0000] {processor.py:830} INFO - Processing file /home/airflow/.local/lib/python3.12/site-packages/airflow/example_dags/example_sla_dag.py for tasks to queue
[2026-08-13T13:37:46.410+0000] {logging_mixin.py:188} INFO - [2026-08-13T13:37:46.409+0000] {dagbag.py:545} INFO - Filling up the DagBag from /home/airflow/.local/lib/python3.12/site-packages/airflow/example_dags/example_sla_dag.py
[2026-08-13T13:37:46.440+0000] {processor.py:840} INFO - DAG(s) 'example_sla_dag' retrieved from /home/airflow/.local/lib/python3.12/site-packages/airflow/example_dags/example_sla_dag.py
[2026-08-13T13:37:46.499+0000] {logging_mixin.py:188} INFO - [2026-08-13T13:37:46.499+0000] {dag.py:3089} INFO - Sync 1 DAGs
[2026-08-13T13:37:46.567+0000] {logging_mixin.py:188} INFO - [2026-08-13T13:37:46.567+0000] {dag.py:3947} INFO - Setting next_dagrun for example_sla_dag to 2026-08-13 13:34:00+00:00, run_after=2026-08-13 13:36:00+00:00
[2026-08-13T13:37:46.619+0000] {processor.py:183} INFO - Processing /home/airflow/.local/lib/python3.12/site-packages/airflow/example_dags/example_sla_dag.py took 0.242 seconds
[2026-08-13T13:38:19.495+0000] {processor.py:161} INFO - Started process (PID=1931) to work on /home/airflow/.local/lib/python3.12/site-packages/airflow/example_dags/example_sla_dag.py
[2026-08-13T13:38:19.500+0000] {processor.py:830} INFO - Processing file /home/airflow/.local/lib/python3.12/site-packages/airflow/example_dags/example_sla_dag.py for tasks to queue
[2026-08-13T13:38:19.511+0000] {logging_mixin.py:188} INFO - [2026-08-13T13:38:19.510+0000] {dagbag.py:545} INFO - Filling up the DagBag from /home/airflow/.local/lib/python3.12/site-packages/airflow/example_dags/example_sla_dag.py
[2026-08-13T13:38:19.548+0000] {processor.py:840} INFO - DAG(s) 'example_sla_dag' retrieved from /home/airflow/.local/lib/python3.12/site-packages/airflow/example_dags/example_sla_dag.py
[2026-08-13T13:38:19.620+0000] {logging_mixin.py:188} INFO - [2026-08-13T13:38:19.620+0000] {dag.py:3089} INFO - Sync 1 DAGs
[2026-08-13T13:38:19.695+0000] {logging_mixin.py:188} INFO - [2026-08-13T13:38:19.694+0000] {dag.py:3947} INFO - Setting next_dagrun for example_sla_dag to 2026-08-13 13:36:00+00:00, run_after=2026-08-13 13:38:00+00:00
[2026-08-13T13:38:19.779+0000] {processor.py:183} INFO - Processing /home/airflow/.local/lib/python3.12/site-packages/airflow/example_dags/example_sla_dag.py took 0.307 seconds
[2026-08-13T13:38:53.229+0000] {processor.py:161} INFO - Started process (PID=2005) to work on /home/airflow/.local/lib/python3.12/site-packages/airflow/example_dags/example_sla_dag.py
[2026-08-13T13:38:53.232+0000] {processor.py:830} INFO - Processing file /home/airflow/.local/lib/python3.12/site-packages/airflow/example_dags/example_sla_dag.py for tasks to queue
[2026-08-13T13:38:53.237+0000] {logging_mixin.py:188} INFO - [2026-08-13T13:38:53.236+0000] {dagbag.py:545} INFO - Filling up the DagBag from /home/airflow/.local/lib/python3.12/site-packages/airflow/example_dags/example_sla_dag.py
[2026-08-13T13:38:53.253+0000] {processor.py:840} INFO - DAG(s) 'example_sla_dag' retrieved from /home/airflow/.local/lib/python3.12/site-packages/airflow/example_dags/example_sla_dag.py
[2026-08-13T13:38:53.301+0000] {logging_mixin.py:188} INFO - [2026-08-13T13:38:53.300+0000] {dag.py:3089} INFO - Sync 1 DAGs
[2026-08-13T13:38:53.354+0000] {logging_mixin.py:188} INFO - [2026-08-13T13:38:53.353+0000] {dag.py:3947} INFO - Setting next_dagrun for example_sla_dag to 2026-08-13 13:36:00+00:00, run_after=2026-08-13 13:38:00+00:00
[2026-08-13T13:38:53.397+0000] {processor.py:183} INFO - Processing /home/airflow/.local/lib/python3.12/site-packages/airflow/example_dags/example_sla_dag.py took 0.181 seconds
[2026-08-13T13:39:27.009+0000] {processor.py:161} INFO - Started process (PID=2079) to work on /home/airflow/.local/lib/python3.12/site-packages/airflow/example_dags/example_sla_dag.py
[2026-08-13T13:39:27.013+0000] {processor.py:830} INFO - Processing file /home/airflow/.local/lib/python3.12/site-packages/airflow/example_dags/example_sla_dag.py for tasks to queue
[2026-08-13T13:39:27.019+0000] {logging_mixin.py:188} INFO - [2026-08-13T13:39:27.018+0000] {dagbag.py:545} INFO - Filling up the DagBag from /home/airflow/.local/lib/python3.12/site-packages/airflow/example_dags/example_sla_dag.py
[2026-08-13T13:39:27.047+0000] {processor.py:840} INFO - DAG(s) 'example_sla_dag' retrieved from /home/airflow/.local/lib/python3.12/site-packages/airflow/example_dags/example_sla_dag.py
[2026-08-13T13:39:27.117+0000] {logging_mixin.py:188} INFO - [2026-08-13T13:39:27.116+0000] {dag.py:3089} INFO - Sync 1 DAGs
[2026-08-13T13:39:27.182+0000] {logging_mixin.py:188} INFO - [2026-08-13T13:39:27.182+0000] {dag.py:3947} INFO - Setting next_dagrun for example_sla_dag to 2026-08-13 13:36:00+00:00, run_after=2026-08-13 13:38:00+00:00
[2026-08-13T13:39:27.237+0000] {processor.py:183} INFO - Processing /home/airflow/.local/lib/python3.12/site-packages/airflow/example_dags/example_sla_dag.py took 0.246 seconds
[2026-08-13T13:39:59.703+0000] {processor.py:161} INFO - Started process (PID=2152) to work on /home/airflow/.local/lib/python3.12/site-packages/airflow/example_dags/example_sla_dag.py
[2026-08-13T13:39:59.714+0000] {processor.py:830} INFO - Processing file /home/airflow/.local/lib/python3.12/site-packages/airflow/example_dags/example_sla_dag.py for tasks to queue
[2026-08-13T13:39:59.737+0000] {logging_mixin.py:188} INFO - [2026-08-13T13:39:59.733+0000] {dagbag.py:545} INFO - Filling up the DagBag from /home/airflow/.local/lib/python3.12/site-packages/airflow/example_dags/example_sla_dag.py
[2026-08-13T13:39:59.786+0000] {processor.py:840} INFO - DAG(s) 'example_sla_dag' retrieved from /home/airflow/.local/lib/python3.12/site-packages/airflow/example_dags/example_sla_dag.py
[2026-08-13T13:39:59.912+0000] {logging_mixin.py:188} INFO - [2026-08-13T13:39:59.911+0000] {dag.py:3089} INFO - Sync 1 DAGs
[2026-08-13T13:40:00.033+0000] {logging_mixin.py:188} INFO - [2026-08-13T13:40:00.033+0000] {dag.py:3947} INFO - Setting next_dagrun for example_sla_dag to 2026-08-13 13:38:00+00:00, run_after=2026-08-13 13:40:00+00:00
[2026-08-13T13:40:00.792+0000] {processor.py:183} INFO - Processing /home/airflow/.local/lib/python3.12/site-packages/airflow/example_dags/example_sla_dag.py took 1.114 seconds
[2026-08-13T13:40:32.937+0000] {processor.py:161} INFO - Started process (PID=2224) to work on /home/airflow/.local/lib/python3.12/site-packages/airflow/example_dags/example_sla_dag.py
[2026-08-13T13:40:32.942+0000] {processor.py:830} INFO - Processing file /home/airflow/.local/lib/python3.12/site-packages/airflow/example_dags/example_sla_dag.py for tasks to queue
[2026-08-13T13:40:32.949+0000] {logging_mixin.py:188} INFO - [2026-08-13T13:40:32.948+0000] {dagbag.py:545} INFO - Filling up the DagBag from /home/airflow/.local/lib/python3.12/site-packages/airflow/example_dags/example_sla_dag.py
[2026-08-13T13:40:32.985+0000] {processor.py:840} INFO - DAG(s) 'example_sla_dag' retrieved from /home/airflow/.local/lib/python3.12/site-packages/airflow/example_dags/example_sla_dag.py
[2026-08-13T13:40:33.043+0000] {logging_mixin.py:188} INFO - [2026-08-13T13:40:33.042+0000] {dag.py:3089} INFO - Sync 1 DAGs
[2026-08-13T13:40:33.108+0000] {logging_mixin.py:188} INFO - [2026-08-13T13:40:33.108+0000] {dag.py:3947} INFO - Setting next_dagrun for example_sla_dag to 2026-08-13 13:38:00+00:00, run_after=2026-08-13 13:40:00+00:00
[2026-08-13T13:40:33.170+0000] {processor.py:183} INFO - Processing /home/airflow/.local/lib/python3.12/site-packages/airflow/example_dags/example_sla_dag.py took 0.251 seconds
[2026-08-13T13:41:07.300+0000] {processor.py:161} INFO - Started process (PID=2297) to work on /home/airflow/.local/lib/python3.12/site-packages/airflow/example_dags/example_sla_dag.py
[2026-08-13T13:41:07.302+0000] {processor.py:830} INFO - Processing file /home/airflow/.local/lib/python3.12/site-packages/airflow/example_dags/example_sla_dag.py for tasks to queue
[2026-08-13T13:41:07.309+0000] {logging_mixin.py:188} INFO - [2026-08-13T13:41:07.308+0000] {dagbag.py:545} INFO - Filling up the DagBag from /home/airflow/.local/lib/python3.12/site-packages/airflow/example_dags/example_sla_dag.py
[2026-08-13T13:41:07.327+0000] {processor.py:840} INFO - DAG(s) 'example_sla_dag' retrieved from /home/airflow/.local/lib/python3.12/site-packages/airflow/example_dags/example_sla_dag.py
[2026-08-13T13:41:07.374+0000] {logging_mixin.py:188} INFO - [2026-08-13T13:41:07.373+0000] {dag.py:3089} INFO - Sync 1 DAGs
[2026-08-13T13:41:07.421+0000] {logging_mixin.py:188} INFO - [2026-08-13T13:41:07.421+0000] {dag.py:3947} INFO - Setting next_dagrun for example_sla_dag to 2026-08-13 13:38:00+00:00, run_after=2026-08-13 13:40:00+00:00
[2026-08-13T13:41:07.460+0000] {processor.py:183} INFO - Processing /home/airflow/.local/lib/python3.12/site-packages/airflow/example_dags/example_sla_dag.py took 0.175 seconds
[2026-08-13T13:41:44.414+0000] {processor.py:161} INFO - Started process (PID=2371) to work on /home/airflow/.local/lib/python3.12/site-packages/airflow/example_dags/example_sla_dag.py
[2026-08-13T13:41:44.418+0000] {processor.py:830} INFO - Processing file /home/airflow/.local/lib/python3.12/site-packages/airflow/example_dags/example_sla_dag.py for tasks to queue
[2026-08-13T13:41:44.423+0000] {logging_mixin.py:188} INFO - [2026-08-13T13:41:44.423+0000] {dagbag.py:545} INFO - Filling up the DagBag from /home/airflow/.local/lib/python3.12/site-packages/airflow/example_dags/example_sla_dag.py
[2026-08-13T13:41:44.440+0000] {processor.py:840} INFO - DAG(s) 'example_sla_dag' retrieved from /home/airflow/.local/lib/python3.12/site-packages/airflow/example_dags/example_sla_dag.py
[2026-08-13T13:41:44.928+0000] {logging_mixin.py:188} INFO - [2026-08-13T13:41:44.927+0000] {dag.py:3089} INFO - Sync 1 DAGs
[2026-08-13T13:41:44.987+0000] {logging_mixin.py:188} INFO - [2026-08-13T13:41:44.987+0000] {dag.py:3947} INFO - Setting next_dagrun for example_sla_dag to 2026-08-13 13:38:00+00:00, run_after=2026-08-13 13:40:00+00:00
[2026-08-13T13:41:45.033+0000] {processor.py:183} INFO - Processing /home/airflow/.local/lib/python3.12/site-packages/airflow/example_dags/example_sla_dag.py took 0.634 seconds
[2026-08-13T13:42:16.127+0000] {processor.py:161} INFO - Started process (PID=2444) to work on /home/airflow/.local/lib/python3.12/site-packages/airflow/example_dags/example_sla_dag.py
[2026-08-13T13:42:16.135+0000] {processor.py:830} INFO - Processing file /home/airflow/.local/lib/python3.12/site-packages/airflow/example_dags/example_sla_dag.py for tasks to queue
[2026-08-13T13:42:16.145+0000] {logging_mixin.py:188} INFO - [2026-08-13T13:42:16.144+0000] {dagbag.py:545} INFO - Filling up the DagBag from /home/airflow/.local/lib/python3.12/site-packages/airflow/example_dags/example_sla_dag.py
[2026-08-13T13:42:16.173+0000] {processor.py:840} INFO - DAG(s) 'example_sla_dag' retrieved from /home/airflow/.local/lib/python3.12/site-packages/airflow/example_dags/example_sla_dag.py
[2026-08-13T13:42:16.228+0000] {logging_mixin.py:188} INFO - [2026-08-13T13:42:16.228+0000] {dag.py:3089} INFO - Sync 1 DAGs
[2026-08-13T13:42:16.772+0000] {logging_mixin.py:188} INFO - [2026-08-13T13:42:16.771+0000] {dag.py:3947} INFO - Setting next_dagrun for example_sla_dag to 2026-08-13 13:40:00+00:00, run_after=2026-08-13 13:42:00+00:00
[2026-08-13T13:42:16.821+0000] {processor.py:183} INFO - Processing /home/airflow/.local/lib/python3.12/site-packages/airflow/example_dags/example_sla_dag.py took 0.713 seconds
[2026-08-13T13:42:47.688+0000] {processor.py:161} INFO - Started process (PID=2517) to work on /home/airflow/.local/lib/python3.12/site-packages/airflow/example_dags/example_sla_dag.py
[2026-08-13T13:42:47.692+0000] {processor.py:830} INFO - Processing file /home/airflow/.local/lib/python3.12/site-packages/airflow/example_dags/example_sla_dag.py for tasks to queue
[2026-08-13T13:42:47.697+0000] {logging_mixin.py:188} INFO - [2026-08-13T13:42:47.696+0000] {dagbag.py:545} INFO - Filling up the DagBag from /home/airflow/.local/lib/python3.12/site-packages/airflow/example_dags/example_sla_dag.py
[2026-08-13T13:42:47.714+0000] {processor.py:840} INFO - DAG(s) 'example_sla_dag' retrieved from /home/airflow/.local/lib/python3.12/site-packages/airflow/example_dags/example_sla_dag.py
[2026-08-13T13:42:47.767+0000] {logging_mixin.py:188} INFO - [2026-08-13T13:42:47.767+0000] {dag.py:3089} INFO - Sync 1 DAGs
[2026-08-13T13:42:47.831+0000] {logging_mixin.py:188} INFO - [2026-08-13T13:42:47.830+0000] {dag.py:3947} INFO - Setting next_dagrun for example_sla_dag to 2026-08-13 13:40:00+00:00, run_after=2026-08-13 13:42:00+00:00
[2026-08-13T13:42:47.883+0000] {processor.py:183} INFO - Processing /home/airflow/.local/lib/python3.12/site-packages/airflow/example_dags/example_sla_dag.py took 0.204 seconds
[2026-08-13T13:43:18.302+0000] {processor.py:161} INFO - Started process (PID=2589) to work on /home/airflow/.local/lib/python3.12/site-packages/airflow/example_dags/example_sla_dag.py
[2026-08-13T13:43:18.308+0000] {processor.py:830} INFO - Processing file /home/airflow/.local/lib/python3.12/site-packages/airflow/example_dags/example_sla_dag.py for tasks to queue
[2026-08-13T13:43:18.320+0000] {logging_mixin.py:188} INFO - [2026-08-13T13:43:18.319+0000] {dagbag.py:545} INFO - Filling up the DagBag from /home/airflow/.local/lib/python3.12/site-packages/airflow/example_dags/example_sla_dag.py
[2026-08-13T13:43:18.344+0000] {processor.py:840} INFO - DAG(s) 'example_sla_dag' retrieved from /home/airflow/.local/lib/python3.12/site-packages/airflow/example_dags/example_sla_dag.py
[2026-08-13T13:43:18.400+0000] {logging_mixin.py:188} INFO - [2026-08-13T13:43:18.399+0000] {dag.py:3089} INFO - Sync 1 DAGs
[2026-08-13T13:43:18.469+0000] {logging_mixin.py:188} INFO - [2026-08-13T13:43:18.468+0000] {dag.py:3947} INFO - Setting next_dagrun for example_sla_dag to 2026-08-13 13:40:00+00:00, run_after=2026-08-13 13:42:00+00:00
[2026-08-13T13:43:18.522+0000] {processor.py:183} INFO - Processing /home/airflow/.local/lib/python3.12/site-packages/airflow/example_dags/example_sla_dag.py took 0.242 seconds
[2026-08-13T13:43:48.754+0000] {processor.py:161} INFO - Started process (PID=2654) to work on /home/airflow/.local/lib/python3.12/site-packages/airflow/example_dags/example_sla_dag.py
[2026-08-13T13:43:48.757+0000] {processor.py:830} INFO - Processing file /home/airflow/.local/lib/python3.12/site-packages/airflow/example_dags/example_sla_dag.py for tasks to queue
[2026-08-13T13:43:48.766+0000] {logging_mixin.py:188} INFO - [2026-08-13T13:43:48.765+0000] {dagbag.py:545} INFO - Filling up the DagBag from /home/airflow/.local/lib/python3.12/site-packages/airflow/example_dags/example_sla_dag.py
[2026-08-13T13:43:48.792+0000] {processor.py:840} INFO - DAG(s) 'example_sla_dag' retrieved from /home/airflow/.local/lib/python3.12/site-packages/airflow/example_dags/example_sla_dag.py
[2026-08-13T13:43:48.851+0000] {logging_mixin.py:188} INFO - [2026-08-13T13:43:48.850+0000] {dag.py:3089} INFO - Sync 1 DAGs
[2026-08-13T13:43:48.924+0000] {logging_mixin.py:188} INFO - [2026-08-13T13:43:48.924+0000] {dag.py:3947} INFO - Setting next_dagrun for example_sla_dag to 2026-08-13 13:40:00+00:00, run_after=2026-08-13 13:42:00+00:00
[2026-08-13T13:43:48.976+0000] {processor.py:183} INFO - Processing /home/airflow/.local/lib/python3.12/site-packages/airflow/example_dags/example_sla_dag.py took 0.250 seconds
[2026-08-13T13:44:19.361+0000] {processor.py:161} INFO - Started process (PID=2727) to work on /home/airflow/.local/lib/python3.12/site-packages/airflow/example_dags/example_sla_dag.py
[2026-08-13T13:44:19.363+0000] {processor.py:830} INFO - Processing file /home/airflow/.local/lib/python3.12/site-packages/airflow/example_dags/example_sla_dag.py for tasks to queue
[2026-08-13T13:44:19.367+0000] {logging_mixin.py:188} INFO - [2026-08-13T13:44:19.367+0000] {dagbag.py:545} INFO - Filling up the DagBag from /home/airflow/.local/lib/python3.12/site-packages/airflow/example_dags/example_sla_dag.py
[2026-08-13T13:44:19.381+0000] {processor.py:840} INFO - DAG(s) 'example_sla_dag' retrieved from /home/airflow/.local/lib/python3.12/site-packages/airflow/example_dags/example_sla_dag.py
[2026-08-13T13:44:19.419+0000] {logging_mixin.py:188} INFO - [2026-08-13T13:44:19.418+0000] {dag.py:3089} INFO - Sync 1 DAGs
[2026-08-13T13:44:19.462+0000] {logging_mixin.py:188} INFO - [2026-08-13T13:44:19.461+0000] {dag.py:3947} INFO - Setting next_dagrun for example_sla_dag to 2026-08-13 13:42:00+00:00, run_after=2026-08-13 13:44:00+00:00
[2026-08-13T13:44:19.503+0000] {processor.py:183} INFO - Processing /home/airflow/.local/lib/python3.12/site-packages/airflow/example_dags/example_sla_dag.py took 0.151 seconds
[2026-08-13T13:44:50.067+0000] {processor.py:161} INFO - Started process (PID=2799) to work on /home/airflow/.local/lib/python3.12/site-packages/airflow/example_dags/example_sla_dag.py
[2026-08-13T13:44:50.084+0000] {processor.py:830} INFO - Processing file /home/airflow/.local/lib/python3.12/site-packages/airflow/example_dags/example_sla_dag.py for tasks to queue
[2026-08-13T13:44:50.108+0000] {logging_mixin.py:188} INFO - [2026-08-13T13:44:50.106+0000] {dagbag.py:545} INFO - Filling up the DagBag from /home/airflow/.local/lib/python3.12/site-packages/airflow/example_dags/example_sla_dag.py
[2026-08-13T13:44:50.172+0000] {processor.py:840} INFO - DAG(s) 'example_sla_dag' retrieved from /home/airflow/.local/lib/python3.12/site-packages/airflow/example_dags/example_sla_dag.py
[2026-08-13T13:44:50.299+0000] {logging_mixin.py:188} INFO - [2026-08-13T13:44:50.297+0000] {dag.py:3089} INFO - Sync 1 DAGs
[2026-08-13T13:44:50.387+0000] {logging_mixin.py:188} INFO - [2026-08-13T13:44:50.387+0000] {dag.py:3947} INFO - Setting next_dagrun for example_sla_dag to 2026-08-13 13:42:00+00:00, run_after=2026-08-13 13:44:00+00:00
[2026-08-13T13:44:50.460+0000] {processor.py:183} INFO - Processing /home/airflow/.local/lib/python3.12/site-packages/airflow/example_dags/example_sla_dag.py took 0.460 seconds
[2026-08-13T13:45:20.709+0000] {processor.py:161} INFO - Started process (PID=2870) to work on /home/airflow/.local/lib/python3.12/site-packages/airflow/example_dags/example_sla_dag.py
[2026-08-13T13:45:20.712+0000] {processor.py:830} INFO - Processing file /home/airflow/.local/lib/python3.12/site-packages/airflow/example_dags/example_sla_dag.py for tasks to queue
[2026-08-13T13:45:20.721+0000] {logging_mixin.py:188} INFO - [2026-08-13T13:45:20.720+0000] {dagbag.py:545} INFO - Filling up the DagBag from /home/airflow/.local/lib/python3.12/site-packages/airflow/example_dags/example_sla_dag.py
[2026-08-13T13:45:20.744+0000] {processor.py:840} INFO - DAG(s) 'example_sla_dag' retrieved from /home/airflow/.local/lib/python3.12/site-packages/airflow/example_dags/example_sla_dag.py
[2026-08-13T13:45:20.789+0000] {logging_mixin.py:188} INFO - [2026-08-13T13:45:20.789+0000] {dag.py:3089} INFO - Sync 1 DAGs
[2026-08-13T13:45:20.847+0000] {logging_mixin.py:188} INFO - [2026-08-13T13:45:20.846+0000] {dag.py:3947} INFO - Setting next_dagrun for example_sla_dag to 2026-08-13 13:42:00+00:00, run_after=2026-08-13 13:44:00+00:00
[2026-08-13T13:45:20.886+0000] {processor.py:183} INFO - Processing /home/airflow/.local/lib/python3.12/site-packages/airflow/example_dags/example_sla_dag.py took 0.219 seconds
[2026-08-13T13:45:53.015+0000] {processor.py:161} INFO - Started process (PID=2944) to work on /home/airflow/.local/lib/python3.12/site-packages/airflow/example_dags/example_sla_dag.py
[2026-08-13T13:45:53.019+0000] {processor.py:830} INFO - Processing file /home/airflow/.local/lib/python3.12/site-packages/airflow/example_dags/example_sla_dag.py for tasks to queue
[2026-08-13T13:45:53.024+0000] {logging_mixin.py:188} INFO - [2026-08-13T13:45:53.023+0000] {dagbag.py:545} INFO - Filling up the DagBag from /home/airflow/.local/lib/python3.12/site-packages/airflow/example_dags/example_sla_dag.py
[2026-08-13T13:45:53.045+0000] {processor.py:840} INFO - DAG(s) 'example_sla_dag' retrieved from /home/airflow/.local/lib/python3.12/site-packages/airflow/example_dags/example_sla_dag.py
[2026-08-13T13:45:53.170+0000] {logging_mixin.py:188} INFO - [2026-08-13T13:45:53.170+0000] {dag.py:3089} INFO - Sync 1 DAGs
[2026-08-13T13:45:53.235+0000] {logging_mixin.py:188} INFO - [2026-08-13T13:45:53.234+0000] {dag.py:3947} INFO - Setting next_dagrun for example_sla_dag to 2026-08-13 13:42:00+00:00, run_after=2026-08-13 13:44:00+00:00
[2026-08-13T13:45:53.302+0000] {processor.py:183} INFO - Processing /home/airflow/.local/lib/python3.12/site-packages/airflow/example_dags/example_sla_dag.py took 0.299 seconds
[2026-08-13T13:46:24.443+0000] {processor.py:161} INFO - Started process (PID=3018) to work on /home/airflow/.local/lib/python3.12/site-packages/airflow/example_dags/example_sla_dag.py
[2026-08-13T13:46:24.447+0000] {processor.py:830} INFO - Processing file /home/airflow/.local/lib/python3.12/site-packages/airflow/example_dags/example_sla_dag.py for tasks to queue
[2026-08-13T13:46:24.455+0000] {logging_mixin.py:188} INFO - [2026-08-13T13:46:24.455+0000] {dagbag.py:545} INFO - Filling up the DagBag from /home/airflow/.local/lib/python3.12/site-packages/airflow/example_dags/example_sla_dag.py
[2026-08-13T13:46:24.476+0000] {processor.py:840} INFO - DAG(s) 'example_sla_dag' retrieved from /home/airflow/.local/lib/python3.12/site-packages/airflow/example_dags/example_sla_dag.py
[2026-08-13T13:46:24.523+0000] {logging_mixin.py:188} INFO - [2026-08-13T13:46:24.523+0000] {dag.py:3089} INFO - Sync 1 DAGs
[2026-08-13T13:46:24.590+0000] {logging_mixin.py:188} INFO - [2026-08-13T13:46:24.589+0000] {dag.py:3947} INFO - Setting next_dagrun for example_sla_dag to 2026-08-13 13:44:00+00:00, run_after=2026-08-13 13:46:00+00:00
[2026-08-13T13:46:24.642+0000] {processor.py:183} INFO - Processing /home/airflow/.local/lib/python3.12/site-packages/airflow/example_dags/example_sla_dag.py took 0.218 seconds
[2026-08-13T13:46:55.530+0000] {processor.py:161} INFO - Started process (PID=3091) to work on /home/airflow/.local/lib/python3.12/site-packages/airflow/example_dags/example_sla_dag.py
[2026-08-13T13:46:55.537+0000] {processor.py:830} INFO - Processing file /home/airflow/.local/lib/python3.12/site-packages/airflow/example_dags/example_sla_dag.py for tasks to queue
[2026-08-13T13:46:55.542+0000] {logging_mixin.py:188} INFO - [2026-08-13T13:46:55.541+0000] {dagbag.py:545} INFO - Filling up the DagBag from /home/airflow/.local/lib/python3.12/site-packages/airflow/example_dags/example_sla_dag.py
[2026-08-13T13:46:55.563+0000] {processor.py:840} INFO - DAG(s) 'example_sla_dag' retrieved from /home/airflow/.local/lib/python3.12/site-packages/airflow/example_dags/example_sla_dag.py
[2026-08-13T13:46:55.620+0000] {logging_mixin.py:188} INFO - [2026-08-13T13:46:55.620+0000] {dag.py:3089} INFO - Sync 1 DAGs
[2026-08-13T13:46:55.689+0000] {logging_mixin.py:188} INFO - [2026-08-13T13:46:55.689+0000] {dag.py:3947} INFO - Setting next_dagrun for example_sla_dag to 2026-08-13 13:44:00+00:00, run_after=2026-08-13 13:46:00+00:00
[2026-08-13T13:46:55.756+0000] {processor.py:183} INFO - Processing /home/airflow/.local/lib/python3.12/site-packages/airflow/example_dags/example_sla_dag.py took 0.237 seconds
[2026-08-13T13:47:26.755+0000] {processor.py:161} INFO - Started process (PID=3163) to work on /home/airflow/.local/lib/python3.12/site-packages/airflow/example_dags/example_sla_dag.py
[2026-08-13T13:47:26.761+0000] {processor.py:830} INFO - Processing file /home/airflow/.local/lib/python3.12/site-packages/airflow/example_dags/example_sla_dag.py for tasks to queue
[2026-08-13T13:47:26.769+0000] {logging_mixin.py:188} INFO - [2026-08-13T13:47:26.768+0000] {dagbag.py:545} INFO - Filling up the DagBag from /home/airflow/.local/lib/python3.12/site-packages/airflow/example_dags/example_sla_dag.py
[2026-08-13T13:47:26.814+0000] {processor.py:840} INFO - DAG(s) 'example_sla_dag' retrieved from /home/airflow/.local/lib/python3.12/site-packages/airflow/example_dags/example_sla_dag.py
[2026-08-13T13:47:26.905+0000] {logging_mixin.py:188} INFO - [2026-08-13T13:47:26.904+0000] {dag.py:3089} INFO - Sync 1 DAGs
[2026-08-13T13:47:27.008+0000] {logging_mixin.py:188} INFO - [2026-08-13T13:47:27.008+0000] {dag.py:3947} INFO - Setting next_dagrun for example_sla_dag to 2026-08-13 13:44:00+00:00, run_after=2026-08-13 13:46:00+00:00
[2026-08-13T13:47:27.103+0000] {processor.py:183} INFO - Processing /home/airflow/.local/lib/python3.12/site-packages/airflow/example_dags/example_sla_dag.py took 0.367 seconds
[2026-08-13T13:47:58.313+0000] {processor.py:161} INFO - Started process (PID=3236) to work on /home/airflow/.local/lib/python3.12/site-packages/airflow/example_dags/example_sla_dag.py
[2026-08-13T13:47:58.316+0000] {processor.py:830} INFO - Processing file /home/airflow/.local/lib/python3.12/site-packages/airflow/example_dags/example_sla_dag.py for tasks to queue
[2026-08-13T13:47:58.322+0000] {logging_mixin.py:188} INFO - [2026-08-13T13:47:58.321+0000] {dagbag.py:545} INFO - Filling up the DagBag from /home/airflow/.local/lib/python3.12/site-packages/airflow/example_dags/example_sla_dag.py
[2026-08-13T13:47:58.346+0000] {processor.py:840} INFO - DAG(s) 'example_sla_dag' retrieved from /home/airflow/.local/lib/python3.12/site-packages/airflow/example_dags/example_sla_dag.py
[2026-08-13T13:47:58.415+0000] {logging_mixin.py:188} INFO - [2026-08-13T13:47:58.415+0000] {dag.py:3089} INFO - Sync 1 DAGs
[2026-08-13T13:47:58.507+0000] {logging_mixin.py:188} INFO - [2026-08-13T13:47:58.506+0000] {dag.py:3947} INFO - Setting next_dagrun for example_sla_dag to 2026-08-13 13:44:00+00:00, run_after=2026-08-13 13:46:00+00:00
[2026-08-13T13:47:58.573+0000] {processor.py:183} INFO - Processing /home/airflow/.local/lib/python3.12/site-packages/airflow/example_dags/example_sla_dag.py took 0.275 seconds
[2026-08-13T13:48:28.764+0000] {processor.py:161} INFO - Started process (PID=3300) to work on /home/airflow/.local/lib/python3.12/site-packages/airflow/example_dags/example_sla_dag.py
[2026-08-13T13:48:28.767+0000] {processor.py:830} INFO - Processing file /home/airflow/.local/lib/python3.12/site-packages/airflow/example_dags/example_sla_dag.py for tasks to queue
[2026-08-13T13:48:28.773+0000] {logging_mixin.py:188} INFO - [2026-08-13T13:48:28.772+0000] {dagbag.py:545} INFO - Filling up the DagBag from /home/airflow/.local/lib/python3.12/site-packages/airflow/example_dags/example_sla_dag.py
[2026-08-13T13:48:28.795+0000] {processor.py:840} INFO - DAG(s) 'example_sla_dag' retrieved from /home/airflow/.local/lib/python3.12/site-packages/airflow/example_dags/example_sla_dag.py
[2026-08-13T13:48:28.843+0000] {logging_mixin.py:188} INFO - [2026-08-13T13:48:28.842+0000] {dag.py:3089} INFO - Sync 1 DAGs
[2026-08-13T13:48:28.898+0000] {logging_mixin.py:188} INFO - [2026-08-13T13:48:28.898+0000] {dag.py:3947} INFO - Setting next_dagrun for example_sla_dag to 2026-08-13 13:46:00+00:00, run_after=2026-08-13 13:48:00+00:00
[2026-08-13T13:48:28.948+0000] {processor.py:183} INFO - Processing /home/airflow/.local/lib/python3.12/site-packages/airflow/example_dags/example_sla_dag.py took 0.199 seconds
[2026-08-13T13:49:00.839+0000] {processor.py:161} INFO - Started process (PID=3373) to work on /home/airflow/.local/lib/python3.12/site-packages/airflow/example_dags/example_sla_dag.py
[2026-08-13T13:49:00.854+0000] {processor.py:830} INFO - Processing file /home/airflow/.local/lib/python3.12/site-packages/airflow/example_dags/example_sla_dag.py for tasks to queue
[2026-08-13T13:49:00.863+0000] {logging_mixin.py:188} INFO - [2026-08-13T13:49:00.862+0000] {dagbag.py:545} INFO - Filling up the DagBag from /home/airflow/.local/lib/python3.12/site-packages/airflow/example_dags/example_sla_dag.py
[2026-08-13T13:49:00.899+0000] {processor.py:840} INFO - DAG(s) 'example_sla_dag' retrieved from /home/airflow/.local/lib/python3.12/site-packages/airflow/example_dags/example_sla_dag.py
[2026-08-13T13:49:00.992+0000] {logging_mixin.py:188} INFO - [2026-08-13T13:49:00.991+0000] {dag.py:3089} INFO - Sync 1 DAGs
[2026-08-13T13:49:01.162+0000] {logging_mixin.py:188} INFO - [2026-08-13T13:49:01.161+0000] {dag.py:3947} INFO - Setting next_dagrun for example_sla_dag to 2026-08-13 13:46:00+00:00, run_after=2026-08-13 13:48:00+00:00
[2026-08-13T13:49:01.252+0000] {processor.py:183} INFO - Processing /home/airflow/.local/lib/python3.12/site-packages/airflow/example_dags/example_sla_dag.py took 0.447 seconds
[2026-08-13T13:49:38.382+0000] {processor.py:161} INFO - Started process (PID=3450) to work on /home/airflow/.local/lib/python3.12/site-packages/airflow/example_dags/example_sla_dag.py
[2026-08-13T13:49:38.387+0000] {processor.py:830} INFO - Processing file /home/airflow/.local/lib/python3.12/site-packages/airflow/example_dags/example_sla_dag.py for tasks to queue
[2026-08-13T13:49:38.395+0000] {logging_mixin.py:188} INFO - [2026-08-13T13:49:38.394+0000] {dagbag.py:545} INFO - Filling up the DagBag from /home/airflow/.local/lib/python3.12/site-packages/airflow/example_dags/example_sla_dag.py
[2026-08-13T13:49:38.423+0000] {processor.py:840} INFO - DAG(s) 'example_sla_dag' retrieved from /home/airflow/.local/lib/python3.12/site-packages/airflow/example_dags/example_sla_dag.py
[2026-08-13T13:49:38.513+0000] {logging_mixin.py:188} INFO - [2026-08-13T13:49:38.513+0000] {dag.py:3089} INFO - Sync 1 DAGs
[2026-08-13T13:49:38.659+0000] {logging_mixin.py:188} INFO - [2026-08-13T13:49:38.659+0000] {dag.py:3947} INFO - Setting next_dagrun for example_sla_dag to 2026-08-13 13:46:00+00:00, run_after=2026-08-13 13:48:00+00:00
[2026-08-13T13:49:38.723+0000] {processor.py:183} INFO - Processing /home/airflow/.local/lib/python3.12/site-packages/airflow/example_dags/example_sla_dag.py took 0.389 seconds
[2026-08-13T13:50:11.327+0000] {processor.py:161} INFO - Started process (PID=3524) to work on /home/airflow/.local/lib/python3.12/site-packages/airflow/example_dags/example_sla_dag.py
[2026-08-13T13:50:11.335+0000] {processor.py:830} INFO - Processing file /home/airflow/.local/lib/python3.12/site-packages/airflow/example_dags/example_sla_dag.py for tasks to queue
[2026-08-13T13:50:11.351+0000] {logging_mixin.py:188} INFO - [2026-08-13T13:50:11.349+0000] {dagbag.py:545} INFO - Filling up the DagBag from /home/airflow/.local/lib/python3.12/site-packages/airflow/example_dags/example_sla_dag.py
[2026-08-13T13:50:11.439+0000] {processor.py:840} INFO - DAG(s) 'example_sla_dag' retrieved from /home/airflow/.local/lib/python3.12/site-packages/airflow/example_dags/example_sla_dag.py
[2026-08-13T13:50:11.623+0000] {logging_mixin.py:188} INFO - [2026-08-13T13:50:11.622+0000] {dag.py:3089} INFO - Sync 1 DAGs
[2026-08-13T13:50:11.903+0000] {logging_mixin.py:188} INFO - [2026-08-13T13:50:11.903+0000] {dag.py:3947} INFO - Setting next_dagrun for example_sla_dag to 2026-08-13 13:48:00+00:00, run_after=2026-08-13 13:50:00+00:00
[2026-08-13T13:50:11.977+0000] {processor.py:183} INFO - Processing /home/airflow/.local/lib/python3.12/site-packages/airflow/example_dags/example_sla_dag.py took 0.718 seconds
