[2026-08-13T13:24:08.904+0000] {processor.py:161} INFO - Started process (PID=86) to work on /home/airflow/.local/lib/python3.12/site-packages/airflow/example_dags/example_sensor_decorator.py
[2026-08-13T13:24:08.921+0000] {processor.py:830} INFO - Processing file /home/airflow/.local/lib/python3.12/site-packages/airflow/example_dags/example_sensor_decorator.py for tasks to queue
[2026-08-13T13:24:08.945+0000] {logging_mixin.py:188} INFO - [2026-08-13T13:24:08.939+0000] {dagbag.py:545} INFO - Filling up the DagBag from /home/airflow/.local/lib/python3.12/site-packages/airflow/example_dags/example_sensor_decorator.py
[2026-08-13T13:24:09.126+0000] {processor.py:840} INFO - DAG(s) 'example_sensor_decorator' retrieved from /home/airflow/.local/lib/python3.12/site-packages/airflow/example_dags/example_sensor_decorator.py
[2026-08-13T13:24:10.000+0000] {logging_mixin.py:188} INFO - [2026-08-13T13:24:10.000+0000] {dag.py:3089} INFO - Sync 1 DAGs
[2026-08-13T13:24:10.065+0000] {logging_mixin.py:188} INFO - [2026-08-13T13:24:10.064+0000] {dag.py:3947} INFO - Setting next_dagrun for example_sensor_decorator to None, run_after=None
[2026-08-13T13:24:10.189+0000] {processor.py:183} INFO - Processing /home/airflow/.local/lib/python3.12/site-packages/airflow/example_dags/example_sensor_decorator.py took 1.401 seconds
[2026-08-13T13:24:45.138+0000] {processor.py:161} INFO - Started process (PID=159) to work on /home/airflow/.local/lib/python3.12/site-packages/airflow/example_dags/example_sensor_decorator.py
[2026-08-13T13:24:45.160+0000] {processor.py:830} INFO - Processing file /home/airflow/.local/lib/python3.12/site-packages/airflow/example_dags/example_sensor_decorator.py for tasks to queue
[2026-08-13T13:24:45.180+0000] {logging_mixin.py:188} INFO - [2026-08-13T13:24:45.171+0000] {dagbag.py:545} INFO - Filling up the DagBag from /home/airflow/.local/lib/python3.12/site-packages/airflow/example_dags/example_sensor_decorator.py
[2026-08-13T13:24:45.255+0000] {processor.py:840} INFO - DAG(s) 'example_sensor_decorator' retrieved from /home/airflow/.local/lib/python3.12/site-packages/airflow/example_dags/example_sensor_decorator.py
[2026-08-13T13:24:45.529+0000] {logging_mixin.py:188} INFO - [2026-08-13T13:24:45.528+0000] {dag.py:3089} INFO - Sync 1 DAGs
[2026-08-13T13:24:45.635+0000] {logging_mixin.py:188} INFO - [2026-08-13T13:24:45.631+0000] {dag.py:3947} INFO - Setting next_dagrun for example_sensor_decorator to None, run_after=None
[2026-08-13T13:24:45.725+0000] {processor.py:183} INFO - Processing /home/airflow/.local/lib/python3.12/site-packages/airflow/example_dags/example_sensor_decorator.py took 0.638 seconds
[2026-08-13T13:25:40.967+0000] {processor.py:161} INFO - Started process (PID=231) to work on /home/airflow/.local/lib/python3.12/site-packages/airflow/example_dags/example_sensor_decorator.py
[2026-08-13T13:25:40.989+0000] {processor.py:830} INFO - Processing file /home/airflow/.local/lib/python3.12/site-packages/airflow/example_dags/example_sensor_decorator.py for tasks to queue
[2026-08-13T13:25:41.002+0000] {logging_mixin.py:188} INFO - [2026-08-13T13:25:41.001+0000] {dagbag.py:545} INFO - Filling up the DagBag from /home/airflow/.local/lib/python3.12/site-packages/airflow/example_dags/example_sensor_decorator.py
[2026-08-13T13:25:41.057+0000] {processor.py:840} INFO - DAG(s) 'example_sensor_decorator' retrieved from /home/airflow/.local/lib/python3.12/site-packages/airflow/example_dags/example_sensor_decorator.py
[2026-08-13T13:25:41.201+0000] {logging_mixin.py:188} INFO - [2026-08-13T13:25:41.201+0000] {dag.py:3089} INFO - Sync 1 DAGs
[2026-08-13T13:25:41.387+0000] {logging_mixin.py:188} INFO - [2026-08-13T13:25:41.386+0000] {dag.py:3947} INFO - Setting next_dagrun for example_sensor_decorator to None, run_after=None
[2026-08-13T13:25:41.725+0000] {processor.py:183} INFO - Processing /home/airflow/.local/lib/python3.12/site-packages/airflow/example_dags/example_sensor_decorator.py took 0.846 seconds
[2026-08-13T13:26:12.172+0000] {processor.py:161} INFO - Started process (PID=304) to work on /home/airflow/.local/lib/python3.12/site-packages/airflow/example_dags/example_sensor_decorator.py
[2026-08-13T13:26:12.175+0000] {processor.py:830} INFO - Processing file /home/airflow/.local/lib/python3.12/site-packages/airflow/example_dags/example_sensor_decorator.py for tasks to queue
[2026-08-13T13:26:12.180+0000] {logging_mixin.py:188} INFO - [2026-08-13T13:26:12.179+0000] {dagbag.py:545} INFO - Filling up the DagBag from /home/airflow/.local/lib/python3.12/site-packages/airflow/example_dags/example_sensor_decorator.py
[2026-08-13T13:26:12.194+0000] {processor.py:840} INFO - DAG(s) 'example_sensor_decorator' retrieved from /home/airflow/.local/lib/python3.12/site-packages/airflow/example_dags/example_sensor_decorator.py
[2026-08-13T13:26:12.257+0000] {logging_mixin.py:188} INFO - [2026-08-13T13:26:12.254+0000] {dag.py:3089} INFO - Sync 1 DAGs
[2026-08-13T13:26:12.327+0000] {logging_mixin.py:188} INFO - [2026-08-13T13:26:12.326+0000] {dag.py:3947} INFO - Setting next_dagrun for example_sensor_decorator to None, run_after=None
[2026-08-13T13:26:12.421+0000] {processor.py:183} INFO - Processing /home/airflow/.local/lib/python3.12/site-packages/airflow/example_dags/example_sensor_decorator.py took 0.264 seconds
[2026-08-13T13:26:47.347+0000] {processor.py:161} INFO - Started process (PID=378) to work on /home/airflow/.local/lib/python3.12/site-packages/airflow/example_dags/example_sensor_decorator.py
[2026-08-13T13:26:47.353+0000] {processor.py:830} INFO - Processing file /home/airflow/.local/lib/python3.12/site-packages/airflow/example_dags/example_sensor_decorator.py for tasks to queue
[2026-08-13T13:26:47.360+0000] {logging_mixin.py:188} INFO - [2026-08-13T13:26:47.359+0000] {dagbag.py:545} INFO - Filling up the DagBag from /home/airflow/.local/lib/python3.12/site-packages/airflow/example_dags/example_sensor_decorator.py
[2026-08-13T13:26:47.387+0000] {processor.py:840} INFO - DAG(s) 'example_sensor_decorator' retrieved from /home/airflow/.local/lib/python3.12/site-packages/airflow/example_dags/example_sensor_decorator.py
[2026-08-13T13:26:47.464+0000] {logging_mixin.py:188} INFO - [2026-08-13T13:26:47.463+0000] {dag.py:3089} INFO - Sync 1 DAGs
[2026-08-13T13:26:47.501+0000] {logging_mixin.py:188} INFO - [2026-08-13T13:26:47.501+0000] {dag.py:3947} INFO - Setting next_dagrun for example_sensor_decorator to None, run_after=None
[2026-08-13T13:26:47.565+0000] {processor.py:183} INFO - Processing /home/airflow/.local/lib/python3.12/site-packages/airflow/example_dags/example_sensor_decorator.py took 0.256 seconds
[2026-08-13T13:27:18.821+0000] {processor.py:161} INFO - Started process (PID=443) to work on /home/airflow/.local/lib/python3.12/site-packages/airflow/example_dags/example_sensor_decorator.py
[2026-08-13T13:27:18.827+0000] {processor.py:830} INFO - Processing file /home/airflow/.local/lib/python3.12/site-packages/airflow/example_dags/example_sensor_decorator.py for tasks to queue
[2026-08-13T13:27:18.838+0000] {logging_mixin.py:188} INFO - [2026-08-13T13:27:18.837+0000] {dagbag.py:545} INFO - Filling up the DagBag from /home/airflow/.local/lib/python3.12/site-packages/airflow/example_dags/example_sensor_decorator.py
[2026-08-13T13:27:18.866+0000] {processor.py:840} INFO - DAG(s) 'example_sensor_decorator' retrieved from /home/airflow/.local/lib/python3.12/site-packages/airflow/example_dags/example_sensor_decorator.py
[2026-08-13T13:27:18.987+0000] {logging_mixin.py:188} INFO - [2026-08-13T13:27:18.975+0000] {dag.py:3089} INFO - Sync 1 DAGs
[2026-08-13T13:27:19.092+0000] {logging_mixin.py:188} INFO - [2026-08-13T13:27:19.092+0000] {dag.py:3947} INFO - Setting next_dagrun for example_sensor_decorator to None, run_after=None
[2026-08-13T13:27:19.216+0000] {processor.py:183} INFO - Processing /home/airflow/.local/lib/python3.12/site-packages/airflow/example_dags/example_sensor_decorator.py took 0.412 seconds
[2026-08-13T13:27:50.319+0000] {processor.py:161} INFO - Started process (PID=516) to work on /home/airflow/.local/lib/python3.12/site-packages/airflow/example_dags/example_sensor_decorator.py
[2026-08-13T13:27:50.322+0000] {processor.py:830} INFO - Processing file /home/airflow/.local/lib/python3.12/site-packages/airflow/example_dags/example_sensor_decorator.py for tasks to queue
[2026-08-13T13:27:50.327+0000] {logging_mixin.py:188} INFO - [2026-08-13T13:27:50.327+0000] {dagbag.py:545} INFO - Filling up the DagBag from /home/airflow/.local/lib/python3.12/site-packages/airflow/example_dags/example_sensor_decorator.py
[2026-08-13T13:27:50.339+0000] {processor.py:840} INFO - DAG(s) 'example_sensor_decorator' retrieved from /home/airflow/.local/lib/python3.12/site-packages/airflow/example_dags/example_sensor_decorator.py
[2026-08-13T13:27:50.370+0000] {logging_mixin.py:188} INFO - [2026-08-13T13:27:50.370+0000] {dag.py:3089} INFO - Sync 1 DAGs
[2026-08-13T13:27:50.390+0000] {logging_mixin.py:188} INFO - [2026-08-13T13:27:50.390+0000] {dag.py:3947} INFO - Setting next_dagrun for example_sensor_decorator to None, run_after=None
[2026-08-13T13:27:50.424+0000] {processor.py:183} INFO - Processing /home/airflow/.local/lib/python3.12/site-packages/airflow/example_dags/example_sensor_decorator.py took 0.114 seconds
[2026-08-13T13:28:23.291+0000] {processor.py:161} INFO - Started process (PID=587) to work on /home/airflow/.local/lib/python3.12/site-packages/airflow/example_dags/example_sensor_decorator.py
[2026-08-13T13:28:23.295+0000] {processor.py:830} INFO - Processing file /home/airflow/.local/lib/python3.12/site-packages/airflow/example_dags/example_sensor_decorator.py for tasks to queue
[2026-08-13T13:28:23.302+0000] {logging_mixin.py:188} INFO - [2026-08-13T13:28:23.301+0000] {dagbag.py:545} INFO - Filling up the DagBag from /home/airflow/.local/lib/python3.12/site-packages/airflow/example_dags/example_sensor_decorator.py
[2026-08-13T13:28:23.325+0000] {processor.py:840} INFO - DAG(s) 'example_sensor_decorator' retrieved from /home/airflow/.local/lib/python3.12/site-packages/airflow/example_dags/example_sensor_decorator.py
[2026-08-13T13:28:23.393+0000] {logging_mixin.py:188} INFO - [2026-08-13T13:28:23.392+0000] {dag.py:3089} INFO - Sync 1 DAGs
[2026-08-13T13:28:23.429+0000] {logging_mixin.py:188} INFO - [2026-08-13T13:28:23.429+0000] {dag.py:3947} INFO - Setting next_dagrun for example_sensor_decorator to None, run_after=None
[2026-08-13T13:28:23.500+0000] {processor.py:183} INFO - Processing /home/airflow/.local/lib/python3.12/site-packages/airflow/example_dags/example_sensor_decorator.py took 0.227 seconds
[2026-08-13T13:28:56.568+0000] {processor.py:161} INFO - Started process (PID=660) to work on /home/airflow/.local/lib/python3.12/site-packages/airflow/example_dags/example_sensor_decorator.py
[2026-08-13T13:28:56.571+0000] {processor.py:830} INFO - Processing file /home/airflow/.local/lib/python3.12/site-packages/airflow/example_dags/example_sensor_decorator.py for tasks to queue
[2026-08-13T13:28:56.577+0000] {logging_mixin.py:188} INFO - [2026-08-13T13:28:56.576+0000] {dagbag.py:545} INFO - Filling up the DagBag from /home/airflow/.local/lib/python3.12/site-packages/airflow/example_dags/example_sensor_decorator.py
[2026-08-13T13:28:56.593+0000] {processor.py:840} INFO - DAG(s) 'example_sensor_decorator' retrieved from /home/airflow/.local/lib/python3.12/site-packages/airflow/example_dags/example_sensor_decorator.py
[2026-08-13T13:28:56.641+0000] {logging_mixin.py:188} INFO - [2026-08-13T13:28:56.640+0000] {dag.py:3089} INFO - Sync 1 DAGs
[2026-08-13T13:28:56.673+0000] {logging_mixin.py:188} INFO - [2026-08-13T13:28:56.672+0000] {dag.py:3947} INFO - Setting next_dagrun for example_sensor_decorator to None, run_after=None
[2026-08-13T13:28:56.712+0000] {processor.py:183} INFO - Processing /home/airflow/.local/lib/python3.12/site-packages/airflow/example_dags/example_sensor_decorator.py took 0.155 seconds
[2026-08-13T13:29:30.215+0000] {processor.py:161} INFO - Started process (PID=734) to work on /home/airflow/.local/lib/python3.12/site-packages/airflow/example_dags/example_sensor_decorator.py
[2026-08-13T13:29:30.232+0000] {processor.py:830} INFO - Processing file /home/airflow/.local/lib/python3.12/site-packages/airflow/example_dags/example_sensor_decorator.py for tasks to queue
[2026-08-13T13:29:30.247+0000] {logging_mixin.py:188} INFO - [2026-08-13T13:29:30.245+0000] {dagbag.py:545} INFO - Filling up the DagBag from /home/airflow/.local/lib/python3.12/site-packages/airflow/example_dags/example_sensor_decorator.py
[2026-08-13T13:29:30.283+0000] {processor.py:840} INFO - DAG(s) 'example_sensor_decorator' retrieved from /home/airflow/.local/lib/python3.12/site-packages/airflow/example_dags/example_sensor_decorator.py
[2026-08-13T13:29:30.352+0000] {logging_mixin.py:188} INFO - [2026-08-13T13:29:30.351+0000] {dag.py:3089} INFO - Sync 1 DAGs
[2026-08-13T13:29:30.388+0000] {logging_mixin.py:188} INFO - [2026-08-13T13:29:30.387+0000] {dag.py:3947} INFO - Setting next_dagrun for example_sensor_decorator to None, run_after=None
[2026-08-13T13:29:30.441+0000] {processor.py:183} INFO - Processing /home/airflow/.local/lib/python3.12/site-packages/airflow/example_dags/example_sensor_decorator.py took 0.279 seconds
[2026-08-13T13:30:02.952+0000] {processor.py:161} INFO - Started process (PID=807) to work on /home/airflow/.local/lib/python3.12/site-packages/airflow/example_dags/example_sensor_decorator.py
[2026-08-13T13:30:02.957+0000] {processor.py:830} INFO - Processing file /home/airflow/.local/lib/python3.12/site-packages/airflow/example_dags/example_sensor_decorator.py for tasks to queue
[2026-08-13T13:30:02.970+0000] {logging_mixin.py:188} INFO - [2026-08-13T13:30:02.969+0000] {dagbag.py:545} INFO - Filling up the DagBag from /home/airflow/.local/lib/python3.12/site-packages/airflow/example_dags/example_sensor_decorator.py
[2026-08-13T13:30:02.997+0000] {processor.py:840} INFO - DAG(s) 'example_sensor_decorator' retrieved from /home/airflow/.local/lib/python3.12/site-packages/airflow/example_dags/example_sensor_decorator.py
[2026-08-13T13:30:03.129+0000] {logging_mixin.py:188} INFO - [2026-08-13T13:30:03.129+0000] {dag.py:3089} INFO - Sync 1 DAGs
[2026-08-13T13:30:03.176+0000] {logging_mixin.py:188} INFO - [2026-08-13T13:30:03.176+0000] {dag.py:3947} INFO - Setting next_dagrun for example_sensor_decorator to None, run_after=None
[2026-08-13T13:30:03.232+0000] {processor.py:183} INFO - Processing /home/airflow/.local/lib/python3.12/site-packages/airflow/example_dags/example_sensor_decorator.py took 0.301 seconds
[2026-08-13T13:30:35.783+0000] {processor.py:161} INFO - Started process (PID=880) to work on /home/airflow/.local/lib/python3.12/site-packages/airflow/example_dags/example_sensor_decorator.py
[2026-08-13T13:30:35.788+0000] {processor.py:830} INFO - Processing file /home/airflow/.local/lib/python3.12/site-packages/airflow/example_dags/example_sensor_decorator.py for tasks to queue
[2026-08-13T13:30:35.801+0000] {logging_mixin.py:188} INFO - [2026-08-13T13:30:35.799+0000] {dagbag.py:545} INFO - Filling up the DagBag from /home/airflow/.local/lib/python3.12/site-packages/airflow/example_dags/example_sensor_decorator.py
[2026-08-13T13:30:35.836+0000] {processor.py:840} INFO - DAG(s) 'example_sensor_decorator' retrieved from /home/airflow/.local/lib/python3.12/site-packages/airflow/example_dags/example_sensor_decorator.py
[2026-08-13T13:30:35.914+0000] {logging_mixin.py:188} INFO - [2026-08-13T13:30:35.913+0000] {dag.py:3089} INFO - Sync 1 DAGs
[2026-08-13T13:30:35.969+0000] {logging_mixin.py:188} INFO - [2026-08-13T13:30:35.968+0000] {dag.py:3947} INFO - Setting next_dagrun for example_sensor_decorator to None, run_after=None
[2026-08-13T13:30:36.033+0000] {processor.py:183} INFO - Processing /home/airflow/.local/lib/python3.12/site-packages/airflow/example_dags/example_sensor_decorator.py took 0.274 seconds
[2026-08-13T13:31:07.656+0000] {processor.py:161} INFO - Started process (PID=946) to work on /home/airflow/.local/lib/python3.12/site-packages/airflow/example_dags/example_sensor_decorator.py
[2026-08-13T13:31:07.659+0000] {processor.py:830} INFO - Processing file /home/airflow/.local/lib/python3.12/site-packages/airflow/example_dags/example_sensor_decorator.py for tasks to queue
[2026-08-13T13:31:07.664+0000] {logging_mixin.py:188} INFO - [2026-08-13T13:31:07.663+0000] {dagbag.py:545} INFO - Filling up the DagBag from /home/airflow/.local/lib/python3.12/site-packages/airflow/example_dags/example_sensor_decorator.py
[2026-08-13T13:31:07.680+0000] {processor.py:840} INFO - DAG(s) 'example_sensor_decorator' retrieved from /home/airflow/.local/lib/python3.12/site-packages/airflow/example_dags/example_sensor_decorator.py
[2026-08-13T13:31:07.730+0000] {logging_mixin.py:188} INFO - [2026-08-13T13:31:07.730+0000] {dag.py:3089} INFO - Sync 1 DAGs
[2026-08-13T13:31:07.764+0000] {logging_mixin.py:188} INFO - [2026-08-13T13:31:07.763+0000] {dag.py:3947} INFO - Setting next_dagrun for example_sensor_decorator to None, run_after=None
[2026-08-13T13:31:07.810+0000] {processor.py:183} INFO - Processing /home/airflow/.local/lib/python3.12/site-packages/airflow/example_dags/example_sensor_decorator.py took 0.167 seconds
[2026-08-13T13:31:40.645+0000] {processor.py:161} INFO - Started process (PID=1020) to work on /home/airflow/.local/lib/python3.12/site-packages/airflow/example_dags/example_sensor_decorator.py
[2026-08-13T13:31:40.648+0000] {processor.py:830} INFO - Processing file /home/airflow/.local/lib/python3.12/site-packages/airflow/example_dags/example_sensor_decorator.py for tasks to queue
[2026-08-13T13:31:40.653+0000] {logging_mixin.py:188} INFO - [2026-08-13T13:31:40.653+0000] {dagbag.py:545} INFO - Filling up the DagBag from /home/airflow/.local/lib/python3.12/site-packages/airflow/example_dags/example_sensor_decorator.py
[2026-08-13T13:31:40.670+0000] {processor.py:840} INFO - DAG(s) 'example_sensor_decorator' retrieved from /home/airflow/.local/lib/python3.12/site-packages/airflow/example_dags/example_sensor_decorator.py
[2026-08-13T13:31:40.723+0000] {logging_mixin.py:188} INFO - [2026-08-13T13:31:40.723+0000] {dag.py:3089} INFO - Sync 1 DAGs
[2026-08-13T13:31:40.748+0000] {logging_mixin.py:188} INFO - [2026-08-13T13:31:40.748+0000] {dag.py:3947} INFO - Setting next_dagrun for example_sensor_decorator to None, run_after=None
[2026-08-13T13:31:40.788+0000] {processor.py:183} INFO - Processing /home/airflow/.local/lib/python3.12/site-packages/airflow/example_dags/example_sensor_decorator.py took 0.160 seconds
[2026-08-13T13:32:12.944+0000] {processor.py:161} INFO - Started process (PID=1093) to work on /home/airflow/.local/lib/python3.12/site-packages/airflow/example_dags/example_sensor_decorator.py
[2026-08-13T13:32:12.951+0000] {processor.py:830} INFO - Processing file /home/airflow/.local/lib/python3.12/site-packages/airflow/example_dags/example_sensor_decorator.py for tasks to queue
[2026-08-13T13:32:12.957+0000] {logging_mixin.py:188} INFO - [2026-08-13T13:32:12.956+0000] {dagbag.py:545} INFO - Filling up the DagBag from /home/airflow/.local/lib/python3.12/site-packages/airflow/example_dags/example_sensor_decorator.py
[2026-08-13T13:32:12.973+0000] {processor.py:840} INFO - DAG(s) 'example_sensor_decorator' retrieved from /home/airflow/.local/lib/python3.12/site-packages/airflow/example_dags/example_sensor_decorator.py
[2026-08-13T13:32:13.029+0000] {logging_mixin.py:188} INFO - [2026-08-13T13:32:13.028+0000] {dag.py:3089} INFO - Sync 1 DAGs
[2026-08-13T13:32:13.063+0000] {logging_mixin.py:188} INFO - [2026-08-13T13:32:13.062+0000] {dag.py:3947} INFO - Setting next_dagrun for example_sensor_decorator to None, run_after=None
[2026-08-13T13:32:13.109+0000] {processor.py:183} INFO - Processing /home/airflow/.local/lib/python3.12/site-packages/airflow/example_dags/example_sensor_decorator.py took 0.179 seconds
[2026-08-13T13:32:45.950+0000] {processor.py:161} INFO - Started process (PID=1167) to work on /home/airflow/.local/lib/python3.12/site-packages/airflow/example_dags/example_sensor_decorator.py
[2026-08-13T13:32:45.956+0000] {processor.py:830} INFO - Processing file /home/airflow/.local/lib/python3.12/site-packages/airflow/example_dags/example_sensor_decorator.py for tasks to queue
[2026-08-13T13:32:45.968+0000] {logging_mixin.py:188} INFO - [2026-08-13T13:32:45.967+0000] {dagbag.py:545} INFO - Filling up the DagBag from /home/airflow/.local/lib/python3.12/site-packages/airflow/example_dags/example_sensor_decorator.py
[2026-08-13T13:32:45.988+0000] {processor.py:840} INFO - DAG(s) 'example_sensor_decorator' retrieved from /home/airflow/.local/lib/python3.12/site-packages/airflow/example_dags/example_sensor_decorator.py
[2026-08-13T13:32:46.066+0000] {logging_mixin.py:188} INFO - [2026-08-13T13:32:46.064+0000] {dag.py:3089} INFO - Sync 1 DAGs
[2026-08-13T13:32:46.111+0000] {logging_mixin.py:188} INFO - [2026-08-13T13:32:46.110+0000] {dag.py:3947} INFO - Setting next_dagrun for example_sensor_decorator to None, run_after=None
[2026-08-13T13:32:46.192+0000] {processor.py:183} INFO - Processing /home/airflow/.local/lib/python3.12/site-packages/airflow/example_dags/example_sensor_decorator.py took 0.263 seconds
[2026-08-13T13:33:18.457+0000] {processor.py:161} INFO - Started process (PID=1240) to work on /home/airflow/.local/lib/python3.12/site-packages/airflow/example_dags/example_sensor_decorator.py
[2026-08-13T13:33:18.460+0000] {processor.py:830} INFO - Processing file /home/airflow/.local/lib/python3.12/site-packages/airflow/example_dags/example_sensor_decorator.py for tasks to queue
[2026-08-13T13:33:18.466+0000] {logging_mixin.py:188} INFO - [2026-08-13T13:33:18.465+0000] {dagbag.py:545} INFO - Filling up the DagBag from /home/airflow/.local/lib/python3.12/site-packages/airflow/example_dags/example_sensor_decorator.py
[2026-08-13T13:33:18.483+0000] {processor.py:840} INFO - DAG(s) 'example_sensor_decorator' retrieved from /home/airflow/.local/lib/python3.12/site-packages/airflow/example_dags/example_sensor_decorator.py
[2026-08-13T13:33:18.532+0000] {logging_mixin.py:188} INFO - [2026-08-13T13:33:18.532+0000] {dag.py:3089} INFO - Sync 1 DAGs
[2026-08-13T13:33:18.557+0000] {logging_mixin.py:188} INFO - [2026-08-13T13:33:18.557+0000] {dag.py:3947} INFO - Setting next_dagrun for example_sensor_decorator to None, run_after=None
[2026-08-13T13:33:18.605+0000] {processor.py:183} INFO - Processing /home/airflow/.local/lib/python3.12/site-packages/airflow/example_dags/example_sensor_decorator.py took 0.162 seconds
[2026-08-13T13:33:51.558+0000] {processor.py:161} INFO - Started process (PID=1314) to work on /home/airflow/.local/lib/python3.12/site-packages/airflow/example_dags/example_sensor_decorator.py
[2026-08-13T13:33:51.562+0000] {processor.py:830} INFO - Processing file /home/airflow/.local/lib/python3.12/site-packages/airflow/example_dags/example_sensor_decorator.py for tasks to queue
[2026-08-13T13:33:51.570+0000] {logging_mixin.py:188} INFO - [2026-08-13T13:33:51.569+0000] {dagbag.py:545} INFO - Filling up the DagBag from /home/airflow/.local/lib/python3.12/site-packages/airflow/example_dags/example_sensor_decorator.py
[2026-08-13T13:33:51.608+0000] {processor.py:840} INFO - DAG(s) 'example_sensor_decorator' retrieved from /home/airflow/.local/lib/python3.12/site-packages/airflow/example_dags/example_sensor_decorator.py
[2026-08-13T13:33:51.684+0000] {logging_mixin.py:188} INFO - [2026-08-13T13:33:51.683+0000] {dag.py:3089} INFO - Sync 1 DAGs
[2026-08-13T13:33:51.725+0000] {logging_mixin.py:188} INFO - [2026-08-13T13:33:51.723+0000] {dag.py:3947} INFO - Setting next_dagrun for example_sensor_decorator to None, run_after=None
[2026-08-13T13:33:51.835+0000] {processor.py:183} INFO - Processing /home/airflow/.local/lib/python3.12/site-packages/airflow/example_dags/example_sensor_decorator.py took 0.296 seconds
[2026-08-13T13:34:23.795+0000] {processor.py:161} INFO - Started process (PID=1387) to work on /home/airflow/.local/lib/python3.12/site-packages/airflow/example_dags/example_sensor_decorator.py
[2026-08-13T13:34:23.799+0000] {processor.py:830} INFO - Processing file /home/airflow/.local/lib/python3.12/site-packages/airflow/example_dags/example_sensor_decorator.py for tasks to queue
[2026-08-13T13:34:23.807+0000] {logging_mixin.py:188} INFO - [2026-08-13T13:34:23.806+0000] {dagbag.py:545} INFO - Filling up the DagBag from /home/airflow/.local/lib/python3.12/site-packages/airflow/example_dags/example_sensor_decorator.py
[2026-08-13T13:34:23.830+0000] {processor.py:840} INFO - DAG(s) 'example_sensor_decorator' retrieved from /home/airflow/.local/lib/python3.12/site-packages/airflow/example_dags/example_sensor_decorator.py
[2026-08-13T13:34:23.876+0000] {logging_mixin.py:188} INFO - [2026-08-13T13:34:23.876+0000] {dag.py:3089} INFO - Sync 1 DAGs
[2026-08-13T13:34:23.913+0000] {logging_mixin.py:188} INFO - [2026-08-13T13:34:23.913+0000] {dag.py:3947} INFO - Setting next_dagrun for example_sensor_decorator to None, run_after=None
[2026-08-13T13:34:23.965+0000] {processor.py:183} INFO - Processing /home/airflow/.local/lib/python3.12/site-packages/airflow/example_dags/example_sensor_decorator.py took 0.181 seconds
[2026-08-13T13:34:56.503+0000] {processor.py:161} INFO - Started process (PID=1461) to work on /home/airflow/.local/lib/python3.12/site-packages/airflow/example_dags/example_sensor_decorator.py
[2026-08-13T13:34:56.506+0000] {processor.py:830} INFO - Processing file /home/airflow/.local/lib/python3.12/site-packages/airflow/example_dags/example_sensor_decorator.py for tasks to queue
[2026-08-13T13:34:56.513+0000] {logging_mixin.py:188} INFO - [2026-08-13T13:34:56.512+0000] {dagbag.py:545} INFO - Filling up the DagBag from /home/airflow/.local/lib/python3.12/site-packages/airflow/example_dags/example_sensor_decorator.py
[2026-08-13T13:34:56.533+0000] {processor.py:840} INFO - DAG(s) 'example_sensor_decorator' retrieved from /home/airflow/.local/lib/python3.12/site-packages/airflow/example_dags/example_sensor_decorator.py
[2026-08-13T13:34:56.586+0000] {logging_mixin.py:188} INFO - [2026-08-13T13:34:56.586+0000] {dag.py:3089} INFO - Sync 1 DAGs
[2026-08-13T13:34:56.623+0000] {logging_mixin.py:188} INFO - [2026-08-13T13:34:56.623+0000] {dag.py:3947} INFO - Setting next_dagrun for example_sensor_decorator to None, run_after=None
[2026-08-13T13:34:56.682+0000] {processor.py:183} INFO - Processing /home/airflow/.local/lib/python3.12/site-packages/airflow/example_dags/example_sensor_decorator.py took 0.191 seconds
[2026-08-13T13:35:29.006+0000] {processor.py:161} INFO - Started process (PID=1534) to work on /home/airflow/.local/lib/python3.12/site-packages/airflow/example_dags/example_sensor_decorator.py
[2026-08-13T13:35:29.009+0000] {processor.py:830} INFO - Processing file /home/airflow/.local/lib/python3.12/site-packages/airflow/example_dags/example_sensor_decorator.py for tasks to queue
[2026-08-13T13:35:29.014+0000] {logging_mixin.py:188} INFO - [2026-08-13T13:35:29.014+0000] {dagbag.py:545} INFO - Filling up the DagBag from /home/airflow/.local/lib/python3.12/site-packages/airflow/example_dags/example_sensor_decorator.py
[2026-08-13T13:35:29.034+0000] {processor.py:840} INFO - DAG(s) 'example_sensor_decorator' retrieved from /home/airflow/.local/lib/python3.12/site-packages/airflow/example_dags/example_sensor_decorator.py
[2026-08-13T13:35:29.086+0000] {logging_mixin.py:188} INFO - [2026-08-13T13:35:29.086+0000] {dag.py:3089} INFO - Sync 1 DAGs
[2026-08-13T13:35:29.113+0000] {logging_mixin.py:188} INFO - [2026-08-13T13:35:29.113+0000] {dag.py:3947} INFO - Setting next_dagrun for example_sensor_decorator to None, run_after=None
[2026-08-13T13:35:29.153+0000] {processor.py:183} INFO - Processing /home/airflow/.local/lib/python3.12/site-packages/airflow/example_dags/example_sensor_decorator.py took 0.161 seconds
[2026-08-13T13:36:01.727+0000] {processor.py:161} INFO - Started process (PID=1607) to work on /home/airflow/.local/lib/python3.12/site-packages/airflow/example_dags/example_sensor_decorator.py
[2026-08-13T13:36:01.730+0000] {processor.py:830} INFO - Processing file /home/airflow/.local/lib/python3.12/site-packages/airflow/example_dags/example_sensor_decorator.py for tasks to queue
[2026-08-13T13:36:01.734+0000] {logging_mixin.py:188} INFO - [2026-08-13T13:36:01.734+0000] {dagbag.py:545} INFO - Filling up the DagBag from /home/airflow/.local/lib/python3.12/site-packages/airflow/example_dags/example_sensor_decorator.py
[2026-08-13T13:36:01.752+0000] {processor.py:840} INFO - DAG(s) 'example_sensor_decorator' retrieved from /home/airflow/.local/lib/python3.12/site-packages/airflow/example_dags/example_sensor_decorator.py
[2026-08-13T13:36:01.802+0000] {logging_mixin.py:188} INFO - [2026-08-13T13:36:01.801+0000] {dag.py:3089} INFO - Sync 1 DAGs
[2026-08-13T13:36:01.843+0000] {logging_mixin.py:188} INFO - [2026-08-13T13:36:01.843+0000] {dag.py:3947} INFO - Setting next_dagrun for example_sensor_decorator to None, run_after=None
[2026-08-13T13:36:01.895+0000] {processor.py:183} INFO - Processing /home/airflow/.local/lib/python3.12/site-packages/airflow/example_dags/example_sensor_decorator.py took 0.176 seconds
[2026-08-13T13:36:34.358+0000] {processor.py:161} INFO - Started process (PID=1680) to work on /home/airflow/.local/lib/python3.12/site-packages/airflow/example_dags/example_sensor_decorator.py
[2026-08-13T13:36:34.361+0000] {processor.py:830} INFO - Processing file /home/airflow/.local/lib/python3.12/site-packages/airflow/example_dags/example_sensor_decorator.py for tasks to queue
[2026-08-13T13:36:34.368+0000] {logging_mixin.py:188} INFO - [2026-08-13T13:36:34.367+0000] {dagbag.py:545} INFO - Filling up the DagBag from /home/airflow/.local/lib/python3.12/site-packages/airflow/example_dags/example_sensor_decorator.py
[2026-08-13T13:36:34.389+0000] {processor.py:840} INFO - DAG(s) 'example_sensor_decorator' retrieved from /home/airflow/.local/lib/python3.12/site-packages/airflow/example_dags/example_sensor_decorator.py
[2026-08-13T13:36:34.437+0000] {logging_mixin.py:188} INFO - [2026-08-13T13:36:34.437+0000] {dag.py:3089} INFO - Sync 1 DAGs
[2026-08-13T13:36:34.461+0000] {logging_mixin.py:188} INFO - [2026-08-13T13:36:34.460+0000] {dag.py:3947} INFO - Setting next_dagrun for example_sensor_decorator to None, run_after=None
[2026-08-13T13:36:34.502+0000] {processor.py:183} INFO - Processing /home/airflow/.local/lib/python3.12/site-packages/airflow/example_dags/example_sensor_decorator.py took 0.157 seconds
[2026-08-13T13:37:07.197+0000] {processor.py:161} INFO - Started process (PID=1753) to work on /home/airflow/.local/lib/python3.12/site-packages/airflow/example_dags/example_sensor_decorator.py
[2026-08-13T13:37:07.200+0000] {processor.py:830} INFO - Processing file /home/airflow/.local/lib/python3.12/site-packages/airflow/example_dags/example_sensor_decorator.py for tasks to queue
[2026-08-13T13:37:07.206+0000] {logging_mixin.py:188} INFO - [2026-08-13T13:37:07.205+0000] {dagbag.py:545} INFO - Filling up the DagBag from /home/airflow/.local/lib/python3.12/site-packages/airflow/example_dags/example_sensor_decorator.py
[2026-08-13T13:37:07.224+0000] {processor.py:840} INFO - DAG(s) 'example_sensor_decorator' retrieved from /home/airflow/.local/lib/python3.12/site-packages/airflow/example_dags/example_sensor_decorator.py
[2026-08-13T13:37:07.272+0000] {logging_mixin.py:188} INFO - [2026-08-13T13:37:07.272+0000] {dag.py:3089} INFO - Sync 1 DAGs
[2026-08-13T13:37:07.307+0000] {logging_mixin.py:188} INFO - [2026-08-13T13:37:07.306+0000] {dag.py:3947} INFO - Setting next_dagrun for example_sensor_decorator to None, run_after=None
[2026-08-13T13:37:07.363+0000] {processor.py:183} INFO - Processing /home/airflow/.local/lib/python3.12/site-packages/airflow/example_dags/example_sensor_decorator.py took 0.180 seconds
[2026-08-13T13:37:39.851+0000] {processor.py:161} INFO - Started process (PID=1827) to work on /home/airflow/.local/lib/python3.12/site-packages/airflow/example_dags/example_sensor_decorator.py
[2026-08-13T13:37:39.860+0000] {processor.py:830} INFO - Processing file /home/airflow/.local/lib/python3.12/site-packages/airflow/example_dags/example_sensor_decorator.py for tasks to queue
[2026-08-13T13:37:39.888+0000] {logging_mixin.py:188} INFO - [2026-08-13T13:37:39.887+0000] {dagbag.py:545} INFO - Filling up the DagBag from /home/airflow/.local/lib/python3.12/site-packages/airflow/example_dags/example_sensor_decorator.py
[2026-08-13T13:37:39.964+0000] {processor.py:840} INFO - DAG(s) 'example_sensor_decorator' retrieved from /home/airflow/.local/lib/python3.12/site-packages/airflow/example_dags/example_sensor_decorator.py
[2026-08-13T13:37:40.042+0000] {logging_mixin.py:188} INFO - [2026-08-13T13:37:40.041+0000] {dag.py:3089} INFO - Sync 1 DAGs
[2026-08-13T13:37:40.097+0000] {logging_mixin.py:188} INFO - [2026-08-13T13:37:40.097+0000] {dag.py:3947} INFO - Setting next_dagrun for example_sensor_decorator to None, run_after=None
[2026-08-13T13:37:40.178+0000] {processor.py:183} INFO - Processing /home/airflow/.local/lib/python3.12/site-packages/airflow/example_dags/example_sensor_decorator.py took 0.383 seconds
[2026-08-13T13:38:13.013+0000] {processor.py:161} INFO - Started process (PID=1901) to work on /home/airflow/.local/lib/python3.12/site-packages/airflow/example_dags/example_sensor_decorator.py
[2026-08-13T13:38:13.016+0000] {processor.py:830} INFO - Processing file /home/airflow/.local/lib/python3.12/site-packages/airflow/example_dags/example_sensor_decorator.py for tasks to queue
[2026-08-13T13:38:13.023+0000] {logging_mixin.py:188} INFO - [2026-08-13T13:38:13.021+0000] {dagbag.py:545} INFO - Filling up the DagBag from /home/airflow/.local/lib/python3.12/site-packages/airflow/example_dags/example_sensor_decorator.py
[2026-08-13T13:38:13.042+0000] {processor.py:840} INFO - DAG(s) 'example_sensor_decorator' retrieved from /home/airflow/.local/lib/python3.12/site-packages/airflow/example_dags/example_sensor_decorator.py
[2026-08-13T13:38:13.093+0000] {logging_mixin.py:188} INFO - [2026-08-13T13:38:13.092+0000] {dag.py:3089} INFO - Sync 1 DAGs
[2026-08-13T13:38:13.126+0000] {logging_mixin.py:188} INFO - [2026-08-13T13:38:13.126+0000] {dag.py:3947} INFO - Setting next_dagrun for example_sensor_decorator to None, run_after=None
[2026-08-13T13:38:13.172+0000] {processor.py:183} INFO - Processing /home/airflow/.local/lib/python3.12/site-packages/airflow/example_dags/example_sensor_decorator.py took 0.173 seconds
[2026-08-13T13:38:46.828+0000] {processor.py:161} INFO - Started process (PID=1975) to work on /home/airflow/.local/lib/python3.12/site-packages/airflow/example_dags/example_sensor_decorator.py
[2026-08-13T13:38:46.830+0000] {processor.py:830} INFO - Processing file /home/airflow/.local/lib/python3.12/site-packages/airflow/example_dags/example_sensor_decorator.py for tasks to queue
[2026-08-13T13:38:46.838+0000] {logging_mixin.py:188} INFO - [2026-08-13T13:38:46.837+0000] {dagbag.py:545} INFO - Filling up the DagBag from /home/airflow/.local/lib/python3.12/site-packages/airflow/example_dags/example_sensor_decorator.py
[2026-08-13T13:38:46.853+0000] {processor.py:840} INFO - DAG(s) 'example_sensor_decorator' retrieved from /home/airflow/.local/lib/python3.12/site-packages/airflow/example_dags/example_sensor_decorator.py
[2026-08-13T13:38:46.909+0000] {logging_mixin.py:188} INFO - [2026-08-13T13:38:46.908+0000] {dag.py:3089} INFO - Sync 1 DAGs
[2026-08-13T13:38:46.943+0000] {logging_mixin.py:188} INFO - [2026-08-13T13:38:46.943+0000] {dag.py:3947} INFO - Setting next_dagrun for example_sensor_decorator to None, run_after=None
[2026-08-13T13:38:46.992+0000] {processor.py:183} INFO - Processing /home/airflow/.local/lib/python3.12/site-packages/airflow/example_dags/example_sensor_decorator.py took 0.174 seconds
[2026-08-13T13:39:20.136+0000] {processor.py:161} INFO - Started process (PID=2049) to work on /home/airflow/.local/lib/python3.12/site-packages/airflow/example_dags/example_sensor_decorator.py
[2026-08-13T13:39:20.140+0000] {processor.py:830} INFO - Processing file /home/airflow/.local/lib/python3.12/site-packages/airflow/example_dags/example_sensor_decorator.py for tasks to queue
[2026-08-13T13:39:20.152+0000] {logging_mixin.py:188} INFO - [2026-08-13T13:39:20.148+0000] {dagbag.py:545} INFO - Filling up the DagBag from /home/airflow/.local/lib/python3.12/site-packages/airflow/example_dags/example_sensor_decorator.py
[2026-08-13T13:39:20.192+0000] {processor.py:840} INFO - DAG(s) 'example_sensor_decorator' retrieved from /home/airflow/.local/lib/python3.12/site-packages/airflow/example_dags/example_sensor_decorator.py
[2026-08-13T13:39:20.262+0000] {logging_mixin.py:188} INFO - [2026-08-13T13:39:20.261+0000] {dag.py:3089} INFO - Sync 1 DAGs
[2026-08-13T13:39:20.313+0000] {logging_mixin.py:188} INFO - [2026-08-13T13:39:20.312+0000] {dag.py:3947} INFO - Setting next_dagrun for example_sensor_decorator to None, run_after=None
[2026-08-13T13:39:20.418+0000] {processor.py:183} INFO - Processing /home/airflow/.local/lib/python3.12/site-packages/airflow/example_dags/example_sensor_decorator.py took 0.306 seconds
[2026-08-13T13:39:52.875+0000] {processor.py:161} INFO - Started process (PID=2122) to work on /home/airflow/.local/lib/python3.12/site-packages/airflow/example_dags/example_sensor_decorator.py
[2026-08-13T13:39:52.881+0000] {processor.py:830} INFO - Processing file /home/airflow/.local/lib/python3.12/site-packages/airflow/example_dags/example_sensor_decorator.py for tasks to queue
[2026-08-13T13:39:52.891+0000] {logging_mixin.py:188} INFO - [2026-08-13T13:39:52.890+0000] {dagbag.py:545} INFO - Filling up the DagBag from /home/airflow/.local/lib/python3.12/site-packages/airflow/example_dags/example_sensor_decorator.py
[2026-08-13T13:39:52.933+0000] {processor.py:840} INFO - DAG(s) 'example_sensor_decorator' retrieved from /home/airflow/.local/lib/python3.12/site-packages/airflow/example_dags/example_sensor_decorator.py
[2026-08-13T13:39:53.011+0000] {logging_mixin.py:188} INFO - [2026-08-13T13:39:53.010+0000] {dag.py:3089} INFO - Sync 1 DAGs
[2026-08-13T13:39:53.045+0000] {logging_mixin.py:188} INFO - [2026-08-13T13:39:53.045+0000] {dag.py:3947} INFO - Setting next_dagrun for example_sensor_decorator to None, run_after=None
[2026-08-13T13:39:53.100+0000] {processor.py:183} INFO - Processing /home/airflow/.local/lib/python3.12/site-packages/airflow/example_dags/example_sensor_decorator.py took 0.246 seconds
[2026-08-13T13:40:25.528+0000] {processor.py:161} INFO - Started process (PID=2194) to work on /home/airflow/.local/lib/python3.12/site-packages/airflow/example_dags/example_sensor_decorator.py
[2026-08-13T13:40:25.531+0000] {processor.py:830} INFO - Processing file /home/airflow/.local/lib/python3.12/site-packages/airflow/example_dags/example_sensor_decorator.py for tasks to queue
[2026-08-13T13:40:25.537+0000] {logging_mixin.py:188} INFO - [2026-08-13T13:40:25.536+0000] {dagbag.py:545} INFO - Filling up the DagBag from /home/airflow/.local/lib/python3.12/site-packages/airflow/example_dags/example_sensor_decorator.py
[2026-08-13T13:40:25.559+0000] {processor.py:840} INFO - DAG(s) 'example_sensor_decorator' retrieved from /home/airflow/.local/lib/python3.12/site-packages/airflow/example_dags/example_sensor_decorator.py
[2026-08-13T13:40:25.640+0000] {logging_mixin.py:188} INFO - [2026-08-13T13:40:25.637+0000] {dag.py:3089} INFO - Sync 1 DAGs
[2026-08-13T13:40:25.715+0000] {logging_mixin.py:188} INFO - [2026-08-13T13:40:25.714+0000] {dag.py:3947} INFO - Setting next_dagrun for example_sensor_decorator to None, run_after=None
[2026-08-13T13:40:25.784+0000] {processor.py:183} INFO - Processing /home/airflow/.local/lib/python3.12/site-packages/airflow/example_dags/example_sensor_decorator.py took 0.269 seconds
[2026-08-13T13:40:57.476+0000] {processor.py:161} INFO - Started process (PID=2265) to work on /home/airflow/.local/lib/python3.12/site-packages/airflow/example_dags/example_sensor_decorator.py
[2026-08-13T13:40:57.479+0000] {processor.py:830} INFO - Processing file /home/airflow/.local/lib/python3.12/site-packages/airflow/example_dags/example_sensor_decorator.py for tasks to queue
[2026-08-13T13:40:57.487+0000] {logging_mixin.py:188} INFO - [2026-08-13T13:40:57.486+0000] {dagbag.py:545} INFO - Filling up the DagBag from /home/airflow/.local/lib/python3.12/site-packages/airflow/example_dags/example_sensor_decorator.py
[2026-08-13T13:40:57.508+0000] {processor.py:840} INFO - DAG(s) 'example_sensor_decorator' retrieved from /home/airflow/.local/lib/python3.12/site-packages/airflow/example_dags/example_sensor_decorator.py
[2026-08-13T13:40:57.578+0000] {logging_mixin.py:188} INFO - [2026-08-13T13:40:57.577+0000] {dag.py:3089} INFO - Sync 1 DAGs
[2026-08-13T13:40:57.617+0000] {logging_mixin.py:188} INFO - [2026-08-13T13:40:57.617+0000] {dag.py:3947} INFO - Setting next_dagrun for example_sensor_decorator to None, run_after=None
[2026-08-13T13:40:58.200+0000] {processor.py:183} INFO - Processing /home/airflow/.local/lib/python3.12/site-packages/airflow/example_dags/example_sensor_decorator.py took 0.744 seconds
[2026-08-13T13:41:28.774+0000] {processor.py:161} INFO - Started process (PID=2330) to work on /home/airflow/.local/lib/python3.12/site-packages/airflow/example_dags/example_sensor_decorator.py
[2026-08-13T13:41:28.777+0000] {processor.py:830} INFO - Processing file /home/airflow/.local/lib/python3.12/site-packages/airflow/example_dags/example_sensor_decorator.py for tasks to queue
[2026-08-13T13:41:28.783+0000] {logging_mixin.py:188} INFO - [2026-08-13T13:41:28.782+0000] {dagbag.py:545} INFO - Filling up the DagBag from /home/airflow/.local/lib/python3.12/site-packages/airflow/example_dags/example_sensor_decorator.py
[2026-08-13T13:41:28.802+0000] {processor.py:840} INFO - DAG(s) 'example_sensor_decorator' retrieved from /home/airflow/.local/lib/python3.12/site-packages/airflow/example_dags/example_sensor_decorator.py
[2026-08-13T13:41:28.859+0000] {logging_mixin.py:188} INFO - [2026-08-13T13:41:28.858+0000] {dag.py:3089} INFO - Sync 1 DAGs
[2026-08-13T13:41:28.894+0000] {logging_mixin.py:188} INFO - [2026-08-13T13:41:28.894+0000] {dag.py:3947} INFO - Setting next_dagrun for example_sensor_decorator to None, run_after=None
[2026-08-13T13:41:28.962+0000] {processor.py:183} INFO - Processing /home/airflow/.local/lib/python3.12/site-packages/airflow/example_dags/example_sensor_decorator.py took 0.201 seconds
[2026-08-13T13:41:59.277+0000] {processor.py:161} INFO - Started process (PID=2402) to work on /home/airflow/.local/lib/python3.12/site-packages/airflow/example_dags/example_sensor_decorator.py
[2026-08-13T13:41:59.283+0000] {processor.py:830} INFO - Processing file /home/airflow/.local/lib/python3.12/site-packages/airflow/example_dags/example_sensor_decorator.py for tasks to queue
[2026-08-13T13:41:59.292+0000] {logging_mixin.py:188} INFO - [2026-08-13T13:41:59.291+0000] {dagbag.py:545} INFO - Filling up the DagBag from /home/airflow/.local/lib/python3.12/site-packages/airflow/example_dags/example_sensor_decorator.py
[2026-08-13T13:41:59.314+0000] {processor.py:840} INFO - DAG(s) 'example_sensor_decorator' retrieved from /home/airflow/.local/lib/python3.12/site-packages/airflow/example_dags/example_sensor_decorator.py
[2026-08-13T13:41:59.361+0000] {logging_mixin.py:188} INFO - [2026-08-13T13:41:59.361+0000] {dag.py:3089} INFO - Sync 1 DAGs
[2026-08-13T13:41:59.391+0000] {logging_mixin.py:188} INFO - [2026-08-13T13:41:59.391+0000] {dag.py:3947} INFO - Setting next_dagrun for example_sensor_decorator to None, run_after=None
[2026-08-13T13:41:59.439+0000] {processor.py:183} INFO - Processing /home/airflow/.local/lib/python3.12/site-packages/airflow/example_dags/example_sensor_decorator.py took 0.181 seconds
[2026-08-13T13:42:29.984+0000] {processor.py:161} INFO - Started process (PID=2475) to work on /home/airflow/.local/lib/python3.12/site-packages/airflow/example_dags/example_sensor_decorator.py
[2026-08-13T13:42:29.989+0000] {processor.py:830} INFO - Processing file /home/airflow/.local/lib/python3.12/site-packages/airflow/example_dags/example_sensor_decorator.py for tasks to queue
[2026-08-13T13:42:29.998+0000] {logging_mixin.py:188} INFO - [2026-08-13T13:42:29.997+0000] {dagbag.py:545} INFO - Filling up the DagBag from /home/airflow/.local/lib/python3.12/site-packages/airflow/example_dags/example_sensor_decorator.py
[2026-08-13T13:42:30.057+0000] {processor.py:840} INFO - DAG(s) 'example_sensor_decorator' retrieved from /home/airflow/.local/lib/python3.12/site-packages/airflow/example_dags/example_sensor_decorator.py
[2026-08-13T13:42:30.153+0000] {logging_mixin.py:188} INFO - [2026-08-13T13:42:30.153+0000] {dag.py:3089} INFO - Sync 1 DAGs
[2026-08-13T13:42:30.232+0000] {logging_mixin.py:188} INFO - [2026-08-13T13:42:30.231+0000] {dag.py:3947} INFO - Setting next_dagrun for example_sensor_decorator to None, run_after=None
[2026-08-13T13:42:30.332+0000] {processor.py:183} INFO - Processing /home/airflow/.local/lib/python3.12/site-packages/airflow/example_dags/example_sensor_decorator.py took 0.404 seconds
[2026-08-13T13:43:00.671+0000] {processor.py:161} INFO - Started process (PID=2548) to work on /home/airflow/.local/lib/python3.12/site-packages/airflow/example_dags/example_sensor_decorator.py
[2026-08-13T13:43:00.674+0000] {processor.py:830} INFO - Processing file /home/airflow/.local/lib/python3.12/site-packages/airflow/example_dags/example_sensor_decorator.py for tasks to queue
[2026-08-13T13:43:00.681+0000] {logging_mixin.py:188} INFO - [2026-08-13T13:43:00.680+0000] {dagbag.py:545} INFO - Filling up the DagBag from /home/airflow/.local/lib/python3.12/site-packages/airflow/example_dags/example_sensor_decorator.py
[2026-08-13T13:43:00.698+0000] {processor.py:840} INFO - DAG(s) 'example_sensor_decorator' retrieved from /home/airflow/.local/lib/python3.12/site-packages/airflow/example_dags/example_sensor_decorator.py
[2026-08-13T13:43:00.743+0000] {logging_mixin.py:188} INFO - [2026-08-13T13:43:00.742+0000] {dag.py:3089} INFO - Sync 1 DAGs
[2026-08-13T13:43:00.774+0000] {logging_mixin.py:188} INFO - [2026-08-13T13:43:00.774+0000] {dag.py:3947} INFO - Setting next_dagrun for example_sensor_decorator to None, run_after=None
[2026-08-13T13:43:00.826+0000] {processor.py:183} INFO - Processing /home/airflow/.local/lib/python3.12/site-packages/airflow/example_dags/example_sensor_decorator.py took 0.168 seconds
[2026-08-13T13:43:31.058+0000] {processor.py:161} INFO - Started process (PID=2613) to work on /home/airflow/.local/lib/python3.12/site-packages/airflow/example_dags/example_sensor_decorator.py
[2026-08-13T13:43:31.061+0000] {processor.py:830} INFO - Processing file /home/airflow/.local/lib/python3.12/site-packages/airflow/example_dags/example_sensor_decorator.py for tasks to queue
[2026-08-13T13:43:31.068+0000] {logging_mixin.py:188} INFO - [2026-08-13T13:43:31.067+0000] {dagbag.py:545} INFO - Filling up the DagBag from /home/airflow/.local/lib/python3.12/site-packages/airflow/example_dags/example_sensor_decorator.py
[2026-08-13T13:43:31.085+0000] {processor.py:840} INFO - DAG(s) 'example_sensor_decorator' retrieved from /home/airflow/.local/lib/python3.12/site-packages/airflow/example_dags/example_sensor_decorator.py
[2026-08-13T13:43:31.131+0000] {logging_mixin.py:188} INFO - [2026-08-13T13:43:31.131+0000] {dag.py:3089} INFO - Sync 1 DAGs
[2026-08-13T13:43:31.162+0000] {logging_mixin.py:188} INFO - [2026-08-13T13:43:31.162+0000] {dag.py:3947} INFO - Setting next_dagrun for example_sensor_decorator to None, run_after=None
[2026-08-13T13:43:31.232+0000] {processor.py:183} INFO - Processing /home/airflow/.local/lib/python3.12/site-packages/airflow/example_dags/example_sensor_decorator.py took 0.187 seconds
[2026-08-13T13:44:01.612+0000] {processor.py:161} INFO - Started process (PID=2685) to work on /home/airflow/.local/lib/python3.12/site-packages/airflow/example_dags/example_sensor_decorator.py
[2026-08-13T13:44:01.615+0000] {processor.py:830} INFO - Processing file /home/airflow/.local/lib/python3.12/site-packages/airflow/example_dags/example_sensor_decorator.py for tasks to queue
[2026-08-13T13:44:01.623+0000] {logging_mixin.py:188} INFO - [2026-08-13T13:44:01.622+0000] {dagbag.py:545} INFO - Filling up the DagBag from /home/airflow/.local/lib/python3.12/site-packages/airflow/example_dags/example_sensor_decorator.py
[2026-08-13T13:44:01.638+0000] {processor.py:840} INFO - DAG(s) 'example_sensor_decorator' retrieved from /home/airflow/.local/lib/python3.12/site-packages/airflow/example_dags/example_sensor_decorator.py
[2026-08-13T13:44:01.686+0000] {logging_mixin.py:188} INFO - [2026-08-13T13:44:01.686+0000] {dag.py:3089} INFO - Sync 1 DAGs
[2026-08-13T13:44:01.711+0000] {logging_mixin.py:188} INFO - [2026-08-13T13:44:01.711+0000] {dag.py:3947} INFO - Setting next_dagrun for example_sensor_decorator to None, run_after=None
[2026-08-13T13:44:01.781+0000] {processor.py:183} INFO - Processing /home/airflow/.local/lib/python3.12/site-packages/airflow/example_dags/example_sensor_decorator.py took 0.179 seconds
[2026-08-13T13:44:31.990+0000] {processor.py:161} INFO - Started process (PID=2758) to work on /home/airflow/.local/lib/python3.12/site-packages/airflow/example_dags/example_sensor_decorator.py
[2026-08-13T13:44:31.993+0000] {processor.py:830} INFO - Processing file /home/airflow/.local/lib/python3.12/site-packages/airflow/example_dags/example_sensor_decorator.py for tasks to queue
[2026-08-13T13:44:31.997+0000] {logging_mixin.py:188} INFO - [2026-08-13T13:44:31.996+0000] {dagbag.py:545} INFO - Filling up the DagBag from /home/airflow/.local/lib/python3.12/site-packages/airflow/example_dags/example_sensor_decorator.py
[2026-08-13T13:44:32.010+0000] {processor.py:840} INFO - DAG(s) 'example_sensor_decorator' retrieved from /home/airflow/.local/lib/python3.12/site-packages/airflow/example_dags/example_sensor_decorator.py
[2026-08-13T13:44:32.051+0000] {logging_mixin.py:188} INFO - [2026-08-13T13:44:32.051+0000] {dag.py:3089} INFO - Sync 1 DAGs
[2026-08-13T13:44:32.071+0000] {logging_mixin.py:188} INFO - [2026-08-13T13:44:32.071+0000] {dag.py:3947} INFO - Setting next_dagrun for example_sensor_decorator to None, run_after=None
[2026-08-13T13:44:32.105+0000] {processor.py:183} INFO - Processing /home/airflow/.local/lib/python3.12/site-packages/airflow/example_dags/example_sensor_decorator.py took 0.124 seconds
[2026-08-13T13:45:02.285+0000] {processor.py:161} INFO - Started process (PID=2829) to work on /home/airflow/.local/lib/python3.12/site-packages/airflow/example_dags/example_sensor_decorator.py
[2026-08-13T13:45:02.288+0000] {processor.py:830} INFO - Processing file /home/airflow/.local/lib/python3.12/site-packages/airflow/example_dags/example_sensor_decorator.py for tasks to queue
[2026-08-13T13:45:02.292+0000] {logging_mixin.py:188} INFO - [2026-08-13T13:45:02.291+0000] {dagbag.py:545} INFO - Filling up the DagBag from /home/airflow/.local/lib/python3.12/site-packages/airflow/example_dags/example_sensor_decorator.py
[2026-08-13T13:45:02.307+0000] {processor.py:840} INFO - DAG(s) 'example_sensor_decorator' retrieved from /home/airflow/.local/lib/python3.12/site-packages/airflow/example_dags/example_sensor_decorator.py
[2026-08-13T13:45:02.341+0000] {logging_mixin.py:188} INFO - [2026-08-13T13:45:02.340+0000] {dag.py:3089} INFO - Sync 1 DAGs
[2026-08-13T13:45:02.362+0000] {logging_mixin.py:188} INFO - [2026-08-13T13:45:02.361+0000] {dag.py:3947} INFO - Setting next_dagrun for example_sensor_decorator to None, run_after=None
[2026-08-13T13:45:02.395+0000] {processor.py:183} INFO - Processing /home/airflow/.local/lib/python3.12/site-packages/airflow/example_dags/example_sensor_decorator.py took 0.120 seconds
[2026-08-13T13:45:33.117+0000] {processor.py:161} INFO - Started process (PID=2901) to work on /home/airflow/.local/lib/python3.12/site-packages/airflow/example_dags/example_sensor_decorator.py
[2026-08-13T13:45:33.120+0000] {processor.py:830} INFO - Processing file /home/airflow/.local/lib/python3.12/site-packages/airflow/example_dags/example_sensor_decorator.py for tasks to queue
[2026-08-13T13:45:33.125+0000] {logging_mixin.py:188} INFO - [2026-08-13T13:45:33.125+0000] {dagbag.py:545} INFO - Filling up the DagBag from /home/airflow/.local/lib/python3.12/site-packages/airflow/example_dags/example_sensor_decorator.py
[2026-08-13T13:45:33.139+0000] {processor.py:840} INFO - DAG(s) 'example_sensor_decorator' retrieved from /home/airflow/.local/lib/python3.12/site-packages/airflow/example_dags/example_sensor_decorator.py
[2026-08-13T13:45:33.191+0000] {logging_mixin.py:188} INFO - [2026-08-13T13:45:33.190+0000] {dag.py:3089} INFO - Sync 1 DAGs
[2026-08-13T13:45:33.233+0000] {logging_mixin.py:188} INFO - [2026-08-13T13:45:33.232+0000] {dag.py:3947} INFO - Setting next_dagrun for example_sensor_decorator to None, run_after=None
[2026-08-13T13:45:33.291+0000] {processor.py:183} INFO - Processing /home/airflow/.local/lib/python3.12/site-packages/airflow/example_dags/example_sensor_decorator.py took 0.187 seconds
[2026-08-13T13:46:03.646+0000] {processor.py:161} INFO - Started process (PID=2973) to work on /home/airflow/.local/lib/python3.12/site-packages/airflow/example_dags/example_sensor_decorator.py
[2026-08-13T13:46:03.649+0000] {processor.py:830} INFO - Processing file /home/airflow/.local/lib/python3.12/site-packages/airflow/example_dags/example_sensor_decorator.py for tasks to queue
[2026-08-13T13:46:03.653+0000] {logging_mixin.py:188} INFO - [2026-08-13T13:46:03.653+0000] {dagbag.py:545} INFO - Filling up the DagBag from /home/airflow/.local/lib/python3.12/site-packages/airflow/example_dags/example_sensor_decorator.py
[2026-08-13T13:46:03.671+0000] {processor.py:840} INFO - DAG(s) 'example_sensor_decorator' retrieved from /home/airflow/.local/lib/python3.12/site-packages/airflow/example_dags/example_sensor_decorator.py
[2026-08-13T13:46:03.712+0000] {logging_mixin.py:188} INFO - [2026-08-13T13:46:03.711+0000] {dag.py:3089} INFO - Sync 1 DAGs
[2026-08-13T13:46:03.745+0000] {logging_mixin.py:188} INFO - [2026-08-13T13:46:03.744+0000] {dag.py:3947} INFO - Setting next_dagrun for example_sensor_decorator to None, run_after=None
[2026-08-13T13:46:03.797+0000] {processor.py:183} INFO - Processing /home/airflow/.local/lib/python3.12/site-packages/airflow/example_dags/example_sensor_decorator.py took 0.161 seconds
[2026-08-13T13:46:34.293+0000] {processor.py:161} INFO - Started process (PID=3047) to work on /home/airflow/.local/lib/python3.12/site-packages/airflow/example_dags/example_sensor_decorator.py
[2026-08-13T13:46:34.309+0000] {processor.py:830} INFO - Processing file /home/airflow/.local/lib/python3.12/site-packages/airflow/example_dags/example_sensor_decorator.py for tasks to queue
[2026-08-13T13:46:34.328+0000] {logging_mixin.py:188} INFO - [2026-08-13T13:46:34.327+0000] {dagbag.py:545} INFO - Filling up the DagBag from /home/airflow/.local/lib/python3.12/site-packages/airflow/example_dags/example_sensor_decorator.py
[2026-08-13T13:46:34.380+0000] {processor.py:840} INFO - DAG(s) 'example_sensor_decorator' retrieved from /home/airflow/.local/lib/python3.12/site-packages/airflow/example_dags/example_sensor_decorator.py
[2026-08-13T13:46:34.479+0000] {logging_mixin.py:188} INFO - [2026-08-13T13:46:34.478+0000] {dag.py:3089} INFO - Sync 1 DAGs
[2026-08-13T13:46:34.560+0000] {logging_mixin.py:188} INFO - [2026-08-13T13:46:34.559+0000] {dag.py:3947} INFO - Setting next_dagrun for example_sensor_decorator to None, run_after=None
[2026-08-13T13:46:34.625+0000] {processor.py:183} INFO - Processing /home/airflow/.local/lib/python3.12/site-packages/airflow/example_dags/example_sensor_decorator.py took 0.358 seconds
[2026-08-13T13:47:04.956+0000] {processor.py:161} INFO - Started process (PID=3113) to work on /home/airflow/.local/lib/python3.12/site-packages/airflow/example_dags/example_sensor_decorator.py
[2026-08-13T13:47:04.962+0000] {processor.py:830} INFO - Processing file /home/airflow/.local/lib/python3.12/site-packages/airflow/example_dags/example_sensor_decorator.py for tasks to queue
[2026-08-13T13:47:04.969+0000] {logging_mixin.py:188} INFO - [2026-08-13T13:47:04.967+0000] {dagbag.py:545} INFO - Filling up the DagBag from /home/airflow/.local/lib/python3.12/site-packages/airflow/example_dags/example_sensor_decorator.py
[2026-08-13T13:47:04.993+0000] {processor.py:840} INFO - DAG(s) 'example_sensor_decorator' retrieved from /home/airflow/.local/lib/python3.12/site-packages/airflow/example_dags/example_sensor_decorator.py
[2026-08-13T13:47:05.084+0000] {logging_mixin.py:188} INFO - [2026-08-13T13:47:05.084+0000] {dag.py:3089} INFO - Sync 1 DAGs
[2026-08-13T13:47:05.133+0000] {logging_mixin.py:188} INFO - [2026-08-13T13:47:05.132+0000] {dag.py:3947} INFO - Setting next_dagrun for example_sensor_decorator to None, run_after=None
[2026-08-13T13:47:05.196+0000] {processor.py:183} INFO - Processing /home/airflow/.local/lib/python3.12/site-packages/airflow/example_dags/example_sensor_decorator.py took 0.259 seconds
[2026-08-13T13:47:35.339+0000] {processor.py:161} INFO - Started process (PID=3183) to work on /home/airflow/.local/lib/python3.12/site-packages/airflow/example_dags/example_sensor_decorator.py
[2026-08-13T13:47:35.342+0000] {processor.py:830} INFO - Processing file /home/airflow/.local/lib/python3.12/site-packages/airflow/example_dags/example_sensor_decorator.py for tasks to queue
[2026-08-13T13:47:35.348+0000] {logging_mixin.py:188} INFO - [2026-08-13T13:47:35.347+0000] {dagbag.py:545} INFO - Filling up the DagBag from /home/airflow/.local/lib/python3.12/site-packages/airflow/example_dags/example_sensor_decorator.py
[2026-08-13T13:47:35.361+0000] {processor.py:840} INFO - DAG(s) 'example_sensor_decorator' retrieved from /home/airflow/.local/lib/python3.12/site-packages/airflow/example_dags/example_sensor_decorator.py
[2026-08-13T13:47:35.410+0000] {logging_mixin.py:188} INFO - [2026-08-13T13:47:35.409+0000] {dag.py:3089} INFO - Sync 1 DAGs
[2026-08-13T13:47:35.437+0000] {logging_mixin.py:188} INFO - [2026-08-13T13:47:35.436+0000] {dag.py:3947} INFO - Setting next_dagrun for example_sensor_decorator to None, run_after=None
[2026-08-13T13:47:35.507+0000] {processor.py:183} INFO - Processing /home/airflow/.local/lib/python3.12/site-packages/airflow/example_dags/example_sensor_decorator.py took 0.179 seconds
[2026-08-13T13:48:06.251+0000] {processor.py:161} INFO - Started process (PID=3256) to work on /home/airflow/.local/lib/python3.12/site-packages/airflow/example_dags/example_sensor_decorator.py
[2026-08-13T13:48:06.254+0000] {processor.py:830} INFO - Processing file /home/airflow/.local/lib/python3.12/site-packages/airflow/example_dags/example_sensor_decorator.py for tasks to queue
[2026-08-13T13:48:06.261+0000] {logging_mixin.py:188} INFO - [2026-08-13T13:48:06.260+0000] {dagbag.py:545} INFO - Filling up the DagBag from /home/airflow/.local/lib/python3.12/site-packages/airflow/example_dags/example_sensor_decorator.py
[2026-08-13T13:48:06.284+0000] {processor.py:840} INFO - DAG(s) 'example_sensor_decorator' retrieved from /home/airflow/.local/lib/python3.12/site-packages/airflow/example_dags/example_sensor_decorator.py
[2026-08-13T13:48:06.355+0000] {logging_mixin.py:188} INFO - [2026-08-13T13:48:06.354+0000] {dag.py:3089} INFO - Sync 1 DAGs
[2026-08-13T13:48:06.419+0000] {logging_mixin.py:188} INFO - [2026-08-13T13:48:06.419+0000] {dag.py:3947} INFO - Setting next_dagrun for example_sensor_decorator to None, run_after=None
[2026-08-13T13:48:06.487+0000] {processor.py:183} INFO - Processing /home/airflow/.local/lib/python3.12/site-packages/airflow/example_dags/example_sensor_decorator.py took 0.252 seconds
[2026-08-13T13:48:36.805+0000] {processor.py:161} INFO - Started process (PID=3329) to work on /home/airflow/.local/lib/python3.12/site-packages/airflow/example_dags/example_sensor_decorator.py
[2026-08-13T13:48:36.808+0000] {processor.py:830} INFO - Processing file /home/airflow/.local/lib/python3.12/site-packages/airflow/example_dags/example_sensor_decorator.py for tasks to queue
[2026-08-13T13:48:36.813+0000] {logging_mixin.py:188} INFO - [2026-08-13T13:48:36.812+0000] {dagbag.py:545} INFO - Filling up the DagBag from /home/airflow/.local/lib/python3.12/site-packages/airflow/example_dags/example_sensor_decorator.py
[2026-08-13T13:48:36.825+0000] {processor.py:840} INFO - DAG(s) 'example_sensor_decorator' retrieved from /home/airflow/.local/lib/python3.12/site-packages/airflow/example_dags/example_sensor_decorator.py
[2026-08-13T13:48:36.869+0000] {logging_mixin.py:188} INFO - [2026-08-13T13:48:36.869+0000] {dag.py:3089} INFO - Sync 1 DAGs
[2026-08-13T13:48:36.896+0000] {logging_mixin.py:188} INFO - [2026-08-13T13:48:36.895+0000] {dag.py:3947} INFO - Setting next_dagrun for example_sensor_decorator to None, run_after=None
[2026-08-13T13:48:36.939+0000] {processor.py:183} INFO - Processing /home/airflow/.local/lib/python3.12/site-packages/airflow/example_dags/example_sensor_decorator.py took 0.148 seconds
[2026-08-13T13:49:07.671+0000] {processor.py:161} INFO - Started process (PID=3403) to work on /home/airflow/.local/lib/python3.12/site-packages/airflow/example_dags/example_sensor_decorator.py
[2026-08-13T13:49:07.674+0000] {processor.py:830} INFO - Processing file /home/airflow/.local/lib/python3.12/site-packages/airflow/example_dags/example_sensor_decorator.py for tasks to queue
[2026-08-13T13:49:07.679+0000] {logging_mixin.py:188} INFO - [2026-08-13T13:49:07.678+0000] {dagbag.py:545} INFO - Filling up the DagBag from /home/airflow/.local/lib/python3.12/site-packages/airflow/example_dags/example_sensor_decorator.py
[2026-08-13T13:49:07.697+0000] {processor.py:840} INFO - DAG(s) 'example_sensor_decorator' retrieved from /home/airflow/.local/lib/python3.12/site-packages/airflow/example_dags/example_sensor_decorator.py
[2026-08-13T13:49:07.755+0000] {logging_mixin.py:188} INFO - [2026-08-13T13:49:07.755+0000] {dag.py:3089} INFO - Sync 1 DAGs
[2026-08-13T13:49:07.800+0000] {logging_mixin.py:188} INFO - [2026-08-13T13:49:07.800+0000] {dag.py:3947} INFO - Setting next_dagrun for example_sensor_decorator to None, run_after=None
[2026-08-13T13:49:07.855+0000] {processor.py:183} INFO - Processing /home/airflow/.local/lib/python3.12/site-packages/airflow/example_dags/example_sensor_decorator.py took 0.197 seconds
[2026-08-13T13:49:43.134+0000] {processor.py:161} INFO - Started process (PID=3470) to work on /home/airflow/.local/lib/python3.12/site-packages/airflow/example_dags/example_sensor_decorator.py
[2026-08-13T13:49:43.138+0000] {processor.py:830} INFO - Processing file /home/airflow/.local/lib/python3.12/site-packages/airflow/example_dags/example_sensor_decorator.py for tasks to queue
[2026-08-13T13:49:43.153+0000] {logging_mixin.py:188} INFO - [2026-08-13T13:49:43.152+0000] {dagbag.py:545} INFO - Filling up the DagBag from /home/airflow/.local/lib/python3.12/site-packages/airflow/example_dags/example_sensor_decorator.py
[2026-08-13T13:49:43.194+0000] {processor.py:840} INFO - DAG(s) 'example_sensor_decorator' retrieved from /home/airflow/.local/lib/python3.12/site-packages/airflow/example_dags/example_sensor_decorator.py
[2026-08-13T13:49:43.285+0000] {logging_mixin.py:188} INFO - [2026-08-13T13:49:43.285+0000] {dag.py:3089} INFO - Sync 1 DAGs
[2026-08-13T13:49:43.355+0000] {logging_mixin.py:188} INFO - [2026-08-13T13:49:43.355+0000] {dag.py:3947} INFO - Setting next_dagrun for example_sensor_decorator to None, run_after=None
[2026-08-13T13:49:43.445+0000] {processor.py:183} INFO - Processing /home/airflow/.local/lib/python3.12/site-packages/airflow/example_dags/example_sensor_decorator.py took 0.354 seconds
