[2026-08-13T13:24:17.959+0000] {processor.py:161} INFO - Started process (PID=99) to work on /home/airflow/.local/lib/python3.12/site-packages/airflow/example_dags/example_branch_day_of_week_operator.py
[2026-08-13T13:24:17.962+0000] {processor.py:830} INFO - Processing file /home/airflow/.local/lib/python3.12/site-packages/airflow/example_dags/example_branch_day_of_week_operator.py for tasks to queue
[2026-08-13T13:24:17.970+0000] {logging_mixin.py:188} INFO - [2026-08-13T13:24:17.968+0000] {dagbag.py:545} INFO - Filling up the DagBag from /home/airflow/.local/lib/python3.12/site-packages/airflow/example_dags/example_branch_day_of_week_operator.py
[2026-08-13T13:24:18.009+0000] {processor.py:840} INFO - DAG(s) 'example_weekday_branch_operator' retrieved from /home/airflow/.local/lib/python3.12/site-packages/airflow/example_dags/example_branch_day_of_week_operator.py
[2026-08-13T13:24:18.355+0000] {logging_mixin.py:188} INFO - [2026-08-13T13:24:18.354+0000] {dag.py:3089} INFO - Sync 1 DAGs
[2026-08-13T13:24:18.414+0000] {logging_mixin.py:188} INFO - [2026-08-13T13:24:18.414+0000] {dag.py:3947} INFO - Setting next_dagrun for example_weekday_branch_operator to 2026-08-12 00:00:00+00:00, run_after=2026-08-13 00:00:00+00:00
[2026-08-13T13:24:18.471+0000] {processor.py:183} INFO - Processing /home/airflow/.local/lib/python3.12/site-packages/airflow/example_dags/example_branch_day_of_week_operator.py took 0.527 seconds
[2026-08-13T13:24:51.215+0000] {processor.py:161} INFO - Started process (PID=172) to work on /home/airflow/.local/lib/python3.12/site-packages/airflow/example_dags/example_branch_day_of_week_operator.py
[2026-08-13T13:24:51.220+0000] {processor.py:830} INFO - Processing file /home/airflow/.local/lib/python3.12/site-packages/airflow/example_dags/example_branch_day_of_week_operator.py for tasks to queue
[2026-08-13T13:24:51.227+0000] {logging_mixin.py:188} INFO - [2026-08-13T13:24:51.226+0000] {dagbag.py:545} INFO - Filling up the DagBag from /home/airflow/.local/lib/python3.12/site-packages/airflow/example_dags/example_branch_day_of_week_operator.py
[2026-08-13T13:24:51.249+0000] {processor.py:840} INFO - DAG(s) 'example_weekday_branch_operator' retrieved from /home/airflow/.local/lib/python3.12/site-packages/airflow/example_dags/example_branch_day_of_week_operator.py
[2026-08-13T13:24:51.310+0000] {logging_mixin.py:188} INFO - [2026-08-13T13:24:51.310+0000] {dag.py:3089} INFO - Sync 1 DAGs
[2026-08-13T13:24:51.390+0000] {logging_mixin.py:188} INFO - [2026-08-13T13:24:51.390+0000] {dag.py:3947} INFO - Setting next_dagrun for example_weekday_branch_operator to 2026-08-12 00:00:00+00:00, run_after=2026-08-13 00:00:00+00:00
[2026-08-13T13:24:51.447+0000] {processor.py:183} INFO - Processing /home/airflow/.local/lib/python3.12/site-packages/airflow/example_dags/example_branch_day_of_week_operator.py took 0.246 seconds
[2026-08-13T13:25:49.451+0000] {processor.py:161} INFO - Started process (PID=251) to work on /home/airflow/.local/lib/python3.12/site-packages/airflow/example_dags/example_branch_day_of_week_operator.py
[2026-08-13T13:25:49.474+0000] {processor.py:830} INFO - Processing file /home/airflow/.local/lib/python3.12/site-packages/airflow/example_dags/example_branch_day_of_week_operator.py for tasks to queue
[2026-08-13T13:25:49.490+0000] {logging_mixin.py:188} INFO - [2026-08-13T13:25:49.489+0000] {dagbag.py:545} INFO - Filling up the DagBag from /home/airflow/.local/lib/python3.12/site-packages/airflow/example_dags/example_branch_day_of_week_operator.py
[2026-08-13T13:25:49.519+0000] {processor.py:840} INFO - DAG(s) 'example_weekday_branch_operator' retrieved from /home/airflow/.local/lib/python3.12/site-packages/airflow/example_dags/example_branch_day_of_week_operator.py
[2026-08-13T13:25:49.713+0000] {logging_mixin.py:188} INFO - [2026-08-13T13:25:49.710+0000] {dag.py:3089} INFO - Sync 1 DAGs
[2026-08-13T13:25:50.277+0000] {logging_mixin.py:188} INFO - [2026-08-13T13:25:50.276+0000] {dag.py:3947} INFO - Setting next_dagrun for example_weekday_branch_operator to 2026-08-12 00:00:00+00:00, run_after=2026-08-13 00:00:00+00:00
[2026-08-13T13:25:50.501+0000] {processor.py:183} INFO - Processing /home/airflow/.local/lib/python3.12/site-packages/airflow/example_dags/example_branch_day_of_week_operator.py took 1.316 seconds
[2026-08-13T13:26:20.872+0000] {processor.py:161} INFO - Started process (PID=317) to work on /home/airflow/.local/lib/python3.12/site-packages/airflow/example_dags/example_branch_day_of_week_operator.py
[2026-08-13T13:26:20.883+0000] {processor.py:830} INFO - Processing file /home/airflow/.local/lib/python3.12/site-packages/airflow/example_dags/example_branch_day_of_week_operator.py for tasks to queue
[2026-08-13T13:26:20.905+0000] {logging_mixin.py:188} INFO - [2026-08-13T13:26:20.899+0000] {dagbag.py:545} INFO - Filling up the DagBag from /home/airflow/.local/lib/python3.12/site-packages/airflow/example_dags/example_branch_day_of_week_operator.py
[2026-08-13T13:26:20.950+0000] {processor.py:840} INFO - DAG(s) 'example_weekday_branch_operator' retrieved from /home/airflow/.local/lib/python3.12/site-packages/airflow/example_dags/example_branch_day_of_week_operator.py
[2026-08-13T13:26:21.015+0000] {logging_mixin.py:188} INFO - [2026-08-13T13:26:21.014+0000] {dag.py:3089} INFO - Sync 1 DAGs
[2026-08-13T13:26:21.087+0000] {logging_mixin.py:188} INFO - [2026-08-13T13:26:21.086+0000] {dag.py:3947} INFO - Setting next_dagrun for example_weekday_branch_operator to 2026-08-12 00:00:00+00:00, run_after=2026-08-13 00:00:00+00:00
[2026-08-13T13:26:21.153+0000] {processor.py:183} INFO - Processing /home/airflow/.local/lib/python3.12/site-packages/airflow/example_dags/example_branch_day_of_week_operator.py took 0.329 seconds
[2026-08-13T13:26:51.529+0000] {processor.py:161} INFO - Started process (PID=391) to work on /home/airflow/.local/lib/python3.12/site-packages/airflow/example_dags/example_branch_day_of_week_operator.py
[2026-08-13T13:26:51.532+0000] {processor.py:830} INFO - Processing file /home/airflow/.local/lib/python3.12/site-packages/airflow/example_dags/example_branch_day_of_week_operator.py for tasks to queue
[2026-08-13T13:26:51.537+0000] {logging_mixin.py:188} INFO - [2026-08-13T13:26:51.537+0000] {dagbag.py:545} INFO - Filling up the DagBag from /home/airflow/.local/lib/python3.12/site-packages/airflow/example_dags/example_branch_day_of_week_operator.py
[2026-08-13T13:26:51.551+0000] {processor.py:840} INFO - DAG(s) 'example_weekday_branch_operator' retrieved from /home/airflow/.local/lib/python3.12/site-packages/airflow/example_dags/example_branch_day_of_week_operator.py
[2026-08-13T13:26:51.605+0000] {logging_mixin.py:188} INFO - [2026-08-13T13:26:51.604+0000] {dag.py:3089} INFO - Sync 1 DAGs
[2026-08-13T13:26:51.651+0000] {logging_mixin.py:188} INFO - [2026-08-13T13:26:51.651+0000] {dag.py:3947} INFO - Setting next_dagrun for example_weekday_branch_operator to 2026-08-12 00:00:00+00:00, run_after=2026-08-13 00:00:00+00:00
[2026-08-13T13:26:51.707+0000] {processor.py:183} INFO - Processing /home/airflow/.local/lib/python3.12/site-packages/airflow/example_dags/example_branch_day_of_week_operator.py took 0.191 seconds
[2026-08-13T13:27:23.018+0000] {processor.py:161} INFO - Started process (PID=463) to work on /home/airflow/.local/lib/python3.12/site-packages/airflow/example_dags/example_branch_day_of_week_operator.py
[2026-08-13T13:27:23.024+0000] {processor.py:830} INFO - Processing file /home/airflow/.local/lib/python3.12/site-packages/airflow/example_dags/example_branch_day_of_week_operator.py for tasks to queue
[2026-08-13T13:27:23.032+0000] {logging_mixin.py:188} INFO - [2026-08-13T13:27:23.031+0000] {dagbag.py:545} INFO - Filling up the DagBag from /home/airflow/.local/lib/python3.12/site-packages/airflow/example_dags/example_branch_day_of_week_operator.py
[2026-08-13T13:27:23.068+0000] {processor.py:840} INFO - DAG(s) 'example_weekday_branch_operator' retrieved from /home/airflow/.local/lib/python3.12/site-packages/airflow/example_dags/example_branch_day_of_week_operator.py
[2026-08-13T13:27:23.141+0000] {logging_mixin.py:188} INFO - [2026-08-13T13:27:23.140+0000] {dag.py:3089} INFO - Sync 1 DAGs
[2026-08-13T13:27:23.261+0000] {logging_mixin.py:188} INFO - [2026-08-13T13:27:23.260+0000] {dag.py:3947} INFO - Setting next_dagrun for example_weekday_branch_operator to 2026-08-12 00:00:00+00:00, run_after=2026-08-13 00:00:00+00:00
[2026-08-13T13:27:23.348+0000] {processor.py:183} INFO - Processing /home/airflow/.local/lib/python3.12/site-packages/airflow/example_dags/example_branch_day_of_week_operator.py took 0.357 seconds
[2026-08-13T13:27:53.887+0000] {processor.py:161} INFO - Started process (PID=529) to work on /home/airflow/.local/lib/python3.12/site-packages/airflow/example_dags/example_branch_day_of_week_operator.py
[2026-08-13T13:27:53.890+0000] {processor.py:830} INFO - Processing file /home/airflow/.local/lib/python3.12/site-packages/airflow/example_dags/example_branch_day_of_week_operator.py for tasks to queue
[2026-08-13T13:27:53.897+0000] {logging_mixin.py:188} INFO - [2026-08-13T13:27:53.896+0000] {dagbag.py:545} INFO - Filling up the DagBag from /home/airflow/.local/lib/python3.12/site-packages/airflow/example_dags/example_branch_day_of_week_operator.py
[2026-08-13T13:27:53.920+0000] {processor.py:840} INFO - DAG(s) 'example_weekday_branch_operator' retrieved from /home/airflow/.local/lib/python3.12/site-packages/airflow/example_dags/example_branch_day_of_week_operator.py
[2026-08-13T13:27:53.976+0000] {logging_mixin.py:188} INFO - [2026-08-13T13:27:53.975+0000] {dag.py:3089} INFO - Sync 1 DAGs
[2026-08-13T13:27:54.048+0000] {logging_mixin.py:188} INFO - [2026-08-13T13:27:54.047+0000] {dag.py:3947} INFO - Setting next_dagrun for example_weekday_branch_operator to 2026-08-12 00:00:00+00:00, run_after=2026-08-13 00:00:00+00:00
[2026-08-13T13:27:54.142+0000] {processor.py:183} INFO - Processing /home/airflow/.local/lib/python3.12/site-packages/airflow/example_dags/example_branch_day_of_week_operator.py took 0.272 seconds
[2026-08-13T13:28:25.638+0000] {processor.py:161} INFO - Started process (PID=600) to work on /home/airflow/.local/lib/python3.12/site-packages/airflow/example_dags/example_branch_day_of_week_operator.py
[2026-08-13T13:28:25.642+0000] {processor.py:830} INFO - Processing file /home/airflow/.local/lib/python3.12/site-packages/airflow/example_dags/example_branch_day_of_week_operator.py for tasks to queue
[2026-08-13T13:28:25.649+0000] {logging_mixin.py:188} INFO - [2026-08-13T13:28:25.647+0000] {dagbag.py:545} INFO - Filling up the DagBag from /home/airflow/.local/lib/python3.12/site-packages/airflow/example_dags/example_branch_day_of_week_operator.py
[2026-08-13T13:28:25.702+0000] {processor.py:840} INFO - DAG(s) 'example_weekday_branch_operator' retrieved from /home/airflow/.local/lib/python3.12/site-packages/airflow/example_dags/example_branch_day_of_week_operator.py
[2026-08-13T13:28:25.768+0000] {logging_mixin.py:188} INFO - [2026-08-13T13:28:25.768+0000] {dag.py:3089} INFO - Sync 1 DAGs
[2026-08-13T13:28:25.820+0000] {logging_mixin.py:188} INFO - [2026-08-13T13:28:25.819+0000] {dag.py:3947} INFO - Setting next_dagrun for example_weekday_branch_operator to 2026-08-12 00:00:00+00:00, run_after=2026-08-13 00:00:00+00:00
[2026-08-13T13:28:25.870+0000] {processor.py:183} INFO - Processing /home/airflow/.local/lib/python3.12/site-packages/airflow/example_dags/example_branch_day_of_week_operator.py took 0.247 seconds
[2026-08-13T13:28:58.131+0000] {processor.py:161} INFO - Started process (PID=672) to work on /home/airflow/.local/lib/python3.12/site-packages/airflow/example_dags/example_branch_day_of_week_operator.py
[2026-08-13T13:28:58.134+0000] {processor.py:830} INFO - Processing file /home/airflow/.local/lib/python3.12/site-packages/airflow/example_dags/example_branch_day_of_week_operator.py for tasks to queue
[2026-08-13T13:28:58.139+0000] {logging_mixin.py:188} INFO - [2026-08-13T13:28:58.139+0000] {dagbag.py:545} INFO - Filling up the DagBag from /home/airflow/.local/lib/python3.12/site-packages/airflow/example_dags/example_branch_day_of_week_operator.py
[2026-08-13T13:28:58.159+0000] {processor.py:840} INFO - DAG(s) 'example_weekday_branch_operator' retrieved from /home/airflow/.local/lib/python3.12/site-packages/airflow/example_dags/example_branch_day_of_week_operator.py
[2026-08-13T13:28:58.206+0000] {logging_mixin.py:188} INFO - [2026-08-13T13:28:58.206+0000] {dag.py:3089} INFO - Sync 1 DAGs
[2026-08-13T13:28:58.252+0000] {logging_mixin.py:188} INFO - [2026-08-13T13:28:58.251+0000] {dag.py:3947} INFO - Setting next_dagrun for example_weekday_branch_operator to 2026-08-12 00:00:00+00:00, run_after=2026-08-13 00:00:00+00:00
[2026-08-13T13:28:58.292+0000] {processor.py:183} INFO - Processing /home/airflow/.local/lib/python3.12/site-packages/airflow/example_dags/example_branch_day_of_week_operator.py took 0.173 seconds
[2026-08-13T13:29:32.587+0000] {processor.py:161} INFO - Started process (PID=747) to work on /home/airflow/.local/lib/python3.12/site-packages/airflow/example_dags/example_branch_day_of_week_operator.py
[2026-08-13T13:29:32.591+0000] {processor.py:830} INFO - Processing file /home/airflow/.local/lib/python3.12/site-packages/airflow/example_dags/example_branch_day_of_week_operator.py for tasks to queue
[2026-08-13T13:29:32.600+0000] {logging_mixin.py:188} INFO - [2026-08-13T13:29:32.599+0000] {dagbag.py:545} INFO - Filling up the DagBag from /home/airflow/.local/lib/python3.12/site-packages/airflow/example_dags/example_branch_day_of_week_operator.py
[2026-08-13T13:29:32.620+0000] {processor.py:840} INFO - DAG(s) 'example_weekday_branch_operator' retrieved from /home/airflow/.local/lib/python3.12/site-packages/airflow/example_dags/example_branch_day_of_week_operator.py
[2026-08-13T13:29:32.666+0000] {logging_mixin.py:188} INFO - [2026-08-13T13:29:32.665+0000] {dag.py:3089} INFO - Sync 1 DAGs
[2026-08-13T13:29:32.719+0000] {logging_mixin.py:188} INFO - [2026-08-13T13:29:32.719+0000] {dag.py:3947} INFO - Setting next_dagrun for example_weekday_branch_operator to 2026-08-12 00:00:00+00:00, run_after=2026-08-13 00:00:00+00:00
[2026-08-13T13:29:32.770+0000] {processor.py:183} INFO - Processing /home/airflow/.local/lib/python3.12/site-packages/airflow/example_dags/example_branch_day_of_week_operator.py took 0.200 seconds
[2026-08-13T13:30:05.904+0000] {processor.py:161} INFO - Started process (PID=820) to work on /home/airflow/.local/lib/python3.12/site-packages/airflow/example_dags/example_branch_day_of_week_operator.py
[2026-08-13T13:30:05.908+0000] {processor.py:830} INFO - Processing file /home/airflow/.local/lib/python3.12/site-packages/airflow/example_dags/example_branch_day_of_week_operator.py for tasks to queue
[2026-08-13T13:30:05.923+0000] {logging_mixin.py:188} INFO - [2026-08-13T13:30:05.922+0000] {dagbag.py:545} INFO - Filling up the DagBag from /home/airflow/.local/lib/python3.12/site-packages/airflow/example_dags/example_branch_day_of_week_operator.py
[2026-08-13T13:30:05.976+0000] {processor.py:840} INFO - DAG(s) 'example_weekday_branch_operator' retrieved from /home/airflow/.local/lib/python3.12/site-packages/airflow/example_dags/example_branch_day_of_week_operator.py
[2026-08-13T13:30:06.043+0000] {logging_mixin.py:188} INFO - [2026-08-13T13:30:06.041+0000] {dag.py:3089} INFO - Sync 1 DAGs
[2026-08-13T13:30:06.108+0000] {logging_mixin.py:188} INFO - [2026-08-13T13:30:06.108+0000] {dag.py:3947} INFO - Setting next_dagrun for example_weekday_branch_operator to 2026-08-12 00:00:00+00:00, run_after=2026-08-13 00:00:00+00:00
[2026-08-13T13:30:06.162+0000] {processor.py:183} INFO - Processing /home/airflow/.local/lib/python3.12/site-packages/airflow/example_dags/example_branch_day_of_week_operator.py took 0.291 seconds
[2026-08-13T13:30:38.463+0000] {processor.py:161} INFO - Started process (PID=893) to work on /home/airflow/.local/lib/python3.12/site-packages/airflow/example_dags/example_branch_day_of_week_operator.py
[2026-08-13T13:30:38.467+0000] {processor.py:830} INFO - Processing file /home/airflow/.local/lib/python3.12/site-packages/airflow/example_dags/example_branch_day_of_week_operator.py for tasks to queue
[2026-08-13T13:30:38.477+0000] {logging_mixin.py:188} INFO - [2026-08-13T13:30:38.475+0000] {dagbag.py:545} INFO - Filling up the DagBag from /home/airflow/.local/lib/python3.12/site-packages/airflow/example_dags/example_branch_day_of_week_operator.py
[2026-08-13T13:30:38.508+0000] {processor.py:840} INFO - DAG(s) 'example_weekday_branch_operator' retrieved from /home/airflow/.local/lib/python3.12/site-packages/airflow/example_dags/example_branch_day_of_week_operator.py
[2026-08-13T13:30:38.586+0000] {logging_mixin.py:188} INFO - [2026-08-13T13:30:38.585+0000] {dag.py:3089} INFO - Sync 1 DAGs
[2026-08-13T13:30:38.670+0000] {logging_mixin.py:188} INFO - [2026-08-13T13:30:38.669+0000] {dag.py:3947} INFO - Setting next_dagrun for example_weekday_branch_operator to 2026-08-12 00:00:00+00:00, run_after=2026-08-13 00:00:00+00:00
[2026-08-13T13:30:38.726+0000] {processor.py:183} INFO - Processing /home/airflow/.local/lib/python3.12/site-packages/airflow/example_dags/example_branch_day_of_week_operator.py took 0.284 seconds
[2026-08-13T13:31:09.475+0000] {processor.py:161} INFO - Started process (PID=959) to work on /home/airflow/.local/lib/python3.12/site-packages/airflow/example_dags/example_branch_day_of_week_operator.py
[2026-08-13T13:31:09.479+0000] {processor.py:830} INFO - Processing file /home/airflow/.local/lib/python3.12/site-packages/airflow/example_dags/example_branch_day_of_week_operator.py for tasks to queue
[2026-08-13T13:31:09.487+0000] {logging_mixin.py:188} INFO - [2026-08-13T13:31:09.485+0000] {dagbag.py:545} INFO - Filling up the DagBag from /home/airflow/.local/lib/python3.12/site-packages/airflow/example_dags/example_branch_day_of_week_operator.py
[2026-08-13T13:31:09.521+0000] {processor.py:840} INFO - DAG(s) 'example_weekday_branch_operator' retrieved from /home/airflow/.local/lib/python3.12/site-packages/airflow/example_dags/example_branch_day_of_week_operator.py
[2026-08-13T13:31:09.591+0000] {logging_mixin.py:188} INFO - [2026-08-13T13:31:09.590+0000] {dag.py:3089} INFO - Sync 1 DAGs
[2026-08-13T13:31:09.676+0000] {logging_mixin.py:188} INFO - [2026-08-13T13:31:09.676+0000] {dag.py:3947} INFO - Setting next_dagrun for example_weekday_branch_operator to 2026-08-12 00:00:00+00:00, run_after=2026-08-13 00:00:00+00:00
[2026-08-13T13:31:09.746+0000] {processor.py:183} INFO - Processing /home/airflow/.local/lib/python3.12/site-packages/airflow/example_dags/example_branch_day_of_week_operator.py took 0.295 seconds
[2026-08-13T13:31:43.160+0000] {processor.py:161} INFO - Started process (PID=1033) to work on /home/airflow/.local/lib/python3.12/site-packages/airflow/example_dags/example_branch_day_of_week_operator.py
[2026-08-13T13:31:43.165+0000] {processor.py:830} INFO - Processing file /home/airflow/.local/lib/python3.12/site-packages/airflow/example_dags/example_branch_day_of_week_operator.py for tasks to queue
[2026-08-13T13:31:43.174+0000] {logging_mixin.py:188} INFO - [2026-08-13T13:31:43.172+0000] {dagbag.py:545} INFO - Filling up the DagBag from /home/airflow/.local/lib/python3.12/site-packages/airflow/example_dags/example_branch_day_of_week_operator.py
[2026-08-13T13:31:43.200+0000] {processor.py:840} INFO - DAG(s) 'example_weekday_branch_operator' retrieved from /home/airflow/.local/lib/python3.12/site-packages/airflow/example_dags/example_branch_day_of_week_operator.py
[2026-08-13T13:31:43.258+0000] {logging_mixin.py:188} INFO - [2026-08-13T13:31:43.258+0000] {dag.py:3089} INFO - Sync 1 DAGs
[2026-08-13T13:31:43.328+0000] {logging_mixin.py:188} INFO - [2026-08-13T13:31:43.328+0000] {dag.py:3947} INFO - Setting next_dagrun for example_weekday_branch_operator to 2026-08-12 00:00:00+00:00, run_after=2026-08-13 00:00:00+00:00
[2026-08-13T13:31:43.371+0000] {processor.py:183} INFO - Processing /home/airflow/.local/lib/python3.12/site-packages/airflow/example_dags/example_branch_day_of_week_operator.py took 0.230 seconds
[2026-08-13T13:32:14.770+0000] {processor.py:161} INFO - Started process (PID=1107) to work on /home/airflow/.local/lib/python3.12/site-packages/airflow/example_dags/example_branch_day_of_week_operator.py
[2026-08-13T13:32:14.773+0000] {processor.py:830} INFO - Processing file /home/airflow/.local/lib/python3.12/site-packages/airflow/example_dags/example_branch_day_of_week_operator.py for tasks to queue
[2026-08-13T13:32:14.778+0000] {logging_mixin.py:188} INFO - [2026-08-13T13:32:14.777+0000] {dagbag.py:545} INFO - Filling up the DagBag from /home/airflow/.local/lib/python3.12/site-packages/airflow/example_dags/example_branch_day_of_week_operator.py
[2026-08-13T13:32:14.799+0000] {processor.py:840} INFO - DAG(s) 'example_weekday_branch_operator' retrieved from /home/airflow/.local/lib/python3.12/site-packages/airflow/example_dags/example_branch_day_of_week_operator.py
[2026-08-13T13:32:14.850+0000] {logging_mixin.py:188} INFO - [2026-08-13T13:32:14.849+0000] {dag.py:3089} INFO - Sync 1 DAGs
[2026-08-13T13:32:14.898+0000] {logging_mixin.py:188} INFO - [2026-08-13T13:32:14.897+0000] {dag.py:3947} INFO - Setting next_dagrun for example_weekday_branch_operator to 2026-08-12 00:00:00+00:00, run_after=2026-08-13 00:00:00+00:00
[2026-08-13T13:32:14.952+0000] {processor.py:183} INFO - Processing /home/airflow/.local/lib/python3.12/site-packages/airflow/example_dags/example_branch_day_of_week_operator.py took 0.195 seconds
[2026-08-13T13:32:48.721+0000] {processor.py:161} INFO - Started process (PID=1180) to work on /home/airflow/.local/lib/python3.12/site-packages/airflow/example_dags/example_branch_day_of_week_operator.py
[2026-08-13T13:32:48.729+0000] {processor.py:830} INFO - Processing file /home/airflow/.local/lib/python3.12/site-packages/airflow/example_dags/example_branch_day_of_week_operator.py for tasks to queue
[2026-08-13T13:32:48.739+0000] {logging_mixin.py:188} INFO - [2026-08-13T13:32:48.738+0000] {dagbag.py:545} INFO - Filling up the DagBag from /home/airflow/.local/lib/python3.12/site-packages/airflow/example_dags/example_branch_day_of_week_operator.py
[2026-08-13T13:32:48.755+0000] {processor.py:840} INFO - DAG(s) 'example_weekday_branch_operator' retrieved from /home/airflow/.local/lib/python3.12/site-packages/airflow/example_dags/example_branch_day_of_week_operator.py
[2026-08-13T13:32:48.810+0000] {logging_mixin.py:188} INFO - [2026-08-13T13:32:48.809+0000] {dag.py:3089} INFO - Sync 1 DAGs
[2026-08-13T13:32:48.863+0000] {logging_mixin.py:188} INFO - [2026-08-13T13:32:48.863+0000] {dag.py:3947} INFO - Setting next_dagrun for example_weekday_branch_operator to 2026-08-12 00:00:00+00:00, run_after=2026-08-13 00:00:00+00:00
[2026-08-13T13:32:48.910+0000] {processor.py:183} INFO - Processing /home/airflow/.local/lib/python3.12/site-packages/airflow/example_dags/example_branch_day_of_week_operator.py took 0.209 seconds
[2026-08-13T13:33:20.728+0000] {processor.py:161} INFO - Started process (PID=1253) to work on /home/airflow/.local/lib/python3.12/site-packages/airflow/example_dags/example_branch_day_of_week_operator.py
[2026-08-13T13:33:20.737+0000] {processor.py:830} INFO - Processing file /home/airflow/.local/lib/python3.12/site-packages/airflow/example_dags/example_branch_day_of_week_operator.py for tasks to queue
[2026-08-13T13:33:20.742+0000] {logging_mixin.py:188} INFO - [2026-08-13T13:33:20.741+0000] {dagbag.py:545} INFO - Filling up the DagBag from /home/airflow/.local/lib/python3.12/site-packages/airflow/example_dags/example_branch_day_of_week_operator.py
[2026-08-13T13:33:20.758+0000] {processor.py:840} INFO - DAG(s) 'example_weekday_branch_operator' retrieved from /home/airflow/.local/lib/python3.12/site-packages/airflow/example_dags/example_branch_day_of_week_operator.py
[2026-08-13T13:33:20.808+0000] {logging_mixin.py:188} INFO - [2026-08-13T13:33:20.807+0000] {dag.py:3089} INFO - Sync 1 DAGs
[2026-08-13T13:33:20.878+0000] {logging_mixin.py:188} INFO - [2026-08-13T13:33:20.878+0000] {dag.py:3947} INFO - Setting next_dagrun for example_weekday_branch_operator to 2026-08-12 00:00:00+00:00, run_after=2026-08-13 00:00:00+00:00
[2026-08-13T13:33:20.935+0000] {processor.py:183} INFO - Processing /home/airflow/.local/lib/python3.12/site-packages/airflow/example_dags/example_branch_day_of_week_operator.py took 0.218 seconds
[2026-08-13T13:33:54.676+0000] {processor.py:161} INFO - Started process (PID=1327) to work on /home/airflow/.local/lib/python3.12/site-packages/airflow/example_dags/example_branch_day_of_week_operator.py
[2026-08-13T13:33:54.680+0000] {processor.py:830} INFO - Processing file /home/airflow/.local/lib/python3.12/site-packages/airflow/example_dags/example_branch_day_of_week_operator.py for tasks to queue
[2026-08-13T13:33:54.695+0000] {logging_mixin.py:188} INFO - [2026-08-13T13:33:54.688+0000] {dagbag.py:545} INFO - Filling up the DagBag from /home/airflow/.local/lib/python3.12/site-packages/airflow/example_dags/example_branch_day_of_week_operator.py
[2026-08-13T13:33:54.731+0000] {processor.py:840} INFO - DAG(s) 'example_weekday_branch_operator' retrieved from /home/airflow/.local/lib/python3.12/site-packages/airflow/example_dags/example_branch_day_of_week_operator.py
[2026-08-13T13:33:54.801+0000] {logging_mixin.py:188} INFO - [2026-08-13T13:33:54.800+0000] {dag.py:3089} INFO - Sync 1 DAGs
[2026-08-13T13:33:54.894+0000] {logging_mixin.py:188} INFO - [2026-08-13T13:33:54.893+0000] {dag.py:3947} INFO - Setting next_dagrun for example_weekday_branch_operator to 2026-08-12 00:00:00+00:00, run_after=2026-08-13 00:00:00+00:00
[2026-08-13T13:33:54.977+0000] {processor.py:183} INFO - Processing /home/airflow/.local/lib/python3.12/site-packages/airflow/example_dags/example_branch_day_of_week_operator.py took 0.320 seconds
[2026-08-13T13:34:25.557+0000] {processor.py:161} INFO - Started process (PID=1400) to work on /home/airflow/.local/lib/python3.12/site-packages/airflow/example_dags/example_branch_day_of_week_operator.py
[2026-08-13T13:34:25.560+0000] {processor.py:830} INFO - Processing file /home/airflow/.local/lib/python3.12/site-packages/airflow/example_dags/example_branch_day_of_week_operator.py for tasks to queue
[2026-08-13T13:34:25.567+0000] {logging_mixin.py:188} INFO - [2026-08-13T13:34:25.566+0000] {dagbag.py:545} INFO - Filling up the DagBag from /home/airflow/.local/lib/python3.12/site-packages/airflow/example_dags/example_branch_day_of_week_operator.py
[2026-08-13T13:34:25.592+0000] {processor.py:840} INFO - DAG(s) 'example_weekday_branch_operator' retrieved from /home/airflow/.local/lib/python3.12/site-packages/airflow/example_dags/example_branch_day_of_week_operator.py
[2026-08-13T13:34:25.654+0000] {logging_mixin.py:188} INFO - [2026-08-13T13:34:25.653+0000] {dag.py:3089} INFO - Sync 1 DAGs
[2026-08-13T13:34:25.718+0000] {logging_mixin.py:188} INFO - [2026-08-13T13:34:25.718+0000] {dag.py:3947} INFO - Setting next_dagrun for example_weekday_branch_operator to 2026-08-12 00:00:00+00:00, run_after=2026-08-13 00:00:00+00:00
[2026-08-13T13:34:25.776+0000] {processor.py:183} INFO - Processing /home/airflow/.local/lib/python3.12/site-packages/airflow/example_dags/example_branch_day_of_week_operator.py took 0.235 seconds
[2026-08-13T13:34:58.204+0000] {processor.py:161} INFO - Started process (PID=1474) to work on /home/airflow/.local/lib/python3.12/site-packages/airflow/example_dags/example_branch_day_of_week_operator.py
[2026-08-13T13:34:58.207+0000] {processor.py:830} INFO - Processing file /home/airflow/.local/lib/python3.12/site-packages/airflow/example_dags/example_branch_day_of_week_operator.py for tasks to queue
[2026-08-13T13:34:58.212+0000] {logging_mixin.py:188} INFO - [2026-08-13T13:34:58.211+0000] {dagbag.py:545} INFO - Filling up the DagBag from /home/airflow/.local/lib/python3.12/site-packages/airflow/example_dags/example_branch_day_of_week_operator.py
[2026-08-13T13:34:58.225+0000] {processor.py:840} INFO - DAG(s) 'example_weekday_branch_operator' retrieved from /home/airflow/.local/lib/python3.12/site-packages/airflow/example_dags/example_branch_day_of_week_operator.py
[2026-08-13T13:34:58.264+0000] {logging_mixin.py:188} INFO - [2026-08-13T13:34:58.264+0000] {dag.py:3089} INFO - Sync 1 DAGs
[2026-08-13T13:34:58.307+0000] {logging_mixin.py:188} INFO - [2026-08-13T13:34:58.306+0000] {dag.py:3947} INFO - Setting next_dagrun for example_weekday_branch_operator to 2026-08-12 00:00:00+00:00, run_after=2026-08-13 00:00:00+00:00
[2026-08-13T13:34:58.348+0000] {processor.py:183} INFO - Processing /home/airflow/.local/lib/python3.12/site-packages/airflow/example_dags/example_branch_day_of_week_operator.py took 0.152 seconds
[2026-08-13T13:35:31.330+0000] {processor.py:161} INFO - Started process (PID=1547) to work on /home/airflow/.local/lib/python3.12/site-packages/airflow/example_dags/example_branch_day_of_week_operator.py
[2026-08-13T13:35:31.333+0000] {processor.py:830} INFO - Processing file /home/airflow/.local/lib/python3.12/site-packages/airflow/example_dags/example_branch_day_of_week_operator.py for tasks to queue
[2026-08-13T13:35:31.340+0000] {logging_mixin.py:188} INFO - [2026-08-13T13:35:31.339+0000] {dagbag.py:545} INFO - Filling up the DagBag from /home/airflow/.local/lib/python3.12/site-packages/airflow/example_dags/example_branch_day_of_week_operator.py
[2026-08-13T13:35:31.362+0000] {processor.py:840} INFO - DAG(s) 'example_weekday_branch_operator' retrieved from /home/airflow/.local/lib/python3.12/site-packages/airflow/example_dags/example_branch_day_of_week_operator.py
[2026-08-13T13:35:31.446+0000] {logging_mixin.py:188} INFO - [2026-08-13T13:35:31.445+0000] {dag.py:3089} INFO - Sync 1 DAGs
[2026-08-13T13:35:31.514+0000] {logging_mixin.py:188} INFO - [2026-08-13T13:35:31.513+0000] {dag.py:3947} INFO - Setting next_dagrun for example_weekday_branch_operator to 2026-08-12 00:00:00+00:00, run_after=2026-08-13 00:00:00+00:00
[2026-08-13T13:35:31.572+0000] {processor.py:183} INFO - Processing /home/airflow/.local/lib/python3.12/site-packages/airflow/example_dags/example_branch_day_of_week_operator.py took 0.255 seconds
[2026-08-13T13:36:03.989+0000] {processor.py:161} INFO - Started process (PID=1620) to work on /home/airflow/.local/lib/python3.12/site-packages/airflow/example_dags/example_branch_day_of_week_operator.py
[2026-08-13T13:36:03.992+0000] {processor.py:830} INFO - Processing file /home/airflow/.local/lib/python3.12/site-packages/airflow/example_dags/example_branch_day_of_week_operator.py for tasks to queue
[2026-08-13T13:36:03.999+0000] {logging_mixin.py:188} INFO - [2026-08-13T13:36:03.998+0000] {dagbag.py:545} INFO - Filling up the DagBag from /home/airflow/.local/lib/python3.12/site-packages/airflow/example_dags/example_branch_day_of_week_operator.py
[2026-08-13T13:36:04.025+0000] {processor.py:840} INFO - DAG(s) 'example_weekday_branch_operator' retrieved from /home/airflow/.local/lib/python3.12/site-packages/airflow/example_dags/example_branch_day_of_week_operator.py
[2026-08-13T13:36:04.078+0000] {logging_mixin.py:188} INFO - [2026-08-13T13:36:04.078+0000] {dag.py:3089} INFO - Sync 1 DAGs
[2026-08-13T13:36:04.129+0000] {logging_mixin.py:188} INFO - [2026-08-13T13:36:04.128+0000] {dag.py:3947} INFO - Setting next_dagrun for example_weekday_branch_operator to 2026-08-12 00:00:00+00:00, run_after=2026-08-13 00:00:00+00:00
[2026-08-13T13:36:04.175+0000] {processor.py:183} INFO - Processing /home/airflow/.local/lib/python3.12/site-packages/airflow/example_dags/example_branch_day_of_week_operator.py took 0.210 seconds
[2026-08-13T13:36:37.630+0000] {processor.py:161} INFO - Started process (PID=1693) to work on /home/airflow/.local/lib/python3.12/site-packages/airflow/example_dags/example_branch_day_of_week_operator.py
[2026-08-13T13:36:37.634+0000] {processor.py:830} INFO - Processing file /home/airflow/.local/lib/python3.12/site-packages/airflow/example_dags/example_branch_day_of_week_operator.py for tasks to queue
[2026-08-13T13:36:37.640+0000] {logging_mixin.py:188} INFO - [2026-08-13T13:36:37.639+0000] {dagbag.py:545} INFO - Filling up the DagBag from /home/airflow/.local/lib/python3.12/site-packages/airflow/example_dags/example_branch_day_of_week_operator.py
[2026-08-13T13:36:37.661+0000] {processor.py:840} INFO - DAG(s) 'example_weekday_branch_operator' retrieved from /home/airflow/.local/lib/python3.12/site-packages/airflow/example_dags/example_branch_day_of_week_operator.py
[2026-08-13T13:36:37.767+0000] {logging_mixin.py:188} INFO - [2026-08-13T13:36:37.766+0000] {dag.py:3089} INFO - Sync 1 DAGs
[2026-08-13T13:36:37.846+0000] {logging_mixin.py:188} INFO - [2026-08-13T13:36:37.845+0000] {dag.py:3947} INFO - Setting next_dagrun for example_weekday_branch_operator to 2026-08-12 00:00:00+00:00, run_after=2026-08-13 00:00:00+00:00
[2026-08-13T13:36:37.904+0000] {processor.py:183} INFO - Processing /home/airflow/.local/lib/python3.12/site-packages/airflow/example_dags/example_branch_day_of_week_operator.py took 0.289 seconds
[2026-08-13T13:37:08.724+0000] {processor.py:161} INFO - Started process (PID=1766) to work on /home/airflow/.local/lib/python3.12/site-packages/airflow/example_dags/example_branch_day_of_week_operator.py
[2026-08-13T13:37:08.726+0000] {processor.py:830} INFO - Processing file /home/airflow/.local/lib/python3.12/site-packages/airflow/example_dags/example_branch_day_of_week_operator.py for tasks to queue
[2026-08-13T13:37:08.732+0000] {logging_mixin.py:188} INFO - [2026-08-13T13:37:08.731+0000] {dagbag.py:545} INFO - Filling up the DagBag from /home/airflow/.local/lib/python3.12/site-packages/airflow/example_dags/example_branch_day_of_week_operator.py
[2026-08-13T13:37:08.749+0000] {processor.py:840} INFO - DAG(s) 'example_weekday_branch_operator' retrieved from /home/airflow/.local/lib/python3.12/site-packages/airflow/example_dags/example_branch_day_of_week_operator.py
[2026-08-13T13:37:08.786+0000] {logging_mixin.py:188} INFO - [2026-08-13T13:37:08.785+0000] {dag.py:3089} INFO - Sync 1 DAGs
[2026-08-13T13:37:08.824+0000] {logging_mixin.py:188} INFO - [2026-08-13T13:37:08.823+0000] {dag.py:3947} INFO - Setting next_dagrun for example_weekday_branch_operator to 2026-08-12 00:00:00+00:00, run_after=2026-08-13 00:00:00+00:00
[2026-08-13T13:37:08.859+0000] {processor.py:183} INFO - Processing /home/airflow/.local/lib/python3.12/site-packages/airflow/example_dags/example_branch_day_of_week_operator.py took 0.143 seconds
[2026-08-13T13:37:42.554+0000] {processor.py:161} INFO - Started process (PID=1840) to work on /home/airflow/.local/lib/python3.12/site-packages/airflow/example_dags/example_branch_day_of_week_operator.py
[2026-08-13T13:37:42.558+0000] {processor.py:830} INFO - Processing file /home/airflow/.local/lib/python3.12/site-packages/airflow/example_dags/example_branch_day_of_week_operator.py for tasks to queue
[2026-08-13T13:37:42.565+0000] {logging_mixin.py:188} INFO - [2026-08-13T13:37:42.564+0000] {dagbag.py:545} INFO - Filling up the DagBag from /home/airflow/.local/lib/python3.12/site-packages/airflow/example_dags/example_branch_day_of_week_operator.py
[2026-08-13T13:37:42.583+0000] {processor.py:840} INFO - DAG(s) 'example_weekday_branch_operator' retrieved from /home/airflow/.local/lib/python3.12/site-packages/airflow/example_dags/example_branch_day_of_week_operator.py
[2026-08-13T13:37:42.644+0000] {logging_mixin.py:188} INFO - [2026-08-13T13:37:42.643+0000] {dag.py:3089} INFO - Sync 1 DAGs
[2026-08-13T13:37:42.695+0000] {logging_mixin.py:188} INFO - [2026-08-13T13:37:42.694+0000] {dag.py:3947} INFO - Setting next_dagrun for example_weekday_branch_operator to 2026-08-12 00:00:00+00:00, run_after=2026-08-13 00:00:00+00:00
[2026-08-13T13:37:42.775+0000] {processor.py:183} INFO - Processing /home/airflow/.local/lib/python3.12/site-packages/airflow/example_dags/example_branch_day_of_week_operator.py took 0.240 seconds
[2026-08-13T13:38:14.686+0000] {processor.py:161} INFO - Started process (PID=1914) to work on /home/airflow/.local/lib/python3.12/site-packages/airflow/example_dags/example_branch_day_of_week_operator.py
[2026-08-13T13:38:14.688+0000] {processor.py:830} INFO - Processing file /home/airflow/.local/lib/python3.12/site-packages/airflow/example_dags/example_branch_day_of_week_operator.py for tasks to queue
[2026-08-13T13:38:14.694+0000] {logging_mixin.py:188} INFO - [2026-08-13T13:38:14.693+0000] {dagbag.py:545} INFO - Filling up the DagBag from /home/airflow/.local/lib/python3.12/site-packages/airflow/example_dags/example_branch_day_of_week_operator.py
[2026-08-13T13:38:14.709+0000] {processor.py:840} INFO - DAG(s) 'example_weekday_branch_operator' retrieved from /home/airflow/.local/lib/python3.12/site-packages/airflow/example_dags/example_branch_day_of_week_operator.py
[2026-08-13T13:38:14.749+0000] {logging_mixin.py:188} INFO - [2026-08-13T13:38:14.749+0000] {dag.py:3089} INFO - Sync 1 DAGs
[2026-08-13T13:38:14.785+0000] {logging_mixin.py:188} INFO - [2026-08-13T13:38:14.785+0000] {dag.py:3947} INFO - Setting next_dagrun for example_weekday_branch_operator to 2026-08-12 00:00:00+00:00, run_after=2026-08-13 00:00:00+00:00
[2026-08-13T13:38:14.817+0000] {processor.py:183} INFO - Processing /home/airflow/.local/lib/python3.12/site-packages/airflow/example_dags/example_branch_day_of_week_operator.py took 0.141 seconds
[2026-08-13T13:38:49.330+0000] {processor.py:161} INFO - Started process (PID=1988) to work on /home/airflow/.local/lib/python3.12/site-packages/airflow/example_dags/example_branch_day_of_week_operator.py
[2026-08-13T13:38:49.333+0000] {processor.py:830} INFO - Processing file /home/airflow/.local/lib/python3.12/site-packages/airflow/example_dags/example_branch_day_of_week_operator.py for tasks to queue
[2026-08-13T13:38:49.338+0000] {logging_mixin.py:188} INFO - [2026-08-13T13:38:49.337+0000] {dagbag.py:545} INFO - Filling up the DagBag from /home/airflow/.local/lib/python3.12/site-packages/airflow/example_dags/example_branch_day_of_week_operator.py
[2026-08-13T13:38:49.352+0000] {processor.py:840} INFO - DAG(s) 'example_weekday_branch_operator' retrieved from /home/airflow/.local/lib/python3.12/site-packages/airflow/example_dags/example_branch_day_of_week_operator.py
[2026-08-13T13:38:49.401+0000] {logging_mixin.py:188} INFO - [2026-08-13T13:38:49.401+0000] {dag.py:3089} INFO - Sync 1 DAGs
[2026-08-13T13:38:49.487+0000] {logging_mixin.py:188} INFO - [2026-08-13T13:38:49.486+0000] {dag.py:3947} INFO - Setting next_dagrun for example_weekday_branch_operator to 2026-08-12 00:00:00+00:00, run_after=2026-08-13 00:00:00+00:00
[2026-08-13T13:38:49.561+0000] {processor.py:183} INFO - Processing /home/airflow/.local/lib/python3.12/site-packages/airflow/example_dags/example_branch_day_of_week_operator.py took 0.243 seconds
[2026-08-13T13:39:21.707+0000] {processor.py:161} INFO - Started process (PID=2062) to work on /home/airflow/.local/lib/python3.12/site-packages/airflow/example_dags/example_branch_day_of_week_operator.py
[2026-08-13T13:39:21.709+0000] {processor.py:830} INFO - Processing file /home/airflow/.local/lib/python3.12/site-packages/airflow/example_dags/example_branch_day_of_week_operator.py for tasks to queue
[2026-08-13T13:39:21.714+0000] {logging_mixin.py:188} INFO - [2026-08-13T13:39:21.713+0000] {dagbag.py:545} INFO - Filling up the DagBag from /home/airflow/.local/lib/python3.12/site-packages/airflow/example_dags/example_branch_day_of_week_operator.py
[2026-08-13T13:39:21.730+0000] {processor.py:840} INFO - DAG(s) 'example_weekday_branch_operator' retrieved from /home/airflow/.local/lib/python3.12/site-packages/airflow/example_dags/example_branch_day_of_week_operator.py
[2026-08-13T13:39:21.768+0000] {logging_mixin.py:188} INFO - [2026-08-13T13:39:21.768+0000] {dag.py:3089} INFO - Sync 1 DAGs
[2026-08-13T13:39:21.809+0000] {logging_mixin.py:188} INFO - [2026-08-13T13:39:21.809+0000] {dag.py:3947} INFO - Setting next_dagrun for example_weekday_branch_operator to 2026-08-12 00:00:00+00:00, run_after=2026-08-13 00:00:00+00:00
[2026-08-13T13:39:21.844+0000] {processor.py:183} INFO - Processing /home/airflow/.local/lib/python3.12/site-packages/airflow/example_dags/example_branch_day_of_week_operator.py took 0.148 seconds
[2026-08-13T13:39:55.586+0000] {processor.py:161} INFO - Started process (PID=2135) to work on /home/airflow/.local/lib/python3.12/site-packages/airflow/example_dags/example_branch_day_of_week_operator.py
[2026-08-13T13:39:55.589+0000] {processor.py:830} INFO - Processing file /home/airflow/.local/lib/python3.12/site-packages/airflow/example_dags/example_branch_day_of_week_operator.py for tasks to queue
[2026-08-13T13:39:55.595+0000] {logging_mixin.py:188} INFO - [2026-08-13T13:39:55.594+0000] {dagbag.py:545} INFO - Filling up the DagBag from /home/airflow/.local/lib/python3.12/site-packages/airflow/example_dags/example_branch_day_of_week_operator.py
[2026-08-13T13:39:55.611+0000] {processor.py:840} INFO - DAG(s) 'example_weekday_branch_operator' retrieved from /home/airflow/.local/lib/python3.12/site-packages/airflow/example_dags/example_branch_day_of_week_operator.py
[2026-08-13T13:39:55.660+0000] {logging_mixin.py:188} INFO - [2026-08-13T13:39:55.660+0000] {dag.py:3089} INFO - Sync 1 DAGs
[2026-08-13T13:39:55.712+0000] {logging_mixin.py:188} INFO - [2026-08-13T13:39:55.711+0000] {dag.py:3947} INFO - Setting next_dagrun for example_weekday_branch_operator to 2026-08-12 00:00:00+00:00, run_after=2026-08-13 00:00:00+00:00
[2026-08-13T13:39:55.758+0000] {processor.py:183} INFO - Processing /home/airflow/.local/lib/python3.12/site-packages/airflow/example_dags/example_branch_day_of_week_operator.py took 0.187 seconds
[2026-08-13T13:40:28.850+0000] {processor.py:161} INFO - Started process (PID=2208) to work on /home/airflow/.local/lib/python3.12/site-packages/airflow/example_dags/example_branch_day_of_week_operator.py
[2026-08-13T13:40:28.854+0000] {processor.py:830} INFO - Processing file /home/airflow/.local/lib/python3.12/site-packages/airflow/example_dags/example_branch_day_of_week_operator.py for tasks to queue
[2026-08-13T13:40:28.861+0000] {logging_mixin.py:188} INFO - [2026-08-13T13:40:28.860+0000] {dagbag.py:545} INFO - Filling up the DagBag from /home/airflow/.local/lib/python3.12/site-packages/airflow/example_dags/example_branch_day_of_week_operator.py
[2026-08-13T13:40:28.891+0000] {processor.py:840} INFO - DAG(s) 'example_weekday_branch_operator' retrieved from /home/airflow/.local/lib/python3.12/site-packages/airflow/example_dags/example_branch_day_of_week_operator.py
[2026-08-13T13:40:28.956+0000] {logging_mixin.py:188} INFO - [2026-08-13T13:40:28.955+0000] {dag.py:3089} INFO - Sync 1 DAGs
[2026-08-13T13:40:29.030+0000] {logging_mixin.py:188} INFO - [2026-08-13T13:40:29.029+0000] {dag.py:3947} INFO - Setting next_dagrun for example_weekday_branch_operator to 2026-08-12 00:00:00+00:00, run_after=2026-08-13 00:00:00+00:00
[2026-08-13T13:40:29.095+0000] {processor.py:183} INFO - Processing /home/airflow/.local/lib/python3.12/site-packages/airflow/example_dags/example_branch_day_of_week_operator.py took 0.263 seconds
[2026-08-13T13:41:03.641+0000] {processor.py:161} INFO - Started process (PID=2281) to work on /home/airflow/.local/lib/python3.12/site-packages/airflow/example_dags/example_branch_day_of_week_operator.py
[2026-08-13T13:41:03.649+0000] {processor.py:830} INFO - Processing file /home/airflow/.local/lib/python3.12/site-packages/airflow/example_dags/example_branch_day_of_week_operator.py for tasks to queue
[2026-08-13T13:41:03.656+0000] {logging_mixin.py:188} INFO - [2026-08-13T13:41:03.655+0000] {dagbag.py:545} INFO - Filling up the DagBag from /home/airflow/.local/lib/python3.12/site-packages/airflow/example_dags/example_branch_day_of_week_operator.py
[2026-08-13T13:41:03.678+0000] {processor.py:840} INFO - DAG(s) 'example_weekday_branch_operator' retrieved from /home/airflow/.local/lib/python3.12/site-packages/airflow/example_dags/example_branch_day_of_week_operator.py
[2026-08-13T13:41:03.737+0000] {logging_mixin.py:188} INFO - [2026-08-13T13:41:03.736+0000] {dag.py:3089} INFO - Sync 1 DAGs
[2026-08-13T13:41:03.806+0000] {logging_mixin.py:188} INFO - [2026-08-13T13:41:03.805+0000] {dag.py:3947} INFO - Setting next_dagrun for example_weekday_branch_operator to 2026-08-12 00:00:00+00:00, run_after=2026-08-13 00:00:00+00:00
[2026-08-13T13:41:03.869+0000] {processor.py:183} INFO - Processing /home/airflow/.local/lib/python3.12/site-packages/airflow/example_dags/example_branch_day_of_week_operator.py took 0.247 seconds
[2026-08-13T13:41:35.521+0000] {processor.py:161} INFO - Started process (PID=2353) to work on /home/airflow/.local/lib/python3.12/site-packages/airflow/example_dags/example_branch_day_of_week_operator.py
[2026-08-13T13:41:35.527+0000] {processor.py:830} INFO - Processing file /home/airflow/.local/lib/python3.12/site-packages/airflow/example_dags/example_branch_day_of_week_operator.py for tasks to queue
[2026-08-13T13:41:35.545+0000] {logging_mixin.py:188} INFO - [2026-08-13T13:41:35.544+0000] {dagbag.py:545} INFO - Filling up the DagBag from /home/airflow/.local/lib/python3.12/site-packages/airflow/example_dags/example_branch_day_of_week_operator.py
[2026-08-13T13:41:35.629+0000] {processor.py:840} INFO - DAG(s) 'example_weekday_branch_operator' retrieved from /home/airflow/.local/lib/python3.12/site-packages/airflow/example_dags/example_branch_day_of_week_operator.py
[2026-08-13T13:41:35.707+0000] {logging_mixin.py:188} INFO - [2026-08-13T13:41:35.707+0000] {dag.py:3089} INFO - Sync 1 DAGs
[2026-08-13T13:41:35.781+0000] {logging_mixin.py:188} INFO - [2026-08-13T13:41:35.780+0000] {dag.py:3947} INFO - Setting next_dagrun for example_weekday_branch_operator to 2026-08-12 00:00:00+00:00, run_after=2026-08-13 00:00:00+00:00
[2026-08-13T13:41:36.320+0000] {processor.py:183} INFO - Processing /home/airflow/.local/lib/python3.12/site-packages/airflow/example_dags/example_branch_day_of_week_operator.py took 0.842 seconds
[2026-08-13T13:42:07.256+0000] {processor.py:161} INFO - Started process (PID=2419) to work on /home/airflow/.local/lib/python3.12/site-packages/airflow/example_dags/example_branch_day_of_week_operator.py
[2026-08-13T13:42:07.260+0000] {processor.py:830} INFO - Processing file /home/airflow/.local/lib/python3.12/site-packages/airflow/example_dags/example_branch_day_of_week_operator.py for tasks to queue
[2026-08-13T13:42:07.274+0000] {logging_mixin.py:188} INFO - [2026-08-13T13:42:07.272+0000] {dagbag.py:545} INFO - Filling up the DagBag from /home/airflow/.local/lib/python3.12/site-packages/airflow/example_dags/example_branch_day_of_week_operator.py
[2026-08-13T13:42:07.326+0000] {processor.py:840} INFO - DAG(s) 'example_weekday_branch_operator' retrieved from /home/airflow/.local/lib/python3.12/site-packages/airflow/example_dags/example_branch_day_of_week_operator.py
[2026-08-13T13:42:07.413+0000] {logging_mixin.py:188} INFO - [2026-08-13T13:42:07.413+0000] {dag.py:3089} INFO - Sync 1 DAGs
[2026-08-13T13:42:07.492+0000] {logging_mixin.py:188} INFO - [2026-08-13T13:42:07.491+0000] {dag.py:3947} INFO - Setting next_dagrun for example_weekday_branch_operator to 2026-08-12 00:00:00+00:00, run_after=2026-08-13 00:00:00+00:00
[2026-08-13T13:42:07.573+0000] {processor.py:183} INFO - Processing /home/airflow/.local/lib/python3.12/site-packages/airflow/example_dags/example_branch_day_of_week_operator.py took 0.335 seconds
[2026-08-13T13:42:37.998+0000] {processor.py:161} INFO - Started process (PID=2492) to work on /home/airflow/.local/lib/python3.12/site-packages/airflow/example_dags/example_branch_day_of_week_operator.py
[2026-08-13T13:42:38.001+0000] {processor.py:830} INFO - Processing file /home/airflow/.local/lib/python3.12/site-packages/airflow/example_dags/example_branch_day_of_week_operator.py for tasks to queue
[2026-08-13T13:42:38.011+0000] {logging_mixin.py:188} INFO - [2026-08-13T13:42:38.008+0000] {dagbag.py:545} INFO - Filling up the DagBag from /home/airflow/.local/lib/python3.12/site-packages/airflow/example_dags/example_branch_day_of_week_operator.py
[2026-08-13T13:42:38.035+0000] {processor.py:840} INFO - DAG(s) 'example_weekday_branch_operator' retrieved from /home/airflow/.local/lib/python3.12/site-packages/airflow/example_dags/example_branch_day_of_week_operator.py
[2026-08-13T13:42:38.114+0000] {logging_mixin.py:188} INFO - [2026-08-13T13:42:38.113+0000] {dag.py:3089} INFO - Sync 1 DAGs
[2026-08-13T13:42:38.193+0000] {logging_mixin.py:188} INFO - [2026-08-13T13:42:38.193+0000] {dag.py:3947} INFO - Setting next_dagrun for example_weekday_branch_operator to 2026-08-12 00:00:00+00:00, run_after=2026-08-13 00:00:00+00:00
[2026-08-13T13:42:38.243+0000] {processor.py:183} INFO - Processing /home/airflow/.local/lib/python3.12/site-packages/airflow/example_dags/example_branch_day_of_week_operator.py took 0.258 seconds
[2026-08-13T13:43:08.740+0000] {processor.py:161} INFO - Started process (PID=2565) to work on /home/airflow/.local/lib/python3.12/site-packages/airflow/example_dags/example_branch_day_of_week_operator.py
[2026-08-13T13:43:08.743+0000] {processor.py:830} INFO - Processing file /home/airflow/.local/lib/python3.12/site-packages/airflow/example_dags/example_branch_day_of_week_operator.py for tasks to queue
[2026-08-13T13:43:08.751+0000] {logging_mixin.py:188} INFO - [2026-08-13T13:43:08.750+0000] {dagbag.py:545} INFO - Filling up the DagBag from /home/airflow/.local/lib/python3.12/site-packages/airflow/example_dags/example_branch_day_of_week_operator.py
[2026-08-13T13:43:08.774+0000] {processor.py:840} INFO - DAG(s) 'example_weekday_branch_operator' retrieved from /home/airflow/.local/lib/python3.12/site-packages/airflow/example_dags/example_branch_day_of_week_operator.py
[2026-08-13T13:43:08.834+0000] {logging_mixin.py:188} INFO - [2026-08-13T13:43:08.833+0000] {dag.py:3089} INFO - Sync 1 DAGs
[2026-08-13T13:43:08.888+0000] {logging_mixin.py:188} INFO - [2026-08-13T13:43:08.887+0000] {dag.py:3947} INFO - Setting next_dagrun for example_weekday_branch_operator to 2026-08-12 00:00:00+00:00, run_after=2026-08-13 00:00:00+00:00
[2026-08-13T13:43:08.931+0000] {processor.py:183} INFO - Processing /home/airflow/.local/lib/python3.12/site-packages/airflow/example_dags/example_branch_day_of_week_operator.py took 0.206 seconds
[2026-08-13T13:43:39.116+0000] {processor.py:161} INFO - Started process (PID=2634) to work on /home/airflow/.local/lib/python3.12/site-packages/airflow/example_dags/example_branch_day_of_week_operator.py
[2026-08-13T13:43:39.119+0000] {processor.py:830} INFO - Processing file /home/airflow/.local/lib/python3.12/site-packages/airflow/example_dags/example_branch_day_of_week_operator.py for tasks to queue
[2026-08-13T13:43:39.126+0000] {logging_mixin.py:188} INFO - [2026-08-13T13:43:39.125+0000] {dagbag.py:545} INFO - Filling up the DagBag from /home/airflow/.local/lib/python3.12/site-packages/airflow/example_dags/example_branch_day_of_week_operator.py
[2026-08-13T13:43:39.148+0000] {processor.py:840} INFO - DAG(s) 'example_weekday_branch_operator' retrieved from /home/airflow/.local/lib/python3.12/site-packages/airflow/example_dags/example_branch_day_of_week_operator.py
[2026-08-13T13:43:39.210+0000] {logging_mixin.py:188} INFO - [2026-08-13T13:43:39.209+0000] {dag.py:3089} INFO - Sync 1 DAGs
[2026-08-13T13:43:39.266+0000] {logging_mixin.py:188} INFO - [2026-08-13T13:43:39.266+0000] {dag.py:3947} INFO - Setting next_dagrun for example_weekday_branch_operator to 2026-08-12 00:00:00+00:00, run_after=2026-08-13 00:00:00+00:00
[2026-08-13T13:43:39.313+0000] {processor.py:183} INFO - Processing /home/airflow/.local/lib/python3.12/site-packages/airflow/example_dags/example_branch_day_of_week_operator.py took 0.212 seconds
[2026-08-13T13:44:11.798+0000] {processor.py:161} INFO - Started process (PID=2707) to work on /home/airflow/.local/lib/python3.12/site-packages/airflow/example_dags/example_branch_day_of_week_operator.py
[2026-08-13T13:44:11.801+0000] {processor.py:830} INFO - Processing file /home/airflow/.local/lib/python3.12/site-packages/airflow/example_dags/example_branch_day_of_week_operator.py for tasks to queue
[2026-08-13T13:44:11.808+0000] {logging_mixin.py:188} INFO - [2026-08-13T13:44:11.806+0000] {dagbag.py:545} INFO - Filling up the DagBag from /home/airflow/.local/lib/python3.12/site-packages/airflow/example_dags/example_branch_day_of_week_operator.py
[2026-08-13T13:44:11.835+0000] {processor.py:840} INFO - DAG(s) 'example_weekday_branch_operator' retrieved from /home/airflow/.local/lib/python3.12/site-packages/airflow/example_dags/example_branch_day_of_week_operator.py
[2026-08-13T13:44:11.892+0000] {logging_mixin.py:188} INFO - [2026-08-13T13:44:11.892+0000] {dag.py:3089} INFO - Sync 1 DAGs
[2026-08-13T13:44:11.955+0000] {logging_mixin.py:188} INFO - [2026-08-13T13:44:11.954+0000] {dag.py:3947} INFO - Setting next_dagrun for example_weekday_branch_operator to 2026-08-12 00:00:00+00:00, run_after=2026-08-13 00:00:00+00:00
[2026-08-13T13:44:12.012+0000] {processor.py:183} INFO - Processing /home/airflow/.local/lib/python3.12/site-packages/airflow/example_dags/example_branch_day_of_week_operator.py took 0.231 seconds
[2026-08-13T13:44:42.877+0000] {processor.py:161} INFO - Started process (PID=2779) to work on /home/airflow/.local/lib/python3.12/site-packages/airflow/example_dags/example_branch_day_of_week_operator.py
[2026-08-13T13:44:42.891+0000] {processor.py:830} INFO - Processing file /home/airflow/.local/lib/python3.12/site-packages/airflow/example_dags/example_branch_day_of_week_operator.py for tasks to queue
[2026-08-13T13:44:42.897+0000] {logging_mixin.py:188} INFO - [2026-08-13T13:44:42.896+0000] {dagbag.py:545} INFO - Filling up the DagBag from /home/airflow/.local/lib/python3.12/site-packages/airflow/example_dags/example_branch_day_of_week_operator.py
[2026-08-13T13:44:42.917+0000] {processor.py:840} INFO - DAG(s) 'example_weekday_branch_operator' retrieved from /home/airflow/.local/lib/python3.12/site-packages/airflow/example_dags/example_branch_day_of_week_operator.py
[2026-08-13T13:44:42.971+0000] {logging_mixin.py:188} INFO - [2026-08-13T13:44:42.971+0000] {dag.py:3089} INFO - Sync 1 DAGs
[2026-08-13T13:44:43.045+0000] {logging_mixin.py:188} INFO - [2026-08-13T13:44:43.044+0000] {dag.py:3947} INFO - Setting next_dagrun for example_weekday_branch_operator to 2026-08-12 00:00:00+00:00, run_after=2026-08-13 00:00:00+00:00
[2026-08-13T13:44:43.180+0000] {processor.py:183} INFO - Processing /home/airflow/.local/lib/python3.12/site-packages/airflow/example_dags/example_branch_day_of_week_operator.py took 0.315 seconds
[2026-08-13T13:45:13.364+0000] {processor.py:161} INFO - Started process (PID=2849) to work on /home/airflow/.local/lib/python3.12/site-packages/airflow/example_dags/example_branch_day_of_week_operator.py
[2026-08-13T13:45:13.367+0000] {processor.py:830} INFO - Processing file /home/airflow/.local/lib/python3.12/site-packages/airflow/example_dags/example_branch_day_of_week_operator.py for tasks to queue
[2026-08-13T13:45:13.374+0000] {logging_mixin.py:188} INFO - [2026-08-13T13:45:13.373+0000] {dagbag.py:545} INFO - Filling up the DagBag from /home/airflow/.local/lib/python3.12/site-packages/airflow/example_dags/example_branch_day_of_week_operator.py
[2026-08-13T13:45:13.395+0000] {processor.py:840} INFO - DAG(s) 'example_weekday_branch_operator' retrieved from /home/airflow/.local/lib/python3.12/site-packages/airflow/example_dags/example_branch_day_of_week_operator.py
[2026-08-13T13:45:13.454+0000] {logging_mixin.py:188} INFO - [2026-08-13T13:45:13.453+0000] {dag.py:3089} INFO - Sync 1 DAGs
[2026-08-13T13:45:13.502+0000] {logging_mixin.py:188} INFO - [2026-08-13T13:45:13.501+0000] {dag.py:3947} INFO - Setting next_dagrun for example_weekday_branch_operator to 2026-08-12 00:00:00+00:00, run_after=2026-08-13 00:00:00+00:00
[2026-08-13T13:45:13.555+0000] {processor.py:183} INFO - Processing /home/airflow/.local/lib/python3.12/site-packages/airflow/example_dags/example_branch_day_of_week_operator.py took 0.212 seconds
[2026-08-13T13:45:44.092+0000] {processor.py:161} INFO - Started process (PID=2922) to work on /home/airflow/.local/lib/python3.12/site-packages/airflow/example_dags/example_branch_day_of_week_operator.py
[2026-08-13T13:45:44.097+0000] {processor.py:830} INFO - Processing file /home/airflow/.local/lib/python3.12/site-packages/airflow/example_dags/example_branch_day_of_week_operator.py for tasks to queue
[2026-08-13T13:45:44.107+0000] {logging_mixin.py:188} INFO - [2026-08-13T13:45:44.106+0000] {dagbag.py:545} INFO - Filling up the DagBag from /home/airflow/.local/lib/python3.12/site-packages/airflow/example_dags/example_branch_day_of_week_operator.py
[2026-08-13T13:45:44.136+0000] {processor.py:840} INFO - DAG(s) 'example_weekday_branch_operator' retrieved from /home/airflow/.local/lib/python3.12/site-packages/airflow/example_dags/example_branch_day_of_week_operator.py
[2026-08-13T13:45:44.196+0000] {logging_mixin.py:188} INFO - [2026-08-13T13:45:44.195+0000] {dag.py:3089} INFO - Sync 1 DAGs
[2026-08-13T13:45:44.269+0000] {logging_mixin.py:188} INFO - [2026-08-13T13:45:44.267+0000] {dag.py:3947} INFO - Setting next_dagrun for example_weekday_branch_operator to 2026-08-12 00:00:00+00:00, run_after=2026-08-13 00:00:00+00:00
[2026-08-13T13:45:44.347+0000] {processor.py:183} INFO - Processing /home/airflow/.local/lib/python3.12/site-packages/airflow/example_dags/example_branch_day_of_week_operator.py took 0.273 seconds
[2026-08-13T13:46:14.813+0000] {processor.py:161} INFO - Started process (PID=2988) to work on /home/airflow/.local/lib/python3.12/site-packages/airflow/example_dags/example_branch_day_of_week_operator.py
[2026-08-13T13:46:14.816+0000] {processor.py:830} INFO - Processing file /home/airflow/.local/lib/python3.12/site-packages/airflow/example_dags/example_branch_day_of_week_operator.py for tasks to queue
[2026-08-13T13:46:14.821+0000] {logging_mixin.py:188} INFO - [2026-08-13T13:46:14.820+0000] {dagbag.py:545} INFO - Filling up the DagBag from /home/airflow/.local/lib/python3.12/site-packages/airflow/example_dags/example_branch_day_of_week_operator.py
[2026-08-13T13:46:14.842+0000] {processor.py:840} INFO - DAG(s) 'example_weekday_branch_operator' retrieved from /home/airflow/.local/lib/python3.12/site-packages/airflow/example_dags/example_branch_day_of_week_operator.py
[2026-08-13T13:46:14.890+0000] {logging_mixin.py:188} INFO - [2026-08-13T13:46:14.889+0000] {dag.py:3089} INFO - Sync 1 DAGs
[2026-08-13T13:46:14.949+0000] {logging_mixin.py:188} INFO - [2026-08-13T13:46:14.949+0000] {dag.py:3947} INFO - Setting next_dagrun for example_weekday_branch_operator to 2026-08-12 00:00:00+00:00, run_after=2026-08-13 00:00:00+00:00
[2026-08-13T13:46:14.991+0000] {processor.py:183} INFO - Processing /home/airflow/.local/lib/python3.12/site-packages/airflow/example_dags/example_branch_day_of_week_operator.py took 0.192 seconds
[2026-08-13T13:46:45.676+0000] {processor.py:161} INFO - Started process (PID=3062) to work on /home/airflow/.local/lib/python3.12/site-packages/airflow/example_dags/example_branch_day_of_week_operator.py
[2026-08-13T13:46:45.678+0000] {processor.py:830} INFO - Processing file /home/airflow/.local/lib/python3.12/site-packages/airflow/example_dags/example_branch_day_of_week_operator.py for tasks to queue
[2026-08-13T13:46:45.683+0000] {logging_mixin.py:188} INFO - [2026-08-13T13:46:45.682+0000] {dagbag.py:545} INFO - Filling up the DagBag from /home/airflow/.local/lib/python3.12/site-packages/airflow/example_dags/example_branch_day_of_week_operator.py
[2026-08-13T13:46:45.699+0000] {processor.py:840} INFO - DAG(s) 'example_weekday_branch_operator' retrieved from /home/airflow/.local/lib/python3.12/site-packages/airflow/example_dags/example_branch_day_of_week_operator.py
[2026-08-13T13:46:45.749+0000] {logging_mixin.py:188} INFO - [2026-08-13T13:46:45.748+0000] {dag.py:3089} INFO - Sync 1 DAGs
[2026-08-13T13:46:45.816+0000] {logging_mixin.py:188} INFO - [2026-08-13T13:46:45.816+0000] {dag.py:3947} INFO - Setting next_dagrun for example_weekday_branch_operator to 2026-08-12 00:00:00+00:00, run_after=2026-08-13 00:00:00+00:00
[2026-08-13T13:46:45.888+0000] {processor.py:183} INFO - Processing /home/airflow/.local/lib/python3.12/site-packages/airflow/example_dags/example_branch_day_of_week_operator.py took 0.223 seconds
[2026-08-13T13:47:16.480+0000] {processor.py:161} INFO - Started process (PID=3134) to work on /home/airflow/.local/lib/python3.12/site-packages/airflow/example_dags/example_branch_day_of_week_operator.py
[2026-08-13T13:47:16.483+0000] {processor.py:830} INFO - Processing file /home/airflow/.local/lib/python3.12/site-packages/airflow/example_dags/example_branch_day_of_week_operator.py for tasks to queue
[2026-08-13T13:47:16.488+0000] {logging_mixin.py:188} INFO - [2026-08-13T13:47:16.487+0000] {dagbag.py:545} INFO - Filling up the DagBag from /home/airflow/.local/lib/python3.12/site-packages/airflow/example_dags/example_branch_day_of_week_operator.py
[2026-08-13T13:47:16.526+0000] {processor.py:840} INFO - DAG(s) 'example_weekday_branch_operator' retrieved from /home/airflow/.local/lib/python3.12/site-packages/airflow/example_dags/example_branch_day_of_week_operator.py
[2026-08-13T13:47:16.585+0000] {logging_mixin.py:188} INFO - [2026-08-13T13:47:16.584+0000] {dag.py:3089} INFO - Sync 1 DAGs
[2026-08-13T13:47:16.647+0000] {logging_mixin.py:188} INFO - [2026-08-13T13:47:16.647+0000] {dag.py:3947} INFO - Setting next_dagrun for example_weekday_branch_operator to 2026-08-12 00:00:00+00:00, run_after=2026-08-13 00:00:00+00:00
[2026-08-13T13:47:16.705+0000] {processor.py:183} INFO - Processing /home/airflow/.local/lib/python3.12/site-packages/airflow/example_dags/example_branch_day_of_week_operator.py took 0.238 seconds
[2026-08-13T13:47:47.416+0000] {processor.py:161} INFO - Started process (PID=3207) to work on /home/airflow/.local/lib/python3.12/site-packages/airflow/example_dags/example_branch_day_of_week_operator.py
[2026-08-13T13:47:47.420+0000] {processor.py:830} INFO - Processing file /home/airflow/.local/lib/python3.12/site-packages/airflow/example_dags/example_branch_day_of_week_operator.py for tasks to queue
[2026-08-13T13:47:47.427+0000] {logging_mixin.py:188} INFO - [2026-08-13T13:47:47.427+0000] {dagbag.py:545} INFO - Filling up the DagBag from /home/airflow/.local/lib/python3.12/site-packages/airflow/example_dags/example_branch_day_of_week_operator.py
[2026-08-13T13:47:47.454+0000] {processor.py:840} INFO - DAG(s) 'example_weekday_branch_operator' retrieved from /home/airflow/.local/lib/python3.12/site-packages/airflow/example_dags/example_branch_day_of_week_operator.py
[2026-08-13T13:47:47.520+0000] {logging_mixin.py:188} INFO - [2026-08-13T13:47:47.520+0000] {dag.py:3089} INFO - Sync 1 DAGs
[2026-08-13T13:47:47.616+0000] {logging_mixin.py:188} INFO - [2026-08-13T13:47:47.616+0000] {dag.py:3947} INFO - Setting next_dagrun for example_weekday_branch_operator to 2026-08-12 00:00:00+00:00, run_after=2026-08-13 00:00:00+00:00
[2026-08-13T13:47:47.718+0000] {processor.py:183} INFO - Processing /home/airflow/.local/lib/python3.12/site-packages/airflow/example_dags/example_branch_day_of_week_operator.py took 0.322 seconds
[2026-08-13T13:48:17.961+0000] {processor.py:161} INFO - Started process (PID=3280) to work on /home/airflow/.local/lib/python3.12/site-packages/airflow/example_dags/example_branch_day_of_week_operator.py
[2026-08-13T13:48:17.964+0000] {processor.py:830} INFO - Processing file /home/airflow/.local/lib/python3.12/site-packages/airflow/example_dags/example_branch_day_of_week_operator.py for tasks to queue
[2026-08-13T13:48:17.971+0000] {logging_mixin.py:188} INFO - [2026-08-13T13:48:17.970+0000] {dagbag.py:545} INFO - Filling up the DagBag from /home/airflow/.local/lib/python3.12/site-packages/airflow/example_dags/example_branch_day_of_week_operator.py
[2026-08-13T13:48:17.991+0000] {processor.py:840} INFO - DAG(s) 'example_weekday_branch_operator' retrieved from /home/airflow/.local/lib/python3.12/site-packages/airflow/example_dags/example_branch_day_of_week_operator.py
[2026-08-13T13:48:18.037+0000] {logging_mixin.py:188} INFO - [2026-08-13T13:48:18.036+0000] {dag.py:3089} INFO - Sync 1 DAGs
[2026-08-13T13:48:18.104+0000] {logging_mixin.py:188} INFO - [2026-08-13T13:48:18.103+0000] {dag.py:3947} INFO - Setting next_dagrun for example_weekday_branch_operator to 2026-08-12 00:00:00+00:00, run_after=2026-08-13 00:00:00+00:00
[2026-08-13T13:48:18.150+0000] {processor.py:183} INFO - Processing /home/airflow/.local/lib/python3.12/site-packages/airflow/example_dags/example_branch_day_of_week_operator.py took 0.204 seconds
[2026-08-13T13:48:48.669+0000] {processor.py:161} INFO - Started process (PID=3353) to work on /home/airflow/.local/lib/python3.12/site-packages/airflow/example_dags/example_branch_day_of_week_operator.py
[2026-08-13T13:48:48.672+0000] {processor.py:830} INFO - Processing file /home/airflow/.local/lib/python3.12/site-packages/airflow/example_dags/example_branch_day_of_week_operator.py for tasks to queue
[2026-08-13T13:48:48.678+0000] {logging_mixin.py:188} INFO - [2026-08-13T13:48:48.677+0000] {dagbag.py:545} INFO - Filling up the DagBag from /home/airflow/.local/lib/python3.12/site-packages/airflow/example_dags/example_branch_day_of_week_operator.py
[2026-08-13T13:48:48.701+0000] {processor.py:840} INFO - DAG(s) 'example_weekday_branch_operator' retrieved from /home/airflow/.local/lib/python3.12/site-packages/airflow/example_dags/example_branch_day_of_week_operator.py
[2026-08-13T13:48:48.744+0000] {logging_mixin.py:188} INFO - [2026-08-13T13:48:48.744+0000] {dag.py:3089} INFO - Sync 1 DAGs
[2026-08-13T13:48:48.799+0000] {logging_mixin.py:188} INFO - [2026-08-13T13:48:48.799+0000] {dag.py:3947} INFO - Setting next_dagrun for example_weekday_branch_operator to 2026-08-12 00:00:00+00:00, run_after=2026-08-13 00:00:00+00:00
[2026-08-13T13:48:48.866+0000] {processor.py:183} INFO - Processing /home/airflow/.local/lib/python3.12/site-packages/airflow/example_dags/example_branch_day_of_week_operator.py took 0.210 seconds
[2026-08-13T13:49:19.224+0000] {processor.py:161} INFO - Started process (PID=3420) to work on /home/airflow/.local/lib/python3.12/site-packages/airflow/example_dags/example_branch_day_of_week_operator.py
[2026-08-13T13:49:19.227+0000] {processor.py:830} INFO - Processing file /home/airflow/.local/lib/python3.12/site-packages/airflow/example_dags/example_branch_day_of_week_operator.py for tasks to queue
[2026-08-13T13:49:19.239+0000] {logging_mixin.py:188} INFO - [2026-08-13T13:49:19.238+0000] {dagbag.py:545} INFO - Filling up the DagBag from /home/airflow/.local/lib/python3.12/site-packages/airflow/example_dags/example_branch_day_of_week_operator.py
[2026-08-13T13:49:19.263+0000] {processor.py:840} INFO - DAG(s) 'example_weekday_branch_operator' retrieved from /home/airflow/.local/lib/python3.12/site-packages/airflow/example_dags/example_branch_day_of_week_operator.py
[2026-08-13T13:49:19.317+0000] {logging_mixin.py:188} INFO - [2026-08-13T13:49:19.317+0000] {dag.py:3089} INFO - Sync 1 DAGs
[2026-08-13T13:49:19.397+0000] {logging_mixin.py:188} INFO - [2026-08-13T13:49:19.396+0000] {dag.py:3947} INFO - Setting next_dagrun for example_weekday_branch_operator to 2026-08-12 00:00:00+00:00, run_after=2026-08-13 00:00:00+00:00
[2026-08-13T13:49:19.458+0000] {processor.py:183} INFO - Processing /home/airflow/.local/lib/python3.12/site-packages/airflow/example_dags/example_branch_day_of_week_operator.py took 0.251 seconds
[2026-08-13T13:49:49.732+0000] {processor.py:161} INFO - Started process (PID=3493) to work on /home/airflow/.local/lib/python3.12/site-packages/airflow/example_dags/example_branch_day_of_week_operator.py
[2026-08-13T13:49:49.753+0000] {processor.py:830} INFO - Processing file /home/airflow/.local/lib/python3.12/site-packages/airflow/example_dags/example_branch_day_of_week_operator.py for tasks to queue
[2026-08-13T13:49:49.761+0000] {logging_mixin.py:188} INFO - [2026-08-13T13:49:49.760+0000] {dagbag.py:545} INFO - Filling up the DagBag from /home/airflow/.local/lib/python3.12/site-packages/airflow/example_dags/example_branch_day_of_week_operator.py
[2026-08-13T13:49:49.795+0000] {processor.py:840} INFO - DAG(s) 'example_weekday_branch_operator' retrieved from /home/airflow/.local/lib/python3.12/site-packages/airflow/example_dags/example_branch_day_of_week_operator.py
[2026-08-13T13:49:49.909+0000] {logging_mixin.py:188} INFO - [2026-08-13T13:49:49.908+0000] {dag.py:3089} INFO - Sync 1 DAGs
[2026-08-13T13:49:50.138+0000] {logging_mixin.py:188} INFO - [2026-08-13T13:49:50.138+0000] {dag.py:3947} INFO - Setting next_dagrun for example_weekday_branch_operator to 2026-08-12 00:00:00+00:00, run_after=2026-08-13 00:00:00+00:00
[2026-08-13T13:49:50.311+0000] {processor.py:183} INFO - Processing /home/airflow/.local/lib/python3.12/site-packages/airflow/example_dags/example_branch_day_of_week_operator.py took 0.602 seconds
