[2026-08-13T13:24:13.787+0000] {processor.py:161} INFO - Started process (PID=93) to work on /home/airflow/.local/lib/python3.12/site-packages/airflow/example_dags/tutorial_dag.py
[2026-08-13T13:24:13.834+0000] {processor.py:830} INFO - Processing file /home/airflow/.local/lib/python3.12/site-packages/airflow/example_dags/tutorial_dag.py for tasks to queue
[2026-08-13T13:24:13.858+0000] {logging_mixin.py:188} INFO - [2026-08-13T13:24:13.857+0000] {dagbag.py:545} INFO - Filling up the DagBag from /home/airflow/.local/lib/python3.12/site-packages/airflow/example_dags/tutorial_dag.py
[2026-08-13T13:24:14.065+0000] {processor.py:840} INFO - DAG(s) 'tutorial_dag' retrieved from /home/airflow/.local/lib/python3.12/site-packages/airflow/example_dags/tutorial_dag.py
[2026-08-13T13:24:15.464+0000] {logging_mixin.py:188} INFO - [2026-08-13T13:24:15.463+0000] {dag.py:3089} INFO - Sync 1 DAGs
[2026-08-13T13:24:15.641+0000] {logging_mixin.py:188} INFO - [2026-08-13T13:24:15.640+0000] {dag.py:3947} INFO - Setting next_dagrun for tutorial_dag to None, run_after=None
[2026-08-13T13:24:15.832+0000] {processor.py:183} INFO - Processing /home/airflow/.local/lib/python3.12/site-packages/airflow/example_dags/tutorial_dag.py took 2.095 seconds
[2026-08-13T13:24:49.489+0000] {processor.py:161} INFO - Started process (PID=166) to work on /home/airflow/.local/lib/python3.12/site-packages/airflow/example_dags/tutorial_dag.py
[2026-08-13T13:24:49.494+0000] {processor.py:830} INFO - Processing file /home/airflow/.local/lib/python3.12/site-packages/airflow/example_dags/tutorial_dag.py for tasks to queue
[2026-08-13T13:24:49.531+0000] {logging_mixin.py:188} INFO - [2026-08-13T13:24:49.529+0000] {dagbag.py:545} INFO - Filling up the DagBag from /home/airflow/.local/lib/python3.12/site-packages/airflow/example_dags/tutorial_dag.py
[2026-08-13T13:24:49.571+0000] {processor.py:840} INFO - DAG(s) 'tutorial_dag' retrieved from /home/airflow/.local/lib/python3.12/site-packages/airflow/example_dags/tutorial_dag.py
[2026-08-13T13:24:49.642+0000] {logging_mixin.py:188} INFO - [2026-08-13T13:24:49.641+0000] {dag.py:3089} INFO - Sync 1 DAGs
[2026-08-13T13:24:49.731+0000] {logging_mixin.py:188} INFO - [2026-08-13T13:24:49.730+0000] {dag.py:3947} INFO - Setting next_dagrun for tutorial_dag to None, run_after=None
[2026-08-13T13:24:49.958+0000] {processor.py:183} INFO - Processing /home/airflow/.local/lib/python3.12/site-packages/airflow/example_dags/tutorial_dag.py took 0.604 seconds
[2026-08-13T13:25:45.337+0000] {processor.py:161} INFO - Started process (PID=245) to work on /home/airflow/.local/lib/python3.12/site-packages/airflow/example_dags/tutorial_dag.py
[2026-08-13T13:25:45.354+0000] {processor.py:830} INFO - Processing file /home/airflow/.local/lib/python3.12/site-packages/airflow/example_dags/tutorial_dag.py for tasks to queue
[2026-08-13T13:25:45.375+0000] {logging_mixin.py:188} INFO - [2026-08-13T13:25:45.374+0000] {dagbag.py:545} INFO - Filling up the DagBag from /home/airflow/.local/lib/python3.12/site-packages/airflow/example_dags/tutorial_dag.py
[2026-08-13T13:25:45.487+0000] {processor.py:840} INFO - DAG(s) 'tutorial_dag' retrieved from /home/airflow/.local/lib/python3.12/site-packages/airflow/example_dags/tutorial_dag.py
[2026-08-13T13:25:45.748+0000] {logging_mixin.py:188} INFO - [2026-08-13T13:25:45.748+0000] {dag.py:3089} INFO - Sync 1 DAGs
[2026-08-13T13:25:45.915+0000] {logging_mixin.py:188} INFO - [2026-08-13T13:25:45.910+0000] {dag.py:3947} INFO - Setting next_dagrun for tutorial_dag to None, run_after=None
[2026-08-13T13:25:46.169+0000] {processor.py:183} INFO - Processing /home/airflow/.local/lib/python3.12/site-packages/airflow/example_dags/tutorial_dag.py took 0.900 seconds
[2026-08-13T13:26:16.513+0000] {processor.py:161} INFO - Started process (PID=311) to work on /home/airflow/.local/lib/python3.12/site-packages/airflow/example_dags/tutorial_dag.py
[2026-08-13T13:26:16.517+0000] {processor.py:830} INFO - Processing file /home/airflow/.local/lib/python3.12/site-packages/airflow/example_dags/tutorial_dag.py for tasks to queue
[2026-08-13T13:26:16.528+0000] {logging_mixin.py:188} INFO - [2026-08-13T13:26:16.527+0000] {dagbag.py:545} INFO - Filling up the DagBag from /home/airflow/.local/lib/python3.12/site-packages/airflow/example_dags/tutorial_dag.py
[2026-08-13T13:26:16.577+0000] {processor.py:840} INFO - DAG(s) 'tutorial_dag' retrieved from /home/airflow/.local/lib/python3.12/site-packages/airflow/example_dags/tutorial_dag.py
[2026-08-13T13:26:16.660+0000] {logging_mixin.py:188} INFO - [2026-08-13T13:26:16.660+0000] {dag.py:3089} INFO - Sync 1 DAGs
[2026-08-13T13:26:16.695+0000] {logging_mixin.py:188} INFO - [2026-08-13T13:26:16.695+0000] {dag.py:3947} INFO - Setting next_dagrun for tutorial_dag to None, run_after=None
[2026-08-13T13:26:16.754+0000] {processor.py:183} INFO - Processing /home/airflow/.local/lib/python3.12/site-packages/airflow/example_dags/tutorial_dag.py took 0.265 seconds
[2026-08-13T13:26:49.464+0000] {processor.py:161} INFO - Started process (PID=385) to work on /home/airflow/.local/lib/python3.12/site-packages/airflow/example_dags/tutorial_dag.py
[2026-08-13T13:26:49.474+0000] {processor.py:830} INFO - Processing file /home/airflow/.local/lib/python3.12/site-packages/airflow/example_dags/tutorial_dag.py for tasks to queue
[2026-08-13T13:26:49.515+0000] {logging_mixin.py:188} INFO - [2026-08-13T13:26:49.514+0000] {dagbag.py:545} INFO - Filling up the DagBag from /home/airflow/.local/lib/python3.12/site-packages/airflow/example_dags/tutorial_dag.py
[2026-08-13T13:26:49.615+0000] {processor.py:840} INFO - DAG(s) 'tutorial_dag' retrieved from /home/airflow/.local/lib/python3.12/site-packages/airflow/example_dags/tutorial_dag.py
[2026-08-13T13:26:49.810+0000] {logging_mixin.py:188} INFO - [2026-08-13T13:26:49.809+0000] {dag.py:3089} INFO - Sync 1 DAGs
[2026-08-13T13:26:50.034+0000] {logging_mixin.py:188} INFO - [2026-08-13T13:26:50.033+0000] {dag.py:3947} INFO - Setting next_dagrun for tutorial_dag to None, run_after=None
[2026-08-13T13:26:50.128+0000] {processor.py:183} INFO - Processing /home/airflow/.local/lib/python3.12/site-packages/airflow/example_dags/tutorial_dag.py took 0.761 seconds
[2026-08-13T13:27:20.786+0000] {processor.py:161} INFO - Started process (PID=456) to work on /home/airflow/.local/lib/python3.12/site-packages/airflow/example_dags/tutorial_dag.py
[2026-08-13T13:27:20.795+0000] {processor.py:830} INFO - Processing file /home/airflow/.local/lib/python3.12/site-packages/airflow/example_dags/tutorial_dag.py for tasks to queue
[2026-08-13T13:27:20.827+0000] {logging_mixin.py:188} INFO - [2026-08-13T13:27:20.826+0000] {dagbag.py:545} INFO - Filling up the DagBag from /home/airflow/.local/lib/python3.12/site-packages/airflow/example_dags/tutorial_dag.py
[2026-08-13T13:27:20.860+0000] {processor.py:840} INFO - DAG(s) 'tutorial_dag' retrieved from /home/airflow/.local/lib/python3.12/site-packages/airflow/example_dags/tutorial_dag.py
[2026-08-13T13:27:20.963+0000] {logging_mixin.py:188} INFO - [2026-08-13T13:27:20.963+0000] {dag.py:3089} INFO - Sync 1 DAGs
[2026-08-13T13:27:21.043+0000] {logging_mixin.py:188} INFO - [2026-08-13T13:27:21.042+0000] {dag.py:3947} INFO - Setting next_dagrun for tutorial_dag to None, run_after=None
[2026-08-13T13:27:21.128+0000] {processor.py:183} INFO - Processing /home/airflow/.local/lib/python3.12/site-packages/airflow/example_dags/tutorial_dag.py took 0.364 seconds
[2026-08-13T13:27:51.366+0000] {processor.py:161} INFO - Started process (PID=523) to work on /home/airflow/.local/lib/python3.12/site-packages/airflow/example_dags/tutorial_dag.py
[2026-08-13T13:27:51.368+0000] {processor.py:830} INFO - Processing file /home/airflow/.local/lib/python3.12/site-packages/airflow/example_dags/tutorial_dag.py for tasks to queue
[2026-08-13T13:27:51.373+0000] {logging_mixin.py:188} INFO - [2026-08-13T13:27:51.372+0000] {dagbag.py:545} INFO - Filling up the DagBag from /home/airflow/.local/lib/python3.12/site-packages/airflow/example_dags/tutorial_dag.py
[2026-08-13T13:27:51.382+0000] {processor.py:840} INFO - DAG(s) 'tutorial_dag' retrieved from /home/airflow/.local/lib/python3.12/site-packages/airflow/example_dags/tutorial_dag.py
[2026-08-13T13:27:51.415+0000] {logging_mixin.py:188} INFO - [2026-08-13T13:27:51.415+0000] {dag.py:3089} INFO - Sync 1 DAGs
[2026-08-13T13:27:51.443+0000] {logging_mixin.py:188} INFO - [2026-08-13T13:27:51.442+0000] {dag.py:3947} INFO - Setting next_dagrun for tutorial_dag to None, run_after=None
[2026-08-13T13:27:51.503+0000] {processor.py:183} INFO - Processing /home/airflow/.local/lib/python3.12/site-packages/airflow/example_dags/tutorial_dag.py took 0.146 seconds
[2026-08-13T13:28:24.363+0000] {processor.py:161} INFO - Started process (PID=594) to work on /home/airflow/.local/lib/python3.12/site-packages/airflow/example_dags/tutorial_dag.py
[2026-08-13T13:28:24.368+0000] {processor.py:830} INFO - Processing file /home/airflow/.local/lib/python3.12/site-packages/airflow/example_dags/tutorial_dag.py for tasks to queue
[2026-08-13T13:28:24.376+0000] {logging_mixin.py:188} INFO - [2026-08-13T13:28:24.374+0000] {dagbag.py:545} INFO - Filling up the DagBag from /home/airflow/.local/lib/python3.12/site-packages/airflow/example_dags/tutorial_dag.py
[2026-08-13T13:28:24.395+0000] {processor.py:840} INFO - DAG(s) 'tutorial_dag' retrieved from /home/airflow/.local/lib/python3.12/site-packages/airflow/example_dags/tutorial_dag.py
[2026-08-13T13:28:24.452+0000] {logging_mixin.py:188} INFO - [2026-08-13T13:28:24.451+0000] {dag.py:3089} INFO - Sync 1 DAGs
[2026-08-13T13:28:24.493+0000] {logging_mixin.py:188} INFO - [2026-08-13T13:28:24.492+0000] {dag.py:3947} INFO - Setting next_dagrun for tutorial_dag to None, run_after=None
[2026-08-13T13:28:24.554+0000] {processor.py:183} INFO - Processing /home/airflow/.local/lib/python3.12/site-packages/airflow/example_dags/tutorial_dag.py took 0.212 seconds
[2026-08-13T13:28:57.498+0000] {processor.py:161} INFO - Started process (PID=667) to work on /home/airflow/.local/lib/python3.12/site-packages/airflow/example_dags/tutorial_dag.py
[2026-08-13T13:28:57.500+0000] {processor.py:830} INFO - Processing file /home/airflow/.local/lib/python3.12/site-packages/airflow/example_dags/tutorial_dag.py for tasks to queue
[2026-08-13T13:28:57.506+0000] {logging_mixin.py:188} INFO - [2026-08-13T13:28:57.505+0000] {dagbag.py:545} INFO - Filling up the DagBag from /home/airflow/.local/lib/python3.12/site-packages/airflow/example_dags/tutorial_dag.py
[2026-08-13T13:28:57.518+0000] {processor.py:840} INFO - DAG(s) 'tutorial_dag' retrieved from /home/airflow/.local/lib/python3.12/site-packages/airflow/example_dags/tutorial_dag.py
[2026-08-13T13:28:57.564+0000] {logging_mixin.py:188} INFO - [2026-08-13T13:28:57.563+0000] {dag.py:3089} INFO - Sync 1 DAGs
[2026-08-13T13:28:57.597+0000] {logging_mixin.py:188} INFO - [2026-08-13T13:28:57.596+0000] {dag.py:3947} INFO - Setting next_dagrun for tutorial_dag to None, run_after=None
[2026-08-13T13:28:57.640+0000] {processor.py:183} INFO - Processing /home/airflow/.local/lib/python3.12/site-packages/airflow/example_dags/tutorial_dag.py took 0.152 seconds
[2026-08-13T13:29:31.326+0000] {processor.py:161} INFO - Started process (PID=741) to work on /home/airflow/.local/lib/python3.12/site-packages/airflow/example_dags/tutorial_dag.py
[2026-08-13T13:29:31.329+0000] {processor.py:830} INFO - Processing file /home/airflow/.local/lib/python3.12/site-packages/airflow/example_dags/tutorial_dag.py for tasks to queue
[2026-08-13T13:29:31.333+0000] {logging_mixin.py:188} INFO - [2026-08-13T13:29:31.332+0000] {dagbag.py:545} INFO - Filling up the DagBag from /home/airflow/.local/lib/python3.12/site-packages/airflow/example_dags/tutorial_dag.py
[2026-08-13T13:29:31.343+0000] {processor.py:840} INFO - DAG(s) 'tutorial_dag' retrieved from /home/airflow/.local/lib/python3.12/site-packages/airflow/example_dags/tutorial_dag.py
[2026-08-13T13:29:31.389+0000] {logging_mixin.py:188} INFO - [2026-08-13T13:29:31.388+0000] {dag.py:3089} INFO - Sync 1 DAGs
[2026-08-13T13:29:31.423+0000] {logging_mixin.py:188} INFO - [2026-08-13T13:29:31.422+0000] {dag.py:3947} INFO - Setting next_dagrun for tutorial_dag to None, run_after=None
[2026-08-13T13:29:31.479+0000] {processor.py:183} INFO - Processing /home/airflow/.local/lib/python3.12/site-packages/airflow/example_dags/tutorial_dag.py took 0.163 seconds
[2026-08-13T13:30:04.599+0000] {processor.py:161} INFO - Started process (PID=814) to work on /home/airflow/.local/lib/python3.12/site-packages/airflow/example_dags/tutorial_dag.py
[2026-08-13T13:30:04.613+0000] {processor.py:830} INFO - Processing file /home/airflow/.local/lib/python3.12/site-packages/airflow/example_dags/tutorial_dag.py for tasks to queue
[2026-08-13T13:30:04.625+0000] {logging_mixin.py:188} INFO - [2026-08-13T13:30:04.623+0000] {dagbag.py:545} INFO - Filling up the DagBag from /home/airflow/.local/lib/python3.12/site-packages/airflow/example_dags/tutorial_dag.py
[2026-08-13T13:30:04.643+0000] {processor.py:840} INFO - DAG(s) 'tutorial_dag' retrieved from /home/airflow/.local/lib/python3.12/site-packages/airflow/example_dags/tutorial_dag.py
[2026-08-13T13:30:04.713+0000] {logging_mixin.py:188} INFO - [2026-08-13T13:30:04.712+0000] {dag.py:3089} INFO - Sync 1 DAGs
[2026-08-13T13:30:04.755+0000] {logging_mixin.py:188} INFO - [2026-08-13T13:30:04.754+0000] {dag.py:3947} INFO - Setting next_dagrun for tutorial_dag to None, run_after=None
[2026-08-13T13:30:04.828+0000] {processor.py:183} INFO - Processing /home/airflow/.local/lib/python3.12/site-packages/airflow/example_dags/tutorial_dag.py took 0.367 seconds
[2026-08-13T13:30:37.179+0000] {processor.py:161} INFO - Started process (PID=887) to work on /home/airflow/.local/lib/python3.12/site-packages/airflow/example_dags/tutorial_dag.py
[2026-08-13T13:30:37.183+0000] {processor.py:830} INFO - Processing file /home/airflow/.local/lib/python3.12/site-packages/airflow/example_dags/tutorial_dag.py for tasks to queue
[2026-08-13T13:30:37.195+0000] {logging_mixin.py:188} INFO - [2026-08-13T13:30:37.194+0000] {dagbag.py:545} INFO - Filling up the DagBag from /home/airflow/.local/lib/python3.12/site-packages/airflow/example_dags/tutorial_dag.py
[2026-08-13T13:30:37.231+0000] {processor.py:840} INFO - DAG(s) 'tutorial_dag' retrieved from /home/airflow/.local/lib/python3.12/site-packages/airflow/example_dags/tutorial_dag.py
[2026-08-13T13:30:37.352+0000] {logging_mixin.py:188} INFO - [2026-08-13T13:30:37.351+0000] {dag.py:3089} INFO - Sync 1 DAGs
[2026-08-13T13:30:37.398+0000] {logging_mixin.py:188} INFO - [2026-08-13T13:30:37.398+0000] {dag.py:3947} INFO - Setting next_dagrun for tutorial_dag to None, run_after=None
[2026-08-13T13:30:37.453+0000] {processor.py:183} INFO - Processing /home/airflow/.local/lib/python3.12/site-packages/airflow/example_dags/tutorial_dag.py took 0.299 seconds
[2026-08-13T13:31:08.672+0000] {processor.py:161} INFO - Started process (PID=953) to work on /home/airflow/.local/lib/python3.12/site-packages/airflow/example_dags/tutorial_dag.py
[2026-08-13T13:31:08.674+0000] {processor.py:830} INFO - Processing file /home/airflow/.local/lib/python3.12/site-packages/airflow/example_dags/tutorial_dag.py for tasks to queue
[2026-08-13T13:31:08.679+0000] {logging_mixin.py:188} INFO - [2026-08-13T13:31:08.678+0000] {dagbag.py:545} INFO - Filling up the DagBag from /home/airflow/.local/lib/python3.12/site-packages/airflow/example_dags/tutorial_dag.py
[2026-08-13T13:31:08.689+0000] {processor.py:840} INFO - DAG(s) 'tutorial_dag' retrieved from /home/airflow/.local/lib/python3.12/site-packages/airflow/example_dags/tutorial_dag.py
[2026-08-13T13:31:08.726+0000] {logging_mixin.py:188} INFO - [2026-08-13T13:31:08.725+0000] {dag.py:3089} INFO - Sync 1 DAGs
[2026-08-13T13:31:08.750+0000] {logging_mixin.py:188} INFO - [2026-08-13T13:31:08.749+0000] {dag.py:3947} INFO - Setting next_dagrun for tutorial_dag to None, run_after=None
[2026-08-13T13:31:08.792+0000] {processor.py:183} INFO - Processing /home/airflow/.local/lib/python3.12/site-packages/airflow/example_dags/tutorial_dag.py took 0.131 seconds
[2026-08-13T13:31:42.267+0000] {processor.py:161} INFO - Started process (PID=1027) to work on /home/airflow/.local/lib/python3.12/site-packages/airflow/example_dags/tutorial_dag.py
[2026-08-13T13:31:42.272+0000] {processor.py:830} INFO - Processing file /home/airflow/.local/lib/python3.12/site-packages/airflow/example_dags/tutorial_dag.py for tasks to queue
[2026-08-13T13:31:42.282+0000] {logging_mixin.py:188} INFO - [2026-08-13T13:31:42.280+0000] {dagbag.py:545} INFO - Filling up the DagBag from /home/airflow/.local/lib/python3.12/site-packages/airflow/example_dags/tutorial_dag.py
[2026-08-13T13:31:42.324+0000] {processor.py:840} INFO - DAG(s) 'tutorial_dag' retrieved from /home/airflow/.local/lib/python3.12/site-packages/airflow/example_dags/tutorial_dag.py
[2026-08-13T13:31:42.415+0000] {logging_mixin.py:188} INFO - [2026-08-13T13:31:42.414+0000] {dag.py:3089} INFO - Sync 1 DAGs
[2026-08-13T13:31:42.457+0000] {logging_mixin.py:188} INFO - [2026-08-13T13:31:42.456+0000] {dag.py:3947} INFO - Setting next_dagrun for tutorial_dag to None, run_after=None
[2026-08-13T13:31:42.509+0000] {processor.py:183} INFO - Processing /home/airflow/.local/lib/python3.12/site-packages/airflow/example_dags/tutorial_dag.py took 0.264 seconds
[2026-08-13T13:32:13.964+0000] {processor.py:161} INFO - Started process (PID=1100) to work on /home/airflow/.local/lib/python3.12/site-packages/airflow/example_dags/tutorial_dag.py
[2026-08-13T13:32:13.968+0000] {processor.py:830} INFO - Processing file /home/airflow/.local/lib/python3.12/site-packages/airflow/example_dags/tutorial_dag.py for tasks to queue
[2026-08-13T13:32:13.975+0000] {logging_mixin.py:188} INFO - [2026-08-13T13:32:13.974+0000] {dagbag.py:545} INFO - Filling up the DagBag from /home/airflow/.local/lib/python3.12/site-packages/airflow/example_dags/tutorial_dag.py
[2026-08-13T13:32:13.996+0000] {processor.py:840} INFO - DAG(s) 'tutorial_dag' retrieved from /home/airflow/.local/lib/python3.12/site-packages/airflow/example_dags/tutorial_dag.py
[2026-08-13T13:32:14.056+0000] {logging_mixin.py:188} INFO - [2026-08-13T13:32:14.055+0000] {dag.py:3089} INFO - Sync 1 DAGs
[2026-08-13T13:32:14.094+0000] {logging_mixin.py:188} INFO - [2026-08-13T13:32:14.094+0000] {dag.py:3947} INFO - Setting next_dagrun for tutorial_dag to None, run_after=None
[2026-08-13T13:32:14.146+0000] {processor.py:183} INFO - Processing /home/airflow/.local/lib/python3.12/site-packages/airflow/example_dags/tutorial_dag.py took 0.197 seconds
[2026-08-13T13:32:47.873+0000] {processor.py:161} INFO - Started process (PID=1174) to work on /home/airflow/.local/lib/python3.12/site-packages/airflow/example_dags/tutorial_dag.py
[2026-08-13T13:32:47.877+0000] {processor.py:830} INFO - Processing file /home/airflow/.local/lib/python3.12/site-packages/airflow/example_dags/tutorial_dag.py for tasks to queue
[2026-08-13T13:32:47.884+0000] {logging_mixin.py:188} INFO - [2026-08-13T13:32:47.883+0000] {dagbag.py:545} INFO - Filling up the DagBag from /home/airflow/.local/lib/python3.12/site-packages/airflow/example_dags/tutorial_dag.py
[2026-08-13T13:32:47.898+0000] {processor.py:840} INFO - DAG(s) 'tutorial_dag' retrieved from /home/airflow/.local/lib/python3.12/site-packages/airflow/example_dags/tutorial_dag.py
[2026-08-13T13:32:47.952+0000] {logging_mixin.py:188} INFO - [2026-08-13T13:32:47.951+0000] {dag.py:3089} INFO - Sync 1 DAGs
[2026-08-13T13:32:47.989+0000] {logging_mixin.py:188} INFO - [2026-08-13T13:32:47.989+0000] {dag.py:3947} INFO - Setting next_dagrun for tutorial_dag to None, run_after=None
[2026-08-13T13:32:48.053+0000] {processor.py:183} INFO - Processing /home/airflow/.local/lib/python3.12/site-packages/airflow/example_dags/tutorial_dag.py took 0.197 seconds
[2026-08-13T13:33:19.563+0000] {processor.py:161} INFO - Started process (PID=1247) to work on /home/airflow/.local/lib/python3.12/site-packages/airflow/example_dags/tutorial_dag.py
[2026-08-13T13:33:19.567+0000] {processor.py:830} INFO - Processing file /home/airflow/.local/lib/python3.12/site-packages/airflow/example_dags/tutorial_dag.py for tasks to queue
[2026-08-13T13:33:19.574+0000] {logging_mixin.py:188} INFO - [2026-08-13T13:33:19.573+0000] {dagbag.py:545} INFO - Filling up the DagBag from /home/airflow/.local/lib/python3.12/site-packages/airflow/example_dags/tutorial_dag.py
[2026-08-13T13:33:19.593+0000] {processor.py:840} INFO - DAG(s) 'tutorial_dag' retrieved from /home/airflow/.local/lib/python3.12/site-packages/airflow/example_dags/tutorial_dag.py
[2026-08-13T13:33:19.702+0000] {logging_mixin.py:188} INFO - [2026-08-13T13:33:19.701+0000] {dag.py:3089} INFO - Sync 1 DAGs
[2026-08-13T13:33:19.772+0000] {logging_mixin.py:188} INFO - [2026-08-13T13:33:19.771+0000] {dag.py:3947} INFO - Setting next_dagrun for tutorial_dag to None, run_after=None
[2026-08-13T13:33:19.854+0000] {processor.py:183} INFO - Processing /home/airflow/.local/lib/python3.12/site-packages/airflow/example_dags/tutorial_dag.py took 0.317 seconds
[2026-08-13T13:33:53.113+0000] {processor.py:161} INFO - Started process (PID=1321) to work on /home/airflow/.local/lib/python3.12/site-packages/airflow/example_dags/tutorial_dag.py
[2026-08-13T13:33:53.117+0000] {processor.py:830} INFO - Processing file /home/airflow/.local/lib/python3.12/site-packages/airflow/example_dags/tutorial_dag.py for tasks to queue
[2026-08-13T13:33:53.128+0000] {logging_mixin.py:188} INFO - [2026-08-13T13:33:53.127+0000] {dagbag.py:545} INFO - Filling up the DagBag from /home/airflow/.local/lib/python3.12/site-packages/airflow/example_dags/tutorial_dag.py
[2026-08-13T13:33:53.148+0000] {processor.py:840} INFO - DAG(s) 'tutorial_dag' retrieved from /home/airflow/.local/lib/python3.12/site-packages/airflow/example_dags/tutorial_dag.py
[2026-08-13T13:33:53.211+0000] {logging_mixin.py:188} INFO - [2026-08-13T13:33:53.210+0000] {dag.py:3089} INFO - Sync 1 DAGs
[2026-08-13T13:33:53.252+0000] {logging_mixin.py:188} INFO - [2026-08-13T13:33:53.252+0000] {dag.py:3947} INFO - Setting next_dagrun for tutorial_dag to None, run_after=None
[2026-08-13T13:33:53.331+0000] {processor.py:183} INFO - Processing /home/airflow/.local/lib/python3.12/site-packages/airflow/example_dags/tutorial_dag.py took 0.237 seconds
[2026-08-13T13:34:24.742+0000] {processor.py:161} INFO - Started process (PID=1394) to work on /home/airflow/.local/lib/python3.12/site-packages/airflow/example_dags/tutorial_dag.py
[2026-08-13T13:34:24.746+0000] {processor.py:830} INFO - Processing file /home/airflow/.local/lib/python3.12/site-packages/airflow/example_dags/tutorial_dag.py for tasks to queue
[2026-08-13T13:34:24.752+0000] {logging_mixin.py:188} INFO - [2026-08-13T13:34:24.751+0000] {dagbag.py:545} INFO - Filling up the DagBag from /home/airflow/.local/lib/python3.12/site-packages/airflow/example_dags/tutorial_dag.py
[2026-08-13T13:34:24.765+0000] {processor.py:840} INFO - DAG(s) 'tutorial_dag' retrieved from /home/airflow/.local/lib/python3.12/site-packages/airflow/example_dags/tutorial_dag.py
[2026-08-13T13:34:24.823+0000] {logging_mixin.py:188} INFO - [2026-08-13T13:34:24.822+0000] {dag.py:3089} INFO - Sync 1 DAGs
[2026-08-13T13:34:24.863+0000] {logging_mixin.py:188} INFO - [2026-08-13T13:34:24.862+0000] {dag.py:3947} INFO - Setting next_dagrun for tutorial_dag to None, run_after=None
[2026-08-13T13:34:24.915+0000] {processor.py:183} INFO - Processing /home/airflow/.local/lib/python3.12/site-packages/airflow/example_dags/tutorial_dag.py took 0.186 seconds
[2026-08-13T13:34:57.580+0000] {processor.py:161} INFO - Started process (PID=1468) to work on /home/airflow/.local/lib/python3.12/site-packages/airflow/example_dags/tutorial_dag.py
[2026-08-13T13:34:57.583+0000] {processor.py:830} INFO - Processing file /home/airflow/.local/lib/python3.12/site-packages/airflow/example_dags/tutorial_dag.py for tasks to queue
[2026-08-13T13:34:57.587+0000] {logging_mixin.py:188} INFO - [2026-08-13T13:34:57.587+0000] {dagbag.py:545} INFO - Filling up the DagBag from /home/airflow/.local/lib/python3.12/site-packages/airflow/example_dags/tutorial_dag.py
[2026-08-13T13:34:57.598+0000] {processor.py:840} INFO - DAG(s) 'tutorial_dag' retrieved from /home/airflow/.local/lib/python3.12/site-packages/airflow/example_dags/tutorial_dag.py
[2026-08-13T13:34:57.641+0000] {logging_mixin.py:188} INFO - [2026-08-13T13:34:57.641+0000] {dag.py:3089} INFO - Sync 1 DAGs
[2026-08-13T13:34:57.675+0000] {logging_mixin.py:188} INFO - [2026-08-13T13:34:57.675+0000] {dag.py:3947} INFO - Setting next_dagrun for tutorial_dag to None, run_after=None
[2026-08-13T13:34:57.719+0000] {processor.py:183} INFO - Processing /home/airflow/.local/lib/python3.12/site-packages/airflow/example_dags/tutorial_dag.py took 0.151 seconds
[2026-08-13T13:35:30.551+0000] {processor.py:161} INFO - Started process (PID=1541) to work on /home/airflow/.local/lib/python3.12/site-packages/airflow/example_dags/tutorial_dag.py
[2026-08-13T13:35:30.555+0000] {processor.py:830} INFO - Processing file /home/airflow/.local/lib/python3.12/site-packages/airflow/example_dags/tutorial_dag.py for tasks to queue
[2026-08-13T13:35:30.561+0000] {logging_mixin.py:188} INFO - [2026-08-13T13:35:30.560+0000] {dagbag.py:545} INFO - Filling up the DagBag from /home/airflow/.local/lib/python3.12/site-packages/airflow/example_dags/tutorial_dag.py
[2026-08-13T13:35:30.577+0000] {processor.py:840} INFO - DAG(s) 'tutorial_dag' retrieved from /home/airflow/.local/lib/python3.12/site-packages/airflow/example_dags/tutorial_dag.py
[2026-08-13T13:35:30.624+0000] {logging_mixin.py:188} INFO - [2026-08-13T13:35:30.624+0000] {dag.py:3089} INFO - Sync 1 DAGs
[2026-08-13T13:35:30.654+0000] {logging_mixin.py:188} INFO - [2026-08-13T13:35:30.654+0000] {dag.py:3947} INFO - Setting next_dagrun for tutorial_dag to None, run_after=None
[2026-08-13T13:35:30.708+0000] {processor.py:183} INFO - Processing /home/airflow/.local/lib/python3.12/site-packages/airflow/example_dags/tutorial_dag.py took 0.171 seconds
[2026-08-13T13:36:02.685+0000] {processor.py:161} INFO - Started process (PID=1614) to work on /home/airflow/.local/lib/python3.12/site-packages/airflow/example_dags/tutorial_dag.py
[2026-08-13T13:36:02.690+0000] {processor.py:830} INFO - Processing file /home/airflow/.local/lib/python3.12/site-packages/airflow/example_dags/tutorial_dag.py for tasks to queue
[2026-08-13T13:36:02.698+0000] {logging_mixin.py:188} INFO - [2026-08-13T13:36:02.697+0000] {dagbag.py:545} INFO - Filling up the DagBag from /home/airflow/.local/lib/python3.12/site-packages/airflow/example_dags/tutorial_dag.py
[2026-08-13T13:36:02.727+0000] {processor.py:840} INFO - DAG(s) 'tutorial_dag' retrieved from /home/airflow/.local/lib/python3.12/site-packages/airflow/example_dags/tutorial_dag.py
[2026-08-13T13:36:02.793+0000] {logging_mixin.py:188} INFO - [2026-08-13T13:36:02.792+0000] {dag.py:3089} INFO - Sync 1 DAGs
[2026-08-13T13:36:02.833+0000] {logging_mixin.py:188} INFO - [2026-08-13T13:36:02.833+0000] {dag.py:3947} INFO - Setting next_dagrun for tutorial_dag to None, run_after=None
[2026-08-13T13:36:02.891+0000] {processor.py:183} INFO - Processing /home/airflow/.local/lib/python3.12/site-packages/airflow/example_dags/tutorial_dag.py took 0.261 seconds
[2026-08-13T13:36:36.284+0000] {processor.py:161} INFO - Started process (PID=1687) to work on /home/airflow/.local/lib/python3.12/site-packages/airflow/example_dags/tutorial_dag.py
[2026-08-13T13:36:36.288+0000] {processor.py:830} INFO - Processing file /home/airflow/.local/lib/python3.12/site-packages/airflow/example_dags/tutorial_dag.py for tasks to queue
[2026-08-13T13:36:36.296+0000] {logging_mixin.py:188} INFO - [2026-08-13T13:36:36.295+0000] {dagbag.py:545} INFO - Filling up the DagBag from /home/airflow/.local/lib/python3.12/site-packages/airflow/example_dags/tutorial_dag.py
[2026-08-13T13:36:36.319+0000] {processor.py:840} INFO - DAG(s) 'tutorial_dag' retrieved from /home/airflow/.local/lib/python3.12/site-packages/airflow/example_dags/tutorial_dag.py
[2026-08-13T13:36:36.401+0000] {logging_mixin.py:188} INFO - [2026-08-13T13:36:36.401+0000] {dag.py:3089} INFO - Sync 1 DAGs
[2026-08-13T13:36:36.450+0000] {logging_mixin.py:188} INFO - [2026-08-13T13:36:36.449+0000] {dag.py:3947} INFO - Setting next_dagrun for tutorial_dag to None, run_after=None
[2026-08-13T13:36:36.522+0000] {processor.py:183} INFO - Processing /home/airflow/.local/lib/python3.12/site-packages/airflow/example_dags/tutorial_dag.py took 0.254 seconds
[2026-08-13T13:37:08.117+0000] {processor.py:161} INFO - Started process (PID=1760) to work on /home/airflow/.local/lib/python3.12/site-packages/airflow/example_dags/tutorial_dag.py
[2026-08-13T13:37:08.120+0000] {processor.py:830} INFO - Processing file /home/airflow/.local/lib/python3.12/site-packages/airflow/example_dags/tutorial_dag.py for tasks to queue
[2026-08-13T13:37:08.129+0000] {logging_mixin.py:188} INFO - [2026-08-13T13:37:08.128+0000] {dagbag.py:545} INFO - Filling up the DagBag from /home/airflow/.local/lib/python3.12/site-packages/airflow/example_dags/tutorial_dag.py
[2026-08-13T13:37:08.143+0000] {processor.py:840} INFO - DAG(s) 'tutorial_dag' retrieved from /home/airflow/.local/lib/python3.12/site-packages/airflow/example_dags/tutorial_dag.py
[2026-08-13T13:37:08.188+0000] {logging_mixin.py:188} INFO - [2026-08-13T13:37:08.187+0000] {dag.py:3089} INFO - Sync 1 DAGs
[2026-08-13T13:37:08.214+0000] {logging_mixin.py:188} INFO - [2026-08-13T13:37:08.214+0000] {dag.py:3947} INFO - Setting next_dagrun for tutorial_dag to None, run_after=None
[2026-08-13T13:37:08.256+0000] {processor.py:183} INFO - Processing /home/airflow/.local/lib/python3.12/site-packages/airflow/example_dags/tutorial_dag.py took 0.150 seconds
[2026-08-13T13:37:41.446+0000] {processor.py:161} INFO - Started process (PID=1834) to work on /home/airflow/.local/lib/python3.12/site-packages/airflow/example_dags/tutorial_dag.py
[2026-08-13T13:37:41.451+0000] {processor.py:830} INFO - Processing file /home/airflow/.local/lib/python3.12/site-packages/airflow/example_dags/tutorial_dag.py for tasks to queue
[2026-08-13T13:37:41.459+0000] {logging_mixin.py:188} INFO - [2026-08-13T13:37:41.458+0000] {dagbag.py:545} INFO - Filling up the DagBag from /home/airflow/.local/lib/python3.12/site-packages/airflow/example_dags/tutorial_dag.py
[2026-08-13T13:37:41.480+0000] {processor.py:840} INFO - DAG(s) 'tutorial_dag' retrieved from /home/airflow/.local/lib/python3.12/site-packages/airflow/example_dags/tutorial_dag.py
[2026-08-13T13:37:41.546+0000] {logging_mixin.py:188} INFO - [2026-08-13T13:37:41.544+0000] {dag.py:3089} INFO - Sync 1 DAGs
[2026-08-13T13:37:41.614+0000] {logging_mixin.py:188} INFO - [2026-08-13T13:37:41.614+0000] {dag.py:3947} INFO - Setting next_dagrun for tutorial_dag to None, run_after=None
[2026-08-13T13:37:41.688+0000] {processor.py:183} INFO - Processing /home/airflow/.local/lib/python3.12/site-packages/airflow/example_dags/tutorial_dag.py took 0.265 seconds
[2026-08-13T13:38:13.915+0000] {processor.py:161} INFO - Started process (PID=1908) to work on /home/airflow/.local/lib/python3.12/site-packages/airflow/example_dags/tutorial_dag.py
[2026-08-13T13:38:13.917+0000] {processor.py:830} INFO - Processing file /home/airflow/.local/lib/python3.12/site-packages/airflow/example_dags/tutorial_dag.py for tasks to queue
[2026-08-13T13:38:13.922+0000] {logging_mixin.py:188} INFO - [2026-08-13T13:38:13.922+0000] {dagbag.py:545} INFO - Filling up the DagBag from /home/airflow/.local/lib/python3.12/site-packages/airflow/example_dags/tutorial_dag.py
[2026-08-13T13:38:13.934+0000] {processor.py:840} INFO - DAG(s) 'tutorial_dag' retrieved from /home/airflow/.local/lib/python3.12/site-packages/airflow/example_dags/tutorial_dag.py
[2026-08-13T13:38:13.974+0000] {logging_mixin.py:188} INFO - [2026-08-13T13:38:13.974+0000] {dag.py:3089} INFO - Sync 1 DAGs
[2026-08-13T13:38:13.997+0000] {logging_mixin.py:188} INFO - [2026-08-13T13:38:13.997+0000] {dag.py:3947} INFO - Setting next_dagrun for tutorial_dag to None, run_after=None
[2026-08-13T13:38:14.045+0000] {processor.py:183} INFO - Processing /home/airflow/.local/lib/python3.12/site-packages/airflow/example_dags/tutorial_dag.py took 0.142 seconds
[2026-08-13T13:38:48.294+0000] {processor.py:161} INFO - Started process (PID=1982) to work on /home/airflow/.local/lib/python3.12/site-packages/airflow/example_dags/tutorial_dag.py
[2026-08-13T13:38:48.297+0000] {processor.py:830} INFO - Processing file /home/airflow/.local/lib/python3.12/site-packages/airflow/example_dags/tutorial_dag.py for tasks to queue
[2026-08-13T13:38:48.303+0000] {logging_mixin.py:188} INFO - [2026-08-13T13:38:48.302+0000] {dagbag.py:545} INFO - Filling up the DagBag from /home/airflow/.local/lib/python3.12/site-packages/airflow/example_dags/tutorial_dag.py
[2026-08-13T13:38:48.314+0000] {processor.py:840} INFO - DAG(s) 'tutorial_dag' retrieved from /home/airflow/.local/lib/python3.12/site-packages/airflow/example_dags/tutorial_dag.py
[2026-08-13T13:38:48.360+0000] {logging_mixin.py:188} INFO - [2026-08-13T13:38:48.359+0000] {dag.py:3089} INFO - Sync 1 DAGs
[2026-08-13T13:38:48.384+0000] {logging_mixin.py:188} INFO - [2026-08-13T13:38:48.383+0000] {dag.py:3947} INFO - Setting next_dagrun for tutorial_dag to None, run_after=None
[2026-08-13T13:38:48.426+0000] {processor.py:183} INFO - Processing /home/airflow/.local/lib/python3.12/site-packages/airflow/example_dags/tutorial_dag.py took 0.146 seconds
[2026-08-13T13:39:21.092+0000] {processor.py:161} INFO - Started process (PID=2056) to work on /home/airflow/.local/lib/python3.12/site-packages/airflow/example_dags/tutorial_dag.py
[2026-08-13T13:39:21.095+0000] {processor.py:830} INFO - Processing file /home/airflow/.local/lib/python3.12/site-packages/airflow/example_dags/tutorial_dag.py for tasks to queue
[2026-08-13T13:39:21.100+0000] {logging_mixin.py:188} INFO - [2026-08-13T13:39:21.099+0000] {dagbag.py:545} INFO - Filling up the DagBag from /home/airflow/.local/lib/python3.12/site-packages/airflow/example_dags/tutorial_dag.py
[2026-08-13T13:39:21.111+0000] {processor.py:840} INFO - DAG(s) 'tutorial_dag' retrieved from /home/airflow/.local/lib/python3.12/site-packages/airflow/example_dags/tutorial_dag.py
[2026-08-13T13:39:21.150+0000] {logging_mixin.py:188} INFO - [2026-08-13T13:39:21.149+0000] {dag.py:3089} INFO - Sync 1 DAGs
[2026-08-13T13:39:21.171+0000] {logging_mixin.py:188} INFO - [2026-08-13T13:39:21.171+0000] {dag.py:3947} INFO - Setting next_dagrun for tutorial_dag to None, run_after=None
[2026-08-13T13:39:21.205+0000] {processor.py:183} INFO - Processing /home/airflow/.local/lib/python3.12/site-packages/airflow/example_dags/tutorial_dag.py took 0.124 seconds
[2026-08-13T13:39:54.462+0000] {processor.py:161} INFO - Started process (PID=2129) to work on /home/airflow/.local/lib/python3.12/site-packages/airflow/example_dags/tutorial_dag.py
[2026-08-13T13:39:54.466+0000] {processor.py:830} INFO - Processing file /home/airflow/.local/lib/python3.12/site-packages/airflow/example_dags/tutorial_dag.py for tasks to queue
[2026-08-13T13:39:54.471+0000] {logging_mixin.py:188} INFO - [2026-08-13T13:39:54.470+0000] {dagbag.py:545} INFO - Filling up the DagBag from /home/airflow/.local/lib/python3.12/site-packages/airflow/example_dags/tutorial_dag.py
[2026-08-13T13:39:54.483+0000] {processor.py:840} INFO - DAG(s) 'tutorial_dag' retrieved from /home/airflow/.local/lib/python3.12/site-packages/airflow/example_dags/tutorial_dag.py
[2026-08-13T13:39:54.532+0000] {logging_mixin.py:188} INFO - [2026-08-13T13:39:54.532+0000] {dag.py:3089} INFO - Sync 1 DAGs
[2026-08-13T13:39:54.561+0000] {logging_mixin.py:188} INFO - [2026-08-13T13:39:54.561+0000] {dag.py:3947} INFO - Setting next_dagrun for tutorial_dag to None, run_after=None
[2026-08-13T13:39:54.600+0000] {processor.py:183} INFO - Processing /home/airflow/.local/lib/python3.12/site-packages/airflow/example_dags/tutorial_dag.py took 0.150 seconds
[2026-08-13T13:40:27.226+0000] {processor.py:161} INFO - Started process (PID=2201) to work on /home/airflow/.local/lib/python3.12/site-packages/airflow/example_dags/tutorial_dag.py
[2026-08-13T13:40:27.236+0000] {processor.py:830} INFO - Processing file /home/airflow/.local/lib/python3.12/site-packages/airflow/example_dags/tutorial_dag.py for tasks to queue
[2026-08-13T13:40:27.251+0000] {logging_mixin.py:188} INFO - [2026-08-13T13:40:27.249+0000] {dagbag.py:545} INFO - Filling up the DagBag from /home/airflow/.local/lib/python3.12/site-packages/airflow/example_dags/tutorial_dag.py
[2026-08-13T13:40:27.271+0000] {processor.py:840} INFO - DAG(s) 'tutorial_dag' retrieved from /home/airflow/.local/lib/python3.12/site-packages/airflow/example_dags/tutorial_dag.py
[2026-08-13T13:40:27.337+0000] {logging_mixin.py:188} INFO - [2026-08-13T13:40:27.336+0000] {dag.py:3089} INFO - Sync 1 DAGs
[2026-08-13T13:40:27.394+0000] {logging_mixin.py:188} INFO - [2026-08-13T13:40:27.392+0000] {dag.py:3947} INFO - Setting next_dagrun for tutorial_dag to None, run_after=None
[2026-08-13T13:40:27.456+0000] {processor.py:183} INFO - Processing /home/airflow/.local/lib/python3.12/site-packages/airflow/example_dags/tutorial_dag.py took 0.260 seconds
[2026-08-13T13:41:02.138+0000] {processor.py:161} INFO - Started process (PID=2274) to work on /home/airflow/.local/lib/python3.12/site-packages/airflow/example_dags/tutorial_dag.py
[2026-08-13T13:41:02.149+0000] {processor.py:830} INFO - Processing file /home/airflow/.local/lib/python3.12/site-packages/airflow/example_dags/tutorial_dag.py for tasks to queue
[2026-08-13T13:41:02.172+0000] {logging_mixin.py:188} INFO - [2026-08-13T13:41:02.171+0000] {dagbag.py:545} INFO - Filling up the DagBag from /home/airflow/.local/lib/python3.12/site-packages/airflow/example_dags/tutorial_dag.py
[2026-08-13T13:41:02.192+0000] {processor.py:840} INFO - DAG(s) 'tutorial_dag' retrieved from /home/airflow/.local/lib/python3.12/site-packages/airflow/example_dags/tutorial_dag.py
[2026-08-13T13:41:02.260+0000] {logging_mixin.py:188} INFO - [2026-08-13T13:41:02.259+0000] {dag.py:3089} INFO - Sync 1 DAGs
[2026-08-13T13:41:02.301+0000] {logging_mixin.py:188} INFO - [2026-08-13T13:41:02.300+0000] {dag.py:3947} INFO - Setting next_dagrun for tutorial_dag to None, run_after=None
[2026-08-13T13:41:02.373+0000] {processor.py:183} INFO - Processing /home/airflow/.local/lib/python3.12/site-packages/airflow/example_dags/tutorial_dag.py took 0.260 seconds
[2026-08-13T13:41:33.455+0000] {processor.py:161} INFO - Started process (PID=2347) to work on /home/airflow/.local/lib/python3.12/site-packages/airflow/example_dags/tutorial_dag.py
[2026-08-13T13:41:33.459+0000] {processor.py:830} INFO - Processing file /home/airflow/.local/lib/python3.12/site-packages/airflow/example_dags/tutorial_dag.py for tasks to queue
[2026-08-13T13:41:33.466+0000] {logging_mixin.py:188} INFO - [2026-08-13T13:41:33.465+0000] {dagbag.py:545} INFO - Filling up the DagBag from /home/airflow/.local/lib/python3.12/site-packages/airflow/example_dags/tutorial_dag.py
[2026-08-13T13:41:33.485+0000] {processor.py:840} INFO - DAG(s) 'tutorial_dag' retrieved from /home/airflow/.local/lib/python3.12/site-packages/airflow/example_dags/tutorial_dag.py
[2026-08-13T13:41:33.552+0000] {logging_mixin.py:188} INFO - [2026-08-13T13:41:33.551+0000] {dag.py:3089} INFO - Sync 1 DAGs
[2026-08-13T13:41:33.589+0000] {logging_mixin.py:188} INFO - [2026-08-13T13:41:33.588+0000] {dag.py:3947} INFO - Setting next_dagrun for tutorial_dag to None, run_after=None
[2026-08-13T13:41:33.696+0000] {processor.py:183} INFO - Processing /home/airflow/.local/lib/python3.12/site-packages/airflow/example_dags/tutorial_dag.py took 0.264 seconds
[2026-08-13T13:42:03.984+0000] {processor.py:161} INFO - Started process (PID=2412) to work on /home/airflow/.local/lib/python3.12/site-packages/airflow/example_dags/tutorial_dag.py
[2026-08-13T13:42:03.987+0000] {processor.py:830} INFO - Processing file /home/airflow/.local/lib/python3.12/site-packages/airflow/example_dags/tutorial_dag.py for tasks to queue
[2026-08-13T13:42:03.991+0000] {logging_mixin.py:188} INFO - [2026-08-13T13:42:03.991+0000] {dagbag.py:545} INFO - Filling up the DagBag from /home/airflow/.local/lib/python3.12/site-packages/airflow/example_dags/tutorial_dag.py
[2026-08-13T13:42:04.004+0000] {processor.py:840} INFO - DAG(s) 'tutorial_dag' retrieved from /home/airflow/.local/lib/python3.12/site-packages/airflow/example_dags/tutorial_dag.py
[2026-08-13T13:42:04.048+0000] {logging_mixin.py:188} INFO - [2026-08-13T13:42:04.047+0000] {dag.py:3089} INFO - Sync 1 DAGs
[2026-08-13T13:42:04.069+0000] {logging_mixin.py:188} INFO - [2026-08-13T13:42:04.069+0000] {dag.py:3947} INFO - Setting next_dagrun for tutorial_dag to None, run_after=None
[2026-08-13T13:42:04.126+0000] {processor.py:183} INFO - Processing /home/airflow/.local/lib/python3.12/site-packages/airflow/example_dags/tutorial_dag.py took 0.150 seconds
[2026-08-13T13:42:34.781+0000] {processor.py:161} INFO - Started process (PID=2483) to work on /home/airflow/.local/lib/python3.12/site-packages/airflow/example_dags/tutorial_dag.py
[2026-08-13T13:42:34.784+0000] {processor.py:830} INFO - Processing file /home/airflow/.local/lib/python3.12/site-packages/airflow/example_dags/tutorial_dag.py for tasks to queue
[2026-08-13T13:42:34.789+0000] {logging_mixin.py:188} INFO - [2026-08-13T13:42:34.788+0000] {dagbag.py:545} INFO - Filling up the DagBag from /home/airflow/.local/lib/python3.12/site-packages/airflow/example_dags/tutorial_dag.py
[2026-08-13T13:42:34.804+0000] {processor.py:840} INFO - DAG(s) 'tutorial_dag' retrieved from /home/airflow/.local/lib/python3.12/site-packages/airflow/example_dags/tutorial_dag.py
[2026-08-13T13:42:34.863+0000] {logging_mixin.py:188} INFO - [2026-08-13T13:42:34.862+0000] {dag.py:3089} INFO - Sync 1 DAGs
[2026-08-13T13:42:34.893+0000] {logging_mixin.py:188} INFO - [2026-08-13T13:42:34.892+0000] {dag.py:3947} INFO - Setting next_dagrun for tutorial_dag to None, run_after=None
[2026-08-13T13:42:34.961+0000] {processor.py:183} INFO - Processing /home/airflow/.local/lib/python3.12/site-packages/airflow/example_dags/tutorial_dag.py took 0.190 seconds
[2026-08-13T13:43:06.580+0000] {processor.py:161} INFO - Started process (PID=2557) to work on /home/airflow/.local/lib/python3.12/site-packages/airflow/example_dags/tutorial_dag.py
[2026-08-13T13:43:06.584+0000] {processor.py:830} INFO - Processing file /home/airflow/.local/lib/python3.12/site-packages/airflow/example_dags/tutorial_dag.py for tasks to queue
[2026-08-13T13:43:06.591+0000] {logging_mixin.py:188} INFO - [2026-08-13T13:43:06.590+0000] {dagbag.py:545} INFO - Filling up the DagBag from /home/airflow/.local/lib/python3.12/site-packages/airflow/example_dags/tutorial_dag.py
[2026-08-13T13:43:06.608+0000] {processor.py:840} INFO - DAG(s) 'tutorial_dag' retrieved from /home/airflow/.local/lib/python3.12/site-packages/airflow/example_dags/tutorial_dag.py
[2026-08-13T13:43:06.672+0000] {logging_mixin.py:188} INFO - [2026-08-13T13:43:06.671+0000] {dag.py:3089} INFO - Sync 1 DAGs
[2026-08-13T13:43:06.714+0000] {logging_mixin.py:188} INFO - [2026-08-13T13:43:06.713+0000] {dag.py:3947} INFO - Setting next_dagrun for tutorial_dag to None, run_after=None
[2026-08-13T13:43:06.769+0000] {processor.py:183} INFO - Processing /home/airflow/.local/lib/python3.12/site-packages/airflow/example_dags/tutorial_dag.py took 0.203 seconds
[2026-08-13T13:43:37.648+0000] {processor.py:161} INFO - Started process (PID=2627) to work on /home/airflow/.local/lib/python3.12/site-packages/airflow/example_dags/tutorial_dag.py
[2026-08-13T13:43:37.651+0000] {processor.py:830} INFO - Processing file /home/airflow/.local/lib/python3.12/site-packages/airflow/example_dags/tutorial_dag.py for tasks to queue
[2026-08-13T13:43:37.656+0000] {logging_mixin.py:188} INFO - [2026-08-13T13:43:37.655+0000] {dagbag.py:545} INFO - Filling up the DagBag from /home/airflow/.local/lib/python3.12/site-packages/airflow/example_dags/tutorial_dag.py
[2026-08-13T13:43:37.666+0000] {processor.py:840} INFO - DAG(s) 'tutorial_dag' retrieved from /home/airflow/.local/lib/python3.12/site-packages/airflow/example_dags/tutorial_dag.py
[2026-08-13T13:43:37.721+0000] {logging_mixin.py:188} INFO - [2026-08-13T13:43:37.720+0000] {dag.py:3089} INFO - Sync 1 DAGs
[2026-08-13T13:43:37.746+0000] {logging_mixin.py:188} INFO - [2026-08-13T13:43:37.745+0000] {dag.py:3947} INFO - Setting next_dagrun for tutorial_dag to None, run_after=None
[2026-08-13T13:43:37.799+0000] {processor.py:183} INFO - Processing /home/airflow/.local/lib/python3.12/site-packages/airflow/example_dags/tutorial_dag.py took 0.160 seconds
[2026-08-13T13:44:07.974+0000] {processor.py:161} INFO - Started process (PID=2699) to work on /home/airflow/.local/lib/python3.12/site-packages/airflow/example_dags/tutorial_dag.py
[2026-08-13T13:44:07.977+0000] {processor.py:830} INFO - Processing file /home/airflow/.local/lib/python3.12/site-packages/airflow/example_dags/tutorial_dag.py for tasks to queue
[2026-08-13T13:44:07.981+0000] {logging_mixin.py:188} INFO - [2026-08-13T13:44:07.981+0000] {dagbag.py:545} INFO - Filling up the DagBag from /home/airflow/.local/lib/python3.12/site-packages/airflow/example_dags/tutorial_dag.py
[2026-08-13T13:44:07.994+0000] {processor.py:840} INFO - DAG(s) 'tutorial_dag' retrieved from /home/airflow/.local/lib/python3.12/site-packages/airflow/example_dags/tutorial_dag.py
[2026-08-13T13:44:08.032+0000] {logging_mixin.py:188} INFO - [2026-08-13T13:44:08.031+0000] {dag.py:3089} INFO - Sync 1 DAGs
[2026-08-13T13:44:08.058+0000] {logging_mixin.py:188} INFO - [2026-08-13T13:44:08.057+0000] {dag.py:3947} INFO - Setting next_dagrun for tutorial_dag to None, run_after=None
[2026-08-13T13:44:08.100+0000] {processor.py:183} INFO - Processing /home/airflow/.local/lib/python3.12/site-packages/airflow/example_dags/tutorial_dag.py took 0.138 seconds
[2026-08-13T13:44:38.634+0000] {processor.py:161} INFO - Started process (PID=2771) to work on /home/airflow/.local/lib/python3.12/site-packages/airflow/example_dags/tutorial_dag.py
[2026-08-13T13:44:38.640+0000] {processor.py:830} INFO - Processing file /home/airflow/.local/lib/python3.12/site-packages/airflow/example_dags/tutorial_dag.py for tasks to queue
[2026-08-13T13:44:38.650+0000] {logging_mixin.py:188} INFO - [2026-08-13T13:44:38.649+0000] {dagbag.py:545} INFO - Filling up the DagBag from /home/airflow/.local/lib/python3.12/site-packages/airflow/example_dags/tutorial_dag.py
[2026-08-13T13:44:38.662+0000] {processor.py:840} INFO - DAG(s) 'tutorial_dag' retrieved from /home/airflow/.local/lib/python3.12/site-packages/airflow/example_dags/tutorial_dag.py
[2026-08-13T13:44:38.711+0000] {logging_mixin.py:188} INFO - [2026-08-13T13:44:38.710+0000] {dag.py:3089} INFO - Sync 1 DAGs
[2026-08-13T13:44:38.740+0000] {logging_mixin.py:188} INFO - [2026-08-13T13:44:38.739+0000] {dag.py:3947} INFO - Setting next_dagrun for tutorial_dag to None, run_after=None
[2026-08-13T13:44:38.800+0000] {processor.py:183} INFO - Processing /home/airflow/.local/lib/python3.12/site-packages/airflow/example_dags/tutorial_dag.py took 0.184 seconds
[2026-08-13T13:45:09.241+0000] {processor.py:161} INFO - Started process (PID=2836) to work on /home/airflow/.local/lib/python3.12/site-packages/airflow/example_dags/tutorial_dag.py
[2026-08-13T13:45:09.249+0000] {processor.py:830} INFO - Processing file /home/airflow/.local/lib/python3.12/site-packages/airflow/example_dags/tutorial_dag.py for tasks to queue
[2026-08-13T13:45:09.257+0000] {logging_mixin.py:188} INFO - [2026-08-13T13:45:09.256+0000] {dagbag.py:545} INFO - Filling up the DagBag from /home/airflow/.local/lib/python3.12/site-packages/airflow/example_dags/tutorial_dag.py
[2026-08-13T13:45:09.276+0000] {processor.py:840} INFO - DAG(s) 'tutorial_dag' retrieved from /home/airflow/.local/lib/python3.12/site-packages/airflow/example_dags/tutorial_dag.py
[2026-08-13T13:45:09.339+0000] {logging_mixin.py:188} INFO - [2026-08-13T13:45:09.339+0000] {dag.py:3089} INFO - Sync 1 DAGs
[2026-08-13T13:45:09.376+0000] {logging_mixin.py:188} INFO - [2026-08-13T13:45:09.376+0000] {dag.py:3947} INFO - Setting next_dagrun for tutorial_dag to None, run_after=None
[2026-08-13T13:45:09.449+0000] {processor.py:183} INFO - Processing /home/airflow/.local/lib/python3.12/site-packages/airflow/example_dags/tutorial_dag.py took 0.240 seconds
[2026-08-13T13:45:40.037+0000] {processor.py:161} INFO - Started process (PID=2909) to work on /home/airflow/.local/lib/python3.12/site-packages/airflow/example_dags/tutorial_dag.py
[2026-08-13T13:45:40.050+0000] {processor.py:830} INFO - Processing file /home/airflow/.local/lib/python3.12/site-packages/airflow/example_dags/tutorial_dag.py for tasks to queue
[2026-08-13T13:45:40.073+0000] {logging_mixin.py:188} INFO - [2026-08-13T13:45:40.066+0000] {dagbag.py:545} INFO - Filling up the DagBag from /home/airflow/.local/lib/python3.12/site-packages/airflow/example_dags/tutorial_dag.py
[2026-08-13T13:45:40.118+0000] {processor.py:840} INFO - DAG(s) 'tutorial_dag' retrieved from /home/airflow/.local/lib/python3.12/site-packages/airflow/example_dags/tutorial_dag.py
[2026-08-13T13:45:40.200+0000] {logging_mixin.py:188} INFO - [2026-08-13T13:45:40.199+0000] {dag.py:3089} INFO - Sync 1 DAGs
[2026-08-13T13:45:40.249+0000] {logging_mixin.py:188} INFO - [2026-08-13T13:45:40.248+0000] {dag.py:3947} INFO - Setting next_dagrun for tutorial_dag to None, run_after=None
[2026-08-13T13:45:40.332+0000] {processor.py:183} INFO - Processing /home/airflow/.local/lib/python3.12/site-packages/airflow/example_dags/tutorial_dag.py took 0.369 seconds
[2026-08-13T13:46:10.740+0000] {processor.py:161} INFO - Started process (PID=2982) to work on /home/airflow/.local/lib/python3.12/site-packages/airflow/example_dags/tutorial_dag.py
[2026-08-13T13:46:10.747+0000] {processor.py:830} INFO - Processing file /home/airflow/.local/lib/python3.12/site-packages/airflow/example_dags/tutorial_dag.py for tasks to queue
[2026-08-13T13:46:10.760+0000] {logging_mixin.py:188} INFO - [2026-08-13T13:46:10.759+0000] {dagbag.py:545} INFO - Filling up the DagBag from /home/airflow/.local/lib/python3.12/site-packages/airflow/example_dags/tutorial_dag.py
[2026-08-13T13:46:10.782+0000] {processor.py:840} INFO - DAG(s) 'tutorial_dag' retrieved from /home/airflow/.local/lib/python3.12/site-packages/airflow/example_dags/tutorial_dag.py
[2026-08-13T13:46:10.904+0000] {logging_mixin.py:188} INFO - [2026-08-13T13:46:10.904+0000] {dag.py:3089} INFO - Sync 1 DAGs
[2026-08-13T13:46:10.986+0000] {logging_mixin.py:188} INFO - [2026-08-13T13:46:10.986+0000] {dag.py:3947} INFO - Setting next_dagrun for tutorial_dag to None, run_after=None
[2026-08-13T13:46:11.075+0000] {processor.py:183} INFO - Processing /home/airflow/.local/lib/python3.12/site-packages/airflow/example_dags/tutorial_dag.py took 0.371 seconds
[2026-08-13T13:46:41.802+0000] {processor.py:161} INFO - Started process (PID=3056) to work on /home/airflow/.local/lib/python3.12/site-packages/airflow/example_dags/tutorial_dag.py
[2026-08-13T13:46:41.805+0000] {processor.py:830} INFO - Processing file /home/airflow/.local/lib/python3.12/site-packages/airflow/example_dags/tutorial_dag.py for tasks to queue
[2026-08-13T13:46:41.810+0000] {logging_mixin.py:188} INFO - [2026-08-13T13:46:41.809+0000] {dagbag.py:545} INFO - Filling up the DagBag from /home/airflow/.local/lib/python3.12/site-packages/airflow/example_dags/tutorial_dag.py
[2026-08-13T13:46:41.827+0000] {processor.py:840} INFO - DAG(s) 'tutorial_dag' retrieved from /home/airflow/.local/lib/python3.12/site-packages/airflow/example_dags/tutorial_dag.py
[2026-08-13T13:46:41.872+0000] {logging_mixin.py:188} INFO - [2026-08-13T13:46:41.871+0000] {dag.py:3089} INFO - Sync 1 DAGs
[2026-08-13T13:46:41.904+0000] {logging_mixin.py:188} INFO - [2026-08-13T13:46:41.903+0000] {dag.py:3947} INFO - Setting next_dagrun for tutorial_dag to None, run_after=None
[2026-08-13T13:46:41.947+0000] {processor.py:183} INFO - Processing /home/airflow/.local/lib/python3.12/site-packages/airflow/example_dags/tutorial_dag.py took 0.155 seconds
[2026-08-13T13:47:12.710+0000] {processor.py:161} INFO - Started process (PID=3128) to work on /home/airflow/.local/lib/python3.12/site-packages/airflow/example_dags/tutorial_dag.py
[2026-08-13T13:47:12.713+0000] {processor.py:830} INFO - Processing file /home/airflow/.local/lib/python3.12/site-packages/airflow/example_dags/tutorial_dag.py for tasks to queue
[2026-08-13T13:47:12.718+0000] {logging_mixin.py:188} INFO - [2026-08-13T13:47:12.717+0000] {dagbag.py:545} INFO - Filling up the DagBag from /home/airflow/.local/lib/python3.12/site-packages/airflow/example_dags/tutorial_dag.py
[2026-08-13T13:47:12.729+0000] {processor.py:840} INFO - DAG(s) 'tutorial_dag' retrieved from /home/airflow/.local/lib/python3.12/site-packages/airflow/example_dags/tutorial_dag.py
[2026-08-13T13:47:12.784+0000] {logging_mixin.py:188} INFO - [2026-08-13T13:47:12.784+0000] {dag.py:3089} INFO - Sync 1 DAGs
[2026-08-13T13:47:12.849+0000] {logging_mixin.py:188} INFO - [2026-08-13T13:47:12.848+0000] {dag.py:3947} INFO - Setting next_dagrun for tutorial_dag to None, run_after=None
[2026-08-13T13:47:13.011+0000] {processor.py:183} INFO - Processing /home/airflow/.local/lib/python3.12/site-packages/airflow/example_dags/tutorial_dag.py took 0.314 seconds
[2026-08-13T13:47:43.446+0000] {processor.py:161} INFO - Started process (PID=3201) to work on /home/airflow/.local/lib/python3.12/site-packages/airflow/example_dags/tutorial_dag.py
[2026-08-13T13:47:43.449+0000] {processor.py:830} INFO - Processing file /home/airflow/.local/lib/python3.12/site-packages/airflow/example_dags/tutorial_dag.py for tasks to queue
[2026-08-13T13:47:43.457+0000] {logging_mixin.py:188} INFO - [2026-08-13T13:47:43.456+0000] {dagbag.py:545} INFO - Filling up the DagBag from /home/airflow/.local/lib/python3.12/site-packages/airflow/example_dags/tutorial_dag.py
[2026-08-13T13:47:43.473+0000] {processor.py:840} INFO - DAG(s) 'tutorial_dag' retrieved from /home/airflow/.local/lib/python3.12/site-packages/airflow/example_dags/tutorial_dag.py
[2026-08-13T13:47:43.523+0000] {logging_mixin.py:188} INFO - [2026-08-13T13:47:43.522+0000] {dag.py:3089} INFO - Sync 1 DAGs
[2026-08-13T13:47:43.554+0000] {logging_mixin.py:188} INFO - [2026-08-13T13:47:43.553+0000] {dag.py:3947} INFO - Setting next_dagrun for tutorial_dag to None, run_after=None
[2026-08-13T13:47:43.606+0000] {processor.py:183} INFO - Processing /home/airflow/.local/lib/python3.12/site-packages/airflow/example_dags/tutorial_dag.py took 0.176 seconds
[2026-08-13T13:48:14.456+0000] {processor.py:161} INFO - Started process (PID=3273) to work on /home/airflow/.local/lib/python3.12/site-packages/airflow/example_dags/tutorial_dag.py
[2026-08-13T13:48:14.460+0000] {processor.py:830} INFO - Processing file /home/airflow/.local/lib/python3.12/site-packages/airflow/example_dags/tutorial_dag.py for tasks to queue
[2026-08-13T13:48:14.466+0000] {logging_mixin.py:188} INFO - [2026-08-13T13:48:14.465+0000] {dagbag.py:545} INFO - Filling up the DagBag from /home/airflow/.local/lib/python3.12/site-packages/airflow/example_dags/tutorial_dag.py
[2026-08-13T13:48:14.483+0000] {processor.py:840} INFO - DAG(s) 'tutorial_dag' retrieved from /home/airflow/.local/lib/python3.12/site-packages/airflow/example_dags/tutorial_dag.py
[2026-08-13T13:48:14.532+0000] {logging_mixin.py:188} INFO - [2026-08-13T13:48:14.531+0000] {dag.py:3089} INFO - Sync 1 DAGs
[2026-08-13T13:48:14.567+0000] {logging_mixin.py:188} INFO - [2026-08-13T13:48:14.567+0000] {dag.py:3947} INFO - Setting next_dagrun for tutorial_dag to None, run_after=None
[2026-08-13T13:48:14.619+0000] {processor.py:183} INFO - Processing /home/airflow/.local/lib/python3.12/site-packages/airflow/example_dags/tutorial_dag.py took 0.179 seconds
[2026-08-13T13:48:45.184+0000] {processor.py:161} INFO - Started process (PID=3339) to work on /home/airflow/.local/lib/python3.12/site-packages/airflow/example_dags/tutorial_dag.py
[2026-08-13T13:48:45.188+0000] {processor.py:830} INFO - Processing file /home/airflow/.local/lib/python3.12/site-packages/airflow/example_dags/tutorial_dag.py for tasks to queue
[2026-08-13T13:48:45.193+0000] {logging_mixin.py:188} INFO - [2026-08-13T13:48:45.192+0000] {dagbag.py:545} INFO - Filling up the DagBag from /home/airflow/.local/lib/python3.12/site-packages/airflow/example_dags/tutorial_dag.py
[2026-08-13T13:48:45.208+0000] {processor.py:840} INFO - DAG(s) 'tutorial_dag' retrieved from /home/airflow/.local/lib/python3.12/site-packages/airflow/example_dags/tutorial_dag.py
[2026-08-13T13:48:45.263+0000] {logging_mixin.py:188} INFO - [2026-08-13T13:48:45.263+0000] {dag.py:3089} INFO - Sync 1 DAGs
[2026-08-13T13:48:45.313+0000] {logging_mixin.py:188} INFO - [2026-08-13T13:48:45.312+0000] {dag.py:3947} INFO - Setting next_dagrun for tutorial_dag to None, run_after=None
[2026-08-13T13:48:45.369+0000] {processor.py:183} INFO - Processing /home/airflow/.local/lib/python3.12/site-packages/airflow/example_dags/tutorial_dag.py took 0.197 seconds
[2026-08-13T13:49:15.750+0000] {processor.py:161} INFO - Started process (PID=3412) to work on /home/airflow/.local/lib/python3.12/site-packages/airflow/example_dags/tutorial_dag.py
[2026-08-13T13:49:15.758+0000] {processor.py:830} INFO - Processing file /home/airflow/.local/lib/python3.12/site-packages/airflow/example_dags/tutorial_dag.py for tasks to queue
[2026-08-13T13:49:15.770+0000] {logging_mixin.py:188} INFO - [2026-08-13T13:49:15.769+0000] {dagbag.py:545} INFO - Filling up the DagBag from /home/airflow/.local/lib/python3.12/site-packages/airflow/example_dags/tutorial_dag.py
[2026-08-13T13:49:15.800+0000] {processor.py:840} INFO - DAG(s) 'tutorial_dag' retrieved from /home/airflow/.local/lib/python3.12/site-packages/airflow/example_dags/tutorial_dag.py
[2026-08-13T13:49:15.934+0000] {logging_mixin.py:188} INFO - [2026-08-13T13:49:15.933+0000] {dag.py:3089} INFO - Sync 1 DAGs
[2026-08-13T13:49:16.046+0000] {logging_mixin.py:188} INFO - [2026-08-13T13:49:16.046+0000] {dag.py:3947} INFO - Setting next_dagrun for tutorial_dag to None, run_after=None
[2026-08-13T13:49:16.120+0000] {processor.py:183} INFO - Processing /home/airflow/.local/lib/python3.12/site-packages/airflow/example_dags/tutorial_dag.py took 0.410 seconds
[2026-08-13T13:49:46.708+0000] {processor.py:161} INFO - Started process (PID=3487) to work on /home/airflow/.local/lib/python3.12/site-packages/airflow/example_dags/tutorial_dag.py
[2026-08-13T13:49:46.713+0000] {processor.py:830} INFO - Processing file /home/airflow/.local/lib/python3.12/site-packages/airflow/example_dags/tutorial_dag.py for tasks to queue
[2026-08-13T13:49:46.721+0000] {logging_mixin.py:188} INFO - [2026-08-13T13:49:46.720+0000] {dagbag.py:545} INFO - Filling up the DagBag from /home/airflow/.local/lib/python3.12/site-packages/airflow/example_dags/tutorial_dag.py
[2026-08-13T13:49:46.753+0000] {processor.py:840} INFO - DAG(s) 'tutorial_dag' retrieved from /home/airflow/.local/lib/python3.12/site-packages/airflow/example_dags/tutorial_dag.py
[2026-08-13T13:49:46.880+0000] {logging_mixin.py:188} INFO - [2026-08-13T13:49:46.879+0000] {dag.py:3089} INFO - Sync 1 DAGs
[2026-08-13T13:49:46.959+0000] {logging_mixin.py:188} INFO - [2026-08-13T13:49:46.959+0000] {dag.py:3947} INFO - Setting next_dagrun for tutorial_dag to None, run_after=None
[2026-08-13T13:49:47.046+0000] {processor.py:183} INFO - Processing /home/airflow/.local/lib/python3.12/site-packages/airflow/example_dags/tutorial_dag.py took 0.361 seconds
