[2026-08-03T20:38:47.674+0000] {processor.py:161} INFO - Started process (PID=132) to work on /home/airflow/.local/lib/python3.12/site-packages/airflow/example_dags/example_subdag_operator.py
[2026-08-03T20:38:47.686+0000] {processor.py:830} INFO - Processing file /home/airflow/.local/lib/python3.12/site-packages/airflow/example_dags/example_subdag_operator.py for tasks to queue
[2026-08-03T20:38:47.698+0000] {logging_mixin.py:188} INFO - [2026-08-03T20:38:47.690+0000] {dagbag.py:545} INFO - Filling up the DagBag from /home/airflow/.local/lib/python3.12/site-packages/airflow/example_dags/example_subdag_operator.py
[2026-08-03T20:38:48.104+0000] {processor.py:840} INFO - DAG(s) 'example_subdag_operator.section-1', 'example_subdag_operator.section-2', 'example_subdag_operator' retrieved from /home/airflow/.local/lib/python3.12/site-packages/airflow/example_dags/example_subdag_operator.py
[2026-08-03T20:38:49.810+0000] {logging_mixin.py:188} INFO - [2026-08-03T20:38:49.809+0000] {dag.py:3089} INFO - Sync 3 DAGs
[2026-08-03T20:38:49.903+0000] {logging_mixin.py:188} INFO - [2026-08-03T20:38:49.891+0000] {dag.py:3947} INFO - Setting next_dagrun for example_subdag_operator to 2022-01-01 00:00:00+00:00, run_after=2022-01-01 00:00:00+00:00
[2026-08-03T20:38:49.947+0000] {logging_mixin.py:188} INFO - [2026-08-03T20:38:49.946+0000] {dag.py:3947} INFO - Setting next_dagrun for example_subdag_operator.section-1 to None, run_after=None
[2026-08-03T20:38:49.964+0000] {logging_mixin.py:188} INFO - [2026-08-03T20:38:49.963+0000] {dag.py:3947} INFO - Setting next_dagrun for example_subdag_operator.section-2 to None, run_after=None
[2026-08-03T20:38:50.098+0000] {logging_mixin.py:188} INFO - [2026-08-03T20:38:50.097+0000] {dag.py:3089} INFO - Sync 2 DAGs
[2026-08-03T20:38:50.150+0000] {logging_mixin.py:188} INFO - [2026-08-03T20:38:50.145+0000] {dag.py:3947} INFO - Setting next_dagrun for example_subdag_operator.section-1 to None, run_after=None
[2026-08-03T20:38:50.156+0000] {logging_mixin.py:188} INFO - [2026-08-03T20:38:50.156+0000] {dag.py:3947} INFO - Setting next_dagrun for example_subdag_operator.section-2 to None, run_after=None
[2026-08-03T20:38:50.241+0000] {processor.py:183} INFO - Processing /home/airflow/.local/lib/python3.12/site-packages/airflow/example_dags/example_subdag_operator.py took 2.654 seconds
[2026-08-03T20:39:57.713+0000] {processor.py:161} INFO - Started process (PID=221) to work on /home/airflow/.local/lib/python3.12/site-packages/airflow/example_dags/example_subdag_operator.py
[2026-08-03T20:39:57.721+0000] {processor.py:830} INFO - Processing file /home/airflow/.local/lib/python3.12/site-packages/airflow/example_dags/example_subdag_operator.py for tasks to queue
[2026-08-03T20:39:57.733+0000] {logging_mixin.py:188} INFO - [2026-08-03T20:39:57.732+0000] {dagbag.py:545} INFO - Filling up the DagBag from /home/airflow/.local/lib/python3.12/site-packages/airflow/example_dags/example_subdag_operator.py
[2026-08-03T20:39:57.885+0000] {processor.py:840} INFO - DAG(s) 'example_subdag_operator.section-1', 'example_subdag_operator.section-2', 'example_subdag_operator' retrieved from /home/airflow/.local/lib/python3.12/site-packages/airflow/example_dags/example_subdag_operator.py
[2026-08-03T20:39:57.988+0000] {logging_mixin.py:188} INFO - [2026-08-03T20:39:57.988+0000] {dag.py:3089} INFO - Sync 3 DAGs
[2026-08-03T20:39:58.060+0000] {logging_mixin.py:188} INFO - [2026-08-03T20:39:58.060+0000] {dag.py:3947} INFO - Setting next_dagrun for example_subdag_operator to 2022-01-01 00:00:00+00:00, run_after=2022-01-01 00:00:00+00:00
[2026-08-03T20:39:58.073+0000] {logging_mixin.py:188} INFO - [2026-08-03T20:39:58.072+0000] {dag.py:3947} INFO - Setting next_dagrun for example_subdag_operator.section-1 to None, run_after=None
[2026-08-03T20:39:58.078+0000] {logging_mixin.py:188} INFO - [2026-08-03T20:39:58.077+0000] {dag.py:3947} INFO - Setting next_dagrun for example_subdag_operator.section-2 to None, run_after=None
[2026-08-03T20:39:58.100+0000] {logging_mixin.py:188} INFO - [2026-08-03T20:39:58.099+0000] {dag.py:3089} INFO - Sync 2 DAGs
[2026-08-03T20:39:58.123+0000] {logging_mixin.py:188} INFO - [2026-08-03T20:39:58.122+0000] {dag.py:3947} INFO - Setting next_dagrun for example_subdag_operator.section-1 to None, run_after=None
[2026-08-03T20:39:58.126+0000] {logging_mixin.py:188} INFO - [2026-08-03T20:39:58.125+0000] {dag.py:3947} INFO - Setting next_dagrun for example_subdag_operator.section-2 to None, run_after=None
[2026-08-03T20:39:58.164+0000] {processor.py:183} INFO - Processing /home/airflow/.local/lib/python3.12/site-packages/airflow/example_dags/example_subdag_operator.py took 0.499 seconds
[2026-08-03T20:40:33.149+0000] {processor.py:161} INFO - Started process (PID=294) to work on /home/airflow/.local/lib/python3.12/site-packages/airflow/example_dags/example_subdag_operator.py
[2026-08-03T20:40:33.157+0000] {processor.py:830} INFO - Processing file /home/airflow/.local/lib/python3.12/site-packages/airflow/example_dags/example_subdag_operator.py for tasks to queue
[2026-08-03T20:40:33.166+0000] {logging_mixin.py:188} INFO - [2026-08-03T20:40:33.165+0000] {dagbag.py:545} INFO - Filling up the DagBag from /home/airflow/.local/lib/python3.12/site-packages/airflow/example_dags/example_subdag_operator.py
[2026-08-03T20:40:33.275+0000] {processor.py:840} INFO - DAG(s) 'example_subdag_operator.section-1', 'example_subdag_operator.section-2', 'example_subdag_operator' retrieved from /home/airflow/.local/lib/python3.12/site-packages/airflow/example_dags/example_subdag_operator.py
[2026-08-03T20:40:33.343+0000] {logging_mixin.py:188} INFO - [2026-08-03T20:40:33.343+0000] {dag.py:3089} INFO - Sync 3 DAGs
[2026-08-03T20:40:33.458+0000] {logging_mixin.py:188} INFO - [2026-08-03T20:40:33.458+0000] {dag.py:3947} INFO - Setting next_dagrun for example_subdag_operator to 2022-01-01 00:00:00+00:00, run_after=2022-01-01 00:00:00+00:00
[2026-08-03T20:40:33.470+0000] {logging_mixin.py:188} INFO - [2026-08-03T20:40:33.470+0000] {dag.py:3947} INFO - Setting next_dagrun for example_subdag_operator.section-1 to None, run_after=None
[2026-08-03T20:40:33.480+0000] {logging_mixin.py:188} INFO - [2026-08-03T20:40:33.480+0000] {dag.py:3947} INFO - Setting next_dagrun for example_subdag_operator.section-2 to None, run_after=None
[2026-08-03T20:40:33.506+0000] {logging_mixin.py:188} INFO - [2026-08-03T20:40:33.506+0000] {dag.py:3089} INFO - Sync 2 DAGs
[2026-08-03T20:40:33.531+0000] {logging_mixin.py:188} INFO - [2026-08-03T20:40:33.531+0000] {dag.py:3947} INFO - Setting next_dagrun for example_subdag_operator.section-1 to None, run_after=None
[2026-08-03T20:40:33.534+0000] {logging_mixin.py:188} INFO - [2026-08-03T20:40:33.534+0000] {dag.py:3947} INFO - Setting next_dagrun for example_subdag_operator.section-2 to None, run_after=None
[2026-08-03T20:40:33.566+0000] {processor.py:183} INFO - Processing /home/airflow/.local/lib/python3.12/site-packages/airflow/example_dags/example_subdag_operator.py took 0.447 seconds
[2026-08-03T20:41:09.965+0000] {processor.py:161} INFO - Started process (PID=359) to work on /home/airflow/.local/lib/python3.12/site-packages/airflow/example_dags/example_subdag_operator.py
[2026-08-03T20:41:09.969+0000] {processor.py:830} INFO - Processing file /home/airflow/.local/lib/python3.12/site-packages/airflow/example_dags/example_subdag_operator.py for tasks to queue
[2026-08-03T20:41:09.978+0000] {logging_mixin.py:188} INFO - [2026-08-03T20:41:09.977+0000] {dagbag.py:545} INFO - Filling up the DagBag from /home/airflow/.local/lib/python3.12/site-packages/airflow/example_dags/example_subdag_operator.py
[2026-08-03T20:41:10.104+0000] {processor.py:840} INFO - DAG(s) 'example_subdag_operator.section-1', 'example_subdag_operator.section-2', 'example_subdag_operator' retrieved from /home/airflow/.local/lib/python3.12/site-packages/airflow/example_dags/example_subdag_operator.py
[2026-08-03T20:41:10.170+0000] {logging_mixin.py:188} INFO - [2026-08-03T20:41:10.169+0000] {dag.py:3089} INFO - Sync 3 DAGs
[2026-08-03T20:41:10.244+0000] {logging_mixin.py:188} INFO - [2026-08-03T20:41:10.243+0000] {dag.py:3947} INFO - Setting next_dagrun for example_subdag_operator to 2022-01-01 00:00:00+00:00, run_after=2022-01-01 00:00:00+00:00
[2026-08-03T20:41:10.256+0000] {logging_mixin.py:188} INFO - [2026-08-03T20:41:10.255+0000] {dag.py:3947} INFO - Setting next_dagrun for example_subdag_operator.section-1 to None, run_after=None
[2026-08-03T20:41:10.261+0000] {logging_mixin.py:188} INFO - [2026-08-03T20:41:10.261+0000] {dag.py:3947} INFO - Setting next_dagrun for example_subdag_operator.section-2 to None, run_after=None
[2026-08-03T20:41:10.283+0000] {logging_mixin.py:188} INFO - [2026-08-03T20:41:10.282+0000] {dag.py:3089} INFO - Sync 2 DAGs
[2026-08-03T20:41:10.298+0000] {logging_mixin.py:188} INFO - [2026-08-03T20:41:10.297+0000] {dag.py:3947} INFO - Setting next_dagrun for example_subdag_operator.section-1 to None, run_after=None
[2026-08-03T20:41:10.301+0000] {logging_mixin.py:188} INFO - [2026-08-03T20:41:10.300+0000] {dag.py:3947} INFO - Setting next_dagrun for example_subdag_operator.section-2 to None, run_after=None
[2026-08-03T20:41:10.373+0000] {processor.py:183} INFO - Processing /home/airflow/.local/lib/python3.12/site-packages/airflow/example_dags/example_subdag_operator.py took 0.456 seconds
[2026-08-03T20:41:42.653+0000] {processor.py:161} INFO - Started process (PID=430) to work on /home/airflow/.local/lib/python3.12/site-packages/airflow/example_dags/example_subdag_operator.py
[2026-08-03T20:41:42.661+0000] {processor.py:830} INFO - Processing file /home/airflow/.local/lib/python3.12/site-packages/airflow/example_dags/example_subdag_operator.py for tasks to queue
[2026-08-03T20:41:42.724+0000] {logging_mixin.py:188} INFO - [2026-08-03T20:41:42.705+0000] {dagbag.py:545} INFO - Filling up the DagBag from /home/airflow/.local/lib/python3.12/site-packages/airflow/example_dags/example_subdag_operator.py
[2026-08-03T20:41:43.335+0000] {processor.py:840} INFO - DAG(s) 'example_subdag_operator.section-1', 'example_subdag_operator.section-2', 'example_subdag_operator' retrieved from /home/airflow/.local/lib/python3.12/site-packages/airflow/example_dags/example_subdag_operator.py
[2026-08-03T20:41:43.565+0000] {logging_mixin.py:188} INFO - [2026-08-03T20:41:43.564+0000] {dag.py:3089} INFO - Sync 3 DAGs
[2026-08-03T20:41:43.654+0000] {logging_mixin.py:188} INFO - [2026-08-03T20:41:43.653+0000] {dag.py:3947} INFO - Setting next_dagrun for example_subdag_operator to 2022-01-01 00:00:00+00:00, run_after=2022-01-01 00:00:00+00:00
[2026-08-03T20:41:43.677+0000] {logging_mixin.py:188} INFO - [2026-08-03T20:41:43.676+0000] {dag.py:3947} INFO - Setting next_dagrun for example_subdag_operator.section-1 to None, run_after=None
[2026-08-03T20:41:43.692+0000] {logging_mixin.py:188} INFO - [2026-08-03T20:41:43.691+0000] {dag.py:3947} INFO - Setting next_dagrun for example_subdag_operator.section-2 to None, run_after=None
[2026-08-03T20:41:43.804+0000] {logging_mixin.py:188} INFO - [2026-08-03T20:41:43.804+0000] {dag.py:3089} INFO - Sync 2 DAGs
[2026-08-03T20:41:43.948+0000] {logging_mixin.py:188} INFO - [2026-08-03T20:41:43.947+0000] {dag.py:3947} INFO - Setting next_dagrun for example_subdag_operator.section-1 to None, run_after=None
[2026-08-03T20:41:43.959+0000] {logging_mixin.py:188} INFO - [2026-08-03T20:41:43.958+0000] {dag.py:3947} INFO - Setting next_dagrun for example_subdag_operator.section-2 to None, run_after=None
[2026-08-03T20:41:44.064+0000] {processor.py:183} INFO - Processing /home/airflow/.local/lib/python3.12/site-packages/airflow/example_dags/example_subdag_operator.py took 1.482 seconds
[2026-08-03T20:42:38.761+0000] {processor.py:161} INFO - Started process (PID=512) to work on /home/airflow/.local/lib/python3.12/site-packages/airflow/example_dags/example_subdag_operator.py
[2026-08-03T20:42:38.771+0000] {processor.py:830} INFO - Processing file /home/airflow/.local/lib/python3.12/site-packages/airflow/example_dags/example_subdag_operator.py for tasks to queue
[2026-08-03T20:42:38.777+0000] {logging_mixin.py:188} INFO - [2026-08-03T20:42:38.775+0000] {dagbag.py:545} INFO - Filling up the DagBag from /home/airflow/.local/lib/python3.12/site-packages/airflow/example_dags/example_subdag_operator.py
[2026-08-03T20:42:39.672+0000] {processor.py:840} INFO - DAG(s) 'example_subdag_operator.section-1', 'example_subdag_operator.section-2', 'example_subdag_operator' retrieved from /home/airflow/.local/lib/python3.12/site-packages/airflow/example_dags/example_subdag_operator.py
[2026-08-03T20:42:39.955+0000] {logging_mixin.py:188} INFO - [2026-08-03T20:42:39.931+0000] {dag.py:3089} INFO - Sync 3 DAGs
[2026-08-03T20:42:40.098+0000] {logging_mixin.py:188} INFO - [2026-08-03T20:42:40.097+0000] {dag.py:3947} INFO - Setting next_dagrun for example_subdag_operator to 2022-01-01 00:00:00+00:00, run_after=2022-01-01 00:00:00+00:00
[2026-08-03T20:42:40.158+0000] {logging_mixin.py:188} INFO - [2026-08-03T20:42:40.157+0000] {dag.py:3947} INFO - Setting next_dagrun for example_subdag_operator.section-1 to None, run_after=None
[2026-08-03T20:42:40.229+0000] {logging_mixin.py:188} INFO - [2026-08-03T20:42:40.229+0000] {dag.py:3947} INFO - Setting next_dagrun for example_subdag_operator.section-2 to None, run_after=None
[2026-08-03T20:42:40.350+0000] {logging_mixin.py:188} INFO - [2026-08-03T20:42:40.350+0000] {dag.py:3089} INFO - Sync 2 DAGs
[2026-08-03T20:42:40.461+0000] {logging_mixin.py:188} INFO - [2026-08-03T20:42:40.456+0000] {dag.py:3947} INFO - Setting next_dagrun for example_subdag_operator.section-1 to None, run_after=None
[2026-08-03T20:42:40.465+0000] {logging_mixin.py:188} INFO - [2026-08-03T20:42:40.464+0000] {dag.py:3947} INFO - Setting next_dagrun for example_subdag_operator.section-2 to None, run_after=None
[2026-08-03T20:42:40.693+0000] {processor.py:183} INFO - Processing /home/airflow/.local/lib/python3.12/site-packages/airflow/example_dags/example_subdag_operator.py took 2.055 seconds
[2026-08-03T20:43:29.728+0000] {processor.py:161} INFO - Started process (PID=583) to work on /home/airflow/.local/lib/python3.12/site-packages/airflow/example_dags/example_subdag_operator.py
[2026-08-03T20:43:29.732+0000] {processor.py:830} INFO - Processing file /home/airflow/.local/lib/python3.12/site-packages/airflow/example_dags/example_subdag_operator.py for tasks to queue
[2026-08-03T20:43:29.751+0000] {logging_mixin.py:188} INFO - [2026-08-03T20:43:29.750+0000] {dagbag.py:545} INFO - Filling up the DagBag from /home/airflow/.local/lib/python3.12/site-packages/airflow/example_dags/example_subdag_operator.py
[2026-08-03T20:43:29.862+0000] {processor.py:840} INFO - DAG(s) 'example_subdag_operator.section-1', 'example_subdag_operator.section-2', 'example_subdag_operator' retrieved from /home/airflow/.local/lib/python3.12/site-packages/airflow/example_dags/example_subdag_operator.py
[2026-08-03T20:43:29.923+0000] {logging_mixin.py:188} INFO - [2026-08-03T20:43:29.922+0000] {dag.py:3089} INFO - Sync 3 DAGs
[2026-08-03T20:43:30.046+0000] {logging_mixin.py:188} INFO - [2026-08-03T20:43:30.045+0000] {dag.py:3947} INFO - Setting next_dagrun for example_subdag_operator to 2022-01-01 00:00:00+00:00, run_after=2022-01-01 00:00:00+00:00
[2026-08-03T20:43:30.059+0000] {logging_mixin.py:188} INFO - [2026-08-03T20:43:30.059+0000] {dag.py:3947} INFO - Setting next_dagrun for example_subdag_operator.section-1 to None, run_after=None
[2026-08-03T20:43:30.068+0000] {logging_mixin.py:188} INFO - [2026-08-03T20:43:30.067+0000] {dag.py:3947} INFO - Setting next_dagrun for example_subdag_operator.section-2 to None, run_after=None
[2026-08-03T20:43:30.092+0000] {logging_mixin.py:188} INFO - [2026-08-03T20:43:30.091+0000] {dag.py:3089} INFO - Sync 2 DAGs
[2026-08-03T20:43:30.126+0000] {logging_mixin.py:188} INFO - [2026-08-03T20:43:30.126+0000] {dag.py:3947} INFO - Setting next_dagrun for example_subdag_operator.section-1 to None, run_after=None
[2026-08-03T20:43:30.129+0000] {logging_mixin.py:188} INFO - [2026-08-03T20:43:30.129+0000] {dag.py:3947} INFO - Setting next_dagrun for example_subdag_operator.section-2 to None, run_after=None
[2026-08-03T20:43:30.180+0000] {processor.py:183} INFO - Processing /home/airflow/.local/lib/python3.12/site-packages/airflow/example_dags/example_subdag_operator.py took 0.551 seconds
[2026-08-03T20:44:14.890+0000] {processor.py:161} INFO - Started process (PID=656) to work on /home/airflow/.local/lib/python3.12/site-packages/airflow/example_dags/example_subdag_operator.py
[2026-08-03T20:44:14.903+0000] {processor.py:830} INFO - Processing file /home/airflow/.local/lib/python3.12/site-packages/airflow/example_dags/example_subdag_operator.py for tasks to queue
[2026-08-03T20:44:14.929+0000] {logging_mixin.py:188} INFO - [2026-08-03T20:44:14.928+0000] {dagbag.py:545} INFO - Filling up the DagBag from /home/airflow/.local/lib/python3.12/site-packages/airflow/example_dags/example_subdag_operator.py
[2026-08-03T20:44:15.484+0000] {processor.py:840} INFO - DAG(s) 'example_subdag_operator.section-1', 'example_subdag_operator.section-2', 'example_subdag_operator' retrieved from /home/airflow/.local/lib/python3.12/site-packages/airflow/example_dags/example_subdag_operator.py
[2026-08-03T20:44:15.983+0000] {logging_mixin.py:188} INFO - [2026-08-03T20:44:15.982+0000] {dag.py:3089} INFO - Sync 3 DAGs
[2026-08-03T20:44:16.471+0000] {logging_mixin.py:188} INFO - [2026-08-03T20:44:16.471+0000] {dag.py:3947} INFO - Setting next_dagrun for example_subdag_operator to 2022-01-01 00:00:00+00:00, run_after=2022-01-01 00:00:00+00:00
[2026-08-03T20:44:16.579+0000] {logging_mixin.py:188} INFO - [2026-08-03T20:44:16.576+0000] {dag.py:3947} INFO - Setting next_dagrun for example_subdag_operator.section-1 to None, run_after=None
[2026-08-03T20:44:16.617+0000] {logging_mixin.py:188} INFO - [2026-08-03T20:44:16.613+0000] {dag.py:3947} INFO - Setting next_dagrun for example_subdag_operator.section-2 to None, run_after=None
[2026-08-03T20:44:16.681+0000] {logging_mixin.py:188} INFO - [2026-08-03T20:44:16.680+0000] {dag.py:3089} INFO - Sync 2 DAGs
[2026-08-03T20:44:16.807+0000] {logging_mixin.py:188} INFO - [2026-08-03T20:44:16.807+0000] {dag.py:3947} INFO - Setting next_dagrun for example_subdag_operator.section-1 to None, run_after=None
[2026-08-03T20:44:16.826+0000] {logging_mixin.py:188} INFO - [2026-08-03T20:44:16.826+0000] {dag.py:3947} INFO - Setting next_dagrun for example_subdag_operator.section-2 to None, run_after=None
[2026-08-03T20:44:16.932+0000] {processor.py:183} INFO - Processing /home/airflow/.local/lib/python3.12/site-packages/airflow/example_dags/example_subdag_operator.py took 2.076 seconds
[2026-08-03T20:44:59.652+0000] {processor.py:161} INFO - Started process (PID=730) to work on /home/airflow/.local/lib/python3.12/site-packages/airflow/example_dags/example_subdag_operator.py
[2026-08-03T20:44:59.671+0000] {processor.py:830} INFO - Processing file /home/airflow/.local/lib/python3.12/site-packages/airflow/example_dags/example_subdag_operator.py for tasks to queue
[2026-08-03T20:44:59.705+0000] {logging_mixin.py:188} INFO - [2026-08-03T20:44:59.703+0000] {dagbag.py:545} INFO - Filling up the DagBag from /home/airflow/.local/lib/python3.12/site-packages/airflow/example_dags/example_subdag_operator.py
[2026-08-03T20:44:59.934+0000] {processor.py:840} INFO - DAG(s) 'example_subdag_operator.section-1', 'example_subdag_operator.section-2', 'example_subdag_operator' retrieved from /home/airflow/.local/lib/python3.12/site-packages/airflow/example_dags/example_subdag_operator.py
[2026-08-03T20:44:59.984+0000] {logging_mixin.py:188} INFO - [2026-08-03T20:44:59.981+0000] {dag.py:3089} INFO - Sync 3 DAGs
[2026-08-03T20:45:00.128+0000] {logging_mixin.py:188} INFO - [2026-08-03T20:45:00.128+0000] {dag.py:3947} INFO - Setting next_dagrun for example_subdag_operator to 2022-01-01 00:00:00+00:00, run_after=2022-01-01 00:00:00+00:00
[2026-08-03T20:45:00.143+0000] {logging_mixin.py:188} INFO - [2026-08-03T20:45:00.142+0000] {dag.py:3947} INFO - Setting next_dagrun for example_subdag_operator.section-1 to None, run_after=None
[2026-08-03T20:45:00.148+0000] {logging_mixin.py:188} INFO - [2026-08-03T20:45:00.148+0000] {dag.py:3947} INFO - Setting next_dagrun for example_subdag_operator.section-2 to None, run_after=None
[2026-08-03T20:45:00.184+0000] {logging_mixin.py:188} INFO - [2026-08-03T20:45:00.183+0000] {dag.py:3089} INFO - Sync 2 DAGs
[2026-08-03T20:45:00.220+0000] {logging_mixin.py:188} INFO - [2026-08-03T20:45:00.219+0000] {dag.py:3947} INFO - Setting next_dagrun for example_subdag_operator.section-1 to None, run_after=None
[2026-08-03T20:45:00.235+0000] {logging_mixin.py:188} INFO - [2026-08-03T20:45:00.234+0000] {dag.py:3947} INFO - Setting next_dagrun for example_subdag_operator.section-2 to None, run_after=None
[2026-08-03T20:45:00.487+0000] {processor.py:183} INFO - Processing /home/airflow/.local/lib/python3.12/site-packages/airflow/example_dags/example_subdag_operator.py took 0.898 seconds
[2026-08-03T20:45:49.015+0000] {processor.py:161} INFO - Started process (PID=806) to work on /home/airflow/.local/lib/python3.12/site-packages/airflow/example_dags/example_subdag_operator.py
[2026-08-03T20:45:49.020+0000] {processor.py:830} INFO - Processing file /home/airflow/.local/lib/python3.12/site-packages/airflow/example_dags/example_subdag_operator.py for tasks to queue
[2026-08-03T20:45:49.029+0000] {logging_mixin.py:188} INFO - [2026-08-03T20:45:49.028+0000] {dagbag.py:545} INFO - Filling up the DagBag from /home/airflow/.local/lib/python3.12/site-packages/airflow/example_dags/example_subdag_operator.py
[2026-08-03T20:45:49.176+0000] {processor.py:840} INFO - DAG(s) 'example_subdag_operator.section-1', 'example_subdag_operator.section-2', 'example_subdag_operator' retrieved from /home/airflow/.local/lib/python3.12/site-packages/airflow/example_dags/example_subdag_operator.py
[2026-08-03T20:45:49.296+0000] {logging_mixin.py:188} INFO - [2026-08-03T20:45:49.295+0000] {dag.py:3089} INFO - Sync 3 DAGs
[2026-08-03T20:45:49.636+0000] {logging_mixin.py:188} INFO - [2026-08-03T20:45:49.636+0000] {dag.py:3947} INFO - Setting next_dagrun for example_subdag_operator to 2022-01-01 00:00:00+00:00, run_after=2022-01-01 00:00:00+00:00
[2026-08-03T20:45:49.699+0000] {logging_mixin.py:188} INFO - [2026-08-03T20:45:49.698+0000] {dag.py:3947} INFO - Setting next_dagrun for example_subdag_operator.section-1 to None, run_after=None
[2026-08-03T20:45:49.714+0000] {logging_mixin.py:188} INFO - [2026-08-03T20:45:49.714+0000] {dag.py:3947} INFO - Setting next_dagrun for example_subdag_operator.section-2 to None, run_after=None
[2026-08-03T20:45:49.804+0000] {logging_mixin.py:188} INFO - [2026-08-03T20:45:49.803+0000] {dag.py:3089} INFO - Sync 2 DAGs
[2026-08-03T20:45:49.869+0000] {logging_mixin.py:188} INFO - [2026-08-03T20:45:49.866+0000] {dag.py:3947} INFO - Setting next_dagrun for example_subdag_operator.section-1 to None, run_after=None
[2026-08-03T20:45:49.872+0000] {logging_mixin.py:188} INFO - [2026-08-03T20:45:49.872+0000] {dag.py:3947} INFO - Setting next_dagrun for example_subdag_operator.section-2 to None, run_after=None
[2026-08-03T20:45:49.985+0000] {processor.py:183} INFO - Processing /home/airflow/.local/lib/python3.12/site-packages/airflow/example_dags/example_subdag_operator.py took 1.038 seconds
[2026-08-03T20:46:29.368+0000] {processor.py:161} INFO - Started process (PID=878) to work on /home/airflow/.local/lib/python3.12/site-packages/airflow/example_dags/example_subdag_operator.py
[2026-08-03T20:46:29.392+0000] {processor.py:830} INFO - Processing file /home/airflow/.local/lib/python3.12/site-packages/airflow/example_dags/example_subdag_operator.py for tasks to queue
[2026-08-03T20:46:29.403+0000] {logging_mixin.py:188} INFO - [2026-08-03T20:46:29.400+0000] {dagbag.py:545} INFO - Filling up the DagBag from /home/airflow/.local/lib/python3.12/site-packages/airflow/example_dags/example_subdag_operator.py
[2026-08-03T20:46:29.667+0000] {processor.py:840} INFO - DAG(s) 'example_subdag_operator.section-1', 'example_subdag_operator.section-2', 'example_subdag_operator' retrieved from /home/airflow/.local/lib/python3.12/site-packages/airflow/example_dags/example_subdag_operator.py
[2026-08-03T20:46:29.877+0000] {logging_mixin.py:188} INFO - [2026-08-03T20:46:29.877+0000] {dag.py:3089} INFO - Sync 3 DAGs
[2026-08-03T20:46:30.072+0000] {logging_mixin.py:188} INFO - [2026-08-03T20:46:30.071+0000] {dag.py:3947} INFO - Setting next_dagrun for example_subdag_operator to 2022-01-01 00:00:00+00:00, run_after=2022-01-01 00:00:00+00:00
[2026-08-03T20:46:30.137+0000] {logging_mixin.py:188} INFO - [2026-08-03T20:46:30.136+0000] {dag.py:3947} INFO - Setting next_dagrun for example_subdag_operator.section-1 to None, run_after=None
[2026-08-03T20:46:30.158+0000] {logging_mixin.py:188} INFO - [2026-08-03T20:46:30.157+0000] {dag.py:3947} INFO - Setting next_dagrun for example_subdag_operator.section-2 to None, run_after=None
[2026-08-03T20:46:30.309+0000] {logging_mixin.py:188} INFO - [2026-08-03T20:46:30.302+0000] {dag.py:3089} INFO - Sync 2 DAGs
[2026-08-03T20:46:30.408+0000] {logging_mixin.py:188} INFO - [2026-08-03T20:46:30.407+0000] {dag.py:3947} INFO - Setting next_dagrun for example_subdag_operator.section-1 to None, run_after=None
[2026-08-03T20:46:30.410+0000] {logging_mixin.py:188} INFO - [2026-08-03T20:46:30.410+0000] {dag.py:3947} INFO - Setting next_dagrun for example_subdag_operator.section-2 to None, run_after=None
[2026-08-03T20:46:30.553+0000] {processor.py:183} INFO - Processing /home/airflow/.local/lib/python3.12/site-packages/airflow/example_dags/example_subdag_operator.py took 1.209 seconds
[2026-08-03T20:47:03.956+0000] {processor.py:161} INFO - Started process (PID=951) to work on /home/airflow/.local/lib/python3.12/site-packages/airflow/example_dags/example_subdag_operator.py
[2026-08-03T20:47:03.963+0000] {processor.py:830} INFO - Processing file /home/airflow/.local/lib/python3.12/site-packages/airflow/example_dags/example_subdag_operator.py for tasks to queue
[2026-08-03T20:47:03.968+0000] {logging_mixin.py:188} INFO - [2026-08-03T20:47:03.966+0000] {dagbag.py:545} INFO - Filling up the DagBag from /home/airflow/.local/lib/python3.12/site-packages/airflow/example_dags/example_subdag_operator.py
[2026-08-03T20:47:04.092+0000] {processor.py:840} INFO - DAG(s) 'example_subdag_operator.section-1', 'example_subdag_operator.section-2', 'example_subdag_operator' retrieved from /home/airflow/.local/lib/python3.12/site-packages/airflow/example_dags/example_subdag_operator.py
[2026-08-03T20:47:04.243+0000] {logging_mixin.py:188} INFO - [2026-08-03T20:47:04.242+0000] {dag.py:3089} INFO - Sync 3 DAGs
[2026-08-03T20:47:04.454+0000] {logging_mixin.py:188} INFO - [2026-08-03T20:47:04.453+0000] {dag.py:3947} INFO - Setting next_dagrun for example_subdag_operator to 2022-01-01 00:00:00+00:00, run_after=2022-01-01 00:00:00+00:00
[2026-08-03T20:47:04.591+0000] {logging_mixin.py:188} INFO - [2026-08-03T20:47:04.581+0000] {dag.py:3947} INFO - Setting next_dagrun for example_subdag_operator.section-1 to None, run_after=None
[2026-08-03T20:47:04.631+0000] {logging_mixin.py:188} INFO - [2026-08-03T20:47:04.631+0000] {dag.py:3947} INFO - Setting next_dagrun for example_subdag_operator.section-2 to None, run_after=None
[2026-08-03T20:47:04.744+0000] {logging_mixin.py:188} INFO - [2026-08-03T20:47:04.743+0000] {dag.py:3089} INFO - Sync 2 DAGs
[2026-08-03T20:47:04.825+0000] {logging_mixin.py:188} INFO - [2026-08-03T20:47:04.825+0000] {dag.py:3947} INFO - Setting next_dagrun for example_subdag_operator.section-1 to None, run_after=None
[2026-08-03T20:47:04.836+0000] {logging_mixin.py:188} INFO - [2026-08-03T20:47:04.835+0000] {dag.py:3947} INFO - Setting next_dagrun for example_subdag_operator.section-2 to None, run_after=None
[2026-08-03T20:47:04.922+0000] {processor.py:183} INFO - Processing /home/airflow/.local/lib/python3.12/site-packages/airflow/example_dags/example_subdag_operator.py took 0.983 seconds
[2026-08-03T20:47:40.286+0000] {processor.py:161} INFO - Started process (PID=1024) to work on /home/airflow/.local/lib/python3.12/site-packages/airflow/example_dags/example_subdag_operator.py
[2026-08-03T20:47:40.296+0000] {processor.py:830} INFO - Processing file /home/airflow/.local/lib/python3.12/site-packages/airflow/example_dags/example_subdag_operator.py for tasks to queue
[2026-08-03T20:47:40.305+0000] {logging_mixin.py:188} INFO - [2026-08-03T20:47:40.302+0000] {dagbag.py:545} INFO - Filling up the DagBag from /home/airflow/.local/lib/python3.12/site-packages/airflow/example_dags/example_subdag_operator.py
[2026-08-03T20:47:44.552+0000] {logging_mixin.py:188} INFO - [2026-08-03T20:47:44.551+0000] {process_utils.py:263} INFO - Waiting up to 5 seconds for processes to exit...
