[2026-08-03T20:38:39.051+0000] {processor.py:161} INFO - Started process (PID=128) to work on /home/airflow/.local/lib/python3.12/site-packages/airflow/example_dags/example_latest_only.py
[2026-08-03T20:38:39.085+0000] {processor.py:830} INFO - Processing file /home/airflow/.local/lib/python3.12/site-packages/airflow/example_dags/example_latest_only.py for tasks to queue
[2026-08-03T20:38:39.120+0000] {logging_mixin.py:188} INFO - [2026-08-03T20:38:39.099+0000] {dagbag.py:545} INFO - Filling up the DagBag from /home/airflow/.local/lib/python3.12/site-packages/airflow/example_dags/example_latest_only.py
[2026-08-03T20:38:39.184+0000] {processor.py:840} INFO - DAG(s) 'latest_only' retrieved from /home/airflow/.local/lib/python3.12/site-packages/airflow/example_dags/example_latest_only.py
[2026-08-03T20:38:40.088+0000] {logging_mixin.py:188} INFO - [2026-08-03T20:38:40.084+0000] {dag.py:3089} INFO - Sync 1 DAGs
[2026-08-03T20:38:40.264+0000] {logging_mixin.py:188} INFO - [2026-08-03T20:38:40.264+0000] {dag.py:3947} INFO - Setting next_dagrun for latest_only to 2026-08-03 16:00:00+00:00, run_after=2026-08-03 20:00:00+00:00
[2026-08-03T20:38:40.413+0000] {processor.py:183} INFO - Processing /home/airflow/.local/lib/python3.12/site-packages/airflow/example_dags/example_latest_only.py took 1.380 seconds
[2026-08-03T20:39:53.789+0000] {processor.py:161} INFO - Started process (PID=215) to work on /home/airflow/.local/lib/python3.12/site-packages/airflow/example_dags/example_latest_only.py
[2026-08-03T20:39:53.804+0000] {processor.py:830} INFO - Processing file /home/airflow/.local/lib/python3.12/site-packages/airflow/example_dags/example_latest_only.py for tasks to queue
[2026-08-03T20:39:53.811+0000] {logging_mixin.py:188} INFO - [2026-08-03T20:39:53.810+0000] {dagbag.py:545} INFO - Filling up the DagBag from /home/airflow/.local/lib/python3.12/site-packages/airflow/example_dags/example_latest_only.py
[2026-08-03T20:39:53.853+0000] {processor.py:840} INFO - DAG(s) 'latest_only' retrieved from /home/airflow/.local/lib/python3.12/site-packages/airflow/example_dags/example_latest_only.py
[2026-08-03T20:39:53.936+0000] {logging_mixin.py:188} INFO - [2026-08-03T20:39:53.936+0000] {dag.py:3089} INFO - Sync 1 DAGs
[2026-08-03T20:39:54.023+0000] {logging_mixin.py:188} INFO - [2026-08-03T20:39:54.022+0000] {dag.py:3947} INFO - Setting next_dagrun for latest_only to 2026-08-03 16:00:00+00:00, run_after=2026-08-03 20:00:00+00:00
[2026-08-03T20:39:54.075+0000] {processor.py:183} INFO - Processing /home/airflow/.local/lib/python3.12/site-packages/airflow/example_dags/example_latest_only.py took 0.369 seconds
[2026-08-03T20:40:31.741+0000] {processor.py:161} INFO - Started process (PID=283) to work on /home/airflow/.local/lib/python3.12/site-packages/airflow/example_dags/example_latest_only.py
[2026-08-03T20:40:31.751+0000] {processor.py:830} INFO - Processing file /home/airflow/.local/lib/python3.12/site-packages/airflow/example_dags/example_latest_only.py for tasks to queue
[2026-08-03T20:40:31.757+0000] {logging_mixin.py:188} INFO - [2026-08-03T20:40:31.756+0000] {dagbag.py:545} INFO - Filling up the DagBag from /home/airflow/.local/lib/python3.12/site-packages/airflow/example_dags/example_latest_only.py
[2026-08-03T20:40:31.774+0000] {processor.py:840} INFO - DAG(s) 'latest_only' retrieved from /home/airflow/.local/lib/python3.12/site-packages/airflow/example_dags/example_latest_only.py
[2026-08-03T20:40:31.837+0000] {logging_mixin.py:188} INFO - [2026-08-03T20:40:31.836+0000] {dag.py:3089} INFO - Sync 1 DAGs
[2026-08-03T20:40:31.893+0000] {logging_mixin.py:188} INFO - [2026-08-03T20:40:31.893+0000] {dag.py:3947} INFO - Setting next_dagrun for latest_only to 2026-08-03 16:00:00+00:00, run_after=2026-08-03 20:00:00+00:00
[2026-08-03T20:40:31.941+0000] {processor.py:183} INFO - Processing /home/airflow/.local/lib/python3.12/site-packages/airflow/example_dags/example_latest_only.py took 0.212 seconds
[2026-08-03T20:41:07.822+0000] {processor.py:161} INFO - Started process (PID=355) to work on /home/airflow/.local/lib/python3.12/site-packages/airflow/example_dags/example_latest_only.py
[2026-08-03T20:41:07.834+0000] {processor.py:830} INFO - Processing file /home/airflow/.local/lib/python3.12/site-packages/airflow/example_dags/example_latest_only.py for tasks to queue
[2026-08-03T20:41:07.844+0000] {logging_mixin.py:188} INFO - [2026-08-03T20:41:07.843+0000] {dagbag.py:545} INFO - Filling up the DagBag from /home/airflow/.local/lib/python3.12/site-packages/airflow/example_dags/example_latest_only.py
[2026-08-03T20:41:07.900+0000] {processor.py:840} INFO - DAG(s) 'latest_only' retrieved from /home/airflow/.local/lib/python3.12/site-packages/airflow/example_dags/example_latest_only.py
[2026-08-03T20:41:08.040+0000] {logging_mixin.py:188} INFO - [2026-08-03T20:41:08.039+0000] {dag.py:3089} INFO - Sync 1 DAGs
[2026-08-03T20:41:08.128+0000] {logging_mixin.py:188} INFO - [2026-08-03T20:41:08.127+0000] {dag.py:3947} INFO - Setting next_dagrun for latest_only to 2026-08-03 16:00:00+00:00, run_after=2026-08-03 20:00:00+00:00
[2026-08-03T20:41:08.218+0000] {processor.py:183} INFO - Processing /home/airflow/.local/lib/python3.12/site-packages/airflow/example_dags/example_latest_only.py took 0.436 seconds
[2026-08-03T20:41:40.133+0000] {processor.py:161} INFO - Started process (PID=426) to work on /home/airflow/.local/lib/python3.12/site-packages/airflow/example_dags/example_latest_only.py
[2026-08-03T20:41:40.142+0000] {processor.py:830} INFO - Processing file /home/airflow/.local/lib/python3.12/site-packages/airflow/example_dags/example_latest_only.py for tasks to queue
[2026-08-03T20:41:40.146+0000] {logging_mixin.py:188} INFO - [2026-08-03T20:41:40.145+0000] {dagbag.py:545} INFO - Filling up the DagBag from /home/airflow/.local/lib/python3.12/site-packages/airflow/example_dags/example_latest_only.py
[2026-08-03T20:41:40.182+0000] {processor.py:840} INFO - DAG(s) 'latest_only' retrieved from /home/airflow/.local/lib/python3.12/site-packages/airflow/example_dags/example_latest_only.py
[2026-08-03T20:41:40.320+0000] {logging_mixin.py:188} INFO - [2026-08-03T20:41:40.320+0000] {dag.py:3089} INFO - Sync 1 DAGs
[2026-08-03T20:41:40.666+0000] {logging_mixin.py:188} INFO - [2026-08-03T20:41:40.665+0000] {dag.py:3947} INFO - Setting next_dagrun for latest_only to 2026-08-03 16:00:00+00:00, run_after=2026-08-03 20:00:00+00:00
[2026-08-03T20:41:40.787+0000] {processor.py:183} INFO - Processing /home/airflow/.local/lib/python3.12/site-packages/airflow/example_dags/example_latest_only.py took 0.711 seconds
[2026-08-03T20:42:34.561+0000] {processor.py:161} INFO - Started process (PID=508) to work on /home/airflow/.local/lib/python3.12/site-packages/airflow/example_dags/example_latest_only.py
[2026-08-03T20:42:34.637+0000] {processor.py:830} INFO - Processing file /home/airflow/.local/lib/python3.12/site-packages/airflow/example_dags/example_latest_only.py for tasks to queue
[2026-08-03T20:42:34.650+0000] {logging_mixin.py:188} INFO - [2026-08-03T20:42:34.649+0000] {dagbag.py:545} INFO - Filling up the DagBag from /home/airflow/.local/lib/python3.12/site-packages/airflow/example_dags/example_latest_only.py
[2026-08-03T20:42:34.777+0000] {processor.py:840} INFO - DAG(s) 'latest_only' retrieved from /home/airflow/.local/lib/python3.12/site-packages/airflow/example_dags/example_latest_only.py
[2026-08-03T20:42:35.118+0000] {logging_mixin.py:188} INFO - [2026-08-03T20:42:35.118+0000] {dag.py:3089} INFO - Sync 1 DAGs
[2026-08-03T20:42:35.433+0000] {logging_mixin.py:188} INFO - [2026-08-03T20:42:35.433+0000] {dag.py:3947} INFO - Setting next_dagrun for latest_only to 2026-08-03 16:00:00+00:00, run_after=2026-08-03 20:00:00+00:00
[2026-08-03T20:42:35.585+0000] {processor.py:183} INFO - Processing /home/airflow/.local/lib/python3.12/site-packages/airflow/example_dags/example_latest_only.py took 1.156 seconds
[2026-08-03T20:43:27.767+0000] {processor.py:161} INFO - Started process (PID=579) to work on /home/airflow/.local/lib/python3.12/site-packages/airflow/example_dags/example_latest_only.py
[2026-08-03T20:43:27.790+0000] {processor.py:830} INFO - Processing file /home/airflow/.local/lib/python3.12/site-packages/airflow/example_dags/example_latest_only.py for tasks to queue
[2026-08-03T20:43:27.830+0000] {logging_mixin.py:188} INFO - [2026-08-03T20:43:27.792+0000] {dagbag.py:545} INFO - Filling up the DagBag from /home/airflow/.local/lib/python3.12/site-packages/airflow/example_dags/example_latest_only.py
[2026-08-03T20:43:27.945+0000] {processor.py:840} INFO - DAG(s) 'latest_only' retrieved from /home/airflow/.local/lib/python3.12/site-packages/airflow/example_dags/example_latest_only.py
[2026-08-03T20:43:28.363+0000] {logging_mixin.py:188} INFO - [2026-08-03T20:43:28.362+0000] {dag.py:3089} INFO - Sync 1 DAGs
[2026-08-03T20:43:28.772+0000] {logging_mixin.py:188} INFO - [2026-08-03T20:43:28.760+0000] {dag.py:3947} INFO - Setting next_dagrun for latest_only to 2026-08-03 16:00:00+00:00, run_after=2026-08-03 20:00:00+00:00
[2026-08-03T20:43:28.932+0000] {processor.py:183} INFO - Processing /home/airflow/.local/lib/python3.12/site-packages/airflow/example_dags/example_latest_only.py took 1.203 seconds
[2026-08-03T20:44:06.884+0000] {processor.py:161} INFO - Started process (PID=649) to work on /home/airflow/.local/lib/python3.12/site-packages/airflow/example_dags/example_latest_only.py
[2026-08-03T20:44:06.898+0000] {processor.py:830} INFO - Processing file /home/airflow/.local/lib/python3.12/site-packages/airflow/example_dags/example_latest_only.py for tasks to queue
[2026-08-03T20:44:06.902+0000] {logging_mixin.py:188} INFO - [2026-08-03T20:44:06.901+0000] {dagbag.py:545} INFO - Filling up the DagBag from /home/airflow/.local/lib/python3.12/site-packages/airflow/example_dags/example_latest_only.py
[2026-08-03T20:44:06.988+0000] {processor.py:840} INFO - DAG(s) 'latest_only' retrieved from /home/airflow/.local/lib/python3.12/site-packages/airflow/example_dags/example_latest_only.py
[2026-08-03T20:44:07.251+0000] {logging_mixin.py:188} INFO - [2026-08-03T20:44:07.251+0000] {dag.py:3089} INFO - Sync 1 DAGs
[2026-08-03T20:44:07.649+0000] {logging_mixin.py:188} INFO - [2026-08-03T20:44:07.648+0000] {dag.py:3947} INFO - Setting next_dagrun for latest_only to 2026-08-03 16:00:00+00:00, run_after=2026-08-03 20:00:00+00:00
[2026-08-03T20:44:07.837+0000] {processor.py:183} INFO - Processing /home/airflow/.local/lib/python3.12/site-packages/airflow/example_dags/example_latest_only.py took 0.998 seconds
[2026-08-03T20:44:55.462+0000] {processor.py:161} INFO - Started process (PID=719) to work on /home/airflow/.local/lib/python3.12/site-packages/airflow/example_dags/example_latest_only.py
[2026-08-03T20:44:55.510+0000] {processor.py:830} INFO - Processing file /home/airflow/.local/lib/python3.12/site-packages/airflow/example_dags/example_latest_only.py for tasks to queue
[2026-08-03T20:44:55.518+0000] {logging_mixin.py:188} INFO - [2026-08-03T20:44:55.517+0000] {dagbag.py:545} INFO - Filling up the DagBag from /home/airflow/.local/lib/python3.12/site-packages/airflow/example_dags/example_latest_only.py
[2026-08-03T20:44:55.622+0000] {processor.py:840} INFO - DAG(s) 'latest_only' retrieved from /home/airflow/.local/lib/python3.12/site-packages/airflow/example_dags/example_latest_only.py
[2026-08-03T20:44:55.893+0000] {logging_mixin.py:188} INFO - [2026-08-03T20:44:55.892+0000] {dag.py:3089} INFO - Sync 1 DAGs
[2026-08-03T20:44:56.213+0000] {logging_mixin.py:188} INFO - [2026-08-03T20:44:56.212+0000] {dag.py:3947} INFO - Setting next_dagrun for latest_only to 2026-08-03 16:00:00+00:00, run_after=2026-08-03 20:00:00+00:00
[2026-08-03T20:44:56.391+0000] {processor.py:183} INFO - Processing /home/airflow/.local/lib/python3.12/site-packages/airflow/example_dags/example_latest_only.py took 0.974 seconds
[2026-08-03T20:45:41.580+0000] {processor.py:161} INFO - Started process (PID=796) to work on /home/airflow/.local/lib/python3.12/site-packages/airflow/example_dags/example_latest_only.py
[2026-08-03T20:45:41.685+0000] {processor.py:830} INFO - Processing file /home/airflow/.local/lib/python3.12/site-packages/airflow/example_dags/example_latest_only.py for tasks to queue
[2026-08-03T20:45:41.727+0000] {logging_mixin.py:188} INFO - [2026-08-03T20:45:41.725+0000] {dagbag.py:545} INFO - Filling up the DagBag from /home/airflow/.local/lib/python3.12/site-packages/airflow/example_dags/example_latest_only.py
[2026-08-03T20:45:41.795+0000] {processor.py:840} INFO - DAG(s) 'latest_only' retrieved from /home/airflow/.local/lib/python3.12/site-packages/airflow/example_dags/example_latest_only.py
[2026-08-03T20:45:42.372+0000] {logging_mixin.py:188} INFO - [2026-08-03T20:45:42.371+0000] {dag.py:3089} INFO - Sync 1 DAGs
[2026-08-03T20:45:42.591+0000] {logging_mixin.py:188} INFO - [2026-08-03T20:45:42.590+0000] {dag.py:3947} INFO - Setting next_dagrun for latest_only to 2026-08-03 16:00:00+00:00, run_after=2026-08-03 20:00:00+00:00
[2026-08-03T20:45:42.794+0000] {processor.py:183} INFO - Processing /home/airflow/.local/lib/python3.12/site-packages/airflow/example_dags/example_latest_only.py took 1.330 seconds
[2026-08-03T20:46:25.323+0000] {processor.py:161} INFO - Started process (PID=870) to work on /home/airflow/.local/lib/python3.12/site-packages/airflow/example_dags/example_latest_only.py
[2026-08-03T20:46:25.363+0000] {processor.py:830} INFO - Processing file /home/airflow/.local/lib/python3.12/site-packages/airflow/example_dags/example_latest_only.py for tasks to queue
[2026-08-03T20:46:25.373+0000] {logging_mixin.py:188} INFO - [2026-08-03T20:46:25.372+0000] {dagbag.py:545} INFO - Filling up the DagBag from /home/airflow/.local/lib/python3.12/site-packages/airflow/example_dags/example_latest_only.py
[2026-08-03T20:46:25.449+0000] {processor.py:840} INFO - DAG(s) 'latest_only' retrieved from /home/airflow/.local/lib/python3.12/site-packages/airflow/example_dags/example_latest_only.py
[2026-08-03T20:46:25.570+0000] {logging_mixin.py:188} INFO - [2026-08-03T20:46:25.569+0000] {dag.py:3089} INFO - Sync 1 DAGs
[2026-08-03T20:46:26.068+0000] {logging_mixin.py:188} INFO - [2026-08-03T20:46:26.068+0000] {dag.py:3947} INFO - Setting next_dagrun for latest_only to 2026-08-03 16:00:00+00:00, run_after=2026-08-03 20:00:00+00:00
[2026-08-03T20:46:26.557+0000] {processor.py:183} INFO - Processing /home/airflow/.local/lib/python3.12/site-packages/airflow/example_dags/example_latest_only.py took 1.314 seconds
[2026-08-03T20:47:00.878+0000] {processor.py:161} INFO - Started process (PID=947) to work on /home/airflow/.local/lib/python3.12/site-packages/airflow/example_dags/example_latest_only.py
[2026-08-03T20:47:00.915+0000] {processor.py:830} INFO - Processing file /home/airflow/.local/lib/python3.12/site-packages/airflow/example_dags/example_latest_only.py for tasks to queue
[2026-08-03T20:47:00.928+0000] {logging_mixin.py:188} INFO - [2026-08-03T20:47:00.925+0000] {dagbag.py:545} INFO - Filling up the DagBag from /home/airflow/.local/lib/python3.12/site-packages/airflow/example_dags/example_latest_only.py
[2026-08-03T20:47:01.094+0000] {processor.py:840} INFO - DAG(s) 'latest_only' retrieved from /home/airflow/.local/lib/python3.12/site-packages/airflow/example_dags/example_latest_only.py
[2026-08-03T20:47:01.209+0000] {logging_mixin.py:188} INFO - [2026-08-03T20:47:01.208+0000] {dag.py:3089} INFO - Sync 1 DAGs
[2026-08-03T20:47:01.514+0000] {logging_mixin.py:188} INFO - [2026-08-03T20:47:01.513+0000] {dag.py:3947} INFO - Setting next_dagrun for latest_only to 2026-08-03 16:00:00+00:00, run_after=2026-08-03 20:00:00+00:00
[2026-08-03T20:47:01.928+0000] {processor.py:183} INFO - Processing /home/airflow/.local/lib/python3.12/site-packages/airflow/example_dags/example_latest_only.py took 1.113 seconds
[2026-08-03T20:47:38.374+0000] {processor.py:161} INFO - Started process (PID=1014) to work on /home/airflow/.local/lib/python3.12/site-packages/airflow/example_dags/example_latest_only.py
[2026-08-03T20:47:38.386+0000] {processor.py:830} INFO - Processing file /home/airflow/.local/lib/python3.12/site-packages/airflow/example_dags/example_latest_only.py for tasks to queue
[2026-08-03T20:47:38.394+0000] {logging_mixin.py:188} INFO - [2026-08-03T20:47:38.393+0000] {dagbag.py:545} INFO - Filling up the DagBag from /home/airflow/.local/lib/python3.12/site-packages/airflow/example_dags/example_latest_only.py
[2026-08-03T20:47:38.424+0000] {processor.py:840} INFO - DAG(s) 'latest_only' retrieved from /home/airflow/.local/lib/python3.12/site-packages/airflow/example_dags/example_latest_only.py
[2026-08-03T20:47:38.524+0000] {logging_mixin.py:188} INFO - [2026-08-03T20:47:38.523+0000] {dag.py:3089} INFO - Sync 1 DAGs
[2026-08-03T20:47:38.726+0000] {logging_mixin.py:188} INFO - [2026-08-03T20:47:38.725+0000] {dag.py:3947} INFO - Setting next_dagrun for latest_only to 2026-08-03 16:00:00+00:00, run_after=2026-08-03 20:00:00+00:00
[2026-08-03T20:47:38.868+0000] {processor.py:183} INFO - Processing /home/airflow/.local/lib/python3.12/site-packages/airflow/example_dags/example_latest_only.py took 0.529 seconds
