[2026-08-03T20:38:54.867+0000] {processor.py:161} INFO - Started process (PID=146) to work on /home/airflow/.local/lib/python3.12/site-packages/airflow/example_dags/example_task_group_decorator.py
[2026-08-03T20:38:54.878+0000] {processor.py:830} INFO - Processing file /home/airflow/.local/lib/python3.12/site-packages/airflow/example_dags/example_task_group_decorator.py for tasks to queue
[2026-08-03T20:38:54.886+0000] {logging_mixin.py:188} INFO - [2026-08-03T20:38:54.884+0000] {dagbag.py:545} INFO - Filling up the DagBag from /home/airflow/.local/lib/python3.12/site-packages/airflow/example_dags/example_task_group_decorator.py
[2026-08-03T20:38:55.166+0000] {processor.py:840} INFO - DAG(s) 'example_task_group_decorator' retrieved from /home/airflow/.local/lib/python3.12/site-packages/airflow/example_dags/example_task_group_decorator.py
[2026-08-03T20:38:55.938+0000] {logging_mixin.py:188} INFO - [2026-08-03T20:38:55.938+0000] {dag.py:3089} INFO - Sync 1 DAGs
[2026-08-03T20:38:56.061+0000] {logging_mixin.py:188} INFO - [2026-08-03T20:38:56.061+0000] {dag.py:3947} INFO - Setting next_dagrun for example_task_group_decorator to 2026-08-02 00:00:00+00:00, run_after=2026-08-03 00:00:00+00:00
[2026-08-03T20:38:56.143+0000] {processor.py:183} INFO - Processing /home/airflow/.local/lib/python3.12/site-packages/airflow/example_dags/example_task_group_decorator.py took 1.297 seconds
[2026-08-03T20:40:01.380+0000] {processor.py:161} INFO - Started process (PID=228) to work on /home/airflow/.local/lib/python3.12/site-packages/airflow/example_dags/example_task_group_decorator.py
[2026-08-03T20:40:01.403+0000] {processor.py:830} INFO - Processing file /home/airflow/.local/lib/python3.12/site-packages/airflow/example_dags/example_task_group_decorator.py for tasks to queue
[2026-08-03T20:40:01.427+0000] {logging_mixin.py:188} INFO - [2026-08-03T20:40:01.425+0000] {dagbag.py:545} INFO - Filling up the DagBag from /home/airflow/.local/lib/python3.12/site-packages/airflow/example_dags/example_task_group_decorator.py
[2026-08-03T20:40:01.683+0000] {processor.py:840} INFO - DAG(s) 'example_task_group_decorator' retrieved from /home/airflow/.local/lib/python3.12/site-packages/airflow/example_dags/example_task_group_decorator.py
[2026-08-03T20:40:01.847+0000] {logging_mixin.py:188} INFO - [2026-08-03T20:40:01.846+0000] {dag.py:3089} INFO - Sync 1 DAGs
[2026-08-03T20:40:01.964+0000] {logging_mixin.py:188} INFO - [2026-08-03T20:40:01.963+0000] {dag.py:3947} INFO - Setting next_dagrun for example_task_group_decorator to 2026-08-02 00:00:00+00:00, run_after=2026-08-03 00:00:00+00:00
[2026-08-03T20:40:02.058+0000] {processor.py:183} INFO - Processing /home/airflow/.local/lib/python3.12/site-packages/airflow/example_dags/example_task_group_decorator.py took 0.717 seconds
[2026-08-03T20:40:35.578+0000] {processor.py:161} INFO - Started process (PID=301) to work on /home/airflow/.local/lib/python3.12/site-packages/airflow/example_dags/example_task_group_decorator.py
[2026-08-03T20:40:35.596+0000] {processor.py:830} INFO - Processing file /home/airflow/.local/lib/python3.12/site-packages/airflow/example_dags/example_task_group_decorator.py for tasks to queue
[2026-08-03T20:40:35.606+0000] {logging_mixin.py:188} INFO - [2026-08-03T20:40:35.605+0000] {dagbag.py:545} INFO - Filling up the DagBag from /home/airflow/.local/lib/python3.12/site-packages/airflow/example_dags/example_task_group_decorator.py
[2026-08-03T20:40:35.656+0000] {processor.py:840} INFO - DAG(s) 'example_task_group_decorator' retrieved from /home/airflow/.local/lib/python3.12/site-packages/airflow/example_dags/example_task_group_decorator.py
[2026-08-03T20:40:35.810+0000] {logging_mixin.py:188} INFO - [2026-08-03T20:40:35.809+0000] {dag.py:3089} INFO - Sync 1 DAGs
[2026-08-03T20:40:35.920+0000] {logging_mixin.py:188} INFO - [2026-08-03T20:40:35.919+0000] {dag.py:3947} INFO - Setting next_dagrun for example_task_group_decorator to 2026-08-02 00:00:00+00:00, run_after=2026-08-03 00:00:00+00:00
[2026-08-03T20:40:36.027+0000] {processor.py:183} INFO - Processing /home/airflow/.local/lib/python3.12/site-packages/airflow/example_dags/example_task_group_decorator.py took 0.650 seconds
[2026-08-03T20:41:11.861+0000] {processor.py:161} INFO - Started process (PID=366) to work on /home/airflow/.local/lib/python3.12/site-packages/airflow/example_dags/example_task_group_decorator.py
[2026-08-03T20:41:11.871+0000] {processor.py:830} INFO - Processing file /home/airflow/.local/lib/python3.12/site-packages/airflow/example_dags/example_task_group_decorator.py for tasks to queue
[2026-08-03T20:41:11.882+0000] {logging_mixin.py:188} INFO - [2026-08-03T20:41:11.881+0000] {dagbag.py:545} INFO - Filling up the DagBag from /home/airflow/.local/lib/python3.12/site-packages/airflow/example_dags/example_task_group_decorator.py
[2026-08-03T20:41:11.974+0000] {processor.py:840} INFO - DAG(s) 'example_task_group_decorator' retrieved from /home/airflow/.local/lib/python3.12/site-packages/airflow/example_dags/example_task_group_decorator.py
[2026-08-03T20:41:12.080+0000] {logging_mixin.py:188} INFO - [2026-08-03T20:41:12.079+0000] {dag.py:3089} INFO - Sync 1 DAGs
[2026-08-03T20:41:12.157+0000] {logging_mixin.py:188} INFO - [2026-08-03T20:41:12.156+0000] {dag.py:3947} INFO - Setting next_dagrun for example_task_group_decorator to 2026-08-02 00:00:00+00:00, run_after=2026-08-03 00:00:00+00:00
[2026-08-03T20:41:12.214+0000] {processor.py:183} INFO - Processing /home/airflow/.local/lib/python3.12/site-packages/airflow/example_dags/example_task_group_decorator.py took 0.367 seconds
[2026-08-03T20:41:47.105+0000] {processor.py:161} INFO - Started process (PID=438) to work on /home/airflow/.local/lib/python3.12/site-packages/airflow/example_dags/example_task_group_decorator.py
[2026-08-03T20:41:47.111+0000] {processor.py:830} INFO - Processing file /home/airflow/.local/lib/python3.12/site-packages/airflow/example_dags/example_task_group_decorator.py for tasks to queue
[2026-08-03T20:41:47.118+0000] {logging_mixin.py:188} INFO - [2026-08-03T20:41:47.117+0000] {dagbag.py:545} INFO - Filling up the DagBag from /home/airflow/.local/lib/python3.12/site-packages/airflow/example_dags/example_task_group_decorator.py
[2026-08-03T20:41:47.226+0000] {processor.py:840} INFO - DAG(s) 'example_task_group_decorator' retrieved from /home/airflow/.local/lib/python3.12/site-packages/airflow/example_dags/example_task_group_decorator.py
[2026-08-03T20:41:47.441+0000] {logging_mixin.py:188} INFO - [2026-08-03T20:41:47.440+0000] {dag.py:3089} INFO - Sync 1 DAGs
[2026-08-03T20:41:47.536+0000] {logging_mixin.py:188} INFO - [2026-08-03T20:41:47.534+0000] {dag.py:3947} INFO - Setting next_dagrun for example_task_group_decorator to 2026-08-02 00:00:00+00:00, run_after=2026-08-03 00:00:00+00:00
[2026-08-03T20:41:47.735+0000] {processor.py:183} INFO - Processing /home/airflow/.local/lib/python3.12/site-packages/airflow/example_dags/example_task_group_decorator.py took 0.663 seconds
[2026-08-03T20:42:49.812+0000] {processor.py:161} INFO - Started process (PID=519) to work on /home/airflow/.local/lib/python3.12/site-packages/airflow/example_dags/example_task_group_decorator.py
[2026-08-03T20:42:49.816+0000] {processor.py:830} INFO - Processing file /home/airflow/.local/lib/python3.12/site-packages/airflow/example_dags/example_task_group_decorator.py for tasks to queue
[2026-08-03T20:42:49.829+0000] {logging_mixin.py:188} INFO - [2026-08-03T20:42:49.829+0000] {dagbag.py:545} INFO - Filling up the DagBag from /home/airflow/.local/lib/python3.12/site-packages/airflow/example_dags/example_task_group_decorator.py
[2026-08-03T20:42:49.952+0000] {processor.py:840} INFO - DAG(s) 'example_task_group_decorator' retrieved from /home/airflow/.local/lib/python3.12/site-packages/airflow/example_dags/example_task_group_decorator.py
[2026-08-03T20:42:50.491+0000] {logging_mixin.py:188} INFO - [2026-08-03T20:42:50.479+0000] {dag.py:3089} INFO - Sync 1 DAGs
[2026-08-03T20:42:50.813+0000] {logging_mixin.py:188} INFO - [2026-08-03T20:42:50.813+0000] {dag.py:3947} INFO - Setting next_dagrun for example_task_group_decorator to 2026-08-02 00:00:00+00:00, run_after=2026-08-03 00:00:00+00:00
[2026-08-03T20:42:51.427+0000] {processor.py:183} INFO - Processing /home/airflow/.local/lib/python3.12/site-packages/airflow/example_dags/example_task_group_decorator.py took 1.638 seconds
[2026-08-03T20:43:33.435+0000] {processor.py:161} INFO - Started process (PID=591) to work on /home/airflow/.local/lib/python3.12/site-packages/airflow/example_dags/example_task_group_decorator.py
[2026-08-03T20:43:33.445+0000] {processor.py:830} INFO - Processing file /home/airflow/.local/lib/python3.12/site-packages/airflow/example_dags/example_task_group_decorator.py for tasks to queue
[2026-08-03T20:43:33.455+0000] {logging_mixin.py:188} INFO - [2026-08-03T20:43:33.448+0000] {dagbag.py:545} INFO - Filling up the DagBag from /home/airflow/.local/lib/python3.12/site-packages/airflow/example_dags/example_task_group_decorator.py
[2026-08-03T20:43:33.533+0000] {processor.py:840} INFO - DAG(s) 'example_task_group_decorator' retrieved from /home/airflow/.local/lib/python3.12/site-packages/airflow/example_dags/example_task_group_decorator.py
[2026-08-03T20:43:33.615+0000] {logging_mixin.py:188} INFO - [2026-08-03T20:43:33.615+0000] {dag.py:3089} INFO - Sync 1 DAGs
[2026-08-03T20:43:33.690+0000] {logging_mixin.py:188} INFO - [2026-08-03T20:43:33.690+0000] {dag.py:3947} INFO - Setting next_dagrun for example_task_group_decorator to 2026-08-02 00:00:00+00:00, run_after=2026-08-03 00:00:00+00:00
[2026-08-03T20:43:33.761+0000] {processor.py:183} INFO - Processing /home/airflow/.local/lib/python3.12/site-packages/airflow/example_dags/example_task_group_decorator.py took 0.383 seconds
[2026-08-03T20:44:22.047+0000] {processor.py:161} INFO - Started process (PID=669) to work on /home/airflow/.local/lib/python3.12/site-packages/airflow/example_dags/example_task_group_decorator.py
[2026-08-03T20:44:22.159+0000] {processor.py:830} INFO - Processing file /home/airflow/.local/lib/python3.12/site-packages/airflow/example_dags/example_task_group_decorator.py for tasks to queue
[2026-08-03T20:44:22.174+0000] {logging_mixin.py:188} INFO - [2026-08-03T20:44:22.170+0000] {dagbag.py:545} INFO - Filling up the DagBag from /home/airflow/.local/lib/python3.12/site-packages/airflow/example_dags/example_task_group_decorator.py
[2026-08-03T20:44:22.322+0000] {processor.py:840} INFO - DAG(s) 'example_task_group_decorator' retrieved from /home/airflow/.local/lib/python3.12/site-packages/airflow/example_dags/example_task_group_decorator.py
[2026-08-03T20:44:22.555+0000] {logging_mixin.py:188} INFO - [2026-08-03T20:44:22.528+0000] {dag.py:3089} INFO - Sync 1 DAGs
[2026-08-03T20:44:22.675+0000] {logging_mixin.py:188} INFO - [2026-08-03T20:44:22.674+0000] {dag.py:3947} INFO - Setting next_dagrun for example_task_group_decorator to 2026-08-02 00:00:00+00:00, run_after=2026-08-03 00:00:00+00:00
[2026-08-03T20:44:22.985+0000] {processor.py:183} INFO - Processing /home/airflow/.local/lib/python3.12/site-packages/airflow/example_dags/example_task_group_decorator.py took 1.204 seconds
[2026-08-03T20:45:10.508+0000] {processor.py:161} INFO - Started process (PID=742) to work on /home/airflow/.local/lib/python3.12/site-packages/airflow/example_dags/example_task_group_decorator.py
[2026-08-03T20:45:10.523+0000] {processor.py:830} INFO - Processing file /home/airflow/.local/lib/python3.12/site-packages/airflow/example_dags/example_task_group_decorator.py for tasks to queue
[2026-08-03T20:45:10.543+0000] {logging_mixin.py:188} INFO - [2026-08-03T20:45:10.542+0000] {dagbag.py:545} INFO - Filling up the DagBag from /home/airflow/.local/lib/python3.12/site-packages/airflow/example_dags/example_task_group_decorator.py
[2026-08-03T20:45:10.890+0000] {processor.py:840} INFO - DAG(s) 'example_task_group_decorator' retrieved from /home/airflow/.local/lib/python3.12/site-packages/airflow/example_dags/example_task_group_decorator.py
[2026-08-03T20:45:11.048+0000] {logging_mixin.py:188} INFO - [2026-08-03T20:45:11.047+0000] {dag.py:3089} INFO - Sync 1 DAGs
[2026-08-03T20:45:11.230+0000] {logging_mixin.py:188} INFO - [2026-08-03T20:45:11.229+0000] {dag.py:3947} INFO - Setting next_dagrun for example_task_group_decorator to 2026-08-02 00:00:00+00:00, run_after=2026-08-03 00:00:00+00:00
[2026-08-03T20:45:11.316+0000] {processor.py:183} INFO - Processing /home/airflow/.local/lib/python3.12/site-packages/airflow/example_dags/example_task_group_decorator.py took 0.871 seconds
[2026-08-03T20:45:52.575+0000] {processor.py:161} INFO - Started process (PID=813) to work on /home/airflow/.local/lib/python3.12/site-packages/airflow/example_dags/example_task_group_decorator.py
[2026-08-03T20:45:52.587+0000] {processor.py:830} INFO - Processing file /home/airflow/.local/lib/python3.12/site-packages/airflow/example_dags/example_task_group_decorator.py for tasks to queue
[2026-08-03T20:45:52.600+0000] {logging_mixin.py:188} INFO - [2026-08-03T20:45:52.598+0000] {dagbag.py:545} INFO - Filling up the DagBag from /home/airflow/.local/lib/python3.12/site-packages/airflow/example_dags/example_task_group_decorator.py
[2026-08-03T20:45:52.886+0000] {processor.py:840} INFO - DAG(s) 'example_task_group_decorator' retrieved from /home/airflow/.local/lib/python3.12/site-packages/airflow/example_dags/example_task_group_decorator.py
[2026-08-03T20:45:53.327+0000] {logging_mixin.py:188} INFO - [2026-08-03T20:45:53.325+0000] {dag.py:3089} INFO - Sync 1 DAGs
[2026-08-03T20:45:53.724+0000] {logging_mixin.py:188} INFO - [2026-08-03T20:45:53.723+0000] {dag.py:3947} INFO - Setting next_dagrun for example_task_group_decorator to 2026-08-02 00:00:00+00:00, run_after=2026-08-03 00:00:00+00:00
[2026-08-03T20:45:53.853+0000] {processor.py:183} INFO - Processing /home/airflow/.local/lib/python3.12/site-packages/airflow/example_dags/example_task_group_decorator.py took 1.431 seconds
[2026-08-03T20:46:37.340+0000] {processor.py:161} INFO - Started process (PID=892) to work on /home/airflow/.local/lib/python3.12/site-packages/airflow/example_dags/example_task_group_decorator.py
[2026-08-03T20:46:37.348+0000] {processor.py:830} INFO - Processing file /home/airflow/.local/lib/python3.12/site-packages/airflow/example_dags/example_task_group_decorator.py for tasks to queue
[2026-08-03T20:46:37.354+0000] {logging_mixin.py:188} INFO - [2026-08-03T20:46:37.353+0000] {dagbag.py:545} INFO - Filling up the DagBag from /home/airflow/.local/lib/python3.12/site-packages/airflow/example_dags/example_task_group_decorator.py
[2026-08-03T20:46:37.426+0000] {processor.py:840} INFO - DAG(s) 'example_task_group_decorator' retrieved from /home/airflow/.local/lib/python3.12/site-packages/airflow/example_dags/example_task_group_decorator.py
[2026-08-03T20:46:37.494+0000] {logging_mixin.py:188} INFO - [2026-08-03T20:46:37.494+0000] {dag.py:3089} INFO - Sync 1 DAGs
[2026-08-03T20:46:37.566+0000] {logging_mixin.py:188} INFO - [2026-08-03T20:46:37.566+0000] {dag.py:3947} INFO - Setting next_dagrun for example_task_group_decorator to 2026-08-02 00:00:00+00:00, run_after=2026-08-03 00:00:00+00:00
[2026-08-03T20:46:37.665+0000] {processor.py:183} INFO - Processing /home/airflow/.local/lib/python3.12/site-packages/airflow/example_dags/example_task_group_decorator.py took 0.376 seconds
[2026-08-03T20:47:13.177+0000] {processor.py:161} INFO - Started process (PID=965) to work on /home/airflow/.local/lib/python3.12/site-packages/airflow/example_dags/example_task_group_decorator.py
[2026-08-03T20:47:13.188+0000] {processor.py:830} INFO - Processing file /home/airflow/.local/lib/python3.12/site-packages/airflow/example_dags/example_task_group_decorator.py for tasks to queue
[2026-08-03T20:47:13.193+0000] {logging_mixin.py:188} INFO - [2026-08-03T20:47:13.191+0000] {dagbag.py:545} INFO - Filling up the DagBag from /home/airflow/.local/lib/python3.12/site-packages/airflow/example_dags/example_task_group_decorator.py
[2026-08-03T20:47:13.329+0000] {processor.py:840} INFO - DAG(s) 'example_task_group_decorator' retrieved from /home/airflow/.local/lib/python3.12/site-packages/airflow/example_dags/example_task_group_decorator.py
[2026-08-03T20:47:13.599+0000] {logging_mixin.py:188} INFO - [2026-08-03T20:47:13.598+0000] {dag.py:3089} INFO - Sync 1 DAGs
[2026-08-03T20:47:13.951+0000] {logging_mixin.py:188} INFO - [2026-08-03T20:47:13.951+0000] {dag.py:3947} INFO - Setting next_dagrun for example_task_group_decorator to 2026-08-02 00:00:00+00:00, run_after=2026-08-03 00:00:00+00:00
[2026-08-03T20:47:14.315+0000] {processor.py:183} INFO - Processing /home/airflow/.local/lib/python3.12/site-packages/airflow/example_dags/example_task_group_decorator.py took 1.221 seconds
