[2026-08-03T20:38:16.679+0000] {processor.py:161} INFO - Started process (PID=102) to work on /home/airflow/.local/lib/python3.12/site-packages/airflow/example_dags/example_latest_only_with_trigger.py
[2026-08-03T20:38:16.737+0000] {processor.py:830} INFO - Processing file /home/airflow/.local/lib/python3.12/site-packages/airflow/example_dags/example_latest_only_with_trigger.py for tasks to queue
[2026-08-03T20:38:16.901+0000] {logging_mixin.py:188} INFO - [2026-08-03T20:38:16.831+0000] {dagbag.py:545} INFO - Filling up the DagBag from /home/airflow/.local/lib/python3.12/site-packages/airflow/example_dags/example_latest_only_with_trigger.py
[2026-08-03T20:38:17.125+0000] {processor.py:840} INFO - DAG(s) 'latest_only_with_trigger' retrieved from /home/airflow/.local/lib/python3.12/site-packages/airflow/example_dags/example_latest_only_with_trigger.py
[2026-08-03T20:38:18.262+0000] {logging_mixin.py:188} INFO - [2026-08-03T20:38:18.250+0000] {dag.py:3089} INFO - Sync 1 DAGs
[2026-08-03T20:38:18.698+0000] {logging_mixin.py:188} INFO - [2026-08-03T20:38:18.697+0000] {dag.py:3947} INFO - Setting next_dagrun for latest_only_with_trigger to 2026-08-03 16:00:00+00:00, run_after=2026-08-03 20:00:00+00:00
[2026-08-03T20:38:18.830+0000] {processor.py:183} INFO - Processing /home/airflow/.local/lib/python3.12/site-packages/airflow/example_dags/example_latest_only_with_trigger.py took 2.401 seconds
[2026-08-03T20:39:41.777+0000] {processor.py:161} INFO - Started process (PID=186) to work on /home/airflow/.local/lib/python3.12/site-packages/airflow/example_dags/example_latest_only_with_trigger.py
[2026-08-03T20:39:41.785+0000] {processor.py:830} INFO - Processing file /home/airflow/.local/lib/python3.12/site-packages/airflow/example_dags/example_latest_only_with_trigger.py for tasks to queue
[2026-08-03T20:39:41.789+0000] {logging_mixin.py:188} INFO - [2026-08-03T20:39:41.788+0000] {dagbag.py:545} INFO - Filling up the DagBag from /home/airflow/.local/lib/python3.12/site-packages/airflow/example_dags/example_latest_only_with_trigger.py
[2026-08-03T20:39:41.857+0000] {processor.py:840} INFO - DAG(s) 'latest_only_with_trigger' retrieved from /home/airflow/.local/lib/python3.12/site-packages/airflow/example_dags/example_latest_only_with_trigger.py
[2026-08-03T20:39:41.991+0000] {logging_mixin.py:188} INFO - [2026-08-03T20:39:41.990+0000] {dag.py:3089} INFO - Sync 1 DAGs
[2026-08-03T20:39:42.392+0000] {logging_mixin.py:188} INFO - [2026-08-03T20:39:42.391+0000] {dag.py:3947} INFO - Setting next_dagrun for latest_only_with_trigger to 2026-08-03 16:00:00+00:00, run_after=2026-08-03 20:00:00+00:00
[2026-08-03T20:39:42.557+0000] {processor.py:183} INFO - Processing /home/airflow/.local/lib/python3.12/site-packages/airflow/example_dags/example_latest_only_with_trigger.py took 0.809 seconds
[2026-08-03T20:40:21.762+0000] {processor.py:161} INFO - Started process (PID=261) to work on /home/airflow/.local/lib/python3.12/site-packages/airflow/example_dags/example_latest_only_with_trigger.py
[2026-08-03T20:40:21.768+0000] {processor.py:830} INFO - Processing file /home/airflow/.local/lib/python3.12/site-packages/airflow/example_dags/example_latest_only_with_trigger.py for tasks to queue
[2026-08-03T20:40:21.776+0000] {logging_mixin.py:188} INFO - [2026-08-03T20:40:21.771+0000] {dagbag.py:545} INFO - Filling up the DagBag from /home/airflow/.local/lib/python3.12/site-packages/airflow/example_dags/example_latest_only_with_trigger.py
[2026-08-03T20:40:21.839+0000] {processor.py:840} INFO - DAG(s) 'latest_only_with_trigger' retrieved from /home/airflow/.local/lib/python3.12/site-packages/airflow/example_dags/example_latest_only_with_trigger.py
[2026-08-03T20:40:22.158+0000] {logging_mixin.py:188} INFO - [2026-08-03T20:40:22.157+0000] {dag.py:3089} INFO - Sync 1 DAGs
[2026-08-03T20:40:22.484+0000] {logging_mixin.py:188} INFO - [2026-08-03T20:40:22.441+0000] {dag.py:3947} INFO - Setting next_dagrun for latest_only_with_trigger to 2026-08-03 16:00:00+00:00, run_after=2026-08-03 20:00:00+00:00
[2026-08-03T20:40:22.756+0000] {processor.py:183} INFO - Processing /home/airflow/.local/lib/python3.12/site-packages/airflow/example_dags/example_latest_only_with_trigger.py took 1.019 seconds
[2026-08-03T20:40:53.079+0000] {processor.py:161} INFO - Started process (PID=333) to work on /home/airflow/.local/lib/python3.12/site-packages/airflow/example_dags/example_latest_only_with_trigger.py
[2026-08-03T20:40:53.083+0000] {processor.py:830} INFO - Processing file /home/airflow/.local/lib/python3.12/site-packages/airflow/example_dags/example_latest_only_with_trigger.py for tasks to queue
[2026-08-03T20:40:53.093+0000] {logging_mixin.py:188} INFO - [2026-08-03T20:40:53.092+0000] {dagbag.py:545} INFO - Filling up the DagBag from /home/airflow/.local/lib/python3.12/site-packages/airflow/example_dags/example_latest_only_with_trigger.py
[2026-08-03T20:40:53.188+0000] {processor.py:840} INFO - DAG(s) 'latest_only_with_trigger' retrieved from /home/airflow/.local/lib/python3.12/site-packages/airflow/example_dags/example_latest_only_with_trigger.py
[2026-08-03T20:40:53.324+0000] {logging_mixin.py:188} INFO - [2026-08-03T20:40:53.324+0000] {dag.py:3089} INFO - Sync 1 DAGs
[2026-08-03T20:40:53.451+0000] {logging_mixin.py:188} INFO - [2026-08-03T20:40:53.449+0000] {dag.py:3947} INFO - Setting next_dagrun for latest_only_with_trigger to 2026-08-03 16:00:00+00:00, run_after=2026-08-03 20:00:00+00:00
[2026-08-03T20:40:53.515+0000] {processor.py:183} INFO - Processing /home/airflow/.local/lib/python3.12/site-packages/airflow/example_dags/example_latest_only_with_trigger.py took 0.475 seconds
[2026-08-03T20:41:25.036+0000] {processor.py:161} INFO - Started process (PID=395) to work on /home/airflow/.local/lib/python3.12/site-packages/airflow/example_dags/example_latest_only_with_trigger.py
[2026-08-03T20:41:25.048+0000] {processor.py:830} INFO - Processing file /home/airflow/.local/lib/python3.12/site-packages/airflow/example_dags/example_latest_only_with_trigger.py for tasks to queue
[2026-08-03T20:41:25.057+0000] {logging_mixin.py:188} INFO - [2026-08-03T20:41:25.056+0000] {dagbag.py:545} INFO - Filling up the DagBag from /home/airflow/.local/lib/python3.12/site-packages/airflow/example_dags/example_latest_only_with_trigger.py
[2026-08-03T20:41:25.181+0000] {processor.py:840} INFO - DAG(s) 'latest_only_with_trigger' retrieved from /home/airflow/.local/lib/python3.12/site-packages/airflow/example_dags/example_latest_only_with_trigger.py
[2026-08-03T20:41:25.403+0000] {logging_mixin.py:188} INFO - [2026-08-03T20:41:25.402+0000] {dag.py:3089} INFO - Sync 1 DAGs
[2026-08-03T20:41:25.677+0000] {logging_mixin.py:188} INFO - [2026-08-03T20:41:25.673+0000] {dag.py:3947} INFO - Setting next_dagrun for latest_only_with_trigger to 2026-08-03 16:00:00+00:00, run_after=2026-08-03 20:00:00+00:00
[2026-08-03T20:41:25.780+0000] {processor.py:183} INFO - Processing /home/airflow/.local/lib/python3.12/site-packages/airflow/example_dags/example_latest_only_with_trigger.py took 0.786 seconds
[2026-08-03T20:41:57.527+0000] {processor.py:161} INFO - Started process (PID=465) to work on /home/airflow/.local/lib/python3.12/site-packages/airflow/example_dags/example_latest_only_with_trigger.py
[2026-08-03T20:41:57.603+0000] {processor.py:830} INFO - Processing file /home/airflow/.local/lib/python3.12/site-packages/airflow/example_dags/example_latest_only_with_trigger.py for tasks to queue
[2026-08-03T20:41:57.650+0000] {logging_mixin.py:188} INFO - [2026-08-03T20:41:57.634+0000] {dagbag.py:545} INFO - Filling up the DagBag from /home/airflow/.local/lib/python3.12/site-packages/airflow/example_dags/example_latest_only_with_trigger.py
[2026-08-03T20:41:58.112+0000] {processor.py:840} INFO - DAG(s) 'latest_only_with_trigger' retrieved from /home/airflow/.local/lib/python3.12/site-packages/airflow/example_dags/example_latest_only_with_trigger.py
[2026-08-03T20:41:58.450+0000] {logging_mixin.py:188} INFO - [2026-08-03T20:41:58.449+0000] {dag.py:3089} INFO - Sync 1 DAGs
[2026-08-03T20:41:58.616+0000] {logging_mixin.py:188} INFO - [2026-08-03T20:41:58.612+0000] {dag.py:3947} INFO - Setting next_dagrun for latest_only_with_trigger to 2026-08-03 16:00:00+00:00, run_after=2026-08-03 20:00:00+00:00
[2026-08-03T20:41:58.809+0000] {processor.py:183} INFO - Processing /home/airflow/.local/lib/python3.12/site-packages/airflow/example_dags/example_latest_only_with_trigger.py took 1.440 seconds
[2026-08-03T20:43:09.733+0000] {processor.py:161} INFO - Started process (PID=541) to work on /home/airflow/.local/lib/python3.12/site-packages/airflow/example_dags/example_latest_only_with_trigger.py
[2026-08-03T20:43:09.738+0000] {processor.py:830} INFO - Processing file /home/airflow/.local/lib/python3.12/site-packages/airflow/example_dags/example_latest_only_with_trigger.py for tasks to queue
[2026-08-03T20:43:09.744+0000] {logging_mixin.py:188} INFO - [2026-08-03T20:43:09.742+0000] {dagbag.py:545} INFO - Filling up the DagBag from /home/airflow/.local/lib/python3.12/site-packages/airflow/example_dags/example_latest_only_with_trigger.py
[2026-08-03T20:43:09.765+0000] {processor.py:840} INFO - DAG(s) 'latest_only_with_trigger' retrieved from /home/airflow/.local/lib/python3.12/site-packages/airflow/example_dags/example_latest_only_with_trigger.py
[2026-08-03T20:43:09.973+0000] {logging_mixin.py:188} INFO - [2026-08-03T20:43:09.972+0000] {dag.py:3089} INFO - Sync 1 DAGs
[2026-08-03T20:43:10.109+0000] {logging_mixin.py:188} INFO - [2026-08-03T20:43:10.108+0000] {dag.py:3947} INFO - Setting next_dagrun for latest_only_with_trigger to 2026-08-03 16:00:00+00:00, run_after=2026-08-03 20:00:00+00:00
[2026-08-03T20:43:10.343+0000] {processor.py:183} INFO - Processing /home/airflow/.local/lib/python3.12/site-packages/airflow/example_dags/example_latest_only_with_trigger.py took 0.713 seconds
[2026-08-03T20:43:48.531+0000] {processor.py:161} INFO - Started process (PID=613) to work on /home/airflow/.local/lib/python3.12/site-packages/airflow/example_dags/example_latest_only_with_trigger.py
[2026-08-03T20:43:48.572+0000] {processor.py:830} INFO - Processing file /home/airflow/.local/lib/python3.12/site-packages/airflow/example_dags/example_latest_only_with_trigger.py for tasks to queue
[2026-08-03T20:43:48.618+0000] {logging_mixin.py:188} INFO - [2026-08-03T20:43:48.617+0000] {dagbag.py:545} INFO - Filling up the DagBag from /home/airflow/.local/lib/python3.12/site-packages/airflow/example_dags/example_latest_only_with_trigger.py
[2026-08-03T20:43:48.842+0000] {processor.py:840} INFO - DAG(s) 'latest_only_with_trigger' retrieved from /home/airflow/.local/lib/python3.12/site-packages/airflow/example_dags/example_latest_only_with_trigger.py
[2026-08-03T20:43:49.071+0000] {logging_mixin.py:188} INFO - [2026-08-03T20:43:49.070+0000] {dag.py:3089} INFO - Sync 1 DAGs
[2026-08-03T20:43:49.260+0000] {logging_mixin.py:188} INFO - [2026-08-03T20:43:49.253+0000] {dag.py:3947} INFO - Setting next_dagrun for latest_only_with_trigger to 2026-08-03 16:00:00+00:00, run_after=2026-08-03 20:00:00+00:00
[2026-08-03T20:43:49.570+0000] {processor.py:183} INFO - Processing /home/airflow/.local/lib/python3.12/site-packages/airflow/example_dags/example_latest_only_with_trigger.py took 1.110 seconds
[2026-08-03T20:44:39.679+0000] {processor.py:161} INFO - Started process (PID=693) to work on /home/airflow/.local/lib/python3.12/site-packages/airflow/example_dags/example_latest_only_with_trigger.py
[2026-08-03T20:44:39.944+0000] {processor.py:830} INFO - Processing file /home/airflow/.local/lib/python3.12/site-packages/airflow/example_dags/example_latest_only_with_trigger.py for tasks to queue
[2026-08-03T20:44:40.011+0000] {logging_mixin.py:188} INFO - [2026-08-03T20:44:40.010+0000] {dagbag.py:545} INFO - Filling up the DagBag from /home/airflow/.local/lib/python3.12/site-packages/airflow/example_dags/example_latest_only_with_trigger.py
[2026-08-03T20:44:40.308+0000] {processor.py:840} INFO - DAG(s) 'latest_only_with_trigger' retrieved from /home/airflow/.local/lib/python3.12/site-packages/airflow/example_dags/example_latest_only_with_trigger.py
[2026-08-03T20:44:40.612+0000] {logging_mixin.py:188} INFO - [2026-08-03T20:44:40.611+0000] {dag.py:3089} INFO - Sync 1 DAGs
[2026-08-03T20:44:40.802+0000] {logging_mixin.py:188} INFO - [2026-08-03T20:44:40.802+0000] {dag.py:3947} INFO - Setting next_dagrun for latest_only_with_trigger to 2026-08-03 16:00:00+00:00, run_after=2026-08-03 20:00:00+00:00
[2026-08-03T20:44:41.159+0000] {processor.py:183} INFO - Processing /home/airflow/.local/lib/python3.12/site-packages/airflow/example_dags/example_latest_only_with_trigger.py took 1.618 seconds
[2026-08-03T20:45:24.898+0000] {processor.py:161} INFO - Started process (PID=766) to work on /home/airflow/.local/lib/python3.12/site-packages/airflow/example_dags/example_latest_only_with_trigger.py
[2026-08-03T20:45:24.910+0000] {processor.py:830} INFO - Processing file /home/airflow/.local/lib/python3.12/site-packages/airflow/example_dags/example_latest_only_with_trigger.py for tasks to queue
[2026-08-03T20:45:24.938+0000] {logging_mixin.py:188} INFO - [2026-08-03T20:45:24.929+0000] {dagbag.py:545} INFO - Filling up the DagBag from /home/airflow/.local/lib/python3.12/site-packages/airflow/example_dags/example_latest_only_with_trigger.py
[2026-08-03T20:45:25.035+0000] {processor.py:840} INFO - DAG(s) 'latest_only_with_trigger' retrieved from /home/airflow/.local/lib/python3.12/site-packages/airflow/example_dags/example_latest_only_with_trigger.py
[2026-08-03T20:45:25.097+0000] {logging_mixin.py:188} INFO - [2026-08-03T20:45:25.096+0000] {dag.py:3089} INFO - Sync 1 DAGs
[2026-08-03T20:45:25.380+0000] {logging_mixin.py:188} INFO - [2026-08-03T20:45:25.380+0000] {dag.py:3947} INFO - Setting next_dagrun for latest_only_with_trigger to 2026-08-03 16:00:00+00:00, run_after=2026-08-03 20:00:00+00:00
[2026-08-03T20:45:25.478+0000] {processor.py:183} INFO - Processing /home/airflow/.local/lib/python3.12/site-packages/airflow/example_dags/example_latest_only_with_trigger.py took 0.733 seconds
[2026-08-03T20:46:09.718+0000] {processor.py:161} INFO - Started process (PID=840) to work on /home/airflow/.local/lib/python3.12/site-packages/airflow/example_dags/example_latest_only_with_trigger.py
[2026-08-03T20:46:09.740+0000] {processor.py:830} INFO - Processing file /home/airflow/.local/lib/python3.12/site-packages/airflow/example_dags/example_latest_only_with_trigger.py for tasks to queue
[2026-08-03T20:46:09.749+0000] {logging_mixin.py:188} INFO - [2026-08-03T20:46:09.748+0000] {dagbag.py:545} INFO - Filling up the DagBag from /home/airflow/.local/lib/python3.12/site-packages/airflow/example_dags/example_latest_only_with_trigger.py
[2026-08-03T20:46:09.840+0000] {processor.py:840} INFO - DAG(s) 'latest_only_with_trigger' retrieved from /home/airflow/.local/lib/python3.12/site-packages/airflow/example_dags/example_latest_only_with_trigger.py
[2026-08-03T20:46:10.036+0000] {logging_mixin.py:188} INFO - [2026-08-03T20:46:10.035+0000] {dag.py:3089} INFO - Sync 1 DAGs
[2026-08-03T20:46:10.113+0000] {logging_mixin.py:188} INFO - [2026-08-03T20:46:10.112+0000] {dag.py:3947} INFO - Setting next_dagrun for latest_only_with_trigger to 2026-08-03 16:00:00+00:00, run_after=2026-08-03 20:00:00+00:00
[2026-08-03T20:46:10.187+0000] {processor.py:183} INFO - Processing /home/airflow/.local/lib/python3.12/site-packages/airflow/example_dags/example_latest_only_with_trigger.py took 0.571 seconds
[2026-08-03T20:46:49.334+0000] {processor.py:161} INFO - Started process (PID=917) to work on /home/airflow/.local/lib/python3.12/site-packages/airflow/example_dags/example_latest_only_with_trigger.py
[2026-08-03T20:46:49.342+0000] {processor.py:830} INFO - Processing file /home/airflow/.local/lib/python3.12/site-packages/airflow/example_dags/example_latest_only_with_trigger.py for tasks to queue
[2026-08-03T20:46:49.350+0000] {logging_mixin.py:188} INFO - [2026-08-03T20:46:49.349+0000] {dagbag.py:545} INFO - Filling up the DagBag from /home/airflow/.local/lib/python3.12/site-packages/airflow/example_dags/example_latest_only_with_trigger.py
[2026-08-03T20:46:49.399+0000] {processor.py:840} INFO - DAG(s) 'latest_only_with_trigger' retrieved from /home/airflow/.local/lib/python3.12/site-packages/airflow/example_dags/example_latest_only_with_trigger.py
[2026-08-03T20:46:49.631+0000] {logging_mixin.py:188} INFO - [2026-08-03T20:46:49.630+0000] {dag.py:3089} INFO - Sync 1 DAGs
[2026-08-03T20:46:49.904+0000] {logging_mixin.py:188} INFO - [2026-08-03T20:46:49.903+0000] {dag.py:3947} INFO - Setting next_dagrun for latest_only_with_trigger to 2026-08-03 16:00:00+00:00, run_after=2026-08-03 20:00:00+00:00
[2026-08-03T20:46:50.160+0000] {processor.py:183} INFO - Processing /home/airflow/.local/lib/python3.12/site-packages/airflow/example_dags/example_latest_only_with_trigger.py took 0.872 seconds
[2026-08-03T20:47:28.965+0000] {processor.py:161} INFO - Started process (PID=992) to work on /home/airflow/.local/lib/python3.12/site-packages/airflow/example_dags/example_latest_only_with_trigger.py
[2026-08-03T20:47:28.984+0000] {processor.py:830} INFO - Processing file /home/airflow/.local/lib/python3.12/site-packages/airflow/example_dags/example_latest_only_with_trigger.py for tasks to queue
[2026-08-03T20:47:28.990+0000] {logging_mixin.py:188} INFO - [2026-08-03T20:47:28.989+0000] {dagbag.py:545} INFO - Filling up the DagBag from /home/airflow/.local/lib/python3.12/site-packages/airflow/example_dags/example_latest_only_with_trigger.py
[2026-08-03T20:47:29.040+0000] {processor.py:840} INFO - DAG(s) 'latest_only_with_trigger' retrieved from /home/airflow/.local/lib/python3.12/site-packages/airflow/example_dags/example_latest_only_with_trigger.py
[2026-08-03T20:47:29.126+0000] {logging_mixin.py:188} INFO - [2026-08-03T20:47:29.126+0000] {dag.py:3089} INFO - Sync 1 DAGs
[2026-08-03T20:47:29.198+0000] {logging_mixin.py:188} INFO - [2026-08-03T20:47:29.198+0000] {dag.py:3947} INFO - Setting next_dagrun for latest_only_with_trigger to 2026-08-03 16:00:00+00:00, run_after=2026-08-03 20:00:00+00:00
[2026-08-03T20:47:29.335+0000] {processor.py:183} INFO - Processing /home/airflow/.local/lib/python3.12/site-packages/airflow/example_dags/example_latest_only_with_trigger.py took 0.430 seconds
