[2026-08-03T20:38:20.811+0000] {processor.py:161} INFO - Started process (PID=105) to work on /home/airflow/.local/lib/python3.12/site-packages/airflow/example_dags/example_params_ui_tutorial.py
[2026-08-03T20:38:20.822+0000] {processor.py:830} INFO - Processing file /home/airflow/.local/lib/python3.12/site-packages/airflow/example_dags/example_params_ui_tutorial.py for tasks to queue
[2026-08-03T20:38:20.843+0000] {logging_mixin.py:188} INFO - [2026-08-03T20:38:20.841+0000] {dagbag.py:545} INFO - Filling up the DagBag from /home/airflow/.local/lib/python3.12/site-packages/airflow/example_dags/example_params_ui_tutorial.py
[2026-08-03T20:38:21.090+0000] {processor.py:840} INFO - DAG(s) 'example_params_ui_tutorial' retrieved from /home/airflow/.local/lib/python3.12/site-packages/airflow/example_dags/example_params_ui_tutorial.py
[2026-08-03T20:38:22.568+0000] {logging_mixin.py:188} INFO - [2026-08-03T20:38:22.567+0000] {dag.py:3089} INFO - Sync 1 DAGs
[2026-08-03T20:38:22.719+0000] {logging_mixin.py:188} INFO - [2026-08-03T20:38:22.719+0000] {dag.py:3947} INFO - Setting next_dagrun for example_params_ui_tutorial to None, run_after=None
[2026-08-03T20:38:23.014+0000] {processor.py:183} INFO - Processing /home/airflow/.local/lib/python3.12/site-packages/airflow/example_dags/example_params_ui_tutorial.py took 2.252 seconds
[2026-08-03T20:39:43.954+0000] {processor.py:161} INFO - Started process (PID=189) to work on /home/airflow/.local/lib/python3.12/site-packages/airflow/example_dags/example_params_ui_tutorial.py
[2026-08-03T20:39:43.983+0000] {processor.py:830} INFO - Processing file /home/airflow/.local/lib/python3.12/site-packages/airflow/example_dags/example_params_ui_tutorial.py for tasks to queue
[2026-08-03T20:39:44.009+0000] {logging_mixin.py:188} INFO - [2026-08-03T20:39:44.007+0000] {dagbag.py:545} INFO - Filling up the DagBag from /home/airflow/.local/lib/python3.12/site-packages/airflow/example_dags/example_params_ui_tutorial.py
[2026-08-03T20:39:44.308+0000] {processor.py:840} INFO - DAG(s) 'example_params_ui_tutorial' retrieved from /home/airflow/.local/lib/python3.12/site-packages/airflow/example_dags/example_params_ui_tutorial.py
[2026-08-03T20:39:45.102+0000] {logging_mixin.py:188} INFO - [2026-08-03T20:39:45.101+0000] {dag.py:3089} INFO - Sync 1 DAGs
[2026-08-03T20:39:45.276+0000] {logging_mixin.py:188} INFO - [2026-08-03T20:39:45.271+0000] {dag.py:3947} INFO - Setting next_dagrun for example_params_ui_tutorial to None, run_after=None
[2026-08-03T20:39:45.532+0000] {processor.py:183} INFO - Processing /home/airflow/.local/lib/python3.12/site-packages/airflow/example_dags/example_params_ui_tutorial.py took 1.671 seconds
[2026-08-03T20:40:23.279+0000] {processor.py:161} INFO - Started process (PID=264) to work on /home/airflow/.local/lib/python3.12/site-packages/airflow/example_dags/example_params_ui_tutorial.py
[2026-08-03T20:40:23.296+0000] {processor.py:830} INFO - Processing file /home/airflow/.local/lib/python3.12/site-packages/airflow/example_dags/example_params_ui_tutorial.py for tasks to queue
[2026-08-03T20:40:23.313+0000] {logging_mixin.py:188} INFO - [2026-08-03T20:40:23.312+0000] {dagbag.py:545} INFO - Filling up the DagBag from /home/airflow/.local/lib/python3.12/site-packages/airflow/example_dags/example_params_ui_tutorial.py
[2026-08-03T20:40:23.410+0000] {processor.py:840} INFO - DAG(s) 'example_params_ui_tutorial' retrieved from /home/airflow/.local/lib/python3.12/site-packages/airflow/example_dags/example_params_ui_tutorial.py
[2026-08-03T20:40:23.820+0000] {logging_mixin.py:188} INFO - [2026-08-03T20:40:23.819+0000] {dag.py:3089} INFO - Sync 1 DAGs
[2026-08-03T20:40:23.939+0000] {logging_mixin.py:188} INFO - [2026-08-03T20:40:23.938+0000] {dag.py:3947} INFO - Setting next_dagrun for example_params_ui_tutorial to None, run_after=None
[2026-08-03T20:40:24.075+0000] {processor.py:183} INFO - Processing /home/airflow/.local/lib/python3.12/site-packages/airflow/example_dags/example_params_ui_tutorial.py took 0.899 seconds
[2026-08-03T20:40:56.645+0000] {processor.py:161} INFO - Started process (PID=336) to work on /home/airflow/.local/lib/python3.12/site-packages/airflow/example_dags/example_params_ui_tutorial.py
[2026-08-03T20:40:56.649+0000] {processor.py:830} INFO - Processing file /home/airflow/.local/lib/python3.12/site-packages/airflow/example_dags/example_params_ui_tutorial.py for tasks to queue
[2026-08-03T20:40:56.653+0000] {logging_mixin.py:188} INFO - [2026-08-03T20:40:56.652+0000] {dagbag.py:545} INFO - Filling up the DagBag from /home/airflow/.local/lib/python3.12/site-packages/airflow/example_dags/example_params_ui_tutorial.py
[2026-08-03T20:40:56.692+0000] {processor.py:840} INFO - DAG(s) 'example_params_ui_tutorial' retrieved from /home/airflow/.local/lib/python3.12/site-packages/airflow/example_dags/example_params_ui_tutorial.py
[2026-08-03T20:40:56.954+0000] {logging_mixin.py:188} INFO - [2026-08-03T20:40:56.953+0000] {dag.py:3089} INFO - Sync 1 DAGs
[2026-08-03T20:40:57.020+0000] {logging_mixin.py:188} INFO - [2026-08-03T20:40:57.019+0000] {dag.py:3947} INFO - Setting next_dagrun for example_params_ui_tutorial to None, run_after=None
[2026-08-03T20:40:57.141+0000] {processor.py:183} INFO - Processing /home/airflow/.local/lib/python3.12/site-packages/airflow/example_dags/example_params_ui_tutorial.py took 0.532 seconds
[2026-08-03T20:41:27.987+0000] {processor.py:161} INFO - Started process (PID=400) to work on /home/airflow/.local/lib/python3.12/site-packages/airflow/example_dags/example_params_ui_tutorial.py
[2026-08-03T20:41:27.996+0000] {processor.py:830} INFO - Processing file /home/airflow/.local/lib/python3.12/site-packages/airflow/example_dags/example_params_ui_tutorial.py for tasks to queue
[2026-08-03T20:41:28.000+0000] {logging_mixin.py:188} INFO - [2026-08-03T20:41:27.999+0000] {dagbag.py:545} INFO - Filling up the DagBag from /home/airflow/.local/lib/python3.12/site-packages/airflow/example_dags/example_params_ui_tutorial.py
[2026-08-03T20:41:28.025+0000] {processor.py:840} INFO - DAG(s) 'example_params_ui_tutorial' retrieved from /home/airflow/.local/lib/python3.12/site-packages/airflow/example_dags/example_params_ui_tutorial.py
[2026-08-03T20:41:28.317+0000] {logging_mixin.py:188} INFO - [2026-08-03T20:41:28.316+0000] {dag.py:3089} INFO - Sync 1 DAGs
[2026-08-03T20:41:28.404+0000] {logging_mixin.py:188} INFO - [2026-08-03T20:41:28.404+0000] {dag.py:3947} INFO - Setting next_dagrun for example_params_ui_tutorial to None, run_after=None
[2026-08-03T20:41:28.479+0000] {processor.py:183} INFO - Processing /home/airflow/.local/lib/python3.12/site-packages/airflow/example_dags/example_params_ui_tutorial.py took 0.525 seconds
[2026-08-03T20:42:10.444+0000] {processor.py:161} INFO - Started process (PID=472) to work on /home/airflow/.local/lib/python3.12/site-packages/airflow/example_dags/example_params_ui_tutorial.py
[2026-08-03T20:42:10.450+0000] {processor.py:830} INFO - Processing file /home/airflow/.local/lib/python3.12/site-packages/airflow/example_dags/example_params_ui_tutorial.py for tasks to queue
[2026-08-03T20:42:10.464+0000] {logging_mixin.py:188} INFO - [2026-08-03T20:42:10.463+0000] {dagbag.py:545} INFO - Filling up the DagBag from /home/airflow/.local/lib/python3.12/site-packages/airflow/example_dags/example_params_ui_tutorial.py
[2026-08-03T20:42:10.562+0000] {processor.py:840} INFO - DAG(s) 'example_params_ui_tutorial' retrieved from /home/airflow/.local/lib/python3.12/site-packages/airflow/example_dags/example_params_ui_tutorial.py
[2026-08-03T20:42:11.550+0000] {logging_mixin.py:188} INFO - [2026-08-03T20:42:11.549+0000] {dag.py:3089} INFO - Sync 1 DAGs
[2026-08-03T20:42:11.989+0000] {logging_mixin.py:188} INFO - [2026-08-03T20:42:11.988+0000] {dag.py:3947} INFO - Setting next_dagrun for example_params_ui_tutorial to None, run_after=None
[2026-08-03T20:42:12.249+0000] {processor.py:183} INFO - Processing /home/airflow/.local/lib/python3.12/site-packages/airflow/example_dags/example_params_ui_tutorial.py took 1.965 seconds
[2026-08-03T20:43:11.001+0000] {processor.py:161} INFO - Started process (PID=544) to work on /home/airflow/.local/lib/python3.12/site-packages/airflow/example_dags/example_params_ui_tutorial.py
[2026-08-03T20:43:11.007+0000] {processor.py:830} INFO - Processing file /home/airflow/.local/lib/python3.12/site-packages/airflow/example_dags/example_params_ui_tutorial.py for tasks to queue
[2026-08-03T20:43:11.013+0000] {logging_mixin.py:188} INFO - [2026-08-03T20:43:11.012+0000] {dagbag.py:545} INFO - Filling up the DagBag from /home/airflow/.local/lib/python3.12/site-packages/airflow/example_dags/example_params_ui_tutorial.py
[2026-08-03T20:43:11.051+0000] {processor.py:840} INFO - DAG(s) 'example_params_ui_tutorial' retrieved from /home/airflow/.local/lib/python3.12/site-packages/airflow/example_dags/example_params_ui_tutorial.py
[2026-08-03T20:43:11.261+0000] {logging_mixin.py:188} INFO - [2026-08-03T20:43:11.260+0000] {dag.py:3089} INFO - Sync 1 DAGs
[2026-08-03T20:43:11.316+0000] {logging_mixin.py:188} INFO - [2026-08-03T20:43:11.315+0000] {dag.py:3947} INFO - Setting next_dagrun for example_params_ui_tutorial to None, run_after=None
[2026-08-03T20:43:11.742+0000] {processor.py:183} INFO - Processing /home/airflow/.local/lib/python3.12/site-packages/airflow/example_dags/example_params_ui_tutorial.py took 0.780 seconds
[2026-08-03T20:43:50.153+0000] {processor.py:161} INFO - Started process (PID=616) to work on /home/airflow/.local/lib/python3.12/site-packages/airflow/example_dags/example_params_ui_tutorial.py
[2026-08-03T20:43:50.159+0000] {processor.py:830} INFO - Processing file /home/airflow/.local/lib/python3.12/site-packages/airflow/example_dags/example_params_ui_tutorial.py for tasks to queue
[2026-08-03T20:43:50.171+0000] {logging_mixin.py:188} INFO - [2026-08-03T20:43:50.169+0000] {dagbag.py:545} INFO - Filling up the DagBag from /home/airflow/.local/lib/python3.12/site-packages/airflow/example_dags/example_params_ui_tutorial.py
[2026-08-03T20:43:50.295+0000] {processor.py:840} INFO - DAG(s) 'example_params_ui_tutorial' retrieved from /home/airflow/.local/lib/python3.12/site-packages/airflow/example_dags/example_params_ui_tutorial.py
[2026-08-03T20:43:51.079+0000] {logging_mixin.py:188} INFO - [2026-08-03T20:43:51.078+0000] {dag.py:3089} INFO - Sync 1 DAGs
[2026-08-03T20:43:51.298+0000] {logging_mixin.py:188} INFO - [2026-08-03T20:43:51.298+0000] {dag.py:3947} INFO - Setting next_dagrun for example_params_ui_tutorial to None, run_after=None
[2026-08-03T20:43:51.454+0000] {processor.py:183} INFO - Processing /home/airflow/.local/lib/python3.12/site-packages/airflow/example_dags/example_params_ui_tutorial.py took 1.339 seconds
[2026-08-03T20:44:42.211+0000] {processor.py:161} INFO - Started process (PID=696) to work on /home/airflow/.local/lib/python3.12/site-packages/airflow/example_dags/example_params_ui_tutorial.py
[2026-08-03T20:44:42.214+0000] {processor.py:830} INFO - Processing file /home/airflow/.local/lib/python3.12/site-packages/airflow/example_dags/example_params_ui_tutorial.py for tasks to queue
[2026-08-03T20:44:42.218+0000] {logging_mixin.py:188} INFO - [2026-08-03T20:44:42.217+0000] {dagbag.py:545} INFO - Filling up the DagBag from /home/airflow/.local/lib/python3.12/site-packages/airflow/example_dags/example_params_ui_tutorial.py
[2026-08-03T20:44:42.240+0000] {processor.py:840} INFO - DAG(s) 'example_params_ui_tutorial' retrieved from /home/airflow/.local/lib/python3.12/site-packages/airflow/example_dags/example_params_ui_tutorial.py
[2026-08-03T20:44:42.433+0000] {logging_mixin.py:188} INFO - [2026-08-03T20:44:42.411+0000] {dag.py:3089} INFO - Sync 1 DAGs
[2026-08-03T20:44:42.471+0000] {logging_mixin.py:188} INFO - [2026-08-03T20:44:42.470+0000] {dag.py:3947} INFO - Setting next_dagrun for example_params_ui_tutorial to None, run_after=None
[2026-08-03T20:44:42.665+0000] {processor.py:183} INFO - Processing /home/airflow/.local/lib/python3.12/site-packages/airflow/example_dags/example_params_ui_tutorial.py took 0.490 seconds
[2026-08-03T20:45:26.280+0000] {processor.py:161} INFO - Started process (PID=769) to work on /home/airflow/.local/lib/python3.12/site-packages/airflow/example_dags/example_params_ui_tutorial.py
[2026-08-03T20:45:26.365+0000] {processor.py:830} INFO - Processing file /home/airflow/.local/lib/python3.12/site-packages/airflow/example_dags/example_params_ui_tutorial.py for tasks to queue
[2026-08-03T20:45:26.373+0000] {logging_mixin.py:188} INFO - [2026-08-03T20:45:26.372+0000] {dagbag.py:545} INFO - Filling up the DagBag from /home/airflow/.local/lib/python3.12/site-packages/airflow/example_dags/example_params_ui_tutorial.py
[2026-08-03T20:45:26.762+0000] {processor.py:840} INFO - DAG(s) 'example_params_ui_tutorial' retrieved from /home/airflow/.local/lib/python3.12/site-packages/airflow/example_dags/example_params_ui_tutorial.py
[2026-08-03T20:45:27.344+0000] {logging_mixin.py:188} INFO - [2026-08-03T20:45:27.344+0000] {dag.py:3089} INFO - Sync 1 DAGs
[2026-08-03T20:45:27.489+0000] {logging_mixin.py:188} INFO - [2026-08-03T20:45:27.489+0000] {dag.py:3947} INFO - Setting next_dagrun for example_params_ui_tutorial to None, run_after=None
[2026-08-03T20:45:27.604+0000] {processor.py:183} INFO - Processing /home/airflow/.local/lib/python3.12/site-packages/airflow/example_dags/example_params_ui_tutorial.py took 1.473 seconds
[2026-08-03T20:46:11.732+0000] {processor.py:161} INFO - Started process (PID=844) to work on /home/airflow/.local/lib/python3.12/site-packages/airflow/example_dags/example_params_ui_tutorial.py
[2026-08-03T20:46:11.736+0000] {processor.py:830} INFO - Processing file /home/airflow/.local/lib/python3.12/site-packages/airflow/example_dags/example_params_ui_tutorial.py for tasks to queue
[2026-08-03T20:46:11.744+0000] {logging_mixin.py:188} INFO - [2026-08-03T20:46:11.743+0000] {dagbag.py:545} INFO - Filling up the DagBag from /home/airflow/.local/lib/python3.12/site-packages/airflow/example_dags/example_params_ui_tutorial.py
[2026-08-03T20:46:11.788+0000] {processor.py:840} INFO - DAG(s) 'example_params_ui_tutorial' retrieved from /home/airflow/.local/lib/python3.12/site-packages/airflow/example_dags/example_params_ui_tutorial.py
[2026-08-03T20:46:12.262+0000] {logging_mixin.py:188} INFO - [2026-08-03T20:46:12.261+0000] {dag.py:3089} INFO - Sync 1 DAGs
[2026-08-03T20:46:12.446+0000] {logging_mixin.py:188} INFO - [2026-08-03T20:46:12.445+0000] {dag.py:3947} INFO - Setting next_dagrun for example_params_ui_tutorial to None, run_after=None
[2026-08-03T20:46:12.822+0000] {processor.py:183} INFO - Processing /home/airflow/.local/lib/python3.12/site-packages/airflow/example_dags/example_params_ui_tutorial.py took 1.135 seconds
[2026-08-03T20:46:51.812+0000] {processor.py:161} INFO - Started process (PID=921) to work on /home/airflow/.local/lib/python3.12/site-packages/airflow/example_dags/example_params_ui_tutorial.py
[2026-08-03T20:46:51.823+0000] {processor.py:830} INFO - Processing file /home/airflow/.local/lib/python3.12/site-packages/airflow/example_dags/example_params_ui_tutorial.py for tasks to queue
[2026-08-03T20:46:51.888+0000] {logging_mixin.py:188} INFO - [2026-08-03T20:46:51.861+0000] {dagbag.py:545} INFO - Filling up the DagBag from /home/airflow/.local/lib/python3.12/site-packages/airflow/example_dags/example_params_ui_tutorial.py
[2026-08-03T20:46:52.041+0000] {processor.py:840} INFO - DAG(s) 'example_params_ui_tutorial' retrieved from /home/airflow/.local/lib/python3.12/site-packages/airflow/example_dags/example_params_ui_tutorial.py
[2026-08-03T20:46:52.414+0000] {logging_mixin.py:188} INFO - [2026-08-03T20:46:52.414+0000] {dag.py:3089} INFO - Sync 1 DAGs
[2026-08-03T20:46:52.477+0000] {logging_mixin.py:188} INFO - [2026-08-03T20:46:52.477+0000] {dag.py:3947} INFO - Setting next_dagrun for example_params_ui_tutorial to None, run_after=None
[2026-08-03T20:46:52.674+0000] {processor.py:183} INFO - Processing /home/airflow/.local/lib/python3.12/site-packages/airflow/example_dags/example_params_ui_tutorial.py took 0.907 seconds
[2026-08-03T20:47:31.941+0000] {processor.py:161} INFO - Started process (PID=996) to work on /home/airflow/.local/lib/python3.12/site-packages/airflow/example_dags/example_params_ui_tutorial.py
[2026-08-03T20:47:31.957+0000] {processor.py:830} INFO - Processing file /home/airflow/.local/lib/python3.12/site-packages/airflow/example_dags/example_params_ui_tutorial.py for tasks to queue
[2026-08-03T20:47:31.979+0000] {logging_mixin.py:188} INFO - [2026-08-03T20:47:31.960+0000] {dagbag.py:545} INFO - Filling up the DagBag from /home/airflow/.local/lib/python3.12/site-packages/airflow/example_dags/example_params_ui_tutorial.py
[2026-08-03T20:47:32.094+0000] {processor.py:840} INFO - DAG(s) 'example_params_ui_tutorial' retrieved from /home/airflow/.local/lib/python3.12/site-packages/airflow/example_dags/example_params_ui_tutorial.py
[2026-08-03T20:47:32.270+0000] {logging_mixin.py:188} INFO - [2026-08-03T20:47:32.270+0000] {dag.py:3089} INFO - Sync 1 DAGs
[2026-08-03T20:47:32.370+0000] {logging_mixin.py:188} INFO - [2026-08-03T20:47:32.370+0000] {dag.py:3947} INFO - Setting next_dagrun for example_params_ui_tutorial to None, run_after=None
[2026-08-03T20:47:32.440+0000] {processor.py:183} INFO - Processing /home/airflow/.local/lib/python3.12/site-packages/airflow/example_dags/example_params_ui_tutorial.py took 0.578 seconds
