[2026-08-03T20:38:30.297+0000] {processor.py:161} INFO - Started process (PID=111) to work on /home/airflow/.local/lib/python3.12/site-packages/airflow/example_dags/example_short_circuit_operator.py
[2026-08-03T20:38:30.303+0000] {processor.py:830} INFO - Processing file /home/airflow/.local/lib/python3.12/site-packages/airflow/example_dags/example_short_circuit_operator.py for tasks to queue
[2026-08-03T20:38:30.313+0000] {logging_mixin.py:188} INFO - [2026-08-03T20:38:30.312+0000] {dagbag.py:545} INFO - Filling up the DagBag from /home/airflow/.local/lib/python3.12/site-packages/airflow/example_dags/example_short_circuit_operator.py
[2026-08-03T20:38:30.551+0000] {processor.py:840} INFO - DAG(s) 'example_short_circuit_operator' retrieved from /home/airflow/.local/lib/python3.12/site-packages/airflow/example_dags/example_short_circuit_operator.py
[2026-08-03T20:38:31.451+0000] {logging_mixin.py:188} INFO - [2026-08-03T20:38:31.450+0000] {dag.py:3089} INFO - Sync 1 DAGs
[2026-08-03T20:38:31.527+0000] {logging_mixin.py:188} INFO - [2026-08-03T20:38:31.524+0000] {dag.py:3947} INFO - Setting next_dagrun for example_short_circuit_operator to 2026-08-02 00:00:00+00:00, run_after=2026-08-03 00:00:00+00:00
[2026-08-03T20:38:31.641+0000] {processor.py:183} INFO - Processing /home/airflow/.local/lib/python3.12/site-packages/airflow/example_dags/example_short_circuit_operator.py took 1.434 seconds
[2026-08-03T20:39:47.913+0000] {processor.py:161} INFO - Started process (PID=195) to work on /home/airflow/.local/lib/python3.12/site-packages/airflow/example_dags/example_short_circuit_operator.py
[2026-08-03T20:39:47.916+0000] {processor.py:830} INFO - Processing file /home/airflow/.local/lib/python3.12/site-packages/airflow/example_dags/example_short_circuit_operator.py for tasks to queue
[2026-08-03T20:39:47.923+0000] {logging_mixin.py:188} INFO - [2026-08-03T20:39:47.921+0000] {dagbag.py:545} INFO - Filling up the DagBag from /home/airflow/.local/lib/python3.12/site-packages/airflow/example_dags/example_short_circuit_operator.py
[2026-08-03T20:39:48.019+0000] {processor.py:840} INFO - DAG(s) 'example_short_circuit_operator' retrieved from /home/airflow/.local/lib/python3.12/site-packages/airflow/example_dags/example_short_circuit_operator.py
[2026-08-03T20:39:48.150+0000] {logging_mixin.py:188} INFO - [2026-08-03T20:39:48.149+0000] {dag.py:3089} INFO - Sync 1 DAGs
[2026-08-03T20:39:48.314+0000] {logging_mixin.py:188} INFO - [2026-08-03T20:39:48.313+0000] {dag.py:3947} INFO - Setting next_dagrun for example_short_circuit_operator to 2026-08-02 00:00:00+00:00, run_after=2026-08-03 00:00:00+00:00
[2026-08-03T20:39:48.450+0000] {processor.py:183} INFO - Processing /home/airflow/.local/lib/python3.12/site-packages/airflow/example_dags/example_short_circuit_operator.py took 0.611 seconds
[2026-08-03T20:40:27.530+0000] {processor.py:161} INFO - Started process (PID=270) to work on /home/airflow/.local/lib/python3.12/site-packages/airflow/example_dags/example_short_circuit_operator.py
[2026-08-03T20:40:27.537+0000] {processor.py:830} INFO - Processing file /home/airflow/.local/lib/python3.12/site-packages/airflow/example_dags/example_short_circuit_operator.py for tasks to queue
[2026-08-03T20:40:27.545+0000] {logging_mixin.py:188} INFO - [2026-08-03T20:40:27.544+0000] {dagbag.py:545} INFO - Filling up the DagBag from /home/airflow/.local/lib/python3.12/site-packages/airflow/example_dags/example_short_circuit_operator.py
[2026-08-03T20:40:27.605+0000] {processor.py:840} INFO - DAG(s) 'example_short_circuit_operator' retrieved from /home/airflow/.local/lib/python3.12/site-packages/airflow/example_dags/example_short_circuit_operator.py
[2026-08-03T20:40:27.747+0000] {logging_mixin.py:188} INFO - [2026-08-03T20:40:27.746+0000] {dag.py:3089} INFO - Sync 1 DAGs
[2026-08-03T20:40:27.995+0000] {logging_mixin.py:188} INFO - [2026-08-03T20:40:27.988+0000] {dag.py:3947} INFO - Setting next_dagrun for example_short_circuit_operator to 2026-08-02 00:00:00+00:00, run_after=2026-08-03 00:00:00+00:00
[2026-08-03T20:40:28.113+0000] {processor.py:183} INFO - Processing /home/airflow/.local/lib/python3.12/site-packages/airflow/example_dags/example_short_circuit_operator.py took 0.600 seconds
[2026-08-03T20:41:00.631+0000] {processor.py:161} INFO - Started process (PID=342) to work on /home/airflow/.local/lib/python3.12/site-packages/airflow/example_dags/example_short_circuit_operator.py
[2026-08-03T20:41:00.657+0000] {processor.py:830} INFO - Processing file /home/airflow/.local/lib/python3.12/site-packages/airflow/example_dags/example_short_circuit_operator.py for tasks to queue
[2026-08-03T20:41:00.667+0000] {logging_mixin.py:188} INFO - [2026-08-03T20:41:00.666+0000] {dagbag.py:545} INFO - Filling up the DagBag from /home/airflow/.local/lib/python3.12/site-packages/airflow/example_dags/example_short_circuit_operator.py
[2026-08-03T20:41:00.782+0000] {processor.py:840} INFO - DAG(s) 'example_short_circuit_operator' retrieved from /home/airflow/.local/lib/python3.12/site-packages/airflow/example_dags/example_short_circuit_operator.py
[2026-08-03T20:41:00.938+0000] {logging_mixin.py:188} INFO - [2026-08-03T20:41:00.938+0000] {dag.py:3089} INFO - Sync 1 DAGs
[2026-08-03T20:41:01.238+0000] {logging_mixin.py:188} INFO - [2026-08-03T20:41:01.236+0000] {dag.py:3947} INFO - Setting next_dagrun for example_short_circuit_operator to 2026-08-02 00:00:00+00:00, run_after=2026-08-03 00:00:00+00:00
[2026-08-03T20:41:01.297+0000] {processor.py:183} INFO - Processing /home/airflow/.local/lib/python3.12/site-packages/airflow/example_dags/example_short_circuit_operator.py took 0.733 seconds
[2026-08-03T20:41:31.663+0000] {processor.py:161} INFO - Started process (PID=407) to work on /home/airflow/.local/lib/python3.12/site-packages/airflow/example_dags/example_short_circuit_operator.py
[2026-08-03T20:41:31.667+0000] {processor.py:830} INFO - Processing file /home/airflow/.local/lib/python3.12/site-packages/airflow/example_dags/example_short_circuit_operator.py for tasks to queue
[2026-08-03T20:41:31.674+0000] {logging_mixin.py:188} INFO - [2026-08-03T20:41:31.671+0000] {dagbag.py:545} INFO - Filling up the DagBag from /home/airflow/.local/lib/python3.12/site-packages/airflow/example_dags/example_short_circuit_operator.py
[2026-08-03T20:41:31.701+0000] {processor.py:840} INFO - DAG(s) 'example_short_circuit_operator' retrieved from /home/airflow/.local/lib/python3.12/site-packages/airflow/example_dags/example_short_circuit_operator.py
[2026-08-03T20:41:31.788+0000] {logging_mixin.py:188} INFO - [2026-08-03T20:41:31.787+0000] {dag.py:3089} INFO - Sync 1 DAGs
[2026-08-03T20:41:31.878+0000] {logging_mixin.py:188} INFO - [2026-08-03T20:41:31.876+0000] {dag.py:3947} INFO - Setting next_dagrun for example_short_circuit_operator to 2026-08-02 00:00:00+00:00, run_after=2026-08-03 00:00:00+00:00
[2026-08-03T20:41:31.969+0000] {processor.py:183} INFO - Processing /home/airflow/.local/lib/python3.12/site-packages/airflow/example_dags/example_short_circuit_operator.py took 0.326 seconds
[2026-08-03T20:42:19.568+0000] {processor.py:161} INFO - Started process (PID=486) to work on /home/airflow/.local/lib/python3.12/site-packages/airflow/example_dags/example_short_circuit_operator.py
[2026-08-03T20:42:19.592+0000] {processor.py:830} INFO - Processing file /home/airflow/.local/lib/python3.12/site-packages/airflow/example_dags/example_short_circuit_operator.py for tasks to queue
[2026-08-03T20:42:19.605+0000] {logging_mixin.py:188} INFO - [2026-08-03T20:42:19.604+0000] {dagbag.py:545} INFO - Filling up the DagBag from /home/airflow/.local/lib/python3.12/site-packages/airflow/example_dags/example_short_circuit_operator.py
[2026-08-03T20:42:20.076+0000] {processor.py:840} INFO - DAG(s) 'example_short_circuit_operator' retrieved from /home/airflow/.local/lib/python3.12/site-packages/airflow/example_dags/example_short_circuit_operator.py
[2026-08-03T20:42:21.155+0000] {logging_mixin.py:188} INFO - [2026-08-03T20:42:21.154+0000] {dag.py:3089} INFO - Sync 1 DAGs
[2026-08-03T20:42:21.465+0000] {logging_mixin.py:188} INFO - [2026-08-03T20:42:21.464+0000] {dag.py:3947} INFO - Setting next_dagrun for example_short_circuit_operator to 2026-08-02 00:00:00+00:00, run_after=2026-08-03 00:00:00+00:00
[2026-08-03T20:42:22.001+0000] {processor.py:183} INFO - Processing /home/airflow/.local/lib/python3.12/site-packages/airflow/example_dags/example_short_circuit_operator.py took 2.555 seconds
[2026-08-03T20:43:15.523+0000] {processor.py:161} INFO - Started process (PID=557) to work on /home/airflow/.local/lib/python3.12/site-packages/airflow/example_dags/example_short_circuit_operator.py
[2026-08-03T20:43:15.546+0000] {processor.py:830} INFO - Processing file /home/airflow/.local/lib/python3.12/site-packages/airflow/example_dags/example_short_circuit_operator.py for tasks to queue
[2026-08-03T20:43:15.551+0000] {logging_mixin.py:188} INFO - [2026-08-03T20:43:15.550+0000] {dagbag.py:545} INFO - Filling up the DagBag from /home/airflow/.local/lib/python3.12/site-packages/airflow/example_dags/example_short_circuit_operator.py
[2026-08-03T20:43:15.740+0000] {processor.py:840} INFO - DAG(s) 'example_short_circuit_operator' retrieved from /home/airflow/.local/lib/python3.12/site-packages/airflow/example_dags/example_short_circuit_operator.py
[2026-08-03T20:43:16.108+0000] {logging_mixin.py:188} INFO - [2026-08-03T20:43:16.107+0000] {dag.py:3089} INFO - Sync 1 DAGs
[2026-08-03T20:43:16.307+0000] {logging_mixin.py:188} INFO - [2026-08-03T20:43:16.306+0000] {dag.py:3947} INFO - Setting next_dagrun for example_short_circuit_operator to 2026-08-02 00:00:00+00:00, run_after=2026-08-03 00:00:00+00:00
[2026-08-03T20:43:16.619+0000] {processor.py:183} INFO - Processing /home/airflow/.local/lib/python3.12/site-packages/airflow/example_dags/example_short_circuit_operator.py took 1.202 seconds
[2026-08-03T20:43:54.114+0000] {processor.py:161} INFO - Started process (PID=624) to work on /home/airflow/.local/lib/python3.12/site-packages/airflow/example_dags/example_short_circuit_operator.py
[2026-08-03T20:43:54.118+0000] {processor.py:830} INFO - Processing file /home/airflow/.local/lib/python3.12/site-packages/airflow/example_dags/example_short_circuit_operator.py for tasks to queue
[2026-08-03T20:43:54.124+0000] {logging_mixin.py:188} INFO - [2026-08-03T20:43:54.122+0000] {dagbag.py:545} INFO - Filling up the DagBag from /home/airflow/.local/lib/python3.12/site-packages/airflow/example_dags/example_short_circuit_operator.py
[2026-08-03T20:43:54.202+0000] {processor.py:840} INFO - DAG(s) 'example_short_circuit_operator' retrieved from /home/airflow/.local/lib/python3.12/site-packages/airflow/example_dags/example_short_circuit_operator.py
[2026-08-03T20:43:54.371+0000] {logging_mixin.py:188} INFO - [2026-08-03T20:43:54.370+0000] {dag.py:3089} INFO - Sync 1 DAGs
[2026-08-03T20:43:54.462+0000] {logging_mixin.py:188} INFO - [2026-08-03T20:43:54.462+0000] {dag.py:3947} INFO - Setting next_dagrun for example_short_circuit_operator to 2026-08-02 00:00:00+00:00, run_after=2026-08-03 00:00:00+00:00
[2026-08-03T20:43:54.524+0000] {processor.py:183} INFO - Processing /home/airflow/.local/lib/python3.12/site-packages/airflow/example_dags/example_short_circuit_operator.py took 0.464 seconds
[2026-08-03T20:44:44.639+0000] {processor.py:161} INFO - Started process (PID=702) to work on /home/airflow/.local/lib/python3.12/site-packages/airflow/example_dags/example_short_circuit_operator.py
[2026-08-03T20:44:44.644+0000] {processor.py:830} INFO - Processing file /home/airflow/.local/lib/python3.12/site-packages/airflow/example_dags/example_short_circuit_operator.py for tasks to queue
[2026-08-03T20:44:44.664+0000] {logging_mixin.py:188} INFO - [2026-08-03T20:44:44.663+0000] {dagbag.py:545} INFO - Filling up the DagBag from /home/airflow/.local/lib/python3.12/site-packages/airflow/example_dags/example_short_circuit_operator.py
[2026-08-03T20:44:44.734+0000] {processor.py:840} INFO - DAG(s) 'example_short_circuit_operator' retrieved from /home/airflow/.local/lib/python3.12/site-packages/airflow/example_dags/example_short_circuit_operator.py
[2026-08-03T20:44:44.979+0000] {logging_mixin.py:188} INFO - [2026-08-03T20:44:44.978+0000] {dag.py:3089} INFO - Sync 1 DAGs
[2026-08-03T20:44:45.131+0000] {logging_mixin.py:188} INFO - [2026-08-03T20:44:45.131+0000] {dag.py:3947} INFO - Setting next_dagrun for example_short_circuit_operator to 2026-08-02 00:00:00+00:00, run_after=2026-08-03 00:00:00+00:00
[2026-08-03T20:44:45.450+0000] {processor.py:183} INFO - Processing /home/airflow/.local/lib/python3.12/site-packages/airflow/example_dags/example_short_circuit_operator.py took 0.837 seconds
[2026-08-03T20:45:33.281+0000] {processor.py:161} INFO - Started process (PID=777) to work on /home/airflow/.local/lib/python3.12/site-packages/airflow/example_dags/example_short_circuit_operator.py
[2026-08-03T20:45:33.346+0000] {processor.py:830} INFO - Processing file /home/airflow/.local/lib/python3.12/site-packages/airflow/example_dags/example_short_circuit_operator.py for tasks to queue
[2026-08-03T20:45:33.352+0000] {logging_mixin.py:188} INFO - [2026-08-03T20:45:33.351+0000] {dagbag.py:545} INFO - Filling up the DagBag from /home/airflow/.local/lib/python3.12/site-packages/airflow/example_dags/example_short_circuit_operator.py
[2026-08-03T20:45:33.459+0000] {processor.py:840} INFO - DAG(s) 'example_short_circuit_operator' retrieved from /home/airflow/.local/lib/python3.12/site-packages/airflow/example_dags/example_short_circuit_operator.py
[2026-08-03T20:45:33.747+0000] {logging_mixin.py:188} INFO - [2026-08-03T20:45:33.746+0000] {dag.py:3089} INFO - Sync 1 DAGs
[2026-08-03T20:45:33.928+0000] {logging_mixin.py:188} INFO - [2026-08-03T20:45:33.927+0000] {dag.py:3947} INFO - Setting next_dagrun for example_short_circuit_operator to 2026-08-02 00:00:00+00:00, run_after=2026-08-03 00:00:00+00:00
[2026-08-03T20:45:34.079+0000] {processor.py:183} INFO - Processing /home/airflow/.local/lib/python3.12/site-packages/airflow/example_dags/example_short_circuit_operator.py took 0.870 seconds
[2026-08-03T20:46:17.643+0000] {processor.py:161} INFO - Started process (PID=851) to work on /home/airflow/.local/lib/python3.12/site-packages/airflow/example_dags/example_short_circuit_operator.py
[2026-08-03T20:46:17.647+0000] {processor.py:830} INFO - Processing file /home/airflow/.local/lib/python3.12/site-packages/airflow/example_dags/example_short_circuit_operator.py for tasks to queue
[2026-08-03T20:46:17.651+0000] {logging_mixin.py:188} INFO - [2026-08-03T20:46:17.649+0000] {dagbag.py:545} INFO - Filling up the DagBag from /home/airflow/.local/lib/python3.12/site-packages/airflow/example_dags/example_short_circuit_operator.py
[2026-08-03T20:46:17.679+0000] {processor.py:840} INFO - DAG(s) 'example_short_circuit_operator' retrieved from /home/airflow/.local/lib/python3.12/site-packages/airflow/example_dags/example_short_circuit_operator.py
[2026-08-03T20:46:17.762+0000] {logging_mixin.py:188} INFO - [2026-08-03T20:46:17.762+0000] {dag.py:3089} INFO - Sync 1 DAGs
[2026-08-03T20:46:17.853+0000] {logging_mixin.py:188} INFO - [2026-08-03T20:46:17.852+0000] {dag.py:3947} INFO - Setting next_dagrun for example_short_circuit_operator to 2026-08-02 00:00:00+00:00, run_after=2026-08-03 00:00:00+00:00
[2026-08-03T20:46:18.006+0000] {processor.py:183} INFO - Processing /home/airflow/.local/lib/python3.12/site-packages/airflow/example_dags/example_short_circuit_operator.py took 0.390 seconds
[2026-08-03T20:46:55.630+0000] {processor.py:161} INFO - Started process (PID=928) to work on /home/airflow/.local/lib/python3.12/site-packages/airflow/example_dags/example_short_circuit_operator.py
[2026-08-03T20:46:55.637+0000] {processor.py:830} INFO - Processing file /home/airflow/.local/lib/python3.12/site-packages/airflow/example_dags/example_short_circuit_operator.py for tasks to queue
[2026-08-03T20:46:55.660+0000] {logging_mixin.py:188} INFO - [2026-08-03T20:46:55.659+0000] {dagbag.py:545} INFO - Filling up the DagBag from /home/airflow/.local/lib/python3.12/site-packages/airflow/example_dags/example_short_circuit_operator.py
[2026-08-03T20:46:55.744+0000] {processor.py:840} INFO - DAG(s) 'example_short_circuit_operator' retrieved from /home/airflow/.local/lib/python3.12/site-packages/airflow/example_dags/example_short_circuit_operator.py
[2026-08-03T20:46:55.884+0000] {logging_mixin.py:188} INFO - [2026-08-03T20:46:55.883+0000] {dag.py:3089} INFO - Sync 1 DAGs
[2026-08-03T20:46:56.101+0000] {logging_mixin.py:188} INFO - [2026-08-03T20:46:56.100+0000] {dag.py:3947} INFO - Setting next_dagrun for example_short_circuit_operator to 2026-08-02 00:00:00+00:00, run_after=2026-08-03 00:00:00+00:00
[2026-08-03T20:46:56.213+0000] {processor.py:183} INFO - Processing /home/airflow/.local/lib/python3.12/site-packages/airflow/example_dags/example_short_circuit_operator.py took 0.612 seconds
[2026-08-03T20:47:35.329+0000] {processor.py:161} INFO - Started process (PID=1003) to work on /home/airflow/.local/lib/python3.12/site-packages/airflow/example_dags/example_short_circuit_operator.py
[2026-08-03T20:47:35.334+0000] {processor.py:830} INFO - Processing file /home/airflow/.local/lib/python3.12/site-packages/airflow/example_dags/example_short_circuit_operator.py for tasks to queue
[2026-08-03T20:47:35.338+0000] {logging_mixin.py:188} INFO - [2026-08-03T20:47:35.337+0000] {dagbag.py:545} INFO - Filling up the DagBag from /home/airflow/.local/lib/python3.12/site-packages/airflow/example_dags/example_short_circuit_operator.py
[2026-08-03T20:47:35.370+0000] {processor.py:840} INFO - DAG(s) 'example_short_circuit_operator' retrieved from /home/airflow/.local/lib/python3.12/site-packages/airflow/example_dags/example_short_circuit_operator.py
[2026-08-03T20:47:35.444+0000] {logging_mixin.py:188} INFO - [2026-08-03T20:47:35.444+0000] {dag.py:3089} INFO - Sync 1 DAGs
[2026-08-03T20:47:35.519+0000] {logging_mixin.py:188} INFO - [2026-08-03T20:47:35.519+0000] {dag.py:3947} INFO - Setting next_dagrun for example_short_circuit_operator to 2026-08-02 00:00:00+00:00, run_after=2026-08-03 00:00:00+00:00
[2026-08-03T20:47:35.575+0000] {processor.py:183} INFO - Processing /home/airflow/.local/lib/python3.12/site-packages/airflow/example_dags/example_short_circuit_operator.py took 0.265 seconds
