[2026-08-03T20:39:01.291+0000] {processor.py:161} INFO - Started process (PID=150) to work on /home/airflow/.local/lib/python3.12/site-packages/airflow/example_dags/example_branch_datetime_operator.py
[2026-08-03T20:39:01.323+0000] {processor.py:830} INFO - Processing file /home/airflow/.local/lib/python3.12/site-packages/airflow/example_dags/example_branch_datetime_operator.py for tasks to queue
[2026-08-03T20:39:01.349+0000] {logging_mixin.py:188} INFO - [2026-08-03T20:39:01.334+0000] {dagbag.py:545} INFO - Filling up the DagBag from /home/airflow/.local/lib/python3.12/site-packages/airflow/example_dags/example_branch_datetime_operator.py
[2026-08-03T20:39:01.469+0000] {processor.py:840} INFO - DAG(s) 'example_branch_datetime_operator_3', 'example_branch_datetime_operator_2', 'example_branch_datetime_operator' retrieved from /home/airflow/.local/lib/python3.12/site-packages/airflow/example_dags/example_branch_datetime_operator.py
[2026-08-03T20:39:02.618+0000] {logging_mixin.py:188} INFO - [2026-08-03T20:39:02.617+0000] {dag.py:3089} INFO - Sync 3 DAGs
[2026-08-03T20:39:02.792+0000] {logging_mixin.py:188} INFO - [2026-08-03T20:39:02.787+0000] {dag.py:3947} INFO - Setting next_dagrun for example_branch_datetime_operator to 2026-08-02 00:00:00+00:00, run_after=2026-08-03 00:00:00+00:00
[2026-08-03T20:39:03.067+0000] {logging_mixin.py:188} INFO - [2026-08-03T20:39:03.066+0000] {dag.py:3947} INFO - Setting next_dagrun for example_branch_datetime_operator_2 to 2026-08-02 00:00:00+00:00, run_after=2026-08-03 00:00:00+00:00
[2026-08-03T20:39:03.128+0000] {logging_mixin.py:188} INFO - [2026-08-03T20:39:03.127+0000] {dag.py:3947} INFO - Setting next_dagrun for example_branch_datetime_operator_3 to 2026-08-02 00:00:00+00:00, run_after=2026-08-03 00:00:00+00:00
[2026-08-03T20:39:03.339+0000] {processor.py:183} INFO - Processing /home/airflow/.local/lib/python3.12/site-packages/airflow/example_dags/example_branch_datetime_operator.py took 2.159 seconds
[2026-08-03T20:40:03.547+0000] {processor.py:161} INFO - Started process (PID=232) to work on /home/airflow/.local/lib/python3.12/site-packages/airflow/example_dags/example_branch_datetime_operator.py
[2026-08-03T20:40:03.563+0000] {processor.py:830} INFO - Processing file /home/airflow/.local/lib/python3.12/site-packages/airflow/example_dags/example_branch_datetime_operator.py for tasks to queue
[2026-08-03T20:40:03.568+0000] {logging_mixin.py:188} INFO - [2026-08-03T20:40:03.567+0000] {dagbag.py:545} INFO - Filling up the DagBag from /home/airflow/.local/lib/python3.12/site-packages/airflow/example_dags/example_branch_datetime_operator.py
[2026-08-03T20:40:03.607+0000] {processor.py:840} INFO - DAG(s) 'example_branch_datetime_operator_2', 'example_branch_datetime_operator_3', 'example_branch_datetime_operator' retrieved from /home/airflow/.local/lib/python3.12/site-packages/airflow/example_dags/example_branch_datetime_operator.py
[2026-08-03T20:40:03.785+0000] {logging_mixin.py:188} INFO - [2026-08-03T20:40:03.784+0000] {dag.py:3089} INFO - Sync 3 DAGs
[2026-08-03T20:40:04.197+0000] {logging_mixin.py:188} INFO - [2026-08-03T20:40:04.196+0000] {dag.py:3947} INFO - Setting next_dagrun for example_branch_datetime_operator to 2026-08-02 00:00:00+00:00, run_after=2026-08-03 00:00:00+00:00
[2026-08-03T20:40:04.247+0000] {logging_mixin.py:188} INFO - [2026-08-03T20:40:04.247+0000] {dag.py:3947} INFO - Setting next_dagrun for example_branch_datetime_operator_2 to 2026-08-02 00:00:00+00:00, run_after=2026-08-03 00:00:00+00:00
[2026-08-03T20:40:04.283+0000] {logging_mixin.py:188} INFO - [2026-08-03T20:40:04.271+0000] {dag.py:3947} INFO - Setting next_dagrun for example_branch_datetime_operator_3 to 2026-08-02 00:00:00+00:00, run_after=2026-08-03 00:00:00+00:00
[2026-08-03T20:40:04.474+0000] {processor.py:183} INFO - Processing /home/airflow/.local/lib/python3.12/site-packages/airflow/example_dags/example_branch_datetime_operator.py took 0.952 seconds
[2026-08-03T20:40:37.445+0000] {processor.py:161} INFO - Started process (PID=305) to work on /home/airflow/.local/lib/python3.12/site-packages/airflow/example_dags/example_branch_datetime_operator.py
[2026-08-03T20:40:37.460+0000] {processor.py:830} INFO - Processing file /home/airflow/.local/lib/python3.12/site-packages/airflow/example_dags/example_branch_datetime_operator.py for tasks to queue
[2026-08-03T20:40:37.466+0000] {logging_mixin.py:188} INFO - [2026-08-03T20:40:37.465+0000] {dagbag.py:545} INFO - Filling up the DagBag from /home/airflow/.local/lib/python3.12/site-packages/airflow/example_dags/example_branch_datetime_operator.py
[2026-08-03T20:40:37.499+0000] {processor.py:840} INFO - DAG(s) 'example_branch_datetime_operator_2', 'example_branch_datetime_operator_3', 'example_branch_datetime_operator' retrieved from /home/airflow/.local/lib/python3.12/site-packages/airflow/example_dags/example_branch_datetime_operator.py
[2026-08-03T20:40:37.593+0000] {logging_mixin.py:188} INFO - [2026-08-03T20:40:37.592+0000] {dag.py:3089} INFO - Sync 3 DAGs
[2026-08-03T20:40:37.719+0000] {logging_mixin.py:188} INFO - [2026-08-03T20:40:37.719+0000] {dag.py:3947} INFO - Setting next_dagrun for example_branch_datetime_operator to 2026-08-02 00:00:00+00:00, run_after=2026-08-03 00:00:00+00:00
[2026-08-03T20:40:37.745+0000] {logging_mixin.py:188} INFO - [2026-08-03T20:40:37.745+0000] {dag.py:3947} INFO - Setting next_dagrun for example_branch_datetime_operator_2 to 2026-08-02 00:00:00+00:00, run_after=2026-08-03 00:00:00+00:00
[2026-08-03T20:40:37.758+0000] {logging_mixin.py:188} INFO - [2026-08-03T20:40:37.758+0000] {dag.py:3947} INFO - Setting next_dagrun for example_branch_datetime_operator_3 to 2026-08-02 00:00:00+00:00, run_after=2026-08-03 00:00:00+00:00
[2026-08-03T20:40:37.808+0000] {processor.py:183} INFO - Processing /home/airflow/.local/lib/python3.12/site-packages/airflow/example_dags/example_branch_datetime_operator.py took 0.428 seconds
[2026-08-03T20:41:13.298+0000] {processor.py:161} INFO - Started process (PID=377) to work on /home/airflow/.local/lib/python3.12/site-packages/airflow/example_dags/example_branch_datetime_operator.py
[2026-08-03T20:41:13.302+0000] {processor.py:830} INFO - Processing file /home/airflow/.local/lib/python3.12/site-packages/airflow/example_dags/example_branch_datetime_operator.py for tasks to queue
[2026-08-03T20:41:13.308+0000] {logging_mixin.py:188} INFO - [2026-08-03T20:41:13.306+0000] {dagbag.py:545} INFO - Filling up the DagBag from /home/airflow/.local/lib/python3.12/site-packages/airflow/example_dags/example_branch_datetime_operator.py
[2026-08-03T20:41:13.353+0000] {processor.py:840} INFO - DAG(s) 'example_branch_datetime_operator_2', 'example_branch_datetime_operator', 'example_branch_datetime_operator_3' retrieved from /home/airflow/.local/lib/python3.12/site-packages/airflow/example_dags/example_branch_datetime_operator.py
[2026-08-03T20:41:13.519+0000] {logging_mixin.py:188} INFO - [2026-08-03T20:41:13.518+0000] {dag.py:3089} INFO - Sync 3 DAGs
[2026-08-03T20:41:13.650+0000] {logging_mixin.py:188} INFO - [2026-08-03T20:41:13.649+0000] {dag.py:3947} INFO - Setting next_dagrun for example_branch_datetime_operator to 2026-08-02 00:00:00+00:00, run_after=2026-08-03 00:00:00+00:00
[2026-08-03T20:41:13.666+0000] {logging_mixin.py:188} INFO - [2026-08-03T20:41:13.666+0000] {dag.py:3947} INFO - Setting next_dagrun for example_branch_datetime_operator_2 to 2026-08-02 00:00:00+00:00, run_after=2026-08-03 00:00:00+00:00
[2026-08-03T20:41:13.674+0000] {logging_mixin.py:188} INFO - [2026-08-03T20:41:13.673+0000] {dag.py:3947} INFO - Setting next_dagrun for example_branch_datetime_operator_3 to 2026-08-02 00:00:00+00:00, run_after=2026-08-03 00:00:00+00:00
[2026-08-03T20:41:13.739+0000] {processor.py:183} INFO - Processing /home/airflow/.local/lib/python3.12/site-packages/airflow/example_dags/example_branch_datetime_operator.py took 0.461 seconds
[2026-08-03T20:41:48.661+0000] {processor.py:161} INFO - Started process (PID=442) to work on /home/airflow/.local/lib/python3.12/site-packages/airflow/example_dags/example_branch_datetime_operator.py
[2026-08-03T20:41:48.667+0000] {processor.py:830} INFO - Processing file /home/airflow/.local/lib/python3.12/site-packages/airflow/example_dags/example_branch_datetime_operator.py for tasks to queue
[2026-08-03T20:41:48.671+0000] {logging_mixin.py:188} INFO - [2026-08-03T20:41:48.670+0000] {dagbag.py:545} INFO - Filling up the DagBag from /home/airflow/.local/lib/python3.12/site-packages/airflow/example_dags/example_branch_datetime_operator.py
[2026-08-03T20:41:48.700+0000] {processor.py:840} INFO - DAG(s) 'example_branch_datetime_operator_3', 'example_branch_datetime_operator', 'example_branch_datetime_operator_2' retrieved from /home/airflow/.local/lib/python3.12/site-packages/airflow/example_dags/example_branch_datetime_operator.py
[2026-08-03T20:41:48.782+0000] {logging_mixin.py:188} INFO - [2026-08-03T20:41:48.781+0000] {dag.py:3089} INFO - Sync 3 DAGs
[2026-08-03T20:41:48.852+0000] {logging_mixin.py:188} INFO - [2026-08-03T20:41:48.852+0000] {dag.py:3947} INFO - Setting next_dagrun for example_branch_datetime_operator to 2026-08-02 00:00:00+00:00, run_after=2026-08-03 00:00:00+00:00
[2026-08-03T20:41:48.865+0000] {logging_mixin.py:188} INFO - [2026-08-03T20:41:48.865+0000] {dag.py:3947} INFO - Setting next_dagrun for example_branch_datetime_operator_2 to 2026-08-02 00:00:00+00:00, run_after=2026-08-03 00:00:00+00:00
[2026-08-03T20:41:48.873+0000] {logging_mixin.py:188} INFO - [2026-08-03T20:41:48.872+0000] {dag.py:3947} INFO - Setting next_dagrun for example_branch_datetime_operator_3 to 2026-08-02 00:00:00+00:00, run_after=2026-08-03 00:00:00+00:00
[2026-08-03T20:41:48.920+0000] {processor.py:183} INFO - Processing /home/airflow/.local/lib/python3.12/site-packages/airflow/example_dags/example_branch_datetime_operator.py took 0.281 seconds
[2026-08-03T20:42:54.704+0000] {processor.py:161} INFO - Started process (PID=528) to work on /home/airflow/.local/lib/python3.12/site-packages/airflow/example_dags/example_branch_datetime_operator.py
[2026-08-03T20:42:54.742+0000] {processor.py:830} INFO - Processing file /home/airflow/.local/lib/python3.12/site-packages/airflow/example_dags/example_branch_datetime_operator.py for tasks to queue
[2026-08-03T20:42:54.756+0000] {logging_mixin.py:188} INFO - [2026-08-03T20:42:54.746+0000] {dagbag.py:545} INFO - Filling up the DagBag from /home/airflow/.local/lib/python3.12/site-packages/airflow/example_dags/example_branch_datetime_operator.py
[2026-08-03T20:42:54.908+0000] {processor.py:840} INFO - DAG(s) 'example_branch_datetime_operator_2', 'example_branch_datetime_operator', 'example_branch_datetime_operator_3' retrieved from /home/airflow/.local/lib/python3.12/site-packages/airflow/example_dags/example_branch_datetime_operator.py
[2026-08-03T20:42:55.334+0000] {logging_mixin.py:188} INFO - [2026-08-03T20:42:55.333+0000] {dag.py:3089} INFO - Sync 3 DAGs
[2026-08-03T20:42:55.605+0000] {logging_mixin.py:188} INFO - [2026-08-03T20:42:55.591+0000] {dag.py:3947} INFO - Setting next_dagrun for example_branch_datetime_operator to 2026-08-02 00:00:00+00:00, run_after=2026-08-03 00:00:00+00:00
[2026-08-03T20:42:55.704+0000] {logging_mixin.py:188} INFO - [2026-08-03T20:42:55.703+0000] {dag.py:3947} INFO - Setting next_dagrun for example_branch_datetime_operator_2 to 2026-08-02 00:00:00+00:00, run_after=2026-08-03 00:00:00+00:00
[2026-08-03T20:42:55.850+0000] {logging_mixin.py:188} INFO - [2026-08-03T20:42:55.850+0000] {dag.py:3947} INFO - Setting next_dagrun for example_branch_datetime_operator_3 to 2026-08-02 00:00:00+00:00, run_after=2026-08-03 00:00:00+00:00
[2026-08-03T20:42:56.159+0000] {processor.py:183} INFO - Processing /home/airflow/.local/lib/python3.12/site-packages/airflow/example_dags/example_branch_datetime_operator.py took 1.586 seconds
[2026-08-03T20:43:34.591+0000] {processor.py:161} INFO - Started process (PID=595) to work on /home/airflow/.local/lib/python3.12/site-packages/airflow/example_dags/example_branch_datetime_operator.py
[2026-08-03T20:43:34.595+0000] {processor.py:830} INFO - Processing file /home/airflow/.local/lib/python3.12/site-packages/airflow/example_dags/example_branch_datetime_operator.py for tasks to queue
[2026-08-03T20:43:34.599+0000] {logging_mixin.py:188} INFO - [2026-08-03T20:43:34.598+0000] {dagbag.py:545} INFO - Filling up the DagBag from /home/airflow/.local/lib/python3.12/site-packages/airflow/example_dags/example_branch_datetime_operator.py
[2026-08-03T20:43:34.642+0000] {processor.py:840} INFO - DAG(s) 'example_branch_datetime_operator', 'example_branch_datetime_operator_2', 'example_branch_datetime_operator_3' retrieved from /home/airflow/.local/lib/python3.12/site-packages/airflow/example_dags/example_branch_datetime_operator.py
[2026-08-03T20:43:34.757+0000] {logging_mixin.py:188} INFO - [2026-08-03T20:43:34.756+0000] {dag.py:3089} INFO - Sync 3 DAGs
[2026-08-03T20:43:34.854+0000] {logging_mixin.py:188} INFO - [2026-08-03T20:43:34.853+0000] {dag.py:3947} INFO - Setting next_dagrun for example_branch_datetime_operator to 2026-08-02 00:00:00+00:00, run_after=2026-08-03 00:00:00+00:00
[2026-08-03T20:43:34.873+0000] {logging_mixin.py:188} INFO - [2026-08-03T20:43:34.872+0000] {dag.py:3947} INFO - Setting next_dagrun for example_branch_datetime_operator_2 to 2026-08-02 00:00:00+00:00, run_after=2026-08-03 00:00:00+00:00
[2026-08-03T20:43:34.881+0000] {logging_mixin.py:188} INFO - [2026-08-03T20:43:34.880+0000] {dag.py:3947} INFO - Setting next_dagrun for example_branch_datetime_operator_3 to 2026-08-02 00:00:00+00:00, run_after=2026-08-03 00:00:00+00:00
[2026-08-03T20:43:34.950+0000] {processor.py:183} INFO - Processing /home/airflow/.local/lib/python3.12/site-packages/airflow/example_dags/example_branch_datetime_operator.py took 0.379 seconds
[2026-08-03T20:44:26.039+0000] {processor.py:161} INFO - Started process (PID=673) to work on /home/airflow/.local/lib/python3.12/site-packages/airflow/example_dags/example_branch_datetime_operator.py
[2026-08-03T20:44:26.057+0000] {processor.py:830} INFO - Processing file /home/airflow/.local/lib/python3.12/site-packages/airflow/example_dags/example_branch_datetime_operator.py for tasks to queue
[2026-08-03T20:44:26.070+0000] {logging_mixin.py:188} INFO - [2026-08-03T20:44:26.062+0000] {dagbag.py:545} INFO - Filling up the DagBag from /home/airflow/.local/lib/python3.12/site-packages/airflow/example_dags/example_branch_datetime_operator.py
[2026-08-03T20:44:26.346+0000] {processor.py:840} INFO - DAG(s) 'example_branch_datetime_operator_3', 'example_branch_datetime_operator', 'example_branch_datetime_operator_2' retrieved from /home/airflow/.local/lib/python3.12/site-packages/airflow/example_dags/example_branch_datetime_operator.py
[2026-08-03T20:44:27.451+0000] {logging_mixin.py:188} INFO - [2026-08-03T20:44:27.450+0000] {dag.py:3089} INFO - Sync 3 DAGs
[2026-08-03T20:44:27.829+0000] {logging_mixin.py:188} INFO - [2026-08-03T20:44:27.828+0000] {dag.py:3947} INFO - Setting next_dagrun for example_branch_datetime_operator to 2026-08-02 00:00:00+00:00, run_after=2026-08-03 00:00:00+00:00
[2026-08-03T20:44:27.919+0000] {logging_mixin.py:188} INFO - [2026-08-03T20:44:27.918+0000] {dag.py:3947} INFO - Setting next_dagrun for example_branch_datetime_operator_2 to 2026-08-02 00:00:00+00:00, run_after=2026-08-03 00:00:00+00:00
[2026-08-03T20:44:27.948+0000] {logging_mixin.py:188} INFO - [2026-08-03T20:44:27.947+0000] {dag.py:3947} INFO - Setting next_dagrun for example_branch_datetime_operator_3 to 2026-08-02 00:00:00+00:00, run_after=2026-08-03 00:00:00+00:00
[2026-08-03T20:44:28.127+0000] {processor.py:183} INFO - Processing /home/airflow/.local/lib/python3.12/site-packages/airflow/example_dags/example_branch_datetime_operator.py took 2.113 seconds
[2026-08-03T20:45:12.914+0000] {processor.py:161} INFO - Started process (PID=746) to work on /home/airflow/.local/lib/python3.12/site-packages/airflow/example_dags/example_branch_datetime_operator.py
[2026-08-03T20:45:12.922+0000] {processor.py:830} INFO - Processing file /home/airflow/.local/lib/python3.12/site-packages/airflow/example_dags/example_branch_datetime_operator.py for tasks to queue
[2026-08-03T20:45:12.930+0000] {logging_mixin.py:188} INFO - [2026-08-03T20:45:12.928+0000] {dagbag.py:545} INFO - Filling up the DagBag from /home/airflow/.local/lib/python3.12/site-packages/airflow/example_dags/example_branch_datetime_operator.py
[2026-08-03T20:45:12.974+0000] {processor.py:840} INFO - DAG(s) 'example_branch_datetime_operator_2', 'example_branch_datetime_operator', 'example_branch_datetime_operator_3' retrieved from /home/airflow/.local/lib/python3.12/site-packages/airflow/example_dags/example_branch_datetime_operator.py
[2026-08-03T20:45:13.072+0000] {logging_mixin.py:188} INFO - [2026-08-03T20:45:13.067+0000] {dag.py:3089} INFO - Sync 3 DAGs
[2026-08-03T20:45:13.226+0000] {logging_mixin.py:188} INFO - [2026-08-03T20:45:13.225+0000] {dag.py:3947} INFO - Setting next_dagrun for example_branch_datetime_operator to 2026-08-02 00:00:00+00:00, run_after=2026-08-03 00:00:00+00:00
[2026-08-03T20:45:13.271+0000] {logging_mixin.py:188} INFO - [2026-08-03T20:45:13.271+0000] {dag.py:3947} INFO - Setting next_dagrun for example_branch_datetime_operator_2 to 2026-08-02 00:00:00+00:00, run_after=2026-08-03 00:00:00+00:00
[2026-08-03T20:45:13.290+0000] {logging_mixin.py:188} INFO - [2026-08-03T20:45:13.289+0000] {dag.py:3947} INFO - Setting next_dagrun for example_branch_datetime_operator_3 to 2026-08-02 00:00:00+00:00, run_after=2026-08-03 00:00:00+00:00
[2026-08-03T20:45:13.390+0000] {processor.py:183} INFO - Processing /home/airflow/.local/lib/python3.12/site-packages/airflow/example_dags/example_branch_datetime_operator.py took 0.558 seconds
[2026-08-03T20:45:54.239+0000] {processor.py:161} INFO - Started process (PID=817) to work on /home/airflow/.local/lib/python3.12/site-packages/airflow/example_dags/example_branch_datetime_operator.py
[2026-08-03T20:45:54.248+0000] {processor.py:830} INFO - Processing file /home/airflow/.local/lib/python3.12/site-packages/airflow/example_dags/example_branch_datetime_operator.py for tasks to queue
[2026-08-03T20:45:54.252+0000] {logging_mixin.py:188} INFO - [2026-08-03T20:45:54.251+0000] {dagbag.py:545} INFO - Filling up the DagBag from /home/airflow/.local/lib/python3.12/site-packages/airflow/example_dags/example_branch_datetime_operator.py
[2026-08-03T20:45:54.287+0000] {processor.py:840} INFO - DAG(s) 'example_branch_datetime_operator_2', 'example_branch_datetime_operator_3', 'example_branch_datetime_operator' retrieved from /home/airflow/.local/lib/python3.12/site-packages/airflow/example_dags/example_branch_datetime_operator.py
[2026-08-03T20:45:54.390+0000] {logging_mixin.py:188} INFO - [2026-08-03T20:45:54.389+0000] {dag.py:3089} INFO - Sync 3 DAGs
[2026-08-03T20:45:54.494+0000] {logging_mixin.py:188} INFO - [2026-08-03T20:45:54.493+0000] {dag.py:3947} INFO - Setting next_dagrun for example_branch_datetime_operator to 2026-08-02 00:00:00+00:00, run_after=2026-08-03 00:00:00+00:00
[2026-08-03T20:45:54.513+0000] {logging_mixin.py:188} INFO - [2026-08-03T20:45:54.513+0000] {dag.py:3947} INFO - Setting next_dagrun for example_branch_datetime_operator_2 to 2026-08-02 00:00:00+00:00, run_after=2026-08-03 00:00:00+00:00
[2026-08-03T20:45:54.525+0000] {logging_mixin.py:188} INFO - [2026-08-03T20:45:54.525+0000] {dag.py:3947} INFO - Setting next_dagrun for example_branch_datetime_operator_3 to 2026-08-02 00:00:00+00:00, run_after=2026-08-03 00:00:00+00:00
[2026-08-03T20:45:54.653+0000] {processor.py:183} INFO - Processing /home/airflow/.local/lib/python3.12/site-packages/airflow/example_dags/example_branch_datetime_operator.py took 0.436 seconds
[2026-08-03T20:46:39.417+0000] {processor.py:161} INFO - Started process (PID=903) to work on /home/airflow/.local/lib/python3.12/site-packages/airflow/example_dags/example_branch_datetime_operator.py
[2026-08-03T20:46:39.423+0000] {processor.py:830} INFO - Processing file /home/airflow/.local/lib/python3.12/site-packages/airflow/example_dags/example_branch_datetime_operator.py for tasks to queue
[2026-08-03T20:46:39.436+0000] {logging_mixin.py:188} INFO - [2026-08-03T20:46:39.432+0000] {dagbag.py:545} INFO - Filling up the DagBag from /home/airflow/.local/lib/python3.12/site-packages/airflow/example_dags/example_branch_datetime_operator.py
[2026-08-03T20:46:39.488+0000] {processor.py:840} INFO - DAG(s) 'example_branch_datetime_operator_3', 'example_branch_datetime_operator_2', 'example_branch_datetime_operator' retrieved from /home/airflow/.local/lib/python3.12/site-packages/airflow/example_dags/example_branch_datetime_operator.py
[2026-08-03T20:46:39.598+0000] {logging_mixin.py:188} INFO - [2026-08-03T20:46:39.597+0000] {dag.py:3089} INFO - Sync 3 DAGs
[2026-08-03T20:46:39.685+0000] {logging_mixin.py:188} INFO - [2026-08-03T20:46:39.684+0000] {dag.py:3947} INFO - Setting next_dagrun for example_branch_datetime_operator to 2026-08-02 00:00:00+00:00, run_after=2026-08-03 00:00:00+00:00
[2026-08-03T20:46:39.805+0000] {logging_mixin.py:188} INFO - [2026-08-03T20:46:39.796+0000] {dag.py:3947} INFO - Setting next_dagrun for example_branch_datetime_operator_2 to 2026-08-02 00:00:00+00:00, run_after=2026-08-03 00:00:00+00:00
[2026-08-03T20:46:39.856+0000] {logging_mixin.py:188} INFO - [2026-08-03T20:46:39.855+0000] {dag.py:3947} INFO - Setting next_dagrun for example_branch_datetime_operator_3 to 2026-08-02 00:00:00+00:00, run_after=2026-08-03 00:00:00+00:00
[2026-08-03T20:46:39.970+0000] {processor.py:183} INFO - Processing /home/airflow/.local/lib/python3.12/site-packages/airflow/example_dags/example_branch_datetime_operator.py took 0.578 seconds
[2026-08-03T20:47:17.148+0000] {processor.py:161} INFO - Started process (PID=970) to work on /home/airflow/.local/lib/python3.12/site-packages/airflow/example_dags/example_branch_datetime_operator.py
[2026-08-03T20:47:17.152+0000] {processor.py:830} INFO - Processing file /home/airflow/.local/lib/python3.12/site-packages/airflow/example_dags/example_branch_datetime_operator.py for tasks to queue
[2026-08-03T20:47:17.160+0000] {logging_mixin.py:188} INFO - [2026-08-03T20:47:17.158+0000] {dagbag.py:545} INFO - Filling up the DagBag from /home/airflow/.local/lib/python3.12/site-packages/airflow/example_dags/example_branch_datetime_operator.py
[2026-08-03T20:47:17.218+0000] {processor.py:840} INFO - DAG(s) 'example_branch_datetime_operator', 'example_branch_datetime_operator_3', 'example_branch_datetime_operator_2' retrieved from /home/airflow/.local/lib/python3.12/site-packages/airflow/example_dags/example_branch_datetime_operator.py
[2026-08-03T20:47:17.381+0000] {logging_mixin.py:188} INFO - [2026-08-03T20:47:17.380+0000] {dag.py:3089} INFO - Sync 3 DAGs
[2026-08-03T20:47:17.582+0000] {logging_mixin.py:188} INFO - [2026-08-03T20:47:17.581+0000] {dag.py:3947} INFO - Setting next_dagrun for example_branch_datetime_operator to 2026-08-02 00:00:00+00:00, run_after=2026-08-03 00:00:00+00:00
[2026-08-03T20:47:17.631+0000] {logging_mixin.py:188} INFO - [2026-08-03T20:47:17.630+0000] {dag.py:3947} INFO - Setting next_dagrun for example_branch_datetime_operator_2 to 2026-08-02 00:00:00+00:00, run_after=2026-08-03 00:00:00+00:00
[2026-08-03T20:47:17.645+0000] {logging_mixin.py:188} INFO - [2026-08-03T20:47:17.644+0000] {dag.py:3947} INFO - Setting next_dagrun for example_branch_datetime_operator_3 to 2026-08-02 00:00:00+00:00, run_after=2026-08-03 00:00:00+00:00
[2026-08-03T20:47:17.798+0000] {processor.py:183} INFO - Processing /home/airflow/.local/lib/python3.12/site-packages/airflow/example_dags/example_branch_datetime_operator.py took 0.672 seconds
