[2026-08-03T20:38:54.338+0000] {processor.py:161} INFO - Started process (PID=145) to work on /home/airflow/.local/lib/python3.12/site-packages/airflow/example_dags/example_sla_dag.py
[2026-08-03T20:38:54.341+0000] {processor.py:830} INFO - Processing file /home/airflow/.local/lib/python3.12/site-packages/airflow/example_dags/example_sla_dag.py for tasks to queue
[2026-08-03T20:38:54.363+0000] {logging_mixin.py:188} INFO - [2026-08-03T20:38:54.362+0000] {dagbag.py:545} INFO - Filling up the DagBag from /home/airflow/.local/lib/python3.12/site-packages/airflow/example_dags/example_sla_dag.py
[2026-08-03T20:38:54.481+0000] {processor.py:840} INFO - DAG(s) 'example_sla_dag' retrieved from /home/airflow/.local/lib/python3.12/site-packages/airflow/example_dags/example_sla_dag.py
[2026-08-03T20:38:55.048+0000] {logging_mixin.py:188} INFO - [2026-08-03T20:38:55.047+0000] {dag.py:3089} INFO - Sync 1 DAGs
[2026-08-03T20:38:55.190+0000] {logging_mixin.py:188} INFO - [2026-08-03T20:38:55.185+0000] {dag.py:3947} INFO - Setting next_dagrun for example_sla_dag to 2026-08-03 20:36:00+00:00, run_after=2026-08-03 20:38:00+00:00
[2026-08-03T20:38:55.392+0000] {processor.py:183} INFO - Processing /home/airflow/.local/lib/python3.12/site-packages/airflow/example_dags/example_sla_dag.py took 1.083 seconds
[2026-08-03T20:40:00.784+0000] {processor.py:161} INFO - Started process (PID=227) to work on /home/airflow/.local/lib/python3.12/site-packages/airflow/example_dags/example_sla_dag.py
[2026-08-03T20:40:00.798+0000] {processor.py:830} INFO - Processing file /home/airflow/.local/lib/python3.12/site-packages/airflow/example_dags/example_sla_dag.py for tasks to queue
[2026-08-03T20:40:00.818+0000] {logging_mixin.py:188} INFO - [2026-08-03T20:40:00.817+0000] {dagbag.py:545} INFO - Filling up the DagBag from /home/airflow/.local/lib/python3.12/site-packages/airflow/example_dags/example_sla_dag.py
[2026-08-03T20:40:01.091+0000] {processor.py:840} INFO - DAG(s) 'example_sla_dag' retrieved from /home/airflow/.local/lib/python3.12/site-packages/airflow/example_dags/example_sla_dag.py
[2026-08-03T20:40:01.422+0000] {logging_mixin.py:188} INFO - [2026-08-03T20:40:01.421+0000] {dag.py:3089} INFO - Sync 1 DAGs
[2026-08-03T20:40:01.579+0000] {logging_mixin.py:188} INFO - [2026-08-03T20:40:01.578+0000] {dag.py:3947} INFO - Setting next_dagrun for example_sla_dag to 2026-08-03 20:38:00+00:00, run_after=2026-08-03 20:40:00+00:00
[2026-08-03T20:40:01.729+0000] {processor.py:183} INFO - Processing /home/airflow/.local/lib/python3.12/site-packages/airflow/example_dags/example_sla_dag.py took 1.035 seconds
[2026-08-03T20:40:34.713+0000] {processor.py:161} INFO - Started process (PID=300) to work on /home/airflow/.local/lib/python3.12/site-packages/airflow/example_dags/example_sla_dag.py
[2026-08-03T20:40:34.717+0000] {processor.py:830} INFO - Processing file /home/airflow/.local/lib/python3.12/site-packages/airflow/example_dags/example_sla_dag.py for tasks to queue
[2026-08-03T20:40:34.720+0000] {logging_mixin.py:188} INFO - [2026-08-03T20:40:34.719+0000] {dagbag.py:545} INFO - Filling up the DagBag from /home/airflow/.local/lib/python3.12/site-packages/airflow/example_dags/example_sla_dag.py
[2026-08-03T20:40:34.745+0000] {processor.py:840} INFO - DAG(s) 'example_sla_dag' retrieved from /home/airflow/.local/lib/python3.12/site-packages/airflow/example_dags/example_sla_dag.py
[2026-08-03T20:40:34.821+0000] {logging_mixin.py:188} INFO - [2026-08-03T20:40:34.820+0000] {dag.py:3089} INFO - Sync 1 DAGs
[2026-08-03T20:40:35.040+0000] {logging_mixin.py:188} INFO - [2026-08-03T20:40:35.040+0000] {dag.py:3947} INFO - Setting next_dagrun for example_sla_dag to 2026-08-03 20:38:00+00:00, run_after=2026-08-03 20:40:00+00:00
[2026-08-03T20:40:35.118+0000] {processor.py:183} INFO - Processing /home/airflow/.local/lib/python3.12/site-packages/airflow/example_dags/example_sla_dag.py took 0.420 seconds
[2026-08-03T20:41:11.444+0000] {processor.py:161} INFO - Started process (PID=365) to work on /home/airflow/.local/lib/python3.12/site-packages/airflow/example_dags/example_sla_dag.py
[2026-08-03T20:41:11.448+0000] {processor.py:830} INFO - Processing file /home/airflow/.local/lib/python3.12/site-packages/airflow/example_dags/example_sla_dag.py for tasks to queue
[2026-08-03T20:41:11.453+0000] {logging_mixin.py:188} INFO - [2026-08-03T20:41:11.451+0000] {dagbag.py:545} INFO - Filling up the DagBag from /home/airflow/.local/lib/python3.12/site-packages/airflow/example_dags/example_sla_dag.py
[2026-08-03T20:41:11.478+0000] {processor.py:840} INFO - DAG(s) 'example_sla_dag' retrieved from /home/airflow/.local/lib/python3.12/site-packages/airflow/example_dags/example_sla_dag.py
[2026-08-03T20:41:11.562+0000] {logging_mixin.py:188} INFO - [2026-08-03T20:41:11.561+0000] {dag.py:3089} INFO - Sync 1 DAGs
[2026-08-03T20:41:11.654+0000] {logging_mixin.py:188} INFO - [2026-08-03T20:41:11.654+0000] {dag.py:3947} INFO - Setting next_dagrun for example_sla_dag to 2026-08-03 20:38:00+00:00, run_after=2026-08-03 20:40:00+00:00
[2026-08-03T20:41:11.730+0000] {processor.py:183} INFO - Processing /home/airflow/.local/lib/python3.12/site-packages/airflow/example_dags/example_sla_dag.py took 0.299 seconds
[2026-08-03T20:41:46.595+0000] {processor.py:161} INFO - Started process (PID=437) to work on /home/airflow/.local/lib/python3.12/site-packages/airflow/example_dags/example_sla_dag.py
[2026-08-03T20:41:46.599+0000] {processor.py:830} INFO - Processing file /home/airflow/.local/lib/python3.12/site-packages/airflow/example_dags/example_sla_dag.py for tasks to queue
[2026-08-03T20:41:46.609+0000] {logging_mixin.py:188} INFO - [2026-08-03T20:41:46.607+0000] {dagbag.py:545} INFO - Filling up the DagBag from /home/airflow/.local/lib/python3.12/site-packages/airflow/example_dags/example_sla_dag.py
[2026-08-03T20:41:46.652+0000] {processor.py:840} INFO - DAG(s) 'example_sla_dag' retrieved from /home/airflow/.local/lib/python3.12/site-packages/airflow/example_dags/example_sla_dag.py
[2026-08-03T20:41:46.870+0000] {logging_mixin.py:188} INFO - [2026-08-03T20:41:46.869+0000] {dag.py:3089} INFO - Sync 1 DAGs
[2026-08-03T20:41:47.111+0000] {logging_mixin.py:188} INFO - [2026-08-03T20:41:47.110+0000] {dag.py:3947} INFO - Setting next_dagrun for example_sla_dag to 2026-08-03 20:38:00+00:00, run_after=2026-08-03 20:40:00+00:00
[2026-08-03T20:41:47.266+0000] {processor.py:183} INFO - Processing /home/airflow/.local/lib/python3.12/site-packages/airflow/example_dags/example_sla_dag.py took 0.694 seconds
[2026-08-03T20:42:48.336+0000] {processor.py:161} INFO - Started process (PID=518) to work on /home/airflow/.local/lib/python3.12/site-packages/airflow/example_dags/example_sla_dag.py
[2026-08-03T20:42:48.345+0000] {processor.py:830} INFO - Processing file /home/airflow/.local/lib/python3.12/site-packages/airflow/example_dags/example_sla_dag.py for tasks to queue
[2026-08-03T20:42:48.359+0000] {logging_mixin.py:188} INFO - [2026-08-03T20:42:48.357+0000] {dagbag.py:545} INFO - Filling up the DagBag from /home/airflow/.local/lib/python3.12/site-packages/airflow/example_dags/example_sla_dag.py
[2026-08-03T20:42:48.519+0000] {processor.py:840} INFO - DAG(s) 'example_sla_dag' retrieved from /home/airflow/.local/lib/python3.12/site-packages/airflow/example_dags/example_sla_dag.py
[2026-08-03T20:42:48.758+0000] {logging_mixin.py:188} INFO - [2026-08-03T20:42:48.757+0000] {dag.py:3089} INFO - Sync 1 DAGs
[2026-08-03T20:42:49.182+0000] {logging_mixin.py:188} INFO - [2026-08-03T20:42:49.182+0000] {dag.py:3947} INFO - Setting next_dagrun for example_sla_dag to 2026-08-03 20:40:00+00:00, run_after=2026-08-03 20:42:00+00:00
[2026-08-03T20:42:49.650+0000] {processor.py:183} INFO - Processing /home/airflow/.local/lib/python3.12/site-packages/airflow/example_dags/example_sla_dag.py took 1.402 seconds
[2026-08-03T20:43:32.563+0000] {processor.py:161} INFO - Started process (PID=589) to work on /home/airflow/.local/lib/python3.12/site-packages/airflow/example_dags/example_sla_dag.py
[2026-08-03T20:43:32.575+0000] {processor.py:830} INFO - Processing file /home/airflow/.local/lib/python3.12/site-packages/airflow/example_dags/example_sla_dag.py for tasks to queue
[2026-08-03T20:43:32.594+0000] {logging_mixin.py:188} INFO - [2026-08-03T20:43:32.593+0000] {dagbag.py:545} INFO - Filling up the DagBag from /home/airflow/.local/lib/python3.12/site-packages/airflow/example_dags/example_sla_dag.py
[2026-08-03T20:43:32.651+0000] {processor.py:840} INFO - DAG(s) 'example_sla_dag' retrieved from /home/airflow/.local/lib/python3.12/site-packages/airflow/example_dags/example_sla_dag.py
[2026-08-03T20:43:32.887+0000] {logging_mixin.py:188} INFO - [2026-08-03T20:43:32.886+0000] {dag.py:3089} INFO - Sync 1 DAGs
[2026-08-03T20:43:32.998+0000] {logging_mixin.py:188} INFO - [2026-08-03T20:43:32.997+0000] {dag.py:3947} INFO - Setting next_dagrun for example_sla_dag to 2026-08-03 20:40:00+00:00, run_after=2026-08-03 20:42:00+00:00
[2026-08-03T20:43:33.097+0000] {processor.py:183} INFO - Processing /home/airflow/.local/lib/python3.12/site-packages/airflow/example_dags/example_sla_dag.py took 0.573 seconds
[2026-08-03T20:44:21.491+0000] {processor.py:161} INFO - Started process (PID=668) to work on /home/airflow/.local/lib/python3.12/site-packages/airflow/example_dags/example_sla_dag.py
[2026-08-03T20:44:21.562+0000] {processor.py:830} INFO - Processing file /home/airflow/.local/lib/python3.12/site-packages/airflow/example_dags/example_sla_dag.py for tasks to queue
[2026-08-03T20:44:21.614+0000] {logging_mixin.py:188} INFO - [2026-08-03T20:44:21.599+0000] {dagbag.py:545} INFO - Filling up the DagBag from /home/airflow/.local/lib/python3.12/site-packages/airflow/example_dags/example_sla_dag.py
[2026-08-03T20:44:21.884+0000] {processor.py:840} INFO - DAG(s) 'example_sla_dag' retrieved from /home/airflow/.local/lib/python3.12/site-packages/airflow/example_dags/example_sla_dag.py
[2026-08-03T20:44:22.468+0000] {logging_mixin.py:188} INFO - [2026-08-03T20:44:22.468+0000] {dag.py:3089} INFO - Sync 1 DAGs
[2026-08-03T20:44:22.838+0000] {logging_mixin.py:188} INFO - [2026-08-03T20:44:22.837+0000] {dag.py:3947} INFO - Setting next_dagrun for example_sla_dag to 2026-08-03 20:42:00+00:00, run_after=2026-08-03 20:44:00+00:00
[2026-08-03T20:44:23.133+0000] {processor.py:183} INFO - Processing /home/airflow/.local/lib/python3.12/site-packages/airflow/example_dags/example_sla_dag.py took 1.682 seconds
[2026-08-03T20:45:09.748+0000] {processor.py:161} INFO - Started process (PID=741) to work on /home/airflow/.local/lib/python3.12/site-packages/airflow/example_dags/example_sla_dag.py
[2026-08-03T20:45:09.756+0000] {processor.py:830} INFO - Processing file /home/airflow/.local/lib/python3.12/site-packages/airflow/example_dags/example_sla_dag.py for tasks to queue
[2026-08-03T20:45:09.765+0000] {logging_mixin.py:188} INFO - [2026-08-03T20:45:09.764+0000] {dagbag.py:545} INFO - Filling up the DagBag from /home/airflow/.local/lib/python3.12/site-packages/airflow/example_dags/example_sla_dag.py
[2026-08-03T20:45:09.900+0000] {processor.py:840} INFO - DAG(s) 'example_sla_dag' retrieved from /home/airflow/.local/lib/python3.12/site-packages/airflow/example_dags/example_sla_dag.py
[2026-08-03T20:45:10.137+0000] {logging_mixin.py:188} INFO - [2026-08-03T20:45:10.136+0000] {dag.py:3089} INFO - Sync 1 DAGs
[2026-08-03T20:45:10.357+0000] {logging_mixin.py:188} INFO - [2026-08-03T20:45:10.356+0000] {dag.py:3947} INFO - Setting next_dagrun for example_sla_dag to 2026-08-03 20:42:00+00:00, run_after=2026-08-03 20:44:00+00:00
[2026-08-03T20:45:10.467+0000] {processor.py:183} INFO - Processing /home/airflow/.local/lib/python3.12/site-packages/airflow/example_dags/example_sla_dag.py took 0.763 seconds
[2026-08-03T20:45:52.134+0000] {processor.py:161} INFO - Started process (PID=812) to work on /home/airflow/.local/lib/python3.12/site-packages/airflow/example_dags/example_sla_dag.py
[2026-08-03T20:45:52.146+0000] {processor.py:830} INFO - Processing file /home/airflow/.local/lib/python3.12/site-packages/airflow/example_dags/example_sla_dag.py for tasks to queue
[2026-08-03T20:45:52.166+0000] {logging_mixin.py:188} INFO - [2026-08-03T20:45:52.157+0000] {dagbag.py:545} INFO - Filling up the DagBag from /home/airflow/.local/lib/python3.12/site-packages/airflow/example_dags/example_sla_dag.py
[2026-08-03T20:45:52.296+0000] {processor.py:840} INFO - DAG(s) 'example_sla_dag' retrieved from /home/airflow/.local/lib/python3.12/site-packages/airflow/example_dags/example_sla_dag.py
[2026-08-03T20:45:52.488+0000] {logging_mixin.py:188} INFO - [2026-08-03T20:45:52.487+0000] {dag.py:3089} INFO - Sync 1 DAGs
[2026-08-03T20:45:52.754+0000] {logging_mixin.py:188} INFO - [2026-08-03T20:45:52.754+0000] {dag.py:3947} INFO - Setting next_dagrun for example_sla_dag to 2026-08-03 20:42:00+00:00, run_after=2026-08-03 20:44:00+00:00
[2026-08-03T20:45:52.844+0000] {processor.py:183} INFO - Processing /home/airflow/.local/lib/python3.12/site-packages/airflow/example_dags/example_sla_dag.py took 0.766 seconds
[2026-08-03T20:46:36.706+0000] {processor.py:161} INFO - Started process (PID=891) to work on /home/airflow/.local/lib/python3.12/site-packages/airflow/example_dags/example_sla_dag.py
[2026-08-03T20:46:36.725+0000] {processor.py:830} INFO - Processing file /home/airflow/.local/lib/python3.12/site-packages/airflow/example_dags/example_sla_dag.py for tasks to queue
[2026-08-03T20:46:36.760+0000] {logging_mixin.py:188} INFO - [2026-08-03T20:46:36.736+0000] {dagbag.py:545} INFO - Filling up the DagBag from /home/airflow/.local/lib/python3.12/site-packages/airflow/example_dags/example_sla_dag.py
[2026-08-03T20:46:36.850+0000] {processor.py:840} INFO - DAG(s) 'example_sla_dag' retrieved from /home/airflow/.local/lib/python3.12/site-packages/airflow/example_dags/example_sla_dag.py
[2026-08-03T20:46:37.005+0000] {logging_mixin.py:188} INFO - [2026-08-03T20:46:37.005+0000] {dag.py:3089} INFO - Sync 1 DAGs
[2026-08-03T20:46:37.082+0000] {logging_mixin.py:188} INFO - [2026-08-03T20:46:37.082+0000] {dag.py:3947} INFO - Setting next_dagrun for example_sla_dag to 2026-08-03 20:44:00+00:00, run_after=2026-08-03 20:46:00+00:00
[2026-08-03T20:46:37.142+0000] {processor.py:183} INFO - Processing /home/airflow/.local/lib/python3.12/site-packages/airflow/example_dags/example_sla_dag.py took 0.484 seconds
[2026-08-03T20:47:12.297+0000] {processor.py:161} INFO - Started process (PID=964) to work on /home/airflow/.local/lib/python3.12/site-packages/airflow/example_dags/example_sla_dag.py
[2026-08-03T20:47:12.302+0000] {processor.py:830} INFO - Processing file /home/airflow/.local/lib/python3.12/site-packages/airflow/example_dags/example_sla_dag.py for tasks to queue
[2026-08-03T20:47:12.312+0000] {logging_mixin.py:188} INFO - [2026-08-03T20:47:12.311+0000] {dagbag.py:545} INFO - Filling up the DagBag from /home/airflow/.local/lib/python3.12/site-packages/airflow/example_dags/example_sla_dag.py
[2026-08-03T20:47:12.349+0000] {processor.py:840} INFO - DAG(s) 'example_sla_dag' retrieved from /home/airflow/.local/lib/python3.12/site-packages/airflow/example_dags/example_sla_dag.py
[2026-08-03T20:47:12.424+0000] {logging_mixin.py:188} INFO - [2026-08-03T20:47:12.424+0000] {dag.py:3089} INFO - Sync 1 DAGs
[2026-08-03T20:47:12.748+0000] {logging_mixin.py:188} INFO - [2026-08-03T20:47:12.748+0000] {dag.py:3947} INFO - Setting next_dagrun for example_sla_dag to 2026-08-03 20:44:00+00:00, run_after=2026-08-03 20:46:00+00:00
[2026-08-03T20:47:12.937+0000] {processor.py:183} INFO - Processing /home/airflow/.local/lib/python3.12/site-packages/airflow/example_dags/example_sla_dag.py took 0.673 seconds
