[2026-08-03T20:38:35.452+0000] {processor.py:161} INFO - Started process (PID=124) to work on /home/airflow/.local/lib/python3.12/site-packages/airflow/example_dags/example_setup_teardown.py
[2026-08-03T20:38:35.463+0000] {processor.py:830} INFO - Processing file /home/airflow/.local/lib/python3.12/site-packages/airflow/example_dags/example_setup_teardown.py for tasks to queue
[2026-08-03T20:38:35.479+0000] {logging_mixin.py:188} INFO - [2026-08-03T20:38:35.479+0000] {dagbag.py:545} INFO - Filling up the DagBag from /home/airflow/.local/lib/python3.12/site-packages/airflow/example_dags/example_setup_teardown.py
[2026-08-03T20:38:35.556+0000] {processor.py:840} INFO - DAG(s) 'example_setup_teardown' retrieved from /home/airflow/.local/lib/python3.12/site-packages/airflow/example_dags/example_setup_teardown.py
[2026-08-03T20:38:35.916+0000] {logging_mixin.py:188} INFO - [2026-08-03T20:38:35.915+0000] {dag.py:3089} INFO - Sync 1 DAGs
[2026-08-03T20:38:36.047+0000] {logging_mixin.py:188} INFO - [2026-08-03T20:38:36.046+0000] {dag.py:3947} INFO - Setting next_dagrun for example_setup_teardown to 2026-08-02 00:00:00+00:00, run_after=2026-08-03 00:00:00+00:00
[2026-08-03T20:38:36.231+0000] {processor.py:183} INFO - Processing /home/airflow/.local/lib/python3.12/site-packages/airflow/example_dags/example_setup_teardown.py took 0.825 seconds
[2026-08-03T20:39:51.970+0000] {processor.py:161} INFO - Started process (PID=202) to work on /home/airflow/.local/lib/python3.12/site-packages/airflow/example_dags/example_setup_teardown.py
[2026-08-03T20:39:51.979+0000] {processor.py:830} INFO - Processing file /home/airflow/.local/lib/python3.12/site-packages/airflow/example_dags/example_setup_teardown.py for tasks to queue
[2026-08-03T20:39:51.985+0000] {logging_mixin.py:188} INFO - [2026-08-03T20:39:51.984+0000] {dagbag.py:545} INFO - Filling up the DagBag from /home/airflow/.local/lib/python3.12/site-packages/airflow/example_dags/example_setup_teardown.py
[2026-08-03T20:39:52.026+0000] {processor.py:840} INFO - DAG(s) 'example_setup_teardown' retrieved from /home/airflow/.local/lib/python3.12/site-packages/airflow/example_dags/example_setup_teardown.py
[2026-08-03T20:39:52.128+0000] {logging_mixin.py:188} INFO - [2026-08-03T20:39:52.127+0000] {dag.py:3089} INFO - Sync 1 DAGs
[2026-08-03T20:39:52.201+0000] {logging_mixin.py:188} INFO - [2026-08-03T20:39:52.200+0000] {dag.py:3947} INFO - Setting next_dagrun for example_setup_teardown to 2026-08-02 00:00:00+00:00, run_after=2026-08-03 00:00:00+00:00
[2026-08-03T20:39:52.358+0000] {processor.py:183} INFO - Processing /home/airflow/.local/lib/python3.12/site-packages/airflow/example_dags/example_setup_teardown.py took 0.422 seconds
[2026-08-03T20:40:30.855+0000] {processor.py:161} INFO - Started process (PID=279) to work on /home/airflow/.local/lib/python3.12/site-packages/airflow/example_dags/example_setup_teardown.py
[2026-08-03T20:40:30.859+0000] {processor.py:830} INFO - Processing file /home/airflow/.local/lib/python3.12/site-packages/airflow/example_dags/example_setup_teardown.py for tasks to queue
[2026-08-03T20:40:30.863+0000] {logging_mixin.py:188} INFO - [2026-08-03T20:40:30.862+0000] {dagbag.py:545} INFO - Filling up the DagBag from /home/airflow/.local/lib/python3.12/site-packages/airflow/example_dags/example_setup_teardown.py
[2026-08-03T20:40:30.888+0000] {processor.py:840} INFO - DAG(s) 'example_setup_teardown' retrieved from /home/airflow/.local/lib/python3.12/site-packages/airflow/example_dags/example_setup_teardown.py
[2026-08-03T20:40:30.943+0000] {logging_mixin.py:188} INFO - [2026-08-03T20:40:30.942+0000] {dag.py:3089} INFO - Sync 1 DAGs
[2026-08-03T20:40:30.998+0000] {logging_mixin.py:188} INFO - [2026-08-03T20:40:30.997+0000] {dag.py:3947} INFO - Setting next_dagrun for example_setup_teardown to 2026-08-02 00:00:00+00:00, run_after=2026-08-03 00:00:00+00:00
[2026-08-03T20:40:31.068+0000] {processor.py:183} INFO - Processing /home/airflow/.local/lib/python3.12/site-packages/airflow/example_dags/example_setup_teardown.py took 0.227 seconds
[2026-08-03T20:41:05.889+0000] {processor.py:161} INFO - Started process (PID=351) to work on /home/airflow/.local/lib/python3.12/site-packages/airflow/example_dags/example_setup_teardown.py
[2026-08-03T20:41:05.901+0000] {processor.py:830} INFO - Processing file /home/airflow/.local/lib/python3.12/site-packages/airflow/example_dags/example_setup_teardown.py for tasks to queue
[2026-08-03T20:41:05.910+0000] {logging_mixin.py:188} INFO - [2026-08-03T20:41:05.908+0000] {dagbag.py:545} INFO - Filling up the DagBag from /home/airflow/.local/lib/python3.12/site-packages/airflow/example_dags/example_setup_teardown.py
[2026-08-03T20:41:05.944+0000] {processor.py:840} INFO - DAG(s) 'example_setup_teardown' retrieved from /home/airflow/.local/lib/python3.12/site-packages/airflow/example_dags/example_setup_teardown.py
[2026-08-03T20:41:06.046+0000] {logging_mixin.py:188} INFO - [2026-08-03T20:41:06.046+0000] {dag.py:3089} INFO - Sync 1 DAGs
[2026-08-03T20:41:06.245+0000] {logging_mixin.py:188} INFO - [2026-08-03T20:41:06.245+0000] {dag.py:3947} INFO - Setting next_dagrun for example_setup_teardown to 2026-08-02 00:00:00+00:00, run_after=2026-08-03 00:00:00+00:00
[2026-08-03T20:41:06.391+0000] {processor.py:183} INFO - Processing /home/airflow/.local/lib/python3.12/site-packages/airflow/example_dags/example_setup_teardown.py took 0.565 seconds
[2026-08-03T20:41:38.485+0000] {processor.py:161} INFO - Started process (PID=422) to work on /home/airflow/.local/lib/python3.12/site-packages/airflow/example_dags/example_setup_teardown.py
[2026-08-03T20:41:38.500+0000] {processor.py:830} INFO - Processing file /home/airflow/.local/lib/python3.12/site-packages/airflow/example_dags/example_setup_teardown.py for tasks to queue
[2026-08-03T20:41:38.503+0000] {logging_mixin.py:188} INFO - [2026-08-03T20:41:38.502+0000] {dagbag.py:545} INFO - Filling up the DagBag from /home/airflow/.local/lib/python3.12/site-packages/airflow/example_dags/example_setup_teardown.py
[2026-08-03T20:41:38.573+0000] {processor.py:840} INFO - DAG(s) 'example_setup_teardown' retrieved from /home/airflow/.local/lib/python3.12/site-packages/airflow/example_dags/example_setup_teardown.py
[2026-08-03T20:41:38.681+0000] {logging_mixin.py:188} INFO - [2026-08-03T20:41:38.680+0000] {dag.py:3089} INFO - Sync 1 DAGs
[2026-08-03T20:41:38.850+0000] {logging_mixin.py:188} INFO - [2026-08-03T20:41:38.849+0000] {dag.py:3947} INFO - Setting next_dagrun for example_setup_teardown to 2026-08-02 00:00:00+00:00, run_after=2026-08-03 00:00:00+00:00
[2026-08-03T20:41:39.087+0000] {processor.py:183} INFO - Processing /home/airflow/.local/lib/python3.12/site-packages/airflow/example_dags/example_setup_teardown.py took 0.635 seconds
[2026-08-03T20:42:30.946+0000] {processor.py:161} INFO - Started process (PID=497) to work on /home/airflow/.local/lib/python3.12/site-packages/airflow/example_dags/example_setup_teardown.py
[2026-08-03T20:42:30.978+0000] {processor.py:830} INFO - Processing file /home/airflow/.local/lib/python3.12/site-packages/airflow/example_dags/example_setup_teardown.py for tasks to queue
[2026-08-03T20:42:31.061+0000] {logging_mixin.py:188} INFO - [2026-08-03T20:42:31.029+0000] {dagbag.py:545} INFO - Filling up the DagBag from /home/airflow/.local/lib/python3.12/site-packages/airflow/example_dags/example_setup_teardown.py
[2026-08-03T20:42:31.187+0000] {processor.py:840} INFO - DAG(s) 'example_setup_teardown' retrieved from /home/airflow/.local/lib/python3.12/site-packages/airflow/example_dags/example_setup_teardown.py
[2026-08-03T20:42:31.379+0000] {logging_mixin.py:188} INFO - [2026-08-03T20:42:31.378+0000] {dag.py:3089} INFO - Sync 1 DAGs
[2026-08-03T20:42:31.617+0000] {logging_mixin.py:188} INFO - [2026-08-03T20:42:31.616+0000] {dag.py:3947} INFO - Setting next_dagrun for example_setup_teardown to 2026-08-02 00:00:00+00:00, run_after=2026-08-03 00:00:00+00:00
[2026-08-03T20:42:32.074+0000] {processor.py:183} INFO - Processing /home/airflow/.local/lib/python3.12/site-packages/airflow/example_dags/example_setup_teardown.py took 1.229 seconds
[2026-08-03T20:43:26.007+0000] {processor.py:161} INFO - Started process (PID=575) to work on /home/airflow/.local/lib/python3.12/site-packages/airflow/example_dags/example_setup_teardown.py
[2026-08-03T20:43:26.017+0000] {processor.py:830} INFO - Processing file /home/airflow/.local/lib/python3.12/site-packages/airflow/example_dags/example_setup_teardown.py for tasks to queue
[2026-08-03T20:43:26.030+0000] {logging_mixin.py:188} INFO - [2026-08-03T20:43:26.024+0000] {dagbag.py:545} INFO - Filling up the DagBag from /home/airflow/.local/lib/python3.12/site-packages/airflow/example_dags/example_setup_teardown.py
[2026-08-03T20:43:26.068+0000] {processor.py:840} INFO - DAG(s) 'example_setup_teardown' retrieved from /home/airflow/.local/lib/python3.12/site-packages/airflow/example_dags/example_setup_teardown.py
[2026-08-03T20:43:26.157+0000] {logging_mixin.py:188} INFO - [2026-08-03T20:43:26.156+0000] {dag.py:3089} INFO - Sync 1 DAGs
[2026-08-03T20:43:26.246+0000] {logging_mixin.py:188} INFO - [2026-08-03T20:43:26.245+0000] {dag.py:3947} INFO - Setting next_dagrun for example_setup_teardown to 2026-08-02 00:00:00+00:00, run_after=2026-08-03 00:00:00+00:00
[2026-08-03T20:43:26.322+0000] {processor.py:183} INFO - Processing /home/airflow/.local/lib/python3.12/site-packages/airflow/example_dags/example_setup_teardown.py took 0.369 seconds
[2026-08-03T20:44:03.267+0000] {processor.py:161} INFO - Started process (PID=645) to work on /home/airflow/.local/lib/python3.12/site-packages/airflow/example_dags/example_setup_teardown.py
[2026-08-03T20:44:03.278+0000] {processor.py:830} INFO - Processing file /home/airflow/.local/lib/python3.12/site-packages/airflow/example_dags/example_setup_teardown.py for tasks to queue
[2026-08-03T20:44:03.289+0000] {logging_mixin.py:188} INFO - [2026-08-03T20:44:03.288+0000] {dagbag.py:545} INFO - Filling up the DagBag from /home/airflow/.local/lib/python3.12/site-packages/airflow/example_dags/example_setup_teardown.py
[2026-08-03T20:44:03.422+0000] {processor.py:840} INFO - DAG(s) 'example_setup_teardown' retrieved from /home/airflow/.local/lib/python3.12/site-packages/airflow/example_dags/example_setup_teardown.py
[2026-08-03T20:44:03.487+0000] {logging_mixin.py:188} INFO - [2026-08-03T20:44:03.487+0000] {dag.py:3089} INFO - Sync 1 DAGs
[2026-08-03T20:44:03.552+0000] {logging_mixin.py:188} INFO - [2026-08-03T20:44:03.551+0000] {dag.py:3947} INFO - Setting next_dagrun for example_setup_teardown to 2026-08-02 00:00:00+00:00, run_after=2026-08-03 00:00:00+00:00
[2026-08-03T20:44:03.674+0000] {processor.py:183} INFO - Processing /home/airflow/.local/lib/python3.12/site-packages/airflow/example_dags/example_setup_teardown.py took 0.507 seconds
[2026-08-03T20:44:53.241+0000] {processor.py:161} INFO - Started process (PID=715) to work on /home/airflow/.local/lib/python3.12/site-packages/airflow/example_dags/example_setup_teardown.py
[2026-08-03T20:44:53.306+0000] {processor.py:830} INFO - Processing file /home/airflow/.local/lib/python3.12/site-packages/airflow/example_dags/example_setup_teardown.py for tasks to queue
[2026-08-03T20:44:53.371+0000] {logging_mixin.py:188} INFO - [2026-08-03T20:44:53.370+0000] {dagbag.py:545} INFO - Filling up the DagBag from /home/airflow/.local/lib/python3.12/site-packages/airflow/example_dags/example_setup_teardown.py
[2026-08-03T20:44:53.542+0000] {processor.py:840} INFO - DAG(s) 'example_setup_teardown' retrieved from /home/airflow/.local/lib/python3.12/site-packages/airflow/example_dags/example_setup_teardown.py
[2026-08-03T20:44:53.646+0000] {logging_mixin.py:188} INFO - [2026-08-03T20:44:53.646+0000] {dag.py:3089} INFO - Sync 1 DAGs
[2026-08-03T20:44:53.752+0000] {logging_mixin.py:188} INFO - [2026-08-03T20:44:53.752+0000] {dag.py:3947} INFO - Setting next_dagrun for example_setup_teardown to 2026-08-02 00:00:00+00:00, run_after=2026-08-03 00:00:00+00:00
[2026-08-03T20:44:53.834+0000] {processor.py:183} INFO - Processing /home/airflow/.local/lib/python3.12/site-packages/airflow/example_dags/example_setup_teardown.py took 0.742 seconds
[2026-08-03T20:45:38.961+0000] {processor.py:161} INFO - Started process (PID=792) to work on /home/airflow/.local/lib/python3.12/site-packages/airflow/example_dags/example_setup_teardown.py
[2026-08-03T20:45:38.965+0000] {processor.py:830} INFO - Processing file /home/airflow/.local/lib/python3.12/site-packages/airflow/example_dags/example_setup_teardown.py for tasks to queue
[2026-08-03T20:45:38.977+0000] {logging_mixin.py:188} INFO - [2026-08-03T20:45:38.969+0000] {dagbag.py:545} INFO - Filling up the DagBag from /home/airflow/.local/lib/python3.12/site-packages/airflow/example_dags/example_setup_teardown.py
[2026-08-03T20:45:39.022+0000] {processor.py:840} INFO - DAG(s) 'example_setup_teardown' retrieved from /home/airflow/.local/lib/python3.12/site-packages/airflow/example_dags/example_setup_teardown.py
[2026-08-03T20:45:39.225+0000] {logging_mixin.py:188} INFO - [2026-08-03T20:45:39.224+0000] {dag.py:3089} INFO - Sync 1 DAGs
[2026-08-03T20:45:39.477+0000] {logging_mixin.py:188} INFO - [2026-08-03T20:45:39.476+0000] {dag.py:3947} INFO - Setting next_dagrun for example_setup_teardown to 2026-08-02 00:00:00+00:00, run_after=2026-08-03 00:00:00+00:00
[2026-08-03T20:45:39.605+0000] {processor.py:183} INFO - Processing /home/airflow/.local/lib/python3.12/site-packages/airflow/example_dags/example_setup_teardown.py took 0.682 seconds
[2026-08-03T20:46:21.178+0000] {processor.py:161} INFO - Started process (PID=864) to work on /home/airflow/.local/lib/python3.12/site-packages/airflow/example_dags/example_setup_teardown.py
[2026-08-03T20:46:21.192+0000] {processor.py:830} INFO - Processing file /home/airflow/.local/lib/python3.12/site-packages/airflow/example_dags/example_setup_teardown.py for tasks to queue
[2026-08-03T20:46:21.206+0000] {logging_mixin.py:188} INFO - [2026-08-03T20:46:21.205+0000] {dagbag.py:545} INFO - Filling up the DagBag from /home/airflow/.local/lib/python3.12/site-packages/airflow/example_dags/example_setup_teardown.py
[2026-08-03T20:46:21.278+0000] {processor.py:840} INFO - DAG(s) 'example_setup_teardown' retrieved from /home/airflow/.local/lib/python3.12/site-packages/airflow/example_dags/example_setup_teardown.py
[2026-08-03T20:46:21.356+0000] {logging_mixin.py:188} INFO - [2026-08-03T20:46:21.356+0000] {dag.py:3089} INFO - Sync 1 DAGs
[2026-08-03T20:46:21.427+0000] {logging_mixin.py:188} INFO - [2026-08-03T20:46:21.426+0000] {dag.py:3947} INFO - Setting next_dagrun for example_setup_teardown to 2026-08-02 00:00:00+00:00, run_after=2026-08-03 00:00:00+00:00
[2026-08-03T20:46:21.487+0000] {processor.py:183} INFO - Processing /home/airflow/.local/lib/python3.12/site-packages/airflow/example_dags/example_setup_teardown.py took 0.347 seconds
[2026-08-03T20:46:58.677+0000] {processor.py:161} INFO - Started process (PID=943) to work on /home/airflow/.local/lib/python3.12/site-packages/airflow/example_dags/example_setup_teardown.py
[2026-08-03T20:46:58.681+0000] {processor.py:830} INFO - Processing file /home/airflow/.local/lib/python3.12/site-packages/airflow/example_dags/example_setup_teardown.py for tasks to queue
[2026-08-03T20:46:58.686+0000] {logging_mixin.py:188} INFO - [2026-08-03T20:46:58.684+0000] {dagbag.py:545} INFO - Filling up the DagBag from /home/airflow/.local/lib/python3.12/site-packages/airflow/example_dags/example_setup_teardown.py
[2026-08-03T20:46:58.720+0000] {processor.py:840} INFO - DAG(s) 'example_setup_teardown' retrieved from /home/airflow/.local/lib/python3.12/site-packages/airflow/example_dags/example_setup_teardown.py
[2026-08-03T20:46:58.881+0000] {logging_mixin.py:188} INFO - [2026-08-03T20:46:58.880+0000] {dag.py:3089} INFO - Sync 1 DAGs
[2026-08-03T20:46:59.060+0000] {logging_mixin.py:188} INFO - [2026-08-03T20:46:59.059+0000] {dag.py:3947} INFO - Setting next_dagrun for example_setup_teardown to 2026-08-02 00:00:00+00:00, run_after=2026-08-03 00:00:00+00:00
[2026-08-03T20:46:59.231+0000] {processor.py:183} INFO - Processing /home/airflow/.local/lib/python3.12/site-packages/airflow/example_dags/example_setup_teardown.py took 0.585 seconds
[2026-08-03T20:47:37.168+0000] {processor.py:161} INFO - Started process (PID=1010) to work on /home/airflow/.local/lib/python3.12/site-packages/airflow/example_dags/example_setup_teardown.py
[2026-08-03T20:47:37.177+0000] {processor.py:830} INFO - Processing file /home/airflow/.local/lib/python3.12/site-packages/airflow/example_dags/example_setup_teardown.py for tasks to queue
[2026-08-03T20:47:37.185+0000] {logging_mixin.py:188} INFO - [2026-08-03T20:47:37.183+0000] {dagbag.py:545} INFO - Filling up the DagBag from /home/airflow/.local/lib/python3.12/site-packages/airflow/example_dags/example_setup_teardown.py
[2026-08-03T20:47:37.220+0000] {processor.py:840} INFO - DAG(s) 'example_setup_teardown' retrieved from /home/airflow/.local/lib/python3.12/site-packages/airflow/example_dags/example_setup_teardown.py
[2026-08-03T20:47:37.288+0000] {logging_mixin.py:188} INFO - [2026-08-03T20:47:37.287+0000] {dag.py:3089} INFO - Sync 1 DAGs
[2026-08-03T20:47:37.368+0000] {logging_mixin.py:188} INFO - [2026-08-03T20:47:37.368+0000] {dag.py:3947} INFO - Setting next_dagrun for example_setup_teardown to 2026-08-02 00:00:00+00:00, run_after=2026-08-03 00:00:00+00:00
[2026-08-03T20:47:37.428+0000] {processor.py:183} INFO - Processing /home/airflow/.local/lib/python3.12/site-packages/airflow/example_dags/example_setup_teardown.py took 0.288 seconds
