[2026-08-03T20:38:27.543+0000] {processor.py:161} INFO - Started process (PID=109) to work on /home/airflow/.local/lib/python3.12/site-packages/airflow/example_dags/example_complex.py
[2026-08-03T20:38:27.578+0000] {processor.py:830} INFO - Processing file /home/airflow/.local/lib/python3.12/site-packages/airflow/example_dags/example_complex.py for tasks to queue
[2026-08-03T20:38:27.678+0000] {logging_mixin.py:188} INFO - [2026-08-03T20:38:27.677+0000] {dagbag.py:545} INFO - Filling up the DagBag from /home/airflow/.local/lib/python3.12/site-packages/airflow/example_dags/example_complex.py
[2026-08-03T20:38:27.981+0000] {processor.py:840} INFO - DAG(s) 'example_complex' retrieved from /home/airflow/.local/lib/python3.12/site-packages/airflow/example_dags/example_complex.py
[2026-08-03T20:38:29.264+0000] {logging_mixin.py:188} INFO - [2026-08-03T20:38:29.264+0000] {dag.py:3089} INFO - Sync 1 DAGs
[2026-08-03T20:38:29.548+0000] {logging_mixin.py:188} INFO - [2026-08-03T20:38:29.547+0000] {dag.py:3947} INFO - Setting next_dagrun for example_complex to None, run_after=None
[2026-08-03T20:38:29.673+0000] {processor.py:183} INFO - Processing /home/airflow/.local/lib/python3.12/site-packages/airflow/example_dags/example_complex.py took 2.154 seconds
[2026-08-03T20:39:47.214+0000] {processor.py:161} INFO - Started process (PID=193) to work on /home/airflow/.local/lib/python3.12/site-packages/airflow/example_dags/example_complex.py
[2026-08-03T20:39:47.250+0000] {processor.py:830} INFO - Processing file /home/airflow/.local/lib/python3.12/site-packages/airflow/example_dags/example_complex.py for tasks to queue
[2026-08-03T20:39:47.254+0000] {logging_mixin.py:188} INFO - [2026-08-03T20:39:47.253+0000] {dagbag.py:545} INFO - Filling up the DagBag from /home/airflow/.local/lib/python3.12/site-packages/airflow/example_dags/example_complex.py
[2026-08-03T20:39:47.345+0000] {processor.py:840} INFO - DAG(s) 'example_complex' retrieved from /home/airflow/.local/lib/python3.12/site-packages/airflow/example_dags/example_complex.py
[2026-08-03T20:39:47.525+0000] {logging_mixin.py:188} INFO - [2026-08-03T20:39:47.524+0000] {dag.py:3089} INFO - Sync 1 DAGs
[2026-08-03T20:39:47.580+0000] {logging_mixin.py:188} INFO - [2026-08-03T20:39:47.580+0000] {dag.py:3947} INFO - Setting next_dagrun for example_complex to None, run_after=None
[2026-08-03T20:39:47.646+0000] {processor.py:183} INFO - Processing /home/airflow/.local/lib/python3.12/site-packages/airflow/example_dags/example_complex.py took 0.487 seconds
[2026-08-03T20:40:26.260+0000] {processor.py:161} INFO - Started process (PID=268) to work on /home/airflow/.local/lib/python3.12/site-packages/airflow/example_dags/example_complex.py
[2026-08-03T20:40:26.377+0000] {processor.py:830} INFO - Processing file /home/airflow/.local/lib/python3.12/site-packages/airflow/example_dags/example_complex.py for tasks to queue
[2026-08-03T20:40:26.401+0000] {logging_mixin.py:188} INFO - [2026-08-03T20:40:26.390+0000] {dagbag.py:545} INFO - Filling up the DagBag from /home/airflow/.local/lib/python3.12/site-packages/airflow/example_dags/example_complex.py
[2026-08-03T20:40:26.673+0000] {processor.py:840} INFO - DAG(s) 'example_complex' retrieved from /home/airflow/.local/lib/python3.12/site-packages/airflow/example_dags/example_complex.py
[2026-08-03T20:40:26.936+0000] {logging_mixin.py:188} INFO - [2026-08-03T20:40:26.936+0000] {dag.py:3089} INFO - Sync 1 DAGs
[2026-08-03T20:40:27.117+0000] {logging_mixin.py:188} INFO - [2026-08-03T20:40:27.116+0000] {dag.py:3947} INFO - Setting next_dagrun for example_complex to None, run_after=None
[2026-08-03T20:40:27.332+0000] {processor.py:183} INFO - Processing /home/airflow/.local/lib/python3.12/site-packages/airflow/example_dags/example_complex.py took 1.293 seconds
[2026-08-03T20:40:59.019+0000] {processor.py:161} INFO - Started process (PID=340) to work on /home/airflow/.local/lib/python3.12/site-packages/airflow/example_dags/example_complex.py
[2026-08-03T20:40:59.039+0000] {processor.py:830} INFO - Processing file /home/airflow/.local/lib/python3.12/site-packages/airflow/example_dags/example_complex.py for tasks to queue
[2026-08-03T20:40:59.060+0000] {logging_mixin.py:188} INFO - [2026-08-03T20:40:59.055+0000] {dagbag.py:545} INFO - Filling up the DagBag from /home/airflow/.local/lib/python3.12/site-packages/airflow/example_dags/example_complex.py
[2026-08-03T20:40:59.193+0000] {processor.py:840} INFO - DAG(s) 'example_complex' retrieved from /home/airflow/.local/lib/python3.12/site-packages/airflow/example_dags/example_complex.py
[2026-08-03T20:40:59.606+0000] {logging_mixin.py:188} INFO - [2026-08-03T20:40:59.605+0000] {dag.py:3089} INFO - Sync 1 DAGs
[2026-08-03T20:40:59.843+0000] {logging_mixin.py:188} INFO - [2026-08-03T20:40:59.843+0000] {dag.py:3947} INFO - Setting next_dagrun for example_complex to None, run_after=None
[2026-08-03T20:41:00.171+0000] {processor.py:183} INFO - Processing /home/airflow/.local/lib/python3.12/site-packages/airflow/example_dags/example_complex.py took 1.230 seconds
[2026-08-03T20:41:30.899+0000] {processor.py:161} INFO - Started process (PID=404) to work on /home/airflow/.local/lib/python3.12/site-packages/airflow/example_dags/example_complex.py
[2026-08-03T20:41:30.906+0000] {processor.py:830} INFO - Processing file /home/airflow/.local/lib/python3.12/site-packages/airflow/example_dags/example_complex.py for tasks to queue
[2026-08-03T20:41:30.910+0000] {logging_mixin.py:188} INFO - [2026-08-03T20:41:30.909+0000] {dagbag.py:545} INFO - Filling up the DagBag from /home/airflow/.local/lib/python3.12/site-packages/airflow/example_dags/example_complex.py
[2026-08-03T20:41:30.957+0000] {processor.py:840} INFO - DAG(s) 'example_complex' retrieved from /home/airflow/.local/lib/python3.12/site-packages/airflow/example_dags/example_complex.py
[2026-08-03T20:41:31.075+0000] {logging_mixin.py:188} INFO - [2026-08-03T20:41:31.074+0000] {dag.py:3089} INFO - Sync 1 DAGs
[2026-08-03T20:41:31.119+0000] {logging_mixin.py:188} INFO - [2026-08-03T20:41:31.118+0000] {dag.py:3947} INFO - Setting next_dagrun for example_complex to None, run_after=None
[2026-08-03T20:41:31.170+0000] {processor.py:183} INFO - Processing /home/airflow/.local/lib/python3.12/site-packages/airflow/example_dags/example_complex.py took 0.285 seconds
[2026-08-03T20:42:17.375+0000] {processor.py:161} INFO - Started process (PID=484) to work on /home/airflow/.local/lib/python3.12/site-packages/airflow/example_dags/example_complex.py
[2026-08-03T20:42:17.383+0000] {processor.py:830} INFO - Processing file /home/airflow/.local/lib/python3.12/site-packages/airflow/example_dags/example_complex.py for tasks to queue
[2026-08-03T20:42:17.433+0000] {logging_mixin.py:188} INFO - [2026-08-03T20:42:17.398+0000] {dagbag.py:545} INFO - Filling up the DagBag from /home/airflow/.local/lib/python3.12/site-packages/airflow/example_dags/example_complex.py
[2026-08-03T20:42:17.731+0000] {processor.py:840} INFO - DAG(s) 'example_complex' retrieved from /home/airflow/.local/lib/python3.12/site-packages/airflow/example_dags/example_complex.py
[2026-08-03T20:42:18.229+0000] {logging_mixin.py:188} INFO - [2026-08-03T20:42:18.228+0000] {dag.py:3089} INFO - Sync 1 DAGs
[2026-08-03T20:42:18.529+0000] {logging_mixin.py:188} INFO - [2026-08-03T20:42:18.528+0000] {dag.py:3947} INFO - Setting next_dagrun for example_complex to None, run_after=None
[2026-08-03T20:42:19.006+0000] {processor.py:183} INFO - Processing /home/airflow/.local/lib/python3.12/site-packages/airflow/example_dags/example_complex.py took 1.829 seconds
[2026-08-03T20:43:13.757+0000] {processor.py:161} INFO - Started process (PID=548) to work on /home/airflow/.local/lib/python3.12/site-packages/airflow/example_dags/example_complex.py
[2026-08-03T20:43:13.761+0000] {processor.py:830} INFO - Processing file /home/airflow/.local/lib/python3.12/site-packages/airflow/example_dags/example_complex.py for tasks to queue
[2026-08-03T20:43:13.768+0000] {logging_mixin.py:188} INFO - [2026-08-03T20:43:13.767+0000] {dagbag.py:545} INFO - Filling up the DagBag from /home/airflow/.local/lib/python3.12/site-packages/airflow/example_dags/example_complex.py
[2026-08-03T20:43:13.844+0000] {processor.py:840} INFO - DAG(s) 'example_complex' retrieved from /home/airflow/.local/lib/python3.12/site-packages/airflow/example_dags/example_complex.py
[2026-08-03T20:43:14.063+0000] {logging_mixin.py:188} INFO - [2026-08-03T20:43:14.061+0000] {dag.py:3089} INFO - Sync 1 DAGs
[2026-08-03T20:43:14.322+0000] {logging_mixin.py:188} INFO - [2026-08-03T20:43:14.321+0000] {dag.py:3947} INFO - Setting next_dagrun for example_complex to None, run_after=None
[2026-08-03T20:43:14.601+0000] {processor.py:183} INFO - Processing /home/airflow/.local/lib/python3.12/site-packages/airflow/example_dags/example_complex.py took 0.882 seconds
[2026-08-03T20:43:52.630+0000] {processor.py:161} INFO - Started process (PID=620) to work on /home/airflow/.local/lib/python3.12/site-packages/airflow/example_dags/example_complex.py
[2026-08-03T20:43:52.638+0000] {processor.py:830} INFO - Processing file /home/airflow/.local/lib/python3.12/site-packages/airflow/example_dags/example_complex.py for tasks to queue
[2026-08-03T20:43:52.678+0000] {logging_mixin.py:188} INFO - [2026-08-03T20:43:52.668+0000] {dagbag.py:545} INFO - Filling up the DagBag from /home/airflow/.local/lib/python3.12/site-packages/airflow/example_dags/example_complex.py
[2026-08-03T20:43:52.724+0000] {processor.py:840} INFO - DAG(s) 'example_complex' retrieved from /home/airflow/.local/lib/python3.12/site-packages/airflow/example_dags/example_complex.py
[2026-08-03T20:43:52.864+0000] {logging_mixin.py:188} INFO - [2026-08-03T20:43:52.863+0000] {dag.py:3089} INFO - Sync 1 DAGs
[2026-08-03T20:43:52.929+0000] {logging_mixin.py:188} INFO - [2026-08-03T20:43:52.928+0000] {dag.py:3947} INFO - Setting next_dagrun for example_complex to None, run_after=None
[2026-08-03T20:43:53.026+0000] {processor.py:183} INFO - Processing /home/airflow/.local/lib/python3.12/site-packages/airflow/example_dags/example_complex.py took 0.459 seconds
[2026-08-03T20:44:43.465+0000] {processor.py:161} INFO - Started process (PID=700) to work on /home/airflow/.local/lib/python3.12/site-packages/airflow/example_dags/example_complex.py
[2026-08-03T20:44:43.468+0000] {processor.py:830} INFO - Processing file /home/airflow/.local/lib/python3.12/site-packages/airflow/example_dags/example_complex.py for tasks to queue
[2026-08-03T20:44:43.477+0000] {logging_mixin.py:188} INFO - [2026-08-03T20:44:43.473+0000] {dagbag.py:545} INFO - Filling up the DagBag from /home/airflow/.local/lib/python3.12/site-packages/airflow/example_dags/example_complex.py
[2026-08-03T20:44:43.522+0000] {processor.py:840} INFO - DAG(s) 'example_complex' retrieved from /home/airflow/.local/lib/python3.12/site-packages/airflow/example_dags/example_complex.py
[2026-08-03T20:44:43.677+0000] {logging_mixin.py:188} INFO - [2026-08-03T20:44:43.676+0000] {dag.py:3089} INFO - Sync 1 DAGs
[2026-08-03T20:44:43.826+0000] {logging_mixin.py:188} INFO - [2026-08-03T20:44:43.825+0000] {dag.py:3947} INFO - Setting next_dagrun for example_complex to None, run_after=None
[2026-08-03T20:44:43.951+0000] {processor.py:183} INFO - Processing /home/airflow/.local/lib/python3.12/site-packages/airflow/example_dags/example_complex.py took 0.504 seconds
[2026-08-03T20:45:30.977+0000] {processor.py:161} INFO - Started process (PID=775) to work on /home/airflow/.local/lib/python3.12/site-packages/airflow/example_dags/example_complex.py
[2026-08-03T20:45:31.025+0000] {processor.py:830} INFO - Processing file /home/airflow/.local/lib/python3.12/site-packages/airflow/example_dags/example_complex.py for tasks to queue
[2026-08-03T20:45:31.047+0000] {logging_mixin.py:188} INFO - [2026-08-03T20:45:31.046+0000] {dagbag.py:545} INFO - Filling up the DagBag from /home/airflow/.local/lib/python3.12/site-packages/airflow/example_dags/example_complex.py
[2026-08-03T20:45:31.187+0000] {processor.py:840} INFO - DAG(s) 'example_complex' retrieved from /home/airflow/.local/lib/python3.12/site-packages/airflow/example_dags/example_complex.py
[2026-08-03T20:45:31.578+0000] {logging_mixin.py:188} INFO - [2026-08-03T20:45:31.577+0000] {dag.py:3089} INFO - Sync 1 DAGs
[2026-08-03T20:45:31.799+0000] {logging_mixin.py:188} INFO - [2026-08-03T20:45:31.798+0000] {dag.py:3947} INFO - Setting next_dagrun for example_complex to None, run_after=None
[2026-08-03T20:45:31.947+0000] {processor.py:183} INFO - Processing /home/airflow/.local/lib/python3.12/site-packages/airflow/example_dags/example_complex.py took 1.025 seconds
[2026-08-03T20:46:17.161+0000] {processor.py:161} INFO - Started process (PID=849) to work on /home/airflow/.local/lib/python3.12/site-packages/airflow/example_dags/example_complex.py
[2026-08-03T20:46:17.165+0000] {processor.py:830} INFO - Processing file /home/airflow/.local/lib/python3.12/site-packages/airflow/example_dags/example_complex.py for tasks to queue
[2026-08-03T20:46:17.176+0000] {logging_mixin.py:188} INFO - [2026-08-03T20:46:17.175+0000] {dagbag.py:545} INFO - Filling up the DagBag from /home/airflow/.local/lib/python3.12/site-packages/airflow/example_dags/example_complex.py
[2026-08-03T20:46:17.223+0000] {processor.py:840} INFO - DAG(s) 'example_complex' retrieved from /home/airflow/.local/lib/python3.12/site-packages/airflow/example_dags/example_complex.py
[2026-08-03T20:46:17.334+0000] {logging_mixin.py:188} INFO - [2026-08-03T20:46:17.333+0000] {dag.py:3089} INFO - Sync 1 DAGs
[2026-08-03T20:46:17.389+0000] {logging_mixin.py:188} INFO - [2026-08-03T20:46:17.388+0000] {dag.py:3947} INFO - Setting next_dagrun for example_complex to None, run_after=None
[2026-08-03T20:46:17.448+0000] {processor.py:183} INFO - Processing /home/airflow/.local/lib/python3.12/site-packages/airflow/example_dags/example_complex.py took 0.375 seconds
[2026-08-03T20:46:54.851+0000] {processor.py:161} INFO - Started process (PID=926) to work on /home/airflow/.local/lib/python3.12/site-packages/airflow/example_dags/example_complex.py
[2026-08-03T20:46:54.855+0000] {processor.py:830} INFO - Processing file /home/airflow/.local/lib/python3.12/site-packages/airflow/example_dags/example_complex.py for tasks to queue
[2026-08-03T20:46:54.859+0000] {logging_mixin.py:188} INFO - [2026-08-03T20:46:54.857+0000] {dagbag.py:545} INFO - Filling up the DagBag from /home/airflow/.local/lib/python3.12/site-packages/airflow/example_dags/example_complex.py
[2026-08-03T20:46:54.905+0000] {processor.py:840} INFO - DAG(s) 'example_complex' retrieved from /home/airflow/.local/lib/python3.12/site-packages/airflow/example_dags/example_complex.py
[2026-08-03T20:46:55.050+0000] {logging_mixin.py:188} INFO - [2026-08-03T20:46:55.049+0000] {dag.py:3089} INFO - Sync 1 DAGs
[2026-08-03T20:46:55.092+0000] {logging_mixin.py:188} INFO - [2026-08-03T20:46:55.091+0000] {dag.py:3947} INFO - Setting next_dagrun for example_complex to None, run_after=None
[2026-08-03T20:46:55.157+0000] {processor.py:183} INFO - Processing /home/airflow/.local/lib/python3.12/site-packages/airflow/example_dags/example_complex.py took 0.326 seconds
[2026-08-03T20:47:33.537+0000] {processor.py:161} INFO - Started process (PID=1000) to work on /home/airflow/.local/lib/python3.12/site-packages/airflow/example_dags/example_complex.py
[2026-08-03T20:47:33.559+0000] {processor.py:830} INFO - Processing file /home/airflow/.local/lib/python3.12/site-packages/airflow/example_dags/example_complex.py for tasks to queue
[2026-08-03T20:47:33.590+0000] {logging_mixin.py:188} INFO - [2026-08-03T20:47:33.575+0000] {dagbag.py:545} INFO - Filling up the DagBag from /home/airflow/.local/lib/python3.12/site-packages/airflow/example_dags/example_complex.py
[2026-08-03T20:47:33.704+0000] {processor.py:840} INFO - DAG(s) 'example_complex' retrieved from /home/airflow/.local/lib/python3.12/site-packages/airflow/example_dags/example_complex.py
[2026-08-03T20:47:33.959+0000] {logging_mixin.py:188} INFO - [2026-08-03T20:47:33.958+0000] {dag.py:3089} INFO - Sync 1 DAGs
[2026-08-03T20:47:34.218+0000] {logging_mixin.py:188} INFO - [2026-08-03T20:47:34.211+0000] {dag.py:3947} INFO - Setting next_dagrun for example_complex to None, run_after=None
[2026-08-03T20:47:34.365+0000] {processor.py:183} INFO - Processing /home/airflow/.local/lib/python3.12/site-packages/airflow/example_dags/example_complex.py took 0.886 seconds
