[2026-08-03T20:38:19.316+0000] {processor.py:161} INFO - Started process (PID=104) to work on /home/airflow/.local/lib/python3.12/site-packages/airflow/example_dags/example_branch_operator.py
[2026-08-03T20:38:19.320+0000] {processor.py:830} INFO - Processing file /home/airflow/.local/lib/python3.12/site-packages/airflow/example_dags/example_branch_operator.py for tasks to queue
[2026-08-03T20:38:19.329+0000] {logging_mixin.py:188} INFO - [2026-08-03T20:38:19.326+0000] {dagbag.py:545} INFO - Filling up the DagBag from /home/airflow/.local/lib/python3.12/site-packages/airflow/example_dags/example_branch_operator.py
[2026-08-03T20:38:19.647+0000] {processor.py:840} INFO - DAG(s) 'example_branch_operator' retrieved from /home/airflow/.local/lib/python3.12/site-packages/airflow/example_dags/example_branch_operator.py
[2026-08-03T20:38:20.346+0000] {logging_mixin.py:188} INFO - [2026-08-03T20:38:20.346+0000] {dag.py:3089} INFO - Sync 1 DAGs
[2026-08-03T20:38:20.604+0000] {logging_mixin.py:188} INFO - [2026-08-03T20:38:20.604+0000] {dag.py:3947} INFO - Setting next_dagrun for example_branch_operator to 2026-08-02 00:00:00+00:00, run_after=2026-08-03 00:00:00+00:00
[2026-08-03T20:38:20.892+0000] {processor.py:183} INFO - Processing /home/airflow/.local/lib/python3.12/site-packages/airflow/example_dags/example_branch_operator.py took 1.616 seconds
[2026-08-03T20:39:43.640+0000] {processor.py:161} INFO - Started process (PID=188) to work on /home/airflow/.local/lib/python3.12/site-packages/airflow/example_dags/example_branch_operator.py
[2026-08-03T20:39:43.650+0000] {processor.py:830} INFO - Processing file /home/airflow/.local/lib/python3.12/site-packages/airflow/example_dags/example_branch_operator.py for tasks to queue
[2026-08-03T20:39:43.671+0000] {logging_mixin.py:188} INFO - [2026-08-03T20:39:43.658+0000] {dagbag.py:545} INFO - Filling up the DagBag from /home/airflow/.local/lib/python3.12/site-packages/airflow/example_dags/example_branch_operator.py
[2026-08-03T20:39:44.054+0000] {processor.py:840} INFO - DAG(s) 'example_branch_operator' retrieved from /home/airflow/.local/lib/python3.12/site-packages/airflow/example_dags/example_branch_operator.py
[2026-08-03T20:39:44.358+0000] {logging_mixin.py:188} INFO - [2026-08-03T20:39:44.358+0000] {dag.py:3089} INFO - Sync 1 DAGs
[2026-08-03T20:39:44.451+0000] {logging_mixin.py:188} INFO - [2026-08-03T20:39:44.450+0000] {dag.py:3947} INFO - Setting next_dagrun for example_branch_operator to 2026-08-02 00:00:00+00:00, run_after=2026-08-03 00:00:00+00:00
[2026-08-03T20:39:44.679+0000] {processor.py:183} INFO - Processing /home/airflow/.local/lib/python3.12/site-packages/airflow/example_dags/example_branch_operator.py took 1.108 seconds
[2026-08-03T20:40:22.934+0000] {processor.py:161} INFO - Started process (PID=263) to work on /home/airflow/.local/lib/python3.12/site-packages/airflow/example_dags/example_branch_operator.py
[2026-08-03T20:40:22.947+0000] {processor.py:830} INFO - Processing file /home/airflow/.local/lib/python3.12/site-packages/airflow/example_dags/example_branch_operator.py for tasks to queue
[2026-08-03T20:40:22.966+0000] {logging_mixin.py:188} INFO - [2026-08-03T20:40:22.965+0000] {dagbag.py:545} INFO - Filling up the DagBag from /home/airflow/.local/lib/python3.12/site-packages/airflow/example_dags/example_branch_operator.py
[2026-08-03T20:40:23.045+0000] {processor.py:840} INFO - DAG(s) 'example_branch_operator' retrieved from /home/airflow/.local/lib/python3.12/site-packages/airflow/example_dags/example_branch_operator.py
[2026-08-03T20:40:23.294+0000] {logging_mixin.py:188} INFO - [2026-08-03T20:40:23.293+0000] {dag.py:3089} INFO - Sync 1 DAGs
[2026-08-03T20:40:23.359+0000] {logging_mixin.py:188} INFO - [2026-08-03T20:40:23.358+0000] {dag.py:3947} INFO - Setting next_dagrun for example_branch_operator to 2026-08-02 00:00:00+00:00, run_after=2026-08-03 00:00:00+00:00
[2026-08-03T20:40:23.510+0000] {processor.py:183} INFO - Processing /home/airflow/.local/lib/python3.12/site-packages/airflow/example_dags/example_branch_operator.py took 0.603 seconds
[2026-08-03T20:40:55.457+0000] {processor.py:161} INFO - Started process (PID=335) to work on /home/airflow/.local/lib/python3.12/site-packages/airflow/example_dags/example_branch_operator.py
[2026-08-03T20:40:55.471+0000] {processor.py:830} INFO - Processing file /home/airflow/.local/lib/python3.12/site-packages/airflow/example_dags/example_branch_operator.py for tasks to queue
[2026-08-03T20:40:55.540+0000] {logging_mixin.py:188} INFO - [2026-08-03T20:40:55.478+0000] {dagbag.py:545} INFO - Filling up the DagBag from /home/airflow/.local/lib/python3.12/site-packages/airflow/example_dags/example_branch_operator.py
[2026-08-03T20:40:55.828+0000] {processor.py:840} INFO - DAG(s) 'example_branch_operator' retrieved from /home/airflow/.local/lib/python3.12/site-packages/airflow/example_dags/example_branch_operator.py
[2026-08-03T20:40:56.008+0000] {logging_mixin.py:188} INFO - [2026-08-03T20:40:56.007+0000] {dag.py:3089} INFO - Sync 1 DAGs
[2026-08-03T20:40:56.117+0000] {logging_mixin.py:188} INFO - [2026-08-03T20:40:56.116+0000] {dag.py:3947} INFO - Setting next_dagrun for example_branch_operator to 2026-08-02 00:00:00+00:00, run_after=2026-08-03 00:00:00+00:00
[2026-08-03T20:40:56.277+0000] {processor.py:183} INFO - Processing /home/airflow/.local/lib/python3.12/site-packages/airflow/example_dags/example_branch_operator.py took 0.920 seconds
[2026-08-03T20:41:26.893+0000] {processor.py:161} INFO - Started process (PID=397) to work on /home/airflow/.local/lib/python3.12/site-packages/airflow/example_dags/example_branch_operator.py
[2026-08-03T20:41:26.897+0000] {processor.py:830} INFO - Processing file /home/airflow/.local/lib/python3.12/site-packages/airflow/example_dags/example_branch_operator.py for tasks to queue
[2026-08-03T20:41:26.902+0000] {logging_mixin.py:188} INFO - [2026-08-03T20:41:26.900+0000] {dagbag.py:545} INFO - Filling up the DagBag from /home/airflow/.local/lib/python3.12/site-packages/airflow/example_dags/example_branch_operator.py
[2026-08-03T20:41:26.967+0000] {processor.py:840} INFO - DAG(s) 'example_branch_operator' retrieved from /home/airflow/.local/lib/python3.12/site-packages/airflow/example_dags/example_branch_operator.py
[2026-08-03T20:41:27.063+0000] {logging_mixin.py:188} INFO - [2026-08-03T20:41:27.063+0000] {dag.py:3089} INFO - Sync 1 DAGs
[2026-08-03T20:41:27.128+0000] {logging_mixin.py:188} INFO - [2026-08-03T20:41:27.127+0000] {dag.py:3947} INFO - Setting next_dagrun for example_branch_operator to 2026-08-02 00:00:00+00:00, run_after=2026-08-03 00:00:00+00:00
[2026-08-03T20:41:27.180+0000] {processor.py:183} INFO - Processing /home/airflow/.local/lib/python3.12/site-packages/airflow/example_dags/example_branch_operator.py took 0.306 seconds
[2026-08-03T20:42:02.694+0000] {processor.py:161} INFO - Started process (PID=469) to work on /home/airflow/.local/lib/python3.12/site-packages/airflow/example_dags/example_branch_operator.py
[2026-08-03T20:42:02.760+0000] {processor.py:830} INFO - Processing file /home/airflow/.local/lib/python3.12/site-packages/airflow/example_dags/example_branch_operator.py for tasks to queue
[2026-08-03T20:42:02.854+0000] {logging_mixin.py:188} INFO - [2026-08-03T20:42:02.853+0000] {dagbag.py:545} INFO - Filling up the DagBag from /home/airflow/.local/lib/python3.12/site-packages/airflow/example_dags/example_branch_operator.py
[2026-08-03T20:42:03.515+0000] {processor.py:840} INFO - DAG(s) 'example_branch_operator' retrieved from /home/airflow/.local/lib/python3.12/site-packages/airflow/example_dags/example_branch_operator.py
[2026-08-03T20:42:03.980+0000] {logging_mixin.py:188} INFO - [2026-08-03T20:42:03.979+0000] {dag.py:3089} INFO - Sync 1 DAGs
[2026-08-03T20:42:04.248+0000] {logging_mixin.py:188} INFO - [2026-08-03T20:42:04.247+0000] {dag.py:3947} INFO - Setting next_dagrun for example_branch_operator to 2026-08-02 00:00:00+00:00, run_after=2026-08-03 00:00:00+00:00
[2026-08-03T20:42:04.445+0000] {processor.py:183} INFO - Processing /home/airflow/.local/lib/python3.12/site-packages/airflow/example_dags/example_branch_operator.py took 1.878 seconds
[2026-08-03T20:43:10.736+0000] {processor.py:161} INFO - Started process (PID=543) to work on /home/airflow/.local/lib/python3.12/site-packages/airflow/example_dags/example_branch_operator.py
[2026-08-03T20:43:10.746+0000] {processor.py:830} INFO - Processing file /home/airflow/.local/lib/python3.12/site-packages/airflow/example_dags/example_branch_operator.py for tasks to queue
[2026-08-03T20:43:10.756+0000] {logging_mixin.py:188} INFO - [2026-08-03T20:43:10.754+0000] {dagbag.py:545} INFO - Filling up the DagBag from /home/airflow/.local/lib/python3.12/site-packages/airflow/example_dags/example_branch_operator.py
[2026-08-03T20:43:10.851+0000] {processor.py:840} INFO - DAG(s) 'example_branch_operator' retrieved from /home/airflow/.local/lib/python3.12/site-packages/airflow/example_dags/example_branch_operator.py
[2026-08-03T20:43:11.257+0000] {logging_mixin.py:188} INFO - [2026-08-03T20:43:11.247+0000] {dag.py:3089} INFO - Sync 1 DAGs
[2026-08-03T20:43:11.932+0000] {logging_mixin.py:188} INFO - [2026-08-03T20:43:11.921+0000] {dag.py:3947} INFO - Setting next_dagrun for example_branch_operator to 2026-08-02 00:00:00+00:00, run_after=2026-08-03 00:00:00+00:00
[2026-08-03T20:43:12.276+0000] {processor.py:183} INFO - Processing /home/airflow/.local/lib/python3.12/site-packages/airflow/example_dags/example_branch_operator.py took 1.647 seconds
[2026-08-03T20:43:50.159+0000] {processor.py:161} INFO - Started process (PID=615) to work on /home/airflow/.local/lib/python3.12/site-packages/airflow/example_dags/example_branch_operator.py
[2026-08-03T20:43:50.165+0000] {processor.py:830} INFO - Processing file /home/airflow/.local/lib/python3.12/site-packages/airflow/example_dags/example_branch_operator.py for tasks to queue
[2026-08-03T20:43:50.169+0000] {logging_mixin.py:188} INFO - [2026-08-03T20:43:50.168+0000] {dagbag.py:545} INFO - Filling up the DagBag from /home/airflow/.local/lib/python3.12/site-packages/airflow/example_dags/example_branch_operator.py
[2026-08-03T20:43:50.243+0000] {processor.py:840} INFO - DAG(s) 'example_branch_operator' retrieved from /home/airflow/.local/lib/python3.12/site-packages/airflow/example_dags/example_branch_operator.py
[2026-08-03T20:43:50.391+0000] {logging_mixin.py:188} INFO - [2026-08-03T20:43:50.391+0000] {dag.py:3089} INFO - Sync 1 DAGs
[2026-08-03T20:43:50.484+0000] {logging_mixin.py:188} INFO - [2026-08-03T20:43:50.483+0000] {dag.py:3947} INFO - Setting next_dagrun for example_branch_operator to 2026-08-02 00:00:00+00:00, run_after=2026-08-03 00:00:00+00:00
[2026-08-03T20:43:50.574+0000] {processor.py:183} INFO - Processing /home/airflow/.local/lib/python3.12/site-packages/airflow/example_dags/example_branch_operator.py took 0.470 seconds
[2026-08-03T20:44:41.625+0000] {processor.py:161} INFO - Started process (PID=695) to work on /home/airflow/.local/lib/python3.12/site-packages/airflow/example_dags/example_branch_operator.py
[2026-08-03T20:44:41.644+0000] {processor.py:830} INFO - Processing file /home/airflow/.local/lib/python3.12/site-packages/airflow/example_dags/example_branch_operator.py for tasks to queue
[2026-08-03T20:44:41.649+0000] {logging_mixin.py:188} INFO - [2026-08-03T20:44:41.648+0000] {dagbag.py:545} INFO - Filling up the DagBag from /home/airflow/.local/lib/python3.12/site-packages/airflow/example_dags/example_branch_operator.py
[2026-08-03T20:44:41.766+0000] {processor.py:840} INFO - DAG(s) 'example_branch_operator' retrieved from /home/airflow/.local/lib/python3.12/site-packages/airflow/example_dags/example_branch_operator.py
[2026-08-03T20:44:41.985+0000] {logging_mixin.py:188} INFO - [2026-08-03T20:44:41.984+0000] {dag.py:3089} INFO - Sync 1 DAGs
[2026-08-03T20:44:42.108+0000] {logging_mixin.py:188} INFO - [2026-08-03T20:44:42.107+0000] {dag.py:3947} INFO - Setting next_dagrun for example_branch_operator to 2026-08-02 00:00:00+00:00, run_after=2026-08-03 00:00:00+00:00
[2026-08-03T20:44:42.193+0000] {processor.py:183} INFO - Processing /home/airflow/.local/lib/python3.12/site-packages/airflow/example_dags/example_branch_operator.py took 0.606 seconds
[2026-08-03T20:45:25.832+0000] {processor.py:161} INFO - Started process (PID=768) to work on /home/airflow/.local/lib/python3.12/site-packages/airflow/example_dags/example_branch_operator.py
[2026-08-03T20:45:25.848+0000] {processor.py:830} INFO - Processing file /home/airflow/.local/lib/python3.12/site-packages/airflow/example_dags/example_branch_operator.py for tasks to queue
[2026-08-03T20:45:25.925+0000] {logging_mixin.py:188} INFO - [2026-08-03T20:45:25.923+0000] {dagbag.py:545} INFO - Filling up the DagBag from /home/airflow/.local/lib/python3.12/site-packages/airflow/example_dags/example_branch_operator.py
[2026-08-03T20:45:26.590+0000] {processor.py:840} INFO - DAG(s) 'example_branch_operator' retrieved from /home/airflow/.local/lib/python3.12/site-packages/airflow/example_dags/example_branch_operator.py
[2026-08-03T20:45:26.852+0000] {logging_mixin.py:188} INFO - [2026-08-03T20:45:26.851+0000] {dag.py:3089} INFO - Sync 1 DAGs
[2026-08-03T20:45:27.018+0000] {logging_mixin.py:188} INFO - [2026-08-03T20:45:27.017+0000] {dag.py:3947} INFO - Setting next_dagrun for example_branch_operator to 2026-08-02 00:00:00+00:00, run_after=2026-08-03 00:00:00+00:00
[2026-08-03T20:45:27.157+0000] {processor.py:183} INFO - Processing /home/airflow/.local/lib/python3.12/site-packages/airflow/example_dags/example_branch_operator.py took 1.521 seconds
[2026-08-03T20:46:10.691+0000] {processor.py:161} INFO - Started process (PID=843) to work on /home/airflow/.local/lib/python3.12/site-packages/airflow/example_dags/example_branch_operator.py
[2026-08-03T20:46:10.744+0000] {processor.py:830} INFO - Processing file /home/airflow/.local/lib/python3.12/site-packages/airflow/example_dags/example_branch_operator.py for tasks to queue
[2026-08-03T20:46:10.799+0000] {logging_mixin.py:188} INFO - [2026-08-03T20:46:10.781+0000] {dagbag.py:545} INFO - Filling up the DagBag from /home/airflow/.local/lib/python3.12/site-packages/airflow/example_dags/example_branch_operator.py
[2026-08-03T20:46:11.063+0000] {processor.py:840} INFO - DAG(s) 'example_branch_operator' retrieved from /home/airflow/.local/lib/python3.12/site-packages/airflow/example_dags/example_branch_operator.py
[2026-08-03T20:46:11.181+0000] {logging_mixin.py:188} INFO - [2026-08-03T20:46:11.180+0000] {dag.py:3089} INFO - Sync 1 DAGs
[2026-08-03T20:46:11.334+0000] {logging_mixin.py:188} INFO - [2026-08-03T20:46:11.331+0000] {dag.py:3947} INFO - Setting next_dagrun for example_branch_operator to 2026-08-02 00:00:00+00:00, run_after=2026-08-03 00:00:00+00:00
[2026-08-03T20:46:11.432+0000] {processor.py:183} INFO - Processing /home/airflow/.local/lib/python3.12/site-packages/airflow/example_dags/example_branch_operator.py took 0.970 seconds
[2026-08-03T20:46:50.408+0000] {processor.py:161} INFO - Started process (PID=919) to work on /home/airflow/.local/lib/python3.12/site-packages/airflow/example_dags/example_branch_operator.py
[2026-08-03T20:46:50.417+0000] {processor.py:830} INFO - Processing file /home/airflow/.local/lib/python3.12/site-packages/airflow/example_dags/example_branch_operator.py for tasks to queue
[2026-08-03T20:46:50.437+0000] {logging_mixin.py:188} INFO - [2026-08-03T20:46:50.436+0000] {dagbag.py:545} INFO - Filling up the DagBag from /home/airflow/.local/lib/python3.12/site-packages/airflow/example_dags/example_branch_operator.py
[2026-08-03T20:46:50.539+0000] {processor.py:840} INFO - DAG(s) 'example_branch_operator' retrieved from /home/airflow/.local/lib/python3.12/site-packages/airflow/example_dags/example_branch_operator.py
[2026-08-03T20:46:50.745+0000] {logging_mixin.py:188} INFO - [2026-08-03T20:46:50.745+0000] {dag.py:3089} INFO - Sync 1 DAGs
[2026-08-03T20:46:51.124+0000] {logging_mixin.py:188} INFO - [2026-08-03T20:46:51.124+0000] {dag.py:3947} INFO - Setting next_dagrun for example_branch_operator to 2026-08-02 00:00:00+00:00, run_after=2026-08-03 00:00:00+00:00
[2026-08-03T20:46:51.373+0000] {processor.py:183} INFO - Processing /home/airflow/.local/lib/python3.12/site-packages/airflow/example_dags/example_branch_operator.py took 0.997 seconds
[2026-08-03T20:47:30.345+0000] {processor.py:161} INFO - Started process (PID=995) to work on /home/airflow/.local/lib/python3.12/site-packages/airflow/example_dags/example_branch_operator.py
[2026-08-03T20:47:30.363+0000] {processor.py:830} INFO - Processing file /home/airflow/.local/lib/python3.12/site-packages/airflow/example_dags/example_branch_operator.py for tasks to queue
[2026-08-03T20:47:30.369+0000] {logging_mixin.py:188} INFO - [2026-08-03T20:47:30.368+0000] {dagbag.py:545} INFO - Filling up the DagBag from /home/airflow/.local/lib/python3.12/site-packages/airflow/example_dags/example_branch_operator.py
[2026-08-03T20:47:30.470+0000] {processor.py:840} INFO - DAG(s) 'example_branch_operator' retrieved from /home/airflow/.local/lib/python3.12/site-packages/airflow/example_dags/example_branch_operator.py
[2026-08-03T20:47:30.941+0000] {logging_mixin.py:188} INFO - [2026-08-03T20:47:30.940+0000] {dag.py:3089} INFO - Sync 1 DAGs
[2026-08-03T20:47:31.146+0000] {logging_mixin.py:188} INFO - [2026-08-03T20:47:31.146+0000] {dag.py:3947} INFO - Setting next_dagrun for example_branch_operator to 2026-08-02 00:00:00+00:00, run_after=2026-08-03 00:00:00+00:00
[2026-08-03T20:47:31.471+0000] {processor.py:183} INFO - Processing /home/airflow/.local/lib/python3.12/site-packages/airflow/example_dags/example_branch_operator.py took 1.229 seconds
