[2026-08-03T20:38:12.999+0000] {processor.py:161} INFO - Started process (PID=99) to work on /home/airflow/.local/lib/python3.12/site-packages/airflow/example_dags/example_external_task_marker_dag.py
[2026-08-03T20:38:13.012+0000] {processor.py:830} INFO - Processing file /home/airflow/.local/lib/python3.12/site-packages/airflow/example_dags/example_external_task_marker_dag.py for tasks to queue
[2026-08-03T20:38:13.037+0000] {logging_mixin.py:188} INFO - [2026-08-03T20:38:13.029+0000] {dagbag.py:545} INFO - Filling up the DagBag from /home/airflow/.local/lib/python3.12/site-packages/airflow/example_dags/example_external_task_marker_dag.py
[2026-08-03T20:38:13.264+0000] {processor.py:840} INFO - DAG(s) 'example_external_task_marker_child', 'example_external_task_marker_parent' retrieved from /home/airflow/.local/lib/python3.12/site-packages/airflow/example_dags/example_external_task_marker_dag.py
[2026-08-03T20:38:14.256+0000] {logging_mixin.py:188} INFO - [2026-08-03T20:38:14.255+0000] {dag.py:3089} INFO - Sync 2 DAGs
[2026-08-03T20:38:14.453+0000] {logging_mixin.py:188} INFO - [2026-08-03T20:38:14.453+0000] {dag.py:3947} INFO - Setting next_dagrun for example_external_task_marker_child to None, run_after=None
[2026-08-03T20:38:14.507+0000] {logging_mixin.py:188} INFO - [2026-08-03T20:38:14.506+0000] {dag.py:3947} INFO - Setting next_dagrun for example_external_task_marker_parent to None, run_after=None
[2026-08-03T20:38:14.943+0000] {processor.py:183} INFO - Processing /home/airflow/.local/lib/python3.12/site-packages/airflow/example_dags/example_external_task_marker_dag.py took 1.981 seconds
[2026-08-03T20:39:37.199+0000] {processor.py:161} INFO - Started process (PID=183) to work on /home/airflow/.local/lib/python3.12/site-packages/airflow/example_dags/example_external_task_marker_dag.py
[2026-08-03T20:39:37.251+0000] {processor.py:830} INFO - Processing file /home/airflow/.local/lib/python3.12/site-packages/airflow/example_dags/example_external_task_marker_dag.py for tasks to queue
[2026-08-03T20:39:37.611+0000] {logging_mixin.py:188} INFO - [2026-08-03T20:39:37.502+0000] {dagbag.py:545} INFO - Filling up the DagBag from /home/airflow/.local/lib/python3.12/site-packages/airflow/example_dags/example_external_task_marker_dag.py
[2026-08-03T20:39:37.688+0000] {processor.py:840} INFO - DAG(s) 'example_external_task_marker_child', 'example_external_task_marker_parent' retrieved from /home/airflow/.local/lib/python3.12/site-packages/airflow/example_dags/example_external_task_marker_dag.py
[2026-08-03T20:39:38.473+0000] {logging_mixin.py:188} INFO - [2026-08-03T20:39:38.470+0000] {dag.py:3089} INFO - Sync 2 DAGs
[2026-08-03T20:39:38.896+0000] {logging_mixin.py:188} INFO - [2026-08-03T20:39:38.895+0000] {dag.py:3947} INFO - Setting next_dagrun for example_external_task_marker_child to None, run_after=None
[2026-08-03T20:39:39.121+0000] {logging_mixin.py:188} INFO - [2026-08-03T20:39:39.121+0000] {dag.py:3947} INFO - Setting next_dagrun for example_external_task_marker_parent to None, run_after=None
[2026-08-03T20:39:39.423+0000] {processor.py:183} INFO - Processing /home/airflow/.local/lib/python3.12/site-packages/airflow/example_dags/example_external_task_marker_dag.py took 2.653 seconds
[2026-08-03T20:40:17.922+0000] {processor.py:161} INFO - Started process (PID=258) to work on /home/airflow/.local/lib/python3.12/site-packages/airflow/example_dags/example_external_task_marker_dag.py
[2026-08-03T20:40:17.928+0000] {processor.py:830} INFO - Processing file /home/airflow/.local/lib/python3.12/site-packages/airflow/example_dags/example_external_task_marker_dag.py for tasks to queue
[2026-08-03T20:40:17.933+0000] {logging_mixin.py:188} INFO - [2026-08-03T20:40:17.932+0000] {dagbag.py:545} INFO - Filling up the DagBag from /home/airflow/.local/lib/python3.12/site-packages/airflow/example_dags/example_external_task_marker_dag.py
[2026-08-03T20:40:17.967+0000] {processor.py:840} INFO - DAG(s) 'example_external_task_marker_parent', 'example_external_task_marker_child' retrieved from /home/airflow/.local/lib/python3.12/site-packages/airflow/example_dags/example_external_task_marker_dag.py
[2026-08-03T20:40:18.204+0000] {logging_mixin.py:188} INFO - [2026-08-03T20:40:18.204+0000] {dag.py:3089} INFO - Sync 2 DAGs
[2026-08-03T20:40:18.426+0000] {logging_mixin.py:188} INFO - [2026-08-03T20:40:18.425+0000] {dag.py:3947} INFO - Setting next_dagrun for example_external_task_marker_child to None, run_after=None
[2026-08-03T20:40:18.443+0000] {logging_mixin.py:188} INFO - [2026-08-03T20:40:18.442+0000] {dag.py:3947} INFO - Setting next_dagrun for example_external_task_marker_parent to None, run_after=None
[2026-08-03T20:40:18.533+0000] {processor.py:183} INFO - Processing /home/airflow/.local/lib/python3.12/site-packages/airflow/example_dags/example_external_task_marker_dag.py took 0.688 seconds
[2026-08-03T20:40:48.814+0000] {processor.py:161} INFO - Started process (PID=321) to work on /home/airflow/.local/lib/python3.12/site-packages/airflow/example_dags/example_external_task_marker_dag.py
[2026-08-03T20:40:48.817+0000] {processor.py:830} INFO - Processing file /home/airflow/.local/lib/python3.12/site-packages/airflow/example_dags/example_external_task_marker_dag.py for tasks to queue
[2026-08-03T20:40:48.821+0000] {logging_mixin.py:188} INFO - [2026-08-03T20:40:48.820+0000] {dagbag.py:545} INFO - Filling up the DagBag from /home/airflow/.local/lib/python3.12/site-packages/airflow/example_dags/example_external_task_marker_dag.py
[2026-08-03T20:40:48.840+0000] {processor.py:840} INFO - DAG(s) 'example_external_task_marker_child', 'example_external_task_marker_parent' retrieved from /home/airflow/.local/lib/python3.12/site-packages/airflow/example_dags/example_external_task_marker_dag.py
[2026-08-03T20:40:48.919+0000] {logging_mixin.py:188} INFO - [2026-08-03T20:40:48.918+0000] {dag.py:3089} INFO - Sync 2 DAGs
[2026-08-03T20:40:48.967+0000] {logging_mixin.py:188} INFO - [2026-08-03T20:40:48.966+0000] {dag.py:3947} INFO - Setting next_dagrun for example_external_task_marker_child to None, run_after=None
[2026-08-03T20:40:48.980+0000] {logging_mixin.py:188} INFO - [2026-08-03T20:40:48.979+0000] {dag.py:3947} INFO - Setting next_dagrun for example_external_task_marker_parent to None, run_after=None
[2026-08-03T20:40:49.032+0000] {processor.py:183} INFO - Processing /home/airflow/.local/lib/python3.12/site-packages/airflow/example_dags/example_external_task_marker_dag.py took 0.230 seconds
[2026-08-03T20:41:19.914+0000] {processor.py:161} INFO - Started process (PID=390) to work on /home/airflow/.local/lib/python3.12/site-packages/airflow/example_dags/example_external_task_marker_dag.py
[2026-08-03T20:41:19.917+0000] {processor.py:830} INFO - Processing file /home/airflow/.local/lib/python3.12/site-packages/airflow/example_dags/example_external_task_marker_dag.py for tasks to queue
[2026-08-03T20:41:19.933+0000] {logging_mixin.py:188} INFO - [2026-08-03T20:41:19.926+0000] {dagbag.py:545} INFO - Filling up the DagBag from /home/airflow/.local/lib/python3.12/site-packages/airflow/example_dags/example_external_task_marker_dag.py
[2026-08-03T20:41:20.018+0000] {processor.py:840} INFO - DAG(s) 'example_external_task_marker_child', 'example_external_task_marker_parent' retrieved from /home/airflow/.local/lib/python3.12/site-packages/airflow/example_dags/example_external_task_marker_dag.py
[2026-08-03T20:41:20.140+0000] {logging_mixin.py:188} INFO - [2026-08-03T20:41:20.139+0000] {dag.py:3089} INFO - Sync 2 DAGs
[2026-08-03T20:41:20.331+0000] {logging_mixin.py:188} INFO - [2026-08-03T20:41:20.331+0000] {dag.py:3947} INFO - Setting next_dagrun for example_external_task_marker_child to None, run_after=None
[2026-08-03T20:41:20.375+0000] {logging_mixin.py:188} INFO - [2026-08-03T20:41:20.374+0000] {dag.py:3947} INFO - Setting next_dagrun for example_external_task_marker_parent to None, run_after=None
[2026-08-03T20:41:20.601+0000] {processor.py:183} INFO - Processing /home/airflow/.local/lib/python3.12/site-packages/airflow/example_dags/example_external_task_marker_dag.py took 0.758 seconds
[2026-08-03T20:41:53.238+0000] {processor.py:161} INFO - Started process (PID=453) to work on /home/airflow/.local/lib/python3.12/site-packages/airflow/example_dags/example_external_task_marker_dag.py
[2026-08-03T20:41:53.244+0000] {processor.py:830} INFO - Processing file /home/airflow/.local/lib/python3.12/site-packages/airflow/example_dags/example_external_task_marker_dag.py for tasks to queue
[2026-08-03T20:41:53.283+0000] {logging_mixin.py:188} INFO - [2026-08-03T20:41:53.261+0000] {dagbag.py:545} INFO - Filling up the DagBag from /home/airflow/.local/lib/python3.12/site-packages/airflow/example_dags/example_external_task_marker_dag.py
[2026-08-03T20:41:53.312+0000] {processor.py:840} INFO - DAG(s) 'example_external_task_marker_parent', 'example_external_task_marker_child' retrieved from /home/airflow/.local/lib/python3.12/site-packages/airflow/example_dags/example_external_task_marker_dag.py
[2026-08-03T20:41:53.458+0000] {logging_mixin.py:188} INFO - [2026-08-03T20:41:53.458+0000] {dag.py:3089} INFO - Sync 2 DAGs
[2026-08-03T20:41:53.545+0000] {logging_mixin.py:188} INFO - [2026-08-03T20:41:53.544+0000] {dag.py:3947} INFO - Setting next_dagrun for example_external_task_marker_child to None, run_after=None
[2026-08-03T20:41:53.563+0000] {logging_mixin.py:188} INFO - [2026-08-03T20:41:53.562+0000] {dag.py:3947} INFO - Setting next_dagrun for example_external_task_marker_parent to None, run_after=None
[2026-08-03T20:41:53.714+0000] {processor.py:183} INFO - Processing /home/airflow/.local/lib/python3.12/site-packages/airflow/example_dags/example_external_task_marker_dag.py took 0.524 seconds
[2026-08-03T20:43:08.398+0000] {processor.py:161} INFO - Started process (PID=538) to work on /home/airflow/.local/lib/python3.12/site-packages/airflow/example_dags/example_external_task_marker_dag.py
[2026-08-03T20:43:08.422+0000] {processor.py:830} INFO - Processing file /home/airflow/.local/lib/python3.12/site-packages/airflow/example_dags/example_external_task_marker_dag.py for tasks to queue
[2026-08-03T20:43:08.457+0000] {logging_mixin.py:188} INFO - [2026-08-03T20:43:08.436+0000] {dagbag.py:545} INFO - Filling up the DagBag from /home/airflow/.local/lib/python3.12/site-packages/airflow/example_dags/example_external_task_marker_dag.py
[2026-08-03T20:43:08.562+0000] {processor.py:840} INFO - DAG(s) 'example_external_task_marker_parent', 'example_external_task_marker_child' retrieved from /home/airflow/.local/lib/python3.12/site-packages/airflow/example_dags/example_external_task_marker_dag.py
[2026-08-03T20:43:08.677+0000] {logging_mixin.py:188} INFO - [2026-08-03T20:43:08.677+0000] {dag.py:3089} INFO - Sync 2 DAGs
[2026-08-03T20:43:08.807+0000] {logging_mixin.py:188} INFO - [2026-08-03T20:43:08.806+0000] {dag.py:3947} INFO - Setting next_dagrun for example_external_task_marker_child to None, run_after=None
[2026-08-03T20:43:08.856+0000] {logging_mixin.py:188} INFO - [2026-08-03T20:43:08.855+0000] {dag.py:3947} INFO - Setting next_dagrun for example_external_task_marker_parent to None, run_after=None
[2026-08-03T20:43:09.093+0000] {processor.py:183} INFO - Processing /home/airflow/.local/lib/python3.12/site-packages/airflow/example_dags/example_external_task_marker_dag.py took 0.797 seconds
[2026-08-03T20:43:46.199+0000] {processor.py:161} INFO - Started process (PID=610) to work on /home/airflow/.local/lib/python3.12/site-packages/airflow/example_dags/example_external_task_marker_dag.py
[2026-08-03T20:43:46.232+0000] {processor.py:830} INFO - Processing file /home/airflow/.local/lib/python3.12/site-packages/airflow/example_dags/example_external_task_marker_dag.py for tasks to queue
[2026-08-03T20:43:46.239+0000] {logging_mixin.py:188} INFO - [2026-08-03T20:43:46.238+0000] {dagbag.py:545} INFO - Filling up the DagBag from /home/airflow/.local/lib/python3.12/site-packages/airflow/example_dags/example_external_task_marker_dag.py
[2026-08-03T20:43:46.290+0000] {processor.py:840} INFO - DAG(s) 'example_external_task_marker_parent', 'example_external_task_marker_child' retrieved from /home/airflow/.local/lib/python3.12/site-packages/airflow/example_dags/example_external_task_marker_dag.py
[2026-08-03T20:43:46.545+0000] {logging_mixin.py:188} INFO - [2026-08-03T20:43:46.544+0000] {dag.py:3089} INFO - Sync 2 DAGs
[2026-08-03T20:43:46.687+0000] {logging_mixin.py:188} INFO - [2026-08-03T20:43:46.687+0000] {dag.py:3947} INFO - Setting next_dagrun for example_external_task_marker_child to None, run_after=None
[2026-08-03T20:43:46.736+0000] {logging_mixin.py:188} INFO - [2026-08-03T20:43:46.736+0000] {dag.py:3947} INFO - Setting next_dagrun for example_external_task_marker_parent to None, run_after=None
[2026-08-03T20:43:47.074+0000] {processor.py:183} INFO - Processing /home/airflow/.local/lib/python3.12/site-packages/airflow/example_dags/example_external_task_marker_dag.py took 1.003 seconds
[2026-08-03T20:44:38.171+0000] {processor.py:161} INFO - Started process (PID=690) to work on /home/airflow/.local/lib/python3.12/site-packages/airflow/example_dags/example_external_task_marker_dag.py
[2026-08-03T20:44:38.182+0000] {processor.py:830} INFO - Processing file /home/airflow/.local/lib/python3.12/site-packages/airflow/example_dags/example_external_task_marker_dag.py for tasks to queue
[2026-08-03T20:44:38.193+0000] {logging_mixin.py:188} INFO - [2026-08-03T20:44:38.192+0000] {dagbag.py:545} INFO - Filling up the DagBag from /home/airflow/.local/lib/python3.12/site-packages/airflow/example_dags/example_external_task_marker_dag.py
[2026-08-03T20:44:38.250+0000] {processor.py:840} INFO - DAG(s) 'example_external_task_marker_parent', 'example_external_task_marker_child' retrieved from /home/airflow/.local/lib/python3.12/site-packages/airflow/example_dags/example_external_task_marker_dag.py
[2026-08-03T20:44:38.362+0000] {logging_mixin.py:188} INFO - [2026-08-03T20:44:38.358+0000] {dag.py:3089} INFO - Sync 2 DAGs
[2026-08-03T20:44:38.476+0000] {logging_mixin.py:188} INFO - [2026-08-03T20:44:38.472+0000] {dag.py:3947} INFO - Setting next_dagrun for example_external_task_marker_child to None, run_after=None
[2026-08-03T20:44:38.506+0000] {logging_mixin.py:188} INFO - [2026-08-03T20:44:38.503+0000] {dag.py:3947} INFO - Setting next_dagrun for example_external_task_marker_parent to None, run_after=None
[2026-08-03T20:44:38.606+0000] {processor.py:183} INFO - Processing /home/airflow/.local/lib/python3.12/site-packages/airflow/example_dags/example_external_task_marker_dag.py took 0.463 seconds
[2026-08-03T20:45:22.571+0000] {processor.py:161} INFO - Started process (PID=763) to work on /home/airflow/.local/lib/python3.12/site-packages/airflow/example_dags/example_external_task_marker_dag.py
[2026-08-03T20:45:22.581+0000] {processor.py:830} INFO - Processing file /home/airflow/.local/lib/python3.12/site-packages/airflow/example_dags/example_external_task_marker_dag.py for tasks to queue
[2026-08-03T20:45:22.600+0000] {logging_mixin.py:188} INFO - [2026-08-03T20:45:22.587+0000] {dagbag.py:545} INFO - Filling up the DagBag from /home/airflow/.local/lib/python3.12/site-packages/airflow/example_dags/example_external_task_marker_dag.py
[2026-08-03T20:45:22.656+0000] {processor.py:840} INFO - DAG(s) 'example_external_task_marker_child', 'example_external_task_marker_parent' retrieved from /home/airflow/.local/lib/python3.12/site-packages/airflow/example_dags/example_external_task_marker_dag.py
[2026-08-03T20:45:23.076+0000] {logging_mixin.py:188} INFO - [2026-08-03T20:45:23.075+0000] {dag.py:3089} INFO - Sync 2 DAGs
[2026-08-03T20:45:23.332+0000] {logging_mixin.py:188} INFO - [2026-08-03T20:45:23.331+0000] {dag.py:3947} INFO - Setting next_dagrun for example_external_task_marker_child to None, run_after=None
[2026-08-03T20:45:23.356+0000] {logging_mixin.py:188} INFO - [2026-08-03T20:45:23.355+0000] {dag.py:3947} INFO - Setting next_dagrun for example_external_task_marker_parent to None, run_after=None
[2026-08-03T20:45:23.444+0000] {processor.py:183} INFO - Processing /home/airflow/.local/lib/python3.12/site-packages/airflow/example_dags/example_external_task_marker_dag.py took 0.972 seconds
[2026-08-03T20:46:07.706+0000] {processor.py:161} INFO - Started process (PID=837) to work on /home/airflow/.local/lib/python3.12/site-packages/airflow/example_dags/example_external_task_marker_dag.py
[2026-08-03T20:46:07.716+0000] {processor.py:830} INFO - Processing file /home/airflow/.local/lib/python3.12/site-packages/airflow/example_dags/example_external_task_marker_dag.py for tasks to queue
[2026-08-03T20:46:07.746+0000] {logging_mixin.py:188} INFO - [2026-08-03T20:46:07.724+0000] {dagbag.py:545} INFO - Filling up the DagBag from /home/airflow/.local/lib/python3.12/site-packages/airflow/example_dags/example_external_task_marker_dag.py
[2026-08-03T20:46:07.860+0000] {processor.py:840} INFO - DAG(s) 'example_external_task_marker_parent', 'example_external_task_marker_child' retrieved from /home/airflow/.local/lib/python3.12/site-packages/airflow/example_dags/example_external_task_marker_dag.py
[2026-08-03T20:46:08.048+0000] {logging_mixin.py:188} INFO - [2026-08-03T20:46:08.047+0000] {dag.py:3089} INFO - Sync 2 DAGs
[2026-08-03T20:46:08.170+0000] {logging_mixin.py:188} INFO - [2026-08-03T20:46:08.169+0000] {dag.py:3947} INFO - Setting next_dagrun for example_external_task_marker_child to None, run_after=None
[2026-08-03T20:46:08.188+0000] {logging_mixin.py:188} INFO - [2026-08-03T20:46:08.187+0000] {dag.py:3947} INFO - Setting next_dagrun for example_external_task_marker_parent to None, run_after=None
[2026-08-03T20:46:08.309+0000] {processor.py:183} INFO - Processing /home/airflow/.local/lib/python3.12/site-packages/airflow/example_dags/example_external_task_marker_dag.py took 0.721 seconds
[2026-08-03T20:46:47.437+0000] {processor.py:161} INFO - Started process (PID=914) to work on /home/airflow/.local/lib/python3.12/site-packages/airflow/example_dags/example_external_task_marker_dag.py
[2026-08-03T20:46:47.458+0000] {processor.py:830} INFO - Processing file /home/airflow/.local/lib/python3.12/site-packages/airflow/example_dags/example_external_task_marker_dag.py for tasks to queue
[2026-08-03T20:46:47.465+0000] {logging_mixin.py:188} INFO - [2026-08-03T20:46:47.464+0000] {dagbag.py:545} INFO - Filling up the DagBag from /home/airflow/.local/lib/python3.12/site-packages/airflow/example_dags/example_external_task_marker_dag.py
[2026-08-03T20:46:47.549+0000] {processor.py:840} INFO - DAG(s) 'example_external_task_marker_parent', 'example_external_task_marker_child' retrieved from /home/airflow/.local/lib/python3.12/site-packages/airflow/example_dags/example_external_task_marker_dag.py
[2026-08-03T20:46:47.822+0000] {logging_mixin.py:188} INFO - [2026-08-03T20:46:47.821+0000] {dag.py:3089} INFO - Sync 2 DAGs
[2026-08-03T20:46:47.981+0000] {logging_mixin.py:188} INFO - [2026-08-03T20:46:47.981+0000] {dag.py:3947} INFO - Setting next_dagrun for example_external_task_marker_child to None, run_after=None
[2026-08-03T20:46:48.072+0000] {logging_mixin.py:188} INFO - [2026-08-03T20:46:48.071+0000] {dag.py:3947} INFO - Setting next_dagrun for example_external_task_marker_parent to None, run_after=None
[2026-08-03T20:46:48.283+0000] {processor.py:183} INFO - Processing /home/airflow/.local/lib/python3.12/site-packages/airflow/example_dags/example_external_task_marker_dag.py took 0.928 seconds
[2026-08-03T20:47:23.995+0000] {processor.py:161} INFO - Started process (PID=988) to work on /home/airflow/.local/lib/python3.12/site-packages/airflow/example_dags/example_external_task_marker_dag.py
[2026-08-03T20:47:23.999+0000] {processor.py:830} INFO - Processing file /home/airflow/.local/lib/python3.12/site-packages/airflow/example_dags/example_external_task_marker_dag.py for tasks to queue
[2026-08-03T20:47:24.012+0000] {logging_mixin.py:188} INFO - [2026-08-03T20:47:24.011+0000] {dagbag.py:545} INFO - Filling up the DagBag from /home/airflow/.local/lib/python3.12/site-packages/airflow/example_dags/example_external_task_marker_dag.py
[2026-08-03T20:47:24.143+0000] {processor.py:840} INFO - DAG(s) 'example_external_task_marker_parent', 'example_external_task_marker_child' retrieved from /home/airflow/.local/lib/python3.12/site-packages/airflow/example_dags/example_external_task_marker_dag.py
[2026-08-03T20:47:24.501+0000] {logging_mixin.py:188} INFO - [2026-08-03T20:47:24.492+0000] {dag.py:3089} INFO - Sync 2 DAGs
[2026-08-03T20:47:24.740+0000] {logging_mixin.py:188} INFO - [2026-08-03T20:47:24.739+0000] {dag.py:3947} INFO - Setting next_dagrun for example_external_task_marker_child to None, run_after=None
[2026-08-03T20:47:25.068+0000] {logging_mixin.py:188} INFO - [2026-08-03T20:47:25.066+0000] {dag.py:3947} INFO - Setting next_dagrun for example_external_task_marker_parent to None, run_after=None
[2026-08-03T20:47:25.314+0000] {processor.py:183} INFO - Processing /home/airflow/.local/lib/python3.12/site-packages/airflow/example_dags/example_external_task_marker_dag.py took 1.422 seconds
