[2026-08-03T20:38:34.670+0000] {processor.py:161} INFO - Started process (PID=123) to work on /home/airflow/.local/lib/python3.12/site-packages/airflow/example_dags/example_datasets.py
[2026-08-03T20:38:34.723+0000] {processor.py:830} INFO - Processing file /home/airflow/.local/lib/python3.12/site-packages/airflow/example_dags/example_datasets.py for tasks to queue
[2026-08-03T20:38:34.778+0000] {logging_mixin.py:188} INFO - [2026-08-03T20:38:34.777+0000] {dagbag.py:545} INFO - Filling up the DagBag from /home/airflow/.local/lib/python3.12/site-packages/airflow/example_dags/example_datasets.py
[2026-08-03T20:38:35.133+0000] {processor.py:840} INFO - DAG(s) 'conditional_dataset_and_time_based_timetable', 'dataset_consumes_1_never_scheduled', 'consume_1_and_2_with_dataset_expressions', 'consume_1_or_2_with_dataset_expressions', 'dataset_consumes_1_and_2', 'consume_1_or_both_2_and_3_with_dataset_expressions', 'dataset_produces_1', 'dataset_produces_2', 'dataset_consumes_unknown_never_scheduled', 'dataset_consumes_1' retrieved from /home/airflow/.local/lib/python3.12/site-packages/airflow/example_dags/example_datasets.py
[2026-08-03T20:38:36.328+0000] {logging_mixin.py:188} INFO - [2026-08-03T20:38:36.327+0000] {dag.py:3089} INFO - Sync 10 DAGs
[2026-08-03T20:38:36.445+0000] {logging_mixin.py:188} INFO - [2026-08-03T20:38:36.444+0000] {dag.py:3947} INFO - Setting next_dagrun for conditional_dataset_and_time_based_timetable to 2026-07-29 01:00:00+00:00, run_after=2026-07-29 01:00:00+00:00
[2026-08-03T20:38:36.456+0000] {logging_mixin.py:188} INFO - [2026-08-03T20:38:36.455+0000] {dag.py:3947} INFO - Setting next_dagrun for consume_1_and_2_with_dataset_expressions to None, run_after=None
[2026-08-03T20:38:36.471+0000] {logging_mixin.py:188} INFO - [2026-08-03T20:38:36.470+0000] {dag.py:3947} INFO - Setting next_dagrun for consume_1_or_2_with_dataset_expressions to None, run_after=None
[2026-08-03T20:38:36.488+0000] {logging_mixin.py:188} INFO - [2026-08-03T20:38:36.488+0000] {dag.py:3947} INFO - Setting next_dagrun for consume_1_or_both_2_and_3_with_dataset_expressions to None, run_after=None
[2026-08-03T20:38:36.504+0000] {logging_mixin.py:188} INFO - [2026-08-03T20:38:36.503+0000] {dag.py:3947} INFO - Setting next_dagrun for dataset_consumes_1 to None, run_after=None
[2026-08-03T20:38:36.522+0000] {logging_mixin.py:188} INFO - [2026-08-03T20:38:36.522+0000] {dag.py:3947} INFO - Setting next_dagrun for dataset_consumes_1_and_2 to None, run_after=None
[2026-08-03T20:38:36.531+0000] {logging_mixin.py:188} INFO - [2026-08-03T20:38:36.530+0000] {dag.py:3947} INFO - Setting next_dagrun for dataset_consumes_1_never_scheduled to None, run_after=None
[2026-08-03T20:38:36.541+0000] {logging_mixin.py:188} INFO - [2026-08-03T20:38:36.541+0000] {dag.py:3947} INFO - Setting next_dagrun for dataset_consumes_unknown_never_scheduled to None, run_after=None
[2026-08-03T20:38:36.563+0000] {logging_mixin.py:188} INFO - [2026-08-03T20:38:36.563+0000] {dag.py:3947} INFO - Setting next_dagrun for dataset_produces_1 to 2026-08-02 00:00:00+00:00, run_after=2026-08-03 00:00:00+00:00
[2026-08-03T20:38:36.581+0000] {logging_mixin.py:188} INFO - [2026-08-03T20:38:36.578+0000] {dag.py:3947} INFO - Setting next_dagrun for dataset_produces_2 to None, run_after=None
[2026-08-03T20:38:37.074+0000] {processor.py:183} INFO - Processing /home/airflow/.local/lib/python3.12/site-packages/airflow/example_dags/example_datasets.py took 2.437 seconds
[2026-08-03T20:39:51.609+0000] {processor.py:161} INFO - Started process (PID=201) to work on /home/airflow/.local/lib/python3.12/site-packages/airflow/example_dags/example_datasets.py
[2026-08-03T20:39:51.624+0000] {processor.py:830} INFO - Processing file /home/airflow/.local/lib/python3.12/site-packages/airflow/example_dags/example_datasets.py for tasks to queue
[2026-08-03T20:39:51.628+0000] {logging_mixin.py:188} INFO - [2026-08-03T20:39:51.627+0000] {dagbag.py:545} INFO - Filling up the DagBag from /home/airflow/.local/lib/python3.12/site-packages/airflow/example_dags/example_datasets.py
[2026-08-03T20:39:51.848+0000] {processor.py:840} INFO - DAG(s) 'dataset_consumes_1_and_2', 'dataset_consumes_unknown_never_scheduled', 'consume_1_or_both_2_and_3_with_dataset_expressions', 'dataset_consumes_1_never_scheduled', 'consume_1_or_2_with_dataset_expressions', 'conditional_dataset_and_time_based_timetable', 'consume_1_and_2_with_dataset_expressions', 'dataset_consumes_1', 'dataset_produces_1', 'dataset_produces_2' retrieved from /home/airflow/.local/lib/python3.12/site-packages/airflow/example_dags/example_datasets.py
[2026-08-03T20:39:52.055+0000] {logging_mixin.py:188} INFO - [2026-08-03T20:39:52.055+0000] {dag.py:3089} INFO - Sync 10 DAGs
[2026-08-03T20:39:52.213+0000] {logging_mixin.py:188} INFO - [2026-08-03T20:39:52.213+0000] {dag.py:3947} INFO - Setting next_dagrun for conditional_dataset_and_time_based_timetable to 2026-07-29 01:00:00+00:00, run_after=2026-07-29 01:00:00+00:00
[2026-08-03T20:39:52.225+0000] {logging_mixin.py:188} INFO - [2026-08-03T20:39:52.224+0000] {dag.py:3947} INFO - Setting next_dagrun for consume_1_and_2_with_dataset_expressions to None, run_after=None
[2026-08-03T20:39:52.240+0000] {logging_mixin.py:188} INFO - [2026-08-03T20:39:52.240+0000] {dag.py:3947} INFO - Setting next_dagrun for consume_1_or_2_with_dataset_expressions to None, run_after=None
[2026-08-03T20:39:52.284+0000] {logging_mixin.py:188} INFO - [2026-08-03T20:39:52.262+0000] {dag.py:3947} INFO - Setting next_dagrun for consume_1_or_both_2_and_3_with_dataset_expressions to None, run_after=None
[2026-08-03T20:39:52.306+0000] {logging_mixin.py:188} INFO - [2026-08-03T20:39:52.304+0000] {dag.py:3947} INFO - Setting next_dagrun for dataset_consumes_1 to None, run_after=None
[2026-08-03T20:39:52.328+0000] {logging_mixin.py:188} INFO - [2026-08-03T20:39:52.327+0000] {dag.py:3947} INFO - Setting next_dagrun for dataset_consumes_1_and_2 to None, run_after=None
[2026-08-03T20:39:52.344+0000] {logging_mixin.py:188} INFO - [2026-08-03T20:39:52.343+0000] {dag.py:3947} INFO - Setting next_dagrun for dataset_consumes_1_never_scheduled to None, run_after=None
[2026-08-03T20:39:52.363+0000] {logging_mixin.py:188} INFO - [2026-08-03T20:39:52.358+0000] {dag.py:3947} INFO - Setting next_dagrun for dataset_consumes_unknown_never_scheduled to None, run_after=None
[2026-08-03T20:39:52.383+0000] {logging_mixin.py:188} INFO - [2026-08-03T20:39:52.383+0000] {dag.py:3947} INFO - Setting next_dagrun for dataset_produces_1 to 2026-08-02 00:00:00+00:00, run_after=2026-08-03 00:00:00+00:00
[2026-08-03T20:39:52.393+0000] {logging_mixin.py:188} INFO - [2026-08-03T20:39:52.392+0000] {dag.py:3947} INFO - Setting next_dagrun for dataset_produces_2 to None, run_after=None
[2026-08-03T20:39:52.607+0000] {processor.py:183} INFO - Processing /home/airflow/.local/lib/python3.12/site-packages/airflow/example_dags/example_datasets.py took 1.162 seconds
[2026-08-03T20:40:30.279+0000] {processor.py:161} INFO - Started process (PID=278) to work on /home/airflow/.local/lib/python3.12/site-packages/airflow/example_dags/example_datasets.py
[2026-08-03T20:40:30.286+0000] {processor.py:830} INFO - Processing file /home/airflow/.local/lib/python3.12/site-packages/airflow/example_dags/example_datasets.py for tasks to queue
[2026-08-03T20:40:30.291+0000] {logging_mixin.py:188} INFO - [2026-08-03T20:40:30.290+0000] {dagbag.py:545} INFO - Filling up the DagBag from /home/airflow/.local/lib/python3.12/site-packages/airflow/example_dags/example_datasets.py
[2026-08-03T20:40:30.338+0000] {processor.py:840} INFO - DAG(s) 'dataset_consumes_unknown_never_scheduled', 'dataset_consumes_1_and_2', 'dataset_consumes_1', 'consume_1_or_both_2_and_3_with_dataset_expressions', 'consume_1_or_2_with_dataset_expressions', 'dataset_consumes_1_never_scheduled', 'consume_1_and_2_with_dataset_expressions', 'conditional_dataset_and_time_based_timetable', 'dataset_produces_1', 'dataset_produces_2' retrieved from /home/airflow/.local/lib/python3.12/site-packages/airflow/example_dags/example_datasets.py
[2026-08-03T20:40:30.458+0000] {logging_mixin.py:188} INFO - [2026-08-03T20:40:30.458+0000] {dag.py:3089} INFO - Sync 10 DAGs
[2026-08-03T20:40:30.527+0000] {logging_mixin.py:188} INFO - [2026-08-03T20:40:30.526+0000] {dag.py:3947} INFO - Setting next_dagrun for conditional_dataset_and_time_based_timetable to 2026-07-29 01:00:00+00:00, run_after=2026-07-29 01:00:00+00:00
[2026-08-03T20:40:30.539+0000] {logging_mixin.py:188} INFO - [2026-08-03T20:40:30.538+0000] {dag.py:3947} INFO - Setting next_dagrun for consume_1_and_2_with_dataset_expressions to None, run_after=None
[2026-08-03T20:40:30.545+0000] {logging_mixin.py:188} INFO - [2026-08-03T20:40:30.545+0000] {dag.py:3947} INFO - Setting next_dagrun for consume_1_or_2_with_dataset_expressions to None, run_after=None
[2026-08-03T20:40:30.551+0000] {logging_mixin.py:188} INFO - [2026-08-03T20:40:30.550+0000] {dag.py:3947} INFO - Setting next_dagrun for consume_1_or_both_2_and_3_with_dataset_expressions to None, run_after=None
[2026-08-03T20:40:30.557+0000] {logging_mixin.py:188} INFO - [2026-08-03T20:40:30.557+0000] {dag.py:3947} INFO - Setting next_dagrun for dataset_consumes_1 to None, run_after=None
[2026-08-03T20:40:30.563+0000] {logging_mixin.py:188} INFO - [2026-08-03T20:40:30.562+0000] {dag.py:3947} INFO - Setting next_dagrun for dataset_consumes_1_and_2 to None, run_after=None
[2026-08-03T20:40:30.570+0000] {logging_mixin.py:188} INFO - [2026-08-03T20:40:30.569+0000] {dag.py:3947} INFO - Setting next_dagrun for dataset_consumes_1_never_scheduled to None, run_after=None
[2026-08-03T20:40:30.579+0000] {logging_mixin.py:188} INFO - [2026-08-03T20:40:30.578+0000] {dag.py:3947} INFO - Setting next_dagrun for dataset_consumes_unknown_never_scheduled to None, run_after=None
[2026-08-03T20:40:30.599+0000] {logging_mixin.py:188} INFO - [2026-08-03T20:40:30.590+0000] {dag.py:3947} INFO - Setting next_dagrun for dataset_produces_1 to 2026-08-02 00:00:00+00:00, run_after=2026-08-03 00:00:00+00:00
[2026-08-03T20:40:30.608+0000] {logging_mixin.py:188} INFO - [2026-08-03T20:40:30.608+0000] {dag.py:3947} INFO - Setting next_dagrun for dataset_produces_2 to None, run_after=None
[2026-08-03T20:40:30.737+0000] {processor.py:183} INFO - Processing /home/airflow/.local/lib/python3.12/site-packages/airflow/example_dags/example_datasets.py took 0.496 seconds
[2026-08-03T20:41:05.682+0000] {processor.py:161} INFO - Started process (PID=350) to work on /home/airflow/.local/lib/python3.12/site-packages/airflow/example_dags/example_datasets.py
[2026-08-03T20:41:05.695+0000] {processor.py:830} INFO - Processing file /home/airflow/.local/lib/python3.12/site-packages/airflow/example_dags/example_datasets.py for tasks to queue
[2026-08-03T20:41:05.729+0000] {logging_mixin.py:188} INFO - [2026-08-03T20:41:05.709+0000] {dagbag.py:545} INFO - Filling up the DagBag from /home/airflow/.local/lib/python3.12/site-packages/airflow/example_dags/example_datasets.py
[2026-08-03T20:41:05.895+0000] {processor.py:840} INFO - DAG(s) 'dataset_produces_2', 'dataset_consumes_1_and_2', 'conditional_dataset_and_time_based_timetable', 'dataset_consumes_1', 'dataset_consumes_1_never_scheduled', 'consume_1_or_2_with_dataset_expressions', 'dataset_produces_1', 'consume_1_and_2_with_dataset_expressions', 'consume_1_or_both_2_and_3_with_dataset_expressions', 'dataset_consumes_unknown_never_scheduled' retrieved from /home/airflow/.local/lib/python3.12/site-packages/airflow/example_dags/example_datasets.py
[2026-08-03T20:41:06.341+0000] {logging_mixin.py:188} INFO - [2026-08-03T20:41:06.341+0000] {dag.py:3089} INFO - Sync 10 DAGs
[2026-08-03T20:41:06.445+0000] {logging_mixin.py:188} INFO - [2026-08-03T20:41:06.445+0000] {dag.py:3947} INFO - Setting next_dagrun for conditional_dataset_and_time_based_timetable to 2026-07-29 01:00:00+00:00, run_after=2026-07-29 01:00:00+00:00
[2026-08-03T20:41:06.456+0000] {logging_mixin.py:188} INFO - [2026-08-03T20:41:06.455+0000] {dag.py:3947} INFO - Setting next_dagrun for consume_1_and_2_with_dataset_expressions to None, run_after=None
[2026-08-03T20:41:06.465+0000] {logging_mixin.py:188} INFO - [2026-08-03T20:41:06.465+0000] {dag.py:3947} INFO - Setting next_dagrun for consume_1_or_2_with_dataset_expressions to None, run_after=None
[2026-08-03T20:41:06.486+0000] {logging_mixin.py:188} INFO - [2026-08-03T20:41:06.482+0000] {dag.py:3947} INFO - Setting next_dagrun for consume_1_or_both_2_and_3_with_dataset_expressions to None, run_after=None
[2026-08-03T20:41:06.493+0000] {logging_mixin.py:188} INFO - [2026-08-03T20:41:06.493+0000] {dag.py:3947} INFO - Setting next_dagrun for dataset_consumes_1 to None, run_after=None
[2026-08-03T20:41:06.516+0000] {logging_mixin.py:188} INFO - [2026-08-03T20:41:06.516+0000] {dag.py:3947} INFO - Setting next_dagrun for dataset_consumes_1_and_2 to None, run_after=None
[2026-08-03T20:41:06.529+0000] {logging_mixin.py:188} INFO - [2026-08-03T20:41:06.529+0000] {dag.py:3947} INFO - Setting next_dagrun for dataset_consumes_1_never_scheduled to None, run_after=None
[2026-08-03T20:41:06.547+0000] {logging_mixin.py:188} INFO - [2026-08-03T20:41:06.546+0000] {dag.py:3947} INFO - Setting next_dagrun for dataset_consumes_unknown_never_scheduled to None, run_after=None
[2026-08-03T20:41:06.598+0000] {logging_mixin.py:188} INFO - [2026-08-03T20:41:06.577+0000] {dag.py:3947} INFO - Setting next_dagrun for dataset_produces_1 to 2026-08-02 00:00:00+00:00, run_after=2026-08-03 00:00:00+00:00
[2026-08-03T20:41:06.606+0000] {logging_mixin.py:188} INFO - [2026-08-03T20:41:06.606+0000] {dag.py:3947} INFO - Setting next_dagrun for dataset_produces_2 to None, run_after=None
[2026-08-03T20:41:06.863+0000] {processor.py:183} INFO - Processing /home/airflow/.local/lib/python3.12/site-packages/airflow/example_dags/example_datasets.py took 1.258 seconds
[2026-08-03T20:41:37.933+0000] {processor.py:161} INFO - Started process (PID=421) to work on /home/airflow/.local/lib/python3.12/site-packages/airflow/example_dags/example_datasets.py
[2026-08-03T20:41:37.938+0000] {processor.py:830} INFO - Processing file /home/airflow/.local/lib/python3.12/site-packages/airflow/example_dags/example_datasets.py for tasks to queue
[2026-08-03T20:41:37.960+0000] {logging_mixin.py:188} INFO - [2026-08-03T20:41:37.952+0000] {dagbag.py:545} INFO - Filling up the DagBag from /home/airflow/.local/lib/python3.12/site-packages/airflow/example_dags/example_datasets.py
[2026-08-03T20:41:38.024+0000] {processor.py:840} INFO - DAG(s) 'consume_1_and_2_with_dataset_expressions', 'conditional_dataset_and_time_based_timetable', 'consume_1_or_both_2_and_3_with_dataset_expressions', 'dataset_produces_1', 'dataset_consumes_1_and_2', 'consume_1_or_2_with_dataset_expressions', 'dataset_consumes_1_never_scheduled', 'dataset_consumes_unknown_never_scheduled', 'dataset_produces_2', 'dataset_consumes_1' retrieved from /home/airflow/.local/lib/python3.12/site-packages/airflow/example_dags/example_datasets.py
[2026-08-03T20:41:38.210+0000] {logging_mixin.py:188} INFO - [2026-08-03T20:41:38.210+0000] {dag.py:3089} INFO - Sync 10 DAGs
[2026-08-03T20:41:38.299+0000] {logging_mixin.py:188} INFO - [2026-08-03T20:41:38.299+0000] {dag.py:3947} INFO - Setting next_dagrun for conditional_dataset_and_time_based_timetable to 2026-07-29 01:00:00+00:00, run_after=2026-07-29 01:00:00+00:00
[2026-08-03T20:41:38.311+0000] {logging_mixin.py:188} INFO - [2026-08-03T20:41:38.310+0000] {dag.py:3947} INFO - Setting next_dagrun for consume_1_and_2_with_dataset_expressions to None, run_after=None
[2026-08-03T20:41:38.316+0000] {logging_mixin.py:188} INFO - [2026-08-03T20:41:38.316+0000] {dag.py:3947} INFO - Setting next_dagrun for consume_1_or_2_with_dataset_expressions to None, run_after=None
[2026-08-03T20:41:38.322+0000] {logging_mixin.py:188} INFO - [2026-08-03T20:41:38.321+0000] {dag.py:3947} INFO - Setting next_dagrun for consume_1_or_both_2_and_3_with_dataset_expressions to None, run_after=None
[2026-08-03T20:41:38.333+0000] {logging_mixin.py:188} INFO - [2026-08-03T20:41:38.333+0000] {dag.py:3947} INFO - Setting next_dagrun for dataset_consumes_1 to None, run_after=None
[2026-08-03T20:41:38.341+0000] {logging_mixin.py:188} INFO - [2026-08-03T20:41:38.341+0000] {dag.py:3947} INFO - Setting next_dagrun for dataset_consumes_1_and_2 to None, run_after=None
[2026-08-03T20:41:38.364+0000] {logging_mixin.py:188} INFO - [2026-08-03T20:41:38.363+0000] {dag.py:3947} INFO - Setting next_dagrun for dataset_consumes_1_never_scheduled to None, run_after=None
[2026-08-03T20:41:38.384+0000] {logging_mixin.py:188} INFO - [2026-08-03T20:41:38.383+0000] {dag.py:3947} INFO - Setting next_dagrun for dataset_consumes_unknown_never_scheduled to None, run_after=None
[2026-08-03T20:41:38.403+0000] {logging_mixin.py:188} INFO - [2026-08-03T20:41:38.402+0000] {dag.py:3947} INFO - Setting next_dagrun for dataset_produces_1 to 2026-08-02 00:00:00+00:00, run_after=2026-08-03 00:00:00+00:00
[2026-08-03T20:41:38.409+0000] {logging_mixin.py:188} INFO - [2026-08-03T20:41:38.409+0000] {dag.py:3947} INFO - Setting next_dagrun for dataset_produces_2 to None, run_after=None
[2026-08-03T20:41:38.541+0000] {processor.py:183} INFO - Processing /home/airflow/.local/lib/python3.12/site-packages/airflow/example_dags/example_datasets.py took 0.631 seconds
[2026-08-03T20:42:30.307+0000] {processor.py:161} INFO - Started process (PID=496) to work on /home/airflow/.local/lib/python3.12/site-packages/airflow/example_dags/example_datasets.py
[2026-08-03T20:42:30.313+0000] {processor.py:830} INFO - Processing file /home/airflow/.local/lib/python3.12/site-packages/airflow/example_dags/example_datasets.py for tasks to queue
[2026-08-03T20:42:30.328+0000] {logging_mixin.py:188} INFO - [2026-08-03T20:42:30.318+0000] {dagbag.py:545} INFO - Filling up the DagBag from /home/airflow/.local/lib/python3.12/site-packages/airflow/example_dags/example_datasets.py
[2026-08-03T20:42:30.478+0000] {processor.py:840} INFO - DAG(s) 'dataset_consumes_1_and_2', 'consume_1_or_2_with_dataset_expressions', 'dataset_consumes_unknown_never_scheduled', 'dataset_consumes_1', 'dataset_produces_2', 'dataset_consumes_1_never_scheduled', 'dataset_produces_1', 'conditional_dataset_and_time_based_timetable', 'consume_1_or_both_2_and_3_with_dataset_expressions', 'consume_1_and_2_with_dataset_expressions' retrieved from /home/airflow/.local/lib/python3.12/site-packages/airflow/example_dags/example_datasets.py
[2026-08-03T20:42:31.793+0000] {logging_mixin.py:188} INFO - [2026-08-03T20:42:31.792+0000] {dag.py:3089} INFO - Sync 10 DAGs
[2026-08-03T20:42:32.254+0000] {logging_mixin.py:188} INFO - [2026-08-03T20:42:32.253+0000] {dag.py:3947} INFO - Setting next_dagrun for conditional_dataset_and_time_based_timetable to 2026-07-29 01:00:00+00:00, run_after=2026-07-29 01:00:00+00:00
[2026-08-03T20:42:32.394+0000] {logging_mixin.py:188} INFO - [2026-08-03T20:42:32.394+0000] {dag.py:3947} INFO - Setting next_dagrun for consume_1_and_2_with_dataset_expressions to None, run_after=None
[2026-08-03T20:42:32.423+0000] {logging_mixin.py:188} INFO - [2026-08-03T20:42:32.423+0000] {dag.py:3947} INFO - Setting next_dagrun for consume_1_or_2_with_dataset_expressions to None, run_after=None
[2026-08-03T20:42:32.453+0000] {logging_mixin.py:188} INFO - [2026-08-03T20:42:32.452+0000] {dag.py:3947} INFO - Setting next_dagrun for consume_1_or_both_2_and_3_with_dataset_expressions to None, run_after=None
[2026-08-03T20:42:32.476+0000] {logging_mixin.py:188} INFO - [2026-08-03T20:42:32.476+0000] {dag.py:3947} INFO - Setting next_dagrun for dataset_consumes_1 to None, run_after=None
[2026-08-03T20:42:32.508+0000] {logging_mixin.py:188} INFO - [2026-08-03T20:42:32.504+0000] {dag.py:3947} INFO - Setting next_dagrun for dataset_consumes_1_and_2 to None, run_after=None
[2026-08-03T20:42:32.539+0000] {logging_mixin.py:188} INFO - [2026-08-03T20:42:32.539+0000] {dag.py:3947} INFO - Setting next_dagrun for dataset_consumes_1_never_scheduled to None, run_after=None
[2026-08-03T20:42:32.571+0000] {logging_mixin.py:188} INFO - [2026-08-03T20:42:32.565+0000] {dag.py:3947} INFO - Setting next_dagrun for dataset_consumes_unknown_never_scheduled to None, run_after=None
[2026-08-03T20:42:32.625+0000] {logging_mixin.py:188} INFO - [2026-08-03T20:42:32.615+0000] {dag.py:3947} INFO - Setting next_dagrun for dataset_produces_1 to 2026-08-02 00:00:00+00:00, run_after=2026-08-03 00:00:00+00:00
[2026-08-03T20:42:32.644+0000] {logging_mixin.py:188} INFO - [2026-08-03T20:42:32.644+0000] {dag.py:3947} INFO - Setting next_dagrun for dataset_produces_2 to None, run_after=None
[2026-08-03T20:42:33.235+0000] {processor.py:183} INFO - Processing /home/airflow/.local/lib/python3.12/site-packages/airflow/example_dags/example_datasets.py took 2.944 seconds
[2026-08-03T20:43:25.874+0000] {processor.py:161} INFO - Started process (PID=574) to work on /home/airflow/.local/lib/python3.12/site-packages/airflow/example_dags/example_datasets.py
[2026-08-03T20:43:25.882+0000] {processor.py:830} INFO - Processing file /home/airflow/.local/lib/python3.12/site-packages/airflow/example_dags/example_datasets.py for tasks to queue
[2026-08-03T20:43:25.891+0000] {logging_mixin.py:188} INFO - [2026-08-03T20:43:25.890+0000] {dagbag.py:545} INFO - Filling up the DagBag from /home/airflow/.local/lib/python3.12/site-packages/airflow/example_dags/example_datasets.py
[2026-08-03T20:43:26.038+0000] {processor.py:840} INFO - DAG(s) 'dataset_consumes_1', 'consume_1_or_2_with_dataset_expressions', 'dataset_produces_1', 'dataset_consumes_unknown_never_scheduled', 'dataset_produces_2', 'dataset_consumes_1_never_scheduled', 'consume_1_or_both_2_and_3_with_dataset_expressions', 'conditional_dataset_and_time_based_timetable', 'dataset_consumes_1_and_2', 'consume_1_and_2_with_dataset_expressions' retrieved from /home/airflow/.local/lib/python3.12/site-packages/airflow/example_dags/example_datasets.py
[2026-08-03T20:43:26.471+0000] {logging_mixin.py:188} INFO - [2026-08-03T20:43:26.461+0000] {dag.py:3089} INFO - Sync 10 DAGs
[2026-08-03T20:43:26.720+0000] {logging_mixin.py:188} INFO - [2026-08-03T20:43:26.720+0000] {dag.py:3947} INFO - Setting next_dagrun for conditional_dataset_and_time_based_timetable to 2026-07-29 01:00:00+00:00, run_after=2026-07-29 01:00:00+00:00
[2026-08-03T20:43:26.745+0000] {logging_mixin.py:188} INFO - [2026-08-03T20:43:26.742+0000] {dag.py:3947} INFO - Setting next_dagrun for consume_1_and_2_with_dataset_expressions to None, run_after=None
[2026-08-03T20:43:26.757+0000] {logging_mixin.py:188} INFO - [2026-08-03T20:43:26.756+0000] {dag.py:3947} INFO - Setting next_dagrun for consume_1_or_2_with_dataset_expressions to None, run_after=None
[2026-08-03T20:43:26.786+0000] {logging_mixin.py:188} INFO - [2026-08-03T20:43:26.781+0000] {dag.py:3947} INFO - Setting next_dagrun for consume_1_or_both_2_and_3_with_dataset_expressions to None, run_after=None
[2026-08-03T20:43:26.798+0000] {logging_mixin.py:188} INFO - [2026-08-03T20:43:26.797+0000] {dag.py:3947} INFO - Setting next_dagrun for dataset_consumes_1 to None, run_after=None
[2026-08-03T20:43:26.804+0000] {logging_mixin.py:188} INFO - [2026-08-03T20:43:26.803+0000] {dag.py:3947} INFO - Setting next_dagrun for dataset_consumes_1_and_2 to None, run_after=None
[2026-08-03T20:43:26.812+0000] {logging_mixin.py:188} INFO - [2026-08-03T20:43:26.811+0000] {dag.py:3947} INFO - Setting next_dagrun for dataset_consumes_1_never_scheduled to None, run_after=None
[2026-08-03T20:43:26.825+0000] {logging_mixin.py:188} INFO - [2026-08-03T20:43:26.824+0000] {dag.py:3947} INFO - Setting next_dagrun for dataset_consumes_unknown_never_scheduled to None, run_after=None
[2026-08-03T20:43:26.836+0000] {logging_mixin.py:188} INFO - [2026-08-03T20:43:26.835+0000] {dag.py:3947} INFO - Setting next_dagrun for dataset_produces_1 to 2026-08-02 00:00:00+00:00, run_after=2026-08-03 00:00:00+00:00
[2026-08-03T20:43:26.843+0000] {logging_mixin.py:188} INFO - [2026-08-03T20:43:26.842+0000] {dag.py:3947} INFO - Setting next_dagrun for dataset_produces_2 to None, run_after=None
[2026-08-03T20:43:26.993+0000] {processor.py:183} INFO - Processing /home/airflow/.local/lib/python3.12/site-packages/airflow/example_dags/example_datasets.py took 1.182 seconds
[2026-08-03T20:44:02.701+0000] {processor.py:161} INFO - Started process (PID=644) to work on /home/airflow/.local/lib/python3.12/site-packages/airflow/example_dags/example_datasets.py
[2026-08-03T20:44:02.723+0000] {processor.py:830} INFO - Processing file /home/airflow/.local/lib/python3.12/site-packages/airflow/example_dags/example_datasets.py for tasks to queue
[2026-08-03T20:44:02.727+0000] {logging_mixin.py:188} INFO - [2026-08-03T20:44:02.726+0000] {dagbag.py:545} INFO - Filling up the DagBag from /home/airflow/.local/lib/python3.12/site-packages/airflow/example_dags/example_datasets.py
[2026-08-03T20:44:02.984+0000] {processor.py:840} INFO - DAG(s) 'conditional_dataset_and_time_based_timetable', 'dataset_consumes_unknown_never_scheduled', 'consume_1_and_2_with_dataset_expressions', 'dataset_consumes_1_never_scheduled', 'dataset_consumes_1', 'dataset_consumes_1_and_2', 'consume_1_or_both_2_and_3_with_dataset_expressions', 'dataset_produces_1', 'consume_1_or_2_with_dataset_expressions', 'dataset_produces_2' retrieved from /home/airflow/.local/lib/python3.12/site-packages/airflow/example_dags/example_datasets.py
[2026-08-03T20:44:03.705+0000] {logging_mixin.py:188} INFO - [2026-08-03T20:44:03.704+0000] {dag.py:3089} INFO - Sync 10 DAGs
[2026-08-03T20:44:03.879+0000] {logging_mixin.py:188} INFO - [2026-08-03T20:44:03.878+0000] {dag.py:3947} INFO - Setting next_dagrun for conditional_dataset_and_time_based_timetable to 2026-07-29 01:00:00+00:00, run_after=2026-07-29 01:00:00+00:00
[2026-08-03T20:44:03.897+0000] {logging_mixin.py:188} INFO - [2026-08-03T20:44:03.896+0000] {dag.py:3947} INFO - Setting next_dagrun for consume_1_and_2_with_dataset_expressions to None, run_after=None
[2026-08-03T20:44:03.913+0000] {logging_mixin.py:188} INFO - [2026-08-03T20:44:03.913+0000] {dag.py:3947} INFO - Setting next_dagrun for consume_1_or_2_with_dataset_expressions to None, run_after=None
[2026-08-03T20:44:03.928+0000] {logging_mixin.py:188} INFO - [2026-08-03T20:44:03.927+0000] {dag.py:3947} INFO - Setting next_dagrun for consume_1_or_both_2_and_3_with_dataset_expressions to None, run_after=None
[2026-08-03T20:44:03.941+0000] {logging_mixin.py:188} INFO - [2026-08-03T20:44:03.941+0000] {dag.py:3947} INFO - Setting next_dagrun for dataset_consumes_1 to None, run_after=None
[2026-08-03T20:44:03.959+0000] {logging_mixin.py:188} INFO - [2026-08-03T20:44:03.959+0000] {dag.py:3947} INFO - Setting next_dagrun for dataset_consumes_1_and_2 to None, run_after=None
[2026-08-03T20:44:03.964+0000] {logging_mixin.py:188} INFO - [2026-08-03T20:44:03.964+0000] {dag.py:3947} INFO - Setting next_dagrun for dataset_consumes_1_never_scheduled to None, run_after=None
[2026-08-03T20:44:03.991+0000] {logging_mixin.py:188} INFO - [2026-08-03T20:44:03.990+0000] {dag.py:3947} INFO - Setting next_dagrun for dataset_consumes_unknown_never_scheduled to None, run_after=None
[2026-08-03T20:44:04.005+0000] {logging_mixin.py:188} INFO - [2026-08-03T20:44:04.004+0000] {dag.py:3947} INFO - Setting next_dagrun for dataset_produces_1 to 2026-08-02 00:00:00+00:00, run_after=2026-08-03 00:00:00+00:00
[2026-08-03T20:44:04.033+0000] {logging_mixin.py:188} INFO - [2026-08-03T20:44:04.027+0000] {dag.py:3947} INFO - Setting next_dagrun for dataset_produces_2 to None, run_after=None
[2026-08-03T20:44:04.376+0000] {processor.py:183} INFO - Processing /home/airflow/.local/lib/python3.12/site-packages/airflow/example_dags/example_datasets.py took 1.758 seconds
[2026-08-03T20:44:52.334+0000] {processor.py:161} INFO - Started process (PID=714) to work on /home/airflow/.local/lib/python3.12/site-packages/airflow/example_dags/example_datasets.py
[2026-08-03T20:44:52.348+0000] {processor.py:830} INFO - Processing file /home/airflow/.local/lib/python3.12/site-packages/airflow/example_dags/example_datasets.py for tasks to queue
[2026-08-03T20:44:52.381+0000] {logging_mixin.py:188} INFO - [2026-08-03T20:44:52.380+0000] {dagbag.py:545} INFO - Filling up the DagBag from /home/airflow/.local/lib/python3.12/site-packages/airflow/example_dags/example_datasets.py
[2026-08-03T20:44:52.574+0000] {processor.py:840} INFO - DAG(s) 'dataset_produces_2', 'dataset_consumes_1_never_scheduled', 'dataset_consumes_1_and_2', 'consume_1_and_2_with_dataset_expressions', 'consume_1_or_2_with_dataset_expressions', 'dataset_consumes_unknown_never_scheduled', 'dataset_consumes_1', 'conditional_dataset_and_time_based_timetable', 'dataset_produces_1', 'consume_1_or_both_2_and_3_with_dataset_expressions' retrieved from /home/airflow/.local/lib/python3.12/site-packages/airflow/example_dags/example_datasets.py
[2026-08-03T20:44:53.089+0000] {logging_mixin.py:188} INFO - [2026-08-03T20:44:53.080+0000] {dag.py:3089} INFO - Sync 10 DAGs
[2026-08-03T20:44:53.289+0000] {logging_mixin.py:188} INFO - [2026-08-03T20:44:53.288+0000] {dag.py:3947} INFO - Setting next_dagrun for conditional_dataset_and_time_based_timetable to 2026-07-29 01:00:00+00:00, run_after=2026-07-29 01:00:00+00:00
[2026-08-03T20:44:53.328+0000] {logging_mixin.py:188} INFO - [2026-08-03T20:44:53.327+0000] {dag.py:3947} INFO - Setting next_dagrun for consume_1_and_2_with_dataset_expressions to None, run_after=None
[2026-08-03T20:44:53.353+0000] {logging_mixin.py:188} INFO - [2026-08-03T20:44:53.352+0000] {dag.py:3947} INFO - Setting next_dagrun for consume_1_or_2_with_dataset_expressions to None, run_after=None
[2026-08-03T20:44:53.408+0000] {logging_mixin.py:188} INFO - [2026-08-03T20:44:53.407+0000] {dag.py:3947} INFO - Setting next_dagrun for consume_1_or_both_2_and_3_with_dataset_expressions to None, run_after=None
[2026-08-03T20:44:53.432+0000] {logging_mixin.py:188} INFO - [2026-08-03T20:44:53.431+0000] {dag.py:3947} INFO - Setting next_dagrun for dataset_consumes_1 to None, run_after=None
[2026-08-03T20:44:53.459+0000] {logging_mixin.py:188} INFO - [2026-08-03T20:44:53.459+0000] {dag.py:3947} INFO - Setting next_dagrun for dataset_consumes_1_and_2 to None, run_after=None
[2026-08-03T20:44:53.485+0000] {logging_mixin.py:188} INFO - [2026-08-03T20:44:53.484+0000] {dag.py:3947} INFO - Setting next_dagrun for dataset_consumes_1_never_scheduled to None, run_after=None
[2026-08-03T20:44:53.521+0000] {logging_mixin.py:188} INFO - [2026-08-03T20:44:53.519+0000] {dag.py:3947} INFO - Setting next_dagrun for dataset_consumes_unknown_never_scheduled to None, run_after=None
[2026-08-03T20:44:53.597+0000] {logging_mixin.py:188} INFO - [2026-08-03T20:44:53.596+0000] {dag.py:3947} INFO - Setting next_dagrun for dataset_produces_1 to 2026-08-02 00:00:00+00:00, run_after=2026-08-03 00:00:00+00:00
[2026-08-03T20:44:53.635+0000] {logging_mixin.py:188} INFO - [2026-08-03T20:44:53.635+0000] {dag.py:3947} INFO - Setting next_dagrun for dataset_produces_2 to None, run_after=None
[2026-08-03T20:44:53.934+0000] {processor.py:183} INFO - Processing /home/airflow/.local/lib/python3.12/site-packages/airflow/example_dags/example_datasets.py took 1.756 seconds
[2026-08-03T20:45:38.307+0000] {processor.py:161} INFO - Started process (PID=791) to work on /home/airflow/.local/lib/python3.12/site-packages/airflow/example_dags/example_datasets.py
[2026-08-03T20:45:38.358+0000] {processor.py:830} INFO - Processing file /home/airflow/.local/lib/python3.12/site-packages/airflow/example_dags/example_datasets.py for tasks to queue
[2026-08-03T20:45:38.375+0000] {logging_mixin.py:188} INFO - [2026-08-03T20:45:38.371+0000] {dagbag.py:545} INFO - Filling up the DagBag from /home/airflow/.local/lib/python3.12/site-packages/airflow/example_dags/example_datasets.py
[2026-08-03T20:45:38.826+0000] {processor.py:840} INFO - DAG(s) 'dataset_produces_2', 'consume_1_and_2_with_dataset_expressions', 'dataset_consumes_1_never_scheduled', 'dataset_consumes_1', 'consume_1_or_2_with_dataset_expressions', 'dataset_consumes_unknown_never_scheduled', 'consume_1_or_both_2_and_3_with_dataset_expressions', 'conditional_dataset_and_time_based_timetable', 'dataset_produces_1', 'dataset_consumes_1_and_2' retrieved from /home/airflow/.local/lib/python3.12/site-packages/airflow/example_dags/example_datasets.py
[2026-08-03T20:45:39.181+0000] {logging_mixin.py:188} INFO - [2026-08-03T20:45:39.181+0000] {dag.py:3089} INFO - Sync 10 DAGs
[2026-08-03T20:45:39.596+0000] {logging_mixin.py:188} INFO - [2026-08-03T20:45:39.596+0000] {dag.py:3947} INFO - Setting next_dagrun for conditional_dataset_and_time_based_timetable to 2026-07-29 01:00:00+00:00, run_after=2026-07-29 01:00:00+00:00
[2026-08-03T20:45:39.667+0000] {logging_mixin.py:188} INFO - [2026-08-03T20:45:39.666+0000] {dag.py:3947} INFO - Setting next_dagrun for consume_1_and_2_with_dataset_expressions to None, run_after=None
[2026-08-03T20:45:39.680+0000] {logging_mixin.py:188} INFO - [2026-08-03T20:45:39.678+0000] {dag.py:3947} INFO - Setting next_dagrun for consume_1_or_2_with_dataset_expressions to None, run_after=None
[2026-08-03T20:45:39.700+0000] {logging_mixin.py:188} INFO - [2026-08-03T20:45:39.699+0000] {dag.py:3947} INFO - Setting next_dagrun for consume_1_or_both_2_and_3_with_dataset_expressions to None, run_after=None
[2026-08-03T20:45:39.727+0000] {logging_mixin.py:188} INFO - [2026-08-03T20:45:39.726+0000] {dag.py:3947} INFO - Setting next_dagrun for dataset_consumes_1 to None, run_after=None
[2026-08-03T20:45:39.750+0000] {logging_mixin.py:188} INFO - [2026-08-03T20:45:39.750+0000] {dag.py:3947} INFO - Setting next_dagrun for dataset_consumes_1_and_2 to None, run_after=None
[2026-08-03T20:45:39.756+0000] {logging_mixin.py:188} INFO - [2026-08-03T20:45:39.755+0000] {dag.py:3947} INFO - Setting next_dagrun for dataset_consumes_1_never_scheduled to None, run_after=None
[2026-08-03T20:45:39.770+0000] {logging_mixin.py:188} INFO - [2026-08-03T20:45:39.770+0000] {dag.py:3947} INFO - Setting next_dagrun for dataset_consumes_unknown_never_scheduled to None, run_after=None
[2026-08-03T20:45:39.808+0000] {logging_mixin.py:188} INFO - [2026-08-03T20:45:39.808+0000] {dag.py:3947} INFO - Setting next_dagrun for dataset_produces_1 to 2026-08-02 00:00:00+00:00, run_after=2026-08-03 00:00:00+00:00
[2026-08-03T20:45:39.830+0000] {logging_mixin.py:188} INFO - [2026-08-03T20:45:39.830+0000] {dag.py:3947} INFO - Setting next_dagrun for dataset_produces_2 to None, run_after=None
[2026-08-03T20:45:40.220+0000] {processor.py:183} INFO - Processing /home/airflow/.local/lib/python3.12/site-packages/airflow/example_dags/example_datasets.py took 2.086 seconds
[2026-08-03T20:46:21.863+0000] {processor.py:161} INFO - Started process (PID=866) to work on /home/airflow/.local/lib/python3.12/site-packages/airflow/example_dags/example_datasets.py
[2026-08-03T20:46:21.870+0000] {processor.py:830} INFO - Processing file /home/airflow/.local/lib/python3.12/site-packages/airflow/example_dags/example_datasets.py for tasks to queue
[2026-08-03T20:46:21.874+0000] {logging_mixin.py:188} INFO - [2026-08-03T20:46:21.873+0000] {dagbag.py:545} INFO - Filling up the DagBag from /home/airflow/.local/lib/python3.12/site-packages/airflow/example_dags/example_datasets.py
[2026-08-03T20:46:22.024+0000] {processor.py:840} INFO - DAG(s) 'dataset_produces_1', 'conditional_dataset_and_time_based_timetable', 'dataset_consumes_unknown_never_scheduled', 'dataset_produces_2', 'consume_1_and_2_with_dataset_expressions', 'dataset_consumes_1', 'dataset_consumes_1_and_2', 'consume_1_or_2_with_dataset_expressions', 'dataset_consumes_1_never_scheduled', 'consume_1_or_both_2_and_3_with_dataset_expressions' retrieved from /home/airflow/.local/lib/python3.12/site-packages/airflow/example_dags/example_datasets.py
[2026-08-03T20:46:22.263+0000] {logging_mixin.py:188} INFO - [2026-08-03T20:46:22.262+0000] {dag.py:3089} INFO - Sync 10 DAGs
[2026-08-03T20:46:22.450+0000] {logging_mixin.py:188} INFO - [2026-08-03T20:46:22.449+0000] {dag.py:3947} INFO - Setting next_dagrun for conditional_dataset_and_time_based_timetable to 2026-07-29 01:00:00+00:00, run_after=2026-07-29 01:00:00+00:00
[2026-08-03T20:46:22.528+0000] {logging_mixin.py:188} INFO - [2026-08-03T20:46:22.528+0000] {dag.py:3947} INFO - Setting next_dagrun for consume_1_and_2_with_dataset_expressions to None, run_after=None
[2026-08-03T20:46:22.543+0000] {logging_mixin.py:188} INFO - [2026-08-03T20:46:22.542+0000] {dag.py:3947} INFO - Setting next_dagrun for consume_1_or_2_with_dataset_expressions to None, run_after=None
[2026-08-03T20:46:22.571+0000] {logging_mixin.py:188} INFO - [2026-08-03T20:46:22.571+0000] {dag.py:3947} INFO - Setting next_dagrun for consume_1_or_both_2_and_3_with_dataset_expressions to None, run_after=None
[2026-08-03T20:46:22.587+0000] {logging_mixin.py:188} INFO - [2026-08-03T20:46:22.587+0000] {dag.py:3947} INFO - Setting next_dagrun for dataset_consumes_1 to None, run_after=None
[2026-08-03T20:46:22.606+0000] {logging_mixin.py:188} INFO - [2026-08-03T20:46:22.606+0000] {dag.py:3947} INFO - Setting next_dagrun for dataset_consumes_1_and_2 to None, run_after=None
[2026-08-03T20:46:22.622+0000] {logging_mixin.py:188} INFO - [2026-08-03T20:46:22.621+0000] {dag.py:3947} INFO - Setting next_dagrun for dataset_consumes_1_never_scheduled to None, run_after=None
[2026-08-03T20:46:22.643+0000] {logging_mixin.py:188} INFO - [2026-08-03T20:46:22.642+0000] {dag.py:3947} INFO - Setting next_dagrun for dataset_consumes_unknown_never_scheduled to None, run_after=None
[2026-08-03T20:46:22.654+0000] {logging_mixin.py:188} INFO - [2026-08-03T20:46:22.653+0000] {dag.py:3947} INFO - Setting next_dagrun for dataset_produces_1 to 2026-08-02 00:00:00+00:00, run_after=2026-08-03 00:00:00+00:00
[2026-08-03T20:46:22.663+0000] {logging_mixin.py:188} INFO - [2026-08-03T20:46:22.662+0000] {dag.py:3947} INFO - Setting next_dagrun for dataset_produces_2 to None, run_after=None
[2026-08-03T20:46:23.142+0000] {processor.py:183} INFO - Processing /home/airflow/.local/lib/python3.12/site-packages/airflow/example_dags/example_datasets.py took 1.312 seconds
[2026-08-03T20:46:58.410+0000] {processor.py:161} INFO - Started process (PID=935) to work on /home/airflow/.local/lib/python3.12/site-packages/airflow/example_dags/example_datasets.py
[2026-08-03T20:46:58.430+0000] {processor.py:830} INFO - Processing file /home/airflow/.local/lib/python3.12/site-packages/airflow/example_dags/example_datasets.py for tasks to queue
[2026-08-03T20:46:58.437+0000] {logging_mixin.py:188} INFO - [2026-08-03T20:46:58.434+0000] {dagbag.py:545} INFO - Filling up the DagBag from /home/airflow/.local/lib/python3.12/site-packages/airflow/example_dags/example_datasets.py
[2026-08-03T20:46:58.550+0000] {processor.py:840} INFO - DAG(s) 'conditional_dataset_and_time_based_timetable', 'dataset_produces_1', 'dataset_produces_2', 'consume_1_and_2_with_dataset_expressions', 'consume_1_or_both_2_and_3_with_dataset_expressions', 'dataset_consumes_1_and_2', 'dataset_consumes_1', 'consume_1_or_2_with_dataset_expressions', 'dataset_consumes_1_never_scheduled', 'dataset_consumes_unknown_never_scheduled' retrieved from /home/airflow/.local/lib/python3.12/site-packages/airflow/example_dags/example_datasets.py
[2026-08-03T20:46:58.879+0000] {logging_mixin.py:188} INFO - [2026-08-03T20:46:58.878+0000] {dag.py:3089} INFO - Sync 10 DAGs
[2026-08-03T20:46:59.148+0000] {logging_mixin.py:188} INFO - [2026-08-03T20:46:59.138+0000] {dag.py:3947} INFO - Setting next_dagrun for conditional_dataset_and_time_based_timetable to 2026-07-29 01:00:00+00:00, run_after=2026-07-29 01:00:00+00:00
[2026-08-03T20:46:59.166+0000] {logging_mixin.py:188} INFO - [2026-08-03T20:46:59.165+0000] {dag.py:3947} INFO - Setting next_dagrun for consume_1_and_2_with_dataset_expressions to None, run_after=None
[2026-08-03T20:46:59.185+0000] {logging_mixin.py:188} INFO - [2026-08-03T20:46:59.185+0000] {dag.py:3947} INFO - Setting next_dagrun for consume_1_or_2_with_dataset_expressions to None, run_after=None
[2026-08-03T20:46:59.218+0000] {logging_mixin.py:188} INFO - [2026-08-03T20:46:59.217+0000] {dag.py:3947} INFO - Setting next_dagrun for consume_1_or_both_2_and_3_with_dataset_expressions to None, run_after=None
[2026-08-03T20:46:59.255+0000] {logging_mixin.py:188} INFO - [2026-08-03T20:46:59.238+0000] {dag.py:3947} INFO - Setting next_dagrun for dataset_consumes_1 to None, run_after=None
[2026-08-03T20:46:59.265+0000] {logging_mixin.py:188} INFO - [2026-08-03T20:46:59.264+0000] {dag.py:3947} INFO - Setting next_dagrun for dataset_consumes_1_and_2 to None, run_after=None
[2026-08-03T20:46:59.285+0000] {logging_mixin.py:188} INFO - [2026-08-03T20:46:59.284+0000] {dag.py:3947} INFO - Setting next_dagrun for dataset_consumes_1_never_scheduled to None, run_after=None
[2026-08-03T20:46:59.320+0000] {logging_mixin.py:188} INFO - [2026-08-03T20:46:59.320+0000] {dag.py:3947} INFO - Setting next_dagrun for dataset_consumes_unknown_never_scheduled to None, run_after=None
[2026-08-03T20:46:59.360+0000] {logging_mixin.py:188} INFO - [2026-08-03T20:46:59.360+0000] {dag.py:3947} INFO - Setting next_dagrun for dataset_produces_1 to 2026-08-02 00:00:00+00:00, run_after=2026-08-03 00:00:00+00:00
[2026-08-03T20:46:59.372+0000] {logging_mixin.py:188} INFO - [2026-08-03T20:46:59.367+0000] {dag.py:3947} INFO - Setting next_dagrun for dataset_produces_2 to None, run_after=None
[2026-08-03T20:46:59.636+0000] {processor.py:183} INFO - Processing /home/airflow/.local/lib/python3.12/site-packages/airflow/example_dags/example_datasets.py took 1.296 seconds
[2026-08-03T20:47:36.921+0000] {processor.py:161} INFO - Started process (PID=1009) to work on /home/airflow/.local/lib/python3.12/site-packages/airflow/example_dags/example_datasets.py
[2026-08-03T20:47:36.930+0000] {processor.py:830} INFO - Processing file /home/airflow/.local/lib/python3.12/site-packages/airflow/example_dags/example_datasets.py for tasks to queue
[2026-08-03T20:47:36.934+0000] {logging_mixin.py:188} INFO - [2026-08-03T20:47:36.933+0000] {dagbag.py:545} INFO - Filling up the DagBag from /home/airflow/.local/lib/python3.12/site-packages/airflow/example_dags/example_datasets.py
[2026-08-03T20:47:37.016+0000] {processor.py:840} INFO - DAG(s) 'dataset_consumes_unknown_never_scheduled', 'dataset_produces_1', 'consume_1_and_2_with_dataset_expressions', 'dataset_consumes_1', 'dataset_consumes_1_and_2', 'consume_1_or_both_2_and_3_with_dataset_expressions', 'dataset_consumes_1_never_scheduled', 'consume_1_or_2_with_dataset_expressions', 'dataset_produces_2', 'conditional_dataset_and_time_based_timetable' retrieved from /home/airflow/.local/lib/python3.12/site-packages/airflow/example_dags/example_datasets.py
[2026-08-03T20:47:37.225+0000] {logging_mixin.py:188} INFO - [2026-08-03T20:47:37.224+0000] {dag.py:3089} INFO - Sync 10 DAGs
[2026-08-03T20:47:37.315+0000] {logging_mixin.py:188} INFO - [2026-08-03T20:47:37.315+0000] {dag.py:3947} INFO - Setting next_dagrun for conditional_dataset_and_time_based_timetable to 2026-07-29 01:00:00+00:00, run_after=2026-07-29 01:00:00+00:00
[2026-08-03T20:47:37.328+0000] {logging_mixin.py:188} INFO - [2026-08-03T20:47:37.328+0000] {dag.py:3947} INFO - Setting next_dagrun for consume_1_and_2_with_dataset_expressions to None, run_after=None
[2026-08-03T20:47:37.345+0000] {logging_mixin.py:188} INFO - [2026-08-03T20:47:37.344+0000] {dag.py:3947} INFO - Setting next_dagrun for consume_1_or_2_with_dataset_expressions to None, run_after=None
[2026-08-03T20:47:37.356+0000] {logging_mixin.py:188} INFO - [2026-08-03T20:47:37.356+0000] {dag.py:3947} INFO - Setting next_dagrun for consume_1_or_both_2_and_3_with_dataset_expressions to None, run_after=None
[2026-08-03T20:47:37.371+0000] {logging_mixin.py:188} INFO - [2026-08-03T20:47:37.370+0000] {dag.py:3947} INFO - Setting next_dagrun for dataset_consumes_1 to None, run_after=None
[2026-08-03T20:47:37.378+0000] {logging_mixin.py:188} INFO - [2026-08-03T20:47:37.378+0000] {dag.py:3947} INFO - Setting next_dagrun for dataset_consumes_1_and_2 to None, run_after=None
[2026-08-03T20:47:37.383+0000] {logging_mixin.py:188} INFO - [2026-08-03T20:47:37.383+0000] {dag.py:3947} INFO - Setting next_dagrun for dataset_consumes_1_never_scheduled to None, run_after=None
[2026-08-03T20:47:37.388+0000] {logging_mixin.py:188} INFO - [2026-08-03T20:47:37.388+0000] {dag.py:3947} INFO - Setting next_dagrun for dataset_consumes_unknown_never_scheduled to None, run_after=None
[2026-08-03T20:47:37.400+0000] {logging_mixin.py:188} INFO - [2026-08-03T20:47:37.400+0000] {dag.py:3947} INFO - Setting next_dagrun for dataset_produces_1 to 2026-08-02 00:00:00+00:00, run_after=2026-08-03 00:00:00+00:00
[2026-08-03T20:47:37.410+0000] {logging_mixin.py:188} INFO - [2026-08-03T20:47:37.410+0000] {dag.py:3947} INFO - Setting next_dagrun for dataset_produces_2 to None, run_after=None
[2026-08-03T20:47:37.574+0000] {processor.py:183} INFO - Processing /home/airflow/.local/lib/python3.12/site-packages/airflow/example_dags/example_datasets.py took 0.719 seconds
