[2026-08-03T20:38:37.793+0000] {processor.py:161} INFO - Started process (PID=127) to work on /home/airflow/.local/lib/python3.12/site-packages/airflow/example_dags/example_short_circuit_decorator.py
[2026-08-03T20:38:37.802+0000] {processor.py:830} INFO - Processing file /home/airflow/.local/lib/python3.12/site-packages/airflow/example_dags/example_short_circuit_decorator.py for tasks to queue
[2026-08-03T20:38:37.817+0000] {logging_mixin.py:188} INFO - [2026-08-03T20:38:37.816+0000] {dagbag.py:545} INFO - Filling up the DagBag from /home/airflow/.local/lib/python3.12/site-packages/airflow/example_dags/example_short_circuit_decorator.py
[2026-08-03T20:38:37.874+0000] {processor.py:840} INFO - DAG(s) 'example_short_circuit_decorator' retrieved from /home/airflow/.local/lib/python3.12/site-packages/airflow/example_dags/example_short_circuit_decorator.py
[2026-08-03T20:38:38.599+0000] {logging_mixin.py:188} INFO - [2026-08-03T20:38:38.588+0000] {dag.py:3089} INFO - Sync 1 DAGs
[2026-08-03T20:38:38.888+0000] {logging_mixin.py:188} INFO - [2026-08-03T20:38:38.887+0000] {dag.py:3947} INFO - Setting next_dagrun for example_short_circuit_decorator to 2026-08-02 00:00:00+00:00, run_after=2026-08-03 00:00:00+00:00
[2026-08-03T20:38:38.954+0000] {processor.py:183} INFO - Processing /home/airflow/.local/lib/python3.12/site-packages/airflow/example_dags/example_short_circuit_decorator.py took 1.187 seconds
[2026-08-03T20:39:53.419+0000] {processor.py:161} INFO - Started process (PID=214) to work on /home/airflow/.local/lib/python3.12/site-packages/airflow/example_dags/example_short_circuit_decorator.py
[2026-08-03T20:39:53.424+0000] {processor.py:830} INFO - Processing file /home/airflow/.local/lib/python3.12/site-packages/airflow/example_dags/example_short_circuit_decorator.py for tasks to queue
[2026-08-03T20:39:53.436+0000] {logging_mixin.py:188} INFO - [2026-08-03T20:39:53.427+0000] {dagbag.py:545} INFO - Filling up the DagBag from /home/airflow/.local/lib/python3.12/site-packages/airflow/example_dags/example_short_circuit_decorator.py
[2026-08-03T20:39:53.490+0000] {processor.py:840} INFO - DAG(s) 'example_short_circuit_decorator' retrieved from /home/airflow/.local/lib/python3.12/site-packages/airflow/example_dags/example_short_circuit_decorator.py
[2026-08-03T20:39:53.598+0000] {logging_mixin.py:188} INFO - [2026-08-03T20:39:53.597+0000] {dag.py:3089} INFO - Sync 1 DAGs
[2026-08-03T20:39:53.694+0000] {logging_mixin.py:188} INFO - [2026-08-03T20:39:53.693+0000] {dag.py:3947} INFO - Setting next_dagrun for example_short_circuit_decorator to 2026-08-02 00:00:00+00:00, run_after=2026-08-03 00:00:00+00:00
[2026-08-03T20:39:53.804+0000] {processor.py:183} INFO - Processing /home/airflow/.local/lib/python3.12/site-packages/airflow/example_dags/example_short_circuit_decorator.py took 0.417 seconds
[2026-08-03T20:40:31.462+0000] {processor.py:161} INFO - Started process (PID=282) to work on /home/airflow/.local/lib/python3.12/site-packages/airflow/example_dags/example_short_circuit_decorator.py
[2026-08-03T20:40:31.464+0000] {processor.py:830} INFO - Processing file /home/airflow/.local/lib/python3.12/site-packages/airflow/example_dags/example_short_circuit_decorator.py for tasks to queue
[2026-08-03T20:40:31.468+0000] {logging_mixin.py:188} INFO - [2026-08-03T20:40:31.467+0000] {dagbag.py:545} INFO - Filling up the DagBag from /home/airflow/.local/lib/python3.12/site-packages/airflow/example_dags/example_short_circuit_decorator.py
[2026-08-03T20:40:31.492+0000] {processor.py:840} INFO - DAG(s) 'example_short_circuit_decorator' retrieved from /home/airflow/.local/lib/python3.12/site-packages/airflow/example_dags/example_short_circuit_decorator.py
[2026-08-03T20:40:31.555+0000] {logging_mixin.py:188} INFO - [2026-08-03T20:40:31.554+0000] {dag.py:3089} INFO - Sync 1 DAGs
[2026-08-03T20:40:31.609+0000] {logging_mixin.py:188} INFO - [2026-08-03T20:40:31.608+0000] {dag.py:3947} INFO - Setting next_dagrun for example_short_circuit_decorator to 2026-08-02 00:00:00+00:00, run_after=2026-08-03 00:00:00+00:00
[2026-08-03T20:40:31.658+0000] {processor.py:183} INFO - Processing /home/airflow/.local/lib/python3.12/site-packages/airflow/example_dags/example_short_circuit_decorator.py took 0.206 seconds
[2026-08-03T20:41:07.663+0000] {processor.py:161} INFO - Started process (PID=354) to work on /home/airflow/.local/lib/python3.12/site-packages/airflow/example_dags/example_short_circuit_decorator.py
[2026-08-03T20:41:07.668+0000] {processor.py:830} INFO - Processing file /home/airflow/.local/lib/python3.12/site-packages/airflow/example_dags/example_short_circuit_decorator.py for tasks to queue
[2026-08-03T20:41:07.678+0000] {logging_mixin.py:188} INFO - [2026-08-03T20:41:07.677+0000] {dagbag.py:545} INFO - Filling up the DagBag from /home/airflow/.local/lib/python3.12/site-packages/airflow/example_dags/example_short_circuit_decorator.py
[2026-08-03T20:41:07.723+0000] {processor.py:840} INFO - DAG(s) 'example_short_circuit_decorator' retrieved from /home/airflow/.local/lib/python3.12/site-packages/airflow/example_dags/example_short_circuit_decorator.py
[2026-08-03T20:41:07.807+0000] {logging_mixin.py:188} INFO - [2026-08-03T20:41:07.807+0000] {dag.py:3089} INFO - Sync 1 DAGs
[2026-08-03T20:41:07.937+0000] {logging_mixin.py:188} INFO - [2026-08-03T20:41:07.936+0000] {dag.py:3947} INFO - Setting next_dagrun for example_short_circuit_decorator to 2026-08-02 00:00:00+00:00, run_after=2026-08-03 00:00:00+00:00
[2026-08-03T20:41:08.143+0000] {processor.py:183} INFO - Processing /home/airflow/.local/lib/python3.12/site-packages/airflow/example_dags/example_short_circuit_decorator.py took 0.503 seconds
[2026-08-03T20:41:39.380+0000] {processor.py:161} INFO - Started process (PID=425) to work on /home/airflow/.local/lib/python3.12/site-packages/airflow/example_dags/example_short_circuit_decorator.py
[2026-08-03T20:41:39.387+0000] {processor.py:830} INFO - Processing file /home/airflow/.local/lib/python3.12/site-packages/airflow/example_dags/example_short_circuit_decorator.py for tasks to queue
[2026-08-03T20:41:39.396+0000] {logging_mixin.py:188} INFO - [2026-08-03T20:41:39.395+0000] {dagbag.py:545} INFO - Filling up the DagBag from /home/airflow/.local/lib/python3.12/site-packages/airflow/example_dags/example_short_circuit_decorator.py
[2026-08-03T20:41:39.439+0000] {processor.py:840} INFO - DAG(s) 'example_short_circuit_decorator' retrieved from /home/airflow/.local/lib/python3.12/site-packages/airflow/example_dags/example_short_circuit_decorator.py
[2026-08-03T20:41:39.568+0000] {logging_mixin.py:188} INFO - [2026-08-03T20:41:39.567+0000] {dag.py:3089} INFO - Sync 1 DAGs
[2026-08-03T20:41:39.783+0000] {logging_mixin.py:188} INFO - [2026-08-03T20:41:39.782+0000] {dag.py:3947} INFO - Setting next_dagrun for example_short_circuit_decorator to 2026-08-02 00:00:00+00:00, run_after=2026-08-03 00:00:00+00:00
[2026-08-03T20:41:39.889+0000] {processor.py:183} INFO - Processing /home/airflow/.local/lib/python3.12/site-packages/airflow/example_dags/example_short_circuit_decorator.py took 0.549 seconds
[2026-08-03T20:42:34.289+0000] {processor.py:161} INFO - Started process (PID=506) to work on /home/airflow/.local/lib/python3.12/site-packages/airflow/example_dags/example_short_circuit_decorator.py
[2026-08-03T20:42:34.330+0000] {processor.py:830} INFO - Processing file /home/airflow/.local/lib/python3.12/site-packages/airflow/example_dags/example_short_circuit_decorator.py for tasks to queue
[2026-08-03T20:42:34.343+0000] {logging_mixin.py:188} INFO - [2026-08-03T20:42:34.342+0000] {dagbag.py:545} INFO - Filling up the DagBag from /home/airflow/.local/lib/python3.12/site-packages/airflow/example_dags/example_short_circuit_decorator.py
[2026-08-03T20:42:34.623+0000] {processor.py:840} INFO - DAG(s) 'example_short_circuit_decorator' retrieved from /home/airflow/.local/lib/python3.12/site-packages/airflow/example_dags/example_short_circuit_decorator.py
[2026-08-03T20:42:34.784+0000] {logging_mixin.py:188} INFO - [2026-08-03T20:42:34.781+0000] {dag.py:3089} INFO - Sync 1 DAGs
[2026-08-03T20:42:35.143+0000] {logging_mixin.py:188} INFO - [2026-08-03T20:42:35.143+0000] {dag.py:3947} INFO - Setting next_dagrun for example_short_circuit_decorator to 2026-08-02 00:00:00+00:00, run_after=2026-08-03 00:00:00+00:00
[2026-08-03T20:42:35.291+0000] {processor.py:183} INFO - Processing /home/airflow/.local/lib/python3.12/site-packages/airflow/example_dags/example_short_circuit_decorator.py took 1.139 seconds
[2026-08-03T20:43:27.560+0000] {processor.py:161} INFO - Started process (PID=578) to work on /home/airflow/.local/lib/python3.12/site-packages/airflow/example_dags/example_short_circuit_decorator.py
[2026-08-03T20:43:27.565+0000] {processor.py:830} INFO - Processing file /home/airflow/.local/lib/python3.12/site-packages/airflow/example_dags/example_short_circuit_decorator.py for tasks to queue
[2026-08-03T20:43:27.576+0000] {logging_mixin.py:188} INFO - [2026-08-03T20:43:27.574+0000] {dagbag.py:545} INFO - Filling up the DagBag from /home/airflow/.local/lib/python3.12/site-packages/airflow/example_dags/example_short_circuit_decorator.py
[2026-08-03T20:43:27.696+0000] {processor.py:840} INFO - DAG(s) 'example_short_circuit_decorator' retrieved from /home/airflow/.local/lib/python3.12/site-packages/airflow/example_dags/example_short_circuit_decorator.py
[2026-08-03T20:43:28.010+0000] {logging_mixin.py:188} INFO - [2026-08-03T20:43:28.009+0000] {dag.py:3089} INFO - Sync 1 DAGs
[2026-08-03T20:43:28.101+0000] {logging_mixin.py:188} INFO - [2026-08-03T20:43:28.100+0000] {dag.py:3947} INFO - Setting next_dagrun for example_short_circuit_decorator to 2026-08-02 00:00:00+00:00, run_after=2026-08-03 00:00:00+00:00
[2026-08-03T20:43:28.184+0000] {processor.py:183} INFO - Processing /home/airflow/.local/lib/python3.12/site-packages/airflow/example_dags/example_short_circuit_decorator.py took 0.642 seconds
[2026-08-03T20:44:05.550+0000] {processor.py:161} INFO - Started process (PID=648) to work on /home/airflow/.local/lib/python3.12/site-packages/airflow/example_dags/example_short_circuit_decorator.py
[2026-08-03T20:44:05.556+0000] {processor.py:830} INFO - Processing file /home/airflow/.local/lib/python3.12/site-packages/airflow/example_dags/example_short_circuit_decorator.py for tasks to queue
[2026-08-03T20:44:05.559+0000] {logging_mixin.py:188} INFO - [2026-08-03T20:44:05.558+0000] {dagbag.py:545} INFO - Filling up the DagBag from /home/airflow/.local/lib/python3.12/site-packages/airflow/example_dags/example_short_circuit_decorator.py
[2026-08-03T20:44:05.663+0000] {processor.py:840} INFO - DAG(s) 'example_short_circuit_decorator' retrieved from /home/airflow/.local/lib/python3.12/site-packages/airflow/example_dags/example_short_circuit_decorator.py
[2026-08-03T20:44:06.080+0000] {logging_mixin.py:188} INFO - [2026-08-03T20:44:06.080+0000] {dag.py:3089} INFO - Sync 1 DAGs
[2026-08-03T20:44:06.601+0000] {logging_mixin.py:188} INFO - [2026-08-03T20:44:06.600+0000] {dag.py:3947} INFO - Setting next_dagrun for example_short_circuit_decorator to 2026-08-02 00:00:00+00:00, run_after=2026-08-03 00:00:00+00:00
[2026-08-03T20:44:06.712+0000] {processor.py:183} INFO - Processing /home/airflow/.local/lib/python3.12/site-packages/airflow/example_dags/example_short_circuit_decorator.py took 1.235 seconds
[2026-08-03T20:44:55.228+0000] {processor.py:161} INFO - Started process (PID=718) to work on /home/airflow/.local/lib/python3.12/site-packages/airflow/example_dags/example_short_circuit_decorator.py
[2026-08-03T20:44:55.233+0000] {processor.py:830} INFO - Processing file /home/airflow/.local/lib/python3.12/site-packages/airflow/example_dags/example_short_circuit_decorator.py for tasks to queue
[2026-08-03T20:44:55.237+0000] {logging_mixin.py:188} INFO - [2026-08-03T20:44:55.236+0000] {dagbag.py:545} INFO - Filling up the DagBag from /home/airflow/.local/lib/python3.12/site-packages/airflow/example_dags/example_short_circuit_decorator.py
[2026-08-03T20:44:55.384+0000] {processor.py:840} INFO - DAG(s) 'example_short_circuit_decorator' retrieved from /home/airflow/.local/lib/python3.12/site-packages/airflow/example_dags/example_short_circuit_decorator.py
[2026-08-03T20:44:55.585+0000] {logging_mixin.py:188} INFO - [2026-08-03T20:44:55.585+0000] {dag.py:3089} INFO - Sync 1 DAGs
[2026-08-03T20:44:55.691+0000] {logging_mixin.py:188} INFO - [2026-08-03T20:44:55.690+0000] {dag.py:3947} INFO - Setting next_dagrun for example_short_circuit_decorator to 2026-08-02 00:00:00+00:00, run_after=2026-08-03 00:00:00+00:00
[2026-08-03T20:44:56.064+0000] {processor.py:183} INFO - Processing /home/airflow/.local/lib/python3.12/site-packages/airflow/example_dags/example_short_circuit_decorator.py took 0.884 seconds
[2026-08-03T20:45:40.632+0000] {processor.py:161} INFO - Started process (PID=795) to work on /home/airflow/.local/lib/python3.12/site-packages/airflow/example_dags/example_short_circuit_decorator.py
[2026-08-03T20:45:40.636+0000] {processor.py:830} INFO - Processing file /home/airflow/.local/lib/python3.12/site-packages/airflow/example_dags/example_short_circuit_decorator.py for tasks to queue
[2026-08-03T20:45:40.650+0000] {logging_mixin.py:188} INFO - [2026-08-03T20:45:40.649+0000] {dagbag.py:545} INFO - Filling up the DagBag from /home/airflow/.local/lib/python3.12/site-packages/airflow/example_dags/example_short_circuit_decorator.py
[2026-08-03T20:45:40.708+0000] {processor.py:840} INFO - DAG(s) 'example_short_circuit_decorator' retrieved from /home/airflow/.local/lib/python3.12/site-packages/airflow/example_dags/example_short_circuit_decorator.py
[2026-08-03T20:45:40.838+0000] {logging_mixin.py:188} INFO - [2026-08-03T20:45:40.838+0000] {dag.py:3089} INFO - Sync 1 DAGs
[2026-08-03T20:45:40.911+0000] {logging_mixin.py:188} INFO - [2026-08-03T20:45:40.910+0000] {dag.py:3947} INFO - Setting next_dagrun for example_short_circuit_decorator to 2026-08-02 00:00:00+00:00, run_after=2026-08-03 00:00:00+00:00
[2026-08-03T20:45:41.035+0000] {processor.py:183} INFO - Processing /home/airflow/.local/lib/python3.12/site-packages/airflow/example_dags/example_short_circuit_decorator.py took 0.457 seconds
[2026-08-03T20:46:24.806+0000] {processor.py:161} INFO - Started process (PID=869) to work on /home/airflow/.local/lib/python3.12/site-packages/airflow/example_dags/example_short_circuit_decorator.py
[2026-08-03T20:46:24.837+0000] {processor.py:830} INFO - Processing file /home/airflow/.local/lib/python3.12/site-packages/airflow/example_dags/example_short_circuit_decorator.py for tasks to queue
[2026-08-03T20:46:24.851+0000] {logging_mixin.py:188} INFO - [2026-08-03T20:46:24.849+0000] {dagbag.py:545} INFO - Filling up the DagBag from /home/airflow/.local/lib/python3.12/site-packages/airflow/example_dags/example_short_circuit_decorator.py
[2026-08-03T20:46:24.995+0000] {processor.py:840} INFO - DAG(s) 'example_short_circuit_decorator' retrieved from /home/airflow/.local/lib/python3.12/site-packages/airflow/example_dags/example_short_circuit_decorator.py
[2026-08-03T20:46:25.421+0000] {logging_mixin.py:188} INFO - [2026-08-03T20:46:25.421+0000] {dag.py:3089} INFO - Sync 1 DAGs
[2026-08-03T20:46:25.618+0000] {logging_mixin.py:188} INFO - [2026-08-03T20:46:25.617+0000] {dag.py:3947} INFO - Setting next_dagrun for example_short_circuit_decorator to 2026-08-02 00:00:00+00:00, run_after=2026-08-03 00:00:00+00:00
[2026-08-03T20:46:25.739+0000] {processor.py:183} INFO - Processing /home/airflow/.local/lib/python3.12/site-packages/airflow/example_dags/example_short_circuit_decorator.py took 1.092 seconds
[2026-08-03T20:47:00.556+0000] {processor.py:161} INFO - Started process (PID=946) to work on /home/airflow/.local/lib/python3.12/site-packages/airflow/example_dags/example_short_circuit_decorator.py
[2026-08-03T20:47:00.567+0000] {processor.py:830} INFO - Processing file /home/airflow/.local/lib/python3.12/site-packages/airflow/example_dags/example_short_circuit_decorator.py for tasks to queue
[2026-08-03T20:47:00.571+0000] {logging_mixin.py:188} INFO - [2026-08-03T20:47:00.570+0000] {dagbag.py:545} INFO - Filling up the DagBag from /home/airflow/.local/lib/python3.12/site-packages/airflow/example_dags/example_short_circuit_decorator.py
[2026-08-03T20:47:00.639+0000] {processor.py:840} INFO - DAG(s) 'example_short_circuit_decorator' retrieved from /home/airflow/.local/lib/python3.12/site-packages/airflow/example_dags/example_short_circuit_decorator.py
[2026-08-03T20:47:00.934+0000] {logging_mixin.py:188} INFO - [2026-08-03T20:47:00.933+0000] {dag.py:3089} INFO - Sync 1 DAGs
[2026-08-03T20:47:01.365+0000] {logging_mixin.py:188} INFO - [2026-08-03T20:47:01.339+0000] {dag.py:3947} INFO - Setting next_dagrun for example_short_circuit_decorator to 2026-08-02 00:00:00+00:00, run_after=2026-08-03 00:00:00+00:00
[2026-08-03T20:47:01.524+0000] {processor.py:183} INFO - Processing /home/airflow/.local/lib/python3.12/site-packages/airflow/example_dags/example_short_circuit_decorator.py took 1.059 seconds
[2026-08-03T20:47:38.199+0000] {processor.py:161} INFO - Started process (PID=1013) to work on /home/airflow/.local/lib/python3.12/site-packages/airflow/example_dags/example_short_circuit_decorator.py
[2026-08-03T20:47:38.204+0000] {processor.py:830} INFO - Processing file /home/airflow/.local/lib/python3.12/site-packages/airflow/example_dags/example_short_circuit_decorator.py for tasks to queue
[2026-08-03T20:47:38.210+0000] {logging_mixin.py:188} INFO - [2026-08-03T20:47:38.208+0000] {dagbag.py:545} INFO - Filling up the DagBag from /home/airflow/.local/lib/python3.12/site-packages/airflow/example_dags/example_short_circuit_decorator.py
[2026-08-03T20:47:38.285+0000] {processor.py:840} INFO - DAG(s) 'example_short_circuit_decorator' retrieved from /home/airflow/.local/lib/python3.12/site-packages/airflow/example_dags/example_short_circuit_decorator.py
[2026-08-03T20:47:38.389+0000] {logging_mixin.py:188} INFO - [2026-08-03T20:47:38.389+0000] {dag.py:3089} INFO - Sync 1 DAGs
[2026-08-03T20:47:38.508+0000] {logging_mixin.py:188} INFO - [2026-08-03T20:47:38.507+0000] {dag.py:3947} INFO - Setting next_dagrun for example_short_circuit_decorator to 2026-08-02 00:00:00+00:00, run_after=2026-08-03 00:00:00+00:00
[2026-08-03T20:47:38.648+0000] {processor.py:183} INFO - Processing /home/airflow/.local/lib/python3.12/site-packages/airflow/example_dags/example_short_circuit_decorator.py took 0.472 seconds
