[2026-08-03T20:38:23.436+0000] {processor.py:161} INFO - Started process (PID=108) to work on /home/airflow/.local/lib/python3.12/site-packages/airflow/example_dags/example_python_operator.py
[2026-08-03T20:38:23.469+0000] {processor.py:830} INFO - Processing file /home/airflow/.local/lib/python3.12/site-packages/airflow/example_dags/example_python_operator.py for tasks to queue
[2026-08-03T20:38:23.508+0000] {logging_mixin.py:188} INFO - [2026-08-03T20:38:23.504+0000] {dagbag.py:545} INFO - Filling up the DagBag from /home/airflow/.local/lib/python3.12/site-packages/airflow/example_dags/example_python_operator.py
[2026-08-03T20:38:23.991+0000] {processor.py:840} INFO - DAG(s) 'example_python_operator' retrieved from /home/airflow/.local/lib/python3.12/site-packages/airflow/example_dags/example_python_operator.py
[2026-08-03T20:38:25.540+0000] {logging_mixin.py:188} INFO - [2026-08-03T20:38:25.539+0000] {dag.py:3089} INFO - Sync 1 DAGs
[2026-08-03T20:38:26.116+0000] {logging_mixin.py:188} INFO - [2026-08-03T20:38:26.116+0000] {dag.py:3947} INFO - Setting next_dagrun for example_python_operator to None, run_after=None
[2026-08-03T20:38:26.593+0000] {processor.py:183} INFO - Processing /home/airflow/.local/lib/python3.12/site-packages/airflow/example_dags/example_python_operator.py took 3.276 seconds
[2026-08-03T20:39:46.869+0000] {processor.py:161} INFO - Started process (PID=192) to work on /home/airflow/.local/lib/python3.12/site-packages/airflow/example_dags/example_python_operator.py
[2026-08-03T20:39:46.874+0000] {processor.py:830} INFO - Processing file /home/airflow/.local/lib/python3.12/site-packages/airflow/example_dags/example_python_operator.py for tasks to queue
[2026-08-03T20:39:46.879+0000] {logging_mixin.py:188} INFO - [2026-08-03T20:39:46.877+0000] {dagbag.py:545} INFO - Filling up the DagBag from /home/airflow/.local/lib/python3.12/site-packages/airflow/example_dags/example_python_operator.py
[2026-08-03T20:39:46.936+0000] {processor.py:840} INFO - DAG(s) 'example_python_operator' retrieved from /home/airflow/.local/lib/python3.12/site-packages/airflow/example_dags/example_python_operator.py
[2026-08-03T20:39:47.013+0000] {logging_mixin.py:188} INFO - [2026-08-03T20:39:47.013+0000] {dag.py:3089} INFO - Sync 1 DAGs
[2026-08-03T20:39:47.063+0000] {logging_mixin.py:188} INFO - [2026-08-03T20:39:47.063+0000] {dag.py:3947} INFO - Setting next_dagrun for example_python_operator to None, run_after=None
[2026-08-03T20:39:47.217+0000] {processor.py:183} INFO - Processing /home/airflow/.local/lib/python3.12/site-packages/airflow/example_dags/example_python_operator.py took 0.390 seconds
[2026-08-03T20:40:25.060+0000] {processor.py:161} INFO - Started process (PID=267) to work on /home/airflow/.local/lib/python3.12/site-packages/airflow/example_dags/example_python_operator.py
[2026-08-03T20:40:25.104+0000] {processor.py:830} INFO - Processing file /home/airflow/.local/lib/python3.12/site-packages/airflow/example_dags/example_python_operator.py for tasks to queue
[2026-08-03T20:40:25.119+0000] {logging_mixin.py:188} INFO - [2026-08-03T20:40:25.114+0000] {dagbag.py:545} INFO - Filling up the DagBag from /home/airflow/.local/lib/python3.12/site-packages/airflow/example_dags/example_python_operator.py
[2026-08-03T20:40:25.200+0000] {processor.py:840} INFO - DAG(s) 'example_python_operator' retrieved from /home/airflow/.local/lib/python3.12/site-packages/airflow/example_dags/example_python_operator.py
[2026-08-03T20:40:25.587+0000] {logging_mixin.py:188} INFO - [2026-08-03T20:40:25.586+0000] {dag.py:3089} INFO - Sync 1 DAGs
[2026-08-03T20:40:25.916+0000] {logging_mixin.py:188} INFO - [2026-08-03T20:40:25.916+0000] {dag.py:3947} INFO - Setting next_dagrun for example_python_operator to None, run_after=None
[2026-08-03T20:40:26.089+0000] {processor.py:183} INFO - Processing /home/airflow/.local/lib/python3.12/site-packages/airflow/example_dags/example_python_operator.py took 1.124 seconds
[2026-08-03T20:40:58.598+0000] {processor.py:161} INFO - Started process (PID=339) to work on /home/airflow/.local/lib/python3.12/site-packages/airflow/example_dags/example_python_operator.py
[2026-08-03T20:40:58.612+0000] {processor.py:830} INFO - Processing file /home/airflow/.local/lib/python3.12/site-packages/airflow/example_dags/example_python_operator.py for tasks to queue
[2026-08-03T20:40:58.620+0000] {logging_mixin.py:188} INFO - [2026-08-03T20:40:58.619+0000] {dagbag.py:545} INFO - Filling up the DagBag from /home/airflow/.local/lib/python3.12/site-packages/airflow/example_dags/example_python_operator.py
[2026-08-03T20:40:58.782+0000] {processor.py:840} INFO - DAG(s) 'example_python_operator' retrieved from /home/airflow/.local/lib/python3.12/site-packages/airflow/example_dags/example_python_operator.py
[2026-08-03T20:40:58.957+0000] {logging_mixin.py:188} INFO - [2026-08-03T20:40:58.956+0000] {dag.py:3089} INFO - Sync 1 DAGs
[2026-08-03T20:40:59.004+0000] {logging_mixin.py:188} INFO - [2026-08-03T20:40:59.003+0000] {dag.py:3947} INFO - Setting next_dagrun for example_python_operator to None, run_after=None
[2026-08-03T20:40:59.260+0000] {processor.py:183} INFO - Processing /home/airflow/.local/lib/python3.12/site-packages/airflow/example_dags/example_python_operator.py took 0.737 seconds
[2026-08-03T20:41:29.840+0000] {processor.py:161} INFO - Started process (PID=403) to work on /home/airflow/.local/lib/python3.12/site-packages/airflow/example_dags/example_python_operator.py
[2026-08-03T20:41:29.844+0000] {processor.py:830} INFO - Processing file /home/airflow/.local/lib/python3.12/site-packages/airflow/example_dags/example_python_operator.py for tasks to queue
[2026-08-03T20:41:29.847+0000] {logging_mixin.py:188} INFO - [2026-08-03T20:41:29.846+0000] {dagbag.py:545} INFO - Filling up the DagBag from /home/airflow/.local/lib/python3.12/site-packages/airflow/example_dags/example_python_operator.py
[2026-08-03T20:41:29.867+0000] {processor.py:840} INFO - DAG(s) 'example_python_operator' retrieved from /home/airflow/.local/lib/python3.12/site-packages/airflow/example_dags/example_python_operator.py
[2026-08-03T20:41:29.933+0000] {logging_mixin.py:188} INFO - [2026-08-03T20:41:29.933+0000] {dag.py:3089} INFO - Sync 1 DAGs
[2026-08-03T20:41:29.972+0000] {logging_mixin.py:188} INFO - [2026-08-03T20:41:29.971+0000] {dag.py:3947} INFO - Setting next_dagrun for example_python_operator to None, run_after=None
[2026-08-03T20:41:30.030+0000] {processor.py:183} INFO - Processing /home/airflow/.local/lib/python3.12/site-packages/airflow/example_dags/example_python_operator.py took 0.199 seconds
[2026-08-03T20:42:15.553+0000] {processor.py:161} INFO - Started process (PID=483) to work on /home/airflow/.local/lib/python3.12/site-packages/airflow/example_dags/example_python_operator.py
[2026-08-03T20:42:15.569+0000] {processor.py:830} INFO - Processing file /home/airflow/.local/lib/python3.12/site-packages/airflow/example_dags/example_python_operator.py for tasks to queue
[2026-08-03T20:42:15.590+0000] {logging_mixin.py:188} INFO - [2026-08-03T20:42:15.588+0000] {dagbag.py:545} INFO - Filling up the DagBag from /home/airflow/.local/lib/python3.12/site-packages/airflow/example_dags/example_python_operator.py
[2026-08-03T20:42:15.709+0000] {processor.py:840} INFO - DAG(s) 'example_python_operator' retrieved from /home/airflow/.local/lib/python3.12/site-packages/airflow/example_dags/example_python_operator.py
[2026-08-03T20:42:16.133+0000] {logging_mixin.py:188} INFO - [2026-08-03T20:42:16.132+0000] {dag.py:3089} INFO - Sync 1 DAGs
[2026-08-03T20:42:16.323+0000] {logging_mixin.py:188} INFO - [2026-08-03T20:42:16.321+0000] {dag.py:3947} INFO - Setting next_dagrun for example_python_operator to None, run_after=None
[2026-08-03T20:42:16.705+0000] {processor.py:183} INFO - Processing /home/airflow/.local/lib/python3.12/site-packages/airflow/example_dags/example_python_operator.py took 1.249 seconds
[2026-08-03T20:43:13.729+0000] {processor.py:161} INFO - Started process (PID=547) to work on /home/airflow/.local/lib/python3.12/site-packages/airflow/example_dags/example_python_operator.py
[2026-08-03T20:43:13.736+0000] {processor.py:830} INFO - Processing file /home/airflow/.local/lib/python3.12/site-packages/airflow/example_dags/example_python_operator.py for tasks to queue
[2026-08-03T20:43:13.743+0000] {logging_mixin.py:188} INFO - [2026-08-03T20:43:13.740+0000] {dagbag.py:545} INFO - Filling up the DagBag from /home/airflow/.local/lib/python3.12/site-packages/airflow/example_dags/example_python_operator.py
[2026-08-03T20:43:13.794+0000] {processor.py:840} INFO - DAG(s) 'example_python_operator' retrieved from /home/airflow/.local/lib/python3.12/site-packages/airflow/example_dags/example_python_operator.py
[2026-08-03T20:43:14.028+0000] {logging_mixin.py:188} INFO - [2026-08-03T20:43:14.027+0000] {dag.py:3089} INFO - Sync 1 DAGs
[2026-08-03T20:43:14.179+0000] {logging_mixin.py:188} INFO - [2026-08-03T20:43:14.178+0000] {dag.py:3947} INFO - Setting next_dagrun for example_python_operator to None, run_after=None
[2026-08-03T20:43:14.426+0000] {processor.py:183} INFO - Processing /home/airflow/.local/lib/python3.12/site-packages/airflow/example_dags/example_python_operator.py took 0.731 seconds
[2026-08-03T20:43:52.480+0000] {processor.py:161} INFO - Started process (PID=619) to work on /home/airflow/.local/lib/python3.12/site-packages/airflow/example_dags/example_python_operator.py
[2026-08-03T20:43:52.500+0000] {processor.py:830} INFO - Processing file /home/airflow/.local/lib/python3.12/site-packages/airflow/example_dags/example_python_operator.py for tasks to queue
[2026-08-03T20:43:52.507+0000] {logging_mixin.py:188} INFO - [2026-08-03T20:43:52.505+0000] {dagbag.py:545} INFO - Filling up the DagBag from /home/airflow/.local/lib/python3.12/site-packages/airflow/example_dags/example_python_operator.py
[2026-08-03T20:43:52.655+0000] {processor.py:840} INFO - DAG(s) 'example_python_operator' retrieved from /home/airflow/.local/lib/python3.12/site-packages/airflow/example_dags/example_python_operator.py
[2026-08-03T20:43:52.792+0000] {logging_mixin.py:188} INFO - [2026-08-03T20:43:52.792+0000] {dag.py:3089} INFO - Sync 1 DAGs
[2026-08-03T20:43:52.870+0000] {logging_mixin.py:188} INFO - [2026-08-03T20:43:52.869+0000] {dag.py:3947} INFO - Setting next_dagrun for example_python_operator to None, run_after=None
[2026-08-03T20:43:52.949+0000] {processor.py:183} INFO - Processing /home/airflow/.local/lib/python3.12/site-packages/airflow/example_dags/example_python_operator.py took 0.553 seconds
[2026-08-03T20:44:43.267+0000] {processor.py:161} INFO - Started process (PID=699) to work on /home/airflow/.local/lib/python3.12/site-packages/airflow/example_dags/example_python_operator.py
[2026-08-03T20:44:43.278+0000] {processor.py:830} INFO - Processing file /home/airflow/.local/lib/python3.12/site-packages/airflow/example_dags/example_python_operator.py for tasks to queue
[2026-08-03T20:44:43.282+0000] {logging_mixin.py:188} INFO - [2026-08-03T20:44:43.281+0000] {dagbag.py:545} INFO - Filling up the DagBag from /home/airflow/.local/lib/python3.12/site-packages/airflow/example_dags/example_python_operator.py
[2026-08-03T20:44:43.372+0000] {processor.py:840} INFO - DAG(s) 'example_python_operator' retrieved from /home/airflow/.local/lib/python3.12/site-packages/airflow/example_dags/example_python_operator.py
[2026-08-03T20:44:43.645+0000] {logging_mixin.py:188} INFO - [2026-08-03T20:44:43.644+0000] {dag.py:3089} INFO - Sync 1 DAGs
[2026-08-03T20:44:43.822+0000] {logging_mixin.py:188} INFO - [2026-08-03T20:44:43.813+0000] {dag.py:3947} INFO - Setting next_dagrun for example_python_operator to None, run_after=None
[2026-08-03T20:44:44.016+0000] {processor.py:183} INFO - Processing /home/airflow/.local/lib/python3.12/site-packages/airflow/example_dags/example_python_operator.py took 0.799 seconds
[2026-08-03T20:45:28.998+0000] {processor.py:161} INFO - Started process (PID=773) to work on /home/airflow/.local/lib/python3.12/site-packages/airflow/example_dags/example_python_operator.py
[2026-08-03T20:45:29.005+0000] {processor.py:830} INFO - Processing file /home/airflow/.local/lib/python3.12/site-packages/airflow/example_dags/example_python_operator.py for tasks to queue
[2026-08-03T20:45:29.019+0000] {logging_mixin.py:188} INFO - [2026-08-03T20:45:29.017+0000] {dagbag.py:545} INFO - Filling up the DagBag from /home/airflow/.local/lib/python3.12/site-packages/airflow/example_dags/example_python_operator.py
[2026-08-03T20:45:29.166+0000] {processor.py:840} INFO - DAG(s) 'example_python_operator' retrieved from /home/airflow/.local/lib/python3.12/site-packages/airflow/example_dags/example_python_operator.py
[2026-08-03T20:45:29.418+0000] {logging_mixin.py:188} INFO - [2026-08-03T20:45:29.417+0000] {dag.py:3089} INFO - Sync 1 DAGs
[2026-08-03T20:45:29.544+0000] {logging_mixin.py:188} INFO - [2026-08-03T20:45:29.543+0000] {dag.py:3947} INFO - Setting next_dagrun for example_python_operator to None, run_after=None
[2026-08-03T20:45:29.719+0000] {processor.py:183} INFO - Processing /home/airflow/.local/lib/python3.12/site-packages/airflow/example_dags/example_python_operator.py took 0.782 seconds
[2026-08-03T20:46:15.733+0000] {processor.py:161} INFO - Started process (PID=848) to work on /home/airflow/.local/lib/python3.12/site-packages/airflow/example_dags/example_python_operator.py
[2026-08-03T20:46:15.747+0000] {processor.py:830} INFO - Processing file /home/airflow/.local/lib/python3.12/site-packages/airflow/example_dags/example_python_operator.py for tasks to queue
[2026-08-03T20:46:15.771+0000] {logging_mixin.py:188} INFO - [2026-08-03T20:46:15.770+0000] {dagbag.py:545} INFO - Filling up the DagBag from /home/airflow/.local/lib/python3.12/site-packages/airflow/example_dags/example_python_operator.py
[2026-08-03T20:46:16.014+0000] {processor.py:840} INFO - DAG(s) 'example_python_operator' retrieved from /home/airflow/.local/lib/python3.12/site-packages/airflow/example_dags/example_python_operator.py
[2026-08-03T20:46:16.338+0000] {logging_mixin.py:188} INFO - [2026-08-03T20:46:16.338+0000] {dag.py:3089} INFO - Sync 1 DAGs
[2026-08-03T20:46:16.662+0000] {logging_mixin.py:188} INFO - [2026-08-03T20:46:16.637+0000] {dag.py:3947} INFO - Setting next_dagrun for example_python_operator to None, run_after=None
[2026-08-03T20:46:16.943+0000] {processor.py:183} INFO - Processing /home/airflow/.local/lib/python3.12/site-packages/airflow/example_dags/example_python_operator.py took 1.297 seconds
[2026-08-03T20:46:54.324+0000] {processor.py:161} INFO - Started process (PID=925) to work on /home/airflow/.local/lib/python3.12/site-packages/airflow/example_dags/example_python_operator.py
[2026-08-03T20:46:54.336+0000] {processor.py:830} INFO - Processing file /home/airflow/.local/lib/python3.12/site-packages/airflow/example_dags/example_python_operator.py for tasks to queue
[2026-08-03T20:46:54.345+0000] {logging_mixin.py:188} INFO - [2026-08-03T20:46:54.344+0000] {dagbag.py:545} INFO - Filling up the DagBag from /home/airflow/.local/lib/python3.12/site-packages/airflow/example_dags/example_python_operator.py
[2026-08-03T20:46:54.425+0000] {processor.py:840} INFO - DAG(s) 'example_python_operator' retrieved from /home/airflow/.local/lib/python3.12/site-packages/airflow/example_dags/example_python_operator.py
[2026-08-03T20:46:54.574+0000] {logging_mixin.py:188} INFO - [2026-08-03T20:46:54.574+0000] {dag.py:3089} INFO - Sync 1 DAGs
[2026-08-03T20:46:54.609+0000] {logging_mixin.py:188} INFO - [2026-08-03T20:46:54.608+0000] {dag.py:3947} INFO - Setting next_dagrun for example_python_operator to None, run_after=None
[2026-08-03T20:46:54.669+0000] {processor.py:183} INFO - Processing /home/airflow/.local/lib/python3.12/site-packages/airflow/example_dags/example_python_operator.py took 0.400 seconds
[2026-08-03T20:47:33.325+0000] {processor.py:161} INFO - Started process (PID=999) to work on /home/airflow/.local/lib/python3.12/site-packages/airflow/example_dags/example_python_operator.py
[2026-08-03T20:47:33.334+0000] {processor.py:830} INFO - Processing file /home/airflow/.local/lib/python3.12/site-packages/airflow/example_dags/example_python_operator.py for tasks to queue
[2026-08-03T20:47:33.338+0000] {logging_mixin.py:188} INFO - [2026-08-03T20:47:33.337+0000] {dagbag.py:545} INFO - Filling up the DagBag from /home/airflow/.local/lib/python3.12/site-packages/airflow/example_dags/example_python_operator.py
[2026-08-03T20:47:33.557+0000] {processor.py:840} INFO - DAG(s) 'example_python_operator' retrieved from /home/airflow/.local/lib/python3.12/site-packages/airflow/example_dags/example_python_operator.py
[2026-08-03T20:47:33.855+0000] {logging_mixin.py:188} INFO - [2026-08-03T20:47:33.855+0000] {dag.py:3089} INFO - Sync 1 DAGs
[2026-08-03T20:47:34.102+0000] {logging_mixin.py:188} INFO - [2026-08-03T20:47:34.101+0000] {dag.py:3947} INFO - Setting next_dagrun for example_python_operator to None, run_after=None
[2026-08-03T20:47:34.235+0000] {processor.py:183} INFO - Processing /home/airflow/.local/lib/python3.12/site-packages/airflow/example_dags/example_python_operator.py took 0.958 seconds
