[2026-08-03T20:39:01.688+0000] {processor.py:161} INFO - Started process (PID=151) to work on /home/airflow/.local/lib/python3.12/site-packages/airflow/example_dags/example_task_group.py
[2026-08-03T20:39:01.704+0000] {processor.py:830} INFO - Processing file /home/airflow/.local/lib/python3.12/site-packages/airflow/example_dags/example_task_group.py for tasks to queue
[2026-08-03T20:39:01.742+0000] {logging_mixin.py:188} INFO - [2026-08-03T20:39:01.721+0000] {dagbag.py:545} INFO - Filling up the DagBag from /home/airflow/.local/lib/python3.12/site-packages/airflow/example_dags/example_task_group.py
[2026-08-03T20:39:01.843+0000] {processor.py:840} INFO - DAG(s) 'example_task_group' retrieved from /home/airflow/.local/lib/python3.12/site-packages/airflow/example_dags/example_task_group.py
[2026-08-03T20:39:02.821+0000] {logging_mixin.py:188} INFO - [2026-08-03T20:39:02.820+0000] {dag.py:3089} INFO - Sync 1 DAGs
[2026-08-03T20:39:03.024+0000] {logging_mixin.py:188} INFO - [2026-08-03T20:39:03.023+0000] {dag.py:3947} INFO - Setting next_dagrun for example_task_group to 2026-08-02 00:00:00+00:00, run_after=2026-08-03 00:00:00+00:00
[2026-08-03T20:39:03.140+0000] {processor.py:183} INFO - Processing /home/airflow/.local/lib/python3.12/site-packages/airflow/example_dags/example_task_group.py took 1.637 seconds
[2026-08-03T20:40:04.294+0000] {processor.py:161} INFO - Started process (PID=233) to work on /home/airflow/.local/lib/python3.12/site-packages/airflow/example_dags/example_task_group.py
[2026-08-03T20:40:04.336+0000] {processor.py:830} INFO - Processing file /home/airflow/.local/lib/python3.12/site-packages/airflow/example_dags/example_task_group.py for tasks to queue
[2026-08-03T20:40:04.344+0000] {logging_mixin.py:188} INFO - [2026-08-03T20:40:04.339+0000] {dagbag.py:545} INFO - Filling up the DagBag from /home/airflow/.local/lib/python3.12/site-packages/airflow/example_dags/example_task_group.py
[2026-08-03T20:40:04.464+0000] {processor.py:840} INFO - DAG(s) 'example_task_group' retrieved from /home/airflow/.local/lib/python3.12/site-packages/airflow/example_dags/example_task_group.py
[2026-08-03T20:40:04.597+0000] {logging_mixin.py:188} INFO - [2026-08-03T20:40:04.596+0000] {dag.py:3089} INFO - Sync 1 DAGs
[2026-08-03T20:40:04.693+0000] {logging_mixin.py:188} INFO - [2026-08-03T20:40:04.691+0000] {dag.py:3947} INFO - Setting next_dagrun for example_task_group to 2026-08-02 00:00:00+00:00, run_after=2026-08-03 00:00:00+00:00
[2026-08-03T20:40:04.927+0000] {processor.py:183} INFO - Processing /home/airflow/.local/lib/python3.12/site-packages/airflow/example_dags/example_task_group.py took 0.802 seconds
[2026-08-03T20:40:38.083+0000] {processor.py:161} INFO - Started process (PID=306) to work on /home/airflow/.local/lib/python3.12/site-packages/airflow/example_dags/example_task_group.py
[2026-08-03T20:40:38.093+0000] {processor.py:830} INFO - Processing file /home/airflow/.local/lib/python3.12/site-packages/airflow/example_dags/example_task_group.py for tasks to queue
[2026-08-03T20:40:38.100+0000] {logging_mixin.py:188} INFO - [2026-08-03T20:40:38.096+0000] {dagbag.py:545} INFO - Filling up the DagBag from /home/airflow/.local/lib/python3.12/site-packages/airflow/example_dags/example_task_group.py
[2026-08-03T20:40:38.162+0000] {processor.py:840} INFO - DAG(s) 'example_task_group' retrieved from /home/airflow/.local/lib/python3.12/site-packages/airflow/example_dags/example_task_group.py
[2026-08-03T20:40:38.273+0000] {logging_mixin.py:188} INFO - [2026-08-03T20:40:38.273+0000] {dag.py:3089} INFO - Sync 1 DAGs
[2026-08-03T20:40:38.381+0000] {logging_mixin.py:188} INFO - [2026-08-03T20:40:38.381+0000] {dag.py:3947} INFO - Setting next_dagrun for example_task_group to 2026-08-02 00:00:00+00:00, run_after=2026-08-03 00:00:00+00:00
[2026-08-03T20:40:38.669+0000] {processor.py:183} INFO - Processing /home/airflow/.local/lib/python3.12/site-packages/airflow/example_dags/example_task_group.py took 0.609 seconds
[2026-08-03T20:41:13.810+0000] {processor.py:161} INFO - Started process (PID=378) to work on /home/airflow/.local/lib/python3.12/site-packages/airflow/example_dags/example_task_group.py
[2026-08-03T20:41:13.858+0000] {processor.py:830} INFO - Processing file /home/airflow/.local/lib/python3.12/site-packages/airflow/example_dags/example_task_group.py for tasks to queue
[2026-08-03T20:41:13.923+0000] {logging_mixin.py:188} INFO - [2026-08-03T20:41:13.922+0000] {dagbag.py:545} INFO - Filling up the DagBag from /home/airflow/.local/lib/python3.12/site-packages/airflow/example_dags/example_task_group.py
[2026-08-03T20:41:13.977+0000] {processor.py:840} INFO - DAG(s) 'example_task_group' retrieved from /home/airflow/.local/lib/python3.12/site-packages/airflow/example_dags/example_task_group.py
[2026-08-03T20:41:14.032+0000] {logging_mixin.py:188} INFO - [2026-08-03T20:41:14.031+0000] {dag.py:3089} INFO - Sync 1 DAGs
[2026-08-03T20:41:14.123+0000] {logging_mixin.py:188} INFO - [2026-08-03T20:41:14.123+0000] {dag.py:3947} INFO - Setting next_dagrun for example_task_group to 2026-08-02 00:00:00+00:00, run_after=2026-08-03 00:00:00+00:00
[2026-08-03T20:41:14.266+0000] {processor.py:183} INFO - Processing /home/airflow/.local/lib/python3.12/site-packages/airflow/example_dags/example_task_group.py took 0.543 seconds
[2026-08-03T20:41:49.067+0000] {processor.py:161} INFO - Started process (PID=443) to work on /home/airflow/.local/lib/python3.12/site-packages/airflow/example_dags/example_task_group.py
[2026-08-03T20:41:49.075+0000] {processor.py:830} INFO - Processing file /home/airflow/.local/lib/python3.12/site-packages/airflow/example_dags/example_task_group.py for tasks to queue
[2026-08-03T20:41:49.083+0000] {logging_mixin.py:188} INFO - [2026-08-03T20:41:49.081+0000] {dagbag.py:545} INFO - Filling up the DagBag from /home/airflow/.local/lib/python3.12/site-packages/airflow/example_dags/example_task_group.py
[2026-08-03T20:41:49.114+0000] {processor.py:840} INFO - DAG(s) 'example_task_group' retrieved from /home/airflow/.local/lib/python3.12/site-packages/airflow/example_dags/example_task_group.py
[2026-08-03T20:41:49.190+0000] {logging_mixin.py:188} INFO - [2026-08-03T20:41:49.190+0000] {dag.py:3089} INFO - Sync 1 DAGs
[2026-08-03T20:41:49.274+0000] {logging_mixin.py:188} INFO - [2026-08-03T20:41:49.273+0000] {dag.py:3947} INFO - Setting next_dagrun for example_task_group to 2026-08-02 00:00:00+00:00, run_after=2026-08-03 00:00:00+00:00
[2026-08-03T20:41:49.329+0000] {processor.py:183} INFO - Processing /home/airflow/.local/lib/python3.12/site-packages/airflow/example_dags/example_task_group.py took 0.282 seconds
[2026-08-03T20:42:55.961+0000] {processor.py:161} INFO - Started process (PID=530) to work on /home/airflow/.local/lib/python3.12/site-packages/airflow/example_dags/example_task_group.py
[2026-08-03T20:42:55.999+0000] {processor.py:830} INFO - Processing file /home/airflow/.local/lib/python3.12/site-packages/airflow/example_dags/example_task_group.py for tasks to queue
[2026-08-03T20:42:56.074+0000] {logging_mixin.py:188} INFO - [2026-08-03T20:42:56.073+0000] {dagbag.py:545} INFO - Filling up the DagBag from /home/airflow/.local/lib/python3.12/site-packages/airflow/example_dags/example_task_group.py
[2026-08-03T20:42:56.685+0000] {processor.py:840} INFO - DAG(s) 'example_task_group' retrieved from /home/airflow/.local/lib/python3.12/site-packages/airflow/example_dags/example_task_group.py
[2026-08-03T20:42:56.963+0000] {logging_mixin.py:188} INFO - [2026-08-03T20:42:56.962+0000] {dag.py:3089} INFO - Sync 1 DAGs
[2026-08-03T20:42:57.452+0000] {logging_mixin.py:188} INFO - [2026-08-03T20:42:57.451+0000] {dag.py:3947} INFO - Setting next_dagrun for example_task_group to 2026-08-02 00:00:00+00:00, run_after=2026-08-03 00:00:00+00:00
[2026-08-03T20:42:58.095+0000] {processor.py:183} INFO - Processing /home/airflow/.local/lib/python3.12/site-packages/airflow/example_dags/example_task_group.py took 2.280 seconds
[2026-08-03T20:43:35.143+0000] {processor.py:161} INFO - Started process (PID=603) to work on /home/airflow/.local/lib/python3.12/site-packages/airflow/example_dags/example_task_group.py
[2026-08-03T20:43:35.152+0000] {processor.py:830} INFO - Processing file /home/airflow/.local/lib/python3.12/site-packages/airflow/example_dags/example_task_group.py for tasks to queue
[2026-08-03T20:43:35.159+0000] {logging_mixin.py:188} INFO - [2026-08-03T20:43:35.158+0000] {dagbag.py:545} INFO - Filling up the DagBag from /home/airflow/.local/lib/python3.12/site-packages/airflow/example_dags/example_task_group.py
[2026-08-03T20:43:35.206+0000] {processor.py:840} INFO - DAG(s) 'example_task_group' retrieved from /home/airflow/.local/lib/python3.12/site-packages/airflow/example_dags/example_task_group.py
[2026-08-03T20:43:35.412+0000] {logging_mixin.py:188} INFO - [2026-08-03T20:43:35.407+0000] {dag.py:3089} INFO - Sync 1 DAGs
[2026-08-03T20:43:35.720+0000] {logging_mixin.py:188} INFO - [2026-08-03T20:43:35.720+0000] {dag.py:3947} INFO - Setting next_dagrun for example_task_group to 2026-08-02 00:00:00+00:00, run_after=2026-08-03 00:00:00+00:00
[2026-08-03T20:43:35.880+0000] {processor.py:183} INFO - Processing /home/airflow/.local/lib/python3.12/site-packages/airflow/example_dags/example_task_group.py took 0.770 seconds
[2026-08-03T20:44:26.968+0000] {processor.py:161} INFO - Started process (PID=674) to work on /home/airflow/.local/lib/python3.12/site-packages/airflow/example_dags/example_task_group.py
[2026-08-03T20:44:26.985+0000] {processor.py:830} INFO - Processing file /home/airflow/.local/lib/python3.12/site-packages/airflow/example_dags/example_task_group.py for tasks to queue
[2026-08-03T20:44:27.003+0000] {logging_mixin.py:188} INFO - [2026-08-03T20:44:27.001+0000] {dagbag.py:545} INFO - Filling up the DagBag from /home/airflow/.local/lib/python3.12/site-packages/airflow/example_dags/example_task_group.py
[2026-08-03T20:44:27.144+0000] {processor.py:840} INFO - DAG(s) 'example_task_group' retrieved from /home/airflow/.local/lib/python3.12/site-packages/airflow/example_dags/example_task_group.py
[2026-08-03T20:44:27.452+0000] {logging_mixin.py:188} INFO - [2026-08-03T20:44:27.452+0000] {dag.py:3089} INFO - Sync 1 DAGs
[2026-08-03T20:44:27.723+0000] {logging_mixin.py:188} INFO - [2026-08-03T20:44:27.722+0000] {dag.py:3947} INFO - Setting next_dagrun for example_task_group to 2026-08-02 00:00:00+00:00, run_after=2026-08-03 00:00:00+00:00
[2026-08-03T20:44:27.924+0000] {processor.py:183} INFO - Processing /home/airflow/.local/lib/python3.12/site-packages/airflow/example_dags/example_task_group.py took 1.063 seconds
[2026-08-03T20:45:12.847+0000] {processor.py:161} INFO - Started process (PID=747) to work on /home/airflow/.local/lib/python3.12/site-packages/airflow/example_dags/example_task_group.py
[2026-08-03T20:45:12.852+0000] {processor.py:830} INFO - Processing file /home/airflow/.local/lib/python3.12/site-packages/airflow/example_dags/example_task_group.py for tasks to queue
[2026-08-03T20:45:12.856+0000] {logging_mixin.py:188} INFO - [2026-08-03T20:45:12.855+0000] {dagbag.py:545} INFO - Filling up the DagBag from /home/airflow/.local/lib/python3.12/site-packages/airflow/example_dags/example_task_group.py
[2026-08-03T20:45:12.919+0000] {processor.py:840} INFO - DAG(s) 'example_task_group' retrieved from /home/airflow/.local/lib/python3.12/site-packages/airflow/example_dags/example_task_group.py
[2026-08-03T20:45:13.046+0000] {logging_mixin.py:188} INFO - [2026-08-03T20:45:13.045+0000] {dag.py:3089} INFO - Sync 1 DAGs
[2026-08-03T20:45:13.157+0000] {logging_mixin.py:188} INFO - [2026-08-03T20:45:13.156+0000] {dag.py:3947} INFO - Setting next_dagrun for example_task_group to 2026-08-02 00:00:00+00:00, run_after=2026-08-03 00:00:00+00:00
[2026-08-03T20:45:13.240+0000] {processor.py:183} INFO - Processing /home/airflow/.local/lib/python3.12/site-packages/airflow/example_dags/example_task_group.py took 0.420 seconds
[2026-08-03T20:45:54.540+0000] {processor.py:161} INFO - Started process (PID=818) to work on /home/airflow/.local/lib/python3.12/site-packages/airflow/example_dags/example_task_group.py
[2026-08-03T20:45:54.544+0000] {processor.py:830} INFO - Processing file /home/airflow/.local/lib/python3.12/site-packages/airflow/example_dags/example_task_group.py for tasks to queue
[2026-08-03T20:45:54.548+0000] {logging_mixin.py:188} INFO - [2026-08-03T20:45:54.547+0000] {dagbag.py:545} INFO - Filling up the DagBag from /home/airflow/.local/lib/python3.12/site-packages/airflow/example_dags/example_task_group.py
[2026-08-03T20:45:54.577+0000] {processor.py:840} INFO - DAG(s) 'example_task_group' retrieved from /home/airflow/.local/lib/python3.12/site-packages/airflow/example_dags/example_task_group.py
[2026-08-03T20:45:54.879+0000] {logging_mixin.py:188} INFO - [2026-08-03T20:45:54.878+0000] {dag.py:3089} INFO - Sync 1 DAGs
[2026-08-03T20:45:55.057+0000] {logging_mixin.py:188} INFO - [2026-08-03T20:45:55.050+0000] {dag.py:3947} INFO - Setting next_dagrun for example_task_group to 2026-08-02 00:00:00+00:00, run_after=2026-08-03 00:00:00+00:00
[2026-08-03T20:45:55.300+0000] {processor.py:183} INFO - Processing /home/airflow/.local/lib/python3.12/site-packages/airflow/example_dags/example_task_group.py took 0.777 seconds
[2026-08-03T20:46:39.503+0000] {processor.py:161} INFO - Started process (PID=904) to work on /home/airflow/.local/lib/python3.12/site-packages/airflow/example_dags/example_task_group.py
[2026-08-03T20:46:39.516+0000] {processor.py:830} INFO - Processing file /home/airflow/.local/lib/python3.12/site-packages/airflow/example_dags/example_task_group.py for tasks to queue
[2026-08-03T20:46:39.529+0000] {logging_mixin.py:188} INFO - [2026-08-03T20:46:39.528+0000] {dagbag.py:545} INFO - Filling up the DagBag from /home/airflow/.local/lib/python3.12/site-packages/airflow/example_dags/example_task_group.py
[2026-08-03T20:46:39.582+0000] {processor.py:840} INFO - DAG(s) 'example_task_group' retrieved from /home/airflow/.local/lib/python3.12/site-packages/airflow/example_dags/example_task_group.py
[2026-08-03T20:46:39.681+0000] {logging_mixin.py:188} INFO - [2026-08-03T20:46:39.681+0000] {dag.py:3089} INFO - Sync 1 DAGs
[2026-08-03T20:46:39.843+0000] {logging_mixin.py:188} INFO - [2026-08-03T20:46:39.842+0000] {dag.py:3947} INFO - Setting next_dagrun for example_task_group to 2026-08-02 00:00:00+00:00, run_after=2026-08-03 00:00:00+00:00
[2026-08-03T20:46:39.964+0000] {processor.py:183} INFO - Processing /home/airflow/.local/lib/python3.12/site-packages/airflow/example_dags/example_task_group.py took 0.504 seconds
[2026-08-03T20:47:17.747+0000] {processor.py:161} INFO - Started process (PID=971) to work on /home/airflow/.local/lib/python3.12/site-packages/airflow/example_dags/example_task_group.py
[2026-08-03T20:47:17.750+0000] {processor.py:830} INFO - Processing file /home/airflow/.local/lib/python3.12/site-packages/airflow/example_dags/example_task_group.py for tasks to queue
[2026-08-03T20:47:17.754+0000] {logging_mixin.py:188} INFO - [2026-08-03T20:47:17.752+0000] {dagbag.py:545} INFO - Filling up the DagBag from /home/airflow/.local/lib/python3.12/site-packages/airflow/example_dags/example_task_group.py
[2026-08-03T20:47:17.803+0000] {processor.py:840} INFO - DAG(s) 'example_task_group' retrieved from /home/airflow/.local/lib/python3.12/site-packages/airflow/example_dags/example_task_group.py
[2026-08-03T20:47:17.916+0000] {logging_mixin.py:188} INFO - [2026-08-03T20:47:17.916+0000] {dag.py:3089} INFO - Sync 1 DAGs
[2026-08-03T20:47:18.042+0000] {logging_mixin.py:188} INFO - [2026-08-03T20:47:18.041+0000] {dag.py:3947} INFO - Setting next_dagrun for example_task_group to 2026-08-02 00:00:00+00:00, run_after=2026-08-03 00:00:00+00:00
[2026-08-03T20:47:18.150+0000] {processor.py:183} INFO - Processing /home/airflow/.local/lib/python3.12/site-packages/airflow/example_dags/example_task_group.py took 0.418 seconds
