[2026-08-03T20:38:30.483+0000] {processor.py:161} INFO - Started process (PID=112) to work on /home/airflow/.local/lib/python3.12/site-packages/airflow/example_dags/example_display_name.py
[2026-08-03T20:38:30.496+0000] {processor.py:830} INFO - Processing file /home/airflow/.local/lib/python3.12/site-packages/airflow/example_dags/example_display_name.py for tasks to queue
[2026-08-03T20:38:30.543+0000] {logging_mixin.py:188} INFO - [2026-08-03T20:38:30.523+0000] {dagbag.py:545} INFO - Filling up the DagBag from /home/airflow/.local/lib/python3.12/site-packages/airflow/example_dags/example_display_name.py
[2026-08-03T20:38:30.832+0000] {processor.py:840} INFO - DAG(s) 'example_display_name' retrieved from /home/airflow/.local/lib/python3.12/site-packages/airflow/example_dags/example_display_name.py
[2026-08-03T20:38:31.275+0000] {logging_mixin.py:188} INFO - [2026-08-03T20:38:31.274+0000] {dag.py:3089} INFO - Sync 1 DAGs
[2026-08-03T20:38:31.326+0000] {logging_mixin.py:188} INFO - [2026-08-03T20:38:31.324+0000] {dag.py:3947} INFO - Setting next_dagrun for example_display_name to None, run_after=None
[2026-08-03T20:38:31.400+0000] {processor.py:183} INFO - Processing /home/airflow/.local/lib/python3.12/site-packages/airflow/example_dags/example_display_name.py took 1.074 seconds
[2026-08-03T20:39:48.243+0000] {processor.py:161} INFO - Started process (PID=196) to work on /home/airflow/.local/lib/python3.12/site-packages/airflow/example_dags/example_display_name.py
[2026-08-03T20:39:48.251+0000] {processor.py:830} INFO - Processing file /home/airflow/.local/lib/python3.12/site-packages/airflow/example_dags/example_display_name.py for tasks to queue
[2026-08-03T20:39:48.265+0000] {logging_mixin.py:188} INFO - [2026-08-03T20:39:48.264+0000] {dagbag.py:545} INFO - Filling up the DagBag from /home/airflow/.local/lib/python3.12/site-packages/airflow/example_dags/example_display_name.py
[2026-08-03T20:39:48.330+0000] {processor.py:840} INFO - DAG(s) 'example_display_name' retrieved from /home/airflow/.local/lib/python3.12/site-packages/airflow/example_dags/example_display_name.py
[2026-08-03T20:39:48.520+0000] {logging_mixin.py:188} INFO - [2026-08-03T20:39:48.519+0000] {dag.py:3089} INFO - Sync 1 DAGs
[2026-08-03T20:39:48.736+0000] {logging_mixin.py:188} INFO - [2026-08-03T20:39:48.726+0000] {dag.py:3947} INFO - Setting next_dagrun for example_display_name to None, run_after=None
[2026-08-03T20:39:48.955+0000] {processor.py:183} INFO - Processing /home/airflow/.local/lib/python3.12/site-packages/airflow/example_dags/example_display_name.py took 0.787 seconds
[2026-08-03T20:40:28.271+0000] {processor.py:161} INFO - Started process (PID=271) to work on /home/airflow/.local/lib/python3.12/site-packages/airflow/example_dags/example_display_name.py
[2026-08-03T20:40:28.280+0000] {processor.py:830} INFO - Processing file /home/airflow/.local/lib/python3.12/site-packages/airflow/example_dags/example_display_name.py for tasks to queue
[2026-08-03T20:40:28.288+0000] {logging_mixin.py:188} INFO - [2026-08-03T20:40:28.287+0000] {dagbag.py:545} INFO - Filling up the DagBag from /home/airflow/.local/lib/python3.12/site-packages/airflow/example_dags/example_display_name.py
[2026-08-03T20:40:28.308+0000] {processor.py:840} INFO - DAG(s) 'example_display_name' retrieved from /home/airflow/.local/lib/python3.12/site-packages/airflow/example_dags/example_display_name.py
[2026-08-03T20:40:28.380+0000] {logging_mixin.py:188} INFO - [2026-08-03T20:40:28.379+0000] {dag.py:3089} INFO - Sync 1 DAGs
[2026-08-03T20:40:28.481+0000] {logging_mixin.py:188} INFO - [2026-08-03T20:40:28.479+0000] {dag.py:3947} INFO - Setting next_dagrun for example_display_name to None, run_after=None
[2026-08-03T20:40:28.555+0000] {processor.py:183} INFO - Processing /home/airflow/.local/lib/python3.12/site-packages/airflow/example_dags/example_display_name.py took 0.307 seconds
[2026-08-03T20:41:00.847+0000] {processor.py:161} INFO - Started process (PID=343) to work on /home/airflow/.local/lib/python3.12/site-packages/airflow/example_dags/example_display_name.py
[2026-08-03T20:41:00.859+0000] {processor.py:830} INFO - Processing file /home/airflow/.local/lib/python3.12/site-packages/airflow/example_dags/example_display_name.py for tasks to queue
[2026-08-03T20:41:00.866+0000] {logging_mixin.py:188} INFO - [2026-08-03T20:41:00.865+0000] {dagbag.py:545} INFO - Filling up the DagBag from /home/airflow/.local/lib/python3.12/site-packages/airflow/example_dags/example_display_name.py
[2026-08-03T20:41:00.946+0000] {processor.py:840} INFO - DAG(s) 'example_display_name' retrieved from /home/airflow/.local/lib/python3.12/site-packages/airflow/example_dags/example_display_name.py
[2026-08-03T20:41:01.031+0000] {logging_mixin.py:188} INFO - [2026-08-03T20:41:01.031+0000] {dag.py:3089} INFO - Sync 1 DAGs
[2026-08-03T20:41:01.083+0000] {logging_mixin.py:188} INFO - [2026-08-03T20:41:01.082+0000] {dag.py:3947} INFO - Setting next_dagrun for example_display_name to None, run_after=None
[2026-08-03T20:41:01.171+0000] {processor.py:183} INFO - Processing /home/airflow/.local/lib/python3.12/site-packages/airflow/example_dags/example_display_name.py took 0.411 seconds
[2026-08-03T20:41:31.271+0000] {processor.py:161} INFO - Started process (PID=406) to work on /home/airflow/.local/lib/python3.12/site-packages/airflow/example_dags/example_display_name.py
[2026-08-03T20:41:31.274+0000] {processor.py:830} INFO - Processing file /home/airflow/.local/lib/python3.12/site-packages/airflow/example_dags/example_display_name.py for tasks to queue
[2026-08-03T20:41:31.278+0000] {logging_mixin.py:188} INFO - [2026-08-03T20:41:31.277+0000] {dagbag.py:545} INFO - Filling up the DagBag from /home/airflow/.local/lib/python3.12/site-packages/airflow/example_dags/example_display_name.py
[2026-08-03T20:41:31.298+0000] {processor.py:840} INFO - DAG(s) 'example_display_name' retrieved from /home/airflow/.local/lib/python3.12/site-packages/airflow/example_dags/example_display_name.py
[2026-08-03T20:41:31.377+0000] {logging_mixin.py:188} INFO - [2026-08-03T20:41:31.376+0000] {dag.py:3089} INFO - Sync 1 DAGs
[2026-08-03T20:41:31.425+0000] {logging_mixin.py:188} INFO - [2026-08-03T20:41:31.424+0000] {dag.py:3947} INFO - Setting next_dagrun for example_display_name to None, run_after=None
[2026-08-03T20:41:31.484+0000] {processor.py:183} INFO - Processing /home/airflow/.local/lib/python3.12/site-packages/airflow/example_dags/example_display_name.py took 0.227 seconds
[2026-08-03T20:42:19.780+0000] {processor.py:161} INFO - Started process (PID=487) to work on /home/airflow/.local/lib/python3.12/site-packages/airflow/example_dags/example_display_name.py
[2026-08-03T20:42:19.810+0000] {processor.py:830} INFO - Processing file /home/airflow/.local/lib/python3.12/site-packages/airflow/example_dags/example_display_name.py for tasks to queue
[2026-08-03T20:42:19.904+0000] {logging_mixin.py:188} INFO - [2026-08-03T20:42:19.831+0000] {dagbag.py:545} INFO - Filling up the DagBag from /home/airflow/.local/lib/python3.12/site-packages/airflow/example_dags/example_display_name.py
[2026-08-03T20:42:20.282+0000] {processor.py:840} INFO - DAG(s) 'example_display_name' retrieved from /home/airflow/.local/lib/python3.12/site-packages/airflow/example_dags/example_display_name.py
[2026-08-03T20:42:20.588+0000] {logging_mixin.py:188} INFO - [2026-08-03T20:42:20.587+0000] {dag.py:3089} INFO - Sync 1 DAGs
[2026-08-03T20:42:20.794+0000] {logging_mixin.py:188} INFO - [2026-08-03T20:42:20.794+0000] {dag.py:3947} INFO - Setting next_dagrun for example_display_name to None, run_after=None
[2026-08-03T20:42:20.944+0000] {processor.py:183} INFO - Processing /home/airflow/.local/lib/python3.12/site-packages/airflow/example_dags/example_display_name.py took 1.306 seconds
[2026-08-03T20:43:16.155+0000] {processor.py:161} INFO - Started process (PID=558) to work on /home/airflow/.local/lib/python3.12/site-packages/airflow/example_dags/example_display_name.py
[2026-08-03T20:43:16.163+0000] {processor.py:830} INFO - Processing file /home/airflow/.local/lib/python3.12/site-packages/airflow/example_dags/example_display_name.py for tasks to queue
[2026-08-03T20:43:16.173+0000] {logging_mixin.py:188} INFO - [2026-08-03T20:43:16.171+0000] {dagbag.py:545} INFO - Filling up the DagBag from /home/airflow/.local/lib/python3.12/site-packages/airflow/example_dags/example_display_name.py
[2026-08-03T20:43:16.231+0000] {processor.py:840} INFO - DAG(s) 'example_display_name' retrieved from /home/airflow/.local/lib/python3.12/site-packages/airflow/example_dags/example_display_name.py
[2026-08-03T20:43:16.359+0000] {logging_mixin.py:188} INFO - [2026-08-03T20:43:16.358+0000] {dag.py:3089} INFO - Sync 1 DAGs
[2026-08-03T20:43:16.458+0000] {logging_mixin.py:188} INFO - [2026-08-03T20:43:16.458+0000] {dag.py:3947} INFO - Setting next_dagrun for example_display_name to None, run_after=None
[2026-08-03T20:43:16.629+0000] {processor.py:183} INFO - Processing /home/airflow/.local/lib/python3.12/site-packages/airflow/example_dags/example_display_name.py took 0.595 seconds
[2026-08-03T20:43:54.709+0000] {processor.py:161} INFO - Started process (PID=625) to work on /home/airflow/.local/lib/python3.12/site-packages/airflow/example_dags/example_display_name.py
[2026-08-03T20:43:54.720+0000] {processor.py:830} INFO - Processing file /home/airflow/.local/lib/python3.12/site-packages/airflow/example_dags/example_display_name.py for tasks to queue
[2026-08-03T20:43:54.739+0000] {logging_mixin.py:188} INFO - [2026-08-03T20:43:54.739+0000] {dagbag.py:545} INFO - Filling up the DagBag from /home/airflow/.local/lib/python3.12/site-packages/airflow/example_dags/example_display_name.py
[2026-08-03T20:43:54.758+0000] {processor.py:840} INFO - DAG(s) 'example_display_name' retrieved from /home/airflow/.local/lib/python3.12/site-packages/airflow/example_dags/example_display_name.py
[2026-08-03T20:43:54.850+0000] {logging_mixin.py:188} INFO - [2026-08-03T20:43:54.850+0000] {dag.py:3089} INFO - Sync 1 DAGs
[2026-08-03T20:43:54.905+0000] {logging_mixin.py:188} INFO - [2026-08-03T20:43:54.905+0000] {dag.py:3947} INFO - Setting next_dagrun for example_display_name to None, run_after=None
[2026-08-03T20:43:54.980+0000] {processor.py:183} INFO - Processing /home/airflow/.local/lib/python3.12/site-packages/airflow/example_dags/example_display_name.py took 0.288 seconds
[2026-08-03T20:44:44.858+0000] {processor.py:161} INFO - Started process (PID=703) to work on /home/airflow/.local/lib/python3.12/site-packages/airflow/example_dags/example_display_name.py
[2026-08-03T20:44:44.863+0000] {processor.py:830} INFO - Processing file /home/airflow/.local/lib/python3.12/site-packages/airflow/example_dags/example_display_name.py for tasks to queue
[2026-08-03T20:44:44.916+0000] {logging_mixin.py:188} INFO - [2026-08-03T20:44:44.891+0000] {dagbag.py:545} INFO - Filling up the DagBag from /home/airflow/.local/lib/python3.12/site-packages/airflow/example_dags/example_display_name.py
[2026-08-03T20:44:44.975+0000] {processor.py:840} INFO - DAG(s) 'example_display_name' retrieved from /home/airflow/.local/lib/python3.12/site-packages/airflow/example_dags/example_display_name.py
[2026-08-03T20:44:45.227+0000] {logging_mixin.py:188} INFO - [2026-08-03T20:44:45.227+0000] {dag.py:3089} INFO - Sync 1 DAGs
[2026-08-03T20:44:45.459+0000] {logging_mixin.py:188} INFO - [2026-08-03T20:44:45.458+0000] {dag.py:3947} INFO - Setting next_dagrun for example_display_name to None, run_after=None
[2026-08-03T20:44:45.854+0000] {processor.py:183} INFO - Processing /home/airflow/.local/lib/python3.12/site-packages/airflow/example_dags/example_display_name.py took 1.084 seconds
[2026-08-03T20:45:34.310+0000] {processor.py:161} INFO - Started process (PID=778) to work on /home/airflow/.local/lib/python3.12/site-packages/airflow/example_dags/example_display_name.py
[2026-08-03T20:45:34.323+0000] {processor.py:830} INFO - Processing file /home/airflow/.local/lib/python3.12/site-packages/airflow/example_dags/example_display_name.py for tasks to queue
[2026-08-03T20:45:34.327+0000] {logging_mixin.py:188} INFO - [2026-08-03T20:45:34.326+0000] {dagbag.py:545} INFO - Filling up the DagBag from /home/airflow/.local/lib/python3.12/site-packages/airflow/example_dags/example_display_name.py
[2026-08-03T20:45:34.371+0000] {processor.py:840} INFO - DAG(s) 'example_display_name' retrieved from /home/airflow/.local/lib/python3.12/site-packages/airflow/example_dags/example_display_name.py
[2026-08-03T20:45:34.555+0000] {logging_mixin.py:188} INFO - [2026-08-03T20:45:34.554+0000] {dag.py:3089} INFO - Sync 1 DAGs
[2026-08-03T20:45:34.737+0000] {logging_mixin.py:188} INFO - [2026-08-03T20:45:34.736+0000] {dag.py:3947} INFO - Setting next_dagrun for example_display_name to None, run_after=None
[2026-08-03T20:45:34.911+0000] {processor.py:183} INFO - Processing /home/airflow/.local/lib/python3.12/site-packages/airflow/example_dags/example_display_name.py took 0.640 seconds
[2026-08-03T20:46:18.810+0000] {processor.py:161} INFO - Started process (PID=859) to work on /home/airflow/.local/lib/python3.12/site-packages/airflow/example_dags/example_display_name.py
[2026-08-03T20:46:18.815+0000] {processor.py:830} INFO - Processing file /home/airflow/.local/lib/python3.12/site-packages/airflow/example_dags/example_display_name.py for tasks to queue
[2026-08-03T20:46:18.831+0000] {logging_mixin.py:188} INFO - [2026-08-03T20:46:18.830+0000] {dagbag.py:545} INFO - Filling up the DagBag from /home/airflow/.local/lib/python3.12/site-packages/airflow/example_dags/example_display_name.py
[2026-08-03T20:46:18.907+0000] {processor.py:840} INFO - DAG(s) 'example_display_name' retrieved from /home/airflow/.local/lib/python3.12/site-packages/airflow/example_dags/example_display_name.py
[2026-08-03T20:46:19.062+0000] {logging_mixin.py:188} INFO - [2026-08-03T20:46:19.061+0000] {dag.py:3089} INFO - Sync 1 DAGs
[2026-08-03T20:46:19.418+0000] {logging_mixin.py:188} INFO - [2026-08-03T20:46:19.417+0000] {dag.py:3947} INFO - Setting next_dagrun for example_display_name to None, run_after=None
[2026-08-03T20:46:19.614+0000] {processor.py:183} INFO - Processing /home/airflow/.local/lib/python3.12/site-packages/airflow/example_dags/example_display_name.py took 0.830 seconds
[2026-08-03T20:46:56.115+0000] {processor.py:161} INFO - Started process (PID=929) to work on /home/airflow/.local/lib/python3.12/site-packages/airflow/example_dags/example_display_name.py
[2026-08-03T20:46:56.120+0000] {processor.py:830} INFO - Processing file /home/airflow/.local/lib/python3.12/site-packages/airflow/example_dags/example_display_name.py for tasks to queue
[2026-08-03T20:46:56.135+0000] {logging_mixin.py:188} INFO - [2026-08-03T20:46:56.134+0000] {dagbag.py:545} INFO - Filling up the DagBag from /home/airflow/.local/lib/python3.12/site-packages/airflow/example_dags/example_display_name.py
[2026-08-03T20:46:56.193+0000] {processor.py:840} INFO - DAG(s) 'example_display_name' retrieved from /home/airflow/.local/lib/python3.12/site-packages/airflow/example_dags/example_display_name.py
[2026-08-03T20:46:56.334+0000] {logging_mixin.py:188} INFO - [2026-08-03T20:46:56.331+0000] {dag.py:3089} INFO - Sync 1 DAGs
[2026-08-03T20:46:56.495+0000] {logging_mixin.py:188} INFO - [2026-08-03T20:46:56.495+0000] {dag.py:3947} INFO - Setting next_dagrun for example_display_name to None, run_after=None
[2026-08-03T20:46:56.564+0000] {processor.py:183} INFO - Processing /home/airflow/.local/lib/python3.12/site-packages/airflow/example_dags/example_display_name.py took 0.505 seconds
[2026-08-03T20:47:35.702+0000] {processor.py:161} INFO - Started process (PID=1004) to work on /home/airflow/.local/lib/python3.12/site-packages/airflow/example_dags/example_display_name.py
[2026-08-03T20:47:35.708+0000] {processor.py:830} INFO - Processing file /home/airflow/.local/lib/python3.12/site-packages/airflow/example_dags/example_display_name.py for tasks to queue
[2026-08-03T20:47:35.713+0000] {logging_mixin.py:188} INFO - [2026-08-03T20:47:35.712+0000] {dagbag.py:545} INFO - Filling up the DagBag from /home/airflow/.local/lib/python3.12/site-packages/airflow/example_dags/example_display_name.py
[2026-08-03T20:47:35.732+0000] {processor.py:840} INFO - DAG(s) 'example_display_name' retrieved from /home/airflow/.local/lib/python3.12/site-packages/airflow/example_dags/example_display_name.py
[2026-08-03T20:47:35.793+0000] {logging_mixin.py:188} INFO - [2026-08-03T20:47:35.792+0000] {dag.py:3089} INFO - Sync 1 DAGs
[2026-08-03T20:47:35.837+0000] {logging_mixin.py:188} INFO - [2026-08-03T20:47:35.836+0000] {dag.py:3947} INFO - Setting next_dagrun for example_display_name to None, run_after=None
[2026-08-03T20:47:35.888+0000] {processor.py:183} INFO - Processing /home/airflow/.local/lib/python3.12/site-packages/airflow/example_dags/example_display_name.py took 0.199 seconds
