[2026-08-03T20:38:41.012+0000] {processor.py:161} INFO - Started process (PID=130) to work on /home/airflow/.local/lib/python3.12/site-packages/airflow/example_dags/example_dag_decorator.py
[2026-08-03T20:38:41.023+0000] {processor.py:830} INFO - Processing file /home/airflow/.local/lib/python3.12/site-packages/airflow/example_dags/example_dag_decorator.py for tasks to queue
[2026-08-03T20:38:41.049+0000] {logging_mixin.py:188} INFO - [2026-08-03T20:38:41.043+0000] {dagbag.py:545} INFO - Filling up the DagBag from /home/airflow/.local/lib/python3.12/site-packages/airflow/example_dags/example_dag_decorator.py
[2026-08-03T20:38:50.283+0000] {processor.py:840} INFO - DAG(s) 'example_dag_decorator' retrieved from /home/airflow/.local/lib/python3.12/site-packages/airflow/example_dags/example_dag_decorator.py
[2026-08-03T20:38:51.378+0000] {logging_mixin.py:188} INFO - [2026-08-03T20:38:51.377+0000] {dag.py:3089} INFO - Sync 1 DAGs
[2026-08-03T20:38:51.530+0000] {logging_mixin.py:188} INFO - [2026-08-03T20:38:51.529+0000] {dag.py:3947} INFO - Setting next_dagrun for example_dag_decorator to None, run_after=None
[2026-08-03T20:38:51.636+0000] {processor.py:183} INFO - Processing /home/airflow/.local/lib/python3.12/site-packages/airflow/example_dags/example_dag_decorator.py took 10.700 seconds
[2026-08-03T20:39:54.832+0000] {processor.py:161} INFO - Started process (PID=219) to work on /home/airflow/.local/lib/python3.12/site-packages/airflow/example_dags/example_dag_decorator.py
[2026-08-03T20:39:54.838+0000] {processor.py:830} INFO - Processing file /home/airflow/.local/lib/python3.12/site-packages/airflow/example_dags/example_dag_decorator.py for tasks to queue
[2026-08-03T20:39:54.851+0000] {logging_mixin.py:188} INFO - [2026-08-03T20:39:54.850+0000] {dagbag.py:545} INFO - Filling up the DagBag from /home/airflow/.local/lib/python3.12/site-packages/airflow/example_dags/example_dag_decorator.py
[2026-08-03T20:39:56.437+0000] {processor.py:840} INFO - DAG(s) 'example_dag_decorator' retrieved from /home/airflow/.local/lib/python3.12/site-packages/airflow/example_dags/example_dag_decorator.py
[2026-08-03T20:39:57.447+0000] {logging_mixin.py:188} INFO - [2026-08-03T20:39:57.447+0000] {dag.py:3089} INFO - Sync 1 DAGs
[2026-08-03T20:39:57.480+0000] {logging_mixin.py:188} INFO - [2026-08-03T20:39:57.479+0000] {dag.py:3947} INFO - Setting next_dagrun for example_dag_decorator to None, run_after=None
[2026-08-03T20:39:57.539+0000] {processor.py:183} INFO - Processing /home/airflow/.local/lib/python3.12/site-packages/airflow/example_dags/example_dag_decorator.py took 2.763 seconds
[2026-08-03T20:40:32.048+0000] {processor.py:161} INFO - Started process (PID=285) to work on /home/airflow/.local/lib/python3.12/site-packages/airflow/example_dags/example_dag_decorator.py
[2026-08-03T20:40:32.062+0000] {processor.py:830} INFO - Processing file /home/airflow/.local/lib/python3.12/site-packages/airflow/example_dags/example_dag_decorator.py for tasks to queue
[2026-08-03T20:40:32.069+0000] {logging_mixin.py:188} INFO - [2026-08-03T20:40:32.068+0000] {dagbag.py:545} INFO - Filling up the DagBag from /home/airflow/.local/lib/python3.12/site-packages/airflow/example_dags/example_dag_decorator.py
[2026-08-03T20:40:32.461+0000] {processor.py:840} INFO - DAG(s) 'example_dag_decorator' retrieved from /home/airflow/.local/lib/python3.12/site-packages/airflow/example_dags/example_dag_decorator.py
[2026-08-03T20:40:32.860+0000] {logging_mixin.py:188} INFO - [2026-08-03T20:40:32.855+0000] {dag.py:3089} INFO - Sync 1 DAGs
[2026-08-03T20:40:32.913+0000] {logging_mixin.py:188} INFO - [2026-08-03T20:40:32.908+0000] {dag.py:3947} INFO - Setting next_dagrun for example_dag_decorator to None, run_after=None
[2026-08-03T20:40:32.989+0000] {processor.py:183} INFO - Processing /home/airflow/.local/lib/python3.12/site-packages/airflow/example_dags/example_dag_decorator.py took 0.960 seconds
[2026-08-03T20:41:08.398+0000] {processor.py:161} INFO - Started process (PID=357) to work on /home/airflow/.local/lib/python3.12/site-packages/airflow/example_dags/example_dag_decorator.py
[2026-08-03T20:41:08.409+0000] {processor.py:830} INFO - Processing file /home/airflow/.local/lib/python3.12/site-packages/airflow/example_dags/example_dag_decorator.py for tasks to queue
[2026-08-03T20:41:08.413+0000] {logging_mixin.py:188} INFO - [2026-08-03T20:41:08.412+0000] {dagbag.py:545} INFO - Filling up the DagBag from /home/airflow/.local/lib/python3.12/site-packages/airflow/example_dags/example_dag_decorator.py
[2026-08-03T20:41:08.778+0000] {processor.py:840} INFO - DAG(s) 'example_dag_decorator' retrieved from /home/airflow/.local/lib/python3.12/site-packages/airflow/example_dags/example_dag_decorator.py
[2026-08-03T20:41:09.537+0000] {logging_mixin.py:188} INFO - [2026-08-03T20:41:09.537+0000] {dag.py:3089} INFO - Sync 1 DAGs
[2026-08-03T20:41:09.601+0000] {logging_mixin.py:188} INFO - [2026-08-03T20:41:09.600+0000] {dag.py:3947} INFO - Setting next_dagrun for example_dag_decorator to None, run_after=None
[2026-08-03T20:41:09.740+0000] {processor.py:183} INFO - Processing /home/airflow/.local/lib/python3.12/site-packages/airflow/example_dags/example_dag_decorator.py took 1.363 seconds
[2026-08-03T20:41:41.064+0000] {processor.py:161} INFO - Started process (PID=428) to work on /home/airflow/.local/lib/python3.12/site-packages/airflow/example_dags/example_dag_decorator.py
[2026-08-03T20:41:41.085+0000] {processor.py:830} INFO - Processing file /home/airflow/.local/lib/python3.12/site-packages/airflow/example_dags/example_dag_decorator.py for tasks to queue
[2026-08-03T20:41:41.097+0000] {logging_mixin.py:188} INFO - [2026-08-03T20:41:41.096+0000] {dagbag.py:545} INFO - Filling up the DagBag from /home/airflow/.local/lib/python3.12/site-packages/airflow/example_dags/example_dag_decorator.py
[2026-08-03T20:41:41.706+0000] {processor.py:840} INFO - DAG(s) 'example_dag_decorator' retrieved from /home/airflow/.local/lib/python3.12/site-packages/airflow/example_dags/example_dag_decorator.py
[2026-08-03T20:41:42.107+0000] {logging_mixin.py:188} INFO - [2026-08-03T20:41:42.105+0000] {dag.py:3089} INFO - Sync 1 DAGs
[2026-08-03T20:41:42.175+0000] {logging_mixin.py:188} INFO - [2026-08-03T20:41:42.174+0000] {dag.py:3947} INFO - Setting next_dagrun for example_dag_decorator to None, run_after=None
[2026-08-03T20:41:42.314+0000] {processor.py:183} INFO - Processing /home/airflow/.local/lib/python3.12/site-packages/airflow/example_dags/example_dag_decorator.py took 1.308 seconds
[2026-08-03T20:42:36.129+0000] {processor.py:161} INFO - Started process (PID=510) to work on /home/airflow/.local/lib/python3.12/site-packages/airflow/example_dags/example_dag_decorator.py
[2026-08-03T20:42:36.151+0000] {processor.py:830} INFO - Processing file /home/airflow/.local/lib/python3.12/site-packages/airflow/example_dags/example_dag_decorator.py for tasks to queue
[2026-08-03T20:42:36.218+0000] {logging_mixin.py:188} INFO - [2026-08-03T20:42:36.170+0000] {dagbag.py:545} INFO - Filling up the DagBag from /home/airflow/.local/lib/python3.12/site-packages/airflow/example_dags/example_dag_decorator.py
[2026-08-03T20:42:36.757+0000] {processor.py:840} INFO - DAG(s) 'example_dag_decorator' retrieved from /home/airflow/.local/lib/python3.12/site-packages/airflow/example_dags/example_dag_decorator.py
[2026-08-03T20:42:37.536+0000] {logging_mixin.py:188} INFO - [2026-08-03T20:42:37.536+0000] {dag.py:3089} INFO - Sync 1 DAGs
[2026-08-03T20:42:37.614+0000] {logging_mixin.py:188} INFO - [2026-08-03T20:42:37.613+0000] {dag.py:3947} INFO - Setting next_dagrun for example_dag_decorator to None, run_after=None
[2026-08-03T20:42:37.760+0000] {processor.py:183} INFO - Processing /home/airflow/.local/lib/python3.12/site-packages/airflow/example_dags/example_dag_decorator.py took 1.895 seconds
[2026-08-03T20:43:28.896+0000] {processor.py:161} INFO - Started process (PID=581) to work on /home/airflow/.local/lib/python3.12/site-packages/airflow/example_dags/example_dag_decorator.py
[2026-08-03T20:43:28.899+0000] {processor.py:830} INFO - Processing file /home/airflow/.local/lib/python3.12/site-packages/airflow/example_dags/example_dag_decorator.py for tasks to queue
[2026-08-03T20:43:28.903+0000] {logging_mixin.py:188} INFO - [2026-08-03T20:43:28.902+0000] {dagbag.py:545} INFO - Filling up the DagBag from /home/airflow/.local/lib/python3.12/site-packages/airflow/example_dags/example_dag_decorator.py
[2026-08-03T20:43:29.432+0000] {processor.py:840} INFO - DAG(s) 'example_dag_decorator' retrieved from /home/airflow/.local/lib/python3.12/site-packages/airflow/example_dags/example_dag_decorator.py
[2026-08-03T20:43:30.628+0000] {logging_mixin.py:188} INFO - [2026-08-03T20:43:30.627+0000] {dag.py:3089} INFO - Sync 1 DAGs
[2026-08-03T20:43:30.708+0000] {logging_mixin.py:188} INFO - [2026-08-03T20:43:30.707+0000] {dag.py:3947} INFO - Setting next_dagrun for example_dag_decorator to None, run_after=None
[2026-08-03T20:43:30.865+0000] {processor.py:183} INFO - Processing /home/airflow/.local/lib/python3.12/site-packages/airflow/example_dags/example_dag_decorator.py took 1.981 seconds
[2026-08-03T20:44:11.380+0000] {processor.py:161} INFO - Started process (PID=654) to work on /home/airflow/.local/lib/python3.12/site-packages/airflow/example_dags/example_dag_decorator.py
[2026-08-03T20:44:11.392+0000] {processor.py:830} INFO - Processing file /home/airflow/.local/lib/python3.12/site-packages/airflow/example_dags/example_dag_decorator.py for tasks to queue
[2026-08-03T20:44:11.414+0000] {logging_mixin.py:188} INFO - [2026-08-03T20:44:11.402+0000] {dagbag.py:545} INFO - Filling up the DagBag from /home/airflow/.local/lib/python3.12/site-packages/airflow/example_dags/example_dag_decorator.py
[2026-08-03T20:44:12.185+0000] {processor.py:840} INFO - DAG(s) 'example_dag_decorator' retrieved from /home/airflow/.local/lib/python3.12/site-packages/airflow/example_dags/example_dag_decorator.py
[2026-08-03T20:44:13.598+0000] {logging_mixin.py:188} INFO - [2026-08-03T20:44:13.598+0000] {dag.py:3089} INFO - Sync 1 DAGs
[2026-08-03T20:44:16.564+0000] {logging_mixin.py:188} INFO - [2026-08-03T20:44:16.563+0000] {dag.py:3947} INFO - Setting next_dagrun for example_dag_decorator to None, run_after=None
[2026-08-03T20:44:16.999+0000] {processor.py:183} INFO - Processing /home/airflow/.local/lib/python3.12/site-packages/airflow/example_dags/example_dag_decorator.py took 5.778 seconds
[2026-08-03T20:44:56.841+0000] {processor.py:161} INFO - Started process (PID=727) to work on /home/airflow/.local/lib/python3.12/site-packages/airflow/example_dags/example_dag_decorator.py
[2026-08-03T20:44:56.861+0000] {processor.py:830} INFO - Processing file /home/airflow/.local/lib/python3.12/site-packages/airflow/example_dags/example_dag_decorator.py for tasks to queue
[2026-08-03T20:44:56.892+0000] {logging_mixin.py:188} INFO - [2026-08-03T20:44:56.882+0000] {dagbag.py:545} INFO - Filling up the DagBag from /home/airflow/.local/lib/python3.12/site-packages/airflow/example_dags/example_dag_decorator.py
[2026-08-03T20:44:58.030+0000] {processor.py:840} INFO - DAG(s) 'example_dag_decorator' retrieved from /home/airflow/.local/lib/python3.12/site-packages/airflow/example_dags/example_dag_decorator.py
[2026-08-03T20:44:59.707+0000] {logging_mixin.py:188} INFO - [2026-08-03T20:44:59.706+0000] {dag.py:3089} INFO - Sync 1 DAGs
[2026-08-03T20:44:59.801+0000] {logging_mixin.py:188} INFO - [2026-08-03T20:44:59.801+0000] {dag.py:3947} INFO - Setting next_dagrun for example_dag_decorator to None, run_after=None
[2026-08-03T20:44:59.993+0000] {processor.py:183} INFO - Processing /home/airflow/.local/lib/python3.12/site-packages/airflow/example_dags/example_dag_decorator.py took 3.329 seconds
[2026-08-03T20:45:47.008+0000] {processor.py:161} INFO - Started process (PID=804) to work on /home/airflow/.local/lib/python3.12/site-packages/airflow/example_dags/example_dag_decorator.py
[2026-08-03T20:45:47.012+0000] {processor.py:830} INFO - Processing file /home/airflow/.local/lib/python3.12/site-packages/airflow/example_dags/example_dag_decorator.py for tasks to queue
[2026-08-03T20:45:47.018+0000] {logging_mixin.py:188} INFO - [2026-08-03T20:45:47.015+0000] {dagbag.py:545} INFO - Filling up the DagBag from /home/airflow/.local/lib/python3.12/site-packages/airflow/example_dags/example_dag_decorator.py
[2026-08-03T20:45:47.630+0000] {processor.py:840} INFO - DAG(s) 'example_dag_decorator' retrieved from /home/airflow/.local/lib/python3.12/site-packages/airflow/example_dags/example_dag_decorator.py
[2026-08-03T20:45:48.579+0000] {logging_mixin.py:188} INFO - [2026-08-03T20:45:48.578+0000] {dag.py:3089} INFO - Sync 1 DAGs
[2026-08-03T20:45:48.622+0000] {logging_mixin.py:188} INFO - [2026-08-03T20:45:48.622+0000] {dag.py:3947} INFO - Setting next_dagrun for example_dag_decorator to None, run_after=None
[2026-08-03T20:45:48.692+0000] {processor.py:183} INFO - Processing /home/airflow/.local/lib/python3.12/site-packages/airflow/example_dags/example_dag_decorator.py took 1.718 seconds
[2026-08-03T20:46:27.330+0000] {processor.py:161} INFO - Started process (PID=876) to work on /home/airflow/.local/lib/python3.12/site-packages/airflow/example_dags/example_dag_decorator.py
[2026-08-03T20:46:27.358+0000] {processor.py:830} INFO - Processing file /home/airflow/.local/lib/python3.12/site-packages/airflow/example_dags/example_dag_decorator.py for tasks to queue
[2026-08-03T20:46:27.375+0000] {logging_mixin.py:188} INFO - [2026-08-03T20:46:27.373+0000] {dagbag.py:545} INFO - Filling up the DagBag from /home/airflow/.local/lib/python3.12/site-packages/airflow/example_dags/example_dag_decorator.py
[2026-08-03T20:46:28.289+0000] {processor.py:840} INFO - DAG(s) 'example_dag_decorator' retrieved from /home/airflow/.local/lib/python3.12/site-packages/airflow/example_dags/example_dag_decorator.py
[2026-08-03T20:46:29.826+0000] {logging_mixin.py:188} INFO - [2026-08-03T20:46:29.816+0000] {dag.py:3089} INFO - Sync 1 DAGs
[2026-08-03T20:46:29.857+0000] {logging_mixin.py:188} INFO - [2026-08-03T20:46:29.856+0000] {dag.py:3947} INFO - Setting next_dagrun for example_dag_decorator to None, run_after=None
[2026-08-03T20:46:29.941+0000] {processor.py:183} INFO - Processing /home/airflow/.local/lib/python3.12/site-packages/airflow/example_dags/example_dag_decorator.py took 2.682 seconds
[2026-08-03T20:47:02.447+0000] {processor.py:161} INFO - Started process (PID=949) to work on /home/airflow/.local/lib/python3.12/site-packages/airflow/example_dags/example_dag_decorator.py
[2026-08-03T20:47:02.453+0000] {processor.py:830} INFO - Processing file /home/airflow/.local/lib/python3.12/site-packages/airflow/example_dags/example_dag_decorator.py for tasks to queue
[2026-08-03T20:47:02.461+0000] {logging_mixin.py:188} INFO - [2026-08-03T20:47:02.460+0000] {dagbag.py:545} INFO - Filling up the DagBag from /home/airflow/.local/lib/python3.12/site-packages/airflow/example_dags/example_dag_decorator.py
[2026-08-03T20:47:03.626+0000] {processor.py:840} INFO - DAG(s) 'example_dag_decorator' retrieved from /home/airflow/.local/lib/python3.12/site-packages/airflow/example_dags/example_dag_decorator.py
[2026-08-03T20:47:05.803+0000] {logging_mixin.py:188} INFO - [2026-08-03T20:47:05.802+0000] {dag.py:3089} INFO - Sync 1 DAGs
[2026-08-03T20:47:06.026+0000] {logging_mixin.py:188} INFO - [2026-08-03T20:47:06.023+0000] {dag.py:3947} INFO - Setting next_dagrun for example_dag_decorator to None, run_after=None
[2026-08-03T20:47:06.339+0000] {processor.py:183} INFO - Processing /home/airflow/.local/lib/python3.12/site-packages/airflow/example_dags/example_dag_decorator.py took 3.918 seconds
