[2026-08-03T20:38:51.863+0000] {processor.py:161} INFO - Started process (PID=141) to work on /home/airflow/.local/lib/python3.12/site-packages/airflow/example_dags/example_xcomargs.py
[2026-08-03T20:38:51.869+0000] {processor.py:830} INFO - Processing file /home/airflow/.local/lib/python3.12/site-packages/airflow/example_dags/example_xcomargs.py for tasks to queue
[2026-08-03T20:38:51.878+0000] {logging_mixin.py:188} INFO - [2026-08-03T20:38:51.876+0000] {dagbag.py:545} INFO - Filling up the DagBag from /home/airflow/.local/lib/python3.12/site-packages/airflow/example_dags/example_xcomargs.py
[2026-08-03T20:38:51.988+0000] {processor.py:840} INFO - DAG(s) 'example_xcom_args', 'example_xcom_args_with_operators' retrieved from /home/airflow/.local/lib/python3.12/site-packages/airflow/example_dags/example_xcomargs.py
[2026-08-03T20:38:52.437+0000] {logging_mixin.py:188} INFO - [2026-08-03T20:38:52.436+0000] {dag.py:3089} INFO - Sync 2 DAGs
[2026-08-03T20:38:52.496+0000] {logging_mixin.py:188} INFO - [2026-08-03T20:38:52.496+0000] {dag.py:3947} INFO - Setting next_dagrun for example_xcom_args to None, run_after=None
[2026-08-03T20:38:52.511+0000] {logging_mixin.py:188} INFO - [2026-08-03T20:38:52.511+0000] {dag.py:3947} INFO - Setting next_dagrun for example_xcom_args_with_operators to None, run_after=None
[2026-08-03T20:38:52.655+0000] {processor.py:183} INFO - Processing /home/airflow/.local/lib/python3.12/site-packages/airflow/example_dags/example_xcomargs.py took 0.819 seconds
[2026-08-03T20:39:58.147+0000] {processor.py:161} INFO - Started process (PID=223) to work on /home/airflow/.local/lib/python3.12/site-packages/airflow/example_dags/example_xcomargs.py
[2026-08-03T20:39:58.150+0000] {processor.py:830} INFO - Processing file /home/airflow/.local/lib/python3.12/site-packages/airflow/example_dags/example_xcomargs.py for tasks to queue
[2026-08-03T20:39:58.161+0000] {logging_mixin.py:188} INFO - [2026-08-03T20:39:58.160+0000] {dagbag.py:545} INFO - Filling up the DagBag from /home/airflow/.local/lib/python3.12/site-packages/airflow/example_dags/example_xcomargs.py
[2026-08-03T20:39:58.218+0000] {processor.py:840} INFO - DAG(s) 'example_xcom_args', 'example_xcom_args_with_operators' retrieved from /home/airflow/.local/lib/python3.12/site-packages/airflow/example_dags/example_xcomargs.py
[2026-08-03T20:39:58.379+0000] {logging_mixin.py:188} INFO - [2026-08-03T20:39:58.378+0000] {dag.py:3089} INFO - Sync 2 DAGs
[2026-08-03T20:39:58.617+0000] {logging_mixin.py:188} INFO - [2026-08-03T20:39:58.616+0000] {dag.py:3947} INFO - Setting next_dagrun for example_xcom_args to None, run_after=None
[2026-08-03T20:39:58.657+0000] {logging_mixin.py:188} INFO - [2026-08-03T20:39:58.655+0000] {dag.py:3947} INFO - Setting next_dagrun for example_xcom_args_with_operators to None, run_after=None
[2026-08-03T20:39:58.765+0000] {processor.py:183} INFO - Processing /home/airflow/.local/lib/python3.12/site-packages/airflow/example_dags/example_xcomargs.py took 0.631 seconds
[2026-08-03T20:40:33.824+0000] {processor.py:161} INFO - Started process (PID=296) to work on /home/airflow/.local/lib/python3.12/site-packages/airflow/example_dags/example_xcomargs.py
[2026-08-03T20:40:33.834+0000] {processor.py:830} INFO - Processing file /home/airflow/.local/lib/python3.12/site-packages/airflow/example_dags/example_xcomargs.py for tasks to queue
[2026-08-03T20:40:33.838+0000] {logging_mixin.py:188} INFO - [2026-08-03T20:40:33.837+0000] {dagbag.py:545} INFO - Filling up the DagBag from /home/airflow/.local/lib/python3.12/site-packages/airflow/example_dags/example_xcomargs.py
[2026-08-03T20:40:33.893+0000] {processor.py:840} INFO - DAG(s) 'example_xcom_args', 'example_xcom_args_with_operators' retrieved from /home/airflow/.local/lib/python3.12/site-packages/airflow/example_dags/example_xcomargs.py
[2026-08-03T20:40:33.969+0000] {logging_mixin.py:188} INFO - [2026-08-03T20:40:33.968+0000] {dag.py:3089} INFO - Sync 2 DAGs
[2026-08-03T20:40:34.018+0000] {logging_mixin.py:188} INFO - [2026-08-03T20:40:34.017+0000] {dag.py:3947} INFO - Setting next_dagrun for example_xcom_args to None, run_after=None
[2026-08-03T20:40:34.044+0000] {logging_mixin.py:188} INFO - [2026-08-03T20:40:34.043+0000] {dag.py:3947} INFO - Setting next_dagrun for example_xcom_args_with_operators to None, run_after=None
[2026-08-03T20:40:34.120+0000] {processor.py:183} INFO - Processing /home/airflow/.local/lib/python3.12/site-packages/airflow/example_dags/example_xcomargs.py took 0.333 seconds
[2026-08-03T20:41:10.501+0000] {processor.py:161} INFO - Started process (PID=361) to work on /home/airflow/.local/lib/python3.12/site-packages/airflow/example_dags/example_xcomargs.py
[2026-08-03T20:41:10.505+0000] {processor.py:830} INFO - Processing file /home/airflow/.local/lib/python3.12/site-packages/airflow/example_dags/example_xcomargs.py for tasks to queue
[2026-08-03T20:41:10.508+0000] {logging_mixin.py:188} INFO - [2026-08-03T20:41:10.507+0000] {dagbag.py:545} INFO - Filling up the DagBag from /home/airflow/.local/lib/python3.12/site-packages/airflow/example_dags/example_xcomargs.py
[2026-08-03T20:41:10.538+0000] {processor.py:840} INFO - DAG(s) 'example_xcom_args', 'example_xcom_args_with_operators' retrieved from /home/airflow/.local/lib/python3.12/site-packages/airflow/example_dags/example_xcomargs.py
[2026-08-03T20:41:10.612+0000] {logging_mixin.py:188} INFO - [2026-08-03T20:41:10.611+0000] {dag.py:3089} INFO - Sync 2 DAGs
[2026-08-03T20:41:10.662+0000] {logging_mixin.py:188} INFO - [2026-08-03T20:41:10.662+0000] {dag.py:3947} INFO - Setting next_dagrun for example_xcom_args to None, run_after=None
[2026-08-03T20:41:10.678+0000] {logging_mixin.py:188} INFO - [2026-08-03T20:41:10.678+0000] {dag.py:3947} INFO - Setting next_dagrun for example_xcom_args_with_operators to None, run_after=None
[2026-08-03T20:41:10.733+0000] {processor.py:183} INFO - Processing /home/airflow/.local/lib/python3.12/site-packages/airflow/example_dags/example_xcomargs.py took 0.249 seconds
[2026-08-03T20:41:44.312+0000] {processor.py:161} INFO - Started process (PID=432) to work on /home/airflow/.local/lib/python3.12/site-packages/airflow/example_dags/example_xcomargs.py
[2026-08-03T20:41:44.330+0000] {processor.py:830} INFO - Processing file /home/airflow/.local/lib/python3.12/site-packages/airflow/example_dags/example_xcomargs.py for tasks to queue
[2026-08-03T20:41:44.335+0000] {logging_mixin.py:188} INFO - [2026-08-03T20:41:44.334+0000] {dagbag.py:545} INFO - Filling up the DagBag from /home/airflow/.local/lib/python3.12/site-packages/airflow/example_dags/example_xcomargs.py
[2026-08-03T20:41:44.439+0000] {processor.py:840} INFO - DAG(s) 'example_xcom_args', 'example_xcom_args_with_operators' retrieved from /home/airflow/.local/lib/python3.12/site-packages/airflow/example_dags/example_xcomargs.py
[2026-08-03T20:41:44.858+0000] {logging_mixin.py:188} INFO - [2026-08-03T20:41:44.857+0000] {dag.py:3089} INFO - Sync 2 DAGs
[2026-08-03T20:41:44.965+0000] {logging_mixin.py:188} INFO - [2026-08-03T20:41:44.964+0000] {dag.py:3947} INFO - Setting next_dagrun for example_xcom_args to None, run_after=None
[2026-08-03T20:41:44.986+0000] {logging_mixin.py:188} INFO - [2026-08-03T20:41:44.985+0000] {dag.py:3947} INFO - Setting next_dagrun for example_xcom_args_with_operators to None, run_after=None
[2026-08-03T20:41:45.148+0000] {processor.py:183} INFO - Processing /home/airflow/.local/lib/python3.12/site-packages/airflow/example_dags/example_xcomargs.py took 0.897 seconds
[2026-08-03T20:42:41.725+0000] {processor.py:161} INFO - Started process (PID=514) to work on /home/airflow/.local/lib/python3.12/site-packages/airflow/example_dags/example_xcomargs.py
[2026-08-03T20:42:41.729+0000] {processor.py:830} INFO - Processing file /home/airflow/.local/lib/python3.12/site-packages/airflow/example_dags/example_xcomargs.py for tasks to queue
[2026-08-03T20:42:41.742+0000] {logging_mixin.py:188} INFO - [2026-08-03T20:42:41.741+0000] {dagbag.py:545} INFO - Filling up the DagBag from /home/airflow/.local/lib/python3.12/site-packages/airflow/example_dags/example_xcomargs.py
[2026-08-03T20:42:41.828+0000] {processor.py:840} INFO - DAG(s) 'example_xcom_args', 'example_xcom_args_with_operators' retrieved from /home/airflow/.local/lib/python3.12/site-packages/airflow/example_dags/example_xcomargs.py
[2026-08-03T20:42:42.562+0000] {logging_mixin.py:188} INFO - [2026-08-03T20:42:42.559+0000] {dag.py:3089} INFO - Sync 2 DAGs
[2026-08-03T20:42:42.663+0000] {logging_mixin.py:188} INFO - [2026-08-03T20:42:42.659+0000] {dag.py:3947} INFO - Setting next_dagrun for example_xcom_args to None, run_after=None
[2026-08-03T20:42:42.684+0000] {logging_mixin.py:188} INFO - [2026-08-03T20:42:42.684+0000] {dag.py:3947} INFO - Setting next_dagrun for example_xcom_args_with_operators to None, run_after=None
[2026-08-03T20:42:42.948+0000] {processor.py:183} INFO - Processing /home/airflow/.local/lib/python3.12/site-packages/airflow/example_dags/example_xcomargs.py took 1.346 seconds
[2026-08-03T20:43:31.122+0000] {processor.py:161} INFO - Started process (PID=585) to work on /home/airflow/.local/lib/python3.12/site-packages/airflow/example_dags/example_xcomargs.py
[2026-08-03T20:43:31.131+0000] {processor.py:830} INFO - Processing file /home/airflow/.local/lib/python3.12/site-packages/airflow/example_dags/example_xcomargs.py for tasks to queue
[2026-08-03T20:43:31.156+0000] {logging_mixin.py:188} INFO - [2026-08-03T20:43:31.155+0000] {dagbag.py:545} INFO - Filling up the DagBag from /home/airflow/.local/lib/python3.12/site-packages/airflow/example_dags/example_xcomargs.py
[2026-08-03T20:43:31.384+0000] {processor.py:840} INFO - DAG(s) 'example_xcom_args_with_operators', 'example_xcom_args' retrieved from /home/airflow/.local/lib/python3.12/site-packages/airflow/example_dags/example_xcomargs.py
[2026-08-03T20:43:31.636+0000] {logging_mixin.py:188} INFO - [2026-08-03T20:43:31.636+0000] {dag.py:3089} INFO - Sync 2 DAGs
[2026-08-03T20:43:31.739+0000] {logging_mixin.py:188} INFO - [2026-08-03T20:43:31.739+0000] {dag.py:3947} INFO - Setting next_dagrun for example_xcom_args to None, run_after=None
[2026-08-03T20:43:31.759+0000] {logging_mixin.py:188} INFO - [2026-08-03T20:43:31.759+0000] {dag.py:3947} INFO - Setting next_dagrun for example_xcom_args_with_operators to None, run_after=None
[2026-08-03T20:43:31.857+0000] {processor.py:183} INFO - Processing /home/airflow/.local/lib/python3.12/site-packages/airflow/example_dags/example_xcomargs.py took 0.817 seconds
[2026-08-03T20:44:18.129+0000] {processor.py:161} INFO - Started process (PID=664) to work on /home/airflow/.local/lib/python3.12/site-packages/airflow/example_dags/example_xcomargs.py
[2026-08-03T20:44:18.146+0000] {processor.py:830} INFO - Processing file /home/airflow/.local/lib/python3.12/site-packages/airflow/example_dags/example_xcomargs.py for tasks to queue
[2026-08-03T20:44:18.162+0000] {logging_mixin.py:188} INFO - [2026-08-03T20:44:18.155+0000] {dagbag.py:545} INFO - Filling up the DagBag from /home/airflow/.local/lib/python3.12/site-packages/airflow/example_dags/example_xcomargs.py
[2026-08-03T20:44:18.271+0000] {processor.py:840} INFO - DAG(s) 'example_xcom_args_with_operators', 'example_xcom_args' retrieved from /home/airflow/.local/lib/python3.12/site-packages/airflow/example_dags/example_xcomargs.py
[2026-08-03T20:44:18.486+0000] {logging_mixin.py:188} INFO - [2026-08-03T20:44:18.484+0000] {dag.py:3089} INFO - Sync 2 DAGs
[2026-08-03T20:44:18.751+0000] {logging_mixin.py:188} INFO - [2026-08-03T20:44:18.751+0000] {dag.py:3947} INFO - Setting next_dagrun for example_xcom_args to None, run_after=None
[2026-08-03T20:44:18.772+0000] {logging_mixin.py:188} INFO - [2026-08-03T20:44:18.772+0000] {dag.py:3947} INFO - Setting next_dagrun for example_xcom_args_with_operators to None, run_after=None
[2026-08-03T20:44:18.859+0000] {processor.py:183} INFO - Processing /home/airflow/.local/lib/python3.12/site-packages/airflow/example_dags/example_xcomargs.py took 0.811 seconds
[2026-08-03T20:45:00.944+0000] {processor.py:161} INFO - Started process (PID=732) to work on /home/airflow/.local/lib/python3.12/site-packages/airflow/example_dags/example_xcomargs.py
[2026-08-03T20:45:00.957+0000] {processor.py:830} INFO - Processing file /home/airflow/.local/lib/python3.12/site-packages/airflow/example_dags/example_xcomargs.py for tasks to queue
[2026-08-03T20:45:00.965+0000] {logging_mixin.py:188} INFO - [2026-08-03T20:45:00.964+0000] {dagbag.py:545} INFO - Filling up the DagBag from /home/airflow/.local/lib/python3.12/site-packages/airflow/example_dags/example_xcomargs.py
[2026-08-03T20:45:01.094+0000] {processor.py:840} INFO - DAG(s) 'example_xcom_args_with_operators', 'example_xcom_args' retrieved from /home/airflow/.local/lib/python3.12/site-packages/airflow/example_dags/example_xcomargs.py
[2026-08-03T20:45:01.656+0000] {logging_mixin.py:188} INFO - [2026-08-03T20:45:01.655+0000] {dag.py:3089} INFO - Sync 2 DAGs
[2026-08-03T20:45:02.030+0000] {logging_mixin.py:188} INFO - [2026-08-03T20:45:02.029+0000] {dag.py:3947} INFO - Setting next_dagrun for example_xcom_args to None, run_after=None
[2026-08-03T20:45:02.078+0000] {logging_mixin.py:188} INFO - [2026-08-03T20:45:02.077+0000] {dag.py:3947} INFO - Setting next_dagrun for example_xcom_args_with_operators to None, run_after=None
[2026-08-03T20:45:02.324+0000] {processor.py:183} INFO - Processing /home/airflow/.local/lib/python3.12/site-packages/airflow/example_dags/example_xcomargs.py took 1.458 seconds
[2026-08-03T20:45:50.113+0000] {processor.py:161} INFO - Started process (PID=808) to work on /home/airflow/.local/lib/python3.12/site-packages/airflow/example_dags/example_xcomargs.py
[2026-08-03T20:45:50.117+0000] {processor.py:830} INFO - Processing file /home/airflow/.local/lib/python3.12/site-packages/airflow/example_dags/example_xcomargs.py for tasks to queue
[2026-08-03T20:45:50.121+0000] {logging_mixin.py:188} INFO - [2026-08-03T20:45:50.120+0000] {dagbag.py:545} INFO - Filling up the DagBag from /home/airflow/.local/lib/python3.12/site-packages/airflow/example_dags/example_xcomargs.py
[2026-08-03T20:45:50.148+0000] {processor.py:840} INFO - DAG(s) 'example_xcom_args', 'example_xcom_args_with_operators' retrieved from /home/airflow/.local/lib/python3.12/site-packages/airflow/example_dags/example_xcomargs.py
[2026-08-03T20:45:50.235+0000] {logging_mixin.py:188} INFO - [2026-08-03T20:45:50.234+0000] {dag.py:3089} INFO - Sync 2 DAGs
[2026-08-03T20:45:50.278+0000] {logging_mixin.py:188} INFO - [2026-08-03T20:45:50.277+0000] {dag.py:3947} INFO - Setting next_dagrun for example_xcom_args to None, run_after=None
[2026-08-03T20:45:50.300+0000] {logging_mixin.py:188} INFO - [2026-08-03T20:45:50.299+0000] {dag.py:3947} INFO - Setting next_dagrun for example_xcom_args_with_operators to None, run_after=None
[2026-08-03T20:45:50.369+0000] {processor.py:183} INFO - Processing /home/airflow/.local/lib/python3.12/site-packages/airflow/example_dags/example_xcomargs.py took 0.274 seconds
[2026-08-03T20:46:30.884+0000] {processor.py:161} INFO - Started process (PID=880) to work on /home/airflow/.local/lib/python3.12/site-packages/airflow/example_dags/example_xcomargs.py
[2026-08-03T20:46:30.899+0000] {processor.py:830} INFO - Processing file /home/airflow/.local/lib/python3.12/site-packages/airflow/example_dags/example_xcomargs.py for tasks to queue
[2026-08-03T20:46:30.903+0000] {logging_mixin.py:188} INFO - [2026-08-03T20:46:30.902+0000] {dagbag.py:545} INFO - Filling up the DagBag from /home/airflow/.local/lib/python3.12/site-packages/airflow/example_dags/example_xcomargs.py
[2026-08-03T20:46:30.944+0000] {processor.py:840} INFO - DAG(s) 'example_xcom_args_with_operators', 'example_xcom_args' retrieved from /home/airflow/.local/lib/python3.12/site-packages/airflow/example_dags/example_xcomargs.py
[2026-08-03T20:46:31.130+0000] {logging_mixin.py:188} INFO - [2026-08-03T20:46:31.129+0000] {dag.py:3089} INFO - Sync 2 DAGs
[2026-08-03T20:46:31.288+0000] {logging_mixin.py:188} INFO - [2026-08-03T20:46:31.287+0000] {dag.py:3947} INFO - Setting next_dagrun for example_xcom_args to None, run_after=None
[2026-08-03T20:46:31.331+0000] {logging_mixin.py:188} INFO - [2026-08-03T20:46:31.329+0000] {dag.py:3947} INFO - Setting next_dagrun for example_xcom_args_with_operators to None, run_after=None
[2026-08-03T20:46:31.536+0000] {processor.py:183} INFO - Processing /home/airflow/.local/lib/python3.12/site-packages/airflow/example_dags/example_xcomargs.py took 0.680 seconds
[2026-08-03T20:47:06.253+0000] {processor.py:161} INFO - Started process (PID=953) to work on /home/airflow/.local/lib/python3.12/site-packages/airflow/example_dags/example_xcomargs.py
[2026-08-03T20:47:06.261+0000] {processor.py:830} INFO - Processing file /home/airflow/.local/lib/python3.12/site-packages/airflow/example_dags/example_xcomargs.py for tasks to queue
[2026-08-03T20:47:06.271+0000] {logging_mixin.py:188} INFO - [2026-08-03T20:47:06.265+0000] {dagbag.py:545} INFO - Filling up the DagBag from /home/airflow/.local/lib/python3.12/site-packages/airflow/example_dags/example_xcomargs.py
[2026-08-03T20:47:06.331+0000] {processor.py:840} INFO - DAG(s) 'example_xcom_args', 'example_xcom_args_with_operators' retrieved from /home/airflow/.local/lib/python3.12/site-packages/airflow/example_dags/example_xcomargs.py
[2026-08-03T20:47:06.853+0000] {logging_mixin.py:188} INFO - [2026-08-03T20:47:06.852+0000] {dag.py:3089} INFO - Sync 2 DAGs
[2026-08-03T20:47:07.057+0000] {logging_mixin.py:188} INFO - [2026-08-03T20:47:07.056+0000] {dag.py:3947} INFO - Setting next_dagrun for example_xcom_args to None, run_after=None
[2026-08-03T20:47:07.101+0000] {logging_mixin.py:188} INFO - [2026-08-03T20:47:07.101+0000] {dag.py:3947} INFO - Setting next_dagrun for example_xcom_args_with_operators to None, run_after=None
[2026-08-03T20:47:07.309+0000] {processor.py:183} INFO - Processing /home/airflow/.local/lib/python3.12/site-packages/airflow/example_dags/example_xcomargs.py took 1.086 seconds
