[2026-08-03T20:38:34.239+0000] {processor.py:161} INFO - Started process (PID=122) to work on /home/airflow/.local/lib/python3.12/site-packages/airflow/example_dags/example_branch_day_of_week_operator.py
[2026-08-03T20:38:34.252+0000] {processor.py:830} INFO - Processing file /home/airflow/.local/lib/python3.12/site-packages/airflow/example_dags/example_branch_day_of_week_operator.py for tasks to queue
[2026-08-03T20:38:34.271+0000] {logging_mixin.py:188} INFO - [2026-08-03T20:38:34.270+0000] {dagbag.py:545} INFO - Filling up the DagBag from /home/airflow/.local/lib/python3.12/site-packages/airflow/example_dags/example_branch_day_of_week_operator.py
[2026-08-03T20:38:34.313+0000] {processor.py:840} INFO - DAG(s) 'example_weekday_branch_operator' retrieved from /home/airflow/.local/lib/python3.12/site-packages/airflow/example_dags/example_branch_day_of_week_operator.py
[2026-08-03T20:38:34.662+0000] {logging_mixin.py:188} INFO - [2026-08-03T20:38:34.661+0000] {dag.py:3089} INFO - Sync 1 DAGs
[2026-08-03T20:38:34.952+0000] {logging_mixin.py:188} INFO - [2026-08-03T20:38:34.951+0000] {dag.py:3947} INFO - Setting next_dagrun for example_weekday_branch_operator to 2026-08-02 00:00:00+00:00, run_after=2026-08-03 00:00:00+00:00
[2026-08-03T20:38:35.178+0000] {processor.py:183} INFO - Processing /home/airflow/.local/lib/python3.12/site-packages/airflow/example_dags/example_branch_day_of_week_operator.py took 1.001 seconds
[2026-08-03T20:39:51.090+0000] {processor.py:161} INFO - Started process (PID=200) to work on /home/airflow/.local/lib/python3.12/site-packages/airflow/example_dags/example_branch_day_of_week_operator.py
[2026-08-03T20:39:51.098+0000] {processor.py:830} INFO - Processing file /home/airflow/.local/lib/python3.12/site-packages/airflow/example_dags/example_branch_day_of_week_operator.py for tasks to queue
[2026-08-03T20:39:51.116+0000] {logging_mixin.py:188} INFO - [2026-08-03T20:39:51.114+0000] {dagbag.py:545} INFO - Filling up the DagBag from /home/airflow/.local/lib/python3.12/site-packages/airflow/example_dags/example_branch_day_of_week_operator.py
[2026-08-03T20:39:51.232+0000] {processor.py:840} INFO - DAG(s) 'example_weekday_branch_operator' retrieved from /home/airflow/.local/lib/python3.12/site-packages/airflow/example_dags/example_branch_day_of_week_operator.py
[2026-08-03T20:39:51.496+0000] {logging_mixin.py:188} INFO - [2026-08-03T20:39:51.496+0000] {dag.py:3089} INFO - Sync 1 DAGs
[2026-08-03T20:39:51.584+0000] {logging_mixin.py:188} INFO - [2026-08-03T20:39:51.584+0000] {dag.py:3947} INFO - Setting next_dagrun for example_weekday_branch_operator to 2026-08-02 00:00:00+00:00, run_after=2026-08-03 00:00:00+00:00
[2026-08-03T20:39:51.676+0000] {processor.py:183} INFO - Processing /home/airflow/.local/lib/python3.12/site-packages/airflow/example_dags/example_branch_day_of_week_operator.py took 0.658 seconds
[2026-08-03T20:40:29.170+0000] {processor.py:161} INFO - Started process (PID=275) to work on /home/airflow/.local/lib/python3.12/site-packages/airflow/example_dags/example_branch_day_of_week_operator.py
[2026-08-03T20:40:29.183+0000] {processor.py:830} INFO - Processing file /home/airflow/.local/lib/python3.12/site-packages/airflow/example_dags/example_branch_day_of_week_operator.py for tasks to queue
[2026-08-03T20:40:29.187+0000] {logging_mixin.py:188} INFO - [2026-08-03T20:40:29.186+0000] {dagbag.py:545} INFO - Filling up the DagBag from /home/airflow/.local/lib/python3.12/site-packages/airflow/example_dags/example_branch_day_of_week_operator.py
[2026-08-03T20:40:29.272+0000] {processor.py:840} INFO - DAG(s) 'example_weekday_branch_operator' retrieved from /home/airflow/.local/lib/python3.12/site-packages/airflow/example_dags/example_branch_day_of_week_operator.py
[2026-08-03T20:40:29.418+0000] {logging_mixin.py:188} INFO - [2026-08-03T20:40:29.412+0000] {dag.py:3089} INFO - Sync 1 DAGs
[2026-08-03T20:40:29.573+0000] {logging_mixin.py:188} INFO - [2026-08-03T20:40:29.573+0000] {dag.py:3947} INFO - Setting next_dagrun for example_weekday_branch_operator to 2026-08-02 00:00:00+00:00, run_after=2026-08-03 00:00:00+00:00
[2026-08-03T20:40:29.652+0000] {processor.py:183} INFO - Processing /home/airflow/.local/lib/python3.12/site-packages/airflow/example_dags/example_branch_day_of_week_operator.py took 0.516 seconds
[2026-08-03T20:41:04.810+0000] {processor.py:161} INFO - Started process (PID=349) to work on /home/airflow/.local/lib/python3.12/site-packages/airflow/example_dags/example_branch_day_of_week_operator.py
[2026-08-03T20:41:04.849+0000] {processor.py:830} INFO - Processing file /home/airflow/.local/lib/python3.12/site-packages/airflow/example_dags/example_branch_day_of_week_operator.py for tasks to queue
[2026-08-03T20:41:04.852+0000] {logging_mixin.py:188} INFO - [2026-08-03T20:41:04.851+0000] {dagbag.py:545} INFO - Filling up the DagBag from /home/airflow/.local/lib/python3.12/site-packages/airflow/example_dags/example_branch_day_of_week_operator.py
[2026-08-03T20:41:04.941+0000] {processor.py:840} INFO - DAG(s) 'example_weekday_branch_operator' retrieved from /home/airflow/.local/lib/python3.12/site-packages/airflow/example_dags/example_branch_day_of_week_operator.py
[2026-08-03T20:41:05.034+0000] {logging_mixin.py:188} INFO - [2026-08-03T20:41:05.033+0000] {dag.py:3089} INFO - Sync 1 DAGs
[2026-08-03T20:41:05.222+0000] {logging_mixin.py:188} INFO - [2026-08-03T20:41:05.221+0000] {dag.py:3947} INFO - Setting next_dagrun for example_weekday_branch_operator to 2026-08-02 00:00:00+00:00, run_after=2026-08-03 00:00:00+00:00
[2026-08-03T20:41:05.464+0000] {processor.py:183} INFO - Processing /home/airflow/.local/lib/python3.12/site-packages/airflow/example_dags/example_branch_day_of_week_operator.py took 0.723 seconds
[2026-08-03T20:41:37.684+0000] {processor.py:161} INFO - Started process (PID=420) to work on /home/airflow/.local/lib/python3.12/site-packages/airflow/example_dags/example_branch_day_of_week_operator.py
[2026-08-03T20:41:37.688+0000] {processor.py:830} INFO - Processing file /home/airflow/.local/lib/python3.12/site-packages/airflow/example_dags/example_branch_day_of_week_operator.py for tasks to queue
[2026-08-03T20:41:37.692+0000] {logging_mixin.py:188} INFO - [2026-08-03T20:41:37.691+0000] {dagbag.py:545} INFO - Filling up the DagBag from /home/airflow/.local/lib/python3.12/site-packages/airflow/example_dags/example_branch_day_of_week_operator.py
[2026-08-03T20:41:37.727+0000] {processor.py:840} INFO - DAG(s) 'example_weekday_branch_operator' retrieved from /home/airflow/.local/lib/python3.12/site-packages/airflow/example_dags/example_branch_day_of_week_operator.py
[2026-08-03T20:41:37.967+0000] {logging_mixin.py:188} INFO - [2026-08-03T20:41:37.959+0000] {dag.py:3089} INFO - Sync 1 DAGs
[2026-08-03T20:41:38.142+0000] {logging_mixin.py:188} INFO - [2026-08-03T20:41:38.141+0000] {dag.py:3947} INFO - Setting next_dagrun for example_weekday_branch_operator to 2026-08-02 00:00:00+00:00, run_after=2026-08-03 00:00:00+00:00
[2026-08-03T20:41:38.287+0000] {processor.py:183} INFO - Processing /home/airflow/.local/lib/python3.12/site-packages/airflow/example_dags/example_branch_day_of_week_operator.py took 0.661 seconds
[2026-08-03T20:42:29.230+0000] {processor.py:161} INFO - Started process (PID=495) to work on /home/airflow/.local/lib/python3.12/site-packages/airflow/example_dags/example_branch_day_of_week_operator.py
[2026-08-03T20:42:29.246+0000] {processor.py:830} INFO - Processing file /home/airflow/.local/lib/python3.12/site-packages/airflow/example_dags/example_branch_day_of_week_operator.py for tasks to queue
[2026-08-03T20:42:29.267+0000] {logging_mixin.py:188} INFO - [2026-08-03T20:42:29.255+0000] {dagbag.py:545} INFO - Filling up the DagBag from /home/airflow/.local/lib/python3.12/site-packages/airflow/example_dags/example_branch_day_of_week_operator.py
[2026-08-03T20:42:29.309+0000] {processor.py:840} INFO - DAG(s) 'example_weekday_branch_operator' retrieved from /home/airflow/.local/lib/python3.12/site-packages/airflow/example_dags/example_branch_day_of_week_operator.py
[2026-08-03T20:42:29.671+0000] {logging_mixin.py:188} INFO - [2026-08-03T20:42:29.669+0000] {dag.py:3089} INFO - Sync 1 DAGs
[2026-08-03T20:42:29.832+0000] {logging_mixin.py:188} INFO - [2026-08-03T20:42:29.831+0000] {dag.py:3947} INFO - Setting next_dagrun for example_weekday_branch_operator to 2026-08-02 00:00:00+00:00, run_after=2026-08-03 00:00:00+00:00
[2026-08-03T20:42:29.984+0000] {processor.py:183} INFO - Processing /home/airflow/.local/lib/python3.12/site-packages/airflow/example_dags/example_branch_day_of_week_operator.py took 0.796 seconds
[2026-08-03T20:43:24.934+0000] {processor.py:161} INFO - Started process (PID=573) to work on /home/airflow/.local/lib/python3.12/site-packages/airflow/example_dags/example_branch_day_of_week_operator.py
[2026-08-03T20:43:24.957+0000] {processor.py:830} INFO - Processing file /home/airflow/.local/lib/python3.12/site-packages/airflow/example_dags/example_branch_day_of_week_operator.py for tasks to queue
[2026-08-03T20:43:24.962+0000] {logging_mixin.py:188} INFO - [2026-08-03T20:43:24.961+0000] {dagbag.py:545} INFO - Filling up the DagBag from /home/airflow/.local/lib/python3.12/site-packages/airflow/example_dags/example_branch_day_of_week_operator.py
[2026-08-03T20:43:25.124+0000] {processor.py:840} INFO - DAG(s) 'example_weekday_branch_operator' retrieved from /home/airflow/.local/lib/python3.12/site-packages/airflow/example_dags/example_branch_day_of_week_operator.py
[2026-08-03T20:43:25.281+0000] {logging_mixin.py:188} INFO - [2026-08-03T20:43:25.281+0000] {dag.py:3089} INFO - Sync 1 DAGs
[2026-08-03T20:43:25.481+0000] {logging_mixin.py:188} INFO - [2026-08-03T20:43:25.481+0000] {dag.py:3947} INFO - Setting next_dagrun for example_weekday_branch_operator to 2026-08-02 00:00:00+00:00, run_after=2026-08-03 00:00:00+00:00
[2026-08-03T20:43:25.628+0000] {processor.py:183} INFO - Processing /home/airflow/.local/lib/python3.12/site-packages/airflow/example_dags/example_branch_day_of_week_operator.py took 0.738 seconds
[2026-08-03T20:44:01.364+0000] {processor.py:161} INFO - Started process (PID=643) to work on /home/airflow/.local/lib/python3.12/site-packages/airflow/example_dags/example_branch_day_of_week_operator.py
[2026-08-03T20:44:01.373+0000] {processor.py:830} INFO - Processing file /home/airflow/.local/lib/python3.12/site-packages/airflow/example_dags/example_branch_day_of_week_operator.py for tasks to queue
[2026-08-03T20:44:01.378+0000] {logging_mixin.py:188} INFO - [2026-08-03T20:44:01.377+0000] {dagbag.py:545} INFO - Filling up the DagBag from /home/airflow/.local/lib/python3.12/site-packages/airflow/example_dags/example_branch_day_of_week_operator.py
[2026-08-03T20:44:01.550+0000] {processor.py:840} INFO - DAG(s) 'example_weekday_branch_operator' retrieved from /home/airflow/.local/lib/python3.12/site-packages/airflow/example_dags/example_branch_day_of_week_operator.py
[2026-08-03T20:44:01.778+0000] {logging_mixin.py:188} INFO - [2026-08-03T20:44:01.755+0000] {dag.py:3089} INFO - Sync 1 DAGs
[2026-08-03T20:44:02.082+0000] {logging_mixin.py:188} INFO - [2026-08-03T20:44:02.081+0000] {dag.py:3947} INFO - Setting next_dagrun for example_weekday_branch_operator to 2026-08-02 00:00:00+00:00, run_after=2026-08-03 00:00:00+00:00
[2026-08-03T20:44:02.279+0000] {processor.py:183} INFO - Processing /home/airflow/.local/lib/python3.12/site-packages/airflow/example_dags/example_branch_day_of_week_operator.py took 1.012 seconds
[2026-08-03T20:44:51.984+0000] {processor.py:161} INFO - Started process (PID=713) to work on /home/airflow/.local/lib/python3.12/site-packages/airflow/example_dags/example_branch_day_of_week_operator.py
[2026-08-03T20:44:52.009+0000] {processor.py:830} INFO - Processing file /home/airflow/.local/lib/python3.12/site-packages/airflow/example_dags/example_branch_day_of_week_operator.py for tasks to queue
[2026-08-03T20:44:52.014+0000] {logging_mixin.py:188} INFO - [2026-08-03T20:44:52.013+0000] {dagbag.py:545} INFO - Filling up the DagBag from /home/airflow/.local/lib/python3.12/site-packages/airflow/example_dags/example_branch_day_of_week_operator.py
[2026-08-03T20:44:52.115+0000] {processor.py:840} INFO - DAG(s) 'example_weekday_branch_operator' retrieved from /home/airflow/.local/lib/python3.12/site-packages/airflow/example_dags/example_branch_day_of_week_operator.py
[2026-08-03T20:44:52.248+0000] {logging_mixin.py:188} INFO - [2026-08-03T20:44:52.236+0000] {dag.py:3089} INFO - Sync 1 DAGs
[2026-08-03T20:44:52.504+0000] {logging_mixin.py:188} INFO - [2026-08-03T20:44:52.503+0000] {dag.py:3947} INFO - Setting next_dagrun for example_weekday_branch_operator to 2026-08-02 00:00:00+00:00, run_after=2026-08-03 00:00:00+00:00
[2026-08-03T20:44:52.646+0000] {processor.py:183} INFO - Processing /home/airflow/.local/lib/python3.12/site-packages/airflow/example_dags/example_branch_day_of_week_operator.py took 0.762 seconds
[2026-08-03T20:45:37.423+0000] {processor.py:161} INFO - Started process (PID=782) to work on /home/airflow/.local/lib/python3.12/site-packages/airflow/example_dags/example_branch_day_of_week_operator.py
[2026-08-03T20:45:37.452+0000] {processor.py:830} INFO - Processing file /home/airflow/.local/lib/python3.12/site-packages/airflow/example_dags/example_branch_day_of_week_operator.py for tasks to queue
[2026-08-03T20:45:37.457+0000] {logging_mixin.py:188} INFO - [2026-08-03T20:45:37.455+0000] {dagbag.py:545} INFO - Filling up the DagBag from /home/airflow/.local/lib/python3.12/site-packages/airflow/example_dags/example_branch_day_of_week_operator.py
[2026-08-03T20:45:37.577+0000] {processor.py:840} INFO - DAG(s) 'example_weekday_branch_operator' retrieved from /home/airflow/.local/lib/python3.12/site-packages/airflow/example_dags/example_branch_day_of_week_operator.py
[2026-08-03T20:45:37.751+0000] {logging_mixin.py:188} INFO - [2026-08-03T20:45:37.749+0000] {dag.py:3089} INFO - Sync 1 DAGs
[2026-08-03T20:45:38.021+0000] {logging_mixin.py:188} INFO - [2026-08-03T20:45:38.018+0000] {dag.py:3947} INFO - Setting next_dagrun for example_weekday_branch_operator to 2026-08-02 00:00:00+00:00, run_after=2026-08-03 00:00:00+00:00
[2026-08-03T20:45:38.378+0000] {processor.py:183} INFO - Processing /home/airflow/.local/lib/python3.12/site-packages/airflow/example_dags/example_branch_day_of_week_operator.py took 1.271 seconds
[2026-08-03T20:46:20.571+0000] {processor.py:161} INFO - Started process (PID=863) to work on /home/airflow/.local/lib/python3.12/site-packages/airflow/example_dags/example_branch_day_of_week_operator.py
[2026-08-03T20:46:20.586+0000] {processor.py:830} INFO - Processing file /home/airflow/.local/lib/python3.12/site-packages/airflow/example_dags/example_branch_day_of_week_operator.py for tasks to queue
[2026-08-03T20:46:20.590+0000] {logging_mixin.py:188} INFO - [2026-08-03T20:46:20.588+0000] {dagbag.py:545} INFO - Filling up the DagBag from /home/airflow/.local/lib/python3.12/site-packages/airflow/example_dags/example_branch_day_of_week_operator.py
[2026-08-03T20:46:20.659+0000] {processor.py:840} INFO - DAG(s) 'example_weekday_branch_operator' retrieved from /home/airflow/.local/lib/python3.12/site-packages/airflow/example_dags/example_branch_day_of_week_operator.py
[2026-08-03T20:46:21.048+0000] {logging_mixin.py:188} INFO - [2026-08-03T20:46:21.047+0000] {dag.py:3089} INFO - Sync 1 DAGs
[2026-08-03T20:46:21.287+0000] {logging_mixin.py:188} INFO - [2026-08-03T20:46:21.286+0000] {dag.py:3947} INFO - Setting next_dagrun for example_weekday_branch_operator to 2026-08-02 00:00:00+00:00, run_after=2026-08-03 00:00:00+00:00
[2026-08-03T20:46:21.507+0000] {processor.py:183} INFO - Processing /home/airflow/.local/lib/python3.12/site-packages/airflow/example_dags/example_branch_day_of_week_operator.py took 0.982 seconds
[2026-08-03T20:46:58.036+0000] {processor.py:161} INFO - Started process (PID=934) to work on /home/airflow/.local/lib/python3.12/site-packages/airflow/example_dags/example_branch_day_of_week_operator.py
[2026-08-03T20:46:58.040+0000] {processor.py:830} INFO - Processing file /home/airflow/.local/lib/python3.12/site-packages/airflow/example_dags/example_branch_day_of_week_operator.py for tasks to queue
[2026-08-03T20:46:58.045+0000] {logging_mixin.py:188} INFO - [2026-08-03T20:46:58.044+0000] {dagbag.py:545} INFO - Filling up the DagBag from /home/airflow/.local/lib/python3.12/site-packages/airflow/example_dags/example_branch_day_of_week_operator.py
[2026-08-03T20:46:58.100+0000] {processor.py:840} INFO - DAG(s) 'example_weekday_branch_operator' retrieved from /home/airflow/.local/lib/python3.12/site-packages/airflow/example_dags/example_branch_day_of_week_operator.py
[2026-08-03T20:46:58.246+0000] {logging_mixin.py:188} INFO - [2026-08-03T20:46:58.246+0000] {dag.py:3089} INFO - Sync 1 DAGs
[2026-08-03T20:46:58.399+0000] {logging_mixin.py:188} INFO - [2026-08-03T20:46:58.398+0000] {dag.py:3947} INFO - Setting next_dagrun for example_weekday_branch_operator to 2026-08-02 00:00:00+00:00, run_after=2026-08-03 00:00:00+00:00
[2026-08-03T20:46:58.484+0000] {processor.py:183} INFO - Processing /home/airflow/.local/lib/python3.12/site-packages/airflow/example_dags/example_branch_day_of_week_operator.py took 0.522 seconds
[2026-08-03T20:47:36.594+0000] {processor.py:161} INFO - Started process (PID=1008) to work on /home/airflow/.local/lib/python3.12/site-packages/airflow/example_dags/example_branch_day_of_week_operator.py
[2026-08-03T20:47:36.602+0000] {processor.py:830} INFO - Processing file /home/airflow/.local/lib/python3.12/site-packages/airflow/example_dags/example_branch_day_of_week_operator.py for tasks to queue
[2026-08-03T20:47:36.607+0000] {logging_mixin.py:188} INFO - [2026-08-03T20:47:36.606+0000] {dagbag.py:545} INFO - Filling up the DagBag from /home/airflow/.local/lib/python3.12/site-packages/airflow/example_dags/example_branch_day_of_week_operator.py
[2026-08-03T20:47:36.670+0000] {processor.py:840} INFO - DAG(s) 'example_weekday_branch_operator' retrieved from /home/airflow/.local/lib/python3.12/site-packages/airflow/example_dags/example_branch_day_of_week_operator.py
[2026-08-03T20:47:36.774+0000] {logging_mixin.py:188} INFO - [2026-08-03T20:47:36.774+0000] {dag.py:3089} INFO - Sync 1 DAGs
[2026-08-03T20:47:36.887+0000] {logging_mixin.py:188} INFO - [2026-08-03T20:47:36.886+0000] {dag.py:3947} INFO - Setting next_dagrun for example_weekday_branch_operator to 2026-08-02 00:00:00+00:00, run_after=2026-08-03 00:00:00+00:00
[2026-08-03T20:47:36.947+0000] {processor.py:183} INFO - Processing /home/airflow/.local/lib/python3.12/site-packages/airflow/example_dags/example_branch_day_of_week_operator.py took 0.366 seconds
