[2026-08-03T20:38:41.576+0000] {processor.py:161} INFO - Started process (PID=131) to work on /home/airflow/.local/lib/python3.12/site-packages/airflow/example_dags/example_branch_operator_decorator.py
[2026-08-03T20:38:41.602+0000] {processor.py:830} INFO - Processing file /home/airflow/.local/lib/python3.12/site-packages/airflow/example_dags/example_branch_operator_decorator.py for tasks to queue
[2026-08-03T20:38:41.697+0000] {logging_mixin.py:188} INFO - [2026-08-03T20:38:41.668+0000] {dagbag.py:545} INFO - Filling up the DagBag from /home/airflow/.local/lib/python3.12/site-packages/airflow/example_dags/example_branch_operator_decorator.py
[2026-08-03T20:38:42.541+0000] {processor.py:840} INFO - DAG(s) 'example_branch_python_operator_decorator' retrieved from /home/airflow/.local/lib/python3.12/site-packages/airflow/example_dags/example_branch_operator_decorator.py
[2026-08-03T20:38:45.921+0000] {logging_mixin.py:188} INFO - [2026-08-03T20:38:45.921+0000] {dag.py:3089} INFO - Sync 1 DAGs
[2026-08-03T20:38:46.395+0000] {logging_mixin.py:188} INFO - [2026-08-03T20:38:46.395+0000] {dag.py:3947} INFO - Setting next_dagrun for example_branch_python_operator_decorator to 2026-08-02 00:00:00+00:00, run_after=2026-08-03 00:00:00+00:00
[2026-08-03T20:38:46.850+0000] {processor.py:183} INFO - Processing /home/airflow/.local/lib/python3.12/site-packages/airflow/example_dags/example_branch_operator_decorator.py took 5.307 seconds
[2026-08-03T20:39:57.100+0000] {processor.py:161} INFO - Started process (PID=220) to work on /home/airflow/.local/lib/python3.12/site-packages/airflow/example_dags/example_branch_operator_decorator.py
[2026-08-03T20:39:57.106+0000] {processor.py:830} INFO - Processing file /home/airflow/.local/lib/python3.12/site-packages/airflow/example_dags/example_branch_operator_decorator.py for tasks to queue
[2026-08-03T20:39:57.110+0000] {logging_mixin.py:188} INFO - [2026-08-03T20:39:57.109+0000] {dagbag.py:545} INFO - Filling up the DagBag from /home/airflow/.local/lib/python3.12/site-packages/airflow/example_dags/example_branch_operator_decorator.py
[2026-08-03T20:39:57.373+0000] {processor.py:840} INFO - DAG(s) 'example_branch_python_operator_decorator' retrieved from /home/airflow/.local/lib/python3.12/site-packages/airflow/example_dags/example_branch_operator_decorator.py
[2026-08-03T20:39:57.497+0000] {logging_mixin.py:188} INFO - [2026-08-03T20:39:57.497+0000] {dag.py:3089} INFO - Sync 1 DAGs
[2026-08-03T20:39:57.568+0000] {logging_mixin.py:188} INFO - [2026-08-03T20:39:57.567+0000] {dag.py:3947} INFO - Setting next_dagrun for example_branch_python_operator_decorator to 2026-08-02 00:00:00+00:00, run_after=2026-08-03 00:00:00+00:00
[2026-08-03T20:39:57.624+0000] {processor.py:183} INFO - Processing /home/airflow/.local/lib/python3.12/site-packages/airflow/example_dags/example_branch_operator_decorator.py took 0.549 seconds
[2026-08-03T20:40:32.973+0000] {processor.py:161} INFO - Started process (PID=293) to work on /home/airflow/.local/lib/python3.12/site-packages/airflow/example_dags/example_branch_operator_decorator.py
[2026-08-03T20:40:32.980+0000] {processor.py:830} INFO - Processing file /home/airflow/.local/lib/python3.12/site-packages/airflow/example_dags/example_branch_operator_decorator.py for tasks to queue
[2026-08-03T20:40:32.985+0000] {logging_mixin.py:188} INFO - [2026-08-03T20:40:32.985+0000] {dagbag.py:545} INFO - Filling up the DagBag from /home/airflow/.local/lib/python3.12/site-packages/airflow/example_dags/example_branch_operator_decorator.py
[2026-08-03T20:40:33.089+0000] {processor.py:840} INFO - DAG(s) 'example_branch_python_operator_decorator' retrieved from /home/airflow/.local/lib/python3.12/site-packages/airflow/example_dags/example_branch_operator_decorator.py
[2026-08-03T20:40:33.180+0000] {logging_mixin.py:188} INFO - [2026-08-03T20:40:33.180+0000] {dag.py:3089} INFO - Sync 1 DAGs
[2026-08-03T20:40:33.269+0000] {logging_mixin.py:188} INFO - [2026-08-03T20:40:33.268+0000] {dag.py:3947} INFO - Setting next_dagrun for example_branch_python_operator_decorator to 2026-08-02 00:00:00+00:00, run_after=2026-08-03 00:00:00+00:00
[2026-08-03T20:40:33.330+0000] {processor.py:183} INFO - Processing /home/airflow/.local/lib/python3.12/site-packages/airflow/example_dags/example_branch_operator_decorator.py took 0.383 seconds
[2026-08-03T20:41:08.668+0000] {processor.py:161} INFO - Started process (PID=358) to work on /home/airflow/.local/lib/python3.12/site-packages/airflow/example_dags/example_branch_operator_decorator.py
[2026-08-03T20:41:08.672+0000] {processor.py:830} INFO - Processing file /home/airflow/.local/lib/python3.12/site-packages/airflow/example_dags/example_branch_operator_decorator.py for tasks to queue
[2026-08-03T20:41:08.684+0000] {logging_mixin.py:188} INFO - [2026-08-03T20:41:08.683+0000] {dagbag.py:545} INFO - Filling up the DagBag from /home/airflow/.local/lib/python3.12/site-packages/airflow/example_dags/example_branch_operator_decorator.py
[2026-08-03T20:41:08.817+0000] {processor.py:840} INFO - DAG(s) 'example_branch_python_operator_decorator' retrieved from /home/airflow/.local/lib/python3.12/site-packages/airflow/example_dags/example_branch_operator_decorator.py
[2026-08-03T20:41:09.038+0000] {logging_mixin.py:188} INFO - [2026-08-03T20:41:09.037+0000] {dag.py:3089} INFO - Sync 1 DAGs
[2026-08-03T20:41:09.450+0000] {logging_mixin.py:188} INFO - [2026-08-03T20:41:09.444+0000] {dag.py:3947} INFO - Setting next_dagrun for example_branch_python_operator_decorator to 2026-08-02 00:00:00+00:00, run_after=2026-08-03 00:00:00+00:00
[2026-08-03T20:41:09.642+0000] {processor.py:183} INFO - Processing /home/airflow/.local/lib/python3.12/site-packages/airflow/example_dags/example_branch_operator_decorator.py took 1.006 seconds
[2026-08-03T20:41:41.359+0000] {processor.py:161} INFO - Started process (PID=429) to work on /home/airflow/.local/lib/python3.12/site-packages/airflow/example_dags/example_branch_operator_decorator.py
[2026-08-03T20:41:41.376+0000] {processor.py:830} INFO - Processing file /home/airflow/.local/lib/python3.12/site-packages/airflow/example_dags/example_branch_operator_decorator.py for tasks to queue
[2026-08-03T20:41:41.382+0000] {logging_mixin.py:188} INFO - [2026-08-03T20:41:41.381+0000] {dagbag.py:545} INFO - Filling up the DagBag from /home/airflow/.local/lib/python3.12/site-packages/airflow/example_dags/example_branch_operator_decorator.py
[2026-08-03T20:41:41.800+0000] {processor.py:840} INFO - DAG(s) 'example_branch_python_operator_decorator' retrieved from /home/airflow/.local/lib/python3.12/site-packages/airflow/example_dags/example_branch_operator_decorator.py
[2026-08-03T20:41:42.193+0000] {logging_mixin.py:188} INFO - [2026-08-03T20:41:42.192+0000] {dag.py:3089} INFO - Sync 1 DAGs
[2026-08-03T20:41:42.354+0000] {logging_mixin.py:188} INFO - [2026-08-03T20:41:42.342+0000] {dag.py:3947} INFO - Setting next_dagrun for example_branch_python_operator_decorator to 2026-08-02 00:00:00+00:00, run_after=2026-08-03 00:00:00+00:00
[2026-08-03T20:41:42.542+0000] {processor.py:183} INFO - Processing /home/airflow/.local/lib/python3.12/site-packages/airflow/example_dags/example_branch_operator_decorator.py took 1.246 seconds
[2026-08-03T20:42:37.546+0000] {processor.py:161} INFO - Started process (PID=511) to work on /home/airflow/.local/lib/python3.12/site-packages/airflow/example_dags/example_branch_operator_decorator.py
[2026-08-03T20:42:37.604+0000] {processor.py:830} INFO - Processing file /home/airflow/.local/lib/python3.12/site-packages/airflow/example_dags/example_branch_operator_decorator.py for tasks to queue
[2026-08-03T20:42:37.627+0000] {logging_mixin.py:188} INFO - [2026-08-03T20:42:37.626+0000] {dagbag.py:545} INFO - Filling up the DagBag from /home/airflow/.local/lib/python3.12/site-packages/airflow/example_dags/example_branch_operator_decorator.py
[2026-08-03T20:42:38.097+0000] {processor.py:840} INFO - DAG(s) 'example_branch_python_operator_decorator' retrieved from /home/airflow/.local/lib/python3.12/site-packages/airflow/example_dags/example_branch_operator_decorator.py
[2026-08-03T20:42:38.481+0000] {logging_mixin.py:188} INFO - [2026-08-03T20:42:38.479+0000] {dag.py:3089} INFO - Sync 1 DAGs
[2026-08-03T20:42:38.905+0000] {logging_mixin.py:188} INFO - [2026-08-03T20:42:38.904+0000] {dag.py:3947} INFO - Setting next_dagrun for example_branch_python_operator_decorator to 2026-08-02 00:00:00+00:00, run_after=2026-08-03 00:00:00+00:00
[2026-08-03T20:42:39.384+0000] {processor.py:183} INFO - Processing /home/airflow/.local/lib/python3.12/site-packages/airflow/example_dags/example_branch_operator_decorator.py took 1.943 seconds
[2026-08-03T20:43:29.141+0000] {processor.py:161} INFO - Started process (PID=582) to work on /home/airflow/.local/lib/python3.12/site-packages/airflow/example_dags/example_branch_operator_decorator.py
[2026-08-03T20:43:29.144+0000] {processor.py:830} INFO - Processing file /home/airflow/.local/lib/python3.12/site-packages/airflow/example_dags/example_branch_operator_decorator.py for tasks to queue
[2026-08-03T20:43:29.148+0000] {logging_mixin.py:188} INFO - [2026-08-03T20:43:29.147+0000] {dagbag.py:545} INFO - Filling up the DagBag from /home/airflow/.local/lib/python3.12/site-packages/airflow/example_dags/example_branch_operator_decorator.py
[2026-08-03T20:43:29.276+0000] {processor.py:840} INFO - DAG(s) 'example_branch_python_operator_decorator' retrieved from /home/airflow/.local/lib/python3.12/site-packages/airflow/example_dags/example_branch_operator_decorator.py
[2026-08-03T20:43:29.374+0000] {logging_mixin.py:188} INFO - [2026-08-03T20:43:29.373+0000] {dag.py:3089} INFO - Sync 1 DAGs
[2026-08-03T20:43:29.442+0000] {logging_mixin.py:188} INFO - [2026-08-03T20:43:29.441+0000] {dag.py:3947} INFO - Setting next_dagrun for example_branch_python_operator_decorator to 2026-08-02 00:00:00+00:00, run_after=2026-08-03 00:00:00+00:00
[2026-08-03T20:43:29.504+0000] {processor.py:183} INFO - Processing /home/airflow/.local/lib/python3.12/site-packages/airflow/example_dags/example_branch_operator_decorator.py took 0.455 seconds
[2026-08-03T20:44:13.060+0000] {processor.py:161} INFO - Started process (PID=655) to work on /home/airflow/.local/lib/python3.12/site-packages/airflow/example_dags/example_branch_operator_decorator.py
[2026-08-03T20:44:13.090+0000] {processor.py:830} INFO - Processing file /home/airflow/.local/lib/python3.12/site-packages/airflow/example_dags/example_branch_operator_decorator.py for tasks to queue
[2026-08-03T20:44:13.100+0000] {logging_mixin.py:188} INFO - [2026-08-03T20:44:13.094+0000] {dagbag.py:545} INFO - Filling up the DagBag from /home/airflow/.local/lib/python3.12/site-packages/airflow/example_dags/example_branch_operator_decorator.py
[2026-08-03T20:44:13.446+0000] {processor.py:840} INFO - DAG(s) 'example_branch_python_operator_decorator' retrieved from /home/airflow/.local/lib/python3.12/site-packages/airflow/example_dags/example_branch_operator_decorator.py
[2026-08-03T20:44:13.891+0000] {logging_mixin.py:188} INFO - [2026-08-03T20:44:13.891+0000] {dag.py:3089} INFO - Sync 1 DAGs
[2026-08-03T20:44:14.058+0000] {logging_mixin.py:188} INFO - [2026-08-03T20:44:14.057+0000] {dag.py:3947} INFO - Setting next_dagrun for example_branch_python_operator_decorator to 2026-08-02 00:00:00+00:00, run_after=2026-08-03 00:00:00+00:00
[2026-08-03T20:44:14.439+0000] {processor.py:183} INFO - Processing /home/airflow/.local/lib/python3.12/site-packages/airflow/example_dags/example_branch_operator_decorator.py took 1.480 seconds
[2026-08-03T20:44:57.923+0000] {processor.py:161} INFO - Started process (PID=729) to work on /home/airflow/.local/lib/python3.12/site-packages/airflow/example_dags/example_branch_operator_decorator.py
[2026-08-03T20:44:57.971+0000] {processor.py:830} INFO - Processing file /home/airflow/.local/lib/python3.12/site-packages/airflow/example_dags/example_branch_operator_decorator.py for tasks to queue
[2026-08-03T20:44:57.976+0000] {logging_mixin.py:188} INFO - [2026-08-03T20:44:57.974+0000] {dagbag.py:545} INFO - Filling up the DagBag from /home/airflow/.local/lib/python3.12/site-packages/airflow/example_dags/example_branch_operator_decorator.py
[2026-08-03T20:44:58.420+0000] {processor.py:840} INFO - DAG(s) 'example_branch_python_operator_decorator' retrieved from /home/airflow/.local/lib/python3.12/site-packages/airflow/example_dags/example_branch_operator_decorator.py
[2026-08-03T20:44:58.864+0000] {logging_mixin.py:188} INFO - [2026-08-03T20:44:58.863+0000] {dag.py:3089} INFO - Sync 1 DAGs
[2026-08-03T20:44:59.072+0000] {logging_mixin.py:188} INFO - [2026-08-03T20:44:59.071+0000] {dag.py:3947} INFO - Setting next_dagrun for example_branch_python_operator_decorator to 2026-08-02 00:00:00+00:00, run_after=2026-08-03 00:00:00+00:00
[2026-08-03T20:44:59.320+0000] {processor.py:183} INFO - Processing /home/airflow/.local/lib/python3.12/site-packages/airflow/example_dags/example_branch_operator_decorator.py took 1.691 seconds
[2026-08-03T20:45:48.693+0000] {processor.py:161} INFO - Started process (PID=805) to work on /home/airflow/.local/lib/python3.12/site-packages/airflow/example_dags/example_branch_operator_decorator.py
[2026-08-03T20:45:48.705+0000] {processor.py:830} INFO - Processing file /home/airflow/.local/lib/python3.12/site-packages/airflow/example_dags/example_branch_operator_decorator.py for tasks to queue
[2026-08-03T20:45:48.712+0000] {logging_mixin.py:188} INFO - [2026-08-03T20:45:48.710+0000] {dagbag.py:545} INFO - Filling up the DagBag from /home/airflow/.local/lib/python3.12/site-packages/airflow/example_dags/example_branch_operator_decorator.py
[2026-08-03T20:45:48.940+0000] {processor.py:840} INFO - DAG(s) 'example_branch_python_operator_decorator' retrieved from /home/airflow/.local/lib/python3.12/site-packages/airflow/example_dags/example_branch_operator_decorator.py
[2026-08-03T20:45:49.210+0000] {logging_mixin.py:188} INFO - [2026-08-03T20:45:49.210+0000] {dag.py:3089} INFO - Sync 1 DAGs
[2026-08-03T20:45:49.519+0000] {logging_mixin.py:188} INFO - [2026-08-03T20:45:49.517+0000] {dag.py:3947} INFO - Setting next_dagrun for example_branch_python_operator_decorator to 2026-08-02 00:00:00+00:00, run_after=2026-08-03 00:00:00+00:00
[2026-08-03T20:45:49.750+0000] {processor.py:183} INFO - Processing /home/airflow/.local/lib/python3.12/site-packages/airflow/example_dags/example_branch_operator_decorator.py took 1.103 seconds
[2026-08-03T20:46:28.342+0000] {processor.py:161} INFO - Started process (PID=877) to work on /home/airflow/.local/lib/python3.12/site-packages/airflow/example_dags/example_branch_operator_decorator.py
[2026-08-03T20:46:28.364+0000] {processor.py:830} INFO - Processing file /home/airflow/.local/lib/python3.12/site-packages/airflow/example_dags/example_branch_operator_decorator.py for tasks to queue
[2026-08-03T20:46:28.368+0000] {logging_mixin.py:188} INFO - [2026-08-03T20:46:28.367+0000] {dagbag.py:545} INFO - Filling up the DagBag from /home/airflow/.local/lib/python3.12/site-packages/airflow/example_dags/example_branch_operator_decorator.py
[2026-08-03T20:46:28.604+0000] {processor.py:840} INFO - DAG(s) 'example_branch_python_operator_decorator' retrieved from /home/airflow/.local/lib/python3.12/site-packages/airflow/example_dags/example_branch_operator_decorator.py
[2026-08-03T20:46:28.938+0000] {logging_mixin.py:188} INFO - [2026-08-03T20:46:28.937+0000] {dag.py:3089} INFO - Sync 1 DAGs
[2026-08-03T20:46:29.148+0000] {logging_mixin.py:188} INFO - [2026-08-03T20:46:29.147+0000] {dag.py:3947} INFO - Setting next_dagrun for example_branch_python_operator_decorator to 2026-08-02 00:00:00+00:00, run_after=2026-08-03 00:00:00+00:00
[2026-08-03T20:46:29.239+0000] {processor.py:183} INFO - Processing /home/airflow/.local/lib/python3.12/site-packages/airflow/example_dags/example_branch_operator_decorator.py took 0.986 seconds
[2026-08-03T20:47:03.052+0000] {processor.py:161} INFO - Started process (PID=950) to work on /home/airflow/.local/lib/python3.12/site-packages/airflow/example_dags/example_branch_operator_decorator.py
[2026-08-03T20:47:03.068+0000] {processor.py:830} INFO - Processing file /home/airflow/.local/lib/python3.12/site-packages/airflow/example_dags/example_branch_operator_decorator.py for tasks to queue
[2026-08-03T20:47:03.077+0000] {logging_mixin.py:188} INFO - [2026-08-03T20:47:03.076+0000] {dagbag.py:545} INFO - Filling up the DagBag from /home/airflow/.local/lib/python3.12/site-packages/airflow/example_dags/example_branch_operator_decorator.py
[2026-08-03T20:47:03.302+0000] {processor.py:840} INFO - DAG(s) 'example_branch_python_operator_decorator' retrieved from /home/airflow/.local/lib/python3.12/site-packages/airflow/example_dags/example_branch_operator_decorator.py
[2026-08-03T20:47:03.495+0000] {logging_mixin.py:188} INFO - [2026-08-03T20:47:03.494+0000] {dag.py:3089} INFO - Sync 1 DAGs
[2026-08-03T20:47:03.638+0000] {logging_mixin.py:188} INFO - [2026-08-03T20:47:03.637+0000] {dag.py:3947} INFO - Setting next_dagrun for example_branch_python_operator_decorator to 2026-08-02 00:00:00+00:00, run_after=2026-08-03 00:00:00+00:00
[2026-08-03T20:47:03.736+0000] {processor.py:183} INFO - Processing /home/airflow/.local/lib/python3.12/site-packages/airflow/example_dags/example_branch_operator_decorator.py took 0.792 seconds
[2026-08-03T20:47:39.222+0000] {processor.py:161} INFO - Started process (PID=1023) to work on /home/airflow/.local/lib/python3.12/site-packages/airflow/example_dags/example_branch_operator_decorator.py
[2026-08-03T20:47:39.242+0000] {processor.py:830} INFO - Processing file /home/airflow/.local/lib/python3.12/site-packages/airflow/example_dags/example_branch_operator_decorator.py for tasks to queue
[2026-08-03T20:47:39.259+0000] {logging_mixin.py:188} INFO - [2026-08-03T20:47:39.254+0000] {dagbag.py:545} INFO - Filling up the DagBag from /home/airflow/.local/lib/python3.12/site-packages/airflow/example_dags/example_branch_operator_decorator.py
[2026-08-03T20:47:40.048+0000] {processor.py:840} INFO - DAG(s) 'example_branch_python_operator_decorator' retrieved from /home/airflow/.local/lib/python3.12/site-packages/airflow/example_dags/example_branch_operator_decorator.py
[2026-08-03T20:47:44.320+0000] {logging_mixin.py:188} INFO - [2026-08-03T20:47:44.316+0000] {process_utils.py:263} INFO - Waiting up to 5 seconds for processes to exit...
