[2026-08-03T20:38:52.929+0000] {processor.py:161} INFO - Started process (PID=143) to work on /home/airflow/.local/lib/python3.12/site-packages/airflow/example_dags/example_branch_python_dop_operator_3.py
[2026-08-03T20:38:52.948+0000] {processor.py:830} INFO - Processing file /home/airflow/.local/lib/python3.12/site-packages/airflow/example_dags/example_branch_python_dop_operator_3.py for tasks to queue
[2026-08-03T20:38:52.952+0000] {logging_mixin.py:188} INFO - [2026-08-03T20:38:52.951+0000] {dagbag.py:545} INFO - Filling up the DagBag from /home/airflow/.local/lib/python3.12/site-packages/airflow/example_dags/example_branch_python_dop_operator_3.py
[2026-08-03T20:38:53.038+0000] {processor.py:840} INFO - DAG(s) 'example_branch_dop_operator_v3' retrieved from /home/airflow/.local/lib/python3.12/site-packages/airflow/example_dags/example_branch_python_dop_operator_3.py
[2026-08-03T20:38:53.574+0000] {logging_mixin.py:188} INFO - [2026-08-03T20:38:53.573+0000] {dag.py:3089} INFO - Sync 1 DAGs
[2026-08-03T20:38:53.831+0000] {logging_mixin.py:188} INFO - [2026-08-03T20:38:53.830+0000] {dag.py:3947} INFO - Setting next_dagrun for example_branch_dop_operator_v3 to 2026-08-03 20:37:00+00:00, run_after=2026-08-03 20:38:00+00:00
[2026-08-03T20:38:54.039+0000] {processor.py:183} INFO - Processing /home/airflow/.local/lib/python3.12/site-packages/airflow/example_dags/example_branch_python_dop_operator_3.py took 1.190 seconds
[2026-08-03T20:39:59.119+0000] {processor.py:161} INFO - Started process (PID=225) to work on /home/airflow/.local/lib/python3.12/site-packages/airflow/example_dags/example_branch_python_dop_operator_3.py
[2026-08-03T20:39:59.132+0000] {processor.py:830} INFO - Processing file /home/airflow/.local/lib/python3.12/site-packages/airflow/example_dags/example_branch_python_dop_operator_3.py for tasks to queue
[2026-08-03T20:39:59.144+0000] {logging_mixin.py:188} INFO - [2026-08-03T20:39:59.138+0000] {dagbag.py:545} INFO - Filling up the DagBag from /home/airflow/.local/lib/python3.12/site-packages/airflow/example_dags/example_branch_python_dop_operator_3.py
[2026-08-03T20:39:59.255+0000] {processor.py:840} INFO - DAG(s) 'example_branch_dop_operator_v3' retrieved from /home/airflow/.local/lib/python3.12/site-packages/airflow/example_dags/example_branch_python_dop_operator_3.py
[2026-08-03T20:39:59.653+0000] {logging_mixin.py:188} INFO - [2026-08-03T20:39:59.652+0000] {dag.py:3089} INFO - Sync 1 DAGs
[2026-08-03T20:40:00.143+0000] {logging_mixin.py:188} INFO - [2026-08-03T20:40:00.131+0000] {dag.py:3947} INFO - Setting next_dagrun for example_branch_dop_operator_v3 to 2026-08-03 20:39:00+00:00, run_after=2026-08-03 20:40:00+00:00
[2026-08-03T20:40:00.514+0000] {processor.py:183} INFO - Processing /home/airflow/.local/lib/python3.12/site-packages/airflow/example_dags/example_branch_python_dop_operator_3.py took 1.461 seconds
[2026-08-03T20:40:34.301+0000] {processor.py:161} INFO - Started process (PID=298) to work on /home/airflow/.local/lib/python3.12/site-packages/airflow/example_dags/example_branch_python_dop_operator_3.py
[2026-08-03T20:40:34.308+0000] {processor.py:830} INFO - Processing file /home/airflow/.local/lib/python3.12/site-packages/airflow/example_dags/example_branch_python_dop_operator_3.py for tasks to queue
[2026-08-03T20:40:34.314+0000] {logging_mixin.py:188} INFO - [2026-08-03T20:40:34.313+0000] {dagbag.py:545} INFO - Filling up the DagBag from /home/airflow/.local/lib/python3.12/site-packages/airflow/example_dags/example_branch_python_dop_operator_3.py
[2026-08-03T20:40:34.368+0000] {processor.py:840} INFO - DAG(s) 'example_branch_dop_operator_v3' retrieved from /home/airflow/.local/lib/python3.12/site-packages/airflow/example_dags/example_branch_python_dop_operator_3.py
[2026-08-03T20:40:34.490+0000] {logging_mixin.py:188} INFO - [2026-08-03T20:40:34.489+0000] {dag.py:3089} INFO - Sync 1 DAGs
[2026-08-03T20:40:34.557+0000] {logging_mixin.py:188} INFO - [2026-08-03T20:40:34.557+0000] {dag.py:3947} INFO - Setting next_dagrun for example_branch_dop_operator_v3 to 2026-08-03 20:39:00+00:00, run_after=2026-08-03 20:40:00+00:00
[2026-08-03T20:40:34.605+0000] {processor.py:183} INFO - Processing /home/airflow/.local/lib/python3.12/site-packages/airflow/example_dags/example_branch_python_dop_operator_3.py took 0.330 seconds
[2026-08-03T20:41:10.999+0000] {processor.py:161} INFO - Started process (PID=363) to work on /home/airflow/.local/lib/python3.12/site-packages/airflow/example_dags/example_branch_python_dop_operator_3.py
[2026-08-03T20:41:11.009+0000] {processor.py:830} INFO - Processing file /home/airflow/.local/lib/python3.12/site-packages/airflow/example_dags/example_branch_python_dop_operator_3.py for tasks to queue
[2026-08-03T20:41:11.016+0000] {logging_mixin.py:188} INFO - [2026-08-03T20:41:11.011+0000] {dagbag.py:545} INFO - Filling up the DagBag from /home/airflow/.local/lib/python3.12/site-packages/airflow/example_dags/example_branch_python_dop_operator_3.py
[2026-08-03T20:41:11.066+0000] {processor.py:840} INFO - DAG(s) 'example_branch_dop_operator_v3' retrieved from /home/airflow/.local/lib/python3.12/site-packages/airflow/example_dags/example_branch_python_dop_operator_3.py
[2026-08-03T20:41:11.138+0000] {logging_mixin.py:188} INFO - [2026-08-03T20:41:11.137+0000] {dag.py:3089} INFO - Sync 1 DAGs
[2026-08-03T20:41:11.223+0000] {logging_mixin.py:188} INFO - [2026-08-03T20:41:11.223+0000] {dag.py:3947} INFO - Setting next_dagrun for example_branch_dop_operator_v3 to 2026-08-03 20:40:00+00:00, run_after=2026-08-03 20:41:00+00:00
[2026-08-03T20:41:11.283+0000] {processor.py:183} INFO - Processing /home/airflow/.local/lib/python3.12/site-packages/airflow/example_dags/example_branch_python_dop_operator_3.py took 0.315 seconds
[2026-08-03T20:41:45.568+0000] {processor.py:161} INFO - Started process (PID=435) to work on /home/airflow/.local/lib/python3.12/site-packages/airflow/example_dags/example_branch_python_dop_operator_3.py
[2026-08-03T20:41:45.573+0000] {processor.py:830} INFO - Processing file /home/airflow/.local/lib/python3.12/site-packages/airflow/example_dags/example_branch_python_dop_operator_3.py for tasks to queue
[2026-08-03T20:41:45.579+0000] {logging_mixin.py:188} INFO - [2026-08-03T20:41:45.577+0000] {dagbag.py:545} INFO - Filling up the DagBag from /home/airflow/.local/lib/python3.12/site-packages/airflow/example_dags/example_branch_python_dop_operator_3.py
[2026-08-03T20:41:45.619+0000] {processor.py:840} INFO - DAG(s) 'example_branch_dop_operator_v3' retrieved from /home/airflow/.local/lib/python3.12/site-packages/airflow/example_dags/example_branch_python_dop_operator_3.py
[2026-08-03T20:41:45.736+0000] {logging_mixin.py:188} INFO - [2026-08-03T20:41:45.734+0000] {dag.py:3089} INFO - Sync 1 DAGs
[2026-08-03T20:41:46.105+0000] {logging_mixin.py:188} INFO - [2026-08-03T20:41:46.105+0000] {dag.py:3947} INFO - Setting next_dagrun for example_branch_dop_operator_v3 to 2026-08-03 20:40:00+00:00, run_after=2026-08-03 20:41:00+00:00
[2026-08-03T20:41:46.205+0000] {processor.py:183} INFO - Processing /home/airflow/.local/lib/python3.12/site-packages/airflow/example_dags/example_branch_python_dop_operator_3.py took 0.659 seconds
[2026-08-03T20:42:44.359+0000] {processor.py:161} INFO - Started process (PID=516) to work on /home/airflow/.local/lib/python3.12/site-packages/airflow/example_dags/example_branch_python_dop_operator_3.py
[2026-08-03T20:42:44.552+0000] {processor.py:830} INFO - Processing file /home/airflow/.local/lib/python3.12/site-packages/airflow/example_dags/example_branch_python_dop_operator_3.py for tasks to queue
[2026-08-03T20:42:44.616+0000] {logging_mixin.py:188} INFO - [2026-08-03T20:42:44.615+0000] {dagbag.py:545} INFO - Filling up the DagBag from /home/airflow/.local/lib/python3.12/site-packages/airflow/example_dags/example_branch_python_dop_operator_3.py
[2026-08-03T20:42:44.938+0000] {processor.py:840} INFO - DAG(s) 'example_branch_dop_operator_v3' retrieved from /home/airflow/.local/lib/python3.12/site-packages/airflow/example_dags/example_branch_python_dop_operator_3.py
[2026-08-03T20:42:45.503+0000] {logging_mixin.py:188} INFO - [2026-08-03T20:42:45.502+0000] {dag.py:3089} INFO - Sync 1 DAGs
[2026-08-03T20:42:45.917+0000] {logging_mixin.py:188} INFO - [2026-08-03T20:42:45.916+0000] {dag.py:3947} INFO - Setting next_dagrun for example_branch_dop_operator_v3 to 2026-08-03 20:41:00+00:00, run_after=2026-08-03 20:42:00+00:00
[2026-08-03T20:42:46.159+0000] {processor.py:183} INFO - Processing /home/airflow/.local/lib/python3.12/site-packages/airflow/example_dags/example_branch_python_dop_operator_3.py took 1.962 seconds
[2026-08-03T20:43:32.046+0000] {processor.py:161} INFO - Started process (PID=587) to work on /home/airflow/.local/lib/python3.12/site-packages/airflow/example_dags/example_branch_python_dop_operator_3.py
[2026-08-03T20:43:32.050+0000] {processor.py:830} INFO - Processing file /home/airflow/.local/lib/python3.12/site-packages/airflow/example_dags/example_branch_python_dop_operator_3.py for tasks to queue
[2026-08-03T20:43:32.063+0000] {logging_mixin.py:188} INFO - [2026-08-03T20:43:32.062+0000] {dagbag.py:545} INFO - Filling up the DagBag from /home/airflow/.local/lib/python3.12/site-packages/airflow/example_dags/example_branch_python_dop_operator_3.py
[2026-08-03T20:43:32.096+0000] {processor.py:840} INFO - DAG(s) 'example_branch_dop_operator_v3' retrieved from /home/airflow/.local/lib/python3.12/site-packages/airflow/example_dags/example_branch_python_dop_operator_3.py
[2026-08-03T20:43:32.181+0000] {logging_mixin.py:188} INFO - [2026-08-03T20:43:32.181+0000] {dag.py:3089} INFO - Sync 1 DAGs
[2026-08-03T20:43:32.256+0000] {logging_mixin.py:188} INFO - [2026-08-03T20:43:32.256+0000] {dag.py:3947} INFO - Setting next_dagrun for example_branch_dop_operator_v3 to 2026-08-03 20:42:00+00:00, run_after=2026-08-03 20:43:00+00:00
[2026-08-03T20:43:32.318+0000] {processor.py:183} INFO - Processing /home/airflow/.local/lib/python3.12/site-packages/airflow/example_dags/example_branch_python_dop_operator_3.py took 0.305 seconds
[2026-08-03T20:44:19.327+0000] {processor.py:161} INFO - Started process (PID=666) to work on /home/airflow/.local/lib/python3.12/site-packages/airflow/example_dags/example_branch_python_dop_operator_3.py
[2026-08-03T20:44:19.348+0000] {processor.py:830} INFO - Processing file /home/airflow/.local/lib/python3.12/site-packages/airflow/example_dags/example_branch_python_dop_operator_3.py for tasks to queue
[2026-08-03T20:44:19.364+0000] {logging_mixin.py:188} INFO - [2026-08-03T20:44:19.363+0000] {dagbag.py:545} INFO - Filling up the DagBag from /home/airflow/.local/lib/python3.12/site-packages/airflow/example_dags/example_branch_python_dop_operator_3.py
[2026-08-03T20:44:19.433+0000] {processor.py:840} INFO - DAG(s) 'example_branch_dop_operator_v3' retrieved from /home/airflow/.local/lib/python3.12/site-packages/airflow/example_dags/example_branch_python_dop_operator_3.py
[2026-08-03T20:44:19.774+0000] {logging_mixin.py:188} INFO - [2026-08-03T20:44:19.738+0000] {dag.py:3089} INFO - Sync 1 DAGs
[2026-08-03T20:44:20.440+0000] {logging_mixin.py:188} INFO - [2026-08-03T20:44:20.440+0000] {dag.py:3947} INFO - Setting next_dagrun for example_branch_dop_operator_v3 to 2026-08-03 20:43:00+00:00, run_after=2026-08-03 20:44:00+00:00
[2026-08-03T20:44:21.172+0000] {processor.py:183} INFO - Processing /home/airflow/.local/lib/python3.12/site-packages/airflow/example_dags/example_branch_python_dop_operator_3.py took 1.873 seconds
[2026-08-03T20:45:08.267+0000] {processor.py:161} INFO - Started process (PID=739) to work on /home/airflow/.local/lib/python3.12/site-packages/airflow/example_dags/example_branch_python_dop_operator_3.py
[2026-08-03T20:45:08.284+0000] {processor.py:830} INFO - Processing file /home/airflow/.local/lib/python3.12/site-packages/airflow/example_dags/example_branch_python_dop_operator_3.py for tasks to queue
[2026-08-03T20:45:08.294+0000] {logging_mixin.py:188} INFO - [2026-08-03T20:45:08.293+0000] {dagbag.py:545} INFO - Filling up the DagBag from /home/airflow/.local/lib/python3.12/site-packages/airflow/example_dags/example_branch_python_dop_operator_3.py
[2026-08-03T20:45:08.437+0000] {processor.py:840} INFO - DAG(s) 'example_branch_dop_operator_v3' retrieved from /home/airflow/.local/lib/python3.12/site-packages/airflow/example_dags/example_branch_python_dop_operator_3.py
[2026-08-03T20:45:08.737+0000] {logging_mixin.py:188} INFO - [2026-08-03T20:45:08.736+0000] {dag.py:3089} INFO - Sync 1 DAGs
[2026-08-03T20:45:09.155+0000] {logging_mixin.py:188} INFO - [2026-08-03T20:45:09.155+0000] {dag.py:3947} INFO - Setting next_dagrun for example_branch_dop_operator_v3 to 2026-08-03 20:44:00+00:00, run_after=2026-08-03 20:45:00+00:00
[2026-08-03T20:45:09.435+0000] {processor.py:183} INFO - Processing /home/airflow/.local/lib/python3.12/site-packages/airflow/example_dags/example_branch_python_dop_operator_3.py took 1.210 seconds
[2026-08-03T20:45:51.205+0000] {processor.py:161} INFO - Started process (PID=810) to work on /home/airflow/.local/lib/python3.12/site-packages/airflow/example_dags/example_branch_python_dop_operator_3.py
[2026-08-03T20:45:51.243+0000] {processor.py:830} INFO - Processing file /home/airflow/.local/lib/python3.12/site-packages/airflow/example_dags/example_branch_python_dop_operator_3.py for tasks to queue
[2026-08-03T20:45:51.265+0000] {logging_mixin.py:188} INFO - [2026-08-03T20:45:51.249+0000] {dagbag.py:545} INFO - Filling up the DagBag from /home/airflow/.local/lib/python3.12/site-packages/airflow/example_dags/example_branch_python_dop_operator_3.py
[2026-08-03T20:45:51.347+0000] {processor.py:840} INFO - DAG(s) 'example_branch_dop_operator_v3' retrieved from /home/airflow/.local/lib/python3.12/site-packages/airflow/example_dags/example_branch_python_dop_operator_3.py
[2026-08-03T20:45:51.514+0000] {logging_mixin.py:188} INFO - [2026-08-03T20:45:51.514+0000] {dag.py:3089} INFO - Sync 1 DAGs
[2026-08-03T20:45:51.688+0000] {logging_mixin.py:188} INFO - [2026-08-03T20:45:51.687+0000] {dag.py:3947} INFO - Setting next_dagrun for example_branch_dop_operator_v3 to 2026-08-03 20:44:00+00:00, run_after=2026-08-03 20:45:00+00:00
[2026-08-03T20:45:51.836+0000] {processor.py:183} INFO - Processing /home/airflow/.local/lib/python3.12/site-packages/airflow/example_dags/example_branch_python_dop_operator_3.py took 0.681 seconds
[2026-08-03T20:46:34.877+0000] {processor.py:161} INFO - Started process (PID=889) to work on /home/airflow/.local/lib/python3.12/site-packages/airflow/example_dags/example_branch_python_dop_operator_3.py
[2026-08-03T20:46:34.882+0000] {processor.py:830} INFO - Processing file /home/airflow/.local/lib/python3.12/site-packages/airflow/example_dags/example_branch_python_dop_operator_3.py for tasks to queue
[2026-08-03T20:46:34.889+0000] {logging_mixin.py:188} INFO - [2026-08-03T20:46:34.888+0000] {dagbag.py:545} INFO - Filling up the DagBag from /home/airflow/.local/lib/python3.12/site-packages/airflow/example_dags/example_branch_python_dop_operator_3.py
[2026-08-03T20:46:34.956+0000] {processor.py:840} INFO - DAG(s) 'example_branch_dop_operator_v3' retrieved from /home/airflow/.local/lib/python3.12/site-packages/airflow/example_dags/example_branch_python_dop_operator_3.py
[2026-08-03T20:46:35.260+0000] {logging_mixin.py:188} INFO - [2026-08-03T20:46:35.260+0000] {dag.py:3089} INFO - Sync 1 DAGs
[2026-08-03T20:46:35.348+0000] {logging_mixin.py:188} INFO - [2026-08-03T20:46:35.347+0000] {dag.py:3947} INFO - Setting next_dagrun for example_branch_dop_operator_v3 to 2026-08-03 20:45:00+00:00, run_after=2026-08-03 20:46:00+00:00
[2026-08-03T20:46:35.591+0000] {processor.py:183} INFO - Processing /home/airflow/.local/lib/python3.12/site-packages/airflow/example_dags/example_branch_python_dop_operator_3.py took 0.745 seconds
[2026-08-03T20:47:07.768+0000] {processor.py:161} INFO - Started process (PID=955) to work on /home/airflow/.local/lib/python3.12/site-packages/airflow/example_dags/example_branch_python_dop_operator_3.py
[2026-08-03T20:47:07.811+0000] {processor.py:830} INFO - Processing file /home/airflow/.local/lib/python3.12/site-packages/airflow/example_dags/example_branch_python_dop_operator_3.py for tasks to queue
[2026-08-03T20:47:07.835+0000] {logging_mixin.py:188} INFO - [2026-08-03T20:47:07.834+0000] {dagbag.py:545} INFO - Filling up the DagBag from /home/airflow/.local/lib/python3.12/site-packages/airflow/example_dags/example_branch_python_dop_operator_3.py
[2026-08-03T20:47:08.029+0000] {processor.py:840} INFO - DAG(s) 'example_branch_dop_operator_v3' retrieved from /home/airflow/.local/lib/python3.12/site-packages/airflow/example_dags/example_branch_python_dop_operator_3.py
[2026-08-03T20:47:08.415+0000] {logging_mixin.py:188} INFO - [2026-08-03T20:47:08.414+0000] {dag.py:3089} INFO - Sync 1 DAGs
[2026-08-03T20:47:08.532+0000] {logging_mixin.py:188} INFO - [2026-08-03T20:47:08.531+0000] {dag.py:3947} INFO - Setting next_dagrun for example_branch_dop_operator_v3 to 2026-08-03 20:46:00+00:00, run_after=2026-08-03 20:47:00+00:00
[2026-08-03T20:47:08.601+0000] {processor.py:183} INFO - Processing /home/airflow/.local/lib/python3.12/site-packages/airflow/example_dags/example_branch_python_dop_operator_3.py took 1.032 seconds
