[2026-08-03T20:38:09.641+0000] {processor.py:161} INFO - Started process (PID=90) to work on /home/airflow/.local/lib/python3.12/site-packages/airflow/example_dags/tutorial.py
[2026-08-03T20:38:09.679+0000] {processor.py:830} INFO - Processing file /home/airflow/.local/lib/python3.12/site-packages/airflow/example_dags/tutorial.py for tasks to queue
[2026-08-03T20:38:09.735+0000] {logging_mixin.py:188} INFO - [2026-08-03T20:38:09.728+0000] {dagbag.py:545} INFO - Filling up the DagBag from /home/airflow/.local/lib/python3.12/site-packages/airflow/example_dags/tutorial.py
[2026-08-03T20:38:09.863+0000] {processor.py:840} INFO - DAG(s) 'tutorial' retrieved from /home/airflow/.local/lib/python3.12/site-packages/airflow/example_dags/tutorial.py
[2026-08-03T20:38:11.518+0000] {logging_mixin.py:188} INFO - [2026-08-03T20:38:11.510+0000] {dag.py:3089} INFO - Sync 1 DAGs
[2026-08-03T20:38:11.969+0000] {logging_mixin.py:188} INFO - [2026-08-03T20:38:11.968+0000] {dag.py:3947} INFO - Setting next_dagrun for tutorial to 2026-08-02 00:00:00+00:00, run_after=2026-08-03 00:00:00+00:00
[2026-08-03T20:38:12.484+0000] {processor.py:183} INFO - Processing /home/airflow/.local/lib/python3.12/site-packages/airflow/example_dags/tutorial.py took 2.876 seconds
[2026-08-03T20:39:34.034+0000] {processor.py:161} INFO - Started process (PID=180) to work on /home/airflow/.local/lib/python3.12/site-packages/airflow/example_dags/tutorial.py
[2026-08-03T20:39:34.039+0000] {processor.py:830} INFO - Processing file /home/airflow/.local/lib/python3.12/site-packages/airflow/example_dags/tutorial.py for tasks to queue
[2026-08-03T20:39:34.043+0000] {logging_mixin.py:188} INFO - [2026-08-03T20:39:34.041+0000] {dagbag.py:545} INFO - Filling up the DagBag from /home/airflow/.local/lib/python3.12/site-packages/airflow/example_dags/tutorial.py
[2026-08-03T20:39:34.105+0000] {processor.py:840} INFO - DAG(s) 'tutorial' retrieved from /home/airflow/.local/lib/python3.12/site-packages/airflow/example_dags/tutorial.py
[2026-08-03T20:39:34.254+0000] {logging_mixin.py:188} INFO - [2026-08-03T20:39:34.253+0000] {dag.py:3089} INFO - Sync 1 DAGs
[2026-08-03T20:39:34.407+0000] {logging_mixin.py:188} INFO - [2026-08-03T20:39:34.407+0000] {dag.py:3947} INFO - Setting next_dagrun for tutorial to 2026-08-02 00:00:00+00:00, run_after=2026-08-03 00:00:00+00:00
[2026-08-03T20:39:34.485+0000] {processor.py:183} INFO - Processing /home/airflow/.local/lib/python3.12/site-packages/airflow/example_dags/tutorial.py took 0.481 seconds
[2026-08-03T20:40:09.486+0000] {processor.py:161} INFO - Started process (PID=243) to work on /home/airflow/.local/lib/python3.12/site-packages/airflow/example_dags/tutorial.py
[2026-08-03T20:40:09.515+0000] {processor.py:830} INFO - Processing file /home/airflow/.local/lib/python3.12/site-packages/airflow/example_dags/tutorial.py for tasks to queue
[2026-08-03T20:40:09.550+0000] {logging_mixin.py:188} INFO - [2026-08-03T20:40:09.549+0000] {dagbag.py:545} INFO - Filling up the DagBag from /home/airflow/.local/lib/python3.12/site-packages/airflow/example_dags/tutorial.py
[2026-08-03T20:40:09.741+0000] {processor.py:840} INFO - DAG(s) 'tutorial' retrieved from /home/airflow/.local/lib/python3.12/site-packages/airflow/example_dags/tutorial.py
[2026-08-03T20:40:09.990+0000] {logging_mixin.py:188} INFO - [2026-08-03T20:40:09.990+0000] {dag.py:3089} INFO - Sync 1 DAGs
[2026-08-03T20:40:10.236+0000] {logging_mixin.py:188} INFO - [2026-08-03T20:40:10.235+0000] {dag.py:3947} INFO - Setting next_dagrun for tutorial to 2026-08-02 00:00:00+00:00, run_after=2026-08-03 00:00:00+00:00
[2026-08-03T20:40:10.441+0000] {processor.py:183} INFO - Processing /home/airflow/.local/lib/python3.12/site-packages/airflow/example_dags/tutorial.py took 1.073 seconds
[2026-08-03T20:40:41.359+0000] {processor.py:161} INFO - Started process (PID=315) to work on /home/airflow/.local/lib/python3.12/site-packages/airflow/example_dags/tutorial.py
[2026-08-03T20:40:41.377+0000] {processor.py:830} INFO - Processing file /home/airflow/.local/lib/python3.12/site-packages/airflow/example_dags/tutorial.py for tasks to queue
[2026-08-03T20:40:41.387+0000] {logging_mixin.py:188} INFO - [2026-08-03T20:40:41.380+0000] {dagbag.py:545} INFO - Filling up the DagBag from /home/airflow/.local/lib/python3.12/site-packages/airflow/example_dags/tutorial.py
[2026-08-03T20:40:41.435+0000] {processor.py:840} INFO - DAG(s) 'tutorial' retrieved from /home/airflow/.local/lib/python3.12/site-packages/airflow/example_dags/tutorial.py
[2026-08-03T20:40:41.608+0000] {logging_mixin.py:188} INFO - [2026-08-03T20:40:41.608+0000] {dag.py:3089} INFO - Sync 1 DAGs
[2026-08-03T20:40:41.817+0000] {logging_mixin.py:188} INFO - [2026-08-03T20:40:41.816+0000] {dag.py:3947} INFO - Setting next_dagrun for tutorial to 2026-08-02 00:00:00+00:00, run_after=2026-08-03 00:00:00+00:00
[2026-08-03T20:40:41.895+0000] {processor.py:183} INFO - Processing /home/airflow/.local/lib/python3.12/site-packages/airflow/example_dags/tutorial.py took 0.567 seconds
[2026-08-03T20:41:12.362+0000] {processor.py:161} INFO - Started process (PID=367) to work on /home/airflow/.local/lib/python3.12/site-packages/airflow/example_dags/tutorial.py
[2026-08-03T20:41:12.365+0000] {processor.py:830} INFO - Processing file /home/airflow/.local/lib/python3.12/site-packages/airflow/example_dags/tutorial.py for tasks to queue
[2026-08-03T20:41:12.369+0000] {logging_mixin.py:188} INFO - [2026-08-03T20:41:12.368+0000] {dagbag.py:545} INFO - Filling up the DagBag from /home/airflow/.local/lib/python3.12/site-packages/airflow/example_dags/tutorial.py
[2026-08-03T20:41:12.396+0000] {processor.py:840} INFO - DAG(s) 'tutorial' retrieved from /home/airflow/.local/lib/python3.12/site-packages/airflow/example_dags/tutorial.py
[2026-08-03T20:41:12.482+0000] {logging_mixin.py:188} INFO - [2026-08-03T20:41:12.482+0000] {dag.py:3089} INFO - Sync 1 DAGs
[2026-08-03T20:41:12.587+0000] {logging_mixin.py:188} INFO - [2026-08-03T20:41:12.586+0000] {dag.py:3947} INFO - Setting next_dagrun for tutorial to 2026-08-02 00:00:00+00:00, run_after=2026-08-03 00:00:00+00:00
[2026-08-03T20:41:12.655+0000] {processor.py:183} INFO - Processing /home/airflow/.local/lib/python3.12/site-packages/airflow/example_dags/tutorial.py took 0.314 seconds
[2026-08-03T20:41:44.661+0000] {processor.py:161} INFO - Started process (PID=433) to work on /home/airflow/.local/lib/python3.12/site-packages/airflow/example_dags/tutorial.py
[2026-08-03T20:41:44.684+0000] {processor.py:830} INFO - Processing file /home/airflow/.local/lib/python3.12/site-packages/airflow/example_dags/tutorial.py for tasks to queue
[2026-08-03T20:41:44.688+0000] {logging_mixin.py:188} INFO - [2026-08-03T20:41:44.687+0000] {dagbag.py:545} INFO - Filling up the DagBag from /home/airflow/.local/lib/python3.12/site-packages/airflow/example_dags/tutorial.py
[2026-08-03T20:41:44.776+0000] {processor.py:840} INFO - DAG(s) 'tutorial' retrieved from /home/airflow/.local/lib/python3.12/site-packages/airflow/example_dags/tutorial.py
[2026-08-03T20:41:44.946+0000] {logging_mixin.py:188} INFO - [2026-08-03T20:41:44.945+0000] {dag.py:3089} INFO - Sync 1 DAGs
[2026-08-03T20:41:45.141+0000] {logging_mixin.py:188} INFO - [2026-08-03T20:41:45.140+0000] {dag.py:3947} INFO - Setting next_dagrun for tutorial to 2026-08-02 00:00:00+00:00, run_after=2026-08-03 00:00:00+00:00
[2026-08-03T20:41:45.369+0000] {processor.py:183} INFO - Processing /home/airflow/.local/lib/python3.12/site-packages/airflow/example_dags/tutorial.py took 0.774 seconds
[2026-08-03T20:42:24.185+0000] {processor.py:161} INFO - Started process (PID=490) to work on /home/airflow/.local/lib/python3.12/site-packages/airflow/example_dags/tutorial.py
[2026-08-03T20:42:24.204+0000] {processor.py:830} INFO - Processing file /home/airflow/.local/lib/python3.12/site-packages/airflow/example_dags/tutorial.py for tasks to queue
[2026-08-03T20:42:24.222+0000] {logging_mixin.py:188} INFO - [2026-08-03T20:42:24.221+0000] {dagbag.py:545} INFO - Filling up the DagBag from /home/airflow/.local/lib/python3.12/site-packages/airflow/example_dags/tutorial.py
[2026-08-03T20:42:24.363+0000] {processor.py:840} INFO - DAG(s) 'tutorial' retrieved from /home/airflow/.local/lib/python3.12/site-packages/airflow/example_dags/tutorial.py
[2026-08-03T20:42:24.573+0000] {logging_mixin.py:188} INFO - [2026-08-03T20:42:24.572+0000] {dag.py:3089} INFO - Sync 1 DAGs
[2026-08-03T20:42:25.012+0000] {logging_mixin.py:188} INFO - [2026-08-03T20:42:25.011+0000] {dag.py:3947} INFO - Setting next_dagrun for tutorial to 2026-08-02 00:00:00+00:00, run_after=2026-08-03 00:00:00+00:00
[2026-08-03T20:42:25.216+0000] {processor.py:183} INFO - Processing /home/airflow/.local/lib/python3.12/site-packages/airflow/example_dags/tutorial.py took 1.126 seconds
[2026-08-03T20:43:08.243+0000] {processor.py:161} INFO - Started process (PID=537) to work on /home/airflow/.local/lib/python3.12/site-packages/airflow/example_dags/tutorial.py
[2026-08-03T20:43:08.251+0000] {processor.py:830} INFO - Processing file /home/airflow/.local/lib/python3.12/site-packages/airflow/example_dags/tutorial.py for tasks to queue
[2026-08-03T20:43:08.262+0000] {logging_mixin.py:188} INFO - [2026-08-03T20:43:08.261+0000] {dagbag.py:545} INFO - Filling up the DagBag from /home/airflow/.local/lib/python3.12/site-packages/airflow/example_dags/tutorial.py
[2026-08-03T20:43:08.390+0000] {processor.py:840} INFO - DAG(s) 'tutorial' retrieved from /home/airflow/.local/lib/python3.12/site-packages/airflow/example_dags/tutorial.py
[2026-08-03T20:43:08.534+0000] {logging_mixin.py:188} INFO - [2026-08-03T20:43:08.529+0000] {dag.py:3089} INFO - Sync 1 DAGs
[2026-08-03T20:43:08.643+0000] {logging_mixin.py:188} INFO - [2026-08-03T20:43:08.642+0000] {dag.py:3947} INFO - Setting next_dagrun for tutorial to 2026-08-02 00:00:00+00:00, run_after=2026-08-03 00:00:00+00:00
[2026-08-03T20:43:08.740+0000] {processor.py:183} INFO - Processing /home/airflow/.local/lib/python3.12/site-packages/airflow/example_dags/tutorial.py took 0.526 seconds
[2026-08-03T20:43:44.991+0000] {processor.py:161} INFO - Started process (PID=609) to work on /home/airflow/.local/lib/python3.12/site-packages/airflow/example_dags/tutorial.py
[2026-08-03T20:43:44.999+0000] {processor.py:830} INFO - Processing file /home/airflow/.local/lib/python3.12/site-packages/airflow/example_dags/tutorial.py for tasks to queue
[2026-08-03T20:43:45.009+0000] {logging_mixin.py:188} INFO - [2026-08-03T20:43:45.002+0000] {dagbag.py:545} INFO - Filling up the DagBag from /home/airflow/.local/lib/python3.12/site-packages/airflow/example_dags/tutorial.py
[2026-08-03T20:43:45.061+0000] {processor.py:840} INFO - DAG(s) 'tutorial' retrieved from /home/airflow/.local/lib/python3.12/site-packages/airflow/example_dags/tutorial.py
[2026-08-03T20:43:45.295+0000] {logging_mixin.py:188} INFO - [2026-08-03T20:43:45.294+0000] {dag.py:3089} INFO - Sync 1 DAGs
[2026-08-03T20:43:45.665+0000] {logging_mixin.py:188} INFO - [2026-08-03T20:43:45.664+0000] {dag.py:3947} INFO - Setting next_dagrun for tutorial to 2026-08-02 00:00:00+00:00, run_after=2026-08-03 00:00:00+00:00
[2026-08-03T20:43:45.801+0000] {processor.py:183} INFO - Processing /home/airflow/.local/lib/python3.12/site-packages/airflow/example_dags/tutorial.py took 0.841 seconds
[2026-08-03T20:44:36.080+0000] {processor.py:161} INFO - Started process (PID=681) to work on /home/airflow/.local/lib/python3.12/site-packages/airflow/example_dags/tutorial.py
[2026-08-03T20:44:36.091+0000] {processor.py:830} INFO - Processing file /home/airflow/.local/lib/python3.12/site-packages/airflow/example_dags/tutorial.py for tasks to queue
[2026-08-03T20:44:36.108+0000] {logging_mixin.py:188} INFO - [2026-08-03T20:44:36.107+0000] {dagbag.py:545} INFO - Filling up the DagBag from /home/airflow/.local/lib/python3.12/site-packages/airflow/example_dags/tutorial.py
[2026-08-03T20:44:36.221+0000] {processor.py:840} INFO - DAG(s) 'tutorial' retrieved from /home/airflow/.local/lib/python3.12/site-packages/airflow/example_dags/tutorial.py
[2026-08-03T20:44:36.427+0000] {logging_mixin.py:188} INFO - [2026-08-03T20:44:36.426+0000] {dag.py:3089} INFO - Sync 1 DAGs
[2026-08-03T20:44:36.637+0000] {logging_mixin.py:188} INFO - [2026-08-03T20:44:36.636+0000] {dag.py:3947} INFO - Setting next_dagrun for tutorial to 2026-08-02 00:00:00+00:00, run_after=2026-08-03 00:00:00+00:00
[2026-08-03T20:44:36.820+0000] {processor.py:183} INFO - Processing /home/airflow/.local/lib/python3.12/site-packages/airflow/example_dags/tutorial.py took 0.770 seconds
[2026-08-03T20:45:20.844+0000] {processor.py:161} INFO - Started process (PID=761) to work on /home/airflow/.local/lib/python3.12/site-packages/airflow/example_dags/tutorial.py
[2026-08-03T20:45:20.855+0000] {processor.py:830} INFO - Processing file /home/airflow/.local/lib/python3.12/site-packages/airflow/example_dags/tutorial.py for tasks to queue
[2026-08-03T20:45:20.860+0000] {logging_mixin.py:188} INFO - [2026-08-03T20:45:20.858+0000] {dagbag.py:545} INFO - Filling up the DagBag from /home/airflow/.local/lib/python3.12/site-packages/airflow/example_dags/tutorial.py
[2026-08-03T20:45:21.217+0000] {processor.py:840} INFO - DAG(s) 'tutorial' retrieved from /home/airflow/.local/lib/python3.12/site-packages/airflow/example_dags/tutorial.py
[2026-08-03T20:45:21.416+0000] {logging_mixin.py:188} INFO - [2026-08-03T20:45:21.416+0000] {dag.py:3089} INFO - Sync 1 DAGs
[2026-08-03T20:45:21.628+0000] {logging_mixin.py:188} INFO - [2026-08-03T20:45:21.627+0000] {dag.py:3947} INFO - Setting next_dagrun for tutorial to 2026-08-02 00:00:00+00:00, run_after=2026-08-03 00:00:00+00:00
[2026-08-03T20:45:21.906+0000] {processor.py:183} INFO - Processing /home/airflow/.local/lib/python3.12/site-packages/airflow/example_dags/tutorial.py took 1.130 seconds
[2026-08-03T20:46:03.708+0000] {processor.py:161} INFO - Started process (PID=835) to work on /home/airflow/.local/lib/python3.12/site-packages/airflow/example_dags/tutorial.py
[2026-08-03T20:46:03.712+0000] {processor.py:830} INFO - Processing file /home/airflow/.local/lib/python3.12/site-packages/airflow/example_dags/tutorial.py for tasks to queue
[2026-08-03T20:46:03.721+0000] {logging_mixin.py:188} INFO - [2026-08-03T20:46:03.720+0000] {dagbag.py:545} INFO - Filling up the DagBag from /home/airflow/.local/lib/python3.12/site-packages/airflow/example_dags/tutorial.py
[2026-08-03T20:46:03.791+0000] {processor.py:840} INFO - DAG(s) 'tutorial' retrieved from /home/airflow/.local/lib/python3.12/site-packages/airflow/example_dags/tutorial.py
[2026-08-03T20:46:03.916+0000] {logging_mixin.py:188} INFO - [2026-08-03T20:46:03.915+0000] {dag.py:3089} INFO - Sync 1 DAGs
[2026-08-03T20:46:04.171+0000] {logging_mixin.py:188} INFO - [2026-08-03T20:46:04.171+0000] {dag.py:3947} INFO - Setting next_dagrun for tutorial to 2026-08-02 00:00:00+00:00, run_after=2026-08-03 00:00:00+00:00
[2026-08-03T20:46:04.769+0000] {processor.py:183} INFO - Processing /home/airflow/.local/lib/python3.12/site-packages/airflow/example_dags/tutorial.py took 1.155 seconds
[2026-08-03T20:46:45.034+0000] {processor.py:161} INFO - Started process (PID=912) to work on /home/airflow/.local/lib/python3.12/site-packages/airflow/example_dags/tutorial.py
[2026-08-03T20:46:45.041+0000] {processor.py:830} INFO - Processing file /home/airflow/.local/lib/python3.12/site-packages/airflow/example_dags/tutorial.py for tasks to queue
[2026-08-03T20:46:45.047+0000] {logging_mixin.py:188} INFO - [2026-08-03T20:46:45.045+0000] {dagbag.py:545} INFO - Filling up the DagBag from /home/airflow/.local/lib/python3.12/site-packages/airflow/example_dags/tutorial.py
[2026-08-03T20:46:45.081+0000] {processor.py:840} INFO - DAG(s) 'tutorial' retrieved from /home/airflow/.local/lib/python3.12/site-packages/airflow/example_dags/tutorial.py
[2026-08-03T20:46:45.183+0000] {logging_mixin.py:188} INFO - [2026-08-03T20:46:45.182+0000] {dag.py:3089} INFO - Sync 1 DAGs
[2026-08-03T20:46:45.485+0000] {logging_mixin.py:188} INFO - [2026-08-03T20:46:45.484+0000] {dag.py:3947} INFO - Setting next_dagrun for tutorial to 2026-08-02 00:00:00+00:00, run_after=2026-08-03 00:00:00+00:00
[2026-08-03T20:46:45.852+0000] {processor.py:183} INFO - Processing /home/airflow/.local/lib/python3.12/site-packages/airflow/example_dags/tutorial.py took 0.832 seconds
[2026-08-03T20:47:17.152+0000] {processor.py:161} INFO - Started process (PID=969) to work on /home/airflow/.local/lib/python3.12/site-packages/airflow/example_dags/tutorial.py
[2026-08-03T20:47:17.157+0000] {processor.py:830} INFO - Processing file /home/airflow/.local/lib/python3.12/site-packages/airflow/example_dags/tutorial.py for tasks to queue
[2026-08-03T20:47:17.164+0000] {logging_mixin.py:188} INFO - [2026-08-03T20:47:17.162+0000] {dagbag.py:545} INFO - Filling up the DagBag from /home/airflow/.local/lib/python3.12/site-packages/airflow/example_dags/tutorial.py
[2026-08-03T20:47:17.210+0000] {processor.py:840} INFO - DAG(s) 'tutorial' retrieved from /home/airflow/.local/lib/python3.12/site-packages/airflow/example_dags/tutorial.py
[2026-08-03T20:47:17.300+0000] {logging_mixin.py:188} INFO - [2026-08-03T20:47:17.299+0000] {dag.py:3089} INFO - Sync 1 DAGs
[2026-08-03T20:47:17.435+0000] {logging_mixin.py:188} INFO - [2026-08-03T20:47:17.434+0000] {dag.py:3947} INFO - Setting next_dagrun for tutorial to 2026-08-02 00:00:00+00:00, run_after=2026-08-03 00:00:00+00:00
[2026-08-03T20:47:17.575+0000] {processor.py:183} INFO - Processing /home/airflow/.local/lib/python3.12/site-packages/airflow/example_dags/tutorial.py took 0.456 seconds
