[2026-08-03T20:38:32.130+0000] {processor.py:161} INFO - Started process (PID=120) to work on /home/airflow/.local/lib/python3.12/site-packages/airflow/example_dags/tutorial_taskflow_api.py
[2026-08-03T20:38:32.140+0000] {processor.py:830} INFO - Processing file /home/airflow/.local/lib/python3.12/site-packages/airflow/example_dags/tutorial_taskflow_api.py for tasks to queue
[2026-08-03T20:38:32.156+0000] {logging_mixin.py:188} INFO - [2026-08-03T20:38:32.155+0000] {dagbag.py:545} INFO - Filling up the DagBag from /home/airflow/.local/lib/python3.12/site-packages/airflow/example_dags/tutorial_taskflow_api.py
[2026-08-03T20:38:32.360+0000] {processor.py:840} INFO - DAG(s) 'tutorial_taskflow_api' retrieved from /home/airflow/.local/lib/python3.12/site-packages/airflow/example_dags/tutorial_taskflow_api.py
[2026-08-03T20:38:33.619+0000] {logging_mixin.py:188} INFO - [2026-08-03T20:38:33.618+0000] {dag.py:3089} INFO - Sync 1 DAGs
[2026-08-03T20:38:33.714+0000] {logging_mixin.py:188} INFO - [2026-08-03T20:38:33.708+0000] {dag.py:3947} INFO - Setting next_dagrun for tutorial_taskflow_api to None, run_after=None
[2026-08-03T20:38:33.906+0000] {processor.py:183} INFO - Processing /home/airflow/.local/lib/python3.12/site-packages/airflow/example_dags/tutorial_taskflow_api.py took 1.974 seconds
[2026-08-03T20:39:49.160+0000] {processor.py:161} INFO - Started process (PID=198) to work on /home/airflow/.local/lib/python3.12/site-packages/airflow/example_dags/tutorial_taskflow_api.py
[2026-08-03T20:39:49.164+0000] {processor.py:830} INFO - Processing file /home/airflow/.local/lib/python3.12/site-packages/airflow/example_dags/tutorial_taskflow_api.py for tasks to queue
[2026-08-03T20:39:49.168+0000] {logging_mixin.py:188} INFO - [2026-08-03T20:39:49.167+0000] {dagbag.py:545} INFO - Filling up the DagBag from /home/airflow/.local/lib/python3.12/site-packages/airflow/example_dags/tutorial_taskflow_api.py
[2026-08-03T20:39:49.320+0000] {processor.py:840} INFO - DAG(s) 'tutorial_taskflow_api' retrieved from /home/airflow/.local/lib/python3.12/site-packages/airflow/example_dags/tutorial_taskflow_api.py
[2026-08-03T20:39:49.493+0000] {logging_mixin.py:188} INFO - [2026-08-03T20:39:49.493+0000] {dag.py:3089} INFO - Sync 1 DAGs
[2026-08-03T20:39:49.543+0000] {logging_mixin.py:188} INFO - [2026-08-03T20:39:49.542+0000] {dag.py:3947} INFO - Setting next_dagrun for tutorial_taskflow_api to None, run_after=None
[2026-08-03T20:39:49.711+0000] {processor.py:183} INFO - Processing /home/airflow/.local/lib/python3.12/site-packages/airflow/example_dags/tutorial_taskflow_api.py took 0.582 seconds
[2026-08-03T20:40:28.701+0000] {processor.py:161} INFO - Started process (PID=273) to work on /home/airflow/.local/lib/python3.12/site-packages/airflow/example_dags/tutorial_taskflow_api.py
[2026-08-03T20:40:28.706+0000] {processor.py:830} INFO - Processing file /home/airflow/.local/lib/python3.12/site-packages/airflow/example_dags/tutorial_taskflow_api.py for tasks to queue
[2026-08-03T20:40:28.711+0000] {logging_mixin.py:188} INFO - [2026-08-03T20:40:28.710+0000] {dagbag.py:545} INFO - Filling up the DagBag from /home/airflow/.local/lib/python3.12/site-packages/airflow/example_dags/tutorial_taskflow_api.py
[2026-08-03T20:40:28.748+0000] {processor.py:840} INFO - DAG(s) 'tutorial_taskflow_api' retrieved from /home/airflow/.local/lib/python3.12/site-packages/airflow/example_dags/tutorial_taskflow_api.py
[2026-08-03T20:40:28.850+0000] {logging_mixin.py:188} INFO - [2026-08-03T20:40:28.849+0000] {dag.py:3089} INFO - Sync 1 DAGs
[2026-08-03T20:40:28.897+0000] {logging_mixin.py:188} INFO - [2026-08-03T20:40:28.896+0000] {dag.py:3947} INFO - Setting next_dagrun for tutorial_taskflow_api to None, run_after=None
[2026-08-03T20:40:28.989+0000] {processor.py:183} INFO - Processing /home/airflow/.local/lib/python3.12/site-packages/airflow/example_dags/tutorial_taskflow_api.py took 0.321 seconds
[2026-08-03T20:41:03.834+0000] {processor.py:161} INFO - Started process (PID=347) to work on /home/airflow/.local/lib/python3.12/site-packages/airflow/example_dags/tutorial_taskflow_api.py
[2026-08-03T20:41:03.854+0000] {processor.py:830} INFO - Processing file /home/airflow/.local/lib/python3.12/site-packages/airflow/example_dags/tutorial_taskflow_api.py for tasks to queue
[2026-08-03T20:41:03.870+0000] {logging_mixin.py:188} INFO - [2026-08-03T20:41:03.869+0000] {dagbag.py:545} INFO - Filling up the DagBag from /home/airflow/.local/lib/python3.12/site-packages/airflow/example_dags/tutorial_taskflow_api.py
[2026-08-03T20:41:04.123+0000] {processor.py:840} INFO - DAG(s) 'tutorial_taskflow_api' retrieved from /home/airflow/.local/lib/python3.12/site-packages/airflow/example_dags/tutorial_taskflow_api.py
[2026-08-03T20:41:04.277+0000] {logging_mixin.py:188} INFO - [2026-08-03T20:41:04.277+0000] {dag.py:3089} INFO - Sync 1 DAGs
[2026-08-03T20:41:04.314+0000] {logging_mixin.py:188} INFO - [2026-08-03T20:41:04.313+0000] {dag.py:3947} INFO - Setting next_dagrun for tutorial_taskflow_api to None, run_after=None
[2026-08-03T20:41:04.384+0000] {processor.py:183} INFO - Processing /home/airflow/.local/lib/python3.12/site-packages/airflow/example_dags/tutorial_taskflow_api.py took 0.651 seconds
[2026-08-03T20:41:35.382+0000] {processor.py:161} INFO - Started process (PID=418) to work on /home/airflow/.local/lib/python3.12/site-packages/airflow/example_dags/tutorial_taskflow_api.py
[2026-08-03T20:41:35.389+0000] {processor.py:830} INFO - Processing file /home/airflow/.local/lib/python3.12/site-packages/airflow/example_dags/tutorial_taskflow_api.py for tasks to queue
[2026-08-03T20:41:35.424+0000] {logging_mixin.py:188} INFO - [2026-08-03T20:41:35.423+0000] {dagbag.py:545} INFO - Filling up the DagBag from /home/airflow/.local/lib/python3.12/site-packages/airflow/example_dags/tutorial_taskflow_api.py
[2026-08-03T20:41:35.496+0000] {processor.py:840} INFO - DAG(s) 'tutorial_taskflow_api' retrieved from /home/airflow/.local/lib/python3.12/site-packages/airflow/example_dags/tutorial_taskflow_api.py
[2026-08-03T20:41:35.777+0000] {logging_mixin.py:188} INFO - [2026-08-03T20:41:35.758+0000] {dag.py:3089} INFO - Sync 1 DAGs
[2026-08-03T20:41:35.914+0000] {logging_mixin.py:188} INFO - [2026-08-03T20:41:35.914+0000] {dag.py:3947} INFO - Setting next_dagrun for tutorial_taskflow_api to None, run_after=None
[2026-08-03T20:41:36.017+0000] {processor.py:183} INFO - Processing /home/airflow/.local/lib/python3.12/site-packages/airflow/example_dags/tutorial_taskflow_api.py took 0.733 seconds
[2026-08-03T20:42:27.479+0000] {processor.py:161} INFO - Started process (PID=493) to work on /home/airflow/.local/lib/python3.12/site-packages/airflow/example_dags/tutorial_taskflow_api.py
[2026-08-03T20:42:27.504+0000] {processor.py:830} INFO - Processing file /home/airflow/.local/lib/python3.12/site-packages/airflow/example_dags/tutorial_taskflow_api.py for tasks to queue
[2026-08-03T20:42:27.590+0000] {logging_mixin.py:188} INFO - [2026-08-03T20:42:27.589+0000] {dagbag.py:545} INFO - Filling up the DagBag from /home/airflow/.local/lib/python3.12/site-packages/airflow/example_dags/tutorial_taskflow_api.py
[2026-08-03T20:42:27.750+0000] {processor.py:840} INFO - DAG(s) 'tutorial_taskflow_api' retrieved from /home/airflow/.local/lib/python3.12/site-packages/airflow/example_dags/tutorial_taskflow_api.py
[2026-08-03T20:42:28.205+0000] {logging_mixin.py:188} INFO - [2026-08-03T20:42:28.204+0000] {dag.py:3089} INFO - Sync 1 DAGs
[2026-08-03T20:42:28.431+0000] {logging_mixin.py:188} INFO - [2026-08-03T20:42:28.430+0000] {dag.py:3947} INFO - Setting next_dagrun for tutorial_taskflow_api to None, run_after=None
[2026-08-03T20:42:28.732+0000] {processor.py:183} INFO - Processing /home/airflow/.local/lib/python3.12/site-packages/airflow/example_dags/tutorial_taskflow_api.py took 1.375 seconds
[2026-08-03T20:43:24.112+0000] {processor.py:161} INFO - Started process (PID=571) to work on /home/airflow/.local/lib/python3.12/site-packages/airflow/example_dags/tutorial_taskflow_api.py
[2026-08-03T20:43:24.132+0000] {processor.py:830} INFO - Processing file /home/airflow/.local/lib/python3.12/site-packages/airflow/example_dags/tutorial_taskflow_api.py for tasks to queue
[2026-08-03T20:43:24.141+0000] {logging_mixin.py:188} INFO - [2026-08-03T20:43:24.140+0000] {dagbag.py:545} INFO - Filling up the DagBag from /home/airflow/.local/lib/python3.12/site-packages/airflow/example_dags/tutorial_taskflow_api.py
[2026-08-03T20:43:24.193+0000] {processor.py:840} INFO - DAG(s) 'tutorial_taskflow_api' retrieved from /home/airflow/.local/lib/python3.12/site-packages/airflow/example_dags/tutorial_taskflow_api.py
[2026-08-03T20:43:24.367+0000] {logging_mixin.py:188} INFO - [2026-08-03T20:43:24.367+0000] {dag.py:3089} INFO - Sync 1 DAGs
[2026-08-03T20:43:24.508+0000] {logging_mixin.py:188} INFO - [2026-08-03T20:43:24.507+0000] {dag.py:3947} INFO - Setting next_dagrun for tutorial_taskflow_api to None, run_after=None
[2026-08-03T20:43:24.599+0000] {processor.py:183} INFO - Processing /home/airflow/.local/lib/python3.12/site-packages/airflow/example_dags/tutorial_taskflow_api.py took 0.558 seconds
[2026-08-03T20:43:59.633+0000] {processor.py:161} INFO - Started process (PID=641) to work on /home/airflow/.local/lib/python3.12/site-packages/airflow/example_dags/tutorial_taskflow_api.py
[2026-08-03T20:43:59.689+0000] {processor.py:830} INFO - Processing file /home/airflow/.local/lib/python3.12/site-packages/airflow/example_dags/tutorial_taskflow_api.py for tasks to queue
[2026-08-03T20:43:59.704+0000] {logging_mixin.py:188} INFO - [2026-08-03T20:43:59.703+0000] {dagbag.py:545} INFO - Filling up the DagBag from /home/airflow/.local/lib/python3.12/site-packages/airflow/example_dags/tutorial_taskflow_api.py
[2026-08-03T20:43:59.853+0000] {processor.py:840} INFO - DAG(s) 'tutorial_taskflow_api' retrieved from /home/airflow/.local/lib/python3.12/site-packages/airflow/example_dags/tutorial_taskflow_api.py
[2026-08-03T20:43:59.965+0000] {logging_mixin.py:188} INFO - [2026-08-03T20:43:59.965+0000] {dag.py:3089} INFO - Sync 1 DAGs
[2026-08-03T20:44:00.015+0000] {logging_mixin.py:188} INFO - [2026-08-03T20:44:00.015+0000] {dag.py:3947} INFO - Setting next_dagrun for tutorial_taskflow_api to None, run_after=None
[2026-08-03T20:44:00.237+0000] {processor.py:183} INFO - Processing /home/airflow/.local/lib/python3.12/site-packages/airflow/example_dags/tutorial_taskflow_api.py took 0.730 seconds
[2026-08-03T20:44:51.262+0000] {processor.py:161} INFO - Started process (PID=711) to work on /home/airflow/.local/lib/python3.12/site-packages/airflow/example_dags/tutorial_taskflow_api.py
[2026-08-03T20:44:51.268+0000] {processor.py:830} INFO - Processing file /home/airflow/.local/lib/python3.12/site-packages/airflow/example_dags/tutorial_taskflow_api.py for tasks to queue
[2026-08-03T20:44:51.280+0000] {logging_mixin.py:188} INFO - [2026-08-03T20:44:51.279+0000] {dagbag.py:545} INFO - Filling up the DagBag from /home/airflow/.local/lib/python3.12/site-packages/airflow/example_dags/tutorial_taskflow_api.py
[2026-08-03T20:44:51.370+0000] {processor.py:840} INFO - DAG(s) 'tutorial_taskflow_api' retrieved from /home/airflow/.local/lib/python3.12/site-packages/airflow/example_dags/tutorial_taskflow_api.py
[2026-08-03T20:44:51.498+0000] {logging_mixin.py:188} INFO - [2026-08-03T20:44:51.497+0000] {dag.py:3089} INFO - Sync 1 DAGs
[2026-08-03T20:44:51.583+0000] {logging_mixin.py:188} INFO - [2026-08-03T20:44:51.583+0000] {dag.py:3947} INFO - Setting next_dagrun for tutorial_taskflow_api to None, run_after=None
[2026-08-03T20:44:51.698+0000] {processor.py:183} INFO - Processing /home/airflow/.local/lib/python3.12/site-packages/airflow/example_dags/tutorial_taskflow_api.py took 0.544 seconds
[2026-08-03T20:45:35.199+0000] {processor.py:161} INFO - Started process (PID=780) to work on /home/airflow/.local/lib/python3.12/site-packages/airflow/example_dags/tutorial_taskflow_api.py
[2026-08-03T20:45:35.207+0000] {processor.py:830} INFO - Processing file /home/airflow/.local/lib/python3.12/site-packages/airflow/example_dags/tutorial_taskflow_api.py for tasks to queue
[2026-08-03T20:45:35.225+0000] {logging_mixin.py:188} INFO - [2026-08-03T20:45:35.224+0000] {dagbag.py:545} INFO - Filling up the DagBag from /home/airflow/.local/lib/python3.12/site-packages/airflow/example_dags/tutorial_taskflow_api.py
[2026-08-03T20:45:35.297+0000] {processor.py:840} INFO - DAG(s) 'tutorial_taskflow_api' retrieved from /home/airflow/.local/lib/python3.12/site-packages/airflow/example_dags/tutorial_taskflow_api.py
[2026-08-03T20:45:35.561+0000] {logging_mixin.py:188} INFO - [2026-08-03T20:45:35.560+0000] {dag.py:3089} INFO - Sync 1 DAGs
[2026-08-03T20:45:35.736+0000] {logging_mixin.py:188} INFO - [2026-08-03T20:45:35.736+0000] {dag.py:3947} INFO - Setting next_dagrun for tutorial_taskflow_api to None, run_after=None
[2026-08-03T20:45:35.938+0000] {processor.py:183} INFO - Processing /home/airflow/.local/lib/python3.12/site-packages/airflow/example_dags/tutorial_taskflow_api.py took 0.788 seconds
[2026-08-03T20:46:19.920+0000] {processor.py:161} INFO - Started process (PID=861) to work on /home/airflow/.local/lib/python3.12/site-packages/airflow/example_dags/tutorial_taskflow_api.py
[2026-08-03T20:46:19.936+0000] {processor.py:830} INFO - Processing file /home/airflow/.local/lib/python3.12/site-packages/airflow/example_dags/tutorial_taskflow_api.py for tasks to queue
[2026-08-03T20:46:19.949+0000] {logging_mixin.py:188} INFO - [2026-08-03T20:46:19.948+0000] {dagbag.py:545} INFO - Filling up the DagBag from /home/airflow/.local/lib/python3.12/site-packages/airflow/example_dags/tutorial_taskflow_api.py
[2026-08-03T20:46:20.026+0000] {processor.py:840} INFO - DAG(s) 'tutorial_taskflow_api' retrieved from /home/airflow/.local/lib/python3.12/site-packages/airflow/example_dags/tutorial_taskflow_api.py
[2026-08-03T20:46:20.111+0000] {logging_mixin.py:188} INFO - [2026-08-03T20:46:20.111+0000] {dag.py:3089} INFO - Sync 1 DAGs
[2026-08-03T20:46:20.259+0000] {logging_mixin.py:188} INFO - [2026-08-03T20:46:20.258+0000] {dag.py:3947} INFO - Setting next_dagrun for tutorial_taskflow_api to None, run_after=None
[2026-08-03T20:46:20.348+0000] {processor.py:183} INFO - Processing /home/airflow/.local/lib/python3.12/site-packages/airflow/example_dags/tutorial_taskflow_api.py took 0.493 seconds
[2026-08-03T20:46:56.799+0000] {processor.py:161} INFO - Started process (PID=931) to work on /home/airflow/.local/lib/python3.12/site-packages/airflow/example_dags/tutorial_taskflow_api.py
[2026-08-03T20:46:56.803+0000] {processor.py:830} INFO - Processing file /home/airflow/.local/lib/python3.12/site-packages/airflow/example_dags/tutorial_taskflow_api.py for tasks to queue
[2026-08-03T20:46:56.807+0000] {logging_mixin.py:188} INFO - [2026-08-03T20:46:56.806+0000] {dagbag.py:545} INFO - Filling up the DagBag from /home/airflow/.local/lib/python3.12/site-packages/airflow/example_dags/tutorial_taskflow_api.py
[2026-08-03T20:46:56.829+0000] {processor.py:840} INFO - DAG(s) 'tutorial_taskflow_api' retrieved from /home/airflow/.local/lib/python3.12/site-packages/airflow/example_dags/tutorial_taskflow_api.py
[2026-08-03T20:46:56.891+0000] {logging_mixin.py:188} INFO - [2026-08-03T20:46:56.891+0000] {dag.py:3089} INFO - Sync 1 DAGs
[2026-08-03T20:46:56.931+0000] {logging_mixin.py:188} INFO - [2026-08-03T20:46:56.930+0000] {dag.py:3947} INFO - Setting next_dagrun for tutorial_taskflow_api to None, run_after=None
[2026-08-03T20:46:57.000+0000] {processor.py:183} INFO - Processing /home/airflow/.local/lib/python3.12/site-packages/airflow/example_dags/tutorial_taskflow_api.py took 0.223 seconds
[2026-08-03T20:47:36.285+0000] {processor.py:161} INFO - Started process (PID=1006) to work on /home/airflow/.local/lib/python3.12/site-packages/airflow/example_dags/tutorial_taskflow_api.py
[2026-08-03T20:47:36.289+0000] {processor.py:830} INFO - Processing file /home/airflow/.local/lib/python3.12/site-packages/airflow/example_dags/tutorial_taskflow_api.py for tasks to queue
[2026-08-03T20:47:36.293+0000] {logging_mixin.py:188} INFO - [2026-08-03T20:47:36.292+0000] {dagbag.py:545} INFO - Filling up the DagBag from /home/airflow/.local/lib/python3.12/site-packages/airflow/example_dags/tutorial_taskflow_api.py
[2026-08-03T20:47:36.318+0000] {processor.py:840} INFO - DAG(s) 'tutorial_taskflow_api' retrieved from /home/airflow/.local/lib/python3.12/site-packages/airflow/example_dags/tutorial_taskflow_api.py
[2026-08-03T20:47:36.396+0000] {logging_mixin.py:188} INFO - [2026-08-03T20:47:36.395+0000] {dag.py:3089} INFO - Sync 1 DAGs
[2026-08-03T20:47:36.439+0000] {logging_mixin.py:188} INFO - [2026-08-03T20:47:36.438+0000] {dag.py:3947} INFO - Setting next_dagrun for tutorial_taskflow_api to None, run_after=None
[2026-08-03T20:47:36.494+0000] {processor.py:183} INFO - Processing /home/airflow/.local/lib/python3.12/site-packages/airflow/example_dags/tutorial_taskflow_api.py took 0.229 seconds
