[2026-07-23 17:01:19,037] {taskinstance.py:1037} INFO - Dependencies all met for <TaskInstance: refresh_metadata.fetch_teams manual__2026-07-23T16:54:52.246787+00:00 [queued]>
[2026-07-23 17:01:19,050] {taskinstance.py:1037} INFO - Dependencies all met for <TaskInstance: refresh_metadata.fetch_teams manual__2026-07-23T16:54:52.246787+00:00 [queued]>
[2026-07-23 17:01:19,052] {taskinstance.py:1243} INFO - 
--------------------------------------------------------------------------------
[2026-07-23 17:01:19,053] {taskinstance.py:1244} INFO - Starting attempt 1 of 6
[2026-07-23 17:01:19,054] {taskinstance.py:1245} INFO - 
--------------------------------------------------------------------------------
[2026-07-23 17:01:19,068] {taskinstance.py:1264} INFO - Executing <Task(PythonOperator): fetch_teams> on 2026-07-23 16:54:52.246787+00:00
[2026-07-23 17:01:19,078] {standard_task_runner.py:52} INFO - Started process 376 to run task
[2026-07-23 17:01:19,082] {standard_task_runner.py:76} INFO - Running: ['***', 'tasks', 'run', 'refresh_metadata', 'fetch_teams', 'manual__2026-07-23T16:54:52.246787+00:00', '--job-id', '66', '--raw', '--subdir', 'DAGS_FOLDER/dag_refresh_metadata.py', '--cfg-path', '/tmp/tmpwlly3fvq', '--error-file', '/tmp/tmpahguyu7x']
[2026-07-23 17:01:19,083] {standard_task_runner.py:77} INFO - Job 66: Subtask fetch_teams
[2026-07-23 17:01:19,164] {logging_mixin.py:109} INFO - Running <TaskInstance: refresh_metadata.fetch_teams manual__2026-07-23T16:54:52.246787+00:00 [running]> on host 3ef60a4e8228
[2026-07-23 17:01:19,226] {taskinstance.py:1431} INFO - Exporting the following env vars:
AIRFLOW_CTX_DAG_OWNER=***
AIRFLOW_CTX_DAG_ID=refresh_metadata
AIRFLOW_CTX_TASK_ID=fetch_teams
AIRFLOW_CTX_EXECUTION_DATE=2026-07-23T16:54:52.246787+00:00
AIRFLOW_CTX_DAG_RUN_ID=manual__2026-07-23T16:54:52.246787+00:00
[2026-07-23 18:26:00,064] {python.py:175} INFO - Done. Returned value was: None
[2026-07-23 18:26:00,162] {taskinstance.py:1282} INFO - Marking task as SUCCESS. dag_id=refresh_metadata, task_id=fetch_teams, execution_date=20260723T165452, start_date=20260723T170119, end_date=20260723T182600
[2026-07-23 18:26:00,335] {local_task_job.py:154} INFO - Task exited with return code 0
[2026-07-23 18:26:00,457] {local_task_job.py:264} INFO - 0 downstream tasks scheduled from follow-on schedule check
